Wersja programu MSBuild 17.8.3+195e7f5a3 dla .NET
Kompilacja rozpocz─Ö┼éa si─Ö 12.03.2025 20:16:40.
     0>Proces = ÔÇ×C:\Program Files\dotnet\dotnet.exeÔÇŁ
       ┼Ücie┼╝ka do pliku wykonywalnego programu MSBuild = ÔÇ×C:\Program Files\dotnet\sdk\8.0.101\MSBuild.dllÔÇŁ
       Argumenty wiersza polecenia = ÔÇ×C:\Program Files\dotnet\sdk\8.0.101\MSBuild.dll -maxcpucount -verbosity:m -restore -consoleloggerparameters:Summary -verbosity:detailed PhotoStudioManager.API/PhotoStudioManager.API.csproj -distributedlogger:Microsoft.DotNet.Tools.MSBuild.MSBuildLogger,C:\Program Files\dotnet\sdk\8.0.101\dotnet.dll*Microsoft.DotNet.Tools.MSBuild.MSBuildForwardingLogger,C:\Program Files\dotnet\sdk\8.0.101\dotnet.dllÔÇŁ
       Bie┼╝─ůcy katalog = ÔÇ×C:\Users\emili\CascadeProjects\PhotoStudioManagerÔÇŁ
       Wersja programu MSBuild = ÔÇ×17.8.3+195e7f5a3ÔÇŁ
       Za┼éadowano zestaw podczas Evaluation: System.Security.AccessControl, Version=8.0.0.0, Culture=neutral, PublicKeyToken=b03f5f7f11d50a3a (lokalizacja: C:\Program Files\dotnet\shared\Microsoft.NETCore.App\8.0.1\System.Security.AccessControl.dll, MVID: f2686728-fdad-4acb-b7c6-39a0e44cddc0, domena aplikacji: [Default])
       Za┼éadowano zestaw podczas Evaluation: System.ServiceProcess.ServiceController, Version=8.0.0.0, Culture=neutral, PublicKeyToken=b03f5f7f11d50a3a (lokalizacja: C:\Program Files\dotnet\sdk\8.0.101\runtimes\win\lib\net8.0\System.ServiceProcess.ServiceController.dll, MVID: 10c71a74-1332-4d8d-b5aa-87d243b937e1, domena aplikacji: [Default])
       Za┼éadowano zestaw podczas Evaluation: System.Security.Principal.Windows, Version=8.0.0.0, Culture=neutral, PublicKeyToken=b03f5f7f11d50a3a (lokalizacja: C:\Program Files\dotnet\shared\Microsoft.NETCore.App\8.0.1\System.Security.Principal.Windows.dll, MVID: bb10a424-c679-4f53-9556-04a302a4de94, domena aplikacji: [Default])
       Za┼éadowano zestaw podczas Evaluation: System.Security.Claims, Version=8.0.0.0, Culture=neutral, PublicKeyToken=b03f5f7f11d50a3a (lokalizacja: C:\Program Files\dotnet\shared\Microsoft.NETCore.App\8.0.1\System.Security.Claims.dll, MVID: e9ab9854-a998-4505-8197-9dd665f45e2b, domena aplikacji: [Default])
       Za┼éadowano zestaw podczas Evaluation: Microsoft.Build.NuGetSdkResolver, Version=6.8.0.122, Culture=neutral, PublicKeyToken=31bf3856ad364e35 (lokalizacja: C:\Program Files\dotnet\sdk\8.0.101\Microsoft.Build.NuGetSdkResolver.dll, MVID: 033c8653-d818-462e-8924-2460fcd6131e, domena aplikacji: [Default])
       Za┼éadowano zestaw podczas Evaluation: System.IO.FileSystem, Version=8.0.0.0, Culture=neutral, PublicKeyToken=b03f5f7f11d50a3a (lokalizacja: C:\Program Files\dotnet\shared\Microsoft.NETCore.App\8.0.1\System.IO.FileSystem.dll, MVID: 5cd3451c-6ae1-4694-9195-49155b220b66, domena aplikacji: [Default])
       Za┼éadowano zestaw podczas Evaluation: Microsoft.NET.Sdk.WorkloadMSBuildSdkResolver, Version=8.0.101.0, Culture=neutral, PublicKeyToken=31bf3856ad364e35 (lokalizacja: C:\Program Files\dotnet\sdk\8.0.101\Microsoft.NET.Sdk.WorkloadMSBuildSdkResolver.dll, MVID: a492cfda-a65b-4c44-ab8f-0e4839bfb213, domena aplikacji: [Default])
       Trwa rozpoznawanie zestawu SDK ÔÇ×Microsoft.NET.Sdk.WebÔÇŁ...
       Za┼éadowano zestaw podczas Evaluation: System.Reflection.Metadata, Version=8.0.0.0, Culture=neutral, PublicKeyToken=b03f5f7f11d50a3a (lokalizacja: C:\Program Files\dotnet\shared\Microsoft.NETCore.App\8.0.1\System.Reflection.Metadata.dll, MVID: 5990fcd9-172d-4762-a6a8-e247a3fd9de0, domena aplikacji: [Default])
       Za┼éadowano zestaw podczas Evaluation: Microsoft.DotNet.Cli.Utils, Version=8.0.101.0, Culture=neutral, PublicKeyToken=adb9793829ddae60 (lokalizacja: C:\Program Files\dotnet\sdk\8.0.101\Microsoft.DotNet.Cli.Utils.dll, MVID: a6357e35-ec8f-45eb-b994-d460fd9660e5, domena aplikacji: [Default])
       Za┼éadowano zestaw podczas Evaluation: Microsoft.NET.Sdk.WorkloadManifestReader, Version=8.0.101.0, Culture=neutral, PublicKeyToken=adb9793829ddae60 (lokalizacja: C:\Program Files\dotnet\sdk\8.0.101\Microsoft.NET.Sdk.WorkloadManifestReader.dll, MVID: 1878462b-499f-4df7-bd47-0053b4b36ccf, domena aplikacji: [Default])
       Za┼éadowano zestaw podczas Evaluation: Microsoft.Deployment.DotNet.Releases, Version=2.0.0.0, Culture=neutral, PublicKeyToken=31bf3856ad364e35 (lokalizacja: C:\Program Files\dotnet\sdk\8.0.101\Microsoft.Deployment.DotNet.Releases.dll, MVID: eb340e0e-b895-41fa-8fc4-c04faee03b3b, domena aplikacji: [Default])
       Za┼éadowano zestaw podczas Evaluation: NuGet.Common, Version=6.8.0.122, Culture=neutral, PublicKeyToken=31bf3856ad364e35 (lokalizacja: C:\Program Files\dotnet\sdk\8.0.101\NuGet.Common.dll, MVID: c5110664-0ddc-45ed-ba19-e2f65604c60e, domena aplikacji: [Default])
       Za┼éadowano zestaw podczas Evaluation: Microsoft.Build.NuGetSdkResolver.resources, Version=6.0.0.278, Culture=pl, PublicKeyToken=31bf3856ad364e35, processorArchitecture=MSIL (lokalizacja: C:\Program Files\dotnet\sdk\8.0.101\pl\Microsoft.Build.NuGetSdkResolver.resources.dll, MVID: 1d298345-4290-410b-9c22-32250dee76c5, domena aplikacji: [Default])
       Za┼éadowano zestaw podczas Evaluation: NuGet.Frameworks, Version=6.8.0.122, Culture=neutral, PublicKeyToken=31bf3856ad364e35 (lokalizacja: C:\Program Files\dotnet\sdk\8.0.101\NuGet.Frameworks.dll, MVID: 56237616-9f25-4bdd-b980-129850b7129a, domena aplikacji: [Default])
       Trwa rozpoznawanie zestawu SDK ÔÇ×Microsoft.NET.SdkÔÇŁ...
       Ponowne przypisanie w┼éa┼Ťciwo┼Ťci: $(ImportDirectoryBuildProps)=ÔÇ×falseÔÇŁ (poprzednia warto┼Ť─ç: ÔÇ×trueÔÇŁ) w C:\Program Files\dotnet\sdk\8.0.101\Sdks\Microsoft.NET.Sdk\Sdk\Sdk.props (57,5)
       W┼éa┼Ťciwo┼Ť─ç ÔÇ×MSBuildExtensionsPathÔÇŁ o warto┼Ťci ÔÇ×C:\Program Files\dotnet\sdk\8.0.101\ÔÇŁ rozwini─Öto ze ┼Ťrodowiska.
       Ponowne przypisanie w┼éa┼Ťciwo┼Ťci: $(MSBuildProjectExtensionsPath)=ÔÇ×C:\Users\emili\CascadeProjects\PhotoStudioManager\PhotoStudioManager.API\obj\ÔÇŁ (poprzednia warto┼Ť─ç: ÔÇ×obj\ÔÇŁ) w C:\Program Files\dotnet\sdk\8.0.101\Current\Microsoft.Common.props (60,5)
       Za┼éadowano zestaw podczas Evaluation: System.Threading.Tasks.Parallel, Version=8.0.0.0, Culture=neutral, PublicKeyToken=b03f5f7f11d50a3a (lokalizacja: C:\Program Files\dotnet\shared\Microsoft.NETCore.App\8.0.1\System.Threading.Tasks.Parallel.dll, MVID: ad94dab4-dfa6-4bc8-9e36-6b42202130c1, domena aplikacji: [Default])
       W┼éa┼Ťciwo┼Ť─ç ÔÇ×USERPROFILEÔÇŁ o warto┼Ťci ÔÇ×C:\Users\emiliÔÇŁ rozwini─Öto ze ┼Ťrodowiska.
       Ponowne przypisanie w┼éa┼Ťciwo┼Ťci: $(OpenApiGenerateDocumentsOnBuild)=ÔÇ×falseÔÇŁ (poprzednia warto┼Ť─ç: ÔÇ×ÔÇŁ) w C:\Users\emili\.nuget\packages\swashbuckle.aspnetcore\6.5.0\build\Swashbuckle.AspNetCore.props (3,5)
       Ponowne przypisanie w┼éa┼Ťciwo┼Ťci: $(AssemblySearchPaths)=ÔÇ×{CandidateAssemblyFiles};{HintPathFromItem}ÔÇŁ (poprzednia warto┼Ť─ç: ÔÇ×{CandidateAssemblyFiles}ÔÇŁ) w C:\Program Files\dotnet\sdk\8.0.101\Sdks\Microsoft.NET.Sdk\targets\Microsoft.NET.Sdk.props (91,5)
       Ponowne przypisanie w┼éa┼Ťciwo┼Ťci: $(AssemblySearchPaths)=ÔÇ×{CandidateAssemblyFiles};{HintPathFromItem};{TargetFrameworkDirectory}ÔÇŁ (poprzednia warto┼Ť─ç: ÔÇ×{CandidateAssemblyFiles};{HintPathFromItem}ÔÇŁ) w C:\Program Files\dotnet\sdk\8.0.101\Sdks\Microsoft.NET.Sdk\targets\Microsoft.NET.Sdk.props (92,5)
       Ponowne przypisanie w┼éa┼Ťciwo┼Ťci: $(AssemblySearchPaths)=ÔÇ×{CandidateAssemblyFiles};{HintPathFromItem};{TargetFrameworkDirectory};{RawFileName}ÔÇŁ (poprzednia warto┼Ť─ç: ÔÇ×{CandidateAssemblyFiles};{HintPathFromItem};{TargetFrameworkDirectory}ÔÇŁ) w C:\Program Files\dotnet\sdk\8.0.101\Sdks\Microsoft.NET.Sdk\targets\Microsoft.NET.Sdk.props (93,5)
       Trwa rozpoznawanie zestawu SDK ÔÇ×Microsoft.NET.SDK.WorkloadAutoImportPropsLocatorÔÇŁ...
       Ponowne przypisanie w┼éa┼Ťciwo┼Ťci: $(TargetsForTfmSpecificContentInPackage)=ÔÇ×;PackTool;_PackProjectToolValidationÔÇŁ (poprzednia warto┼Ť─ç: ÔÇ×;PackToolÔÇŁ) w C:\Program Files\dotnet\sdk\8.0.101\Sdks\Microsoft.NET.Sdk\targets\Microsoft.NET.PackProjectTool.props (15,5)
       Trwa rozpoznawanie zestawu SDK ÔÇ×Microsoft.NET.Sdk.RazorÔÇŁ...
       Trwa rozpoznawanie zestawu SDK ÔÇ×Microsoft.NET.Sdk.StaticWebAssetsÔÇŁ...
       Ponowne przypisanie w┼éa┼Ťciwo┼Ťci: $(DefaultItemExcludes)=ÔÇ×;**\node_modules\**;node_modules\**;**\jspm_packages\**;jspm_packages\**ÔÇŁ (poprzednia warto┼Ť─ç: ÔÇ×;**\node_modules\**;node_modules\**ÔÇŁ) w C:\Program Files\dotnet\sdk\8.0.101\Sdks\Microsoft.NET.Sdk.StaticWebAssets\Sdk\Sdk.StaticWebAssets.StaticAssets.ProjectSystem.props (23,5)
       Ponowne przypisanie w┼éa┼Ťciwo┼Ťci: $(DefaultItemExcludes)=ÔÇ×;**\node_modules\**;node_modules\**;**\jspm_packages\**;jspm_packages\**;**\bower_components\**;bower_components\**ÔÇŁ (poprzednia warto┼Ť─ç: ÔÇ×;**\node_modules\**;node_modules\**;**\jspm_packages\**;jspm_packages\**ÔÇŁ) w C:\Program Files\dotnet\sdk\8.0.101\Sdks\Microsoft.NET.Sdk.StaticWebAssets\Sdk\Sdk.StaticWebAssets.StaticAssets.ProjectSystem.props (24,5)
       Trwa rozpoznawanie zestawu SDK ÔÇ×Microsoft.NET.Sdk.Web.ProjectSystemÔÇŁ...
       Ponowne przypisanie w┼éa┼Ťciwo┼Ťci: $(OutputType)=ÔÇ×ExeÔÇŁ (poprzednia warto┼Ť─ç: ÔÇ×LibraryÔÇŁ) w C:\Program Files\dotnet\sdk\8.0.101\Sdks\Microsoft.NET.Sdk.Web.ProjectSystem\targets\Microsoft.NET.Sdk.Web.ProjectSystem.props (16,5)
       Trwa rozpoznawanie zestawu SDK ÔÇ×Microsoft.NET.Sdk.PublishÔÇŁ...
       Ponowne przypisanie w┼éa┼Ťciwo┼Ťci: $(PublishProfileImported)=ÔÇ×falseÔÇŁ (poprzednia warto┼Ť─ç: ÔÇ×trueÔÇŁ) w C:\Program Files\dotnet\sdk\8.0.101\Sdks\Microsoft.NET.Sdk\targets\Microsoft.NET.Sdk.ImportPublishProfile.targets (28,5)
       Ponowne przypisanie w┼éa┼Ťciwo┼Ťci: $(TargetPlatformVersion)=ÔÇ×ÔÇŁ (poprzednia warto┼Ť─ç: ÔÇ×0.0ÔÇŁ) w C:\Program Files\dotnet\sdk\8.0.101\Sdks\Microsoft.NET.Sdk\targets\Microsoft.NET.TargetFrameworkInference.targets (69,5)
       Ponowne przypisanie w┼éa┼Ťciwo┼Ťci: $(DefaultItemExcludes)=ÔÇ×;**\node_modules\**;node_modules\**;**\jspm_packages\**;jspm_packages\**;**\bower_components\**;bower_components\**;bin\Debug\/**ÔÇŁ (poprzednia warto┼Ť─ç: ÔÇ×;**\node_modules\**;node_modules\**;**\jspm_packages\**;jspm_packages\**;**\bower_components\**;bower_components\**ÔÇŁ) w C:\Program Files\dotnet\sdk\8.0.101\Sdks\Microsoft.NET.Sdk\targets\Microsoft.NET.DefaultOutputPaths.targets (121,5)
       Ponowne przypisanie w┼éa┼Ťciwo┼Ťci: $(DefaultItemExcludes)=ÔÇ×;**\node_modules\**;node_modules\**;**\jspm_packages\**;jspm_packages\**;**\bower_components\**;bower_components\**;bin\Debug\/**;obj\Debug\/**ÔÇŁ (poprzednia warto┼Ť─ç: ÔÇ×;**\node_modules\**;node_modules\**;**\jspm_packages\**;jspm_packages\**;**\bower_components\**;bower_components\**;bin\Debug\/**ÔÇŁ) w C:\Program Files\dotnet\sdk\8.0.101\Sdks\Microsoft.NET.Sdk\targets\Microsoft.NET.DefaultOutputPaths.targets (122,5)
       Ponowne przypisanie w┼éa┼Ťciwo┼Ťci: $(OutputPath)=ÔÇ×bin\Debug\net8.0\ÔÇŁ (poprzednia warto┼Ť─ç: ÔÇ×bin\Debug\ÔÇŁ) w C:\Program Files\dotnet\sdk\8.0.101\Sdks\Microsoft.NET.Sdk\targets\Microsoft.NET.DefaultOutputPaths.targets (137,5)
       Ponowne przypisanie w┼éa┼Ťciwo┼Ťci: $(IntermediateOutputPath)=ÔÇ×obj\Debug\net8.0\ÔÇŁ (poprzednia warto┼Ť─ç: ÔÇ×obj\Debug\ÔÇŁ) w C:\Program Files\dotnet\sdk\8.0.101\Sdks\Microsoft.NET.Sdk\targets\Microsoft.NET.DefaultOutputPaths.targets (142,5)
       Trwa rozpoznawanie zestawu SDK ÔÇ×Microsoft.NET.SDK.WorkloadManifestTargetsLocatorÔÇŁ...
       Ponowne przypisanie w┼éa┼Ťciwo┼Ťci: $(_FrameworkIdentifierForImplicitDefine)=ÔÇ×NETÔÇŁ (poprzednia warto┼Ť─ç: ÔÇ×NETCOREAPPÔÇŁ) w C:\Program Files\dotnet\sdk\8.0.101\Sdks\Microsoft.NET.Sdk\targets\Microsoft.NET.Sdk.BeforeCommon.targets (187,5)
       Ponowne przypisanie w┼éa┼Ťciwo┼Ťci: $(_FrameworkVersionForImplicitDefine)=ÔÇ×8_0ÔÇŁ (poprzednia warto┼Ť─ç: ÔÇ×8.0ÔÇŁ) w C:\Program Files\dotnet\sdk\8.0.101\Sdks\Microsoft.NET.Sdk\targets\Microsoft.NET.Sdk.BeforeCommon.targets (192,5)
       Ponowne przypisanie w┼éa┼Ťciwo┼Ťci: $(CommandLineArgsForDesignTimeEvaluation)=ÔÇ×-langversion:12.0 -define:TRACEÔÇŁ (poprzednia warto┼Ť─ç: ÔÇ×-langversion:12.0ÔÇŁ) w C:\Program Files\dotnet\sdk\8.0.101\Roslyn\Microsoft.CSharp.Core.targets (197,5)
       Za┼éadowano zestaw podczas Evaluation: Microsoft.Build.Utilities.Core, Version=15.1.0.0, Culture=neutral, PublicKeyToken=b03f5f7f11d50a3a (lokalizacja: C:\Program Files\dotnet\sdk\8.0.101\Microsoft.Build.Utilities.Core.dll, MVID: 9f4b4f90-fbee-45a1-90a0-88bafa9bb32b, domena aplikacji: [Default])
       Ponowne przypisanie w┼éa┼Ťciwo┼Ťci: $(_DebugSymbolsProduced)=ÔÇ×trueÔÇŁ (poprzednia warto┼Ť─ç: ÔÇ×falseÔÇŁ) w C:\Program Files\dotnet\sdk\8.0.101\Microsoft.Common.CurrentVersion.targets (175,5)
       Ponowne przypisanie w┼éa┼Ťciwo┼Ťci: $(_DocumentationFileProduced)=ÔÇ×falseÔÇŁ (poprzednia warto┼Ť─ç: ÔÇ×trueÔÇŁ) w C:\Program Files\dotnet\sdk\8.0.101\Microsoft.Common.CurrentVersion.targets (185,5)
       Ponowne przypisanie w┼éa┼Ťciwo┼Ťci: $(ProcessorArchitecture)=ÔÇ×msilÔÇŁ (poprzednia warto┼Ť─ç: ÔÇ×ÔÇŁ) w C:\Program Files\dotnet\sdk\8.0.101\Microsoft.Common.CurrentVersion.targets (529,5)
       Ponowne przypisanie w┼éa┼Ťciwo┼Ťci: $(DelaySign)=ÔÇ×ÔÇŁ (poprzednia warto┼Ť─ç: ÔÇ×falseÔÇŁ) w C:\Program Files\dotnet\sdk\8.0.101\Microsoft.Common.CurrentVersion.targets (568,5)
       W┼éa┼Ťciwo┼Ť─ç ÔÇ×LOCALAPPDATAÔÇŁ o warto┼Ťci ÔÇ×C:\Users\emili\AppData\LocalÔÇŁ rozwini─Öto ze ┼Ťrodowiska.
       Ponowne przypisanie w┼éa┼Ťciwo┼Ťci: $(_SGenGenerateSerializationAssembliesConfig)=ÔÇ×AutoÔÇŁ (poprzednia warto┼Ť─ç: ÔÇ×ÔÇŁ) w C:\Program Files\dotnet\sdk\8.0.101\Microsoft.Common.CurrentVersion.targets (3824,5)
       Ponowne przypisanie w┼éa┼Ťciwo┼Ťci: $(_SGenGenerateSerializationAssembliesConfig)=ÔÇ×OffÔÇŁ (poprzednia warto┼Ť─ç: ÔÇ×AutoÔÇŁ) w C:\Program Files\dotnet\sdk\8.0.101\Microsoft.Common.CurrentVersion.targets (3825,5)
       Ponowne przypisanie w┼éa┼Ťciwo┼Ťci: $(_TargetsThatPrepareProjectReferences)=ÔÇ×
             AssignProjectConfiguration;
             _SplitProjectReferencesByFileExistence
           ÔÇŁ (poprzednia warto┼Ť─ç: ÔÇ×_SplitProjectReferencesByFileExistenceÔÇŁ) w C:\Program Files\dotnet\sdk\8.0.101\Microsoft.Common.CurrentVersion.targets (4976,5)
       W┼éa┼Ťciwo┼Ť─ç ÔÇ×MSBuildExtensionsPath32ÔÇŁ o warto┼Ťci ÔÇ×C:\Program Files\dotnet\sdk\8.0.101ÔÇŁ rozwini─Öto ze ┼Ťrodowiska.
       Ponowne przypisanie w┼éa┼Ťciwo┼Ťci: $(OpenApiGenerateDocuments)=ÔÇ×trueÔÇŁ (poprzednia warto┼Ť─ç: ÔÇ×ÔÇŁ) w C:\Users\emili\.nuget\packages\microsoft.extensions.apidescription.server\6.0.5\build\Microsoft.Extensions.ApiDescription.Server.targets (9,5)
       Ponowne przypisanie w┼éa┼Ťciwo┼Ťci: $(ProjectAssetsCacheFile)=ÔÇ×C:\Users\emili\CascadeProjects\PhotoStudioManager\PhotoStudioManager.API\obj\Debug\net8.0\PhotoStudioManager.API.assets.cacheÔÇŁ (poprzednia warto┼Ť─ç: ÔÇ×obj\Debug\net8.0\PhotoStudioManager.API.assets.cacheÔÇŁ) w C:\Program Files\dotnet\sdk\8.0.101\Sdks\Microsoft.NET.Sdk\targets\Microsoft.PackageDependencyResolution.targets (29,5)
       Ponowne przypisanie w┼éa┼Ťciwo┼Ťci: $(ResolveAssemblyReferencesDependsOn)=ÔÇ×
             
             ResolveProjectReferences;
             FindInvalidProjectReferences;
             GetFrameworkPaths;
             GetReferenceAssemblyPaths;
             PrepareForBuild;
             ResolveSDKReferences;
             ExpandSDKReferences;
           ;
             ResolvePackageDependenciesForBuild;
             _HandlePackageFileConflicts;
           ÔÇŁ (poprzednia warto┼Ť─ç: ÔÇ×
             ResolveProjectReferences;
             FindInvalidProjectReferences;
             GetFrameworkPaths;
             GetReferenceAssemblyPaths;
             PrepareForBuild;
             ResolveSDKReferences;
             ExpandSDKReferences;
           ÔÇŁ) w C:\Program Files\dotnet\sdk\8.0.101\Sdks\Microsoft.NET.Sdk\targets\Microsoft.PackageDependencyResolution.targets (80,5)
       Ponowne przypisanie w┼éa┼Ťciwo┼Ťci: $(PrepareResourcesDependsOn)=ÔÇ×
             ResolvePackageDependenciesForBuild;
             _HandlePackageFileConflicts;
             
             ;
             PrepareResourceNames;
             ResGen;
             CompileLicxFiles
           
           ÔÇŁ (poprzednia warto┼Ť─ç: ÔÇ×
             ;
             PrepareResourceNames;
             ResGen;
             CompileLicxFiles
           ÔÇŁ) w C:\Program Files\dotnet\sdk\8.0.101\Sdks\Microsoft.NET.Sdk\targets\Microsoft.PackageDependencyResolution.targets (86,5)
       Ponowne przypisanie w┼éa┼Ťciwo┼Ťci: $(DefaultItemExcludes)=ÔÇ×;**\node_modules\**;node_modules\**;**\jspm_packages\**;jspm_packages\**;**\bower_components\**;bower_components\**;bin\Debug\/**;obj\Debug\/**;bin\/**ÔÇŁ (poprzednia warto┼Ť─ç: ÔÇ×;**\node_modules\**;node_modules\**;**\jspm_packages\**;jspm_packages\**;**\bower_components\**;bower_components\**;bin\Debug\/**;obj\Debug\/**ÔÇŁ) w C:\Program Files\dotnet\sdk\8.0.101\Sdks\Microsoft.NET.Sdk\targets\Microsoft.NET.Sdk.DefaultItems.targets (27,5)
       Ponowne przypisanie w┼éa┼Ťciwo┼Ťci: $(DefaultItemExcludes)=ÔÇ×;**\node_modules\**;node_modules\**;**\jspm_packages\**;jspm_packages\**;**\bower_components\**;bower_components\**;bin\Debug\/**;obj\Debug\/**;bin\/**;obj\/**ÔÇŁ (poprzednia warto┼Ť─ç: ÔÇ×;**\node_modules\**;node_modules\**;**\jspm_packages\**;jspm_packages\**;**\bower_components\**;bower_components\**;bin\Debug\/**;obj\Debug\/**;bin\/**ÔÇŁ) w C:\Program Files\dotnet\sdk\8.0.101\Sdks\Microsoft.NET.Sdk\targets\Microsoft.NET.Sdk.DefaultItems.targets (29,5)
       Ponowne przypisanie w┼éa┼Ťciwo┼Ťci: $(DefaultItemExcludes)=ÔÇ×;**\node_modules\**;node_modules\**;**\jspm_packages\**;jspm_packages\**;**\bower_components\**;bower_components\**;bin\Debug\/**;obj\Debug\/**;bin\/**;obj\/**;**/*.userÔÇŁ (poprzednia warto┼Ť─ç: ÔÇ×;**\node_modules\**;node_modules\**;**\jspm_packages\**;jspm_packages\**;**\bower_components\**;bower_components\**;bin\Debug\/**;obj\Debug\/**;bin\/**;obj\/**ÔÇŁ) w C:\Program Files\dotnet\sdk\8.0.101\Sdks\Microsoft.NET.Sdk\targets\Microsoft.NET.Sdk.DefaultItems.targets (32,5)
       Ponowne przypisanie w┼éa┼Ťciwo┼Ťci: $(DefaultItemExcludes)=ÔÇ×;**\node_modules\**;node_modules\**;**\jspm_packages\**;jspm_packages\**;**\bower_components\**;bower_components\**;bin\Debug\/**;obj\Debug\/**;bin\/**;obj\/**;**/*.user;**/*.*projÔÇŁ (poprzednia warto┼Ť─ç: ÔÇ×;**\node_modules\**;node_modules\**;**\jspm_packages\**;jspm_packages\**;**\bower_components\**;bower_components\**;bin\Debug\/**;obj\Debug\/**;bin\/**;obj\/**;**/*.userÔÇŁ) w C:\Program Files\dotnet\sdk\8.0.101\Sdks\Microsoft.NET.Sdk\targets\Microsoft.NET.Sdk.DefaultItems.targets (33,5)
       Ponowne przypisanie w┼éa┼Ťciwo┼Ťci: $(DefaultItemExcludes)=ÔÇ×;**\node_modules\**;node_modules\**;**\jspm_packages\**;jspm_packages\**;**\bower_components\**;bower_components\**;bin\Debug\/**;obj\Debug\/**;bin\/**;obj\/**;**/*.user;**/*.*proj;**/*.slnÔÇŁ (poprzednia warto┼Ť─ç: ÔÇ×;**\node_modules\**;node_modules\**;**\jspm_packages\**;jspm_packages\**;**\bower_components\**;bower_components\**;bin\Debug\/**;obj\Debug\/**;bin\/**;obj\/**;**/*.user;**/*.*projÔÇŁ) w C:\Program Files\dotnet\sdk\8.0.101\Sdks\Microsoft.NET.Sdk\targets\Microsoft.NET.Sdk.DefaultItems.targets (34,5)
       Ponowne przypisanie w┼éa┼Ťciwo┼Ťci: $(DefaultItemExcludes)=ÔÇ×;**\node_modules\**;node_modules\**;**\jspm_packages\**;jspm_packages\**;**\bower_components\**;bower_components\**;bin\Debug\/**;obj\Debug\/**;bin\/**;obj\/**;**/*.user;**/*.*proj;**/*.sln;**/*.vsssccÔÇŁ (poprzednia warto┼Ť─ç: ÔÇ×;**\node_modules\**;node_modules\**;**\jspm_packages\**;jspm_packages\**;**\bower_components\**;bower_components\**;bin\Debug\/**;obj\Debug\/**;bin\/**;obj\/**;**/*.user;**/*.*proj;**/*.slnÔÇŁ) w C:\Program Files\dotnet\sdk\8.0.101\Sdks\Microsoft.NET.Sdk\targets\Microsoft.NET.Sdk.DefaultItems.targets (35,5)
       Ponowne przypisanie w┼éa┼Ťciwo┼Ťci: $(DefaultItemExcludes)=ÔÇ×;**\node_modules\**;node_modules\**;**\jspm_packages\**;jspm_packages\**;**\bower_components\**;bower_components\**;bin\Debug\/**;obj\Debug\/**;bin\/**;obj\/**;**/*.user;**/*.*proj;**/*.sln;**/*.vssscc;**/.DS_StoreÔÇŁ (poprzednia warto┼Ť─ç: ÔÇ×;**\node_modules\**;node_modules\**;**\jspm_packages\**;jspm_packages\**;**\bower_components\**;bower_components\**;bin\Debug\/**;obj\Debug\/**;bin\/**;obj\/**;**/*.user;**/*.*proj;**/*.sln;**/*.vsssccÔÇŁ) w C:\Program Files\dotnet\sdk\8.0.101\Sdks\Microsoft.NET.Sdk\targets\Microsoft.NET.Sdk.DefaultItems.targets (36,5)
       Ponowne przypisanie w┼éa┼Ťciwo┼Ťci: $(ResolveAssemblyReferencesDependsOn)=ÔÇ×
             
             
             ResolveProjectReferences;
             FindInvalidProjectReferences;
             GetFrameworkPaths;
             GetReferenceAssemblyPaths;
             PrepareForBuild;
             ResolveSDKReferences;
             ExpandSDKReferences;
           ;
             ResolvePackageDependenciesForBuild;
             _HandlePackageFileConflicts;
           ;
             ResolveTargetingPackAssets;
           ÔÇŁ (poprzednia warto┼Ť─ç: ÔÇ×
             
             ResolveProjectReferences;
             FindInvalidProjectReferences;
             GetFrameworkPaths;
             GetReferenceAssemblyPaths;
             PrepareForBuild;
             ResolveSDKReferences;
             ExpandSDKReferences;
           ;
             ResolvePackageDependenciesForBuild;
             _HandlePackageFileConflicts;
           ÔÇŁ) w C:\Program Files\dotnet\sdk\8.0.101\Sdks\Microsoft.NET.Sdk\targets\Microsoft.NET.Sdk.FrameworkReferenceResolution.targets (14,5)
       Ponowne przypisanie w┼éa┼Ťciwo┼Ťci: $(_GenerateRuntimeConfigurationPropertyInputsCache)=ÔÇ×C:\Users\emili\CascadeProjects\PhotoStudioManager\PhotoStudioManager.API\obj\Debug\net8.0\PhotoStudioManager.API.genruntimeconfig.cacheÔÇŁ (poprzednia warto┼Ť─ç: ÔÇ×obj\Debug\net8.0\PhotoStudioManager.API.genruntimeconfig.cacheÔÇŁ) w C:\Program Files\dotnet\sdk\8.0.101\Sdks\Microsoft.NET.Sdk\targets\Microsoft.NET.Sdk.targets (44,5)
       Ponowne przypisanie w┼éa┼Ťciwo┼Ťci: $(_GeneratePublishDependencyFilePropertyInputsCache)=ÔÇ×C:\Users\emili\CascadeProjects\PhotoStudioManager\PhotoStudioManager.API\obj\Debug\net8.0\PhotoStudioManager.API.genpublishdeps.cacheÔÇŁ (poprzednia warto┼Ť─ç: ÔÇ×obj\Debug\net8.0\PhotoStudioManager.API.genpublishdeps.cacheÔÇŁ) w C:\Program Files\dotnet\sdk\8.0.101\Sdks\Microsoft.NET.Sdk\targets\Microsoft.NET.Sdk.targets (46,5)
       Ponowne przypisanie w┼éa┼Ťciwo┼Ťci: $(_GenerateSingleFileBundlePropertyInputsCache)=ÔÇ×C:\Users\emili\CascadeProjects\PhotoStudioManager\PhotoStudioManager.API\obj\Debug\net8.0\PhotoStudioManager.API.genbundle.cacheÔÇŁ (poprzednia warto┼Ť─ç: ÔÇ×obj\Debug\net8.0\PhotoStudioManager.API.genbundle.cacheÔÇŁ) w C:\Program Files\dotnet\sdk\8.0.101\Sdks\Microsoft.NET.Sdk\targets\Microsoft.NET.Sdk.targets (48,5)
       Ponowne przypisanie w┼éa┼Ťciwo┼Ťci: $(GenerateRuntimeConfigDevFile)=ÔÇ×falseÔÇŁ (poprzednia warto┼Ť─ç: ÔÇ×trueÔÇŁ) w C:\Program Files\dotnet\sdk\8.0.101\Sdks\Microsoft.NET.Sdk\targets\Microsoft.NET.Sdk.targets (81,5)
       Ponowne przypisanie w┼éa┼Ťciwo┼Ťci: $(_DefaultUserProfileRuntimeStorePath)=ÔÇ×C:\Users\emiliÔÇŁ (poprzednia warto┼Ť─ç: ÔÇ×ÔÇŁ) w C:\Program Files\dotnet\sdk\8.0.101\Sdks\Microsoft.NET.Sdk\targets\Microsoft.NET.Sdk.targets (97,5)
       Ponowne przypisanie w┼éa┼Ťciwo┼Ťci: $(_DefaultUserProfileRuntimeStorePath)=ÔÇ×C:\Users\emili\.dotnet\storeÔÇŁ (poprzednia warto┼Ť─ç: ÔÇ×C:\Users\emiliÔÇŁ) w C:\Program Files\dotnet\sdk\8.0.101\Sdks\Microsoft.NET.Sdk\targets\Microsoft.NET.Sdk.targets (98,5)
       Ponowne przypisanie w┼éa┼Ťciwo┼Ťci: $(AvailablePlatforms)=ÔÇ×Any CPU,x86,x64,ARM32ÔÇŁ (poprzednia warto┼Ť─ç: ÔÇ×Any CPU,x86,x64ÔÇŁ) w C:\Program Files\dotnet\sdk\8.0.101\Sdks\Microsoft.NET.Sdk\targets\Microsoft.NET.Sdk.targets (136,5)
       Ponowne przypisanie w┼éa┼Ťciwo┼Ťci: $(AvailablePlatforms)=ÔÇ×Any CPU,x86,x64,ARM32,ARM64ÔÇŁ (poprzednia warto┼Ť─ç: ÔÇ×Any CPU,x86,x64,ARM32ÔÇŁ) w C:\Program Files\dotnet\sdk\8.0.101\Sdks\Microsoft.NET.Sdk\targets\Microsoft.NET.Sdk.targets (140,5)
       Ponowne przypisanie w┼éa┼Ťciwo┼Ťci: $(CoreBuildDependsOn)=ÔÇ×
             _CheckForBuildWithNoBuild;
             
             BuildOnlySettings;
             PrepareForBuild;
             PreBuildEvent;
             ResolveReferences;
             PrepareResources;
             ResolveKeySource;
             Compile;
             ExportWindowsMDFile;
             UnmanagedUnregistration;
             GenerateSerializationAssemblies;
             CreateSatelliteAssemblies;
             GenerateManifests;
             GetTargetPath;
             PrepareForRun;
             UnmanagedRegistration;
             IncrementalClean;
             PostBuildEvent
           ;
             GenerateBuildDependencyFile;
             GenerateBuildRuntimeConfigurationFiles
           ÔÇŁ (poprzednia warto┼Ť─ç: ÔÇ×
             BuildOnlySettings;
             PrepareForBuild;
             PreBuildEvent;
             ResolveReferences;
             PrepareResources;
             ResolveKeySource;
             Compile;
             ExportWindowsMDFile;
             UnmanagedUnregistration;
             GenerateSerializationAssemblies;
             CreateSatelliteAssemblies;
             GenerateManifests;
             GetTargetPath;
             PrepareForRun;
             UnmanagedRegistration;
             IncrementalClean;
             PostBuildEvent
           ÔÇŁ) w C:\Program Files\dotnet\sdk\8.0.101\Sdks\Microsoft.NET.Sdk\targets\Microsoft.NET.Sdk.targets (197,5)
       Ponowne przypisanie w┼éa┼Ťciwo┼Ťci: $(CoreCleanDependsOn)=ÔÇ×
             _SdkBeforeClean;
             
           ÔÇŁ (poprzednia warto┼Ť─ç: ÔÇ×ÔÇŁ) w C:\Program Files\dotnet\sdk\8.0.101\Sdks\Microsoft.NET.Sdk\targets\Microsoft.NET.Sdk.targets (206,5)
       Ponowne przypisanie w┼éa┼Ťciwo┼Ťci: $(RebuildDependsOn)=ÔÇ×
             _SdkBeforeRebuild;
             
             BeforeRebuild;
             Clean;
             Build;
             AfterRebuild;
           
           ÔÇŁ (poprzednia warto┼Ť─ç: ÔÇ×
             BeforeRebuild;
             Clean;
             Build;
             AfterRebuild;
           ÔÇŁ) w C:\Program Files\dotnet\sdk\8.0.101\Sdks\Microsoft.NET.Sdk\targets\Microsoft.NET.Sdk.targets (213,5)
       Ponowne przypisanie w┼éa┼Ťciwo┼Ťci: $(CompileDependsOn)=ÔÇ×
             
             ResolveReferences;
             ResolveKeySource;
             SetWin32ManifestProperties;
             FindReferenceAssembliesForReferences;
             _GenerateCompileInputs;
             BeforeCompile;
             _TimeStampBeforeCompile;
             _GenerateCompileDependencyCache;
             CoreCompile;
             _TimeStampAfterCompile;
             AfterCompile;
           ;
             _CreateAppHost;
             _CreateComHost;
             _GetIjwHostPaths;
           ÔÇŁ (poprzednia warto┼Ť─ç: ÔÇ×
             ResolveReferences;
             ResolveKeySource;
             SetWin32ManifestProperties;
             FindReferenceAssembliesForReferences;
             _GenerateCompileInputs;
             BeforeCompile;
             _TimeStampBeforeCompile;
             _GenerateCompileDependencyCache;
             CoreCompile;
             _TimeStampAfterCompile;
             AfterCompile;
           ÔÇŁ) w C:\Program Files\dotnet\sdk\8.0.101\Sdks\Microsoft.NET.Sdk\targets\Microsoft.NET.Sdk.targets (679,5)
       Ponowne przypisanie w┼éa┼Ťciwo┼Ťci: $(CreateSatelliteAssembliesDependsOn)=ÔÇ×
             
             _GenerateSatelliteAssemblyInputs;
             ComputeIntermediateSatelliteAssemblies;
             GenerateSatelliteAssemblies
           ;
             CoreGenerateSatelliteAssemblies
           ÔÇŁ (poprzednia warto┼Ť─ç: ÔÇ×
             _GenerateSatelliteAssemblyInputs;
             ComputeIntermediateSatelliteAssemblies;
             GenerateSatelliteAssemblies
           ÔÇŁ) w C:\Program Files\dotnet\sdk\8.0.101\Sdks\Microsoft.NET.Sdk\targets\Microsoft.NET.Sdk.targets (1065,5)
       Ponowne przypisanie w┼éa┼Ťciwo┼Ťci: $(SourceLinkUrlInitializerTargets)=ÔÇ×;_InitializeGitHubSourceLinkUrl;_InitializeGitLabSourceLinkUrlÔÇŁ (poprzednia warto┼Ť─ç: ÔÇ×;_InitializeGitHubSourceLinkUrlÔÇŁ) w C:\Program Files\dotnet\sdk\8.0.101\Sdks\Microsoft.SourceLink.GitLab\build\Microsoft.SourceLink.GitLab.targets (12,5)
       Ponowne przypisanie w┼éa┼Ťciwo┼Ťci: $(SourceControlManagerUrlTranslationTargets)=ÔÇ×;TranslateGitHubUrlsInSourceControlInformation;TranslateGitLabUrlsInSourceControlInformationÔÇŁ (poprzednia warto┼Ť─ç: ÔÇ×;TranslateGitHubUrlsInSourceControlInformationÔÇŁ) w C:\Program Files\dotnet\sdk\8.0.101\Sdks\Microsoft.SourceLink.GitLab\build\Microsoft.SourceLink.GitLab.targets (13,5)
       Ponowne przypisanie w┼éa┼Ťciwo┼Ťci: $(SourceLinkUrlInitializerTargets)=ÔÇ×;_InitializeGitHubSourceLinkUrl;_InitializeGitLabSourceLinkUrl;_InitializeAzureReposGitSourceLinkUrlÔÇŁ (poprzednia warto┼Ť─ç: ÔÇ×;_InitializeGitHubSourceLinkUrl;_InitializeGitLabSourceLinkUrlÔÇŁ) w C:\Program Files\dotnet\sdk\8.0.101\Sdks\Microsoft.SourceLink.AzureRepos.Git\build\Microsoft.SourceLink.AzureRepos.Git.targets (12,5)
       Ponowne przypisanie w┼éa┼Ťciwo┼Ťci: $(SourceControlManagerUrlTranslationTargets)=ÔÇ×;TranslateGitHubUrlsInSourceControlInformation;TranslateGitLabUrlsInSourceControlInformation;TranslateAzureReposGitUrlsInSourceControlInformationÔÇŁ (poprzednia warto┼Ť─ç: ÔÇ×;TranslateGitHubUrlsInSourceControlInformation;TranslateGitLabUrlsInSourceControlInformationÔÇŁ) w C:\Program Files\dotnet\sdk\8.0.101\Sdks\Microsoft.SourceLink.AzureRepos.Git\build\Microsoft.SourceLink.AzureRepos.Git.targets (13,5)
       Ponowne przypisanie w┼éa┼Ťciwo┼Ťci: $(SourceLinkUrlInitializerTargets)=ÔÇ×;_InitializeGitHubSourceLinkUrl;_InitializeGitLabSourceLinkUrl;_InitializeAzureReposGitSourceLinkUrl;_InitializeBitbucketGitSourceLinkUrlÔÇŁ (poprzednia warto┼Ť─ç: ÔÇ×;_InitializeGitHubSourceLinkUrl;_InitializeGitLabSourceLinkUrl;_InitializeAzureReposGitSourceLinkUrlÔÇŁ) w C:\Program Files\dotnet\sdk\8.0.101\Sdks\Microsoft.SourceLink.Bitbucket.Git\build\Microsoft.SourceLink.Bitbucket.Git.targets (12,5)
       Ponowne przypisanie w┼éa┼Ťciwo┼Ťci: $(SourceControlManagerUrlTranslationTargets)=ÔÇ×;TranslateGitHubUrlsInSourceControlInformation;TranslateGitLabUrlsInSourceControlInformation;TranslateAzureReposGitUrlsInSourceControlInformation;TranslateBitbucketGitUrlsInSourceControlInformationÔÇŁ (poprzednia warto┼Ť─ç: ÔÇ×;TranslateGitHubUrlsInSourceControlInformation;TranslateGitLabUrlsInSourceControlInformation;TranslateAzureReposGitUrlsInSourceControlInformationÔÇŁ) w C:\Program Files\dotnet\sdk\8.0.101\Sdks\Microsoft.SourceLink.Bitbucket.Git\build\Microsoft.SourceLink.Bitbucket.Git.targets (13,5)
       Ponowne przypisanie w┼éa┼Ťciwo┼Ťci: $(DesignerRuntimeImplementationProjectOutputGroupDependsOn)=ÔÇ×
             
             ;
             
             ;
             BuildOnlySettings;
             PrepareForBuild;
             AssignTargetPaths;
             ResolveReferences
           
           ;
             _GenerateDesignerDepsFile;
             _GenerateDesignerRuntimeConfigFile;
             GetCopyToOutputDirectoryItems;
             _GatherDesignerShadowCopyFiles;
           ÔÇŁ (poprzednia warto┼Ť─ç: ÔÇ×
             ;
             
             ;
             BuildOnlySettings;
             PrepareForBuild;
             AssignTargetPaths;
             ResolveReferences
           
           ÔÇŁ) w C:\Program Files\dotnet\sdk\8.0.101\Sdks\Microsoft.NET.Sdk\targets\Microsoft.NET.DesignerSupport.targets (21,5)
       Ponowne przypisanie w┼éa┼Ťciwo┼Ťci: $(_GenerateToolsSettingsFileCacheFile)=ÔÇ×C:\Users\emili\CascadeProjects\PhotoStudioManager\PhotoStudioManager.API\obj\Debug\net8.0\PhotoStudioManager.API.toolssettingsinput.cacheÔÇŁ (poprzednia warto┼Ť─ç: ÔÇ×obj\Debug\net8.0\PhotoStudioManager.API.toolssettingsinput.cacheÔÇŁ) w C:\Program Files\dotnet\sdk\8.0.101\Sdks\Microsoft.NET.Sdk\targets\Microsoft.NET.PackTool.targets (68,5)
       Ponowne przypisanie w┼éa┼Ťciwo┼Ťci: $(_ShimInputCacheFile)=ÔÇ×C:\Users\emili\CascadeProjects\PhotoStudioManager\PhotoStudioManager.API\obj\Debug\net8.0\PhotoStudioManager.API.shiminput.cacheÔÇŁ (poprzednia warto┼Ť─ç: ÔÇ×obj\Debug\net8.0\PhotoStudioManager.API.shiminput.cacheÔÇŁ) w C:\Program Files\dotnet\sdk\8.0.101\Sdks\Microsoft.NET.Sdk\targets\Microsoft.NET.PackTool.targets (137,5)
       Ponowne przypisanie w┼éa┼Ťciwo┼Ťci: $(_ShimCreatedSentinelFile)=ÔÇ×C:\Users\emili\CascadeProjects\PhotoStudioManager\PhotoStudioManager.API\obj\Debug\net8.0\PhotoStudioManager.API.shimcreated.sentinelÔÇŁ (poprzednia warto┼Ť─ç: ÔÇ×obj\Debug\net8.0\PhotoStudioManager.API.shimcreated.sentinelÔÇŁ) w C:\Program Files\dotnet\sdk\8.0.101\Sdks\Microsoft.NET.Sdk\targets\Microsoft.NET.PackTool.targets (139,5)
       Ponowne przypisanie w┼éa┼Ťciwo┼Ťci: $(DefineConstants)=ÔÇ×TRACE;DEBUGÔÇŁ (poprzednia warto┼Ť─ç: ÔÇ×TRACEÔÇŁ) w C:\Program Files\dotnet\sdk\8.0.101\Sdks\Microsoft.NET.Sdk\targets\Microsoft.NET.Sdk.CSharp.targets (31,5)
       Ponowne przypisanie w┼éa┼Ťciwo┼Ťci: $(DefineConstants)=ÔÇ×TRACE;DEBUG;NET;NET8_0;NETCOREAPPÔÇŁ (poprzednia warto┼Ť─ç: ÔÇ×TRACE;DEBUGÔÇŁ) w C:\Program Files\dotnet\sdk\8.0.101\Sdks\Microsoft.NET.Sdk\targets\Microsoft.NET.Sdk.CSharp.targets (34,5)
       Ponowne przypisanie w┼éa┼Ťciwo┼Ťci: $(WarningsAsErrors)=ÔÇ×;NU1605;SYSLIB0011ÔÇŁ (poprzednia warto┼Ť─ç: ÔÇ×;NU1605ÔÇŁ) w C:\Program Files\dotnet\sdk\8.0.101\Sdks\Microsoft.NET.Sdk\targets\Microsoft.NET.Sdk.CSharp.targets (48,5)
       Ponowne przypisanie w┼éa┼Ťciwo┼Ťci: $(PackageDescription)=ÔÇ×Package DescriptionÔÇŁ (poprzednia warto┼Ť─ç: ÔÇ×ÔÇŁ) w C:\Program Files\dotnet\sdk\8.0.101\Sdks\NuGet.Build.Tasks.Pack\build\NuGet.Build.Tasks.Pack.targets (34,5)
       Ponowne przypisanie w┼éa┼Ťciwo┼Ťci: $(GenerateNuspecDependsOn)=ÔÇ×Build;_LoadPackInputItems; _GetTargetFrameworksOutput; _WalkEachTargetPerFramework; _GetPackageFiles; ÔÇŁ (poprzednia warto┼Ť─ç: ÔÇ×_LoadPackInputItems; _GetTargetFrameworksOutput; _WalkEachTargetPerFramework; _GetPackageFiles; ÔÇŁ) w C:\Program Files\dotnet\sdk\8.0.101\Sdks\NuGet.Build.Tasks.Pack\build\NuGet.Build.Tasks.Pack.targets (59,5)
       W┼éa┼Ťciwo┼Ť─ç ÔÇ×DOTNET_HOST_PATHÔÇŁ o warto┼Ťci ÔÇ×C:\Program Files\dotnet\dotnet.exeÔÇŁ rozwini─Öto ze ┼Ťrodowiska.
       Ponowne przypisanie w┼éa┼Ťciwo┼Ťci: $(PrepareForRunDependsOn)=ÔÇ×StaticWebAssetsPrepareForRun;
             CopyFilesToOutputDirectory
           ÔÇŁ (poprzednia warto┼Ť─ç: ÔÇ×
             CopyFilesToOutputDirectory
           ÔÇŁ) w C:\Program Files\dotnet\sdk\8.0.101\Sdks\Microsoft.NET.Sdk.StaticWebAssets\targets\Microsoft.NET.Sdk.StaticWebAssets.targets (255,5)
       Ponowne przypisanie w┼éa┼Ťciwo┼Ťci: $(GetCopyToOutputDirectoryItemsDependsOn)=ÔÇ×
             AssignTargetPaths;
             
             AssignProjectConfiguration;
             _SplitProjectReferencesByFileExistence
           ;
             _GetProjectReferenceTargetFrameworkProperties;
             _PopulateCommonStateForGetCopyToOutputDirectoryItems
           ;AddStaticWebAssetsManifestÔÇŁ (poprzednia warto┼Ť─ç: ÔÇ×
             AssignTargetPaths;
             
             AssignProjectConfiguration;
             _SplitProjectReferencesByFileExistence
           ;
             _GetProjectReferenceTargetFrameworkProperties;
             _PopulateCommonStateForGetCopyToOutputDirectoryItems
           ÔÇŁ) w C:\Program Files\dotnet\sdk\8.0.101\Sdks\Microsoft.NET.Sdk.StaticWebAssets\targets\Microsoft.NET.Sdk.StaticWebAssets.targets (266,5)
       Ponowne przypisanie w┼éa┼Ťciwo┼Ťci: $(GenerateNuspecDependsOn)=ÔÇ×
             IncludeStaticWebAssetsPackItems;
             Build;_LoadPackInputItems; _GetTargetFrameworksOutput; _WalkEachTargetPerFramework; _GetPackageFiles; ;
           ÔÇŁ (poprzednia warto┼Ť─ç: ÔÇ×Build;_LoadPackInputItems; _GetTargetFrameworksOutput; _WalkEachTargetPerFramework; _GetPackageFiles; ÔÇŁ) w C:\Program Files\dotnet\sdk\8.0.101\Sdks\Microsoft.NET.Sdk.StaticWebAssets\targets\Microsoft.NET.Sdk.StaticWebAssets.Pack.targets (41,5)
       Ponowne przypisanie w┼éa┼Ťciwo┼Ťci: $(IncludeStaticWebAssetsPackItemsDependsOn)=ÔÇ×
             Build;
             ResolveStaticWebAssetsConfiguration;LoadStaticWebAssetsBuildManifest
           ;
           ÔÇŁ (poprzednia warto┼Ť─ç: ÔÇ×
             ResolveStaticWebAssetsConfiguration;LoadStaticWebAssetsBuildManifest
           ÔÇŁ) w C:\Program Files\dotnet\sdk\8.0.101\Sdks\Microsoft.NET.Sdk.StaticWebAssets\targets\Microsoft.NET.Sdk.StaticWebAssets.Pack.targets (50,5)
       Ponowne przypisanie w┼éa┼Ťciwo┼Ťci: $(ResolveStaticWebAssetsInputsDependsOn)=ÔÇ×
           UpdateExistingPackageStaticWebAssets;ResolveProjectStaticWebAssets;ResolveEmbeddedProjectsStaticWebAssets;ResolveReferencedProjectsStaticWebAssets;;
           UpdateLegacyPackageScopedCssBundles;
           _AddScopedCssBundles;
         ÔÇŁ (poprzednia warto┼Ť─ç: ÔÇ×UpdateExistingPackageStaticWebAssets;ResolveProjectStaticWebAssets;ResolveEmbeddedProjectsStaticWebAssets;ResolveReferencedProjectsStaticWebAssets;ÔÇŁ) w C:\Program Files\dotnet\sdk\8.0.101\Sdks\Microsoft.NET.Sdk.StaticWebAssets\targets\Microsoft.NET.Sdk.StaticWebAssets.ScopedCss.targets (55,3)
       Ponowne przypisanie w┼éa┼Ťciwo┼Ťci: $(GenerateComputedBuildStaticWebAssetsDependsOn)=ÔÇ×
           ;
           _ResolveBundlingConfiguration;
           _GenerateScopedCssFiles;
           BundleScopedCssFiles;
         ÔÇŁ (poprzednia warto┼Ť─ç: ÔÇ×ÔÇŁ) w C:\Program Files\dotnet\sdk\8.0.101\Sdks\Microsoft.NET.Sdk.StaticWebAssets\targets\Microsoft.NET.Sdk.StaticWebAssets.ScopedCss.targets (61,3)
       Ponowne przypisanie w┼éa┼Ťciwo┼Ťci: $(ResolveStaticWebAssetsInputsDependsOn)=ÔÇ×
             
           UpdateExistingPackageStaticWebAssets;ResolveProjectStaticWebAssets;ResolveEmbeddedProjectsStaticWebAssets;ResolveReferencedProjectsStaticWebAssets;;
           UpdateLegacyPackageScopedCssBundles;
           _AddScopedCssBundles;
         ;
             _AddJsModulesToStaticWebAssets;
           ÔÇŁ (poprzednia warto┼Ť─ç: ÔÇ×
           UpdateExistingPackageStaticWebAssets;ResolveProjectStaticWebAssets;ResolveEmbeddedProjectsStaticWebAssets;ResolveReferencedProjectsStaticWebAssets;;
           UpdateLegacyPackageScopedCssBundles;
           _AddScopedCssBundles;
         ÔÇŁ) w C:\Program Files\dotnet\sdk\8.0.101\Sdks\Microsoft.NET.Sdk.StaticWebAssets\targets\Microsoft.NET.Sdk.StaticWebAssets.JSModules.targets (36,5)
       Ponowne przypisanie w┼éa┼Ťciwo┼Ťci: $(StaticWebAssetsPrepareForRunDependsOn)=ÔÇ×
             ;GenerateStaticWebAssetsManifest;GenerateComputedBuildStaticWebAssets;CopyStaticWebAssetsToOutputDirectory;
             _GenerateBuildJsModuleManifest;
           ÔÇŁ (poprzednia warto┼Ť─ç: ÔÇ×;GenerateStaticWebAssetsManifest;GenerateComputedBuildStaticWebAssets;CopyStaticWebAssetsToOutputDirectoryÔÇŁ) w C:\Program Files\dotnet\sdk\8.0.101\Sdks\Microsoft.NET.Sdk.StaticWebAssets\targets\Microsoft.NET.Sdk.StaticWebAssets.JSModules.targets (44,5)
       Ponowne przypisanie w┼éa┼Ťciwo┼Ťci: $(StaticWebAssetsPrepareForPublishDependsOn)=ÔÇ×
             ;ResolveStaticWebAssetsConfiguration;GenerateStaticWebAssetsPublishManifest;GenerateComputedPublishStaticWebAssets;
             _GeneratePublishJsModuleManifest;
           ÔÇŁ (poprzednia warto┼Ť─ç: ÔÇ×;ResolveStaticWebAssetsConfiguration;GenerateStaticWebAssetsPublishManifest;GenerateComputedPublishStaticWebAssetsÔÇŁ) w C:\Program Files\dotnet\sdk\8.0.101\Sdks\Microsoft.NET.Sdk.StaticWebAssets\targets\Microsoft.NET.Sdk.StaticWebAssets.JSModules.targets (49,5)
       Ponowne przypisanie w┼éa┼Ťciwo┼Ťci: $(ResolveStaticWebAssetsInputsDependsOn)=ÔÇ×
             
             
           UpdateExistingPackageStaticWebAssets;ResolveProjectStaticWebAssets;ResolveEmbeddedProjectsStaticWebAssets;ResolveReferencedProjectsStaticWebAssets;;
           UpdateLegacyPackageScopedCssBundles;
           _AddScopedCssBundles;
         ;
             _AddJsModulesToStaticWebAssets;
           ;
             _AddBuildJsModuleManifest;
           ÔÇŁ (poprzednia warto┼Ť─ç: ÔÇ×
             
           UpdateExistingPackageStaticWebAssets;ResolveProjectStaticWebAssets;ResolveEmbeddedProjectsStaticWebAssets;ResolveReferencedProjectsStaticWebAssets;;
           UpdateLegacyPackageScopedCssBundles;
           _AddScopedCssBundles;
         ;
             _AddJsModulesToStaticWebAssets;
           ÔÇŁ) w C:\Program Files\dotnet\sdk\8.0.101\Sdks\Microsoft.NET.Sdk.StaticWebAssets\targets\Microsoft.NET.Sdk.StaticWebAssets.JSModules.targets (54,5)
       Ponowne przypisanie w┼éa┼Ťciwo┼Ťci: $(ResolvePublishStaticWebAssetsDependsOn)=ÔÇ×
             LoadStaticWebAssetsBuildManifest;ComputeReferencedProjectsEmbeddedPublishAssets;ComputeReferencedProjectsPublishAssets;;
             _AddPublishJsModuleManifest
           ÔÇŁ (poprzednia warto┼Ť─ç: ÔÇ×LoadStaticWebAssetsBuildManifest;ComputeReferencedProjectsEmbeddedPublishAssets;ComputeReferencedProjectsPublishAssets;ÔÇŁ) w C:\Program Files\dotnet\sdk\8.0.101\Sdks\Microsoft.NET.Sdk.StaticWebAssets\targets\Microsoft.NET.Sdk.StaticWebAssets.JSModules.targets (59,5)
       Ponowne przypisanie w┼éa┼Ťciwo┼Ťci: $(GenerateComputedBuildStaticWebAssetsDependsOn)=ÔÇ×
             
           ;
           _ResolveBundlingConfiguration;
           _GenerateScopedCssFiles;
           BundleScopedCssFiles;
         ;
             _CompressFiles;
           ÔÇŁ (poprzednia warto┼Ť─ç: ÔÇ×
           ;
           _ResolveBundlingConfiguration;
           _GenerateScopedCssFiles;
           BundleScopedCssFiles;
         ÔÇŁ) w C:\Program Files\dotnet\sdk\8.0.101\Sdks\Microsoft.NET.Sdk.StaticWebAssets\targets\Microsoft.NET.Sdk.StaticWebAssets.Compression.targets (35,5)
       Ponowne przypisanie w┼éa┼Ťciwo┼Ťci: $(GenerateComputedPublishStaticWebAssetsDependsOn)=ÔÇ×
             ;
             _CompressFilesForPublish;
           ÔÇŁ (poprzednia warto┼Ť─ç: ÔÇ×ÔÇŁ) w C:\Program Files\dotnet\sdk\8.0.101\Sdks\Microsoft.NET.Sdk.StaticWebAssets\targets\Microsoft.NET.Sdk.StaticWebAssets.Compression.targets (39,5)
       Ponowne przypisanie w┼éa┼Ťciwo┼Ťci: $(StaticWebAssetsPrepareForPublishDependsOn)=ÔÇ×
             
             ;ResolveStaticWebAssetsConfiguration;GenerateStaticWebAssetsPublishManifest;GenerateComputedPublishStaticWebAssets;
             _GeneratePublishJsModuleManifest;
           ;
             _CompressFilesForPublish;
           ÔÇŁ (poprzednia warto┼Ť─ç: ÔÇ×
             ;ResolveStaticWebAssetsConfiguration;GenerateStaticWebAssetsPublishManifest;GenerateComputedPublishStaticWebAssets;
             _GeneratePublishJsModuleManifest;
           ÔÇŁ) w C:\Program Files\dotnet\sdk\8.0.101\Sdks\Microsoft.NET.Sdk.StaticWebAssets\targets\Microsoft.NET.Sdk.StaticWebAssets.Compression.targets (43,5)
       Ponowne przypisanie w┼éa┼Ťciwo┼Ťci: $(ResolveStaticWebAssetsInputsDependsOn)=ÔÇ×
             
             
             
           UpdateExistingPackageStaticWebAssets;ResolveProjectStaticWebAssets;ResolveEmbeddedProjectsStaticWebAssets;ResolveReferencedProjectsStaticWebAssets;;
           UpdateLegacyPackageScopedCssBundles;
           _AddScopedCssBundles;
         ;
             _AddJsModulesToStaticWebAssets;
           ;
             _AddBuildJsModuleManifest;
           ;
             _ResolveCompressedFiles;
           ÔÇŁ (poprzednia warto┼Ť─ç: ÔÇ×
             
             
           UpdateExistingPackageStaticWebAssets;ResolveProjectStaticWebAssets;ResolveEmbeddedProjectsStaticWebAssets;ResolveReferencedProjectsStaticWebAssets;;
           UpdateLegacyPackageScopedCssBundles;
           _AddScopedCssBundles;
         ;
             _AddJsModulesToStaticWebAssets;
           ;
             _AddBuildJsModuleManifest;
           ÔÇŁ) w C:\Program Files\dotnet\sdk\8.0.101\Sdks\Microsoft.NET.Sdk.StaticWebAssets\targets\Microsoft.NET.Sdk.StaticWebAssets.Compression.targets (47,5)
       Ponowne przypisanie w┼éa┼Ťciwo┼Ťci: $(ResolvePublishStaticWebAssetsDependsOn)=ÔÇ×
             
             LoadStaticWebAssetsBuildManifest;ComputeReferencedProjectsEmbeddedPublishAssets;ComputeReferencedProjectsPublishAssets;;
             _AddPublishJsModuleManifest
           ;
             _ResolveCompressedFilesForPublish;
           ÔÇŁ (poprzednia warto┼Ť─ç: ÔÇ×
             LoadStaticWebAssetsBuildManifest;ComputeReferencedProjectsEmbeddedPublishAssets;ComputeReferencedProjectsPublishAssets;;
             _AddPublishJsModuleManifest
           ÔÇŁ) w C:\Program Files\dotnet\sdk\8.0.101\Sdks\Microsoft.NET.Sdk.StaticWebAssets\targets\Microsoft.NET.Sdk.StaticWebAssets.Compression.targets (51,5)
       Ponowne przypisanie w┼éa┼Ťciwo┼Ťci: $(ResolveScopedCssOutputsDependsOn)=ÔÇ×
             
           ;
         ;
             ResolveCssScopes;
           ÔÇŁ (poprzednia warto┼Ť─ç: ÔÇ×
           ;
         ÔÇŁ) w C:\Program Files\dotnet\sdk\8.0.101\Sdks\Microsoft.NET.Sdk.Razor\targets\Sdk.Razor.CurrentVersion.targets (188,5)
       Ponowne przypisanie w┼éa┼Ťciwo┼Ťci: $(DebugSymbolsProjectOutputGroupDependsOn)=ÔÇ×
             ;
             _RazorAddDebugSymbolsProjectOutputGroupOutput
           ÔÇŁ (poprzednia warto┼Ť─ç: ÔÇ×ÔÇŁ) w C:\Program Files\dotnet\sdk\8.0.101\Sdks\Microsoft.NET.Sdk.Razor\targets\Sdk.Razor.CurrentVersion.targets (193,5)
       Ponowne przypisanie w┼éa┼Ťciwo┼Ťci: $(PrepareForBuildDependsOn)=ÔÇ×
             ;GetFrameworkPaths;GetReferenceAssemblyPaths;AssignLinkMetadata;
             ResolveRazorGenerateInputs
           ÔÇŁ (poprzednia warto┼Ť─ç: ÔÇ×;GetFrameworkPaths;GetReferenceAssemblyPaths;AssignLinkMetadataÔÇŁ) w C:\Program Files\dotnet\sdk\8.0.101\Sdks\Microsoft.NET.Sdk.Razor\targets\Sdk.Razor.CurrentVersion.targets (198,5)
       Ponowne przypisanie w┼éa┼Ťciwo┼Ťci: $(GenerateNuspecDependsOn)=ÔÇ×
             ResolveRazorGenerateInputs;
             
             IncludeStaticWebAssetsPackItems;
             Build;_LoadPackInputItems; _GetTargetFrameworksOutput; _WalkEachTargetPerFramework; _GetPackageFiles; ;
           
           ÔÇŁ (poprzednia warto┼Ť─ç: ÔÇ×
             IncludeStaticWebAssetsPackItems;
             Build;_LoadPackInputItems; _GetTargetFrameworksOutput; _WalkEachTargetPerFramework; _GetPackageFiles; ;
           ÔÇŁ) w C:\Program Files\dotnet\sdk\8.0.101\Sdks\Microsoft.NET.Sdk.Razor\targets\Sdk.Razor.CurrentVersion.targets (203,5)
       Ponowne przypisanie w┼éa┼Ťciwo┼Ťci: $(PrepareForRunDependsOn)=ÔÇ×
             _RazorPrepareForRun;
             StaticWebAssetsPrepareForRun;
             CopyFilesToOutputDirectory
           
           ÔÇŁ (poprzednia warto┼Ť─ç: ÔÇ×StaticWebAssetsPrepareForRun;
             CopyFilesToOutputDirectory
           ÔÇŁ) w C:\Program Files\dotnet\sdk\8.0.101\Sdks\Microsoft.NET.Sdk.Razor\targets\Sdk.Razor.CurrentVersion.targets (208,5)
       Ponowne przypisanie w┼éa┼Ťciwo┼Ťci: $(UseRazorBuildServer)=ÔÇ×trueÔÇŁ (poprzednia warto┼Ť─ç: ÔÇ×ÔÇŁ) w C:\Program Files\dotnet\sdk\8.0.101\Sdks\Microsoft.NET.Sdk.Razor\targets\Sdk.Razor.CurrentVersion.targets (299,5)
       Ponowne przypisanie w┼éa┼Ťciwo┼Ťci: $(_RazorDebugSymbolsProduced)=ÔÇ×trueÔÇŁ (poprzednia warto┼Ť─ç: ÔÇ×falseÔÇŁ) w C:\Program Files\dotnet\sdk\8.0.101\Sdks\Microsoft.NET.Sdk.Razor\targets\Sdk.Razor.CurrentVersion.targets (305,5)
       Ponowne przypisanie w┼éa┼Ťciwo┼Ťci: $(GenerateRazorTargetAssemblyInfoDependsOn)=ÔÇ×
             _ResolveMvcAssemblyAttributes;
             
             GetRazorTargetAssemblyAttributes;
             _CreateRazorTargetAssemblyInfoInputsCacheFile;
             CoreGenerateRazorTargetAssemblyInfo
           
           ÔÇŁ (poprzednia warto┼Ť─ç: ÔÇ×
             GetRazorTargetAssemblyAttributes;
             _CreateRazorTargetAssemblyInfoInputsCacheFile;
             CoreGenerateRazorTargetAssemblyInfo
           ÔÇŁ) w C:\Program Files\dotnet\sdk\8.0.101\Sdks\Microsoft.NET.Sdk.Razor\targets\Microsoft.NET.Sdk.Razor.GenerateAssemblyInfo.targets (36,5)
       Ponowne przypisanie w┼éa┼Ťciwo┼Ťci: $(CoreCompileDependsOn)=ÔÇ×
             ;_ComputeNonExistentFileProperty;ResolveCodeAnalysisRuleSet;
             _GenerateRazorAssemblyInfo
           ÔÇŁ (poprzednia warto┼Ť─ç: ÔÇ×;_ComputeNonExistentFileProperty;ResolveCodeAnalysisRuleSetÔÇŁ) w C:\Program Files\dotnet\sdk\8.0.101\Sdks\Microsoft.NET.Sdk.Razor\targets\Microsoft.NET.Sdk.Razor.GenerateAssemblyInfo.targets (181,5)
       Ponowne przypisanie w┼éa┼Ťciwo┼Ťci: $(_GenerateRazorAssemblyInfoDependsOn)=ÔÇ×
             _ResolveMvcAssemblyAttributes;
             RazorGetAssemblyAttributes;PrepareForBuild;_CoreGenerateRazorAssemblyInfo;
           ÔÇŁ (poprzednia warto┼Ť─ç: ÔÇ×RazorGetAssemblyAttributes;PrepareForBuild;_CoreGenerateRazorAssemblyInfoÔÇŁ) w C:\Program Files\dotnet\sdk\8.0.101\Sdks\Microsoft.NET.Sdk.Razor\targets\Microsoft.NET.Sdk.Razor.GenerateAssemblyInfo.targets (189,5)
       Ponowne przypisanie w┼éa┼Ťciwo┼Ťci: $(CoreCompileDependsOn)=ÔÇ×
             _DiscoverMvcApplicationParts;
             
             ;_ComputeNonExistentFileProperty;ResolveCodeAnalysisRuleSet;
             _GenerateRazorAssemblyInfo
           ;
           ÔÇŁ (poprzednia warto┼Ť─ç: ÔÇ×
             ;_ComputeNonExistentFileProperty;ResolveCodeAnalysisRuleSet;
             _GenerateRazorAssemblyInfo
           ÔÇŁ) w C:\Program Files\dotnet\sdk\8.0.101\Sdks\Microsoft.NET.Sdk.Razor\targets\Microsoft.NET.Sdk.Razor.MvcApplicationPartsDiscovery.targets (22,5)
       Ponowne przypisanie w┼éa┼Ťciwo┼Ťci: $(RazorDesignTimeTargets)=ÔÇ×C:\Program Files\dotnet\sdk\8.0.101\Sdks\Microsoft.NET.Sdk.Razor\targets\Microsoft.NET.Sdk.Razor.DesignTime.targetsÔÇŁ (poprzednia warto┼Ť─ç: ÔÇ×C:\Program Files\dotnet\sdk\8.0.101\\Microsoft\VisualStudio\Razor\Microsoft.NET.Sdk.Razor.DesignTime.targetsÔÇŁ) w C:\Program Files\dotnet\sdk\8.0.101\Sdks\Microsoft.NET.Sdk.Razor\targets\Sdk.Razor.CurrentVersion.targets (779,5)
       Ponowne przypisanie w┼éa┼Ťciwo┼Ťci: $(RunWorkingDirectory)=ÔÇ×C:\Users\emili\CascadeProjects\PhotoStudioManager\PhotoStudioManager.APIÔÇŁ (poprzednia warto┼Ť─ç: ÔÇ×ÔÇŁ) w C:\Program Files\dotnet\sdk\8.0.101\Sdks\Microsoft.NET.Sdk.Web.ProjectSystem\targets\Microsoft.NET.Sdk.Web.ProjectSystem.targets (21,5)
       Ponowne przypisanie w┼éa┼Ťciwo┼Ťci: $(PublishProfileImported)=ÔÇ×trueÔÇŁ (poprzednia warto┼Ť─ç: ÔÇ×falseÔÇŁ) w C:\Program Files\dotnet\sdk\8.0.101\Sdks\Microsoft.NET.Sdk.Publish\targets\Microsoft.NET.Sdk.Publish.targets (61,5)
       Ponowne przypisanie w┼éa┼Ťciwo┼Ťci: $(PublishConfiguration)=ÔÇ×DebugÔÇŁ (poprzednia warto┼Ť─ç: ÔÇ×ÔÇŁ) w C:\Program Files\dotnet\sdk\8.0.101\Sdks\Microsoft.NET.Sdk.Publish\targets\Microsoft.NET.Sdk.Publish.targets (82,5)
       Ponowne przypisanie w┼éa┼Ťciwo┼Ťci: $(BaseIntermediateOutputPath)=ÔÇ×C:\Users\emili\CascadeProjects\PhotoStudioManager\PhotoStudioManager.API\obj\ÔÇŁ (poprzednia warto┼Ť─ç: ÔÇ×obj\ÔÇŁ) w C:\Program Files\dotnet\sdk\8.0.101\Sdks\Microsoft.NET.Sdk.Publish\targets\Microsoft.NET.Sdk.Publish.targets (88,5)
       Ponowne przypisanie w┼éa┼Ťciwo┼Ťci: $(_IsSDKContainerAllowedVersion)=ÔÇ×trueÔÇŁ (poprzednia warto┼Ť─ç: ÔÇ×falseÔÇŁ) w C:\Program Files\dotnet\sdk\8.0.101\Containers\build\Microsoft.NET.Build.Containers.targets (5,5)
       Ponowne przypisanie w┼éa┼Ťciwo┼Ťci: $(_ContainerIsTargetingNet8TFM)=ÔÇ×trueÔÇŁ (poprzednia warto┼Ť─ç: ÔÇ×falseÔÇŁ) w C:\Program Files\dotnet\sdk\8.0.101\Containers\build\Microsoft.NET.Build.Containers.targets (15,5)
       Za┼éadowano zestaw podczas Evaluation: System.Reflection.Emit.Lightweight, Version=8.0.0.0, Culture=neutral, PublicKeyToken=b03f5f7f11d50a3a (lokalizacja: C:\Program Files\dotnet\shared\Microsoft.NETCore.App\8.0.1\System.Reflection.Emit.Lightweight.dll, MVID: c45a57a2-32d7-4a75-a1ab-f5cf2fb1cd79, domena aplikacji: [Default])
       Za┼éadowano zestaw podczas Evaluation: System.Reflection.Emit.ILGeneration, Version=8.0.0.0, Culture=neutral, PublicKeyToken=b03f5f7f11d50a3a (lokalizacja: C:\Program Files\dotnet\shared\Microsoft.NETCore.App\8.0.1\System.Reflection.Emit.ILGeneration.dll, MVID: ccac494e-5494-4c42-b0a6-ade55b503250, domena aplikacji: [Default])
       Za┼éadowano zestaw podczas Evaluation: System.Reflection.Primitives, Version=8.0.0.0, Culture=neutral, PublicKeyToken=b03f5f7f11d50a3a (lokalizacja: C:\Program Files\dotnet\shared\Microsoft.NETCore.App\8.0.1\System.Reflection.Primitives.dll, MVID: 92ec1ebd-dcc2-4a18-902f-eef235fb4a6f, domena aplikacji: [Default])
       Zast─Öpowanie elementu docelowego ÔÇ×ResolveFrameworkReferencesÔÇŁ w projekcie ÔÇ×C:\Program Files\dotnet\sdk\8.0.101\Microsoft.Common.CurrentVersion.targetsÔÇŁ elementem docelowym ÔÇ×ResolveFrameworkReferencesÔÇŁ z projektu ÔÇ×C:\Program Files\dotnet\sdk\8.0.101\Sdks\Microsoft.NET.Sdk\targets\Microsoft.NET.Sdk.FrameworkReferenceResolution.targetsÔÇŁ.
       Zast─Öpowanie elementu docelowego ÔÇ×RunÔÇŁ w projekcie ÔÇ×C:\Program Files\dotnet\sdk\8.0.101\Microsoft.Common.CurrentVersion.targetsÔÇŁ elementem docelowym ÔÇ×RunÔÇŁ z projektu ÔÇ×C:\Program Files\dotnet\sdk\8.0.101\Sdks\Microsoft.NET.Sdk\targets\Microsoft.NET.Sdk.targetsÔÇŁ.
       Zast─Öpowanie elementu docelowego ÔÇ×GenerateSupportedTargetFrameworkAliasÔÇŁ w projekcie ÔÇ×C:\Program Files\dotnet\sdk\8.0.101\Microsoft.Common.CurrentVersion.targetsÔÇŁ elementem docelowym ÔÇ×GenerateSupportedTargetFrameworkAliasÔÇŁ z projektu ÔÇ×C:\Program Files\dotnet\sdk\8.0.101\Sdks\Microsoft.NET.Sdk\targets\Microsoft.NET.Sdk.targetsÔÇŁ.
       Zast─Öpowanie elementu docelowego ÔÇ×GetReferenceAssemblyPathsÔÇŁ w projekcie ÔÇ×C:\Program Files\dotnet\sdk\8.0.101\Microsoft.Common.CurrentVersion.targetsÔÇŁ elementem docelowym ÔÇ×GetReferenceAssemblyPathsÔÇŁ z projektu ÔÇ×C:\Program Files\dotnet\sdk\8.0.101\Sdks\Microsoft.NET.Sdk\targets\Microsoft.NET.DisableStandardFrameworkResolution.targetsÔÇŁ.
       Zast─Öpowanie elementu docelowego ÔÇ×GetFrameworkPathsÔÇŁ w projekcie ÔÇ×C:\Program Files\dotnet\sdk\8.0.101\Microsoft.Common.CurrentVersion.targetsÔÇŁ elementem docelowym ÔÇ×GetFrameworkPathsÔÇŁ z projektu ÔÇ×C:\Program Files\dotnet\sdk\8.0.101\Sdks\Microsoft.NET.Sdk\targets\Microsoft.NET.DisableStandardFrameworkResolution.targetsÔÇŁ.
       Zast─Öpowanie elementu docelowego ÔÇ×DesignerRuntimeImplementationProjectOutputGroupÔÇŁ w projekcie ÔÇ×C:\Program Files\dotnet\sdk\8.0.101\Microsoft.Common.CurrentVersion.targetsÔÇŁ elementem docelowym ÔÇ×DesignerRuntimeImplementationProjectOutputGroupÔÇŁ z projektu ÔÇ×C:\Program Files\dotnet\sdk\8.0.101\Sdks\Microsoft.NET.Sdk\targets\Microsoft.NET.DesignerSupport.targetsÔÇŁ.
       Zast─Öpowanie elementu docelowego ÔÇ×PublishÔÇŁ w projekcie ÔÇ×C:\Program Files\dotnet\sdk\8.0.101\Microsoft.Common.CurrentVersion.targetsÔÇŁ elementem docelowym ÔÇ×PublishÔÇŁ z projektu ÔÇ×C:\Program Files\dotnet\sdk\8.0.101\Sdks\Microsoft.NET.Sdk\targets\Microsoft.NET.Publish.targetsÔÇŁ.
       Zast─Öpowanie elementu docelowego ÔÇ×ResolveReadyToRunCompilersÔÇŁ w projekcie ÔÇ×C:\Program Files\dotnet\sdk\8.0.101\Sdks\Microsoft.NET.Sdk\targets\Microsoft.NET.CrossGen.targetsÔÇŁ elementem docelowym ÔÇ×ResolveReadyToRunCompilersÔÇŁ z projektu ÔÇ×C:\Program Files\dotnet\sdk\8.0.101\Sdks\Microsoft.NET.Sdk\targets\Microsoft.NET.Publish.targetsÔÇŁ.
       Zast─Öpowanie elementu docelowego ÔÇ×GetCopyToPublishDirectoryItemsÔÇŁ w projekcie ÔÇ×C:\Program Files\dotnet\sdk\8.0.101\Microsoft.Common.CurrentVersion.targetsÔÇŁ elementem docelowym ÔÇ×GetCopyToPublishDirectoryItemsÔÇŁ z projektu ÔÇ×C:\Program Files\dotnet\sdk\8.0.101\Sdks\Microsoft.NET.Sdk\targets\Microsoft.NET.Publish.targetsÔÇŁ.
       Zast─Öpowanie elementu docelowego ÔÇ×BeforePublishÔÇŁ w projekcie ÔÇ×C:\Program Files\dotnet\sdk\8.0.101\Microsoft.Common.CurrentVersion.targetsÔÇŁ elementem docelowym ÔÇ×BeforePublishÔÇŁ z projektu ÔÇ×C:\Program Files\dotnet\sdk\8.0.101\Sdks\Microsoft.NET.Sdk.Publish\targets\Microsoft.NET.Sdk.Publish.targetsÔÇŁ.
       Zast─Öpowanie elementu docelowego ÔÇ×AfterPublishÔÇŁ w projekcie ÔÇ×C:\Program Files\dotnet\sdk\8.0.101\Microsoft.Common.CurrentVersion.targetsÔÇŁ elementem docelowym ÔÇ×AfterPublishÔÇŁ z projektu ÔÇ×C:\Program Files\dotnet\sdk\8.0.101\Sdks\Microsoft.NET.Sdk.Publish\targets\Microsoft.NET.Sdk.Publish.targetsÔÇŁ.
       Element docelowy ÔÇ×ResolveNuGetPackageAssetsÔÇŁ wymieniony w atrybucie AfterTargets na pozycji ÔÇ×C:\Users\emili\.nuget\packages\system.text.json\8.0.0\buildTransitive\net6.0\System.Text.Json.targets (11,11)ÔÇŁ nie istnieje w projekcie, dlatego b─Ödzie ignorowany.
       Element docelowy ÔÇ×ResolveNuGetPackageAssetsÔÇŁ wymieniony w atrybucie AfterTargets na pozycji ÔÇ×C:\Users\emili\.nuget\packages\system.text.json\8.0.0\buildTransitive\net6.0\System.Text.Json.targets (23,11)ÔÇŁ nie istnieje w projekcie, dlatego b─Ödzie ignorowany.
       Element docelowy ÔÇ×ResolveNuGetPackageAssetsÔÇŁ wymieniony w atrybucie AfterTargets na pozycji ÔÇ×C:\Users\emili\.nuget\packages\microsoft.extensions.options\8.0.1\buildTransitive\net6.0\Microsoft.Extensions.Options.targets (11,11)ÔÇŁ nie istnieje w projekcie, dlatego b─Ödzie ignorowany.
       Element docelowy ÔÇ×ResolveNuGetPackageAssetsÔÇŁ wymieniony w atrybucie AfterTargets na pozycji ÔÇ×C:\Users\emili\.nuget\packages\microsoft.extensions.options\8.0.1\buildTransitive\net6.0\Microsoft.Extensions.Options.targets (23,11)ÔÇŁ nie istnieje w projekcie, dlatego b─Ödzie ignorowany.
       Element docelowy ÔÇ×ResolveNuGetPackageAssetsÔÇŁ wymieniony w atrybucie AfterTargets na pozycji ÔÇ×C:\Users\emili\.nuget\packages\microsoft.extensions.logging.abstractions\8.0.0\buildTransitive\net6.0\Microsoft.Extensions.Logging.Abstractions.targets (11,11)ÔÇŁ nie istnieje w projekcie, dlatego b─Ödzie ignorowany.
       Element docelowy ÔÇ×ResolveNuGetPackageAssetsÔÇŁ wymieniony w atrybucie AfterTargets na pozycji ÔÇ×C:\Users\emili\.nuget\packages\microsoft.extensions.logging.abstractions\8.0.0\buildTransitive\net6.0\Microsoft.Extensions.Logging.Abstractions.targets (23,11)ÔÇŁ nie istnieje w projekcie, dlatego b─Ödzie ignorowany.
       Element docelowy ÔÇ×CollectUpToDateCheckInputDesignTimeÔÇŁ wymieniony w atrybucie BeforeTargets na pozycji ÔÇ×C:\Program Files\dotnet\sdk\8.0.101\Sdks\Microsoft.NET.Sdk.StaticWebAssets\targets\Microsoft.NET.Sdk.StaticWebAssets.ScopedCss.targets (156,5)ÔÇŁ nie istnieje w projekcie, dlatego b─Ödzie ignorowany.
       Element docelowy ÔÇ×CollectUpToDateCheckBuiltDesignTimeÔÇŁ wymieniony w atrybucie BeforeTargets na pozycji ÔÇ×C:\Program Files\dotnet\sdk\8.0.101\Sdks\Microsoft.NET.Sdk.StaticWebAssets\targets\Microsoft.NET.Sdk.StaticWebAssets.ScopedCss.targets (156,5)ÔÇŁ nie istnieje w projekcie, dlatego b─Ödzie ignorowany.
       Element docelowy ÔÇ×RazorGenerateComponentDeclarationÔÇŁ wymieniony w atrybucie AfterTargets na pozycji ÔÇ×C:\Program Files\dotnet\sdk\8.0.101\Sdks\Microsoft.NET.Sdk.Razor\targets\Microsoft.NET.Sdk.Razor.DesignTime.targets (55,53)ÔÇŁ nie istnieje w projekcie, dlatego b─Ödzie ignorowany.
     1>Projekt ÔÇ×C:\Users\emili\CascadeProjects\PhotoStudioManager\PhotoStudioManager.API\PhotoStudioManager.API.csprojÔÇŁ w w─Ö┼║le 1 (elementy docelowe: Restore).
     1>Element docelowy ÔÇ×_LoadRestoreGraphEntryPointsÔÇŁ w pliku ÔÇ×C:\Program Files\dotnet\sdk\8.0.101\NuGet.targetsÔÇŁ z projektu ÔÇ×C:\Users\emili\CascadeProjects\PhotoStudioManager\PhotoStudioManager.API\PhotoStudioManager.API.csprojÔÇŁ (zale┼╝y od niego element docelowy ÔÇ×_FilterRestoreGraphProjectInputItemsÔÇŁ):
     1>Pomini─Öto zadanie ÔÇ×GetRestoreSolutionProjectsTaskÔÇŁ z powodu fa┼észywego warunku; ( $(MSBuildProjectFullPath.EndsWith('.metaproj')) == 'true' AND @(RestoreGraphProjectInputItems) == '' ) oszacowano jako ( False == 'true' AND C:\Users\emili\CascadeProjects\PhotoStudioManager\PhotoStudioManager.API\PhotoStudioManager.API.csproj == '' ).
     1>Wykonano kompilowanie elementu docelowego ÔÇ×_LoadRestoreGraphEntryPointsÔÇŁ w projekcie ÔÇ×PhotoStudioManager.API.csprojÔÇŁ.
     1>Element docelowy ÔÇ×_FilterRestoreGraphProjectInputItemsÔÇŁ w pliku ÔÇ×C:\Program Files\dotnet\sdk\8.0.101\NuGet.targetsÔÇŁ z projektu ÔÇ×C:\Users\emili\CascadeProjects\PhotoStudioManager\PhotoStudioManager.API\PhotoStudioManager.API.csprojÔÇŁ (zale┼╝y od niego element docelowy ÔÇ×_GenerateRestoreGraphÔÇŁ):
       U┼╝ywanie zadania ÔÇ×RemoveDuplicatesÔÇŁ z zestawu ÔÇ×Microsoft.Build.Tasks.Core, Version=15.1.0.0, Culture=neutral, PublicKeyToken=b03f5f7f11d50a3aÔÇŁ.
       Zadanie ÔÇ×RemoveDuplicatesÔÇŁ
       Wykonywanie zadania ÔÇ×RemoveDuplicatesÔÇŁ zako┼äczone.
       U┼╝ywanie zadania ÔÇ×MSBuildÔÇŁ z zestawu ÔÇ×Microsoft.Build.Tasks.Core, Version=15.1.0.0, Culture=neutral, PublicKeyToken=b03f5f7f11d50a3aÔÇŁ.
       Zadanie ÔÇ×MSBuildÔÇŁ
         W┼éa┼Ťciwo┼Ťci globalne:
           ExcludeRestorePackageImports=true
     0>Ponowne przypisanie w┼éa┼Ťciwo┼Ťci: $(ImportDirectoryBuildProps)=ÔÇ×falseÔÇŁ (poprzednia warto┼Ť─ç: ÔÇ×trueÔÇŁ) w C:\Program Files\dotnet\sdk\8.0.101\Sdks\Microsoft.NET.Sdk\Sdk\Sdk.props (57,5)
       W┼éa┼Ťciwo┼Ť─ç ÔÇ×MSBuildExtensionsPathÔÇŁ o warto┼Ťci ÔÇ×C:\Program Files\dotnet\sdk\8.0.101\ÔÇŁ rozwini─Öto ze ┼Ťrodowiska.
       Ponowne przypisanie w┼éa┼Ťciwo┼Ťci: $(MSBuildProjectExtensionsPath)=ÔÇ×C:\Users\emili\CascadeProjects\PhotoStudioManager\PhotoStudioManager.API\obj\ÔÇŁ (poprzednia warto┼Ť─ç: ÔÇ×obj\ÔÇŁ) w C:\Program Files\dotnet\sdk\8.0.101\Current\Microsoft.Common.props (60,5)
       Ponowne przypisanie w┼éa┼Ťciwo┼Ťci: $(AssemblySearchPaths)=ÔÇ×{CandidateAssemblyFiles};{HintPathFromItem}ÔÇŁ (poprzednia warto┼Ť─ç: ÔÇ×{CandidateAssemblyFiles}ÔÇŁ) w C:\Program Files\dotnet\sdk\8.0.101\Sdks\Microsoft.NET.Sdk\targets\Microsoft.NET.Sdk.props (91,5)
       Ponowne przypisanie w┼éa┼Ťciwo┼Ťci: $(AssemblySearchPaths)=ÔÇ×{CandidateAssemblyFiles};{HintPathFromItem};{TargetFrameworkDirectory}ÔÇŁ (poprzednia warto┼Ť─ç: ÔÇ×{CandidateAssemblyFiles};{HintPathFromItem}ÔÇŁ) w C:\Program Files\dotnet\sdk\8.0.101\Sdks\Microsoft.NET.Sdk\targets\Microsoft.NET.Sdk.props (92,5)
       Ponowne przypisanie w┼éa┼Ťciwo┼Ťci: $(AssemblySearchPaths)=ÔÇ×{CandidateAssemblyFiles};{HintPathFromItem};{TargetFrameworkDirectory};{RawFileName}ÔÇŁ (poprzednia warto┼Ť─ç: ÔÇ×{CandidateAssemblyFiles};{HintPathFromItem};{TargetFrameworkDirectory}ÔÇŁ) w C:\Program Files\dotnet\sdk\8.0.101\Sdks\Microsoft.NET.Sdk\targets\Microsoft.NET.Sdk.props (93,5)
       Ponowne przypisanie w┼éa┼Ťciwo┼Ťci: $(TargetsForTfmSpecificContentInPackage)=ÔÇ×;PackTool;_PackProjectToolValidationÔÇŁ (poprzednia warto┼Ť─ç: ÔÇ×;PackToolÔÇŁ) w C:\Program Files\dotnet\sdk\8.0.101\Sdks\Microsoft.NET.Sdk\targets\Microsoft.NET.PackProjectTool.props (15,5)
       Ponowne przypisanie w┼éa┼Ťciwo┼Ťci: $(DefaultItemExcludes)=ÔÇ×;**\node_modules\**;node_modules\**;**\jspm_packages\**;jspm_packages\**ÔÇŁ (poprzednia warto┼Ť─ç: ÔÇ×;**\node_modules\**;node_modules\**ÔÇŁ) w C:\Program Files\dotnet\sdk\8.0.101\Sdks\Microsoft.NET.Sdk.StaticWebAssets\Sdk\Sdk.StaticWebAssets.StaticAssets.ProjectSystem.props (23,5)
       Ponowne przypisanie w┼éa┼Ťciwo┼Ťci: $(DefaultItemExcludes)=ÔÇ×;**\node_modules\**;node_modules\**;**\jspm_packages\**;jspm_packages\**;**\bower_components\**;bower_components\**ÔÇŁ (poprzednia warto┼Ť─ç: ÔÇ×;**\node_modules\**;node_modules\**;**\jspm_packages\**;jspm_packages\**ÔÇŁ) w C:\Program Files\dotnet\sdk\8.0.101\Sdks\Microsoft.NET.Sdk.StaticWebAssets\Sdk\Sdk.StaticWebAssets.StaticAssets.ProjectSystem.props (24,5)
       Ponowne przypisanie w┼éa┼Ťciwo┼Ťci: $(OutputType)=ÔÇ×ExeÔÇŁ (poprzednia warto┼Ť─ç: ÔÇ×LibraryÔÇŁ) w C:\Program Files\dotnet\sdk\8.0.101\Sdks\Microsoft.NET.Sdk.Web.ProjectSystem\targets\Microsoft.NET.Sdk.Web.ProjectSystem.props (16,5)
       Ponowne przypisanie w┼éa┼Ťciwo┼Ťci: $(PublishProfileImported)=ÔÇ×falseÔÇŁ (poprzednia warto┼Ť─ç: ÔÇ×trueÔÇŁ) w C:\Program Files\dotnet\sdk\8.0.101\Sdks\Microsoft.NET.Sdk\targets\Microsoft.NET.Sdk.ImportPublishProfile.targets (28,5)
       Ponowne przypisanie w┼éa┼Ťciwo┼Ťci: $(TargetPlatformVersion)=ÔÇ×ÔÇŁ (poprzednia warto┼Ť─ç: ÔÇ×0.0ÔÇŁ) w C:\Program Files\dotnet\sdk\8.0.101\Sdks\Microsoft.NET.Sdk\targets\Microsoft.NET.TargetFrameworkInference.targets (69,5)
       Ponowne przypisanie w┼éa┼Ťciwo┼Ťci: $(DefaultItemExcludes)=ÔÇ×;**\node_modules\**;node_modules\**;**\jspm_packages\**;jspm_packages\**;**\bower_components\**;bower_components\**;bin\Debug\/**ÔÇŁ (poprzednia warto┼Ť─ç: ÔÇ×;**\node_modules\**;node_modules\**;**\jspm_packages\**;jspm_packages\**;**\bower_components\**;bower_components\**ÔÇŁ) w C:\Program Files\dotnet\sdk\8.0.101\Sdks\Microsoft.NET.Sdk\targets\Microsoft.NET.DefaultOutputPaths.targets (121,5)
       Ponowne przypisanie w┼éa┼Ťciwo┼Ťci: $(DefaultItemExcludes)=ÔÇ×;**\node_modules\**;node_modules\**;**\jspm_packages\**;jspm_packages\**;**\bower_components\**;bower_components\**;bin\Debug\/**;obj\Debug\/**ÔÇŁ (poprzednia warto┼Ť─ç: ÔÇ×;**\node_modules\**;node_modules\**;**\jspm_packages\**;jspm_packages\**;**\bower_components\**;bower_components\**;bin\Debug\/**ÔÇŁ) w C:\Program Files\dotnet\sdk\8.0.101\Sdks\Microsoft.NET.Sdk\targets\Microsoft.NET.DefaultOutputPaths.targets (122,5)
       Ponowne przypisanie w┼éa┼Ťciwo┼Ťci: $(OutputPath)=ÔÇ×bin\Debug\net8.0\ÔÇŁ (poprzednia warto┼Ť─ç: ÔÇ×bin\Debug\ÔÇŁ) w C:\Program Files\dotnet\sdk\8.0.101\Sdks\Microsoft.NET.Sdk\targets\Microsoft.NET.DefaultOutputPaths.targets (137,5)
       Ponowne przypisanie w┼éa┼Ťciwo┼Ťci: $(IntermediateOutputPath)=ÔÇ×obj\Debug\net8.0\ÔÇŁ (poprzednia warto┼Ť─ç: ÔÇ×obj\Debug\ÔÇŁ) w C:\Program Files\dotnet\sdk\8.0.101\Sdks\Microsoft.NET.Sdk\targets\Microsoft.NET.DefaultOutputPaths.targets (142,5)
       Ponowne przypisanie w┼éa┼Ťciwo┼Ťci: $(_FrameworkIdentifierForImplicitDefine)=ÔÇ×NETÔÇŁ (poprzednia warto┼Ť─ç: ÔÇ×NETCOREAPPÔÇŁ) w C:\Program Files\dotnet\sdk\8.0.101\Sdks\Microsoft.NET.Sdk\targets\Microsoft.NET.Sdk.BeforeCommon.targets (187,5)
       Ponowne przypisanie w┼éa┼Ťciwo┼Ťci: $(_FrameworkVersionForImplicitDefine)=ÔÇ×8_0ÔÇŁ (poprzednia warto┼Ť─ç: ÔÇ×8.0ÔÇŁ) w C:\Program Files\dotnet\sdk\8.0.101\Sdks\Microsoft.NET.Sdk\targets\Microsoft.NET.Sdk.BeforeCommon.targets (192,5)
       Ponowne przypisanie w┼éa┼Ťciwo┼Ťci: $(CommandLineArgsForDesignTimeEvaluation)=ÔÇ×-langversion:12.0 -define:TRACEÔÇŁ (poprzednia warto┼Ť─ç: ÔÇ×-langversion:12.0ÔÇŁ) w C:\Program Files\dotnet\sdk\8.0.101\Roslyn\Microsoft.CSharp.Core.targets (197,5)
       Ponowne przypisanie w┼éa┼Ťciwo┼Ťci: $(_DebugSymbolsProduced)=ÔÇ×trueÔÇŁ (poprzednia warto┼Ť─ç: ÔÇ×falseÔÇŁ) w C:\Program Files\dotnet\sdk\8.0.101\Microsoft.Common.CurrentVersion.targets (175,5)
       Ponowne przypisanie w┼éa┼Ťciwo┼Ťci: $(_DocumentationFileProduced)=ÔÇ×falseÔÇŁ (poprzednia warto┼Ť─ç: ÔÇ×trueÔÇŁ) w C:\Program Files\dotnet\sdk\8.0.101\Microsoft.Common.CurrentVersion.targets (185,5)
       Ponowne przypisanie w┼éa┼Ťciwo┼Ťci: $(ProcessorArchitecture)=ÔÇ×msilÔÇŁ (poprzednia warto┼Ť─ç: ÔÇ×ÔÇŁ) w C:\Program Files\dotnet\sdk\8.0.101\Microsoft.Common.CurrentVersion.targets (529,5)
       Ponowne przypisanie w┼éa┼Ťciwo┼Ťci: $(DelaySign)=ÔÇ×ÔÇŁ (poprzednia warto┼Ť─ç: ÔÇ×falseÔÇŁ) w C:\Program Files\dotnet\sdk\8.0.101\Microsoft.Common.CurrentVersion.targets (568,5)
       W┼éa┼Ťciwo┼Ť─ç ÔÇ×LOCALAPPDATAÔÇŁ o warto┼Ťci ÔÇ×C:\Users\emili\AppData\LocalÔÇŁ rozwini─Öto ze ┼Ťrodowiska.
       Ponowne przypisanie w┼éa┼Ťciwo┼Ťci: $(_SGenGenerateSerializationAssembliesConfig)=ÔÇ×AutoÔÇŁ (poprzednia warto┼Ť─ç: ÔÇ×ÔÇŁ) w C:\Program Files\dotnet\sdk\8.0.101\Microsoft.Common.CurrentVersion.targets (3824,5)
       Ponowne przypisanie w┼éa┼Ťciwo┼Ťci: $(_SGenGenerateSerializationAssembliesConfig)=ÔÇ×OffÔÇŁ (poprzednia warto┼Ť─ç: ÔÇ×AutoÔÇŁ) w C:\Program Files\dotnet\sdk\8.0.101\Microsoft.Common.CurrentVersion.targets (3825,5)
       Ponowne przypisanie w┼éa┼Ťciwo┼Ťci: $(_TargetsThatPrepareProjectReferences)=ÔÇ×
             AssignProjectConfiguration;
             _SplitProjectReferencesByFileExistence
           ÔÇŁ (poprzednia warto┼Ť─ç: ÔÇ×_SplitProjectReferencesByFileExistenceÔÇŁ) w C:\Program Files\dotnet\sdk\8.0.101\Microsoft.Common.CurrentVersion.targets (4976,5)
       W┼éa┼Ťciwo┼Ť─ç ÔÇ×MSBuildExtensionsPath32ÔÇŁ o warto┼Ťci ÔÇ×C:\Program Files\dotnet\sdk\8.0.101ÔÇŁ rozwini─Öto ze ┼Ťrodowiska.
       Ponowne przypisanie w┼éa┼Ťciwo┼Ťci: $(ProjectAssetsFile)=ÔÇ×C:\Users\emili\CascadeProjects\PhotoStudioManager\PhotoStudioManager.API\obj\project.assets.jsonÔÇŁ (poprzednia warto┼Ť─ç: ÔÇ×C:\Users\emili\CascadeProjects\PhotoStudioManager\PhotoStudioManager.API\obj\/project.assets.jsonÔÇŁ) w C:\Program Files\dotnet\sdk\8.0.101\Sdks\Microsoft.NET.Sdk\targets\Microsoft.PackageDependencyResolution.targets (24,5)
       Ponowne przypisanie w┼éa┼Ťciwo┼Ťci: $(ProjectAssetsCacheFile)=ÔÇ×C:\Users\emili\CascadeProjects\PhotoStudioManager\PhotoStudioManager.API\obj\Debug\net8.0\PhotoStudioManager.API.assets.cacheÔÇŁ (poprzednia warto┼Ť─ç: ÔÇ×obj\Debug\net8.0\PhotoStudioManager.API.assets.cacheÔÇŁ) w C:\Program Files\dotnet\sdk\8.0.101\Sdks\Microsoft.NET.Sdk\targets\Microsoft.PackageDependencyResolution.targets (29,5)
       Ponowne przypisanie w┼éa┼Ťciwo┼Ťci: $(ResolveAssemblyReferencesDependsOn)=ÔÇ×
             
             ResolveProjectReferences;
             FindInvalidProjectReferences;
             GetFrameworkPaths;
             GetReferenceAssemblyPaths;
             PrepareForBuild;
             ResolveSDKReferences;
             ExpandSDKReferences;
           ;
             ResolvePackageDependenciesForBuild;
             _HandlePackageFileConflicts;
           ÔÇŁ (poprzednia warto┼Ť─ç: ÔÇ×
             ResolveProjectReferences;
             FindInvalidProjectReferences;
             GetFrameworkPaths;
             GetReferenceAssemblyPaths;
             PrepareForBuild;
             ResolveSDKReferences;
             ExpandSDKReferences;
           ÔÇŁ) w C:\Program Files\dotnet\sdk\8.0.101\Sdks\Microsoft.NET.Sdk\targets\Microsoft.PackageDependencyResolution.targets (80,5)
       Ponowne przypisanie w┼éa┼Ťciwo┼Ťci: $(PrepareResourcesDependsOn)=ÔÇ×
             ResolvePackageDependenciesForBuild;
             _HandlePackageFileConflicts;
             
             ;
             PrepareResourceNames;
             ResGen;
             CompileLicxFiles
           
           ÔÇŁ (poprzednia warto┼Ť─ç: ÔÇ×
             ;
             PrepareResourceNames;
             ResGen;
             CompileLicxFiles
           ÔÇŁ) w C:\Program Files\dotnet\sdk\8.0.101\Sdks\Microsoft.NET.Sdk\targets\Microsoft.PackageDependencyResolution.targets (86,5)
       Ponowne przypisanie w┼éa┼Ťciwo┼Ťci: $(DefaultItemExcludes)=ÔÇ×;**\node_modules\**;node_modules\**;**\jspm_packages\**;jspm_packages\**;**\bower_components\**;bower_components\**;bin\Debug\/**;obj\Debug\/**;bin\/**ÔÇŁ (poprzednia warto┼Ť─ç: ÔÇ×;**\node_modules\**;node_modules\**;**\jspm_packages\**;jspm_packages\**;**\bower_components\**;bower_components\**;bin\Debug\/**;obj\Debug\/**ÔÇŁ) w C:\Program Files\dotnet\sdk\8.0.101\Sdks\Microsoft.NET.Sdk\targets\Microsoft.NET.Sdk.DefaultItems.targets (27,5)
       Ponowne przypisanie w┼éa┼Ťciwo┼Ťci: $(DefaultItemExcludes)=ÔÇ×;**\node_modules\**;node_modules\**;**\jspm_packages\**;jspm_packages\**;**\bower_components\**;bower_components\**;bin\Debug\/**;obj\Debug\/**;bin\/**;obj\/**ÔÇŁ (poprzednia warto┼Ť─ç: ÔÇ×;**\node_modules\**;node_modules\**;**\jspm_packages\**;jspm_packages\**;**\bower_components\**;bower_components\**;bin\Debug\/**;obj\Debug\/**;bin\/**ÔÇŁ) w C:\Program Files\dotnet\sdk\8.0.101\Sdks\Microsoft.NET.Sdk\targets\Microsoft.NET.Sdk.DefaultItems.targets (29,5)
       Ponowne przypisanie w┼éa┼Ťciwo┼Ťci: $(DefaultItemExcludes)=ÔÇ×;**\node_modules\**;node_modules\**;**\jspm_packages\**;jspm_packages\**;**\bower_components\**;bower_components\**;bin\Debug\/**;obj\Debug\/**;bin\/**;obj\/**;**/*.userÔÇŁ (poprzednia warto┼Ť─ç: ÔÇ×;**\node_modules\**;node_modules\**;**\jspm_packages\**;jspm_packages\**;**\bower_components\**;bower_components\**;bin\Debug\/**;obj\Debug\/**;bin\/**;obj\/**ÔÇŁ) w C:\Program Files\dotnet\sdk\8.0.101\Sdks\Microsoft.NET.Sdk\targets\Microsoft.NET.Sdk.DefaultItems.targets (32,5)
       Ponowne przypisanie w┼éa┼Ťciwo┼Ťci: $(DefaultItemExcludes)=ÔÇ×;**\node_modules\**;node_modules\**;**\jspm_packages\**;jspm_packages\**;**\bower_components\**;bower_components\**;bin\Debug\/**;obj\Debug\/**;bin\/**;obj\/**;**/*.user;**/*.*projÔÇŁ (poprzednia warto┼Ť─ç: ÔÇ×;**\node_modules\**;node_modules\**;**\jspm_packages\**;jspm_packages\**;**\bower_components\**;bower_components\**;bin\Debug\/**;obj\Debug\/**;bin\/**;obj\/**;**/*.userÔÇŁ) w C:\Program Files\dotnet\sdk\8.0.101\Sdks\Microsoft.NET.Sdk\targets\Microsoft.NET.Sdk.DefaultItems.targets (33,5)
       Ponowne przypisanie w┼éa┼Ťciwo┼Ťci: $(DefaultItemExcludes)=ÔÇ×;**\node_modules\**;node_modules\**;**\jspm_packages\**;jspm_packages\**;**\bower_components\**;bower_components\**;bin\Debug\/**;obj\Debug\/**;bin\/**;obj\/**;**/*.user;**/*.*proj;**/*.slnÔÇŁ (poprzednia warto┼Ť─ç: ÔÇ×;**\node_modules\**;node_modules\**;**\jspm_packages\**;jspm_packages\**;**\bower_components\**;bower_components\**;bin\Debug\/**;obj\Debug\/**;bin\/**;obj\/**;**/*.user;**/*.*projÔÇŁ) w C:\Program Files\dotnet\sdk\8.0.101\Sdks\Microsoft.NET.Sdk\targets\Microsoft.NET.Sdk.DefaultItems.targets (34,5)
       Ponowne przypisanie w┼éa┼Ťciwo┼Ťci: $(DefaultItemExcludes)=ÔÇ×;**\node_modules\**;node_modules\**;**\jspm_packages\**;jspm_packages\**;**\bower_components\**;bower_components\**;bin\Debug\/**;obj\Debug\/**;bin\/**;obj\/**;**/*.user;**/*.*proj;**/*.sln;**/*.vsssccÔÇŁ (poprzednia warto┼Ť─ç: ÔÇ×;**\node_modules\**;node_modules\**;**\jspm_packages\**;jspm_packages\**;**\bower_components\**;bower_components\**;bin\Debug\/**;obj\Debug\/**;bin\/**;obj\/**;**/*.user;**/*.*proj;**/*.slnÔÇŁ) w C:\Program Files\dotnet\sdk\8.0.101\Sdks\Microsoft.NET.Sdk\targets\Microsoft.NET.Sdk.DefaultItems.targets (35,5)
       Ponowne przypisanie w┼éa┼Ťciwo┼Ťci: $(DefaultItemExcludes)=ÔÇ×;**\node_modules\**;node_modules\**;**\jspm_packages\**;jspm_packages\**;**\bower_components\**;bower_components\**;bin\Debug\/**;obj\Debug\/**;bin\/**;obj\/**;**/*.user;**/*.*proj;**/*.sln;**/*.vssscc;**/.DS_StoreÔÇŁ (poprzednia warto┼Ť─ç: ÔÇ×;**\node_modules\**;node_modules\**;**\jspm_packages\**;jspm_packages\**;**\bower_components\**;bower_components\**;bin\Debug\/**;obj\Debug\/**;bin\/**;obj\/**;**/*.user;**/*.*proj;**/*.sln;**/*.vsssccÔÇŁ) w C:\Program Files\dotnet\sdk\8.0.101\Sdks\Microsoft.NET.Sdk\targets\Microsoft.NET.Sdk.DefaultItems.targets (36,5)
       Ponowne przypisanie w┼éa┼Ťciwo┼Ťci: $(ResolveAssemblyReferencesDependsOn)=ÔÇ×
             
             
             ResolveProjectReferences;
             FindInvalidProjectReferences;
             GetFrameworkPaths;
             GetReferenceAssemblyPaths;
             PrepareForBuild;
             ResolveSDKReferences;
             ExpandSDKReferences;
           ;
             ResolvePackageDependenciesForBuild;
             _HandlePackageFileConflicts;
           ;
             ResolveTargetingPackAssets;
           ÔÇŁ (poprzednia warto┼Ť─ç: ÔÇ×
             
             ResolveProjectReferences;
             FindInvalidProjectReferences;
             GetFrameworkPaths;
             GetReferenceAssemblyPaths;
             PrepareForBuild;
             ResolveSDKReferences;
             ExpandSDKReferences;
           ;
             ResolvePackageDependenciesForBuild;
             _HandlePackageFileConflicts;
           ÔÇŁ) w C:\Program Files\dotnet\sdk\8.0.101\Sdks\Microsoft.NET.Sdk\targets\Microsoft.NET.Sdk.FrameworkReferenceResolution.targets (14,5)
       Ponowne przypisanie w┼éa┼Ťciwo┼Ťci: $(_GenerateRuntimeConfigurationPropertyInputsCache)=ÔÇ×C:\Users\emili\CascadeProjects\PhotoStudioManager\PhotoStudioManager.API\obj\Debug\net8.0\PhotoStudioManager.API.genruntimeconfig.cacheÔÇŁ (poprzednia warto┼Ť─ç: ÔÇ×obj\Debug\net8.0\PhotoStudioManager.API.genruntimeconfig.cacheÔÇŁ) w C:\Program Files\dotnet\sdk\8.0.101\Sdks\Microsoft.NET.Sdk\targets\Microsoft.NET.Sdk.targets (44,5)
       Ponowne przypisanie w┼éa┼Ťciwo┼Ťci: $(_GeneratePublishDependencyFilePropertyInputsCache)=ÔÇ×C:\Users\emili\CascadeProjects\PhotoStudioManager\PhotoStudioManager.API\obj\Debug\net8.0\PhotoStudioManager.API.genpublishdeps.cacheÔÇŁ (poprzednia warto┼Ť─ç: ÔÇ×obj\Debug\net8.0\PhotoStudioManager.API.genpublishdeps.cacheÔÇŁ) w C:\Program Files\dotnet\sdk\8.0.101\Sdks\Microsoft.NET.Sdk\targets\Microsoft.NET.Sdk.targets (46,5)
       Ponowne przypisanie w┼éa┼Ťciwo┼Ťci: $(_GenerateSingleFileBundlePropertyInputsCache)=ÔÇ×C:\Users\emili\CascadeProjects\PhotoStudioManager\PhotoStudioManager.API\obj\Debug\net8.0\PhotoStudioManager.API.genbundle.cacheÔÇŁ (poprzednia warto┼Ť─ç: ÔÇ×obj\Debug\net8.0\PhotoStudioManager.API.genbundle.cacheÔÇŁ) w C:\Program Files\dotnet\sdk\8.0.101\Sdks\Microsoft.NET.Sdk\targets\Microsoft.NET.Sdk.targets (48,5)
       Ponowne przypisanie w┼éa┼Ťciwo┼Ťci: $(GenerateRuntimeConfigDevFile)=ÔÇ×falseÔÇŁ (poprzednia warto┼Ť─ç: ÔÇ×trueÔÇŁ) w C:\Program Files\dotnet\sdk\8.0.101\Sdks\Microsoft.NET.Sdk\targets\Microsoft.NET.Sdk.targets (81,5)
       W┼éa┼Ťciwo┼Ť─ç ÔÇ×USERPROFILEÔÇŁ o warto┼Ťci ÔÇ×C:\Users\emiliÔÇŁ rozwini─Öto ze ┼Ťrodowiska.
       Ponowne przypisanie w┼éa┼Ťciwo┼Ťci: $(_DefaultUserProfileRuntimeStorePath)=ÔÇ×C:\Users\emiliÔÇŁ (poprzednia warto┼Ť─ç: ÔÇ×ÔÇŁ) w C:\Program Files\dotnet\sdk\8.0.101\Sdks\Microsoft.NET.Sdk\targets\Microsoft.NET.Sdk.targets (97,5)
       Ponowne przypisanie w┼éa┼Ťciwo┼Ťci: $(_DefaultUserProfileRuntimeStorePath)=ÔÇ×C:\Users\emili\.dotnet\storeÔÇŁ (poprzednia warto┼Ť─ç: ÔÇ×C:\Users\emiliÔÇŁ) w C:\Program Files\dotnet\sdk\8.0.101\Sdks\Microsoft.NET.Sdk\targets\Microsoft.NET.Sdk.targets (98,5)
       Ponowne przypisanie w┼éa┼Ťciwo┼Ťci: $(AvailablePlatforms)=ÔÇ×Any CPU,x86,x64,ARM32ÔÇŁ (poprzednia warto┼Ť─ç: ÔÇ×Any CPU,x86,x64ÔÇŁ) w C:\Program Files\dotnet\sdk\8.0.101\Sdks\Microsoft.NET.Sdk\targets\Microsoft.NET.Sdk.targets (136,5)
       Ponowne przypisanie w┼éa┼Ťciwo┼Ťci: $(AvailablePlatforms)=ÔÇ×Any CPU,x86,x64,ARM32,ARM64ÔÇŁ (poprzednia warto┼Ť─ç: ÔÇ×Any CPU,x86,x64,ARM32ÔÇŁ) w C:\Program Files\dotnet\sdk\8.0.101\Sdks\Microsoft.NET.Sdk\targets\Microsoft.NET.Sdk.targets (140,5)
       Ponowne przypisanie w┼éa┼Ťciwo┼Ťci: $(CoreBuildDependsOn)=ÔÇ×
             _CheckForBuildWithNoBuild;
             
             BuildOnlySettings;
             PrepareForBuild;
             PreBuildEvent;
             ResolveReferences;
             PrepareResources;
             ResolveKeySource;
             Compile;
             ExportWindowsMDFile;
             UnmanagedUnregistration;
             GenerateSerializationAssemblies;
             CreateSatelliteAssemblies;
             GenerateManifests;
             GetTargetPath;
             PrepareForRun;
             UnmanagedRegistration;
             IncrementalClean;
             PostBuildEvent
           ;
             GenerateBuildDependencyFile;
             GenerateBuildRuntimeConfigurationFiles
           ÔÇŁ (poprzednia warto┼Ť─ç: ÔÇ×
             BuildOnlySettings;
             PrepareForBuild;
             PreBuildEvent;
             ResolveReferences;
             PrepareResources;
             ResolveKeySource;
             Compile;
             ExportWindowsMDFile;
             UnmanagedUnregistration;
             GenerateSerializationAssemblies;
             CreateSatelliteAssemblies;
             GenerateManifests;
             GetTargetPath;
             PrepareForRun;
             UnmanagedRegistration;
             IncrementalClean;
             PostBuildEvent
           ÔÇŁ) w C:\Program Files\dotnet\sdk\8.0.101\Sdks\Microsoft.NET.Sdk\targets\Microsoft.NET.Sdk.targets (197,5)
       Ponowne przypisanie w┼éa┼Ťciwo┼Ťci: $(CoreCleanDependsOn)=ÔÇ×
             _SdkBeforeClean;
             
           ÔÇŁ (poprzednia warto┼Ť─ç: ÔÇ×ÔÇŁ) w C:\Program Files\dotnet\sdk\8.0.101\Sdks\Microsoft.NET.Sdk\targets\Microsoft.NET.Sdk.targets (206,5)
       Ponowne przypisanie w┼éa┼Ťciwo┼Ťci: $(RebuildDependsOn)=ÔÇ×
             _SdkBeforeRebuild;
             
             BeforeRebuild;
             Clean;
             Build;
             AfterRebuild;
           
           ÔÇŁ (poprzednia warto┼Ť─ç: ÔÇ×
             BeforeRebuild;
             Clean;
             Build;
             AfterRebuild;
           ÔÇŁ) w C:\Program Files\dotnet\sdk\8.0.101\Sdks\Microsoft.NET.Sdk\targets\Microsoft.NET.Sdk.targets (213,5)
       Ponowne przypisanie w┼éa┼Ťciwo┼Ťci: $(CompileDependsOn)=ÔÇ×
             
             ResolveReferences;
             ResolveKeySource;
             SetWin32ManifestProperties;
             FindReferenceAssembliesForReferences;
             _GenerateCompileInputs;
             BeforeCompile;
             _TimeStampBeforeCompile;
             _GenerateCompileDependencyCache;
             CoreCompile;
             _TimeStampAfterCompile;
             AfterCompile;
           ;
             _CreateAppHost;
             _CreateComHost;
             _GetIjwHostPaths;
           ÔÇŁ (poprzednia warto┼Ť─ç: ÔÇ×
             ResolveReferences;
             ResolveKeySource;
             SetWin32ManifestProperties;
             FindReferenceAssembliesForReferences;
             _GenerateCompileInputs;
             BeforeCompile;
             _TimeStampBeforeCompile;
             _GenerateCompileDependencyCache;
             CoreCompile;
             _TimeStampAfterCompile;
             AfterCompile;
           ÔÇŁ) w C:\Program Files\dotnet\sdk\8.0.101\Sdks\Microsoft.NET.Sdk\targets\Microsoft.NET.Sdk.targets (679,5)
       Ponowne przypisanie w┼éa┼Ťciwo┼Ťci: $(CreateSatelliteAssembliesDependsOn)=ÔÇ×
             
             _GenerateSatelliteAssemblyInputs;
             ComputeIntermediateSatelliteAssemblies;
             GenerateSatelliteAssemblies
           ;
             CoreGenerateSatelliteAssemblies
           ÔÇŁ (poprzednia warto┼Ť─ç: ÔÇ×
             _GenerateSatelliteAssemblyInputs;
             ComputeIntermediateSatelliteAssemblies;
             GenerateSatelliteAssemblies
           ÔÇŁ) w C:\Program Files\dotnet\sdk\8.0.101\Sdks\Microsoft.NET.Sdk\targets\Microsoft.NET.Sdk.targets (1065,5)
       Ponowne przypisanie w┼éa┼Ťciwo┼Ťci: $(SourceLinkUrlInitializerTargets)=ÔÇ×;_InitializeGitHubSourceLinkUrl;_InitializeGitLabSourceLinkUrlÔÇŁ (poprzednia warto┼Ť─ç: ÔÇ×;_InitializeGitHubSourceLinkUrlÔÇŁ) w C:\Program Files\dotnet\sdk\8.0.101\Sdks\Microsoft.SourceLink.GitLab\build\Microsoft.SourceLink.GitLab.targets (12,5)
       Ponowne przypisanie w┼éa┼Ťciwo┼Ťci: $(SourceControlManagerUrlTranslationTargets)=ÔÇ×;TranslateGitHubUrlsInSourceControlInformation;TranslateGitLabUrlsInSourceControlInformationÔÇŁ (poprzednia warto┼Ť─ç: ÔÇ×;TranslateGitHubUrlsInSourceControlInformationÔÇŁ) w C:\Program Files\dotnet\sdk\8.0.101\Sdks\Microsoft.SourceLink.GitLab\build\Microsoft.SourceLink.GitLab.targets (13,5)
       Ponowne przypisanie w┼éa┼Ťciwo┼Ťci: $(SourceLinkUrlInitializerTargets)=ÔÇ×;_InitializeGitHubSourceLinkUrl;_InitializeGitLabSourceLinkUrl;_InitializeAzureReposGitSourceLinkUrlÔÇŁ (poprzednia warto┼Ť─ç: ÔÇ×;_InitializeGitHubSourceLinkUrl;_InitializeGitLabSourceLinkUrlÔÇŁ) w C:\Program Files\dotnet\sdk\8.0.101\Sdks\Microsoft.SourceLink.AzureRepos.Git\build\Microsoft.SourceLink.AzureRepos.Git.targets (12,5)
       Ponowne przypisanie w┼éa┼Ťciwo┼Ťci: $(SourceControlManagerUrlTranslationTargets)=ÔÇ×;TranslateGitHubUrlsInSourceControlInformation;TranslateGitLabUrlsInSourceControlInformation;TranslateAzureReposGitUrlsInSourceControlInformationÔÇŁ (poprzednia warto┼Ť─ç: ÔÇ×;TranslateGitHubUrlsInSourceControlInformation;TranslateGitLabUrlsInSourceControlInformationÔÇŁ) w C:\Program Files\dotnet\sdk\8.0.101\Sdks\Microsoft.SourceLink.AzureRepos.Git\build\Microsoft.SourceLink.AzureRepos.Git.targets (13,5)
       Ponowne przypisanie w┼éa┼Ťciwo┼Ťci: $(SourceLinkUrlInitializerTargets)=ÔÇ×;_InitializeGitHubSourceLinkUrl;_InitializeGitLabSourceLinkUrl;_InitializeAzureReposGitSourceLinkUrl;_InitializeBitbucketGitSourceLinkUrlÔÇŁ (poprzednia warto┼Ť─ç: ÔÇ×;_InitializeGitHubSourceLinkUrl;_InitializeGitLabSourceLinkUrl;_InitializeAzureReposGitSourceLinkUrlÔÇŁ) w C:\Program Files\dotnet\sdk\8.0.101\Sdks\Microsoft.SourceLink.Bitbucket.Git\build\Microsoft.SourceLink.Bitbucket.Git.targets (12,5)
       Ponowne przypisanie w┼éa┼Ťciwo┼Ťci: $(SourceControlManagerUrlTranslationTargets)=ÔÇ×;TranslateGitHubUrlsInSourceControlInformation;TranslateGitLabUrlsInSourceControlInformation;TranslateAzureReposGitUrlsInSourceControlInformation;TranslateBitbucketGitUrlsInSourceControlInformationÔÇŁ (poprzednia warto┼Ť─ç: ÔÇ×;TranslateGitHubUrlsInSourceControlInformation;TranslateGitLabUrlsInSourceControlInformation;TranslateAzureReposGitUrlsInSourceControlInformationÔÇŁ) w C:\Program Files\dotnet\sdk\8.0.101\Sdks\Microsoft.SourceLink.Bitbucket.Git\build\Microsoft.SourceLink.Bitbucket.Git.targets (13,5)
       Ponowne przypisanie w┼éa┼Ťciwo┼Ťci: $(DesignerRuntimeImplementationProjectOutputGroupDependsOn)=ÔÇ×
             
             ;
             
             ;
             BuildOnlySettings;
             PrepareForBuild;
             AssignTargetPaths;
             ResolveReferences
           
           ;
             _GenerateDesignerDepsFile;
             _GenerateDesignerRuntimeConfigFile;
             GetCopyToOutputDirectoryItems;
             _GatherDesignerShadowCopyFiles;
           ÔÇŁ (poprzednia warto┼Ť─ç: ÔÇ×
             ;
             
             ;
             BuildOnlySettings;
             PrepareForBuild;
             AssignTargetPaths;
             ResolveReferences
           
           ÔÇŁ) w C:\Program Files\dotnet\sdk\8.0.101\Sdks\Microsoft.NET.Sdk\targets\Microsoft.NET.DesignerSupport.targets (21,5)
       Ponowne przypisanie w┼éa┼Ťciwo┼Ťci: $(_GenerateToolsSettingsFileCacheFile)=ÔÇ×C:\Users\emili\CascadeProjects\PhotoStudioManager\PhotoStudioManager.API\obj\Debug\net8.0\PhotoStudioManager.API.toolssettingsinput.cacheÔÇŁ (poprzednia warto┼Ť─ç: ÔÇ×obj\Debug\net8.0\PhotoStudioManager.API.toolssettingsinput.cacheÔÇŁ) w C:\Program Files\dotnet\sdk\8.0.101\Sdks\Microsoft.NET.Sdk\targets\Microsoft.NET.PackTool.targets (68,5)
       Ponowne przypisanie w┼éa┼Ťciwo┼Ťci: $(_ShimInputCacheFile)=ÔÇ×C:\Users\emili\CascadeProjects\PhotoStudioManager\PhotoStudioManager.API\obj\Debug\net8.0\PhotoStudioManager.API.shiminput.cacheÔÇŁ (poprzednia warto┼Ť─ç: ÔÇ×obj\Debug\net8.0\PhotoStudioManager.API.shiminput.cacheÔÇŁ) w C:\Program Files\dotnet\sdk\8.0.101\Sdks\Microsoft.NET.Sdk\targets\Microsoft.NET.PackTool.targets (137,5)
       Ponowne przypisanie w┼éa┼Ťciwo┼Ťci: $(_ShimCreatedSentinelFile)=ÔÇ×C:\Users\emili\CascadeProjects\PhotoStudioManager\PhotoStudioManager.API\obj\Debug\net8.0\PhotoStudioManager.API.shimcreated.sentinelÔÇŁ (poprzednia warto┼Ť─ç: ÔÇ×obj\Debug\net8.0\PhotoStudioManager.API.shimcreated.sentinelÔÇŁ) w C:\Program Files\dotnet\sdk\8.0.101\Sdks\Microsoft.NET.Sdk\targets\Microsoft.NET.PackTool.targets (139,5)
       Ponowne przypisanie w┼éa┼Ťciwo┼Ťci: $(DefineConstants)=ÔÇ×TRACE;DEBUGÔÇŁ (poprzednia warto┼Ť─ç: ÔÇ×TRACEÔÇŁ) w C:\Program Files\dotnet\sdk\8.0.101\Sdks\Microsoft.NET.Sdk\targets\Microsoft.NET.Sdk.CSharp.targets (31,5)
       Ponowne przypisanie w┼éa┼Ťciwo┼Ťci: $(DefineConstants)=ÔÇ×TRACE;DEBUG;NET;NET8_0;NETCOREAPPÔÇŁ (poprzednia warto┼Ť─ç: ÔÇ×TRACE;DEBUGÔÇŁ) w C:\Program Files\dotnet\sdk\8.0.101\Sdks\Microsoft.NET.Sdk\targets\Microsoft.NET.Sdk.CSharp.targets (34,5)
       Ponowne przypisanie w┼éa┼Ťciwo┼Ťci: $(WarningsAsErrors)=ÔÇ×;NU1605;SYSLIB0011ÔÇŁ (poprzednia warto┼Ť─ç: ÔÇ×;NU1605ÔÇŁ) w C:\Program Files\dotnet\sdk\8.0.101\Sdks\Microsoft.NET.Sdk\targets\Microsoft.NET.Sdk.CSharp.targets (48,5)
       Ponowne przypisanie w┼éa┼Ťciwo┼Ťci: $(PackageDescription)=ÔÇ×Package DescriptionÔÇŁ (poprzednia warto┼Ť─ç: ÔÇ×ÔÇŁ) w C:\Program Files\dotnet\sdk\8.0.101\Sdks\NuGet.Build.Tasks.Pack\build\NuGet.Build.Tasks.Pack.targets (34,5)
       Ponowne przypisanie w┼éa┼Ťciwo┼Ťci: $(GenerateNuspecDependsOn)=ÔÇ×Build;_LoadPackInputItems; _GetTargetFrameworksOutput; _WalkEachTargetPerFramework; _GetPackageFiles; ÔÇŁ (poprzednia warto┼Ť─ç: ÔÇ×_LoadPackInputItems; _GetTargetFrameworksOutput; _WalkEachTargetPerFramework; _GetPackageFiles; ÔÇŁ) w C:\Program Files\dotnet\sdk\8.0.101\Sdks\NuGet.Build.Tasks.Pack\build\NuGet.Build.Tasks.Pack.targets (59,5)
       W┼éa┼Ťciwo┼Ť─ç ÔÇ×DOTNET_HOST_PATHÔÇŁ o warto┼Ťci ÔÇ×C:\Program Files\dotnet\dotnet.exeÔÇŁ rozwini─Öto ze ┼Ťrodowiska.
       Ponowne przypisanie w┼éa┼Ťciwo┼Ťci: $(PrepareForRunDependsOn)=ÔÇ×StaticWebAssetsPrepareForRun;
             CopyFilesToOutputDirectory
           ÔÇŁ (poprzednia warto┼Ť─ç: ÔÇ×
             CopyFilesToOutputDirectory
           ÔÇŁ) w C:\Program Files\dotnet\sdk\8.0.101\Sdks\Microsoft.NET.Sdk.StaticWebAssets\targets\Microsoft.NET.Sdk.StaticWebAssets.targets (255,5)
       Ponowne przypisanie w┼éa┼Ťciwo┼Ťci: $(GetCopyToOutputDirectoryItemsDependsOn)=ÔÇ×
             AssignTargetPaths;
             
             AssignProjectConfiguration;
             _SplitProjectReferencesByFileExistence
           ;
             _GetProjectReferenceTargetFrameworkProperties;
             _PopulateCommonStateForGetCopyToOutputDirectoryItems
           ;AddStaticWebAssetsManifestÔÇŁ (poprzednia warto┼Ť─ç: ÔÇ×
             AssignTargetPaths;
             
             AssignProjectConfiguration;
             _SplitProjectReferencesByFileExistence
           ;
             _GetProjectReferenceTargetFrameworkProperties;
             _PopulateCommonStateForGetCopyToOutputDirectoryItems
           ÔÇŁ) w C:\Program Files\dotnet\sdk\8.0.101\Sdks\Microsoft.NET.Sdk.StaticWebAssets\targets\Microsoft.NET.Sdk.StaticWebAssets.targets (266,5)
       Ponowne przypisanie w┼éa┼Ťciwo┼Ťci: $(GenerateNuspecDependsOn)=ÔÇ×
             IncludeStaticWebAssetsPackItems;
             Build;_LoadPackInputItems; _GetTargetFrameworksOutput; _WalkEachTargetPerFramework; _GetPackageFiles; ;
           ÔÇŁ (poprzednia warto┼Ť─ç: ÔÇ×Build;_LoadPackInputItems; _GetTargetFrameworksOutput; _WalkEachTargetPerFramework; _GetPackageFiles; ÔÇŁ) w C:\Program Files\dotnet\sdk\8.0.101\Sdks\Microsoft.NET.Sdk.StaticWebAssets\targets\Microsoft.NET.Sdk.StaticWebAssets.Pack.targets (41,5)
       Ponowne przypisanie w┼éa┼Ťciwo┼Ťci: $(IncludeStaticWebAssetsPackItemsDependsOn)=ÔÇ×
             Build;
             ResolveStaticWebAssetsConfiguration;LoadStaticWebAssetsBuildManifest
           ;
           ÔÇŁ (poprzednia warto┼Ť─ç: ÔÇ×
             ResolveStaticWebAssetsConfiguration;LoadStaticWebAssetsBuildManifest
           ÔÇŁ) w C:\Program Files\dotnet\sdk\8.0.101\Sdks\Microsoft.NET.Sdk.StaticWebAssets\targets\Microsoft.NET.Sdk.StaticWebAssets.Pack.targets (50,5)
       Ponowne przypisanie w┼éa┼Ťciwo┼Ťci: $(ResolveStaticWebAssetsInputsDependsOn)=ÔÇ×
           UpdateExistingPackageStaticWebAssets;ResolveProjectStaticWebAssets;ResolveEmbeddedProjectsStaticWebAssets;ResolveReferencedProjectsStaticWebAssets;;
           UpdateLegacyPackageScopedCssBundles;
           _AddScopedCssBundles;
         ÔÇŁ (poprzednia warto┼Ť─ç: ÔÇ×UpdateExistingPackageStaticWebAssets;ResolveProjectStaticWebAssets;ResolveEmbeddedProjectsStaticWebAssets;ResolveReferencedProjectsStaticWebAssets;ÔÇŁ) w C:\Program Files\dotnet\sdk\8.0.101\Sdks\Microsoft.NET.Sdk.StaticWebAssets\targets\Microsoft.NET.Sdk.StaticWebAssets.ScopedCss.targets (55,3)
       Ponowne przypisanie w┼éa┼Ťciwo┼Ťci: $(GenerateComputedBuildStaticWebAssetsDependsOn)=ÔÇ×
           ;
           _ResolveBundlingConfiguration;
           _GenerateScopedCssFiles;
           BundleScopedCssFiles;
         ÔÇŁ (poprzednia warto┼Ť─ç: ÔÇ×ÔÇŁ) w C:\Program Files\dotnet\sdk\8.0.101\Sdks\Microsoft.NET.Sdk.StaticWebAssets\targets\Microsoft.NET.Sdk.StaticWebAssets.ScopedCss.targets (61,3)
       Ponowne przypisanie w┼éa┼Ťciwo┼Ťci: $(ResolveStaticWebAssetsInputsDependsOn)=ÔÇ×
             
           UpdateExistingPackageStaticWebAssets;ResolveProjectStaticWebAssets;ResolveEmbeddedProjectsStaticWebAssets;ResolveReferencedProjectsStaticWebAssets;;
           UpdateLegacyPackageScopedCssBundles;
           _AddScopedCssBundles;
         ;
             _AddJsModulesToStaticWebAssets;
           ÔÇŁ (poprzednia warto┼Ť─ç: ÔÇ×
           UpdateExistingPackageStaticWebAssets;ResolveProjectStaticWebAssets;ResolveEmbeddedProjectsStaticWebAssets;ResolveReferencedProjectsStaticWebAssets;;
           UpdateLegacyPackageScopedCssBundles;
           _AddScopedCssBundles;
         ÔÇŁ) w C:\Program Files\dotnet\sdk\8.0.101\Sdks\Microsoft.NET.Sdk.StaticWebAssets\targets\Microsoft.NET.Sdk.StaticWebAssets.JSModules.targets (36,5)
       Ponowne przypisanie w┼éa┼Ťciwo┼Ťci: $(StaticWebAssetsPrepareForRunDependsOn)=ÔÇ×
             ;GenerateStaticWebAssetsManifest;GenerateComputedBuildStaticWebAssets;CopyStaticWebAssetsToOutputDirectory;
             _GenerateBuildJsModuleManifest;
           ÔÇŁ (poprzednia warto┼Ť─ç: ÔÇ×;GenerateStaticWebAssetsManifest;GenerateComputedBuildStaticWebAssets;CopyStaticWebAssetsToOutputDirectoryÔÇŁ) w C:\Program Files\dotnet\sdk\8.0.101\Sdks\Microsoft.NET.Sdk.StaticWebAssets\targets\Microsoft.NET.Sdk.StaticWebAssets.JSModules.targets (44,5)
       Ponowne przypisanie w┼éa┼Ťciwo┼Ťci: $(StaticWebAssetsPrepareForPublishDependsOn)=ÔÇ×
             ;ResolveStaticWebAssetsConfiguration;GenerateStaticWebAssetsPublishManifest;GenerateComputedPublishStaticWebAssets;
             _GeneratePublishJsModuleManifest;
           ÔÇŁ (poprzednia warto┼Ť─ç: ÔÇ×;ResolveStaticWebAssetsConfiguration;GenerateStaticWebAssetsPublishManifest;GenerateComputedPublishStaticWebAssetsÔÇŁ) w C:\Program Files\dotnet\sdk\8.0.101\Sdks\Microsoft.NET.Sdk.StaticWebAssets\targets\Microsoft.NET.Sdk.StaticWebAssets.JSModules.targets (49,5)
       Ponowne przypisanie w┼éa┼Ťciwo┼Ťci: $(ResolveStaticWebAssetsInputsDependsOn)=ÔÇ×
             
             
           UpdateExistingPackageStaticWebAssets;ResolveProjectStaticWebAssets;ResolveEmbeddedProjectsStaticWebAssets;ResolveReferencedProjectsStaticWebAssets;;
           UpdateLegacyPackageScopedCssBundles;
           _AddScopedCssBundles;
         ;
             _AddJsModulesToStaticWebAssets;
           ;
             _AddBuildJsModuleManifest;
           ÔÇŁ (poprzednia warto┼Ť─ç: ÔÇ×
             
           UpdateExistingPackageStaticWebAssets;ResolveProjectStaticWebAssets;ResolveEmbeddedProjectsStaticWebAssets;ResolveReferencedProjectsStaticWebAssets;;
           UpdateLegacyPackageScopedCssBundles;
           _AddScopedCssBundles;
         ;
             _AddJsModulesToStaticWebAssets;
           ÔÇŁ) w C:\Program Files\dotnet\sdk\8.0.101\Sdks\Microsoft.NET.Sdk.StaticWebAssets\targets\Microsoft.NET.Sdk.StaticWebAssets.JSModules.targets (54,5)
       Ponowne przypisanie w┼éa┼Ťciwo┼Ťci: $(ResolvePublishStaticWebAssetsDependsOn)=ÔÇ×
             LoadStaticWebAssetsBuildManifest;ComputeReferencedProjectsEmbeddedPublishAssets;ComputeReferencedProjectsPublishAssets;;
             _AddPublishJsModuleManifest
           ÔÇŁ (poprzednia warto┼Ť─ç: ÔÇ×LoadStaticWebAssetsBuildManifest;ComputeReferencedProjectsEmbeddedPublishAssets;ComputeReferencedProjectsPublishAssets;ÔÇŁ) w C:\Program Files\dotnet\sdk\8.0.101\Sdks\Microsoft.NET.Sdk.StaticWebAssets\targets\Microsoft.NET.Sdk.StaticWebAssets.JSModules.targets (59,5)
       Ponowne przypisanie w┼éa┼Ťciwo┼Ťci: $(GenerateComputedBuildStaticWebAssetsDependsOn)=ÔÇ×
             
           ;
           _ResolveBundlingConfiguration;
           _GenerateScopedCssFiles;
           BundleScopedCssFiles;
         ;
             _CompressFiles;
           ÔÇŁ (poprzednia warto┼Ť─ç: ÔÇ×
           ;
           _ResolveBundlingConfiguration;
           _GenerateScopedCssFiles;
           BundleScopedCssFiles;
         ÔÇŁ) w C:\Program Files\dotnet\sdk\8.0.101\Sdks\Microsoft.NET.Sdk.StaticWebAssets\targets\Microsoft.NET.Sdk.StaticWebAssets.Compression.targets (35,5)
       Ponowne przypisanie w┼éa┼Ťciwo┼Ťci: $(GenerateComputedPublishStaticWebAssetsDependsOn)=ÔÇ×
             ;
             _CompressFilesForPublish;
           ÔÇŁ (poprzednia warto┼Ť─ç: ÔÇ×ÔÇŁ) w C:\Program Files\dotnet\sdk\8.0.101\Sdks\Microsoft.NET.Sdk.StaticWebAssets\targets\Microsoft.NET.Sdk.StaticWebAssets.Compression.targets (39,5)
       Ponowne przypisanie w┼éa┼Ťciwo┼Ťci: $(StaticWebAssetsPrepareForPublishDependsOn)=ÔÇ×
             
             ;ResolveStaticWebAssetsConfiguration;GenerateStaticWebAssetsPublishManifest;GenerateComputedPublishStaticWebAssets;
             _GeneratePublishJsModuleManifest;
           ;
             _CompressFilesForPublish;
           ÔÇŁ (poprzednia warto┼Ť─ç: ÔÇ×
             ;ResolveStaticWebAssetsConfiguration;GenerateStaticWebAssetsPublishManifest;GenerateComputedPublishStaticWebAssets;
             _GeneratePublishJsModuleManifest;
           ÔÇŁ) w C:\Program Files\dotnet\sdk\8.0.101\Sdks\Microsoft.NET.Sdk.StaticWebAssets\targets\Microsoft.NET.Sdk.StaticWebAssets.Compression.targets (43,5)
       Ponowne przypisanie w┼éa┼Ťciwo┼Ťci: $(ResolveStaticWebAssetsInputsDependsOn)=ÔÇ×
             
             
             
           UpdateExistingPackageStaticWebAssets;ResolveProjectStaticWebAssets;ResolveEmbeddedProjectsStaticWebAssets;ResolveReferencedProjectsStaticWebAssets;;
           UpdateLegacyPackageScopedCssBundles;
           _AddScopedCssBundles;
         ;
             _AddJsModulesToStaticWebAssets;
           ;
             _AddBuildJsModuleManifest;
           ;
             _ResolveCompressedFiles;
           ÔÇŁ (poprzednia warto┼Ť─ç: ÔÇ×
             
             
           UpdateExistingPackageStaticWebAssets;ResolveProjectStaticWebAssets;ResolveEmbeddedProjectsStaticWebAssets;ResolveReferencedProjectsStaticWebAssets;;
           UpdateLegacyPackageScopedCssBundles;
           _AddScopedCssBundles;
         ;
             _AddJsModulesToStaticWebAssets;
           ;
             _AddBuildJsModuleManifest;
           ÔÇŁ) w C:\Program Files\dotnet\sdk\8.0.101\Sdks\Microsoft.NET.Sdk.StaticWebAssets\targets\Microsoft.NET.Sdk.StaticWebAssets.Compression.targets (47,5)
       Ponowne przypisanie w┼éa┼Ťciwo┼Ťci: $(ResolvePublishStaticWebAssetsDependsOn)=ÔÇ×
             
             LoadStaticWebAssetsBuildManifest;ComputeReferencedProjectsEmbeddedPublishAssets;ComputeReferencedProjectsPublishAssets;;
             _AddPublishJsModuleManifest
           ;
             _ResolveCompressedFilesForPublish;
           ÔÇŁ (poprzednia warto┼Ť─ç: ÔÇ×
             LoadStaticWebAssetsBuildManifest;ComputeReferencedProjectsEmbeddedPublishAssets;ComputeReferencedProjectsPublishAssets;;
             _AddPublishJsModuleManifest
           ÔÇŁ) w C:\Program Files\dotnet\sdk\8.0.101\Sdks\Microsoft.NET.Sdk.StaticWebAssets\targets\Microsoft.NET.Sdk.StaticWebAssets.Compression.targets (51,5)
       Ponowne przypisanie w┼éa┼Ťciwo┼Ťci: $(ResolveScopedCssOutputsDependsOn)=ÔÇ×
             
           ;
         ;
             ResolveCssScopes;
           ÔÇŁ (poprzednia warto┼Ť─ç: ÔÇ×
           ;
         ÔÇŁ) w C:\Program Files\dotnet\sdk\8.0.101\Sdks\Microsoft.NET.Sdk.Razor\targets\Sdk.Razor.CurrentVersion.targets (188,5)
       Ponowne przypisanie w┼éa┼Ťciwo┼Ťci: $(DebugSymbolsProjectOutputGroupDependsOn)=ÔÇ×
             ;
             _RazorAddDebugSymbolsProjectOutputGroupOutput
           ÔÇŁ (poprzednia warto┼Ť─ç: ÔÇ×ÔÇŁ) w C:\Program Files\dotnet\sdk\8.0.101\Sdks\Microsoft.NET.Sdk.Razor\targets\Sdk.Razor.CurrentVersion.targets (193,5)
       Ponowne przypisanie w┼éa┼Ťciwo┼Ťci: $(PrepareForBuildDependsOn)=ÔÇ×
             ;GetFrameworkPaths;GetReferenceAssemblyPaths;AssignLinkMetadata;
             ResolveRazorGenerateInputs
           ÔÇŁ (poprzednia warto┼Ť─ç: ÔÇ×;GetFrameworkPaths;GetReferenceAssemblyPaths;AssignLinkMetadataÔÇŁ) w C:\Program Files\dotnet\sdk\8.0.101\Sdks\Microsoft.NET.Sdk.Razor\targets\Sdk.Razor.CurrentVersion.targets (198,5)
       Ponowne przypisanie w┼éa┼Ťciwo┼Ťci: $(GenerateNuspecDependsOn)=ÔÇ×
             ResolveRazorGenerateInputs;
             
             IncludeStaticWebAssetsPackItems;
             Build;_LoadPackInputItems; _GetTargetFrameworksOutput; _WalkEachTargetPerFramework; _GetPackageFiles; ;
           
           ÔÇŁ (poprzednia warto┼Ť─ç: ÔÇ×
             IncludeStaticWebAssetsPackItems;
             Build;_LoadPackInputItems; _GetTargetFrameworksOutput; _WalkEachTargetPerFramework; _GetPackageFiles; ;
           ÔÇŁ) w C:\Program Files\dotnet\sdk\8.0.101\Sdks\Microsoft.NET.Sdk.Razor\targets\Sdk.Razor.CurrentVersion.targets (203,5)
       Ponowne przypisanie w┼éa┼Ťciwo┼Ťci: $(PrepareForRunDependsOn)=ÔÇ×
             _RazorPrepareForRun;
             StaticWebAssetsPrepareForRun;
             CopyFilesToOutputDirectory
           
           ÔÇŁ (poprzednia warto┼Ť─ç: ÔÇ×StaticWebAssetsPrepareForRun;
             CopyFilesToOutputDirectory
           ÔÇŁ) w C:\Program Files\dotnet\sdk\8.0.101\Sdks\Microsoft.NET.Sdk.Razor\targets\Sdk.Razor.CurrentVersion.targets (208,5)
       Ponowne przypisanie w┼éa┼Ťciwo┼Ťci: $(UseRazorBuildServer)=ÔÇ×trueÔÇŁ (poprzednia warto┼Ť─ç: ÔÇ×ÔÇŁ) w C:\Program Files\dotnet\sdk\8.0.101\Sdks\Microsoft.NET.Sdk.Razor\targets\Sdk.Razor.CurrentVersion.targets (299,5)
       Ponowne przypisanie w┼éa┼Ťciwo┼Ťci: $(_RazorDebugSymbolsProduced)=ÔÇ×trueÔÇŁ (poprzednia warto┼Ť─ç: ÔÇ×falseÔÇŁ) w C:\Program Files\dotnet\sdk\8.0.101\Sdks\Microsoft.NET.Sdk.Razor\targets\Sdk.Razor.CurrentVersion.targets (305,5)
       Ponowne przypisanie w┼éa┼Ťciwo┼Ťci: $(GenerateRazorTargetAssemblyInfoDependsOn)=ÔÇ×
             _ResolveMvcAssemblyAttributes;
             
             GetRazorTargetAssemblyAttributes;
             _CreateRazorTargetAssemblyInfoInputsCacheFile;
             CoreGenerateRazorTargetAssemblyInfo
           
           ÔÇŁ (poprzednia warto┼Ť─ç: ÔÇ×
             GetRazorTargetAssemblyAttributes;
             _CreateRazorTargetAssemblyInfoInputsCacheFile;
             CoreGenerateRazorTargetAssemblyInfo
           ÔÇŁ) w C:\Program Files\dotnet\sdk\8.0.101\Sdks\Microsoft.NET.Sdk.Razor\targets\Microsoft.NET.Sdk.Razor.GenerateAssemblyInfo.targets (36,5)
       Ponowne przypisanie w┼éa┼Ťciwo┼Ťci: $(CoreCompileDependsOn)=ÔÇ×
             ;_ComputeNonExistentFileProperty;ResolveCodeAnalysisRuleSet;
             _GenerateRazorAssemblyInfo
           ÔÇŁ (poprzednia warto┼Ť─ç: ÔÇ×;_ComputeNonExistentFileProperty;ResolveCodeAnalysisRuleSetÔÇŁ) w C:\Program Files\dotnet\sdk\8.0.101\Sdks\Microsoft.NET.Sdk.Razor\targets\Microsoft.NET.Sdk.Razor.GenerateAssemblyInfo.targets (181,5)
       Ponowne przypisanie w┼éa┼Ťciwo┼Ťci: $(_GenerateRazorAssemblyInfoDependsOn)=ÔÇ×
             _ResolveMvcAssemblyAttributes;
             RazorGetAssemblyAttributes;PrepareForBuild;_CoreGenerateRazorAssemblyInfo;
           ÔÇŁ (poprzednia warto┼Ť─ç: ÔÇ×RazorGetAssemblyAttributes;PrepareForBuild;_CoreGenerateRazorAssemblyInfoÔÇŁ) w C:\Program Files\dotnet\sdk\8.0.101\Sdks\Microsoft.NET.Sdk.Razor\targets\Microsoft.NET.Sdk.Razor.GenerateAssemblyInfo.targets (189,5)
       Ponowne przypisanie w┼éa┼Ťciwo┼Ťci: $(CoreCompileDependsOn)=ÔÇ×
             _DiscoverMvcApplicationParts;
             
             ;_ComputeNonExistentFileProperty;ResolveCodeAnalysisRuleSet;
             _GenerateRazorAssemblyInfo
           ;
           ÔÇŁ (poprzednia warto┼Ť─ç: ÔÇ×
             ;_ComputeNonExistentFileProperty;ResolveCodeAnalysisRuleSet;
             _GenerateRazorAssemblyInfo
           ÔÇŁ) w C:\Program Files\dotnet\sdk\8.0.101\Sdks\Microsoft.NET.Sdk.Razor\targets\Microsoft.NET.Sdk.Razor.MvcApplicationPartsDiscovery.targets (22,5)
       Ponowne przypisanie w┼éa┼Ťciwo┼Ťci: $(RazorDesignTimeTargets)=ÔÇ×C:\Program Files\dotnet\sdk\8.0.101\Sdks\Microsoft.NET.Sdk.Razor\targets\Microsoft.NET.Sdk.Razor.DesignTime.targetsÔÇŁ (poprzednia warto┼Ť─ç: ÔÇ×C:\Program Files\dotnet\sdk\8.0.101\\Microsoft\VisualStudio\Razor\Microsoft.NET.Sdk.Razor.DesignTime.targetsÔÇŁ) w C:\Program Files\dotnet\sdk\8.0.101\Sdks\Microsoft.NET.Sdk.Razor\targets\Sdk.Razor.CurrentVersion.targets (779,5)
       Ponowne przypisanie w┼éa┼Ťciwo┼Ťci: $(RunWorkingDirectory)=ÔÇ×C:\Users\emili\CascadeProjects\PhotoStudioManager\PhotoStudioManager.APIÔÇŁ (poprzednia warto┼Ť─ç: ÔÇ×ÔÇŁ) w C:\Program Files\dotnet\sdk\8.0.101\Sdks\Microsoft.NET.Sdk.Web.ProjectSystem\targets\Microsoft.NET.Sdk.Web.ProjectSystem.targets (21,5)
       Ponowne przypisanie w┼éa┼Ťciwo┼Ťci: $(PublishProfileImported)=ÔÇ×trueÔÇŁ (poprzednia warto┼Ť─ç: ÔÇ×falseÔÇŁ) w C:\Program Files\dotnet\sdk\8.0.101\Sdks\Microsoft.NET.Sdk.Publish\targets\Microsoft.NET.Sdk.Publish.targets (61,5)
       Ponowne przypisanie w┼éa┼Ťciwo┼Ťci: $(PublishConfiguration)=ÔÇ×DebugÔÇŁ (poprzednia warto┼Ť─ç: ÔÇ×ÔÇŁ) w C:\Program Files\dotnet\sdk\8.0.101\Sdks\Microsoft.NET.Sdk.Publish\targets\Microsoft.NET.Sdk.Publish.targets (82,5)
       Ponowne przypisanie w┼éa┼Ťciwo┼Ťci: $(BaseIntermediateOutputPath)=ÔÇ×C:\Users\emili\CascadeProjects\PhotoStudioManager\PhotoStudioManager.API\obj\ÔÇŁ (poprzednia warto┼Ť─ç: ÔÇ×obj\ÔÇŁ) w C:\Program Files\dotnet\sdk\8.0.101\Sdks\Microsoft.NET.Sdk.Publish\targets\Microsoft.NET.Sdk.Publish.targets (88,5)
       Ponowne przypisanie w┼éa┼Ťciwo┼Ťci: $(_IsSDKContainerAllowedVersion)=ÔÇ×trueÔÇŁ (poprzednia warto┼Ť─ç: ÔÇ×falseÔÇŁ) w C:\Program Files\dotnet\sdk\8.0.101\Containers\build\Microsoft.NET.Build.Containers.targets (5,5)
       Ponowne przypisanie w┼éa┼Ťciwo┼Ťci: $(_ContainerIsTargetingNet8TFM)=ÔÇ×trueÔÇŁ (poprzednia warto┼Ť─ç: ÔÇ×falseÔÇŁ) w C:\Program Files\dotnet\sdk\8.0.101\Containers\build\Microsoft.NET.Build.Containers.targets (15,5)
       Zast─Öpowanie elementu docelowego ÔÇ×ResolveFrameworkReferencesÔÇŁ w projekcie ÔÇ×C:\Program Files\dotnet\sdk\8.0.101\Microsoft.Common.CurrentVersion.targetsÔÇŁ elementem docelowym ÔÇ×ResolveFrameworkReferencesÔÇŁ z projektu ÔÇ×C:\Program Files\dotnet\sdk\8.0.101\Sdks\Microsoft.NET.Sdk\targets\Microsoft.NET.Sdk.FrameworkReferenceResolution.targetsÔÇŁ.
       Zast─Öpowanie elementu docelowego ÔÇ×RunÔÇŁ w projekcie ÔÇ×C:\Program Files\dotnet\sdk\8.0.101\Microsoft.Common.CurrentVersion.targetsÔÇŁ elementem docelowym ÔÇ×RunÔÇŁ z projektu ÔÇ×C:\Program Files\dotnet\sdk\8.0.101\Sdks\Microsoft.NET.Sdk\targets\Microsoft.NET.Sdk.targetsÔÇŁ.
       Zast─Öpowanie elementu docelowego ÔÇ×GenerateSupportedTargetFrameworkAliasÔÇŁ w projekcie ÔÇ×C:\Program Files\dotnet\sdk\8.0.101\Microsoft.Common.CurrentVersion.targetsÔÇŁ elementem docelowym ÔÇ×GenerateSupportedTargetFrameworkAliasÔÇŁ z projektu ÔÇ×C:\Program Files\dotnet\sdk\8.0.101\Sdks\Microsoft.NET.Sdk\targets\Microsoft.NET.Sdk.targetsÔÇŁ.
       Zast─Öpowanie elementu docelowego ÔÇ×GetReferenceAssemblyPathsÔÇŁ w projekcie ÔÇ×C:\Program Files\dotnet\sdk\8.0.101\Microsoft.Common.CurrentVersion.targetsÔÇŁ elementem docelowym ÔÇ×GetReferenceAssemblyPathsÔÇŁ z projektu ÔÇ×C:\Program Files\dotnet\sdk\8.0.101\Sdks\Microsoft.NET.Sdk\targets\Microsoft.NET.DisableStandardFrameworkResolution.targetsÔÇŁ.
       Zast─Öpowanie elementu docelowego ÔÇ×GetFrameworkPathsÔÇŁ w projekcie ÔÇ×C:\Program Files\dotnet\sdk\8.0.101\Microsoft.Common.CurrentVersion.targetsÔÇŁ elementem docelowym ÔÇ×GetFrameworkPathsÔÇŁ z projektu ÔÇ×C:\Program Files\dotnet\sdk\8.0.101\Sdks\Microsoft.NET.Sdk\targets\Microsoft.NET.DisableStandardFrameworkResolution.targetsÔÇŁ.
       Zast─Öpowanie elementu docelowego ÔÇ×DesignerRuntimeImplementationProjectOutputGroupÔÇŁ w projekcie ÔÇ×C:\Program Files\dotnet\sdk\8.0.101\Microsoft.Common.CurrentVersion.targetsÔÇŁ elementem docelowym ÔÇ×DesignerRuntimeImplementationProjectOutputGroupÔÇŁ z projektu ÔÇ×C:\Program Files\dotnet\sdk\8.0.101\Sdks\Microsoft.NET.Sdk\targets\Microsoft.NET.DesignerSupport.targetsÔÇŁ.
       Zast─Öpowanie elementu docelowego ÔÇ×PublishÔÇŁ w projekcie ÔÇ×C:\Program Files\dotnet\sdk\8.0.101\Microsoft.Common.CurrentVersion.targetsÔÇŁ elementem docelowym ÔÇ×PublishÔÇŁ z projektu ÔÇ×C:\Program Files\dotnet\sdk\8.0.101\Sdks\Microsoft.NET.Sdk\targets\Microsoft.NET.Publish.targetsÔÇŁ.
       Zast─Öpowanie elementu docelowego ÔÇ×ResolveReadyToRunCompilersÔÇŁ w projekcie ÔÇ×C:\Program Files\dotnet\sdk\8.0.101\Sdks\Microsoft.NET.Sdk\targets\Microsoft.NET.CrossGen.targetsÔÇŁ elementem docelowym ÔÇ×ResolveReadyToRunCompilersÔÇŁ z projektu ÔÇ×C:\Program Files\dotnet\sdk\8.0.101\Sdks\Microsoft.NET.Sdk\targets\Microsoft.NET.Publish.targetsÔÇŁ.
       Zast─Öpowanie elementu docelowego ÔÇ×GetCopyToPublishDirectoryItemsÔÇŁ w projekcie ÔÇ×C:\Program Files\dotnet\sdk\8.0.101\Microsoft.Common.CurrentVersion.targetsÔÇŁ elementem docelowym ÔÇ×GetCopyToPublishDirectoryItemsÔÇŁ z projektu ÔÇ×C:\Program Files\dotnet\sdk\8.0.101\Sdks\Microsoft.NET.Sdk\targets\Microsoft.NET.Publish.targetsÔÇŁ.
       Zast─Öpowanie elementu docelowego ÔÇ×BeforePublishÔÇŁ w projekcie ÔÇ×C:\Program Files\dotnet\sdk\8.0.101\Microsoft.Common.CurrentVersion.targetsÔÇŁ elementem docelowym ÔÇ×BeforePublishÔÇŁ z projektu ÔÇ×C:\Program Files\dotnet\sdk\8.0.101\Sdks\Microsoft.NET.Sdk.Publish\targets\Microsoft.NET.Sdk.Publish.targetsÔÇŁ.
       Zast─Öpowanie elementu docelowego ÔÇ×AfterPublishÔÇŁ w projekcie ÔÇ×C:\Program Files\dotnet\sdk\8.0.101\Microsoft.Common.CurrentVersion.targetsÔÇŁ elementem docelowym ÔÇ×AfterPublishÔÇŁ z projektu ÔÇ×C:\Program Files\dotnet\sdk\8.0.101\Sdks\Microsoft.NET.Sdk.Publish\targets\Microsoft.NET.Sdk.Publish.targetsÔÇŁ.
       Element docelowy ÔÇ×CollectUpToDateCheckInputDesignTimeÔÇŁ wymieniony w atrybucie BeforeTargets na pozycji ÔÇ×C:\Program Files\dotnet\sdk\8.0.101\Sdks\Microsoft.NET.Sdk.StaticWebAssets\targets\Microsoft.NET.Sdk.StaticWebAssets.ScopedCss.targets (156,5)ÔÇŁ nie istnieje w projekcie, dlatego b─Ödzie ignorowany.
       Element docelowy ÔÇ×CollectUpToDateCheckBuiltDesignTimeÔÇŁ wymieniony w atrybucie BeforeTargets na pozycji ÔÇ×C:\Program Files\dotnet\sdk\8.0.101\Sdks\Microsoft.NET.Sdk.StaticWebAssets\targets\Microsoft.NET.Sdk.StaticWebAssets.ScopedCss.targets (156,5)ÔÇŁ nie istnieje w projekcie, dlatego b─Ödzie ignorowany.
       Element docelowy ÔÇ×RazorGenerateComponentDeclarationÔÇŁ wymieniony w atrybucie AfterTargets na pozycji ÔÇ×C:\Program Files\dotnet\sdk\8.0.101\Sdks\Microsoft.NET.Sdk.Razor\targets\Microsoft.NET.Sdk.Razor.DesignTime.targets (55,53)ÔÇŁ nie istnieje w projekcie, dlatego b─Ödzie ignorowany.
     1>Projekt ÔÇ×C:\Users\emili\CascadeProjects\PhotoStudioManager\PhotoStudioManager.API\PhotoStudioManager.API.csprojÔÇŁ (1) kompiluje ÔÇ×C:\Users\emili\CascadeProjects\PhotoStudioManager\PhotoStudioManager.API\PhotoStudioManager.API.csprojÔÇŁ (1:2) w w─Ö┼║le 1 (elementy docelowe: _IsProjectRestoreSupported).
   1:2>Element docelowy ÔÇ×_IsProjectRestoreSupportedÔÇŁ w pliku ÔÇ×C:\Program Files\dotnet\sdk\8.0.101\NuGet.targetsÔÇŁ z projektu ÔÇ×C:\Users\emili\CascadeProjects\PhotoStudioManager\PhotoStudioManager.API\PhotoStudioManager.API.csprojÔÇŁ (punkt wej┼Ťcia):
   1:2>Wykonano kompilowanie elementu docelowego ÔÇ×_IsProjectRestoreSupportedÔÇŁ w projekcie ÔÇ×PhotoStudioManager.API.csprojÔÇŁ.
   1:2>Kompilowanie projektu ÔÇ×C:\Users\emili\CascadeProjects\PhotoStudioManager\PhotoStudioManager.API\PhotoStudioManager.API.csprojÔÇŁ wykonane (elementy docelowe: _IsProjectRestoreSupported).
     1>Wykonywanie zadania ÔÇ×MSBuildÔÇŁ zako┼äczone.
       Pomini─Öto zadanie ÔÇ×MSBuildÔÇŁ z powodu fa┼észywego warunku; ( '$(RestoreUseSkipNonexistentTargets)' != 'true' ) oszacowano jako ( 'true' != 'true' ).
       Za┼éadowano zestaw podczas TaskRun: NuGet.Build.Tasks, Version=6.8.0.122, Culture=neutral, PublicKeyToken=31bf3856ad364e35 (lokalizacja: C:\Program Files\dotnet\sdk\8.0.101\NuGet.Build.Tasks.dll, MVID: 3dbfdd68-1aaa-42c4-81fe-ee32b2bc58f4, domena aplikacji: [Default])
       Za┼éadowano zestaw podczas TaskRun: NuGet.Common, Version=6.8.0.122, Culture=neutral, PublicKeyToken=31bf3856ad364e35 (lokalizacja: C:\Program Files\dotnet\sdk\8.0.101\NuGet.Common.dll, MVID: c5110664-0ddc-45ed-ba19-e2f65604c60e, domena aplikacji: [Default])
       Za┼éadowano zestaw podczas TaskRun: NuGet.Commands, Version=6.8.0.122, Culture=neutral, PublicKeyToken=31bf3856ad364e35 (lokalizacja: C:\Program Files\dotnet\sdk\8.0.101\NuGet.Commands.dll, MVID: 184d1f1b-0843-4d88-93eb-c9eeb87d1a4e, domena aplikacji: [Default])
       Za┼éadowano zestaw podczas TaskRun: NuGet.ProjectModel, Version=6.8.0.122, Culture=neutral, PublicKeyToken=31bf3856ad364e35 (lokalizacja: C:\Program Files\dotnet\sdk\8.0.101\NuGet.ProjectModel.dll, MVID: 29e7c32a-a064-4ea8-bbe4-5620d4e8a710, domena aplikacji: [Default])
       U┼╝ywanie zadania ÔÇ×WarnForInvalidProjectsTaskÔÇŁ z zestawu ÔÇ×C:\Program Files\dotnet\sdk\8.0.101\NuGet.Build.Tasks.dllÔÇŁ.
       Zadanie ÔÇ×WarnForInvalidProjectsTaskÔÇŁ
         (in) AllProjects 'C:\Users\emili\CascadeProjects\PhotoStudioManager\PhotoStudioManager.API\PhotoStudioManager.API.csproj'
         (in) ValidProjects 'C:\Users\emili\CascadeProjects\PhotoStudioManager\PhotoStudioManager.API\PhotoStudioManager.API.csproj'
       Wykonywanie zadania ÔÇ×WarnForInvalidProjectsTaskÔÇŁ zako┼äczone.
     1>Wykonano kompilowanie elementu docelowego ÔÇ×_FilterRestoreGraphProjectInputItemsÔÇŁ w projekcie ÔÇ×PhotoStudioManager.API.csprojÔÇŁ.
       Pomini─Öto element docelowy ÔÇ×_FilterRestoreGraphProjectInputItemsÔÇŁ. Wcze┼Ťniejsza kompilacja powiod┼éa si─Ö.
     1>Element docelowy ÔÇ×_GetAllRestoreProjectPathItemsÔÇŁ w pliku ÔÇ×C:\Program Files\dotnet\sdk\8.0.101\NuGet.targetsÔÇŁ z projektu ÔÇ×C:\Users\emili\CascadeProjects\PhotoStudioManager\PhotoStudioManager.API\PhotoStudioManager.API.csprojÔÇŁ (zale┼╝y od niego element docelowy ÔÇ×_GenerateRestoreGraphÔÇŁ):
       U┼╝ywanie zadania ÔÇ×NuGetMessageTaskÔÇŁ z zestawu ÔÇ×C:\Program Files\dotnet\sdk\8.0.101\NuGet.Build.Tasks.dllÔÇŁ.
       Zadanie ÔÇ×NuGetMessageTaskÔÇŁ
         Za┼éadowano zestaw podczas TaskRun (NuGet.Build.Tasks.NuGetMessageTask): NuGet.Build.Tasks.resources, Version=6.0.0.278, Culture=pl, PublicKeyToken=31bf3856ad364e35, processorArchitecture=MSIL (lokalizacja: C:\Program Files\dotnet\sdk\8.0.101\pl\NuGet.Build.Tasks.resources.dll, MVID: d4a22a31-1558-443d-bf54-71ed1094bcf0, domena aplikacji: [Default])
         Trwa okre┼Ťlanie projekt├│w do przywr├│cenia...
       Wykonywanie zadania ÔÇ×NuGetMessageTaskÔÇŁ zako┼äczone.
       Zadanie ÔÇ×MSBuildÔÇŁ
         W┼éa┼Ťciwo┼Ťci globalne:
           ExcludeRestorePackageImports=true
     1>Projekt ÔÇ×C:\Users\emili\CascadeProjects\PhotoStudioManager\PhotoStudioManager.API\PhotoStudioManager.API.csprojÔÇŁ (1) kompiluje ÔÇ×C:\Users\emili\CascadeProjects\PhotoStudioManager\PhotoStudioManager.API\PhotoStudioManager.API.csprojÔÇŁ (1:3) w w─Ö┼║le 1 (elementy docelowe: _GenerateRestoreProjectPathWalk).
   1:3>Pomini─Öto element docelowy ÔÇ×_GenerateRestoreProjectPathItemsAllFrameworksÔÇŁ z powodu fa┼észywego warunku; ( '$(TargetFrameworks)' != '' ) oszacowano jako ( '' != '' ).
   1:3>Element docelowy ÔÇ×_GenerateRestoreProjectPathItemsPerFrameworkÔÇŁ w pliku ÔÇ×C:\Program Files\dotnet\sdk\8.0.101\NuGet.targetsÔÇŁ z projektu ÔÇ×C:\Users\emili\CascadeProjects\PhotoStudioManager\PhotoStudioManager.API\PhotoStudioManager.API.csprojÔÇŁ (zale┼╝y od niego element docelowy ÔÇ×_GenerateRestoreProjectPathItemsCurrentProjectÔÇŁ):
       U┼╝ywanie zadania ÔÇ×ConvertToAbsolutePathÔÇŁ z zestawu ÔÇ×Microsoft.Build.Tasks.Core, Version=15.1.0.0, Culture=neutral, PublicKeyToken=b03f5f7f11d50a3aÔÇŁ.
       Zadanie ÔÇ×ConvertToAbsolutePathÔÇŁ
       Wykonywanie zadania ÔÇ×ConvertToAbsolutePathÔÇŁ zako┼äczone.
   1:3>Wykonano kompilowanie elementu docelowego ÔÇ×_GenerateRestoreProjectPathItemsPerFrameworkÔÇŁ w projekcie ÔÇ×PhotoStudioManager.API.csprojÔÇŁ.
   1:3>Element docelowy ÔÇ×_GenerateRestoreProjectPathItemsCurrentProjectÔÇŁ w pliku ÔÇ×C:\Program Files\dotnet\sdk\8.0.101\NuGet.targetsÔÇŁ z projektu ÔÇ×C:\Users\emili\CascadeProjects\PhotoStudioManager\PhotoStudioManager.API\PhotoStudioManager.API.csprojÔÇŁ (zale┼╝y od niego element docelowy ÔÇ×_GenerateRestoreProjectPathItemsÔÇŁ):
   1:3>Wykonano kompilowanie elementu docelowego ÔÇ×_GenerateRestoreProjectPathItemsCurrentProjectÔÇŁ w projekcie ÔÇ×PhotoStudioManager.API.csprojÔÇŁ.
   1:3>Element docelowy ÔÇ×_GenerateRestoreProjectPathItemsÔÇŁ w pliku ÔÇ×C:\Program Files\dotnet\sdk\8.0.101\NuGet.targetsÔÇŁ z projektu ÔÇ×C:\Users\emili\CascadeProjects\PhotoStudioManager\PhotoStudioManager.API\PhotoStudioManager.API.csprojÔÇŁ (zale┼╝y od niego element docelowy ÔÇ×_GenerateRestoreProjectPathWalkÔÇŁ):
       Zadanie ÔÇ×RemoveDuplicatesÔÇŁ
       Wykonywanie zadania ÔÇ×RemoveDuplicatesÔÇŁ zako┼äczone.
   1:3>Wykonano kompilowanie elementu docelowego ÔÇ×_GenerateRestoreProjectPathItemsÔÇŁ w projekcie ÔÇ×PhotoStudioManager.API.csprojÔÇŁ.
   1:3>Element docelowy ÔÇ×_GenerateRestoreProjectPathWalkÔÇŁ w pliku ÔÇ×C:\Program Files\dotnet\sdk\8.0.101\NuGet.targetsÔÇŁ z projektu ÔÇ×C:\Users\emili\CascadeProjects\PhotoStudioManager\PhotoStudioManager.API\PhotoStudioManager.API.csprojÔÇŁ (punkt wej┼Ťcia):
       Zadanie ÔÇ×MSBuildÔÇŁ
         W┼éa┼Ťciwo┼Ťci globalne:
           ExcludeRestorePackageImports=true
     0>Ponowne przypisanie w┼éa┼Ťciwo┼Ťci: $(ImportDirectoryBuildProps)=ÔÇ×falseÔÇŁ (poprzednia warto┼Ť─ç: ÔÇ×trueÔÇŁ) w C:\Program Files\dotnet\sdk\8.0.101\Sdks\Microsoft.NET.Sdk\Sdk\Sdk.props (57,5)
       W┼éa┼Ťciwo┼Ť─ç ÔÇ×MSBuildExtensionsPathÔÇŁ o warto┼Ťci ÔÇ×C:\Program Files\dotnet\sdk\8.0.101\ÔÇŁ rozwini─Öto ze ┼Ťrodowiska.
       Ponowne przypisanie w┼éa┼Ťciwo┼Ťci: $(MSBuildProjectExtensionsPath)=ÔÇ×C:\Users\emili\CascadeProjects\PhotoStudioManager\PhotoStudioManager.Core\obj\ÔÇŁ (poprzednia warto┼Ť─ç: ÔÇ×obj\ÔÇŁ) w C:\Program Files\dotnet\sdk\8.0.101\Current\Microsoft.Common.props (60,5)
       Ponowne przypisanie w┼éa┼Ťciwo┼Ťci: $(AssemblySearchPaths)=ÔÇ×{CandidateAssemblyFiles};{HintPathFromItem}ÔÇŁ (poprzednia warto┼Ť─ç: ÔÇ×{CandidateAssemblyFiles}ÔÇŁ) w C:\Program Files\dotnet\sdk\8.0.101\Sdks\Microsoft.NET.Sdk\targets\Microsoft.NET.Sdk.props (91,5)
       Ponowne przypisanie w┼éa┼Ťciwo┼Ťci: $(AssemblySearchPaths)=ÔÇ×{CandidateAssemblyFiles};{HintPathFromItem};{TargetFrameworkDirectory}ÔÇŁ (poprzednia warto┼Ť─ç: ÔÇ×{CandidateAssemblyFiles};{HintPathFromItem}ÔÇŁ) w C:\Program Files\dotnet\sdk\8.0.101\Sdks\Microsoft.NET.Sdk\targets\Microsoft.NET.Sdk.props (92,5)
       Ponowne przypisanie w┼éa┼Ťciwo┼Ťci: $(AssemblySearchPaths)=ÔÇ×{CandidateAssemblyFiles};{HintPathFromItem};{TargetFrameworkDirectory};{RawFileName}ÔÇŁ (poprzednia warto┼Ť─ç: ÔÇ×{CandidateAssemblyFiles};{HintPathFromItem};{TargetFrameworkDirectory}ÔÇŁ) w C:\Program Files\dotnet\sdk\8.0.101\Sdks\Microsoft.NET.Sdk\targets\Microsoft.NET.Sdk.props (93,5)
       Ponowne przypisanie w┼éa┼Ťciwo┼Ťci: $(TargetsForTfmSpecificContentInPackage)=ÔÇ×;PackTool;_PackProjectToolValidationÔÇŁ (poprzednia warto┼Ť─ç: ÔÇ×;PackToolÔÇŁ) w C:\Program Files\dotnet\sdk\8.0.101\Sdks\Microsoft.NET.Sdk\targets\Microsoft.NET.PackProjectTool.props (15,5)
       Ponowne przypisanie w┼éa┼Ťciwo┼Ťci: $(PublishProfileImported)=ÔÇ×falseÔÇŁ (poprzednia warto┼Ť─ç: ÔÇ×trueÔÇŁ) w C:\Program Files\dotnet\sdk\8.0.101\Sdks\Microsoft.NET.Sdk\targets\Microsoft.NET.Sdk.ImportPublishProfile.targets (28,5)
       Ponowne przypisanie w┼éa┼Ťciwo┼Ťci: $(TargetPlatformVersion)=ÔÇ×ÔÇŁ (poprzednia warto┼Ť─ç: ÔÇ×0.0ÔÇŁ) w C:\Program Files\dotnet\sdk\8.0.101\Sdks\Microsoft.NET.Sdk\targets\Microsoft.NET.TargetFrameworkInference.targets (69,5)
       Ponowne przypisanie w┼éa┼Ťciwo┼Ťci: $(DefaultItemExcludes)=ÔÇ×;bin\Debug\/**;obj\Debug\/**ÔÇŁ (poprzednia warto┼Ť─ç: ÔÇ×;bin\Debug\/**ÔÇŁ) w C:\Program Files\dotnet\sdk\8.0.101\Sdks\Microsoft.NET.Sdk\targets\Microsoft.NET.DefaultOutputPaths.targets (122,5)
       Ponowne przypisanie w┼éa┼Ťciwo┼Ťci: $(OutputPath)=ÔÇ×bin\Debug\net8.0\ÔÇŁ (poprzednia warto┼Ť─ç: ÔÇ×bin\Debug\ÔÇŁ) w C:\Program Files\dotnet\sdk\8.0.101\Sdks\Microsoft.NET.Sdk\targets\Microsoft.NET.DefaultOutputPaths.targets (137,5)
       Ponowne przypisanie w┼éa┼Ťciwo┼Ťci: $(IntermediateOutputPath)=ÔÇ×obj\Debug\net8.0\ÔÇŁ (poprzednia warto┼Ť─ç: ÔÇ×obj\Debug\ÔÇŁ) w C:\Program Files\dotnet\sdk\8.0.101\Sdks\Microsoft.NET.Sdk\targets\Microsoft.NET.DefaultOutputPaths.targets (142,5)
       Ponowne przypisanie w┼éa┼Ťciwo┼Ťci: $(_FrameworkIdentifierForImplicitDefine)=ÔÇ×NETÔÇŁ (poprzednia warto┼Ť─ç: ÔÇ×NETCOREAPPÔÇŁ) w C:\Program Files\dotnet\sdk\8.0.101\Sdks\Microsoft.NET.Sdk\targets\Microsoft.NET.Sdk.BeforeCommon.targets (187,5)
       Ponowne przypisanie w┼éa┼Ťciwo┼Ťci: $(_FrameworkVersionForImplicitDefine)=ÔÇ×8_0ÔÇŁ (poprzednia warto┼Ť─ç: ÔÇ×8.0ÔÇŁ) w C:\Program Files\dotnet\sdk\8.0.101\Sdks\Microsoft.NET.Sdk\targets\Microsoft.NET.Sdk.BeforeCommon.targets (192,5)
       Ponowne przypisanie w┼éa┼Ťciwo┼Ťci: $(CommandLineArgsForDesignTimeEvaluation)=ÔÇ×-langversion:12.0 -define:TRACEÔÇŁ (poprzednia warto┼Ť─ç: ÔÇ×-langversion:12.0ÔÇŁ) w C:\Program Files\dotnet\sdk\8.0.101\Roslyn\Microsoft.CSharp.Core.targets (197,5)
       Ponowne przypisanie w┼éa┼Ťciwo┼Ťci: $(_DebugSymbolsProduced)=ÔÇ×trueÔÇŁ (poprzednia warto┼Ť─ç: ÔÇ×falseÔÇŁ) w C:\Program Files\dotnet\sdk\8.0.101\Microsoft.Common.CurrentVersion.targets (175,5)
       Ponowne przypisanie w┼éa┼Ťciwo┼Ťci: $(_DocumentationFileProduced)=ÔÇ×falseÔÇŁ (poprzednia warto┼Ť─ç: ÔÇ×trueÔÇŁ) w C:\Program Files\dotnet\sdk\8.0.101\Microsoft.Common.CurrentVersion.targets (185,5)
       Ponowne przypisanie w┼éa┼Ťciwo┼Ťci: $(ProcessorArchitecture)=ÔÇ×msilÔÇŁ (poprzednia warto┼Ť─ç: ÔÇ×ÔÇŁ) w C:\Program Files\dotnet\sdk\8.0.101\Microsoft.Common.CurrentVersion.targets (529,5)
       Ponowne przypisanie w┼éa┼Ťciwo┼Ťci: $(DelaySign)=ÔÇ×ÔÇŁ (poprzednia warto┼Ť─ç: ÔÇ×falseÔÇŁ) w C:\Program Files\dotnet\sdk\8.0.101\Microsoft.Common.CurrentVersion.targets (568,5)
       W┼éa┼Ťciwo┼Ť─ç ÔÇ×LOCALAPPDATAÔÇŁ o warto┼Ťci ÔÇ×C:\Users\emili\AppData\LocalÔÇŁ rozwini─Öto ze ┼Ťrodowiska.
       Ponowne przypisanie w┼éa┼Ťciwo┼Ťci: $(_SGenGenerateSerializationAssembliesConfig)=ÔÇ×AutoÔÇŁ (poprzednia warto┼Ť─ç: ÔÇ×ÔÇŁ) w C:\Program Files\dotnet\sdk\8.0.101\Microsoft.Common.CurrentVersion.targets (3824,5)
       Ponowne przypisanie w┼éa┼Ťciwo┼Ťci: $(_SGenGenerateSerializationAssembliesConfig)=ÔÇ×OffÔÇŁ (poprzednia warto┼Ť─ç: ÔÇ×AutoÔÇŁ) w C:\Program Files\dotnet\sdk\8.0.101\Microsoft.Common.CurrentVersion.targets (3825,5)
       Ponowne przypisanie w┼éa┼Ťciwo┼Ťci: $(_TargetsThatPrepareProjectReferences)=ÔÇ×
             AssignProjectConfiguration;
             _SplitProjectReferencesByFileExistence
           ÔÇŁ (poprzednia warto┼Ť─ç: ÔÇ×_SplitProjectReferencesByFileExistenceÔÇŁ) w C:\Program Files\dotnet\sdk\8.0.101\Microsoft.Common.CurrentVersion.targets (4976,5)
       W┼éa┼Ťciwo┼Ť─ç ÔÇ×MSBuildExtensionsPath32ÔÇŁ o warto┼Ťci ÔÇ×C:\Program Files\dotnet\sdk\8.0.101ÔÇŁ rozwini─Öto ze ┼Ťrodowiska.
       Za┼éadowano zestaw podczas Evaluation: System.IO.Pipes, Version=8.0.0.0, Culture=neutral, PublicKeyToken=b03f5f7f11d50a3a (lokalizacja: C:\Program Files\dotnet\shared\Microsoft.NETCore.App\8.0.1\System.IO.Pipes.dll, MVID: 604ac6ec-1cf7-4873-9522-bf2564b9e721, domena aplikacji: [Default])
       Ponowne przypisanie w┼éa┼Ťciwo┼Ťci: $(ProjectAssetsFile)=ÔÇ×C:\Users\emili\CascadeProjects\PhotoStudioManager\PhotoStudioManager.Core\obj\project.assets.jsonÔÇŁ (poprzednia warto┼Ť─ç: ÔÇ×C:\Users\emili\CascadeProjects\PhotoStudioManager\PhotoStudioManager.Core\obj\/project.assets.jsonÔÇŁ) w C:\Program Files\dotnet\sdk\8.0.101\Sdks\Microsoft.NET.Sdk\targets\Microsoft.PackageDependencyResolution.targets (24,5)
       Ponowne przypisanie w┼éa┼Ťciwo┼Ťci: $(ProjectAssetsCacheFile)=ÔÇ×C:\Users\emili\CascadeProjects\PhotoStudioManager\PhotoStudioManager.Core\obj\Debug\net8.0\PhotoStudioManager.Core.assets.cacheÔÇŁ (poprzednia warto┼Ť─ç: ÔÇ×obj\Debug\net8.0\PhotoStudioManager.Core.assets.cacheÔÇŁ) w C:\Program Files\dotnet\sdk\8.0.101\Sdks\Microsoft.NET.Sdk\targets\Microsoft.PackageDependencyResolution.targets (29,5)
       Ponowne przypisanie w┼éa┼Ťciwo┼Ťci: $(ResolveAssemblyReferencesDependsOn)=ÔÇ×
             
             ResolveProjectReferences;
             FindInvalidProjectReferences;
             GetFrameworkPaths;
             GetReferenceAssemblyPaths;
             PrepareForBuild;
             ResolveSDKReferences;
             ExpandSDKReferences;
           ;
             ResolvePackageDependenciesForBuild;
             _HandlePackageFileConflicts;
           ÔÇŁ (poprzednia warto┼Ť─ç: ÔÇ×
             ResolveProjectReferences;
             FindInvalidProjectReferences;
             GetFrameworkPaths;
             GetReferenceAssemblyPaths;
             PrepareForBuild;
             ResolveSDKReferences;
             ExpandSDKReferences;
           ÔÇŁ) w C:\Program Files\dotnet\sdk\8.0.101\Sdks\Microsoft.NET.Sdk\targets\Microsoft.PackageDependencyResolution.targets (80,5)
       Ponowne przypisanie w┼éa┼Ťciwo┼Ťci: $(PrepareResourcesDependsOn)=ÔÇ×
             ResolvePackageDependenciesForBuild;
             _HandlePackageFileConflicts;
             
             ;
             PrepareResourceNames;
             ResGen;
             CompileLicxFiles
           
           ÔÇŁ (poprzednia warto┼Ť─ç: ÔÇ×
             ;
             PrepareResourceNames;
             ResGen;
             CompileLicxFiles
           ÔÇŁ) w C:\Program Files\dotnet\sdk\8.0.101\Sdks\Microsoft.NET.Sdk\targets\Microsoft.PackageDependencyResolution.targets (86,5)
       Ponowne przypisanie w┼éa┼Ťciwo┼Ťci: $(DefaultItemExcludes)=ÔÇ×;bin\Debug\/**;obj\Debug\/**;bin\/**ÔÇŁ (poprzednia warto┼Ť─ç: ÔÇ×;bin\Debug\/**;obj\Debug\/**ÔÇŁ) w C:\Program Files\dotnet\sdk\8.0.101\Sdks\Microsoft.NET.Sdk\targets\Microsoft.NET.Sdk.DefaultItems.targets (27,5)
       Ponowne przypisanie w┼éa┼Ťciwo┼Ťci: $(DefaultItemExcludes)=ÔÇ×;bin\Debug\/**;obj\Debug\/**;bin\/**;obj\/**ÔÇŁ (poprzednia warto┼Ť─ç: ÔÇ×;bin\Debug\/**;obj\Debug\/**;bin\/**ÔÇŁ) w C:\Program Files\dotnet\sdk\8.0.101\Sdks\Microsoft.NET.Sdk\targets\Microsoft.NET.Sdk.DefaultItems.targets (29,5)
       Ponowne przypisanie w┼éa┼Ťciwo┼Ťci: $(DefaultItemExcludes)=ÔÇ×;bin\Debug\/**;obj\Debug\/**;bin\/**;obj\/**;**/*.userÔÇŁ (poprzednia warto┼Ť─ç: ÔÇ×;bin\Debug\/**;obj\Debug\/**;bin\/**;obj\/**ÔÇŁ) w C:\Program Files\dotnet\sdk\8.0.101\Sdks\Microsoft.NET.Sdk\targets\Microsoft.NET.Sdk.DefaultItems.targets (32,5)
       Ponowne przypisanie w┼éa┼Ťciwo┼Ťci: $(DefaultItemExcludes)=ÔÇ×;bin\Debug\/**;obj\Debug\/**;bin\/**;obj\/**;**/*.user;**/*.*projÔÇŁ (poprzednia warto┼Ť─ç: ÔÇ×;bin\Debug\/**;obj\Debug\/**;bin\/**;obj\/**;**/*.userÔÇŁ) w C:\Program Files\dotnet\sdk\8.0.101\Sdks\Microsoft.NET.Sdk\targets\Microsoft.NET.Sdk.DefaultItems.targets (33,5)
       Ponowne przypisanie w┼éa┼Ťciwo┼Ťci: $(DefaultItemExcludes)=ÔÇ×;bin\Debug\/**;obj\Debug\/**;bin\/**;obj\/**;**/*.user;**/*.*proj;**/*.slnÔÇŁ (poprzednia warto┼Ť─ç: ÔÇ×;bin\Debug\/**;obj\Debug\/**;bin\/**;obj\/**;**/*.user;**/*.*projÔÇŁ) w C:\Program Files\dotnet\sdk\8.0.101\Sdks\Microsoft.NET.Sdk\targets\Microsoft.NET.Sdk.DefaultItems.targets (34,5)
       Ponowne przypisanie w┼éa┼Ťciwo┼Ťci: $(DefaultItemExcludes)=ÔÇ×;bin\Debug\/**;obj\Debug\/**;bin\/**;obj\/**;**/*.user;**/*.*proj;**/*.sln;**/*.vsssccÔÇŁ (poprzednia warto┼Ť─ç: ÔÇ×;bin\Debug\/**;obj\Debug\/**;bin\/**;obj\/**;**/*.user;**/*.*proj;**/*.slnÔÇŁ) w C:\Program Files\dotnet\sdk\8.0.101\Sdks\Microsoft.NET.Sdk\targets\Microsoft.NET.Sdk.DefaultItems.targets (35,5)
       Ponowne przypisanie w┼éa┼Ťciwo┼Ťci: $(DefaultItemExcludes)=ÔÇ×;bin\Debug\/**;obj\Debug\/**;bin\/**;obj\/**;**/*.user;**/*.*proj;**/*.sln;**/*.vssscc;**/.DS_StoreÔÇŁ (poprzednia warto┼Ť─ç: ÔÇ×;bin\Debug\/**;obj\Debug\/**;bin\/**;obj\/**;**/*.user;**/*.*proj;**/*.sln;**/*.vsssccÔÇŁ) w C:\Program Files\dotnet\sdk\8.0.101\Sdks\Microsoft.NET.Sdk\targets\Microsoft.NET.Sdk.DefaultItems.targets (36,5)
       Ponowne przypisanie w┼éa┼Ťciwo┼Ťci: $(ResolveAssemblyReferencesDependsOn)=ÔÇ×
             
             
             ResolveProjectReferences;
             FindInvalidProjectReferences;
             GetFrameworkPaths;
             GetReferenceAssemblyPaths;
             PrepareForBuild;
             ResolveSDKReferences;
             ExpandSDKReferences;
           ;
             ResolvePackageDependenciesForBuild;
             _HandlePackageFileConflicts;
           ;
             ResolveTargetingPackAssets;
           ÔÇŁ (poprzednia warto┼Ť─ç: ÔÇ×
             
             ResolveProjectReferences;
             FindInvalidProjectReferences;
             GetFrameworkPaths;
             GetReferenceAssemblyPaths;
             PrepareForBuild;
             ResolveSDKReferences;
             ExpandSDKReferences;
           ;
             ResolvePackageDependenciesForBuild;
             _HandlePackageFileConflicts;
           ÔÇŁ) w C:\Program Files\dotnet\sdk\8.0.101\Sdks\Microsoft.NET.Sdk\targets\Microsoft.NET.Sdk.FrameworkReferenceResolution.targets (14,5)
       Ponowne przypisanie w┼éa┼Ťciwo┼Ťci: $(_GenerateRuntimeConfigurationPropertyInputsCache)=ÔÇ×C:\Users\emili\CascadeProjects\PhotoStudioManager\PhotoStudioManager.Core\obj\Debug\net8.0\PhotoStudioManager.Core.genruntimeconfig.cacheÔÇŁ (poprzednia warto┼Ť─ç: ÔÇ×obj\Debug\net8.0\PhotoStudioManager.Core.genruntimeconfig.cacheÔÇŁ) w C:\Program Files\dotnet\sdk\8.0.101\Sdks\Microsoft.NET.Sdk\targets\Microsoft.NET.Sdk.targets (44,5)
       Ponowne przypisanie w┼éa┼Ťciwo┼Ťci: $(_GeneratePublishDependencyFilePropertyInputsCache)=ÔÇ×C:\Users\emili\CascadeProjects\PhotoStudioManager\PhotoStudioManager.Core\obj\Debug\net8.0\PhotoStudioManager.Core.genpublishdeps.cacheÔÇŁ (poprzednia warto┼Ť─ç: ÔÇ×obj\Debug\net8.0\PhotoStudioManager.Core.genpublishdeps.cacheÔÇŁ) w C:\Program Files\dotnet\sdk\8.0.101\Sdks\Microsoft.NET.Sdk\targets\Microsoft.NET.Sdk.targets (46,5)
       Ponowne przypisanie w┼éa┼Ťciwo┼Ťci: $(_GenerateSingleFileBundlePropertyInputsCache)=ÔÇ×C:\Users\emili\CascadeProjects\PhotoStudioManager\PhotoStudioManager.Core\obj\Debug\net8.0\PhotoStudioManager.Core.genbundle.cacheÔÇŁ (poprzednia warto┼Ť─ç: ÔÇ×obj\Debug\net8.0\PhotoStudioManager.Core.genbundle.cacheÔÇŁ) w C:\Program Files\dotnet\sdk\8.0.101\Sdks\Microsoft.NET.Sdk\targets\Microsoft.NET.Sdk.targets (48,5)
       Ponowne przypisanie w┼éa┼Ťciwo┼Ťci: $(GenerateRuntimeConfigDevFile)=ÔÇ×falseÔÇŁ (poprzednia warto┼Ť─ç: ÔÇ×trueÔÇŁ) w C:\Program Files\dotnet\sdk\8.0.101\Sdks\Microsoft.NET.Sdk\targets\Microsoft.NET.Sdk.targets (81,5)
       W┼éa┼Ťciwo┼Ť─ç ÔÇ×USERPROFILEÔÇŁ o warto┼Ťci ÔÇ×C:\Users\emiliÔÇŁ rozwini─Öto ze ┼Ťrodowiska.
       Ponowne przypisanie w┼éa┼Ťciwo┼Ťci: $(_DefaultUserProfileRuntimeStorePath)=ÔÇ×C:\Users\emiliÔÇŁ (poprzednia warto┼Ť─ç: ÔÇ×ÔÇŁ) w C:\Program Files\dotnet\sdk\8.0.101\Sdks\Microsoft.NET.Sdk\targets\Microsoft.NET.Sdk.targets (97,5)
       Ponowne przypisanie w┼éa┼Ťciwo┼Ťci: $(_DefaultUserProfileRuntimeStorePath)=ÔÇ×C:\Users\emili\.dotnet\storeÔÇŁ (poprzednia warto┼Ť─ç: ÔÇ×C:\Users\emiliÔÇŁ) w C:\Program Files\dotnet\sdk\8.0.101\Sdks\Microsoft.NET.Sdk\targets\Microsoft.NET.Sdk.targets (98,5)
       Ponowne przypisanie w┼éa┼Ťciwo┼Ťci: $(AvailablePlatforms)=ÔÇ×Any CPU,x86,x64,ARM32ÔÇŁ (poprzednia warto┼Ť─ç: ÔÇ×Any CPU,x86,x64ÔÇŁ) w C:\Program Files\dotnet\sdk\8.0.101\Sdks\Microsoft.NET.Sdk\targets\Microsoft.NET.Sdk.targets (136,5)
       Ponowne przypisanie w┼éa┼Ťciwo┼Ťci: $(AvailablePlatforms)=ÔÇ×Any CPU,x86,x64,ARM32,ARM64ÔÇŁ (poprzednia warto┼Ť─ç: ÔÇ×Any CPU,x86,x64,ARM32ÔÇŁ) w C:\Program Files\dotnet\sdk\8.0.101\Sdks\Microsoft.NET.Sdk\targets\Microsoft.NET.Sdk.targets (140,5)
       Ponowne przypisanie w┼éa┼Ťciwo┼Ťci: $(CoreBuildDependsOn)=ÔÇ×
             _CheckForBuildWithNoBuild;
             
             BuildOnlySettings;
             PrepareForBuild;
             PreBuildEvent;
             ResolveReferences;
             PrepareResources;
             ResolveKeySource;
             Compile;
             ExportWindowsMDFile;
             UnmanagedUnregistration;
             GenerateSerializationAssemblies;
             CreateSatelliteAssemblies;
             GenerateManifests;
             GetTargetPath;
             PrepareForRun;
             UnmanagedRegistration;
             IncrementalClean;
             PostBuildEvent
           ;
             GenerateBuildDependencyFile;
             GenerateBuildRuntimeConfigurationFiles
           ÔÇŁ (poprzednia warto┼Ť─ç: ÔÇ×
             BuildOnlySettings;
             PrepareForBuild;
             PreBuildEvent;
             ResolveReferences;
             PrepareResources;
             ResolveKeySource;
             Compile;
             ExportWindowsMDFile;
             UnmanagedUnregistration;
             GenerateSerializationAssemblies;
             CreateSatelliteAssemblies;
             GenerateManifests;
             GetTargetPath;
             PrepareForRun;
             UnmanagedRegistration;
             IncrementalClean;
             PostBuildEvent
           ÔÇŁ) w C:\Program Files\dotnet\sdk\8.0.101\Sdks\Microsoft.NET.Sdk\targets\Microsoft.NET.Sdk.targets (197,5)
       Ponowne przypisanie w┼éa┼Ťciwo┼Ťci: $(CoreCleanDependsOn)=ÔÇ×
             _SdkBeforeClean;
             
           ÔÇŁ (poprzednia warto┼Ť─ç: ÔÇ×ÔÇŁ) w C:\Program Files\dotnet\sdk\8.0.101\Sdks\Microsoft.NET.Sdk\targets\Microsoft.NET.Sdk.targets (206,5)
       Ponowne przypisanie w┼éa┼Ťciwo┼Ťci: $(RebuildDependsOn)=ÔÇ×
             _SdkBeforeRebuild;
             
             BeforeRebuild;
             Clean;
             Build;
             AfterRebuild;
           
           ÔÇŁ (poprzednia warto┼Ť─ç: ÔÇ×
             BeforeRebuild;
             Clean;
             Build;
             AfterRebuild;
           ÔÇŁ) w C:\Program Files\dotnet\sdk\8.0.101\Sdks\Microsoft.NET.Sdk\targets\Microsoft.NET.Sdk.targets (213,5)
       Ponowne przypisanie w┼éa┼Ťciwo┼Ťci: $(CompileDependsOn)=ÔÇ×
             
             ResolveReferences;
             ResolveKeySource;
             SetWin32ManifestProperties;
             FindReferenceAssembliesForReferences;
             _GenerateCompileInputs;
             BeforeCompile;
             _TimeStampBeforeCompile;
             _GenerateCompileDependencyCache;
             CoreCompile;
             _TimeStampAfterCompile;
             AfterCompile;
           ;
             _CreateAppHost;
             _CreateComHost;
             _GetIjwHostPaths;
           ÔÇŁ (poprzednia warto┼Ť─ç: ÔÇ×
             ResolveReferences;
             ResolveKeySource;
             SetWin32ManifestProperties;
             FindReferenceAssembliesForReferences;
             _GenerateCompileInputs;
             BeforeCompile;
             _TimeStampBeforeCompile;
             _GenerateCompileDependencyCache;
             CoreCompile;
             _TimeStampAfterCompile;
             AfterCompile;
           ÔÇŁ) w C:\Program Files\dotnet\sdk\8.0.101\Sdks\Microsoft.NET.Sdk\targets\Microsoft.NET.Sdk.targets (679,5)
       Ponowne przypisanie w┼éa┼Ťciwo┼Ťci: $(CreateSatelliteAssembliesDependsOn)=ÔÇ×
             
             _GenerateSatelliteAssemblyInputs;
             ComputeIntermediateSatelliteAssemblies;
             GenerateSatelliteAssemblies
           ;
             CoreGenerateSatelliteAssemblies
           ÔÇŁ (poprzednia warto┼Ť─ç: ÔÇ×
             _GenerateSatelliteAssemblyInputs;
             ComputeIntermediateSatelliteAssemblies;
             GenerateSatelliteAssemblies
           ÔÇŁ) w C:\Program Files\dotnet\sdk\8.0.101\Sdks\Microsoft.NET.Sdk\targets\Microsoft.NET.Sdk.targets (1065,5)
       Ponowne przypisanie w┼éa┼Ťciwo┼Ťci: $(SourceLinkUrlInitializerTargets)=ÔÇ×;_InitializeGitHubSourceLinkUrl;_InitializeGitLabSourceLinkUrlÔÇŁ (poprzednia warto┼Ť─ç: ÔÇ×;_InitializeGitHubSourceLinkUrlÔÇŁ) w C:\Program Files\dotnet\sdk\8.0.101\Sdks\Microsoft.SourceLink.GitLab\build\Microsoft.SourceLink.GitLab.targets (12,5)
       Ponowne przypisanie w┼éa┼Ťciwo┼Ťci: $(SourceControlManagerUrlTranslationTargets)=ÔÇ×;TranslateGitHubUrlsInSourceControlInformation;TranslateGitLabUrlsInSourceControlInformationÔÇŁ (poprzednia warto┼Ť─ç: ÔÇ×;TranslateGitHubUrlsInSourceControlInformationÔÇŁ) w C:\Program Files\dotnet\sdk\8.0.101\Sdks\Microsoft.SourceLink.GitLab\build\Microsoft.SourceLink.GitLab.targets (13,5)
       Ponowne przypisanie w┼éa┼Ťciwo┼Ťci: $(SourceLinkUrlInitializerTargets)=ÔÇ×;_InitializeGitHubSourceLinkUrl;_InitializeGitLabSourceLinkUrl;_InitializeAzureReposGitSourceLinkUrlÔÇŁ (poprzednia warto┼Ť─ç: ÔÇ×;_InitializeGitHubSourceLinkUrl;_InitializeGitLabSourceLinkUrlÔÇŁ) w C:\Program Files\dotnet\sdk\8.0.101\Sdks\Microsoft.SourceLink.AzureRepos.Git\build\Microsoft.SourceLink.AzureRepos.Git.targets (12,5)
       Ponowne przypisanie w┼éa┼Ťciwo┼Ťci: $(SourceControlManagerUrlTranslationTargets)=ÔÇ×;TranslateGitHubUrlsInSourceControlInformation;TranslateGitLabUrlsInSourceControlInformation;TranslateAzureReposGitUrlsInSourceControlInformationÔÇŁ (poprzednia warto┼Ť─ç: ÔÇ×;TranslateGitHubUrlsInSourceControlInformation;TranslateGitLabUrlsInSourceControlInformationÔÇŁ) w C:\Program Files\dotnet\sdk\8.0.101\Sdks\Microsoft.SourceLink.AzureRepos.Git\build\Microsoft.SourceLink.AzureRepos.Git.targets (13,5)
       Ponowne przypisanie w┼éa┼Ťciwo┼Ťci: $(SourceLinkUrlInitializerTargets)=ÔÇ×;_InitializeGitHubSourceLinkUrl;_InitializeGitLabSourceLinkUrl;_InitializeAzureReposGitSourceLinkUrl;_InitializeBitbucketGitSourceLinkUrlÔÇŁ (poprzednia warto┼Ť─ç: ÔÇ×;_InitializeGitHubSourceLinkUrl;_InitializeGitLabSourceLinkUrl;_InitializeAzureReposGitSourceLinkUrlÔÇŁ) w C:\Program Files\dotnet\sdk\8.0.101\Sdks\Microsoft.SourceLink.Bitbucket.Git\build\Microsoft.SourceLink.Bitbucket.Git.targets (12,5)
       Ponowne przypisanie w┼éa┼Ťciwo┼Ťci: $(SourceControlManagerUrlTranslationTargets)=ÔÇ×;TranslateGitHubUrlsInSourceControlInformation;TranslateGitLabUrlsInSourceControlInformation;TranslateAzureReposGitUrlsInSourceControlInformation;TranslateBitbucketGitUrlsInSourceControlInformationÔÇŁ (poprzednia warto┼Ť─ç: ÔÇ×;TranslateGitHubUrlsInSourceControlInformation;TranslateGitLabUrlsInSourceControlInformation;TranslateAzureReposGitUrlsInSourceControlInformationÔÇŁ) w C:\Program Files\dotnet\sdk\8.0.101\Sdks\Microsoft.SourceLink.Bitbucket.Git\build\Microsoft.SourceLink.Bitbucket.Git.targets (13,5)
       Ponowne przypisanie w┼éa┼Ťciwo┼Ťci: $(DesignerRuntimeImplementationProjectOutputGroupDependsOn)=ÔÇ×
             
             ;
             
             ;
             BuildOnlySettings;
             PrepareForBuild;
             AssignTargetPaths;
             ResolveReferences
           
           ;
             _GenerateDesignerDepsFile;
             _GenerateDesignerRuntimeConfigFile;
             GetCopyToOutputDirectoryItems;
             _GatherDesignerShadowCopyFiles;
           ÔÇŁ (poprzednia warto┼Ť─ç: ÔÇ×
             ;
             
             ;
             BuildOnlySettings;
             PrepareForBuild;
             AssignTargetPaths;
             ResolveReferences
           
           ÔÇŁ) w C:\Program Files\dotnet\sdk\8.0.101\Sdks\Microsoft.NET.Sdk\targets\Microsoft.NET.DesignerSupport.targets (21,5)
       Ponowne u┼╝ycie w─Öz┼éa 2 (identyfikator PID: 18712).
       Ponowne przypisanie w┼éa┼Ťciwo┼Ťci: $(_GenerateToolsSettingsFileCacheFile)=ÔÇ×C:\Users\emili\CascadeProjects\PhotoStudioManager\PhotoStudioManager.Core\obj\Debug\net8.0\PhotoStudioManager.Core.toolssettingsinput.cacheÔÇŁ (poprzednia warto┼Ť─ç: ÔÇ×obj\Debug\net8.0\PhotoStudioManager.Core.toolssettingsinput.cacheÔÇŁ) w C:\Program Files\dotnet\sdk\8.0.101\Sdks\Microsoft.NET.Sdk\targets\Microsoft.NET.PackTool.targets (68,5)
       Ponowne przypisanie w┼éa┼Ťciwo┼Ťci: $(_ShimInputCacheFile)=ÔÇ×C:\Users\emili\CascadeProjects\PhotoStudioManager\PhotoStudioManager.Core\obj\Debug\net8.0\PhotoStudioManager.Core.shiminput.cacheÔÇŁ (poprzednia warto┼Ť─ç: ÔÇ×obj\Debug\net8.0\PhotoStudioManager.Core.shiminput.cacheÔÇŁ) w C:\Program Files\dotnet\sdk\8.0.101\Sdks\Microsoft.NET.Sdk\targets\Microsoft.NET.PackTool.targets (137,5)
       Ponowne przypisanie w┼éa┼Ťciwo┼Ťci: $(_ShimCreatedSentinelFile)=ÔÇ×C:\Users\emili\CascadeProjects\PhotoStudioManager\PhotoStudioManager.Core\obj\Debug\net8.0\PhotoStudioManager.Core.shimcreated.sentinelÔÇŁ (poprzednia warto┼Ť─ç: ÔÇ×obj\Debug\net8.0\PhotoStudioManager.Core.shimcreated.sentinelÔÇŁ) w C:\Program Files\dotnet\sdk\8.0.101\Sdks\Microsoft.NET.Sdk\targets\Microsoft.NET.PackTool.targets (139,5)
       Ponowne przypisanie w┼éa┼Ťciwo┼Ťci: $(DefineConstants)=ÔÇ×TRACE;DEBUGÔÇŁ (poprzednia warto┼Ť─ç: ÔÇ×TRACEÔÇŁ) w C:\Program Files\dotnet\sdk\8.0.101\Sdks\Microsoft.NET.Sdk\targets\Microsoft.NET.Sdk.CSharp.targets (31,5)
       Ponowne przypisanie w┼éa┼Ťciwo┼Ťci: $(DefineConstants)=ÔÇ×TRACE;DEBUG;NET;NET8_0;NETCOREAPPÔÇŁ (poprzednia warto┼Ť─ç: ÔÇ×TRACE;DEBUGÔÇŁ) w C:\Program Files\dotnet\sdk\8.0.101\Sdks\Microsoft.NET.Sdk\targets\Microsoft.NET.Sdk.CSharp.targets (34,5)
       Ponowne przypisanie w┼éa┼Ťciwo┼Ťci: $(WarningsAsErrors)=ÔÇ×;NU1605;SYSLIB0011ÔÇŁ (poprzednia warto┼Ť─ç: ÔÇ×;NU1605ÔÇŁ) w C:\Program Files\dotnet\sdk\8.0.101\Sdks\Microsoft.NET.Sdk\targets\Microsoft.NET.Sdk.CSharp.targets (48,5)
       Ponowne przypisanie w┼éa┼Ťciwo┼Ťci: $(PackageDescription)=ÔÇ×Package DescriptionÔÇŁ (poprzednia warto┼Ť─ç: ÔÇ×ÔÇŁ) w C:\Program Files\dotnet\sdk\8.0.101\Sdks\NuGet.Build.Tasks.Pack\build\NuGet.Build.Tasks.Pack.targets (34,5)
       Ponowne przypisanie w┼éa┼Ťciwo┼Ťci: $(GenerateNuspecDependsOn)=ÔÇ×Build;_LoadPackInputItems; _GetTargetFrameworksOutput; _WalkEachTargetPerFramework; _GetPackageFiles; ÔÇŁ (poprzednia warto┼Ť─ç: ÔÇ×_LoadPackInputItems; _GetTargetFrameworksOutput; _WalkEachTargetPerFramework; _GetPackageFiles; ÔÇŁ) w C:\Program Files\dotnet\sdk\8.0.101\Sdks\NuGet.Build.Tasks.Pack\build\NuGet.Build.Tasks.Pack.targets (59,5)
       Ponowne przypisanie w┼éa┼Ťciwo┼Ťci: $(ImportDirectoryBuildProps)=ÔÇ×falseÔÇŁ (poprzednia warto┼Ť─ç: ÔÇ×trueÔÇŁ) w C:\Program Files\dotnet\sdk\8.0.101\Sdks\Microsoft.NET.Sdk\Sdk\Sdk.props (57,5)
       W┼éa┼Ťciwo┼Ť─ç ÔÇ×MSBuildExtensionsPathÔÇŁ o warto┼Ťci ÔÇ×C:\Program Files\dotnet\sdk\8.0.101\ÔÇŁ rozwini─Öto ze ┼Ťrodowiska.
       Ponowne przypisanie w┼éa┼Ťciwo┼Ťci: $(MSBuildProjectExtensionsPath)=ÔÇ×C:\Users\emili\CascadeProjects\PhotoStudioManager\PhotoStudioManager.Infrastructure\obj\ÔÇŁ (poprzednia warto┼Ť─ç: ÔÇ×obj\ÔÇŁ) w C:\Program Files\dotnet\sdk\8.0.101\Current\Microsoft.Common.props (60,5)
       Ponowne przypisanie w┼éa┼Ťciwo┼Ťci: $(AssemblySearchPaths)=ÔÇ×{CandidateAssemblyFiles};{HintPathFromItem}ÔÇŁ (poprzednia warto┼Ť─ç: ÔÇ×{CandidateAssemblyFiles}ÔÇŁ) w C:\Program Files\dotnet\sdk\8.0.101\Sdks\Microsoft.NET.Sdk\targets\Microsoft.NET.Sdk.props (91,5)
       Ponowne przypisanie w┼éa┼Ťciwo┼Ťci: $(AssemblySearchPaths)=ÔÇ×{CandidateAssemblyFiles};{HintPathFromItem};{TargetFrameworkDirectory}ÔÇŁ (poprzednia warto┼Ť─ç: ÔÇ×{CandidateAssemblyFiles};{HintPathFromItem}ÔÇŁ) w C:\Program Files\dotnet\sdk\8.0.101\Sdks\Microsoft.NET.Sdk\targets\Microsoft.NET.Sdk.props (92,5)
       Ponowne przypisanie w┼éa┼Ťciwo┼Ťci: $(AssemblySearchPaths)=ÔÇ×{CandidateAssemblyFiles};{HintPathFromItem};{TargetFrameworkDirectory};{RawFileName}ÔÇŁ (poprzednia warto┼Ť─ç: ÔÇ×{CandidateAssemblyFiles};{HintPathFromItem};{TargetFrameworkDirectory}ÔÇŁ) w C:\Program Files\dotnet\sdk\8.0.101\Sdks\Microsoft.NET.Sdk\targets\Microsoft.NET.Sdk.props (93,5)
       Ponowne przypisanie w┼éa┼Ťciwo┼Ťci: $(TargetsForTfmSpecificContentInPackage)=ÔÇ×;PackTool;_PackProjectToolValidationÔÇŁ (poprzednia warto┼Ť─ç: ÔÇ×;PackToolÔÇŁ) w C:\Program Files\dotnet\sdk\8.0.101\Sdks\Microsoft.NET.Sdk\targets\Microsoft.NET.PackProjectTool.props (15,5)
       Ponowne przypisanie w┼éa┼Ťciwo┼Ťci: $(PublishProfileImported)=ÔÇ×falseÔÇŁ (poprzednia warto┼Ť─ç: ÔÇ×trueÔÇŁ) w C:\Program Files\dotnet\sdk\8.0.101\Sdks\Microsoft.NET.Sdk\targets\Microsoft.NET.Sdk.ImportPublishProfile.targets (28,5)
       Ponowne przypisanie w┼éa┼Ťciwo┼Ťci: $(TargetPlatformVersion)=ÔÇ×ÔÇŁ (poprzednia warto┼Ť─ç: ÔÇ×0.0ÔÇŁ) w C:\Program Files\dotnet\sdk\8.0.101\Sdks\Microsoft.NET.Sdk\targets\Microsoft.NET.TargetFrameworkInference.targets (69,5)
       Ponowne przypisanie w┼éa┼Ťciwo┼Ťci: $(DefaultItemExcludes)=ÔÇ×;bin\Debug\/**;obj\Debug\/**ÔÇŁ (poprzednia warto┼Ť─ç: ÔÇ×;bin\Debug\/**ÔÇŁ) w C:\Program Files\dotnet\sdk\8.0.101\Sdks\Microsoft.NET.Sdk\targets\Microsoft.NET.DefaultOutputPaths.targets (122,5)
       Ponowne przypisanie w┼éa┼Ťciwo┼Ťci: $(OutputPath)=ÔÇ×bin\Debug\net8.0\ÔÇŁ (poprzednia warto┼Ť─ç: ÔÇ×bin\Debug\ÔÇŁ) w C:\Program Files\dotnet\sdk\8.0.101\Sdks\Microsoft.NET.Sdk\targets\Microsoft.NET.DefaultOutputPaths.targets (137,5)
       Ponowne przypisanie w┼éa┼Ťciwo┼Ťci: $(IntermediateOutputPath)=ÔÇ×obj\Debug\net8.0\ÔÇŁ (poprzednia warto┼Ť─ç: ÔÇ×obj\Debug\ÔÇŁ) w C:\Program Files\dotnet\sdk\8.0.101\Sdks\Microsoft.NET.Sdk\targets\Microsoft.NET.DefaultOutputPaths.targets (142,5)
       Ponowne przypisanie w┼éa┼Ťciwo┼Ťci: $(_FrameworkIdentifierForImplicitDefine)=ÔÇ×NETÔÇŁ (poprzednia warto┼Ť─ç: ÔÇ×NETCOREAPPÔÇŁ) w C:\Program Files\dotnet\sdk\8.0.101\Sdks\Microsoft.NET.Sdk\targets\Microsoft.NET.Sdk.BeforeCommon.targets (187,5)
       Ponowne przypisanie w┼éa┼Ťciwo┼Ťci: $(_FrameworkVersionForImplicitDefine)=ÔÇ×8_0ÔÇŁ (poprzednia warto┼Ť─ç: ÔÇ×8.0ÔÇŁ) w C:\Program Files\dotnet\sdk\8.0.101\Sdks\Microsoft.NET.Sdk\targets\Microsoft.NET.Sdk.BeforeCommon.targets (192,5)
       Ponowne przypisanie w┼éa┼Ťciwo┼Ťci: $(CommandLineArgsForDesignTimeEvaluation)=ÔÇ×-langversion:12.0 -define:TRACEÔÇŁ (poprzednia warto┼Ť─ç: ÔÇ×-langversion:12.0ÔÇŁ) w C:\Program Files\dotnet\sdk\8.0.101\Roslyn\Microsoft.CSharp.Core.targets (197,5)
       Ponowne przypisanie w┼éa┼Ťciwo┼Ťci: $(_DebugSymbolsProduced)=ÔÇ×trueÔÇŁ (poprzednia warto┼Ť─ç: ÔÇ×falseÔÇŁ) w C:\Program Files\dotnet\sdk\8.0.101\Microsoft.Common.CurrentVersion.targets (175,5)
       Ponowne przypisanie w┼éa┼Ťciwo┼Ťci: $(_DocumentationFileProduced)=ÔÇ×falseÔÇŁ (poprzednia warto┼Ť─ç: ÔÇ×trueÔÇŁ) w C:\Program Files\dotnet\sdk\8.0.101\Microsoft.Common.CurrentVersion.targets (185,5)
       Ponowne przypisanie w┼éa┼Ťciwo┼Ťci: $(ProcessorArchitecture)=ÔÇ×msilÔÇŁ (poprzednia warto┼Ť─ç: ÔÇ×ÔÇŁ) w C:\Program Files\dotnet\sdk\8.0.101\Microsoft.Common.CurrentVersion.targets (529,5)
       Ponowne przypisanie w┼éa┼Ťciwo┼Ťci: $(DelaySign)=ÔÇ×ÔÇŁ (poprzednia warto┼Ť─ç: ÔÇ×falseÔÇŁ) w C:\Program Files\dotnet\sdk\8.0.101\Microsoft.Common.CurrentVersion.targets (568,5)
       W┼éa┼Ťciwo┼Ť─ç ÔÇ×LOCALAPPDATAÔÇŁ o warto┼Ťci ÔÇ×C:\Users\emili\AppData\LocalÔÇŁ rozwini─Öto ze ┼Ťrodowiska.
       Ponowne przypisanie w┼éa┼Ťciwo┼Ťci: $(_SGenGenerateSerializationAssembliesConfig)=ÔÇ×AutoÔÇŁ (poprzednia warto┼Ť─ç: ÔÇ×ÔÇŁ) w C:\Program Files\dotnet\sdk\8.0.101\Microsoft.Common.CurrentVersion.targets (3824,5)
       Ponowne przypisanie w┼éa┼Ťciwo┼Ťci: $(_SGenGenerateSerializationAssembliesConfig)=ÔÇ×OffÔÇŁ (poprzednia warto┼Ť─ç: ÔÇ×AutoÔÇŁ) w C:\Program Files\dotnet\sdk\8.0.101\Microsoft.Common.CurrentVersion.targets (3825,5)
       Ponowne przypisanie w┼éa┼Ťciwo┼Ťci: $(_TargetsThatPrepareProjectReferences)=ÔÇ×
             AssignProjectConfiguration;
             _SplitProjectReferencesByFileExistence
           ÔÇŁ (poprzednia warto┼Ť─ç: ÔÇ×_SplitProjectReferencesByFileExistenceÔÇŁ) w C:\Program Files\dotnet\sdk\8.0.101\Microsoft.Common.CurrentVersion.targets (4976,5)
       W┼éa┼Ťciwo┼Ť─ç ÔÇ×MSBuildExtensionsPath32ÔÇŁ o warto┼Ťci ÔÇ×C:\Program Files\dotnet\sdk\8.0.101ÔÇŁ rozwini─Öto ze ┼Ťrodowiska.
       Zast─Öpowanie elementu docelowego ÔÇ×ResolveFrameworkReferencesÔÇŁ w projekcie ÔÇ×C:\Program Files\dotnet\sdk\8.0.101\Microsoft.Common.CurrentVersion.targetsÔÇŁ elementem docelowym ÔÇ×ResolveFrameworkReferencesÔÇŁ z projektu ÔÇ×C:\Program Files\dotnet\sdk\8.0.101\Sdks\Microsoft.NET.Sdk\targets\Microsoft.NET.Sdk.FrameworkReferenceResolution.targetsÔÇŁ.
       Zast─Öpowanie elementu docelowego ÔÇ×RunÔÇŁ w projekcie ÔÇ×C:\Program Files\dotnet\sdk\8.0.101\Microsoft.Common.CurrentVersion.targetsÔÇŁ elementem docelowym ÔÇ×RunÔÇŁ z projektu ÔÇ×C:\Program Files\dotnet\sdk\8.0.101\Sdks\Microsoft.NET.Sdk\targets\Microsoft.NET.Sdk.targetsÔÇŁ.
       Zast─Öpowanie elementu docelowego ÔÇ×GenerateSupportedTargetFrameworkAliasÔÇŁ w projekcie ÔÇ×C:\Program Files\dotnet\sdk\8.0.101\Microsoft.Common.CurrentVersion.targetsÔÇŁ elementem docelowym ÔÇ×GenerateSupportedTargetFrameworkAliasÔÇŁ z projektu ÔÇ×C:\Program Files\dotnet\sdk\8.0.101\Sdks\Microsoft.NET.Sdk\targets\Microsoft.NET.Sdk.targetsÔÇŁ.
       Zast─Öpowanie elementu docelowego ÔÇ×GetReferenceAssemblyPathsÔÇŁ w projekcie ÔÇ×C:\Program Files\dotnet\sdk\8.0.101\Microsoft.Common.CurrentVersion.targetsÔÇŁ elementem docelowym ÔÇ×GetReferenceAssemblyPathsÔÇŁ z projektu ÔÇ×C:\Program Files\dotnet\sdk\8.0.101\Sdks\Microsoft.NET.Sdk\targets\Microsoft.NET.DisableStandardFrameworkResolution.targetsÔÇŁ.
       Zast─Öpowanie elementu docelowego ÔÇ×GetFrameworkPathsÔÇŁ w projekcie ÔÇ×C:\Program Files\dotnet\sdk\8.0.101\Microsoft.Common.CurrentVersion.targetsÔÇŁ elementem docelowym ÔÇ×GetFrameworkPathsÔÇŁ z projektu ÔÇ×C:\Program Files\dotnet\sdk\8.0.101\Sdks\Microsoft.NET.Sdk\targets\Microsoft.NET.DisableStandardFrameworkResolution.targetsÔÇŁ.
       Zast─Öpowanie elementu docelowego ÔÇ×DesignerRuntimeImplementationProjectOutputGroupÔÇŁ w projekcie ÔÇ×C:\Program Files\dotnet\sdk\8.0.101\Microsoft.Common.CurrentVersion.targetsÔÇŁ elementem docelowym ÔÇ×DesignerRuntimeImplementationProjectOutputGroupÔÇŁ z projektu ÔÇ×C:\Program Files\dotnet\sdk\8.0.101\Sdks\Microsoft.NET.Sdk\targets\Microsoft.NET.DesignerSupport.targetsÔÇŁ.
       Zast─Öpowanie elementu docelowego ÔÇ×PublishÔÇŁ w projekcie ÔÇ×C:\Program Files\dotnet\sdk\8.0.101\Microsoft.Common.CurrentVersion.targetsÔÇŁ elementem docelowym ÔÇ×PublishÔÇŁ z projektu ÔÇ×C:\Program Files\dotnet\sdk\8.0.101\Sdks\Microsoft.NET.Sdk\targets\Microsoft.NET.Publish.targetsÔÇŁ.
       Zast─Öpowanie elementu docelowego ÔÇ×ResolveReadyToRunCompilersÔÇŁ w projekcie ÔÇ×C:\Program Files\dotnet\sdk\8.0.101\Sdks\Microsoft.NET.Sdk\targets\Microsoft.NET.CrossGen.targetsÔÇŁ elementem docelowym ÔÇ×ResolveReadyToRunCompilersÔÇŁ z projektu ÔÇ×C:\Program Files\dotnet\sdk\8.0.101\Sdks\Microsoft.NET.Sdk\targets\Microsoft.NET.Publish.targetsÔÇŁ.
       Zast─Öpowanie elementu docelowego ÔÇ×GetCopyToPublishDirectoryItemsÔÇŁ w projekcie ÔÇ×C:\Program Files\dotnet\sdk\8.0.101\Microsoft.Common.CurrentVersion.targetsÔÇŁ elementem docelowym ÔÇ×GetCopyToPublishDirectoryItemsÔÇŁ z projektu ÔÇ×C:\Program Files\dotnet\sdk\8.0.101\Sdks\Microsoft.NET.Sdk\targets\Microsoft.NET.Publish.targetsÔÇŁ.
       Ponowne przypisanie w┼éa┼Ťciwo┼Ťci: $(ProjectAssetsFile)=ÔÇ×C:\Users\emili\CascadeProjects\PhotoStudioManager\PhotoStudioManager.Infrastructure\obj\project.assets.jsonÔÇŁ (poprzednia warto┼Ť─ç: ÔÇ×C:\Users\emili\CascadeProjects\PhotoStudioManager\PhotoStudioManager.Infrastructure\obj\/project.assets.jsonÔÇŁ) w C:\Program Files\dotnet\sdk\8.0.101\Sdks\Microsoft.NET.Sdk\targets\Microsoft.PackageDependencyResolution.targets (24,5)
       Ponowne przypisanie w┼éa┼Ťciwo┼Ťci: $(ProjectAssetsCacheFile)=ÔÇ×C:\Users\emili\CascadeProjects\PhotoStudioManager\PhotoStudioManager.Infrastructure\obj\Debug\net8.0\PhotoStudioManager.Infrastructure.assets.cacheÔÇŁ (poprzednia warto┼Ť─ç: ÔÇ×obj\Debug\net8.0\PhotoStudioManager.Infrastructure.assets.cacheÔÇŁ) w C:\Program Files\dotnet\sdk\8.0.101\Sdks\Microsoft.NET.Sdk\targets\Microsoft.PackageDependencyResolution.targets (29,5)
       Ponowne przypisanie w┼éa┼Ťciwo┼Ťci: $(ResolveAssemblyReferencesDependsOn)=ÔÇ×
             
             ResolveProjectReferences;
             FindInvalidProjectReferences;
             GetFrameworkPaths;
             GetReferenceAssemblyPaths;
             PrepareForBuild;
             ResolveSDKReferences;
             ExpandSDKReferences;
           ;
             ResolvePackageDependenciesForBuild;
             _HandlePackageFileConflicts;
           ÔÇŁ (poprzednia warto┼Ť─ç: ÔÇ×
             ResolveProjectReferences;
             FindInvalidProjectReferences;
             GetFrameworkPaths;
             GetReferenceAssemblyPaths;
             PrepareForBuild;
             ResolveSDKReferences;
             ExpandSDKReferences;
           ÔÇŁ) w C:\Program Files\dotnet\sdk\8.0.101\Sdks\Microsoft.NET.Sdk\targets\Microsoft.PackageDependencyResolution.targets (80,5)
       Ponowne przypisanie w┼éa┼Ťciwo┼Ťci: $(PrepareResourcesDependsOn)=ÔÇ×
             ResolvePackageDependenciesForBuild;
             _HandlePackageFileConflicts;
             
             ;
             PrepareResourceNames;
             ResGen;
             CompileLicxFiles
           
           ÔÇŁ (poprzednia warto┼Ť─ç: ÔÇ×
             ;
             PrepareResourceNames;
             ResGen;
             CompileLicxFiles
           ÔÇŁ) w C:\Program Files\dotnet\sdk\8.0.101\Sdks\Microsoft.NET.Sdk\targets\Microsoft.PackageDependencyResolution.targets (86,5)
   1:3>Projekt ÔÇ×C:\Users\emili\CascadeProjects\PhotoStudioManager\PhotoStudioManager.API\PhotoStudioManager.API.csprojÔÇŁ (1:3) kompiluje ÔÇ×C:\Users\emili\CascadeProjects\PhotoStudioManager\PhotoStudioManager.Core\PhotoStudioManager.Core.csprojÔÇŁ (2) w w─Ö┼║le 1 (elementy docelowe: _GenerateRestoreProjectPathWalk).
     2>Pomini─Öto element docelowy ÔÇ×_GenerateRestoreProjectPathItemsAllFrameworksÔÇŁ z powodu fa┼észywego warunku; ( '$(TargetFrameworks)' != '' ) oszacowano jako ( '' != '' ).
     2>Element docelowy ÔÇ×_GenerateRestoreProjectPathItemsPerFrameworkÔÇŁ w pliku ÔÇ×C:\Program Files\dotnet\sdk\8.0.101\NuGet.targetsÔÇŁ z projektu ÔÇ×C:\Users\emili\CascadeProjects\PhotoStudioManager\PhotoStudioManager.Core\PhotoStudioManager.Core.csprojÔÇŁ (zale┼╝y od niego element docelowy ÔÇ×_GenerateRestoreProjectPathItemsCurrentProjectÔÇŁ):
       Zadanie ÔÇ×ConvertToAbsolutePathÔÇŁ
       Wykonywanie zadania ÔÇ×ConvertToAbsolutePathÔÇŁ zako┼äczone.
     2>Wykonano kompilowanie elementu docelowego ÔÇ×_GenerateRestoreProjectPathItemsPerFrameworkÔÇŁ w projekcie ÔÇ×PhotoStudioManager.Core.csprojÔÇŁ.
     2>Element docelowy ÔÇ×_GenerateRestoreProjectPathItemsCurrentProjectÔÇŁ w pliku ÔÇ×C:\Program Files\dotnet\sdk\8.0.101\NuGet.targetsÔÇŁ z projektu ÔÇ×C:\Users\emili\CascadeProjects\PhotoStudioManager\PhotoStudioManager.Core\PhotoStudioManager.Core.csprojÔÇŁ (zale┼╝y od niego element docelowy ÔÇ×_GenerateRestoreProjectPathItemsÔÇŁ):
     2>Wykonano kompilowanie elementu docelowego ÔÇ×_GenerateRestoreProjectPathItemsCurrentProjectÔÇŁ w projekcie ÔÇ×PhotoStudioManager.Core.csprojÔÇŁ.
     2>Element docelowy ÔÇ×_GenerateRestoreProjectPathItemsÔÇŁ w pliku ÔÇ×C:\Program Files\dotnet\sdk\8.0.101\NuGet.targetsÔÇŁ z projektu ÔÇ×C:\Users\emili\CascadeProjects\PhotoStudioManager\PhotoStudioManager.Core\PhotoStudioManager.Core.csprojÔÇŁ (zale┼╝y od niego element docelowy ÔÇ×_GenerateRestoreProjectPathWalkÔÇŁ):
       Zadanie ÔÇ×RemoveDuplicatesÔÇŁ
       Wykonywanie zadania ÔÇ×RemoveDuplicatesÔÇŁ zako┼äczone.
     2>Wykonano kompilowanie elementu docelowego ÔÇ×_GenerateRestoreProjectPathItemsÔÇŁ w projekcie ÔÇ×PhotoStudioManager.Core.csprojÔÇŁ.
     2>Element docelowy ÔÇ×_GenerateRestoreProjectPathWalkÔÇŁ w pliku ÔÇ×C:\Program Files\dotnet\sdk\8.0.101\NuGet.targetsÔÇŁ z projektu ÔÇ×C:\Users\emili\CascadeProjects\PhotoStudioManager\PhotoStudioManager.Core\PhotoStudioManager.Core.csprojÔÇŁ (punkt wej┼Ťcia):
       Zadanie ÔÇ×MSBuildÔÇŁ
       Wykonywanie zadania ÔÇ×MSBuildÔÇŁ zako┼äczone.
       Pomini─Öto zadanie ÔÇ×MSBuildÔÇŁ z powodu fa┼észywego warunku; ( '$(RestoreUseSkipNonexistentTargets)' != 'true' ) oszacowano jako ( 'true' != 'true' ).
       Zadanie ÔÇ×RemoveDuplicatesÔÇŁ
       Wykonywanie zadania ÔÇ×RemoveDuplicatesÔÇŁ zako┼äczone.
     2>Wykonano kompilowanie elementu docelowego ÔÇ×_GenerateRestoreProjectPathWalkÔÇŁ w projekcie ÔÇ×PhotoStudioManager.Core.csprojÔÇŁ.
     2>Kompilowanie projektu ÔÇ×C:\Users\emili\CascadeProjects\PhotoStudioManager\PhotoStudioManager.Core\PhotoStudioManager.Core.csprojÔÇŁ wykonane (elementy docelowe: _GenerateRestoreProjectPathWalk).
     0>Ponowne przypisanie w┼éa┼Ťciwo┼Ťci: $(DefaultItemExcludes)=ÔÇ×;bin\Debug\/**;obj\Debug\/**;bin\/**ÔÇŁ (poprzednia warto┼Ť─ç: ÔÇ×;bin\Debug\/**;obj\Debug\/**ÔÇŁ) w C:\Program Files\dotnet\sdk\8.0.101\Sdks\Microsoft.NET.Sdk\targets\Microsoft.NET.Sdk.DefaultItems.targets (27,5)
       Ponowne przypisanie w┼éa┼Ťciwo┼Ťci: $(DefaultItemExcludes)=ÔÇ×;bin\Debug\/**;obj\Debug\/**;bin\/**;obj\/**ÔÇŁ (poprzednia warto┼Ť─ç: ÔÇ×;bin\Debug\/**;obj\Debug\/**;bin\/**ÔÇŁ) w C:\Program Files\dotnet\sdk\8.0.101\Sdks\Microsoft.NET.Sdk\targets\Microsoft.NET.Sdk.DefaultItems.targets (29,5)
       Ponowne przypisanie w┼éa┼Ťciwo┼Ťci: $(DefaultItemExcludes)=ÔÇ×;bin\Debug\/**;obj\Debug\/**;bin\/**;obj\/**;**/*.userÔÇŁ (poprzednia warto┼Ť─ç: ÔÇ×;bin\Debug\/**;obj\Debug\/**;bin\/**;obj\/**ÔÇŁ) w C:\Program Files\dotnet\sdk\8.0.101\Sdks\Microsoft.NET.Sdk\targets\Microsoft.NET.Sdk.DefaultItems.targets (32,5)
       Ponowne przypisanie w┼éa┼Ťciwo┼Ťci: $(DefaultItemExcludes)=ÔÇ×;bin\Debug\/**;obj\Debug\/**;bin\/**;obj\/**;**/*.user;**/*.*projÔÇŁ (poprzednia warto┼Ť─ç: ÔÇ×;bin\Debug\/**;obj\Debug\/**;bin\/**;obj\/**;**/*.userÔÇŁ) w C:\Program Files\dotnet\sdk\8.0.101\Sdks\Microsoft.NET.Sdk\targets\Microsoft.NET.Sdk.DefaultItems.targets (33,5)
       Ponowne przypisanie w┼éa┼Ťciwo┼Ťci: $(DefaultItemExcludes)=ÔÇ×;bin\Debug\/**;obj\Debug\/**;bin\/**;obj\/**;**/*.user;**/*.*proj;**/*.slnÔÇŁ (poprzednia warto┼Ť─ç: ÔÇ×;bin\Debug\/**;obj\Debug\/**;bin\/**;obj\/**;**/*.user;**/*.*projÔÇŁ) w C:\Program Files\dotnet\sdk\8.0.101\Sdks\Microsoft.NET.Sdk\targets\Microsoft.NET.Sdk.DefaultItems.targets (34,5)
       Ponowne przypisanie w┼éa┼Ťciwo┼Ťci: $(DefaultItemExcludes)=ÔÇ×;bin\Debug\/**;obj\Debug\/**;bin\/**;obj\/**;**/*.user;**/*.*proj;**/*.sln;**/*.vsssccÔÇŁ (poprzednia warto┼Ť─ç: ÔÇ×;bin\Debug\/**;obj\Debug\/**;bin\/**;obj\/**;**/*.user;**/*.*proj;**/*.slnÔÇŁ) w C:\Program Files\dotnet\sdk\8.0.101\Sdks\Microsoft.NET.Sdk\targets\Microsoft.NET.Sdk.DefaultItems.targets (35,5)
       Ponowne przypisanie w┼éa┼Ťciwo┼Ťci: $(DefaultItemExcludes)=ÔÇ×;bin\Debug\/**;obj\Debug\/**;bin\/**;obj\/**;**/*.user;**/*.*proj;**/*.sln;**/*.vssscc;**/.DS_StoreÔÇŁ (poprzednia warto┼Ť─ç: ÔÇ×;bin\Debug\/**;obj\Debug\/**;bin\/**;obj\/**;**/*.user;**/*.*proj;**/*.sln;**/*.vsssccÔÇŁ) w C:\Program Files\dotnet\sdk\8.0.101\Sdks\Microsoft.NET.Sdk\targets\Microsoft.NET.Sdk.DefaultItems.targets (36,5)
       Ponowne przypisanie w┼éa┼Ťciwo┼Ťci: $(ResolveAssemblyReferencesDependsOn)=ÔÇ×
             
             
             ResolveProjectReferences;
             FindInvalidProjectReferences;
             GetFrameworkPaths;
             GetReferenceAssemblyPaths;
             PrepareForBuild;
             ResolveSDKReferences;
             ExpandSDKReferences;
           ;
             ResolvePackageDependenciesForBuild;
             _HandlePackageFileConflicts;
           ;
             ResolveTargetingPackAssets;
           ÔÇŁ (poprzednia warto┼Ť─ç: ÔÇ×
             
             ResolveProjectReferences;
             FindInvalidProjectReferences;
             GetFrameworkPaths;
             GetReferenceAssemblyPaths;
             PrepareForBuild;
             ResolveSDKReferences;
             ExpandSDKReferences;
           ;
             ResolvePackageDependenciesForBuild;
             _HandlePackageFileConflicts;
           ÔÇŁ) w C:\Program Files\dotnet\sdk\8.0.101\Sdks\Microsoft.NET.Sdk\targets\Microsoft.NET.Sdk.FrameworkReferenceResolution.targets (14,5)
       Ponowne przypisanie w┼éa┼Ťciwo┼Ťci: $(_GenerateRuntimeConfigurationPropertyInputsCache)=ÔÇ×C:\Users\emili\CascadeProjects\PhotoStudioManager\PhotoStudioManager.Infrastructure\obj\Debug\net8.0\PhotoStudioManager.Infrastructure.genruntimeconfig.cacheÔÇŁ (poprzednia warto┼Ť─ç: ÔÇ×obj\Debug\net8.0\PhotoStudioManager.Infrastructure.genruntimeconfig.cacheÔÇŁ) w C:\Program Files\dotnet\sdk\8.0.101\Sdks\Microsoft.NET.Sdk\targets\Microsoft.NET.Sdk.targets (44,5)
       Ponowne przypisanie w┼éa┼Ťciwo┼Ťci: $(_GeneratePublishDependencyFilePropertyInputsCache)=ÔÇ×C:\Users\emili\CascadeProjects\PhotoStudioManager\PhotoStudioManager.Infrastructure\obj\Debug\net8.0\PhotoStudioManager.Infrastructure.genpublishdeps.cacheÔÇŁ (poprzednia warto┼Ť─ç: ÔÇ×obj\Debug\net8.0\PhotoStudioManager.Infrastructure.genpublishdeps.cacheÔÇŁ) w C:\Program Files\dotnet\sdk\8.0.101\Sdks\Microsoft.NET.Sdk\targets\Microsoft.NET.Sdk.targets (46,5)
       Ponowne przypisanie w┼éa┼Ťciwo┼Ťci: $(_GenerateSingleFileBundlePropertyInputsCache)=ÔÇ×C:\Users\emili\CascadeProjects\PhotoStudioManager\PhotoStudioManager.Infrastructure\obj\Debug\net8.0\PhotoStudioManager.Infrastructure.genbundle.cacheÔÇŁ (poprzednia warto┼Ť─ç: ÔÇ×obj\Debug\net8.0\PhotoStudioManager.Infrastructure.genbundle.cacheÔÇŁ) w C:\Program Files\dotnet\sdk\8.0.101\Sdks\Microsoft.NET.Sdk\targets\Microsoft.NET.Sdk.targets (48,5)
       Ponowne przypisanie w┼éa┼Ťciwo┼Ťci: $(GenerateRuntimeConfigDevFile)=ÔÇ×falseÔÇŁ (poprzednia warto┼Ť─ç: ÔÇ×trueÔÇŁ) w C:\Program Files\dotnet\sdk\8.0.101\Sdks\Microsoft.NET.Sdk\targets\Microsoft.NET.Sdk.targets (81,5)
       W┼éa┼Ťciwo┼Ť─ç ÔÇ×USERPROFILEÔÇŁ o warto┼Ťci ÔÇ×C:\Users\emiliÔÇŁ rozwini─Öto ze ┼Ťrodowiska.
       Ponowne przypisanie w┼éa┼Ťciwo┼Ťci: $(_DefaultUserProfileRuntimeStorePath)=ÔÇ×C:\Users\emiliÔÇŁ (poprzednia warto┼Ť─ç: ÔÇ×ÔÇŁ) w C:\Program Files\dotnet\sdk\8.0.101\Sdks\Microsoft.NET.Sdk\targets\Microsoft.NET.Sdk.targets (97,5)
       Ponowne przypisanie w┼éa┼Ťciwo┼Ťci: $(_DefaultUserProfileRuntimeStorePath)=ÔÇ×C:\Users\emili\.dotnet\storeÔÇŁ (poprzednia warto┼Ť─ç: ÔÇ×C:\Users\emiliÔÇŁ) w C:\Program Files\dotnet\sdk\8.0.101\Sdks\Microsoft.NET.Sdk\targets\Microsoft.NET.Sdk.targets (98,5)
       Ponowne przypisanie w┼éa┼Ťciwo┼Ťci: $(AvailablePlatforms)=ÔÇ×Any CPU,x86,x64,ARM32ÔÇŁ (poprzednia warto┼Ť─ç: ÔÇ×Any CPU,x86,x64ÔÇŁ) w C:\Program Files\dotnet\sdk\8.0.101\Sdks\Microsoft.NET.Sdk\targets\Microsoft.NET.Sdk.targets (136,5)
       Ponowne przypisanie w┼éa┼Ťciwo┼Ťci: $(AvailablePlatforms)=ÔÇ×Any CPU,x86,x64,ARM32,ARM64ÔÇŁ (poprzednia warto┼Ť─ç: ÔÇ×Any CPU,x86,x64,ARM32ÔÇŁ) w C:\Program Files\dotnet\sdk\8.0.101\Sdks\Microsoft.NET.Sdk\targets\Microsoft.NET.Sdk.targets (140,5)
       Ponowne przypisanie w┼éa┼Ťciwo┼Ťci: $(CoreBuildDependsOn)=ÔÇ×
             _CheckForBuildWithNoBuild;
             
             BuildOnlySettings;
             PrepareForBuild;
             PreBuildEvent;
             ResolveReferences;
             PrepareResources;
             ResolveKeySource;
             Compile;
             ExportWindowsMDFile;
             UnmanagedUnregistration;
             GenerateSerializationAssemblies;
             CreateSatelliteAssemblies;
             GenerateManifests;
             GetTargetPath;
             PrepareForRun;
             UnmanagedRegistration;
             IncrementalClean;
             PostBuildEvent
           ;
             GenerateBuildDependencyFile;
             GenerateBuildRuntimeConfigurationFiles
           ÔÇŁ (poprzednia warto┼Ť─ç: ÔÇ×
             BuildOnlySettings;
             PrepareForBuild;
             PreBuildEvent;
             ResolveReferences;
             PrepareResources;
             ResolveKeySource;
             Compile;
             ExportWindowsMDFile;
             UnmanagedUnregistration;
             GenerateSerializationAssemblies;
             CreateSatelliteAssemblies;
             GenerateManifests;
             GetTargetPath;
             PrepareForRun;
             UnmanagedRegistration;
             IncrementalClean;
             PostBuildEvent
           ÔÇŁ) w C:\Program Files\dotnet\sdk\8.0.101\Sdks\Microsoft.NET.Sdk\targets\Microsoft.NET.Sdk.targets (197,5)
       Ponowne przypisanie w┼éa┼Ťciwo┼Ťci: $(CoreCleanDependsOn)=ÔÇ×
             _SdkBeforeClean;
             
           ÔÇŁ (poprzednia warto┼Ť─ç: ÔÇ×ÔÇŁ) w C:\Program Files\dotnet\sdk\8.0.101\Sdks\Microsoft.NET.Sdk\targets\Microsoft.NET.Sdk.targets (206,5)
       Ponowne przypisanie w┼éa┼Ťciwo┼Ťci: $(RebuildDependsOn)=ÔÇ×
             _SdkBeforeRebuild;
             
             BeforeRebuild;
             Clean;
             Build;
             AfterRebuild;
           
           ÔÇŁ (poprzednia warto┼Ť─ç: ÔÇ×
             BeforeRebuild;
             Clean;
             Build;
             AfterRebuild;
           ÔÇŁ) w C:\Program Files\dotnet\sdk\8.0.101\Sdks\Microsoft.NET.Sdk\targets\Microsoft.NET.Sdk.targets (213,5)
       Ponowne przypisanie w┼éa┼Ťciwo┼Ťci: $(CompileDependsOn)=ÔÇ×
             
             ResolveReferences;
             ResolveKeySource;
             SetWin32ManifestProperties;
             FindReferenceAssembliesForReferences;
             _GenerateCompileInputs;
             BeforeCompile;
             _TimeStampBeforeCompile;
             _GenerateCompileDependencyCache;
             CoreCompile;
             _TimeStampAfterCompile;
             AfterCompile;
           ;
             _CreateAppHost;
             _CreateComHost;
             _GetIjwHostPaths;
           ÔÇŁ (poprzednia warto┼Ť─ç: ÔÇ×
             ResolveReferences;
             ResolveKeySource;
             SetWin32ManifestProperties;
             FindReferenceAssembliesForReferences;
             _GenerateCompileInputs;
             BeforeCompile;
             _TimeStampBeforeCompile;
             _GenerateCompileDependencyCache;
             CoreCompile;
             _TimeStampAfterCompile;
             AfterCompile;
           ÔÇŁ) w C:\Program Files\dotnet\sdk\8.0.101\Sdks\Microsoft.NET.Sdk\targets\Microsoft.NET.Sdk.targets (679,5)
       Ponowne przypisanie w┼éa┼Ťciwo┼Ťci: $(CreateSatelliteAssembliesDependsOn)=ÔÇ×
             
             _GenerateSatelliteAssemblyInputs;
             ComputeIntermediateSatelliteAssemblies;
             GenerateSatelliteAssemblies
           ;
             CoreGenerateSatelliteAssemblies
           ÔÇŁ (poprzednia warto┼Ť─ç: ÔÇ×
             _GenerateSatelliteAssemblyInputs;
             ComputeIntermediateSatelliteAssemblies;
             GenerateSatelliteAssemblies
           ÔÇŁ) w C:\Program Files\dotnet\sdk\8.0.101\Sdks\Microsoft.NET.Sdk\targets\Microsoft.NET.Sdk.targets (1065,5)
       Ponowne przypisanie w┼éa┼Ťciwo┼Ťci: $(SourceLinkUrlInitializerTargets)=ÔÇ×;_InitializeGitHubSourceLinkUrl;_InitializeGitLabSourceLinkUrlÔÇŁ (poprzednia warto┼Ť─ç: ÔÇ×;_InitializeGitHubSourceLinkUrlÔÇŁ) w C:\Program Files\dotnet\sdk\8.0.101\Sdks\Microsoft.SourceLink.GitLab\build\Microsoft.SourceLink.GitLab.targets (12,5)
       Ponowne przypisanie w┼éa┼Ťciwo┼Ťci: $(SourceControlManagerUrlTranslationTargets)=ÔÇ×;TranslateGitHubUrlsInSourceControlInformation;TranslateGitLabUrlsInSourceControlInformationÔÇŁ (poprzednia warto┼Ť─ç: ÔÇ×;TranslateGitHubUrlsInSourceControlInformationÔÇŁ) w C:\Program Files\dotnet\sdk\8.0.101\Sdks\Microsoft.SourceLink.GitLab\build\Microsoft.SourceLink.GitLab.targets (13,5)
       Ponowne przypisanie w┼éa┼Ťciwo┼Ťci: $(SourceLinkUrlInitializerTargets)=ÔÇ×;_InitializeGitHubSourceLinkUrl;_InitializeGitLabSourceLinkUrl;_InitializeAzureReposGitSourceLinkUrlÔÇŁ (poprzednia warto┼Ť─ç: ÔÇ×;_InitializeGitHubSourceLinkUrl;_InitializeGitLabSourceLinkUrlÔÇŁ) w C:\Program Files\dotnet\sdk\8.0.101\Sdks\Microsoft.SourceLink.AzureRepos.Git\build\Microsoft.SourceLink.AzureRepos.Git.targets (12,5)
       Ponowne przypisanie w┼éa┼Ťciwo┼Ťci: $(SourceControlManagerUrlTranslationTargets)=ÔÇ×;TranslateGitHubUrlsInSourceControlInformation;TranslateGitLabUrlsInSourceControlInformation;TranslateAzureReposGitUrlsInSourceControlInformationÔÇŁ (poprzednia warto┼Ť─ç: ÔÇ×;TranslateGitHubUrlsInSourceControlInformation;TranslateGitLabUrlsInSourceControlInformationÔÇŁ) w C:\Program Files\dotnet\sdk\8.0.101\Sdks\Microsoft.SourceLink.AzureRepos.Git\build\Microsoft.SourceLink.AzureRepos.Git.targets (13,5)
       Ponowne przypisanie w┼éa┼Ťciwo┼Ťci: $(SourceLinkUrlInitializerTargets)=ÔÇ×;_InitializeGitHubSourceLinkUrl;_InitializeGitLabSourceLinkUrl;_InitializeAzureReposGitSourceLinkUrl;_InitializeBitbucketGitSourceLinkUrlÔÇŁ (poprzednia warto┼Ť─ç: ÔÇ×;_InitializeGitHubSourceLinkUrl;_InitializeGitLabSourceLinkUrl;_InitializeAzureReposGitSourceLinkUrlÔÇŁ) w C:\Program Files\dotnet\sdk\8.0.101\Sdks\Microsoft.SourceLink.Bitbucket.Git\build\Microsoft.SourceLink.Bitbucket.Git.targets (12,5)
       Ponowne przypisanie w┼éa┼Ťciwo┼Ťci: $(SourceControlManagerUrlTranslationTargets)=ÔÇ×;TranslateGitHubUrlsInSourceControlInformation;TranslateGitLabUrlsInSourceControlInformation;TranslateAzureReposGitUrlsInSourceControlInformation;TranslateBitbucketGitUrlsInSourceControlInformationÔÇŁ (poprzednia warto┼Ť─ç: ÔÇ×;TranslateGitHubUrlsInSourceControlInformation;TranslateGitLabUrlsInSourceControlInformation;TranslateAzureReposGitUrlsInSourceControlInformationÔÇŁ) w C:\Program Files\dotnet\sdk\8.0.101\Sdks\Microsoft.SourceLink.Bitbucket.Git\build\Microsoft.SourceLink.Bitbucket.Git.targets (13,5)
       Ponowne przypisanie w┼éa┼Ťciwo┼Ťci: $(DesignerRuntimeImplementationProjectOutputGroupDependsOn)=ÔÇ×
             
             ;
             
             ;
             BuildOnlySettings;
             PrepareForBuild;
             AssignTargetPaths;
             ResolveReferences
           
           ;
             _GenerateDesignerDepsFile;
             _GenerateDesignerRuntimeConfigFile;
             GetCopyToOutputDirectoryItems;
             _GatherDesignerShadowCopyFiles;
           ÔÇŁ (poprzednia warto┼Ť─ç: ÔÇ×
             ;
             
             ;
             BuildOnlySettings;
             PrepareForBuild;
             AssignTargetPaths;
             ResolveReferences
           
           ÔÇŁ) w C:\Program Files\dotnet\sdk\8.0.101\Sdks\Microsoft.NET.Sdk\targets\Microsoft.NET.DesignerSupport.targets (21,5)
       Ponowne przypisanie w┼éa┼Ťciwo┼Ťci: $(_GenerateToolsSettingsFileCacheFile)=ÔÇ×C:\Users\emili\CascadeProjects\PhotoStudioManager\PhotoStudioManager.Infrastructure\obj\Debug\net8.0\PhotoStudioManager.Infrastructure.toolssettingsinput.cacheÔÇŁ (poprzednia warto┼Ť─ç: ÔÇ×obj\Debug\net8.0\PhotoStudioManager.Infrastructure.toolssettingsinput.cacheÔÇŁ) w C:\Program Files\dotnet\sdk\8.0.101\Sdks\Microsoft.NET.Sdk\targets\Microsoft.NET.PackTool.targets (68,5)
       Ponowne przypisanie w┼éa┼Ťciwo┼Ťci: $(_ShimInputCacheFile)=ÔÇ×C:\Users\emili\CascadeProjects\PhotoStudioManager\PhotoStudioManager.Infrastructure\obj\Debug\net8.0\PhotoStudioManager.Infrastructure.shiminput.cacheÔÇŁ (poprzednia warto┼Ť─ç: ÔÇ×obj\Debug\net8.0\PhotoStudioManager.Infrastructure.shiminput.cacheÔÇŁ) w C:\Program Files\dotnet\sdk\8.0.101\Sdks\Microsoft.NET.Sdk\targets\Microsoft.NET.PackTool.targets (137,5)
       Ponowne przypisanie w┼éa┼Ťciwo┼Ťci: $(_ShimCreatedSentinelFile)=ÔÇ×C:\Users\emili\CascadeProjects\PhotoStudioManager\PhotoStudioManager.Infrastructure\obj\Debug\net8.0\PhotoStudioManager.Infrastructure.shimcreated.sentinelÔÇŁ (poprzednia warto┼Ť─ç: ÔÇ×obj\Debug\net8.0\PhotoStudioManager.Infrastructure.shimcreated.sentinelÔÇŁ) w C:\Program Files\dotnet\sdk\8.0.101\Sdks\Microsoft.NET.Sdk\targets\Microsoft.NET.PackTool.targets (139,5)
       Ponowne przypisanie w┼éa┼Ťciwo┼Ťci: $(DefineConstants)=ÔÇ×TRACE;DEBUGÔÇŁ (poprzednia warto┼Ť─ç: ÔÇ×TRACEÔÇŁ) w C:\Program Files\dotnet\sdk\8.0.101\Sdks\Microsoft.NET.Sdk\targets\Microsoft.NET.Sdk.CSharp.targets (31,5)
       Ponowne przypisanie w┼éa┼Ťciwo┼Ťci: $(DefineConstants)=ÔÇ×TRACE;DEBUG;NET;NET8_0;NETCOREAPPÔÇŁ (poprzednia warto┼Ť─ç: ÔÇ×TRACE;DEBUGÔÇŁ) w C:\Program Files\dotnet\sdk\8.0.101\Sdks\Microsoft.NET.Sdk\targets\Microsoft.NET.Sdk.CSharp.targets (34,5)
       Ponowne przypisanie w┼éa┼Ťciwo┼Ťci: $(WarningsAsErrors)=ÔÇ×;NU1605;SYSLIB0011ÔÇŁ (poprzednia warto┼Ť─ç: ÔÇ×;NU1605ÔÇŁ) w C:\Program Files\dotnet\sdk\8.0.101\Sdks\Microsoft.NET.Sdk\targets\Microsoft.NET.Sdk.CSharp.targets (48,5)
       Ponowne przypisanie w┼éa┼Ťciwo┼Ťci: $(PackageDescription)=ÔÇ×Package DescriptionÔÇŁ (poprzednia warto┼Ť─ç: ÔÇ×ÔÇŁ) w C:\Program Files\dotnet\sdk\8.0.101\Sdks\NuGet.Build.Tasks.Pack\build\NuGet.Build.Tasks.Pack.targets (34,5)
       Ponowne przypisanie w┼éa┼Ťciwo┼Ťci: $(GenerateNuspecDependsOn)=ÔÇ×Build;_LoadPackInputItems; _GetTargetFrameworksOutput; _WalkEachTargetPerFramework; _GetPackageFiles; ÔÇŁ (poprzednia warto┼Ť─ç: ÔÇ×_LoadPackInputItems; _GetTargetFrameworksOutput; _WalkEachTargetPerFramework; _GetPackageFiles; ÔÇŁ) w C:\Program Files\dotnet\sdk\8.0.101\Sdks\NuGet.Build.Tasks.Pack\build\NuGet.Build.Tasks.Pack.targets (59,5)
       Zast─Öpowanie elementu docelowego ÔÇ×ResolveFrameworkReferencesÔÇŁ w projekcie ÔÇ×C:\Program Files\dotnet\sdk\8.0.101\Microsoft.Common.CurrentVersion.targetsÔÇŁ elementem docelowym ÔÇ×ResolveFrameworkReferencesÔÇŁ z projektu ÔÇ×C:\Program Files\dotnet\sdk\8.0.101\Sdks\Microsoft.NET.Sdk\targets\Microsoft.NET.Sdk.FrameworkReferenceResolution.targetsÔÇŁ.
       Zast─Öpowanie elementu docelowego ÔÇ×RunÔÇŁ w projekcie ÔÇ×C:\Program Files\dotnet\sdk\8.0.101\Microsoft.Common.CurrentVersion.targetsÔÇŁ elementem docelowym ÔÇ×RunÔÇŁ z projektu ÔÇ×C:\Program Files\dotnet\sdk\8.0.101\Sdks\Microsoft.NET.Sdk\targets\Microsoft.NET.Sdk.targetsÔÇŁ.
       Zast─Öpowanie elementu docelowego ÔÇ×GenerateSupportedTargetFrameworkAliasÔÇŁ w projekcie ÔÇ×C:\Program Files\dotnet\sdk\8.0.101\Microsoft.Common.CurrentVersion.targetsÔÇŁ elementem docelowym ÔÇ×GenerateSupportedTargetFrameworkAliasÔÇŁ z projektu ÔÇ×C:\Program Files\dotnet\sdk\8.0.101\Sdks\Microsoft.NET.Sdk\targets\Microsoft.NET.Sdk.targetsÔÇŁ.
       Zast─Öpowanie elementu docelowego ÔÇ×GetReferenceAssemblyPathsÔÇŁ w projekcie ÔÇ×C:\Program Files\dotnet\sdk\8.0.101\Microsoft.Common.CurrentVersion.targetsÔÇŁ elementem docelowym ÔÇ×GetReferenceAssemblyPathsÔÇŁ z projektu ÔÇ×C:\Program Files\dotnet\sdk\8.0.101\Sdks\Microsoft.NET.Sdk\targets\Microsoft.NET.DisableStandardFrameworkResolution.targetsÔÇŁ.
       Zast─Öpowanie elementu docelowego ÔÇ×GetFrameworkPathsÔÇŁ w projekcie ÔÇ×C:\Program Files\dotnet\sdk\8.0.101\Microsoft.Common.CurrentVersion.targetsÔÇŁ elementem docelowym ÔÇ×GetFrameworkPathsÔÇŁ z projektu ÔÇ×C:\Program Files\dotnet\sdk\8.0.101\Sdks\Microsoft.NET.Sdk\targets\Microsoft.NET.DisableStandardFrameworkResolution.targetsÔÇŁ.
       Zast─Öpowanie elementu docelowego ÔÇ×DesignerRuntimeImplementationProjectOutputGroupÔÇŁ w projekcie ÔÇ×C:\Program Files\dotnet\sdk\8.0.101\Microsoft.Common.CurrentVersion.targetsÔÇŁ elementem docelowym ÔÇ×DesignerRuntimeImplementationProjectOutputGroupÔÇŁ z projektu ÔÇ×C:\Program Files\dotnet\sdk\8.0.101\Sdks\Microsoft.NET.Sdk\targets\Microsoft.NET.DesignerSupport.targetsÔÇŁ.
       Zast─Öpowanie elementu docelowego ÔÇ×PublishÔÇŁ w projekcie ÔÇ×C:\Program Files\dotnet\sdk\8.0.101\Microsoft.Common.CurrentVersion.targetsÔÇŁ elementem docelowym ÔÇ×PublishÔÇŁ z projektu ÔÇ×C:\Program Files\dotnet\sdk\8.0.101\Sdks\Microsoft.NET.Sdk\targets\Microsoft.NET.Publish.targetsÔÇŁ.
       Zast─Öpowanie elementu docelowego ÔÇ×ResolveReadyToRunCompilersÔÇŁ w projekcie ÔÇ×C:\Program Files\dotnet\sdk\8.0.101\Sdks\Microsoft.NET.Sdk\targets\Microsoft.NET.CrossGen.targetsÔÇŁ elementem docelowym ÔÇ×ResolveReadyToRunCompilersÔÇŁ z projektu ÔÇ×C:\Program Files\dotnet\sdk\8.0.101\Sdks\Microsoft.NET.Sdk\targets\Microsoft.NET.Publish.targetsÔÇŁ.
       Zast─Öpowanie elementu docelowego ÔÇ×GetCopyToPublishDirectoryItemsÔÇŁ w projekcie ÔÇ×C:\Program Files\dotnet\sdk\8.0.101\Microsoft.Common.CurrentVersion.targetsÔÇŁ elementem docelowym ÔÇ×GetCopyToPublishDirectoryItemsÔÇŁ z projektu ÔÇ×C:\Program Files\dotnet\sdk\8.0.101\Sdks\Microsoft.NET.Sdk\targets\Microsoft.NET.Publish.targetsÔÇŁ.
   1:3>Projekt ÔÇ×C:\Users\emili\CascadeProjects\PhotoStudioManager\PhotoStudioManager.API\PhotoStudioManager.API.csprojÔÇŁ (1:3) kompiluje ÔÇ×C:\Users\emili\CascadeProjects\PhotoStudioManager\PhotoStudioManager.Infrastructure\PhotoStudioManager.Infrastructure.csprojÔÇŁ (3) w w─Ö┼║le 2 (elementy docelowe: _GenerateRestoreProjectPathWalk).
     3>Pomini─Öto element docelowy ÔÇ×_GenerateRestoreProjectPathItemsAllFrameworksÔÇŁ z powodu fa┼észywego warunku; ( '$(TargetFrameworks)' != '' ) oszacowano jako ( '' != '' ).
     3>Element docelowy ÔÇ×_GenerateRestoreProjectPathItemsPerFrameworkÔÇŁ w pliku ÔÇ×C:\Program Files\dotnet\sdk\8.0.101\NuGet.targetsÔÇŁ z projektu ÔÇ×C:\Users\emili\CascadeProjects\PhotoStudioManager\PhotoStudioManager.Infrastructure\PhotoStudioManager.Infrastructure.csprojÔÇŁ (zale┼╝y od niego element docelowy ÔÇ×_GenerateRestoreProjectPathItemsCurrentProjectÔÇŁ):
       U┼╝ywanie zadania ÔÇ×ConvertToAbsolutePathÔÇŁ z zestawu ÔÇ×Microsoft.Build.Tasks.Core, Version=15.1.0.0, Culture=neutral, PublicKeyToken=b03f5f7f11d50a3aÔÇŁ.
       Zadanie ÔÇ×ConvertToAbsolutePathÔÇŁ
       Wykonywanie zadania ÔÇ×ConvertToAbsolutePathÔÇŁ zako┼äczone.
     3>Wykonano kompilowanie elementu docelowego ÔÇ×_GenerateRestoreProjectPathItemsPerFrameworkÔÇŁ w projekcie ÔÇ×PhotoStudioManager.Infrastructure.csprojÔÇŁ.
     3>Element docelowy ÔÇ×_GenerateRestoreProjectPathItemsCurrentProjectÔÇŁ w pliku ÔÇ×C:\Program Files\dotnet\sdk\8.0.101\NuGet.targetsÔÇŁ z projektu ÔÇ×C:\Users\emili\CascadeProjects\PhotoStudioManager\PhotoStudioManager.Infrastructure\PhotoStudioManager.Infrastructure.csprojÔÇŁ (zale┼╝y od niego element docelowy ÔÇ×_GenerateRestoreProjectPathItemsÔÇŁ):
     3>Wykonano kompilowanie elementu docelowego ÔÇ×_GenerateRestoreProjectPathItemsCurrentProjectÔÇŁ w projekcie ÔÇ×PhotoStudioManager.Infrastructure.csprojÔÇŁ.
     3>Element docelowy ÔÇ×_GenerateRestoreProjectPathItemsÔÇŁ w pliku ÔÇ×C:\Program Files\dotnet\sdk\8.0.101\NuGet.targetsÔÇŁ z projektu ÔÇ×C:\Users\emili\CascadeProjects\PhotoStudioManager\PhotoStudioManager.Infrastructure\PhotoStudioManager.Infrastructure.csprojÔÇŁ (zale┼╝y od niego element docelowy ÔÇ×_GenerateRestoreProjectPathWalkÔÇŁ):
       U┼╝ywanie zadania ÔÇ×RemoveDuplicatesÔÇŁ z zestawu ÔÇ×Microsoft.Build.Tasks.Core, Version=15.1.0.0, Culture=neutral, PublicKeyToken=b03f5f7f11d50a3aÔÇŁ.
       Zadanie ÔÇ×RemoveDuplicatesÔÇŁ
       Wykonywanie zadania ÔÇ×RemoveDuplicatesÔÇŁ zako┼äczone.
     3>Wykonano kompilowanie elementu docelowego ÔÇ×_GenerateRestoreProjectPathItemsÔÇŁ w projekcie ÔÇ×PhotoStudioManager.Infrastructure.csprojÔÇŁ.
     3>Element docelowy ÔÇ×_GenerateRestoreProjectPathWalkÔÇŁ w pliku ÔÇ×C:\Program Files\dotnet\sdk\8.0.101\NuGet.targetsÔÇŁ z projektu ÔÇ×C:\Users\emili\CascadeProjects\PhotoStudioManager\PhotoStudioManager.Infrastructure\PhotoStudioManager.Infrastructure.csprojÔÇŁ (punkt wej┼Ťcia):
       U┼╝ywanie zadania ÔÇ×MSBuildÔÇŁ z zestawu ÔÇ×Microsoft.Build.Tasks.Core, Version=15.1.0.0, Culture=neutral, PublicKeyToken=b03f5f7f11d50a3aÔÇŁ.
       Zadanie ÔÇ×MSBuildÔÇŁ
         W┼éa┼Ťciwo┼Ťci globalne:
           ExcludeRestorePackageImports=true
     3>Projekt ÔÇ×C:\Users\emili\CascadeProjects\PhotoStudioManager\PhotoStudioManager.Infrastructure\PhotoStudioManager.Infrastructure.csprojÔÇŁ (3) kompiluje ÔÇ×C:\Users\emili\CascadeProjects\PhotoStudioManager\PhotoStudioManager.Core\PhotoStudioManager.Core.csprojÔÇŁ (2:2) w w─Ö┼║le 1 (elementy docelowe: _GenerateRestoreProjectPathWalk).
   2:2>Pomini─Öto element docelowy ÔÇ×_GenerateRestoreProjectPathWalkÔÇŁ. Wcze┼Ťniejsza kompilacja powiod┼éa si─Ö.
   2:2>Kompilowanie projektu ÔÇ×C:\Users\emili\CascadeProjects\PhotoStudioManager\PhotoStudioManager.Core\PhotoStudioManager.Core.csprojÔÇŁ wykonane (elementy docelowe: _GenerateRestoreProjectPathWalk).
     3>Wykonywanie zadania ÔÇ×MSBuildÔÇŁ zako┼äczone.
       Pomini─Öto zadanie ÔÇ×MSBuildÔÇŁ z powodu fa┼észywego warunku; ( '$(RestoreUseSkipNonexistentTargets)' != 'true' ) oszacowano jako ( 'true' != 'true' ).
       Zadanie ÔÇ×RemoveDuplicatesÔÇŁ
       Wykonywanie zadania ÔÇ×RemoveDuplicatesÔÇŁ zako┼äczone.
     3>Wykonano kompilowanie elementu docelowego ÔÇ×_GenerateRestoreProjectPathWalkÔÇŁ w projekcie ÔÇ×PhotoStudioManager.Infrastructure.csprojÔÇŁ.
     3>Kompilowanie projektu ÔÇ×C:\Users\emili\CascadeProjects\PhotoStudioManager\PhotoStudioManager.Infrastructure\PhotoStudioManager.Infrastructure.csprojÔÇŁ wykonane (elementy docelowe: _GenerateRestoreProjectPathWalk).
   1:3>Wykonywanie zadania ÔÇ×MSBuildÔÇŁ zako┼äczone.
       Pomini─Öto zadanie ÔÇ×MSBuildÔÇŁ z powodu fa┼észywego warunku; ( '$(RestoreUseSkipNonexistentTargets)' != 'true' ) oszacowano jako ( 'true' != 'true' ).
       Zadanie ÔÇ×RemoveDuplicatesÔÇŁ
       Wykonywanie zadania ÔÇ×RemoveDuplicatesÔÇŁ zako┼äczone.
   1:3>Wykonano kompilowanie elementu docelowego ÔÇ×_GenerateRestoreProjectPathWalkÔÇŁ w projekcie ÔÇ×PhotoStudioManager.API.csprojÔÇŁ.
   1:3>Kompilowanie projektu ÔÇ×C:\Users\emili\CascadeProjects\PhotoStudioManager\PhotoStudioManager.API\PhotoStudioManager.API.csprojÔÇŁ wykonane (elementy docelowe: _GenerateRestoreProjectPathWalk).
     1>Wykonywanie zadania ÔÇ×MSBuildÔÇŁ zako┼äczone.
       Pomini─Öto zadanie ÔÇ×MSBuildÔÇŁ z powodu fa┼észywego warunku; ( '$(RestoreUseSkipNonexistentTargets)' != 'true' ) oszacowano jako ( 'true' != 'true' ).
       Zadanie ÔÇ×RemoveDuplicatesÔÇŁ
       Wykonywanie zadania ÔÇ×RemoveDuplicatesÔÇŁ zako┼äczone.
       Zadanie ÔÇ×MSBuildÔÇŁ
         W┼éa┼Ťciwo┼Ťci globalne:
           ExcludeRestorePackageImports=true
     1>Projekt ÔÇ×C:\Users\emili\CascadeProjects\PhotoStudioManager\PhotoStudioManager.API\PhotoStudioManager.API.csprojÔÇŁ (1) kompiluje ÔÇ×C:\Users\emili\CascadeProjects\PhotoStudioManager\PhotoStudioManager.API\PhotoStudioManager.API.csprojÔÇŁ (1:4) w w─Ö┼║le 1 (elementy docelowe: _IsProjectRestoreSupported).
   1:4>Pomini─Öto element docelowy ÔÇ×_IsProjectRestoreSupportedÔÇŁ. Wcze┼Ťniejsza kompilacja powiod┼éa si─Ö.
   1:4>Kompilowanie projektu ÔÇ×C:\Users\emili\CascadeProjects\PhotoStudioManager\PhotoStudioManager.API\PhotoStudioManager.API.csprojÔÇŁ wykonane (elementy docelowe: _IsProjectRestoreSupported).
     1>Projekt ÔÇ×C:\Users\emili\CascadeProjects\PhotoStudioManager\PhotoStudioManager.API\PhotoStudioManager.API.csprojÔÇŁ (1) kompiluje ÔÇ×C:\Users\emili\CascadeProjects\PhotoStudioManager\PhotoStudioManager.Core\PhotoStudioManager.Core.csprojÔÇŁ (2:3) w w─Ö┼║le 1 (elementy docelowe: _IsProjectRestoreSupported).
   2:3>Element docelowy ÔÇ×_IsProjectRestoreSupportedÔÇŁ w pliku ÔÇ×C:\Program Files\dotnet\sdk\8.0.101\NuGet.targetsÔÇŁ z projektu ÔÇ×C:\Users\emili\CascadeProjects\PhotoStudioManager\PhotoStudioManager.Core\PhotoStudioManager.Core.csprojÔÇŁ (punkt wej┼Ťcia):
   2:3>Wykonano kompilowanie elementu docelowego ÔÇ×_IsProjectRestoreSupportedÔÇŁ w projekcie ÔÇ×PhotoStudioManager.Core.csprojÔÇŁ.
   2:3>Kompilowanie projektu ÔÇ×C:\Users\emili\CascadeProjects\PhotoStudioManager\PhotoStudioManager.Core\PhotoStudioManager.Core.csprojÔÇŁ wykonane (elementy docelowe: _IsProjectRestoreSupported).
     1>Projekt ÔÇ×C:\Users\emili\CascadeProjects\PhotoStudioManager\PhotoStudioManager.API\PhotoStudioManager.API.csprojÔÇŁ (1) kompiluje ÔÇ×C:\Users\emili\CascadeProjects\PhotoStudioManager\PhotoStudioManager.Infrastructure\PhotoStudioManager.Infrastructure.csprojÔÇŁ (3:2) w w─Ö┼║le 2 (elementy docelowe: _IsProjectRestoreSupported).
   3:2>Element docelowy ÔÇ×_IsProjectRestoreSupportedÔÇŁ w pliku ÔÇ×C:\Program Files\dotnet\sdk\8.0.101\NuGet.targetsÔÇŁ z projektu ÔÇ×C:\Users\emili\CascadeProjects\PhotoStudioManager\PhotoStudioManager.Infrastructure\PhotoStudioManager.Infrastructure.csprojÔÇŁ (punkt wej┼Ťcia):
   3:2>Wykonano kompilowanie elementu docelowego ÔÇ×_IsProjectRestoreSupportedÔÇŁ w projekcie ÔÇ×PhotoStudioManager.Infrastructure.csprojÔÇŁ.
   3:2>Kompilowanie projektu ÔÇ×C:\Users\emili\CascadeProjects\PhotoStudioManager\PhotoStudioManager.Infrastructure\PhotoStudioManager.Infrastructure.csprojÔÇŁ wykonane (elementy docelowe: _IsProjectRestoreSupported).
     1>Wykonywanie zadania ÔÇ×MSBuildÔÇŁ zako┼äczone.
       Pomini─Öto zadanie ÔÇ×MSBuildÔÇŁ z powodu fa┼észywego warunku; ( '$(RestoreUseSkipNonexistentTargets)' != 'true' ) oszacowano jako ( 'true' != 'true' ).
     1>Wykonano kompilowanie elementu docelowego ÔÇ×_GetAllRestoreProjectPathItemsÔÇŁ w projekcie ÔÇ×PhotoStudioManager.API.csprojÔÇŁ.
     1>Element docelowy ÔÇ×_GenerateRestoreGraphÔÇŁ w pliku ÔÇ×C:\Program Files\dotnet\sdk\8.0.101\NuGet.targetsÔÇŁ z projektu ÔÇ×C:\Users\emili\CascadeProjects\PhotoStudioManager\PhotoStudioManager.API\PhotoStudioManager.API.csprojÔÇŁ (zale┼╝y od niego element docelowy ÔÇ×RestoreÔÇŁ):
       U┼╝ywanie zadania ÔÇ×MessageÔÇŁ z zestawu ÔÇ×Microsoft.Build.Tasks.Core, Version=15.1.0.0, Culture=neutral, PublicKeyToken=b03f5f7f11d50a3aÔÇŁ.
       Zadanie ÔÇ×MessageÔÇŁ
         Generating dg file
       Wykonywanie zadania ÔÇ×MessageÔÇŁ zako┼äczone.
       Zadanie ÔÇ×MessageÔÇŁ
         C:\Users\emili\CascadeProjects\PhotoStudioManager\PhotoStudioManager.Core\PhotoStudioManager.Core.csproj
       Wykonywanie zadania ÔÇ×MessageÔÇŁ zako┼äczone.
       Zadanie ÔÇ×MessageÔÇŁ
         C:\Users\emili\CascadeProjects\PhotoStudioManager\PhotoStudioManager.Infrastructure\PhotoStudioManager.Infrastructure.csproj
       Wykonywanie zadania ÔÇ×MessageÔÇŁ zako┼äczone.
       Zadanie ÔÇ×MessageÔÇŁ
         C:\Users\emili\CascadeProjects\PhotoStudioManager\PhotoStudioManager.API\PhotoStudioManager.API.csproj
       Wykonywanie zadania ÔÇ×MessageÔÇŁ zako┼äczone.
       Zadanie ÔÇ×MSBuildÔÇŁ
         W┼éa┼Ťciwo┼Ťci globalne:
           ExcludeRestorePackageImports=true
     1>Projekt ÔÇ×C:\Users\emili\CascadeProjects\PhotoStudioManager\PhotoStudioManager.API\PhotoStudioManager.API.csprojÔÇŁ (1) kompiluje ÔÇ×C:\Users\emili\CascadeProjects\PhotoStudioManager\PhotoStudioManager.Core\PhotoStudioManager.Core.csprojÔÇŁ (2:4) w w─Ö┼║le 1 (elementy docelowe: _GenerateRestoreGraphProjectEntry).
   2:4>Element docelowy ÔÇ×_GetProjectJsonPathÔÇŁ w pliku ÔÇ×C:\Program Files\dotnet\sdk\8.0.101\NuGet.targetsÔÇŁ z projektu ÔÇ×C:\Users\emili\CascadeProjects\PhotoStudioManager\PhotoStudioManager.Core\PhotoStudioManager.Core.csprojÔÇŁ (zale┼╝y od niego element docelowy ÔÇ×_GetRestoreProjectStyleÔÇŁ):
   2:4>Pomini─Öto zadanie ÔÇ×GetRestoreProjectJsonPathTaskÔÇŁ z powodu fa┼észywego warunku; ( '$(RestoreProjectStyle)' == 'ProjectJson' OR '$(RestoreProjectStyle)' == '' ) oszacowano jako ( 'PackageReference' == 'ProjectJson' OR 'PackageReference' == '' ).
   2:4>Wykonano kompilowanie elementu docelowego ÔÇ×_GetProjectJsonPathÔÇŁ w projekcie ÔÇ×PhotoStudioManager.Core.csprojÔÇŁ.
       Pomini─Öto element docelowy ÔÇ×_CheckForUnsupportedTargetPlatformIdentifierÔÇŁ z powodu fa┼észywego warunku; ('$(TargetPlatformIdentifier)' != '' and '$(TargetFrameworkIdentifier)' == '.NETCoreApp' and $([MSBuild]::VersionGreaterThanOrEquals($(TargetFrameworkVersion), 5.0)) And ('$(DesignTimeBuild)' != 'true' Or '@(MissingWorkloadPack)' == '')) oszacowano jako ('' != '' and '.NETCoreApp' == '.NETCoreApp' and True And ('' != 'true' Or '' == '')).
       Pomini─Öto element docelowy ÔÇ×_CheckForMissingWorkloadÔÇŁ z powodu fa┼észywego warunku; ('@(MissingWorkloadPack)' != '' And '$(DesignTimeBuild)' != 'true') oszacowano jako ('' != '' And '' != 'true').
   2:4>Element docelowy ÔÇ×_CheckForUnsupportedNETCoreVersionÔÇŁ w pliku ÔÇ×C:\Program Files\dotnet\sdk\8.0.101\Sdks\Microsoft.NET.Sdk\targets\Microsoft.NET.TargetFrameworkInference.targetsÔÇŁ z projektu ÔÇ×C:\Users\emili\CascadeProjects\PhotoStudioManager\PhotoStudioManager.Core\PhotoStudioManager.Core.csprojÔÇŁ (zale┼╝y od niego element docelowy ÔÇ×CollectPackageReferencesÔÇŁ):
       Pomini─Öto zadanie ÔÇ×NETSdkErrorÔÇŁ z powodu fa┼észywego warunku; ('$(_TargetFrameworkVersionWithoutV)' > '$(NETCoreAppMaximumVersion)' and '$(DisplayVSMessage)' != 'true') oszacowano jako ('8.0' > '8.0' and '' != 'true').
       Pomini─Öto zadanie ÔÇ×NETSdkErrorÔÇŁ z powodu fa┼észywego warunku; ('$(DisplayVSMessage)' == 'true') oszacowano jako ('' == 'true').
   2:4>Wykonano kompilowanie elementu docelowego ÔÇ×_CheckForUnsupportedNETCoreVersionÔÇŁ w projekcie ÔÇ×PhotoStudioManager.Core.csprojÔÇŁ.
       Pomini─Öto element docelowy ÔÇ×_CheckForEolTargetFrameworksÔÇŁ z powodu fa┼észywego warunku; ('@(_EolNetCoreTargetFrameworkVersions->AnyHaveMetadataValue('Identity', '$(_TargetFrameworkVersionWithoutV)'))' and '$(TargetFrameworkIdentifier)' == '.NETCoreApp' and '$(CheckEolTargetFramework)' == 'true') oszacowano jako ('false' and '.NETCoreApp' == '.NETCoreApp' and '' == 'true').
       Pomini─Öto element docelowy ÔÇ×_CheckForEolWorkloadsÔÇŁ z powodu fa┼észywego warunku; ('@(EolWorkload)' != '' and '$(CheckEolWorkloads)' == 'true') oszacowano jako ('' != '' and 'true' == 'true').
   2:4>Element docelowy ÔÇ×_CheckForUnsupportedCppNETCoreVersionÔÇŁ w pliku ÔÇ×C:\Program Files\dotnet\sdk\8.0.101\Sdks\Microsoft.NET.Sdk\targets\Microsoft.NET.TargetFrameworkInference.targetsÔÇŁ z projektu ÔÇ×C:\Users\emili\CascadeProjects\PhotoStudioManager\PhotoStudioManager.Core\PhotoStudioManager.Core.csprojÔÇŁ (zale┼╝y od niego element docelowy ÔÇ×CollectPackageReferencesÔÇŁ):
       Pomini─Öto zadanie ÔÇ×NETSdkErrorÔÇŁ z powodu fa┼észywego warunku; ('$(TargetFrameworkIdentifier)' == '.NETCoreApp' and '$(_TargetFrameworkVersionWithoutV)' < '3.1' and ('$(Language)' == 'C++' and '$(_EnablePackageReferencesInVCProjects)' != 'true')) oszacowano jako ('.NETCoreApp' == '.NETCoreApp' and '8.0' < '3.1' and ('C#' == 'C++' and '' != 'true')).
   2:4>Wykonano kompilowanie elementu docelowego ÔÇ×_CheckForUnsupportedCppNETCoreVersionÔÇŁ w projekcie ÔÇ×PhotoStudioManager.Core.csprojÔÇŁ.
       Pomini─Öto element docelowy ÔÇ×_CheckForUnsupportedNETStandardVersionÔÇŁ z powodu fa┼észywego warunku; ('$(TargetFrameworkIdentifier)' == '.NETStandard' And '$(NETStandardMaximumVersion)' != '') oszacowano jako ('.NETCoreApp' == '.NETStandard' And '' != '').
       Pomini─Öto element docelowy ÔÇ×_CheckForUnsupportedTargetFrameworkAndFeatureCombinationÔÇŁ z powodu fa┼észywego warunku; ('$(TargetFrameworkIdentifier)' == '.NETFramework') oszacowano jako ('.NETCoreApp' == '.NETFramework').
     1>Projekt ÔÇ×C:\Users\emili\CascadeProjects\PhotoStudioManager\PhotoStudioManager.API\PhotoStudioManager.API.csprojÔÇŁ (1) kompiluje ÔÇ×C:\Users\emili\CascadeProjects\PhotoStudioManager\PhotoStudioManager.Infrastructure\PhotoStudioManager.Infrastructure.csprojÔÇŁ (3:3) w w─Ö┼║le 2 (elementy docelowe: _GenerateRestoreGraphProjectEntry).
   3:3>Element docelowy ÔÇ×_GetProjectJsonPathÔÇŁ w pliku ÔÇ×C:\Program Files\dotnet\sdk\8.0.101\NuGet.targetsÔÇŁ z projektu ÔÇ×C:\Users\emili\CascadeProjects\PhotoStudioManager\PhotoStudioManager.Infrastructure\PhotoStudioManager.Infrastructure.csprojÔÇŁ (zale┼╝y od niego element docelowy ÔÇ×_GetRestoreProjectStyleÔÇŁ):
   3:3>Pomini─Öto zadanie ÔÇ×GetRestoreProjectJsonPathTaskÔÇŁ z powodu fa┼észywego warunku; ( '$(RestoreProjectStyle)' == 'ProjectJson' OR '$(RestoreProjectStyle)' == '' ) oszacowano jako ( 'PackageReference' == 'ProjectJson' OR 'PackageReference' == '' ).
   3:3>Wykonano kompilowanie elementu docelowego ÔÇ×_GetProjectJsonPathÔÇŁ w projekcie ÔÇ×PhotoStudioManager.Infrastructure.csprojÔÇŁ.
       Pomini─Öto element docelowy ÔÇ×_CheckForUnsupportedTargetPlatformIdentifierÔÇŁ z powodu fa┼észywego warunku; ('$(TargetPlatformIdentifier)' != '' and '$(TargetFrameworkIdentifier)' == '.NETCoreApp' and $([MSBuild]::VersionGreaterThanOrEquals($(TargetFrameworkVersion), 5.0)) And ('$(DesignTimeBuild)' != 'true' Or '@(MissingWorkloadPack)' == '')) oszacowano jako ('' != '' and '.NETCoreApp' == '.NETCoreApp' and True And ('' != 'true' Or '' == '')).
       Pomini─Öto element docelowy ÔÇ×_CheckForMissingWorkloadÔÇŁ z powodu fa┼észywego warunku; ('@(MissingWorkloadPack)' != '' And '$(DesignTimeBuild)' != 'true') oszacowano jako ('' != '' And '' != 'true').
   3:3>Element docelowy ÔÇ×_CheckForUnsupportedNETCoreVersionÔÇŁ w pliku ÔÇ×C:\Program Files\dotnet\sdk\8.0.101\Sdks\Microsoft.NET.Sdk\targets\Microsoft.NET.TargetFrameworkInference.targetsÔÇŁ z projektu ÔÇ×C:\Users\emili\CascadeProjects\PhotoStudioManager\PhotoStudioManager.Infrastructure\PhotoStudioManager.Infrastructure.csprojÔÇŁ (zale┼╝y od niego element docelowy ÔÇ×CollectPackageReferencesÔÇŁ):
       Pomini─Öto zadanie ÔÇ×NETSdkErrorÔÇŁ z powodu fa┼észywego warunku; ('$(_TargetFrameworkVersionWithoutV)' > '$(NETCoreAppMaximumVersion)' and '$(DisplayVSMessage)' != 'true') oszacowano jako ('8.0' > '8.0' and '' != 'true').
       Pomini─Öto zadanie ÔÇ×NETSdkErrorÔÇŁ z powodu fa┼észywego warunku; ('$(DisplayVSMessage)' == 'true') oszacowano jako ('' == 'true').
   3:3>Wykonano kompilowanie elementu docelowego ÔÇ×_CheckForUnsupportedNETCoreVersionÔÇŁ w projekcie ÔÇ×PhotoStudioManager.Infrastructure.csprojÔÇŁ.
       Pomini─Öto element docelowy ÔÇ×_CheckForEolTargetFrameworksÔÇŁ z powodu fa┼észywego warunku; ('@(_EolNetCoreTargetFrameworkVersions->AnyHaveMetadataValue('Identity', '$(_TargetFrameworkVersionWithoutV)'))' and '$(TargetFrameworkIdentifier)' == '.NETCoreApp' and '$(CheckEolTargetFramework)' == 'true') oszacowano jako ('false' and '.NETCoreApp' == '.NETCoreApp' and '' == 'true').
       Pomini─Öto element docelowy ÔÇ×_CheckForEolWorkloadsÔÇŁ z powodu fa┼észywego warunku; ('@(EolWorkload)' != '' and '$(CheckEolWorkloads)' == 'true') oszacowano jako ('' != '' and 'true' == 'true').
   3:3>Element docelowy ÔÇ×_CheckForUnsupportedCppNETCoreVersionÔÇŁ w pliku ÔÇ×C:\Program Files\dotnet\sdk\8.0.101\Sdks\Microsoft.NET.Sdk\targets\Microsoft.NET.TargetFrameworkInference.targetsÔÇŁ z projektu ÔÇ×C:\Users\emili\CascadeProjects\PhotoStudioManager\PhotoStudioManager.Infrastructure\PhotoStudioManager.Infrastructure.csprojÔÇŁ (zale┼╝y od niego element docelowy ÔÇ×CollectPackageReferencesÔÇŁ):
       Pomini─Öto zadanie ÔÇ×NETSdkErrorÔÇŁ z powodu fa┼észywego warunku; ('$(TargetFrameworkIdentifier)' == '.NETCoreApp' and '$(_TargetFrameworkVersionWithoutV)' < '3.1' and ('$(Language)' == 'C++' and '$(_EnablePackageReferencesInVCProjects)' != 'true')) oszacowano jako ('.NETCoreApp' == '.NETCoreApp' and '8.0' < '3.1' and ('C#' == 'C++' and '' != 'true')).
   3:3>Wykonano kompilowanie elementu docelowego ÔÇ×_CheckForUnsupportedCppNETCoreVersionÔÇŁ w projekcie ÔÇ×PhotoStudioManager.Infrastructure.csprojÔÇŁ.
       Pomini─Öto element docelowy ÔÇ×_CheckForUnsupportedNETStandardVersionÔÇŁ z powodu fa┼észywego warunku; ('$(TargetFrameworkIdentifier)' == '.NETStandard' And '$(NETStandardMaximumVersion)' != '') oszacowano jako ('.NETCoreApp' == '.NETStandard' And '' != '').
       Pomini─Öto element docelowy ÔÇ×_CheckForUnsupportedTargetFrameworkAndFeatureCombinationÔÇŁ z powodu fa┼észywego warunku; ('$(TargetFrameworkIdentifier)' == '.NETFramework') oszacowano jako ('.NETCoreApp' == '.NETFramework').
   3:3>Element docelowy ÔÇ×UpdateAspNetToFrameworkReferenceÔÇŁ w pliku ÔÇ×C:\Program Files\dotnet\sdk\8.0.101\Sdks\Microsoft.NET.Sdk\targets\Microsoft.NET.Sdk.DefaultItems.Shared.targetsÔÇŁ z projektu ÔÇ×C:\Users\emili\CascadeProjects\PhotoStudioManager\PhotoStudioManager.Infrastructure\PhotoStudioManager.Infrastructure.csprojÔÇŁ (zale┼╝y od niego element docelowy ÔÇ×ApplyImplicitVersionsÔÇŁ):
       U┼╝ywanie zadania ÔÇ×CheckIfPackageReferenceShouldBeFrameworkReferenceÔÇŁ z zestawu ÔÇ×C:\Program Files\dotnet\sdk\8.0.101\Sdks\Microsoft.NET.Sdk\targets\..\tools\net8.0\Microsoft.NET.Build.Tasks.dllÔÇŁ.
       Zadanie ÔÇ×CheckIfPackageReferenceShouldBeFrameworkReferenceÔÇŁ
       Wykonywanie zadania ÔÇ×CheckIfPackageReferenceShouldBeFrameworkReferenceÔÇŁ zako┼äczone.
       Pomini─Öto zadanie ÔÇ×NETSdkErrorÔÇŁ z powodu fa┼észywego warunku; ('$(_ShouldRemoveAspNetCoreAll)' == 'true') oszacowano jako ('False' == 'true').
       Zadanie ÔÇ×CheckIfPackageReferenceShouldBeFrameworkReferenceÔÇŁ
       Wykonywanie zadania ÔÇ×CheckIfPackageReferenceShouldBeFrameworkReferenceÔÇŁ zako┼äczone.
       Pomini─Öto zadanie ÔÇ×NETSdkWarningÔÇŁ z powodu fa┼észywego warunku; ('$(_ShouldRemoveAspNetCoreApp)' == 'true') oszacowano jako ('False' == 'true').
   3:3>Wykonano kompilowanie elementu docelowego ÔÇ×UpdateAspNetToFrameworkReferenceÔÇŁ w projekcie ÔÇ×PhotoStudioManager.Infrastructure.csprojÔÇŁ.
   2:4>Element docelowy ÔÇ×UpdateAspNetToFrameworkReferenceÔÇŁ w pliku ÔÇ×C:\Program Files\dotnet\sdk\8.0.101\Sdks\Microsoft.NET.Sdk\targets\Microsoft.NET.Sdk.DefaultItems.Shared.targetsÔÇŁ z projektu ÔÇ×C:\Users\emili\CascadeProjects\PhotoStudioManager\PhotoStudioManager.Core\PhotoStudioManager.Core.csprojÔÇŁ (zale┼╝y od niego element docelowy ÔÇ×ApplyImplicitVersionsÔÇŁ):
   2:4>U┼╝ywanie zadania ÔÇ×CheckIfPackageReferenceShouldBeFrameworkReferenceÔÇŁ z zestawu ÔÇ×C:\Program Files\dotnet\sdk\8.0.101\Sdks\Microsoft.NET.Sdk\targets\..\tools\net8.0\Microsoft.NET.Build.Tasks.dllÔÇŁ.
       Zadanie ÔÇ×CheckIfPackageReferenceShouldBeFrameworkReferenceÔÇŁ
       Wykonywanie zadania ÔÇ×CheckIfPackageReferenceShouldBeFrameworkReferenceÔÇŁ zako┼äczone.
       Pomini─Öto zadanie ÔÇ×NETSdkErrorÔÇŁ z powodu fa┼észywego warunku; ('$(_ShouldRemoveAspNetCoreAll)' == 'true') oszacowano jako ('False' == 'true').
       Zadanie ÔÇ×CheckIfPackageReferenceShouldBeFrameworkReferenceÔÇŁ
       Wykonywanie zadania ÔÇ×CheckIfPackageReferenceShouldBeFrameworkReferenceÔÇŁ zako┼äczone.
       Pomini─Öto zadanie ÔÇ×NETSdkWarningÔÇŁ z powodu fa┼észywego warunku; ('$(_ShouldRemoveAspNetCoreApp)' == 'true') oszacowano jako ('False' == 'true').
   2:4>Wykonano kompilowanie elementu docelowego ÔÇ×UpdateAspNetToFrameworkReferenceÔÇŁ w projekcie ÔÇ×PhotoStudioManager.Core.csprojÔÇŁ.
       Pomini─Öto element docelowy ÔÇ×IncludeTargetingPackReferenceÔÇŁ z powodu fa┼észywego warunku; ('$(TargetFrameworkMoniker)' != '' and '$(TargetFrameworkIdentifier)' == '.NETFramework' and '$(AutomaticallyUseReferenceAssemblyPackages)' == 'true') oszacowano jako ('.NETCoreApp,Version=v8.0' != '' and '.NETCoreApp' == '.NETFramework' and 'true' == 'true').
   2:4>Element docelowy ÔÇ×CheckForImplicitPackageReferenceOverridesÔÇŁ w pliku ÔÇ×C:\Program Files\dotnet\sdk\8.0.101\Sdks\Microsoft.NET.Sdk\targets\Microsoft.NET.Sdk.DefaultItems.Shared.targetsÔÇŁ z projektu ÔÇ×C:\Users\emili\CascadeProjects\PhotoStudioManager\PhotoStudioManager.Core\PhotoStudioManager.Core.csprojÔÇŁ (zale┼╝y od niego element docelowy ÔÇ×ApplyImplicitVersionsÔÇŁ):
       U┼╝ywanie zadania ÔÇ×CheckForImplicitPackageReferenceOverridesÔÇŁ z zestawu ÔÇ×C:\Program Files\dotnet\sdk\8.0.101\Sdks\Microsoft.NET.Sdk\targets\..\tools\net8.0\Microsoft.NET.Build.Tasks.dllÔÇŁ.
       Zadanie ÔÇ×CheckForImplicitPackageReferenceOverridesÔÇŁ
   3:3>Pomini─Öto element docelowy ÔÇ×IncludeTargetingPackReferenceÔÇŁ z powodu fa┼észywego warunku; ('$(TargetFrameworkMoniker)' != '' and '$(TargetFrameworkIdentifier)' == '.NETFramework' and '$(AutomaticallyUseReferenceAssemblyPackages)' == 'true') oszacowano jako ('.NETCoreApp,Version=v8.0' != '' and '.NETCoreApp' == '.NETFramework' and 'true' == 'true').
   3:3>Element docelowy ÔÇ×CheckForImplicitPackageReferenceOverridesÔÇŁ w pliku ÔÇ×C:\Program Files\dotnet\sdk\8.0.101\Sdks\Microsoft.NET.Sdk\targets\Microsoft.NET.Sdk.DefaultItems.Shared.targetsÔÇŁ z projektu ÔÇ×C:\Users\emili\CascadeProjects\PhotoStudioManager\PhotoStudioManager.Infrastructure\PhotoStudioManager.Infrastructure.csprojÔÇŁ (zale┼╝y od niego element docelowy ÔÇ×ApplyImplicitVersionsÔÇŁ):
       U┼╝ywanie zadania ÔÇ×CheckForImplicitPackageReferenceOverridesÔÇŁ z zestawu ÔÇ×C:\Program Files\dotnet\sdk\8.0.101\Sdks\Microsoft.NET.Sdk\targets\..\tools\net8.0\Microsoft.NET.Build.Tasks.dllÔÇŁ.
   2:4>Wykonywanie zadania ÔÇ×CheckForImplicitPackageReferenceOverridesÔÇŁ zako┼äczone.
   3:3>Zadanie ÔÇ×CheckForImplicitPackageReferenceOverridesÔÇŁ
       Wykonywanie zadania ÔÇ×CheckForImplicitPackageReferenceOverridesÔÇŁ zako┼äczone.
   2:4>Wykonano kompilowanie elementu docelowego ÔÇ×CheckForImplicitPackageReferenceOverridesÔÇŁ w projekcie ÔÇ×PhotoStudioManager.Core.csprojÔÇŁ.
   3:3>Wykonano kompilowanie elementu docelowego ÔÇ×CheckForImplicitPackageReferenceOverridesÔÇŁ w projekcie ÔÇ×PhotoStudioManager.Infrastructure.csprojÔÇŁ.
   3:3>Element docelowy ÔÇ×ApplyImplicitVersionsÔÇŁ w pliku ÔÇ×C:\Program Files\dotnet\sdk\8.0.101\Sdks\Microsoft.NET.Sdk\targets\Microsoft.NET.Sdk.DefaultItems.Shared.targetsÔÇŁ z projektu ÔÇ×C:\Users\emili\CascadeProjects\PhotoStudioManager\PhotoStudioManager.Infrastructure\PhotoStudioManager.Infrastructure.csprojÔÇŁ (zale┼╝y od niego element docelowy ÔÇ×CollectPackageReferencesÔÇŁ):
       U┼╝ywanie zadania ÔÇ×ApplyImplicitVersionsÔÇŁ z zestawu ÔÇ×C:\Program Files\dotnet\sdk\8.0.101\Sdks\Microsoft.NET.Sdk\targets\..\tools\net8.0\Microsoft.NET.Build.Tasks.dllÔÇŁ.
       Zadanie ÔÇ×ApplyImplicitVersionsÔÇŁ
       Wykonywanie zadania ÔÇ×ApplyImplicitVersionsÔÇŁ zako┼äczone.
   2:4>Element docelowy ÔÇ×ApplyImplicitVersionsÔÇŁ w pliku ÔÇ×C:\Program Files\dotnet\sdk\8.0.101\Sdks\Microsoft.NET.Sdk\targets\Microsoft.NET.Sdk.DefaultItems.Shared.targetsÔÇŁ z projektu ÔÇ×C:\Users\emili\CascadeProjects\PhotoStudioManager\PhotoStudioManager.Core\PhotoStudioManager.Core.csprojÔÇŁ (zale┼╝y od niego element docelowy ÔÇ×CollectPackageReferencesÔÇŁ):
   2:4>U┼╝ywanie zadania ÔÇ×ApplyImplicitVersionsÔÇŁ z zestawu ÔÇ×C:\Program Files\dotnet\sdk\8.0.101\Sdks\Microsoft.NET.Sdk\targets\..\tools\net8.0\Microsoft.NET.Build.Tasks.dllÔÇŁ.
       Zadanie ÔÇ×ApplyImplicitVersionsÔÇŁ
   3:3>Wykonano kompilowanie elementu docelowego ÔÇ×ApplyImplicitVersionsÔÇŁ w projekcie ÔÇ×PhotoStudioManager.Infrastructure.csprojÔÇŁ.
       Pomini─Öto element docelowy ÔÇ×CheckForImplicitPackageReferenceOverridesÔÇŁ. Wcze┼Ťniejsza kompilacja powiod┼éa si─Ö.
       Pomini─Öto element docelowy ÔÇ×AddWindowsSdkKnownFrameworkReferencesÔÇŁ z powodu fa┼észywego warunku; ('$(TargetFrameworkIdentifier)' == '.NETCoreApp' And '$(TargetPlatformIdentifier)' == 'Windows') oszacowano jako ('.NETCoreApp' == '.NETCoreApp' And '' == 'Windows').
       Pomini─Öto element docelowy ÔÇ×_NormalizeTargetPlatformVersionÔÇŁ z powodu fa┼észywego warunku; ('$(TargetPlatformVersion)' != '' and '$(TargetFrameworkIdentifier)' == '.NETCoreApp' and $([MSBuild]::VersionGreaterThanOrEquals($(TargetFrameworkVersion), 5.0)) and ('$(Language)' != 'C++' or '$(_EnablePackageReferencesInVCProjects)' == 'true')) oszacowano jako ('' != '' and '.NETCoreApp' == '.NETCoreApp' and True and ('C#' != 'C++' or '' == 'true')).
   3:3>Element docelowy ÔÇ×_CheckForLanguageAndFeatureCombinationSupportÔÇŁ w pliku ÔÇ×C:\Program Files\dotnet\sdk\8.0.101\Sdks\Microsoft.NET.Sdk\targets\Microsoft.NET.RuntimeIdentifierInference.targetsÔÇŁ z projektu ÔÇ×C:\Users\emili\CascadeProjects\PhotoStudioManager\PhotoStudioManager.Infrastructure\PhotoStudioManager.Infrastructure.csprojÔÇŁ (zale┼╝y od niego element docelowy ÔÇ×ProcessFrameworkReferencesÔÇŁ):
       Pomini─Öto zadanie ÔÇ×NETSdkErrorÔÇŁ z powodu fa┼észywego warunku; (('$(Language)' == 'C++' and '$(_EnablePackageReferencesInVCProjects)' != 'true') and $(OutputType) != 'library' and '$(TargetFrameworkIdentifier)' == '.NETCoreApp') oszacowano jako (('C#' == 'C++' and '' != 'true') and Library != 'library' and '.NETCoreApp' == '.NETCoreApp').
       Pomini─Öto zadanie ÔÇ×NETSdkErrorÔÇŁ z powodu fa┼észywego warunku; (('$(Language)' == 'C++' and '$(_EnablePackageReferencesInVCProjects)' != 'true') and $(EnableComHosting) == 'true') oszacowano jako (('C#' == 'C++' and '' != 'true') and  == 'true').
       Pomini─Öto zadanie ÔÇ×NETSdkErrorÔÇŁ z powodu fa┼észywego warunku; (('$(Language)' == 'C++' and '$(_EnablePackageReferencesInVCProjects)' != 'true') and $(SelfContained) == 'true') oszacowano jako (('C#' == 'C++' and '' != 'true') and  == 'true').
   2:4>Wykonywanie zadania ÔÇ×ApplyImplicitVersionsÔÇŁ zako┼äczone.
   3:3>Wykonano kompilowanie elementu docelowego ÔÇ×_CheckForLanguageAndFeatureCombinationSupportÔÇŁ w projekcie ÔÇ×PhotoStudioManager.Infrastructure.csprojÔÇŁ.
   3:3>Element docelowy ÔÇ×_ComputeToolPackInputsToProcessFrameworkReferencesÔÇŁ w pliku ÔÇ×C:\Program Files\dotnet\sdk\8.0.101\Sdks\Microsoft.NET.Sdk\targets\Microsoft.NET.Publish.targetsÔÇŁ z projektu ÔÇ×C:\Users\emili\CascadeProjects\PhotoStudioManager\PhotoStudioManager.Infrastructure\PhotoStudioManager.Infrastructure.csprojÔÇŁ (zale┼╝y od niego element docelowy ÔÇ×ProcessFrameworkReferencesÔÇŁ):
   3:3>Wykonano kompilowanie elementu docelowego ÔÇ×_ComputeToolPackInputsToProcessFrameworkReferencesÔÇŁ w projekcie ÔÇ×PhotoStudioManager.Infrastructure.csprojÔÇŁ.
   2:4>Wykonano kompilowanie elementu docelowego ÔÇ×ApplyImplicitVersionsÔÇŁ w projekcie ÔÇ×PhotoStudioManager.Core.csprojÔÇŁ.
       Pomini─Öto element docelowy ÔÇ×CheckForImplicitPackageReferenceOverridesÔÇŁ. Wcze┼Ťniejsza kompilacja powiod┼éa si─Ö.
   3:3>Element docelowy ÔÇ×ProcessFrameworkReferencesÔÇŁ w pliku ÔÇ×C:\Program Files\dotnet\sdk\8.0.101\Sdks\Microsoft.NET.Sdk\targets\Microsoft.NET.Sdk.FrameworkReferenceResolution.targetsÔÇŁ z projektu ÔÇ×C:\Users\emili\CascadeProjects\PhotoStudioManager\PhotoStudioManager.Infrastructure\PhotoStudioManager.Infrastructure.csprojÔÇŁ (zale┼╝y od niego element docelowy ÔÇ×CollectPackageReferencesÔÇŁ):
   3:3>U┼╝ywanie zadania ÔÇ×CheckForDuplicateFrameworkReferencesÔÇŁ z zestawu ÔÇ×C:\Program Files\dotnet\sdk\8.0.101\Sdks\Microsoft.NET.Sdk\targets\..\tools\net8.0\Microsoft.NET.Build.Tasks.dllÔÇŁ.
   2:4>Pomini─Öto element docelowy ÔÇ×AddWindowsSdkKnownFrameworkReferencesÔÇŁ z powodu fa┼észywego warunku; ('$(TargetFrameworkIdentifier)' == '.NETCoreApp' And '$(TargetPlatformIdentifier)' == 'Windows') oszacowano jako ('.NETCoreApp' == '.NETCoreApp' And '' == 'Windows').
   3:3>Zadanie ÔÇ×CheckForDuplicateFrameworkReferencesÔÇŁ
   2:4>Pomini─Öto element docelowy ÔÇ×_NormalizeTargetPlatformVersionÔÇŁ z powodu fa┼észywego warunku; ('$(TargetPlatformVersion)' != '' and '$(TargetFrameworkIdentifier)' == '.NETCoreApp' and $([MSBuild]::VersionGreaterThanOrEquals($(TargetFrameworkVersion), 5.0)) and ('$(Language)' != 'C++' or '$(_EnablePackageReferencesInVCProjects)' == 'true')) oszacowano jako ('' != '' and '.NETCoreApp' == '.NETCoreApp' and True and ('C#' != 'C++' or '' == 'true')).
   3:3>Wykonywanie zadania ÔÇ×CheckForDuplicateFrameworkReferencesÔÇŁ zako┼äczone.
   2:4>Element docelowy ÔÇ×_CheckForLanguageAndFeatureCombinationSupportÔÇŁ w pliku ÔÇ×C:\Program Files\dotnet\sdk\8.0.101\Sdks\Microsoft.NET.Sdk\targets\Microsoft.NET.RuntimeIdentifierInference.targetsÔÇŁ z projektu ÔÇ×C:\Users\emili\CascadeProjects\PhotoStudioManager\PhotoStudioManager.Core\PhotoStudioManager.Core.csprojÔÇŁ (zale┼╝y od niego element docelowy ÔÇ×ProcessFrameworkReferencesÔÇŁ):
   2:4>Pomini─Öto zadanie ÔÇ×NETSdkErrorÔÇŁ z powodu fa┼észywego warunku; (('$(Language)' == 'C++' and '$(_EnablePackageReferencesInVCProjects)' != 'true') and $(OutputType) != 'library' and '$(TargetFrameworkIdentifier)' == '.NETCoreApp') oszacowano jako (('C#' == 'C++' and '' != 'true') and Library != 'library' and '.NETCoreApp' == '.NETCoreApp').
   3:3>ProcessFrameworkReferences:
       U┼╝ywanie zadania ÔÇ×ProcessFrameworkReferencesÔÇŁ z zestawu ÔÇ×C:\Program Files\dotnet\sdk\8.0.101\Sdks\Microsoft.NET.Sdk\targets\..\tools\net8.0\Microsoft.NET.Build.Tasks.dllÔÇŁ.
   2:4>_CheckForLanguageAndFeatureCombinationSupport:
       Pomini─Öto zadanie ÔÇ×NETSdkErrorÔÇŁ z powodu fa┼észywego warunku; (('$(Language)' == 'C++' and '$(_EnablePackageReferencesInVCProjects)' != 'true') and $(EnableComHosting) == 'true') oszacowano jako (('C#' == 'C++' and '' != 'true') and  == 'true').
   3:3>Zadanie ÔÇ×ProcessFrameworkReferencesÔÇŁ
   2:4>_CheckForLanguageAndFeatureCombinationSupport:
       Pomini─Öto zadanie ÔÇ×NETSdkErrorÔÇŁ z powodu fa┼észywego warunku; (('$(Language)' == 'C++' and '$(_EnablePackageReferencesInVCProjects)' != 'true') and $(SelfContained) == 'true') oszacowano jako (('C#' == 'C++' and '' != 'true') and  == 'true').
   2:4>Wykonano kompilowanie elementu docelowego ÔÇ×_CheckForLanguageAndFeatureCombinationSupportÔÇŁ w projekcie ÔÇ×PhotoStudioManager.Core.csprojÔÇŁ.
   3:3>Wykonywanie zadania ÔÇ×ProcessFrameworkReferencesÔÇŁ zako┼äczone.
       U┼╝ywanie zadania ÔÇ×ResolveAppHostsÔÇŁ z zestawu ÔÇ×C:\Program Files\dotnet\sdk\8.0.101\Sdks\Microsoft.NET.Sdk\targets\..\tools\net8.0\Microsoft.NET.Build.Tasks.dllÔÇŁ.
       Zadanie ÔÇ×ResolveAppHostsÔÇŁ
       Wykonywanie zadania ÔÇ×ResolveAppHostsÔÇŁ zako┼äczone.
   3:3>Wykonano kompilowanie elementu docelowego ÔÇ×ProcessFrameworkReferencesÔÇŁ w projekcie ÔÇ×PhotoStudioManager.Infrastructure.csprojÔÇŁ.
       Pomini─Öto element docelowy ÔÇ×IncludeTargetingPackReferenceÔÇŁ z powodu fa┼észywego warunku; ('$(TargetFrameworkMoniker)' != '' and '$(TargetFrameworkIdentifier)' == '.NETFramework' and '$(AutomaticallyUseReferenceAssemblyPackages)' == 'true') oszacowano jako ('.NETCoreApp,Version=v8.0' != '' and '.NETCoreApp' == '.NETFramework' and 'true' == 'true').
   3:3>Element docelowy ÔÇ×_AddMicrosoftNetCompilerToolsetFrameworkPackageÔÇŁ w pliku ÔÇ×C:\Program Files\dotnet\sdk\8.0.101\Sdks\Microsoft.NET.Sdk\targets\Microsoft.NET.Sdk.targetsÔÇŁ z projektu ÔÇ×C:\Users\emili\CascadeProjects\PhotoStudioManager\PhotoStudioManager.Infrastructure\PhotoStudioManager.Infrastructure.csprojÔÇŁ (zale┼╝y od niego element docelowy ÔÇ×CollectPackageReferencesÔÇŁ):
       Pomini─Öto zadanie ÔÇ×NETSdkWarningÔÇŁ z powodu fa┼észywego warunku; ('@(PackageReference->AnyHaveMetadataValue('Identity', 'Microsoft.Net.Compilers.Toolset.Framework'))' == 'true') oszacowano jako ('false' == 'true').
   3:3>Wykonano kompilowanie elementu docelowego ÔÇ×_AddMicrosoftNetCompilerToolsetFrameworkPackageÔÇŁ w projekcie ÔÇ×PhotoStudioManager.Infrastructure.csprojÔÇŁ.
   3:3>Element docelowy ÔÇ×_CheckForObsoleteDotNetCliToolReferencesÔÇŁ w pliku ÔÇ×C:\Program Files\dotnet\sdk\8.0.101\Sdks\Microsoft.NET.Sdk\targets\Microsoft.NET.ObsoleteReferences.targetsÔÇŁ z projektu ÔÇ×C:\Users\emili\CascadeProjects\PhotoStudioManager\PhotoStudioManager.Infrastructure\PhotoStudioManager.Infrastructure.csprojÔÇŁ (zale┼╝y od niego element docelowy ÔÇ×CollectPackageReferencesÔÇŁ):
       Pomini─Öto zadanie ÔÇ×NETSdkWarningÔÇŁ z powodu fa┼észywego warunku; ( '%(_ReferenceToObsoleteDotNetCliTool.Identity)' != '' ) oszacowano jako ( '' != '' ).
   3:3>Wykonano kompilowanie elementu docelowego ÔÇ×_CheckForObsoleteDotNetCliToolReferencesÔÇŁ w projekcie ÔÇ×PhotoStudioManager.Infrastructure.csprojÔÇŁ.
   3:3>Element docelowy ÔÇ×CollectPackageReferencesÔÇŁ w pliku ÔÇ×C:\Program Files\dotnet\sdk\8.0.101\NuGet.targetsÔÇŁ z projektu ÔÇ×C:\Users\emili\CascadeProjects\PhotoStudioManager\PhotoStudioManager.Infrastructure\PhotoStudioManager.Infrastructure.csprojÔÇŁ (zale┼╝y od niego element docelowy ÔÇ×_GetRestoreProjectStyleÔÇŁ):
       U┼╝ywanie zadania ÔÇ×CheckForDuplicateNuGetItemsTaskÔÇŁ z zestawu ÔÇ×C:\Program Files\dotnet\sdk\8.0.101\NuGet.Build.Tasks.dllÔÇŁ.
       Zadanie ÔÇ×CheckForDuplicateNuGetItemsTaskÔÇŁ
       Wykonywanie zadania ÔÇ×CheckForDuplicateNuGetItemsTaskÔÇŁ zako┼äczone.
   3:3>Wykonano kompilowanie elementu docelowego ÔÇ×CollectPackageReferencesÔÇŁ w projekcie ÔÇ×PhotoStudioManager.Infrastructure.csprojÔÇŁ.
   3:3>Element docelowy ÔÇ×_GetRestoreProjectStyleÔÇŁ w pliku ÔÇ×C:\Program Files\dotnet\sdk\8.0.101\NuGet.targetsÔÇŁ z projektu ÔÇ×C:\Users\emili\CascadeProjects\PhotoStudioManager\PhotoStudioManager.Infrastructure\PhotoStudioManager.Infrastructure.csprojÔÇŁ (zale┼╝y od niego element docelowy ÔÇ×_GenerateRestoreSpecsÔÇŁ):
       U┼╝ywanie zadania ÔÇ×GetRestoreProjectStyleTaskÔÇŁ z zestawu ÔÇ×C:\Program Files\dotnet\sdk\8.0.101\NuGet.Build.Tasks.dllÔÇŁ.
       Zadanie ÔÇ×GetRestoreProjectStyleTaskÔÇŁ
         (in) HasPackageReferenceItems 'True'
         (in) MSBuildProjectDirectory 'C:\Users\emili\CascadeProjects\PhotoStudioManager\PhotoStudioManager.Infrastructure'
         (in) MSBuildProjectName 'PhotoStudioManager.Infrastructure'
         (in) ProjectJsonPath ''
         (in) RestoreProjectStyle 'PackageReference'
         (out) IsPackageReferenceCompatibleProjectStyle 'True'
         (out) ProjectStyle 'PackageReference'
       Wykonywanie zadania ÔÇ×GetRestoreProjectStyleTaskÔÇŁ zako┼äczone.
   3:3>Wykonano kompilowanie elementu docelowego ÔÇ×_GetRestoreProjectStyleÔÇŁ w projekcie ÔÇ×PhotoStudioManager.Infrastructure.csprojÔÇŁ.
   3:3>Element docelowy ÔÇ×_GenerateRestoreSpecsÔÇŁ w pliku ÔÇ×C:\Program Files\dotnet\sdk\8.0.101\NuGet.targetsÔÇŁ z projektu ÔÇ×C:\Users\emili\CascadeProjects\PhotoStudioManager\PhotoStudioManager.Infrastructure\PhotoStudioManager.Infrastructure.csprojÔÇŁ (zale┼╝y od niego element docelowy ÔÇ×_GenerateRestoreGraphProjectEntryÔÇŁ):
       U┼╝ywanie zadania ÔÇ×MessageÔÇŁ z zestawu ÔÇ×Microsoft.Build.Tasks.Core, Version=15.1.0.0, Culture=neutral, PublicKeyToken=b03f5f7f11d50a3aÔÇŁ.
       Zadanie ÔÇ×MessageÔÇŁ
         Restore entry point C:\Users\emili\CascadeProjects\PhotoStudioManager\PhotoStudioManager.Infrastructure\PhotoStudioManager.Infrastructure.csproj
       Wykonywanie zadania ÔÇ×MessageÔÇŁ zako┼äczone.
   3:3>Wykonano kompilowanie elementu docelowego ÔÇ×_GenerateRestoreSpecsÔÇŁ w projekcie ÔÇ×PhotoStudioManager.Infrastructure.csprojÔÇŁ.
   3:3>Element docelowy ÔÇ×_GetRestoreSettingsOverridesÔÇŁ w pliku ÔÇ×C:\Program Files\dotnet\sdk\8.0.101\NuGet.targetsÔÇŁ z projektu ÔÇ×C:\Users\emili\CascadeProjects\PhotoStudioManager\PhotoStudioManager.Infrastructure\PhotoStudioManager.Infrastructure.csprojÔÇŁ (zale┼╝y od niego element docelowy ÔÇ×_GetRestoreSettingsÔÇŁ):
       Pomini─Öto zadanie ÔÇ×MSBuildÔÇŁ z powodu fa┼észywego warunku; ( '$(RestorePackagesPath)' != '' ) oszacowano jako ( '' != '' ).
       Pomini─Öto zadanie ÔÇ×MSBuildÔÇŁ z powodu fa┼észywego warunku; ( '$(RestoreRepositoryPathOverride)' != '' ) oszacowano jako ( '' != '' ).
       Pomini─Öto zadanie ÔÇ×MSBuildÔÇŁ z powodu fa┼észywego warunku; ( '$(RestoreSources)' != '' ) oszacowano jako ( '' != '' ).
       Pomini─Öto zadanie ÔÇ×MSBuildÔÇŁ z powodu fa┼észywego warunku; ( '$(RestoreFallbackFolders)' != '' ) oszacowano jako ( '' != '' ).
   3:3>Wykonano kompilowanie elementu docelowego ÔÇ×_GetRestoreSettingsOverridesÔÇŁ w projekcie ÔÇ×PhotoStudioManager.Infrastructure.csprojÔÇŁ.
   3:3>Element docelowy ÔÇ×_GetRestoreSettingsPerFrameworkÔÇŁ w pliku ÔÇ×C:\Program Files\dotnet\sdk\8.0.101\NuGet.targetsÔÇŁ z projektu ÔÇ×C:\Users\emili\CascadeProjects\PhotoStudioManager\PhotoStudioManager.Infrastructure\PhotoStudioManager.Infrastructure.csprojÔÇŁ (zale┼╝y od niego element docelowy ÔÇ×_GetRestoreSettingsCurrentProjectÔÇŁ):
   3:3>Wykonano kompilowanie elementu docelowego ÔÇ×_GetRestoreSettingsPerFrameworkÔÇŁ w projekcie ÔÇ×PhotoStudioManager.Infrastructure.csprojÔÇŁ.
   3:3>Element docelowy ÔÇ×_GetRestoreSettingsCurrentProjectÔÇŁ w pliku ÔÇ×C:\Program Files\dotnet\sdk\8.0.101\NuGet.targetsÔÇŁ z projektu ÔÇ×C:\Users\emili\CascadeProjects\PhotoStudioManager\PhotoStudioManager.Infrastructure\PhotoStudioManager.Infrastructure.csprojÔÇŁ (zale┼╝y od niego element docelowy ÔÇ×_GetRestoreSettingsÔÇŁ):
   3:3>Wykonano kompilowanie elementu docelowego ÔÇ×_GetRestoreSettingsCurrentProjectÔÇŁ w projekcie ÔÇ×PhotoStudioManager.Infrastructure.csprojÔÇŁ.
       Pomini─Öto element docelowy ÔÇ×_GetRestoreSettingsAllFrameworksÔÇŁ z powodu fa┼észywego warunku; ( '$(TargetFrameworks)' != '' AND '$(PackageReferenceCompatibleProjectStyle)' == 'true' ) oszacowano jako ( '' != '' AND 'True' == 'true' ).
   3:3>Element docelowy ÔÇ×_GetRestoreSettingsÔÇŁ w pliku ÔÇ×C:\Program Files\dotnet\sdk\8.0.101\NuGet.targetsÔÇŁ z projektu ÔÇ×C:\Users\emili\CascadeProjects\PhotoStudioManager\PhotoStudioManager.Infrastructure\PhotoStudioManager.Infrastructure.csprojÔÇŁ (zale┼╝y od niego element docelowy ÔÇ×_GenerateDotnetCliToolReferenceSpecsÔÇŁ):
       U┼╝ywanie zadania ÔÇ×GetRestoreSettingsTaskÔÇŁ z zestawu ÔÇ×C:\Program Files\dotnet\sdk\8.0.101\NuGet.Build.Tasks.dllÔÇŁ.
       Zadanie ÔÇ×GetRestoreSettingsTaskÔÇŁ
         (in) ProjectUniqueName 'C:\Users\emili\CascadeProjects\PhotoStudioManager\PhotoStudioManager.Infrastructure\PhotoStudioManager.Infrastructure.csproj'
         (in) RestoreSources ''
         (in) RestorePackagesPath ''
         (in) RestoreRepositoryPath ''
         (in) RestoreFallbackFolders ''
         (in) RestoreConfigFile ''
         (in) RestoreSolutionDirectory ''
         (in) RestoreRootConfigDirectory ''
         (in) RestorePackagesPathOverride ''
         (in) RestoreSourcesOverride ''
         (in) RestoreFallbackFoldersOverride ''
         (in) RestoreProjectStyle 'PackageReference'
         (in) MSBuildStartupDirectory 'C:\Users\emili\CascadeProjects\PhotoStudioManager'
         (out) OutputPackagesPath 'C:\Users\emili\.nuget\packages\'
         (out) OutputRepositoryPath ''
         (out) OutputSources 'https://api.nuget.org/v3/index.json;C:\Program Files (x86)\Microsoft SDKs\NuGetPackages\;C:\Program Files\dotnet\library-packs'
         (out) OutputFallbackFolders 'C:\Program Files (x86)\Microsoft Visual Studio\Shared\NuGetPackages'
         (out) OutputConfigFilePaths 'C:\Users\emili\AppData\Roaming\NuGet\NuGet.Config;C:\Program Files (x86)\NuGet\Config\Microsoft.VisualStudio.FallbackLocation.config;C:\Program Files (x86)\NuGet\Config\Microsoft.VisualStudio.Offline.config'
       Wykonywanie zadania ÔÇ×GetRestoreSettingsTaskÔÇŁ zako┼äczone.
   3:3>Wykonano kompilowanie elementu docelowego ÔÇ×_GetRestoreSettingsÔÇŁ w projekcie ÔÇ×PhotoStudioManager.Infrastructure.csprojÔÇŁ.
   2:4>Element docelowy ÔÇ×_ComputeToolPackInputsToProcessFrameworkReferencesÔÇŁ w pliku ÔÇ×C:\Program Files\dotnet\sdk\8.0.101\Sdks\Microsoft.NET.Sdk\targets\Microsoft.NET.Publish.targetsÔÇŁ z projektu ÔÇ×C:\Users\emili\CascadeProjects\PhotoStudioManager\PhotoStudioManager.Core\PhotoStudioManager.Core.csprojÔÇŁ (zale┼╝y od niego element docelowy ÔÇ×ProcessFrameworkReferencesÔÇŁ):
   2:4>Wykonano kompilowanie elementu docelowego ÔÇ×_ComputeToolPackInputsToProcessFrameworkReferencesÔÇŁ w projekcie ÔÇ×PhotoStudioManager.Core.csprojÔÇŁ.
   3:3>Element docelowy ÔÇ×_GenerateDotnetCliToolReferenceSpecsÔÇŁ w pliku ÔÇ×C:\Program Files\dotnet\sdk\8.0.101\NuGet.targetsÔÇŁ z projektu ÔÇ×C:\Users\emili\CascadeProjects\PhotoStudioManager\PhotoStudioManager.Infrastructure\PhotoStudioManager.Infrastructure.csprojÔÇŁ (zale┼╝y od niego element docelowy ÔÇ×_GenerateRestoreGraphProjectEntryÔÇŁ):
   3:3>U┼╝ywanie zadania ÔÇ×GetRestoreDotnetCliToolsTaskÔÇŁ z zestawu ÔÇ×C:\Program Files\dotnet\sdk\8.0.101\NuGet.Build.Tasks.dllÔÇŁ.
       Zadanie ÔÇ×GetRestoreDotnetCliToolsTaskÔÇŁ
         (in) ProjectPath 'C:\Users\emili\CascadeProjects\PhotoStudioManager\PhotoStudioManager.Infrastructure\PhotoStudioManager.Infrastructure.csproj'
         (in) DotnetCliToolReferences ''
   2:4>Element docelowy ÔÇ×ProcessFrameworkReferencesÔÇŁ w pliku ÔÇ×C:\Program Files\dotnet\sdk\8.0.101\Sdks\Microsoft.NET.Sdk\targets\Microsoft.NET.Sdk.FrameworkReferenceResolution.targetsÔÇŁ z projektu ÔÇ×C:\Users\emili\CascadeProjects\PhotoStudioManager\PhotoStudioManager.Core\PhotoStudioManager.Core.csprojÔÇŁ (zale┼╝y od niego element docelowy ÔÇ×CollectPackageReferencesÔÇŁ):
   2:4>U┼╝ywanie zadania ÔÇ×CheckForDuplicateFrameworkReferencesÔÇŁ z zestawu ÔÇ×C:\Program Files\dotnet\sdk\8.0.101\Sdks\Microsoft.NET.Sdk\targets\..\tools\net8.0\Microsoft.NET.Build.Tasks.dllÔÇŁ.
       Zadanie ÔÇ×CheckForDuplicateFrameworkReferencesÔÇŁ
   3:3>_GenerateDotnetCliToolReferenceSpecs:
         (in) RestoreSources 'https://api.nuget.org/v3/index.json;C:\Program Files (x86)\Microsoft SDKs\NuGetPackages\;C:\Program Files\dotnet\library-packs'
         (in) RestorePackagesPath 'C:\Users\emili\.nuget\packages\'
         (in) RestoreFallbackFolders 'C:\Program Files (x86)\Microsoft Visual Studio\Shared\NuGetPackages'
         (in) RestoreConfigFilePaths 'C:\Users\emili\AppData\Roaming\NuGet\NuGet.Config;C:\Program Files (x86)\NuGet\Config\Microsoft.VisualStudio.FallbackLocation.config;C:\Program Files (x86)\NuGet\Config\Microsoft.VisualStudio.Offline.config'
       Wykonywanie zadania ÔÇ×GetRestoreDotnetCliToolsTaskÔÇŁ zako┼äczone.
   3:3>Wykonano kompilowanie elementu docelowego ÔÇ×_GenerateDotnetCliToolReferenceSpecsÔÇŁ w projekcie ÔÇ×PhotoStudioManager.Infrastructure.csprojÔÇŁ.
   2:4>Wykonywanie zadania ÔÇ×CheckForDuplicateFrameworkReferencesÔÇŁ zako┼äczone.
   3:3>Element docelowy ÔÇ×_GenerateRestoreGraphProjectEntryÔÇŁ w pliku ÔÇ×C:\Program Files\dotnet\sdk\8.0.101\NuGet.targetsÔÇŁ z projektu ÔÇ×C:\Users\emili\CascadeProjects\PhotoStudioManager\PhotoStudioManager.Infrastructure\PhotoStudioManager.Infrastructure.csprojÔÇŁ (punkt wej┼Ťcia):
   3:3>Wykonano kompilowanie elementu docelowego ÔÇ×_GenerateRestoreGraphProjectEntryÔÇŁ w projekcie ÔÇ×PhotoStudioManager.Infrastructure.csprojÔÇŁ.
   3:3>Kompilowanie projektu ÔÇ×C:\Users\emili\CascadeProjects\PhotoStudioManager\PhotoStudioManager.Infrastructure\PhotoStudioManager.Infrastructure.csprojÔÇŁ wykonane (elementy docelowe: _GenerateRestoreGraphProjectEntry).
   2:4>ProcessFrameworkReferences:
       U┼╝ywanie zadania ÔÇ×ProcessFrameworkReferencesÔÇŁ z zestawu ÔÇ×C:\Program Files\dotnet\sdk\8.0.101\Sdks\Microsoft.NET.Sdk\targets\..\tools\net8.0\Microsoft.NET.Build.Tasks.dllÔÇŁ.
       Zadanie ÔÇ×ProcessFrameworkReferencesÔÇŁ
       Wykonywanie zadania ÔÇ×ProcessFrameworkReferencesÔÇŁ zako┼äczone.
       U┼╝ywanie zadania ÔÇ×ResolveAppHostsÔÇŁ z zestawu ÔÇ×C:\Program Files\dotnet\sdk\8.0.101\Sdks\Microsoft.NET.Sdk\targets\..\tools\net8.0\Microsoft.NET.Build.Tasks.dllÔÇŁ.
       Zadanie ÔÇ×ResolveAppHostsÔÇŁ
       Wykonywanie zadania ÔÇ×ResolveAppHostsÔÇŁ zako┼äczone.
   2:4>Wykonano kompilowanie elementu docelowego ÔÇ×ProcessFrameworkReferencesÔÇŁ w projekcie ÔÇ×PhotoStudioManager.Core.csprojÔÇŁ.
       Pomini─Öto element docelowy ÔÇ×IncludeTargetingPackReferenceÔÇŁ z powodu fa┼észywego warunku; ('$(TargetFrameworkMoniker)' != '' and '$(TargetFrameworkIdentifier)' == '.NETFramework' and '$(AutomaticallyUseReferenceAssemblyPackages)' == 'true') oszacowano jako ('.NETCoreApp,Version=v8.0' != '' and '.NETCoreApp' == '.NETFramework' and 'true' == 'true').
   2:4>Element docelowy ÔÇ×_AddMicrosoftNetCompilerToolsetFrameworkPackageÔÇŁ w pliku ÔÇ×C:\Program Files\dotnet\sdk\8.0.101\Sdks\Microsoft.NET.Sdk\targets\Microsoft.NET.Sdk.targetsÔÇŁ z projektu ÔÇ×C:\Users\emili\CascadeProjects\PhotoStudioManager\PhotoStudioManager.Core\PhotoStudioManager.Core.csprojÔÇŁ (zale┼╝y od niego element docelowy ÔÇ×CollectPackageReferencesÔÇŁ):
       Pomini─Öto zadanie ÔÇ×NETSdkWarningÔÇŁ z powodu fa┼észywego warunku; ('@(PackageReference->AnyHaveMetadataValue('Identity', 'Microsoft.Net.Compilers.Toolset.Framework'))' == 'true') oszacowano jako ('false' == 'true').
   2:4>Wykonano kompilowanie elementu docelowego ÔÇ×_AddMicrosoftNetCompilerToolsetFrameworkPackageÔÇŁ w projekcie ÔÇ×PhotoStudioManager.Core.csprojÔÇŁ.
   2:4>Element docelowy ÔÇ×_CheckForObsoleteDotNetCliToolReferencesÔÇŁ w pliku ÔÇ×C:\Program Files\dotnet\sdk\8.0.101\Sdks\Microsoft.NET.Sdk\targets\Microsoft.NET.ObsoleteReferences.targetsÔÇŁ z projektu ÔÇ×C:\Users\emili\CascadeProjects\PhotoStudioManager\PhotoStudioManager.Core\PhotoStudioManager.Core.csprojÔÇŁ (zale┼╝y od niego element docelowy ÔÇ×CollectPackageReferencesÔÇŁ):
       Pomini─Öto zadanie ÔÇ×NETSdkWarningÔÇŁ z powodu fa┼észywego warunku; ( '%(_ReferenceToObsoleteDotNetCliTool.Identity)' != '' ) oszacowano jako ( '' != '' ).
   2:4>Wykonano kompilowanie elementu docelowego ÔÇ×_CheckForObsoleteDotNetCliToolReferencesÔÇŁ w projekcie ÔÇ×PhotoStudioManager.Core.csprojÔÇŁ.
   2:4>Element docelowy ÔÇ×CollectPackageReferencesÔÇŁ w pliku ÔÇ×C:\Program Files\dotnet\sdk\8.0.101\NuGet.targetsÔÇŁ z projektu ÔÇ×C:\Users\emili\CascadeProjects\PhotoStudioManager\PhotoStudioManager.Core\PhotoStudioManager.Core.csprojÔÇŁ (zale┼╝y od niego element docelowy ÔÇ×_GetRestoreProjectStyleÔÇŁ):
       U┼╝ywanie zadania ÔÇ×CheckForDuplicateNuGetItemsTaskÔÇŁ z zestawu ÔÇ×C:\Program Files\dotnet\sdk\8.0.101\NuGet.Build.Tasks.dllÔÇŁ.
       Zadanie ÔÇ×CheckForDuplicateNuGetItemsTaskÔÇŁ
       Wykonywanie zadania ÔÇ×CheckForDuplicateNuGetItemsTaskÔÇŁ zako┼äczone.
   2:4>Wykonano kompilowanie elementu docelowego ÔÇ×CollectPackageReferencesÔÇŁ w projekcie ÔÇ×PhotoStudioManager.Core.csprojÔÇŁ.
   2:4>Element docelowy ÔÇ×_GetRestoreProjectStyleÔÇŁ w pliku ÔÇ×C:\Program Files\dotnet\sdk\8.0.101\NuGet.targetsÔÇŁ z projektu ÔÇ×C:\Users\emili\CascadeProjects\PhotoStudioManager\PhotoStudioManager.Core\PhotoStudioManager.Core.csprojÔÇŁ (zale┼╝y od niego element docelowy ÔÇ×_GenerateRestoreSpecsÔÇŁ):
       U┼╝ywanie zadania ÔÇ×GetRestoreProjectStyleTaskÔÇŁ z zestawu ÔÇ×C:\Program Files\dotnet\sdk\8.0.101\NuGet.Build.Tasks.dllÔÇŁ.
       Zadanie ÔÇ×GetRestoreProjectStyleTaskÔÇŁ
         (in) HasPackageReferenceItems 'True'
         (in) MSBuildProjectDirectory 'C:\Users\emili\CascadeProjects\PhotoStudioManager\PhotoStudioManager.Core'
         (in) MSBuildProjectName 'PhotoStudioManager.Core'
         (in) ProjectJsonPath ''
         (in) RestoreProjectStyle 'PackageReference'
         (out) IsPackageReferenceCompatibleProjectStyle 'True'
         (out) ProjectStyle 'PackageReference'
       Wykonywanie zadania ÔÇ×GetRestoreProjectStyleTaskÔÇŁ zako┼äczone.
   2:4>Wykonano kompilowanie elementu docelowego ÔÇ×_GetRestoreProjectStyleÔÇŁ w projekcie ÔÇ×PhotoStudioManager.Core.csprojÔÇŁ.
   2:4>Element docelowy ÔÇ×_GenerateRestoreSpecsÔÇŁ w pliku ÔÇ×C:\Program Files\dotnet\sdk\8.0.101\NuGet.targetsÔÇŁ z projektu ÔÇ×C:\Users\emili\CascadeProjects\PhotoStudioManager\PhotoStudioManager.Core\PhotoStudioManager.Core.csprojÔÇŁ (zale┼╝y od niego element docelowy ÔÇ×_GenerateRestoreGraphProjectEntryÔÇŁ):
       Zadanie ÔÇ×MessageÔÇŁ
         Restore entry point C:\Users\emili\CascadeProjects\PhotoStudioManager\PhotoStudioManager.Core\PhotoStudioManager.Core.csproj
       Wykonywanie zadania ÔÇ×MessageÔÇŁ zako┼äczone.
   2:4>Wykonano kompilowanie elementu docelowego ÔÇ×_GenerateRestoreSpecsÔÇŁ w projekcie ÔÇ×PhotoStudioManager.Core.csprojÔÇŁ.
   2:4>Element docelowy ÔÇ×_GetRestoreSettingsOverridesÔÇŁ w pliku ÔÇ×C:\Program Files\dotnet\sdk\8.0.101\NuGet.targetsÔÇŁ z projektu ÔÇ×C:\Users\emili\CascadeProjects\PhotoStudioManager\PhotoStudioManager.Core\PhotoStudioManager.Core.csprojÔÇŁ (zale┼╝y od niego element docelowy ÔÇ×_GetRestoreSettingsÔÇŁ):
       Pomini─Öto zadanie ÔÇ×MSBuildÔÇŁ z powodu fa┼észywego warunku; ( '$(RestorePackagesPath)' != '' ) oszacowano jako ( '' != '' ).
       Pomini─Öto zadanie ÔÇ×MSBuildÔÇŁ z powodu fa┼észywego warunku; ( '$(RestoreRepositoryPathOverride)' != '' ) oszacowano jako ( '' != '' ).
       Pomini─Öto zadanie ÔÇ×MSBuildÔÇŁ z powodu fa┼észywego warunku; ( '$(RestoreSources)' != '' ) oszacowano jako ( '' != '' ).
       Pomini─Öto zadanie ÔÇ×MSBuildÔÇŁ z powodu fa┼észywego warunku; ( '$(RestoreFallbackFolders)' != '' ) oszacowano jako ( '' != '' ).
   2:4>Wykonano kompilowanie elementu docelowego ÔÇ×_GetRestoreSettingsOverridesÔÇŁ w projekcie ÔÇ×PhotoStudioManager.Core.csprojÔÇŁ.
   2:4>Element docelowy ÔÇ×_GetRestoreSettingsPerFrameworkÔÇŁ w pliku ÔÇ×C:\Program Files\dotnet\sdk\8.0.101\NuGet.targetsÔÇŁ z projektu ÔÇ×C:\Users\emili\CascadeProjects\PhotoStudioManager\PhotoStudioManager.Core\PhotoStudioManager.Core.csprojÔÇŁ (zale┼╝y od niego element docelowy ÔÇ×_GetRestoreSettingsCurrentProjectÔÇŁ):
   2:4>Wykonano kompilowanie elementu docelowego ÔÇ×_GetRestoreSettingsPerFrameworkÔÇŁ w projekcie ÔÇ×PhotoStudioManager.Core.csprojÔÇŁ.
   2:4>Element docelowy ÔÇ×_GetRestoreSettingsCurrentProjectÔÇŁ w pliku ÔÇ×C:\Program Files\dotnet\sdk\8.0.101\NuGet.targetsÔÇŁ z projektu ÔÇ×C:\Users\emili\CascadeProjects\PhotoStudioManager\PhotoStudioManager.Core\PhotoStudioManager.Core.csprojÔÇŁ (zale┼╝y od niego element docelowy ÔÇ×_GetRestoreSettingsÔÇŁ):
   2:4>Wykonano kompilowanie elementu docelowego ÔÇ×_GetRestoreSettingsCurrentProjectÔÇŁ w projekcie ÔÇ×PhotoStudioManager.Core.csprojÔÇŁ.
       Pomini─Öto element docelowy ÔÇ×_GetRestoreSettingsAllFrameworksÔÇŁ z powodu fa┼észywego warunku; ( '$(TargetFrameworks)' != '' AND '$(PackageReferenceCompatibleProjectStyle)' == 'true' ) oszacowano jako ( '' != '' AND 'True' == 'true' ).
   2:4>Element docelowy ÔÇ×_GetRestoreSettingsÔÇŁ w pliku ÔÇ×C:\Program Files\dotnet\sdk\8.0.101\NuGet.targetsÔÇŁ z projektu ÔÇ×C:\Users\emili\CascadeProjects\PhotoStudioManager\PhotoStudioManager.Core\PhotoStudioManager.Core.csprojÔÇŁ (zale┼╝y od niego element docelowy ÔÇ×_GenerateDotnetCliToolReferenceSpecsÔÇŁ):
       U┼╝ywanie zadania ÔÇ×GetRestoreSettingsTaskÔÇŁ z zestawu ÔÇ×C:\Program Files\dotnet\sdk\8.0.101\NuGet.Build.Tasks.dllÔÇŁ.
       Zadanie ÔÇ×GetRestoreSettingsTaskÔÇŁ
         (in) ProjectUniqueName 'C:\Users\emili\CascadeProjects\PhotoStudioManager\PhotoStudioManager.Core\PhotoStudioManager.Core.csproj'
         (in) RestoreSources ''
         (in) RestorePackagesPath ''
         (in) RestoreRepositoryPath ''
         (in) RestoreFallbackFolders ''
         (in) RestoreConfigFile ''
         (in) RestoreSolutionDirectory ''
         (in) RestoreRootConfigDirectory ''
         (in) RestorePackagesPathOverride ''
         (in) RestoreSourcesOverride ''
         (in) RestoreFallbackFoldersOverride ''
         (in) RestoreProjectStyle 'PackageReference'
         (in) MSBuildStartupDirectory 'C:\Users\emili\CascadeProjects\PhotoStudioManager'
         Za┼éadowano zestaw podczas TaskRun (NuGet.Build.Tasks.GetRestoreSettingsTask): NuGet.Configuration, Version=6.8.0.122, Culture=neutral, PublicKeyToken=31bf3856ad364e35 (lokalizacja: C:\Program Files\dotnet\sdk\8.0.101\NuGet.Configuration.dll, MVID: 3ccd1dee-7e8a-474f-a215-0d3e949b1d80, domena aplikacji: [Default])
         (out) OutputPackagesPath 'C:\Users\emili\.nuget\packages\'
         (out) OutputRepositoryPath ''
         (out) OutputSources 'https://api.nuget.org/v3/index.json;C:\Program Files (x86)\Microsoft SDKs\NuGetPackages\;C:\Program Files\dotnet\library-packs'
         (out) OutputFallbackFolders 'C:\Program Files (x86)\Microsoft Visual Studio\Shared\NuGetPackages'
         (out) OutputConfigFilePaths 'C:\Users\emili\AppData\Roaming\NuGet\NuGet.Config;C:\Program Files (x86)\NuGet\Config\Microsoft.VisualStudio.FallbackLocation.config;C:\Program Files (x86)\NuGet\Config\Microsoft.VisualStudio.Offline.config'
       Wykonywanie zadania ÔÇ×GetRestoreSettingsTaskÔÇŁ zako┼äczone.
   2:4>Wykonano kompilowanie elementu docelowego ÔÇ×_GetRestoreSettingsÔÇŁ w projekcie ÔÇ×PhotoStudioManager.Core.csprojÔÇŁ.
   2:4>Element docelowy ÔÇ×_GenerateDotnetCliToolReferenceSpecsÔÇŁ w pliku ÔÇ×C:\Program Files\dotnet\sdk\8.0.101\NuGet.targetsÔÇŁ z projektu ÔÇ×C:\Users\emili\CascadeProjects\PhotoStudioManager\PhotoStudioManager.Core\PhotoStudioManager.Core.csprojÔÇŁ (zale┼╝y od niego element docelowy ÔÇ×_GenerateRestoreGraphProjectEntryÔÇŁ):
       U┼╝ywanie zadania ÔÇ×GetRestoreDotnetCliToolsTaskÔÇŁ z zestawu ÔÇ×C:\Program Files\dotnet\sdk\8.0.101\NuGet.Build.Tasks.dllÔÇŁ.
       Zadanie ÔÇ×GetRestoreDotnetCliToolsTaskÔÇŁ
         (in) ProjectPath 'C:\Users\emili\CascadeProjects\PhotoStudioManager\PhotoStudioManager.Core\PhotoStudioManager.Core.csproj'
         (in) DotnetCliToolReferences ''
         (in) RestoreSources 'https://api.nuget.org/v3/index.json;C:\Program Files (x86)\Microsoft SDKs\NuGetPackages\;C:\Program Files\dotnet\library-packs'
         (in) RestorePackagesPath 'C:\Users\emili\.nuget\packages\'
         (in) RestoreFallbackFolders 'C:\Program Files (x86)\Microsoft Visual Studio\Shared\NuGetPackages'
         (in) RestoreConfigFilePaths 'C:\Users\emili\AppData\Roaming\NuGet\NuGet.Config;C:\Program Files (x86)\NuGet\Config\Microsoft.VisualStudio.FallbackLocation.config;C:\Program Files (x86)\NuGet\Config\Microsoft.VisualStudio.Offline.config'
       Wykonywanie zadania ÔÇ×GetRestoreDotnetCliToolsTaskÔÇŁ zako┼äczone.
   2:4>Wykonano kompilowanie elementu docelowego ÔÇ×_GenerateDotnetCliToolReferenceSpecsÔÇŁ w projekcie ÔÇ×PhotoStudioManager.Core.csprojÔÇŁ.
   2:4>Element docelowy ÔÇ×_GenerateRestoreGraphProjectEntryÔÇŁ w pliku ÔÇ×C:\Program Files\dotnet\sdk\8.0.101\NuGet.targetsÔÇŁ z projektu ÔÇ×C:\Users\emili\CascadeProjects\PhotoStudioManager\PhotoStudioManager.Core\PhotoStudioManager.Core.csprojÔÇŁ (punkt wej┼Ťcia):
   2:4>Wykonano kompilowanie elementu docelowego ÔÇ×_GenerateRestoreGraphProjectEntryÔÇŁ w projekcie ÔÇ×PhotoStudioManager.Core.csprojÔÇŁ.
   2:4>Kompilowanie projektu ÔÇ×C:\Users\emili\CascadeProjects\PhotoStudioManager\PhotoStudioManager.Core\PhotoStudioManager.Core.csprojÔÇŁ wykonane (elementy docelowe: _GenerateRestoreGraphProjectEntry).
     1>Projekt ÔÇ×C:\Users\emili\CascadeProjects\PhotoStudioManager\PhotoStudioManager.API\PhotoStudioManager.API.csprojÔÇŁ (1) kompiluje ÔÇ×C:\Users\emili\CascadeProjects\PhotoStudioManager\PhotoStudioManager.API\PhotoStudioManager.API.csprojÔÇŁ (1:5) w w─Ö┼║le 1 (elementy docelowe: _GenerateRestoreGraphProjectEntry).
   1:5>Element docelowy ÔÇ×_GetProjectJsonPathÔÇŁ w pliku ÔÇ×C:\Program Files\dotnet\sdk\8.0.101\NuGet.targetsÔÇŁ z projektu ÔÇ×C:\Users\emili\CascadeProjects\PhotoStudioManager\PhotoStudioManager.API\PhotoStudioManager.API.csprojÔÇŁ (zale┼╝y od niego element docelowy ÔÇ×_GetRestoreProjectStyleÔÇŁ):
   1:5>Pomini─Öto zadanie ÔÇ×GetRestoreProjectJsonPathTaskÔÇŁ z powodu fa┼észywego warunku; ( '$(RestoreProjectStyle)' == 'ProjectJson' OR '$(RestoreProjectStyle)' == '' ) oszacowano jako ( 'PackageReference' == 'ProjectJson' OR 'PackageReference' == '' ).
   1:5>Wykonano kompilowanie elementu docelowego ÔÇ×_GetProjectJsonPathÔÇŁ w projekcie ÔÇ×PhotoStudioManager.API.csprojÔÇŁ.
       Pomini─Öto element docelowy ÔÇ×_CheckForUnsupportedTargetPlatformIdentifierÔÇŁ z powodu fa┼észywego warunku; ('$(TargetPlatformIdentifier)' != '' and '$(TargetFrameworkIdentifier)' == '.NETCoreApp' and $([MSBuild]::VersionGreaterThanOrEquals($(TargetFrameworkVersion), 5.0)) And ('$(DesignTimeBuild)' != 'true' Or '@(MissingWorkloadPack)' == '')) oszacowano jako ('' != '' and '.NETCoreApp' == '.NETCoreApp' and True And ('' != 'true' Or '' == '')).
       Pomini─Öto element docelowy ÔÇ×_CheckForMissingWorkloadÔÇŁ z powodu fa┼észywego warunku; ('@(MissingWorkloadPack)' != '' And '$(DesignTimeBuild)' != 'true') oszacowano jako ('' != '' And '' != 'true').
   1:5>Element docelowy ÔÇ×_CheckForUnsupportedNETCoreVersionÔÇŁ w pliku ÔÇ×C:\Program Files\dotnet\sdk\8.0.101\Sdks\Microsoft.NET.Sdk\targets\Microsoft.NET.TargetFrameworkInference.targetsÔÇŁ z projektu ÔÇ×C:\Users\emili\CascadeProjects\PhotoStudioManager\PhotoStudioManager.API\PhotoStudioManager.API.csprojÔÇŁ (zale┼╝y od niego element docelowy ÔÇ×CollectPackageReferencesÔÇŁ):
       Pomini─Öto zadanie ÔÇ×NETSdkErrorÔÇŁ z powodu fa┼észywego warunku; ('$(_TargetFrameworkVersionWithoutV)' > '$(NETCoreAppMaximumVersion)' and '$(DisplayVSMessage)' != 'true') oszacowano jako ('8.0' > '8.0' and '' != 'true').
       Pomini─Öto zadanie ÔÇ×NETSdkErrorÔÇŁ z powodu fa┼észywego warunku; ('$(DisplayVSMessage)' == 'true') oszacowano jako ('' == 'true').
   1:5>Wykonano kompilowanie elementu docelowego ÔÇ×_CheckForUnsupportedNETCoreVersionÔÇŁ w projekcie ÔÇ×PhotoStudioManager.API.csprojÔÇŁ.
       Pomini─Öto element docelowy ÔÇ×_CheckForEolTargetFrameworksÔÇŁ z powodu fa┼észywego warunku; ('@(_EolNetCoreTargetFrameworkVersions->AnyHaveMetadataValue('Identity', '$(_TargetFrameworkVersionWithoutV)'))' and '$(TargetFrameworkIdentifier)' == '.NETCoreApp' and '$(CheckEolTargetFramework)' == 'true') oszacowano jako ('false' and '.NETCoreApp' == '.NETCoreApp' and 'true' == 'true').
       Pomini─Öto element docelowy ÔÇ×_CheckForEolWorkloadsÔÇŁ z powodu fa┼észywego warunku; ('@(EolWorkload)' != '' and '$(CheckEolWorkloads)' == 'true') oszacowano jako ('' != '' and 'true' == 'true').
   1:5>Element docelowy ÔÇ×_CheckForUnsupportedCppNETCoreVersionÔÇŁ w pliku ÔÇ×C:\Program Files\dotnet\sdk\8.0.101\Sdks\Microsoft.NET.Sdk\targets\Microsoft.NET.TargetFrameworkInference.targetsÔÇŁ z projektu ÔÇ×C:\Users\emili\CascadeProjects\PhotoStudioManager\PhotoStudioManager.API\PhotoStudioManager.API.csprojÔÇŁ (zale┼╝y od niego element docelowy ÔÇ×CollectPackageReferencesÔÇŁ):
       Pomini─Öto zadanie ÔÇ×NETSdkErrorÔÇŁ z powodu fa┼észywego warunku; ('$(TargetFrameworkIdentifier)' == '.NETCoreApp' and '$(_TargetFrameworkVersionWithoutV)' < '3.1' and ('$(Language)' == 'C++' and '$(_EnablePackageReferencesInVCProjects)' != 'true')) oszacowano jako ('.NETCoreApp' == '.NETCoreApp' and '8.0' < '3.1' and ('C#' == 'C++' and '' != 'true')).
   1:5>Wykonano kompilowanie elementu docelowego ÔÇ×_CheckForUnsupportedCppNETCoreVersionÔÇŁ w projekcie ÔÇ×PhotoStudioManager.API.csprojÔÇŁ.
       Pomini─Öto element docelowy ÔÇ×_CheckForUnsupportedNETStandardVersionÔÇŁ z powodu fa┼észywego warunku; ('$(TargetFrameworkIdentifier)' == '.NETStandard' And '$(NETStandardMaximumVersion)' != '') oszacowano jako ('.NETCoreApp' == '.NETStandard' And '' != '').
       Pomini─Öto element docelowy ÔÇ×_CheckForUnsupportedTargetFrameworkAndFeatureCombinationÔÇŁ z powodu fa┼észywego warunku; ('$(TargetFrameworkIdentifier)' == '.NETFramework') oszacowano jako ('.NETCoreApp' == '.NETFramework').
   1:5>Element docelowy ÔÇ×UpdateAspNetToFrameworkReferenceÔÇŁ w pliku ÔÇ×C:\Program Files\dotnet\sdk\8.0.101\Sdks\Microsoft.NET.Sdk\targets\Microsoft.NET.Sdk.DefaultItems.Shared.targetsÔÇŁ z projektu ÔÇ×C:\Users\emili\CascadeProjects\PhotoStudioManager\PhotoStudioManager.API\PhotoStudioManager.API.csprojÔÇŁ (zale┼╝y od niego element docelowy ÔÇ×ApplyImplicitVersionsÔÇŁ):
       U┼╝ywanie zadania ÔÇ×CheckIfPackageReferenceShouldBeFrameworkReferenceÔÇŁ z zestawu ÔÇ×C:\Program Files\dotnet\sdk\8.0.101\Sdks\Microsoft.NET.Sdk\targets\..\tools\net8.0\Microsoft.NET.Build.Tasks.dllÔÇŁ.
       Zadanie ÔÇ×CheckIfPackageReferenceShouldBeFrameworkReferenceÔÇŁ
       Wykonywanie zadania ÔÇ×CheckIfPackageReferenceShouldBeFrameworkReferenceÔÇŁ zako┼äczone.
       Pomini─Öto zadanie ÔÇ×NETSdkErrorÔÇŁ z powodu fa┼észywego warunku; ('$(_ShouldRemoveAspNetCoreAll)' == 'true') oszacowano jako ('False' == 'true').
       Zadanie ÔÇ×CheckIfPackageReferenceShouldBeFrameworkReferenceÔÇŁ
       Wykonywanie zadania ÔÇ×CheckIfPackageReferenceShouldBeFrameworkReferenceÔÇŁ zako┼äczone.
       Pomini─Öto zadanie ÔÇ×NETSdkWarningÔÇŁ z powodu fa┼észywego warunku; ('$(_ShouldRemoveAspNetCoreApp)' == 'true') oszacowano jako ('False' == 'true').
   1:5>Wykonano kompilowanie elementu docelowego ÔÇ×UpdateAspNetToFrameworkReferenceÔÇŁ w projekcie ÔÇ×PhotoStudioManager.API.csprojÔÇŁ.
       Pomini─Öto element docelowy ÔÇ×IncludeTargetingPackReferenceÔÇŁ z powodu fa┼észywego warunku; ('$(TargetFrameworkMoniker)' != '' and '$(TargetFrameworkIdentifier)' == '.NETFramework' and '$(AutomaticallyUseReferenceAssemblyPackages)' == 'true') oszacowano jako ('.NETCoreApp,Version=v8.0' != '' and '.NETCoreApp' == '.NETFramework' and 'true' == 'true').
   1:5>Element docelowy ÔÇ×CheckForImplicitPackageReferenceOverridesÔÇŁ w pliku ÔÇ×C:\Program Files\dotnet\sdk\8.0.101\Sdks\Microsoft.NET.Sdk\targets\Microsoft.NET.Sdk.DefaultItems.Shared.targetsÔÇŁ z projektu ÔÇ×C:\Users\emili\CascadeProjects\PhotoStudioManager\PhotoStudioManager.API\PhotoStudioManager.API.csprojÔÇŁ (zale┼╝y od niego element docelowy ÔÇ×ApplyImplicitVersionsÔÇŁ):
       U┼╝ywanie zadania ÔÇ×CheckForImplicitPackageReferenceOverridesÔÇŁ z zestawu ÔÇ×C:\Program Files\dotnet\sdk\8.0.101\Sdks\Microsoft.NET.Sdk\targets\..\tools\net8.0\Microsoft.NET.Build.Tasks.dllÔÇŁ.
       Zadanie ÔÇ×CheckForImplicitPackageReferenceOverridesÔÇŁ
       Wykonywanie zadania ÔÇ×CheckForImplicitPackageReferenceOverridesÔÇŁ zako┼äczone.
   1:5>Wykonano kompilowanie elementu docelowego ÔÇ×CheckForImplicitPackageReferenceOverridesÔÇŁ w projekcie ÔÇ×PhotoStudioManager.API.csprojÔÇŁ.
   1:5>Element docelowy ÔÇ×ApplyImplicitVersionsÔÇŁ w pliku ÔÇ×C:\Program Files\dotnet\sdk\8.0.101\Sdks\Microsoft.NET.Sdk\targets\Microsoft.NET.Sdk.DefaultItems.Shared.targetsÔÇŁ z projektu ÔÇ×C:\Users\emili\CascadeProjects\PhotoStudioManager\PhotoStudioManager.API\PhotoStudioManager.API.csprojÔÇŁ (zale┼╝y od niego element docelowy ÔÇ×CollectPackageReferencesÔÇŁ):
       U┼╝ywanie zadania ÔÇ×ApplyImplicitVersionsÔÇŁ z zestawu ÔÇ×C:\Program Files\dotnet\sdk\8.0.101\Sdks\Microsoft.NET.Sdk\targets\..\tools\net8.0\Microsoft.NET.Build.Tasks.dllÔÇŁ.
       Zadanie ÔÇ×ApplyImplicitVersionsÔÇŁ
       Wykonywanie zadania ÔÇ×ApplyImplicitVersionsÔÇŁ zako┼äczone.
   1:5>Wykonano kompilowanie elementu docelowego ÔÇ×ApplyImplicitVersionsÔÇŁ w projekcie ÔÇ×PhotoStudioManager.API.csprojÔÇŁ.
       Pomini─Öto element docelowy ÔÇ×CheckForImplicitPackageReferenceOverridesÔÇŁ. Wcze┼Ťniejsza kompilacja powiod┼éa si─Ö.
       Pomini─Öto element docelowy ÔÇ×AddWindowsSdkKnownFrameworkReferencesÔÇŁ z powodu fa┼észywego warunku; ('$(TargetFrameworkIdentifier)' == '.NETCoreApp' And '$(TargetPlatformIdentifier)' == 'Windows') oszacowano jako ('.NETCoreApp' == '.NETCoreApp' And '' == 'Windows').
       Pomini─Öto element docelowy ÔÇ×_NormalizeTargetPlatformVersionÔÇŁ z powodu fa┼észywego warunku; ('$(TargetPlatformVersion)' != '' and '$(TargetFrameworkIdentifier)' == '.NETCoreApp' and $([MSBuild]::VersionGreaterThanOrEquals($(TargetFrameworkVersion), 5.0)) and ('$(Language)' != 'C++' or '$(_EnablePackageReferencesInVCProjects)' == 'true')) oszacowano jako ('' != '' and '.NETCoreApp' == '.NETCoreApp' and True and ('C#' != 'C++' or '' == 'true')).
   1:5>Element docelowy ÔÇ×_CheckForLanguageAndFeatureCombinationSupportÔÇŁ w pliku ÔÇ×C:\Program Files\dotnet\sdk\8.0.101\Sdks\Microsoft.NET.Sdk\targets\Microsoft.NET.RuntimeIdentifierInference.targetsÔÇŁ z projektu ÔÇ×C:\Users\emili\CascadeProjects\PhotoStudioManager\PhotoStudioManager.API\PhotoStudioManager.API.csprojÔÇŁ (zale┼╝y od niego element docelowy ÔÇ×ProcessFrameworkReferencesÔÇŁ):
       Pomini─Öto zadanie ÔÇ×NETSdkErrorÔÇŁ z powodu fa┼észywego warunku; (('$(Language)' == 'C++' and '$(_EnablePackageReferencesInVCProjects)' != 'true') and $(OutputType) != 'library' and '$(TargetFrameworkIdentifier)' == '.NETCoreApp') oszacowano jako (('C#' == 'C++' and '' != 'true') and Exe != 'library' and '.NETCoreApp' == '.NETCoreApp').
       Pomini─Öto zadanie ÔÇ×NETSdkErrorÔÇŁ z powodu fa┼észywego warunku; (('$(Language)' == 'C++' and '$(_EnablePackageReferencesInVCProjects)' != 'true') and $(EnableComHosting) == 'true') oszacowano jako (('C#' == 'C++' and '' != 'true') and  == 'true').
       Pomini─Öto zadanie ÔÇ×NETSdkErrorÔÇŁ z powodu fa┼észywego warunku; (('$(Language)' == 'C++' and '$(_EnablePackageReferencesInVCProjects)' != 'true') and $(SelfContained) == 'true') oszacowano jako (('C#' == 'C++' and '' != 'true') and false == 'true').
   1:5>Wykonano kompilowanie elementu docelowego ÔÇ×_CheckForLanguageAndFeatureCombinationSupportÔÇŁ w projekcie ÔÇ×PhotoStudioManager.API.csprojÔÇŁ.
   1:5>Element docelowy ÔÇ×_ComputeToolPackInputsToProcessFrameworkReferencesÔÇŁ w pliku ÔÇ×C:\Program Files\dotnet\sdk\8.0.101\Sdks\Microsoft.NET.Sdk\targets\Microsoft.NET.Publish.targetsÔÇŁ z projektu ÔÇ×C:\Users\emili\CascadeProjects\PhotoStudioManager\PhotoStudioManager.API\PhotoStudioManager.API.csprojÔÇŁ (zale┼╝y od niego element docelowy ÔÇ×ProcessFrameworkReferencesÔÇŁ):
   1:5>Wykonano kompilowanie elementu docelowego ÔÇ×_ComputeToolPackInputsToProcessFrameworkReferencesÔÇŁ w projekcie ÔÇ×PhotoStudioManager.API.csprojÔÇŁ.
   1:5>Element docelowy ÔÇ×ProcessFrameworkReferencesÔÇŁ w pliku ÔÇ×C:\Program Files\dotnet\sdk\8.0.101\Sdks\Microsoft.NET.Sdk\targets\Microsoft.NET.Sdk.FrameworkReferenceResolution.targetsÔÇŁ z projektu ÔÇ×C:\Users\emili\CascadeProjects\PhotoStudioManager\PhotoStudioManager.API\PhotoStudioManager.API.csprojÔÇŁ (zale┼╝y od niego element docelowy ÔÇ×CollectPackageReferencesÔÇŁ):
       U┼╝ywanie zadania ÔÇ×CheckForDuplicateFrameworkReferencesÔÇŁ z zestawu ÔÇ×C:\Program Files\dotnet\sdk\8.0.101\Sdks\Microsoft.NET.Sdk\targets\..\tools\net8.0\Microsoft.NET.Build.Tasks.dllÔÇŁ.
       Zadanie ÔÇ×CheckForDuplicateFrameworkReferencesÔÇŁ
       Wykonywanie zadania ÔÇ×CheckForDuplicateFrameworkReferencesÔÇŁ zako┼äczone.
       U┼╝ywanie zadania ÔÇ×ProcessFrameworkReferencesÔÇŁ z zestawu ÔÇ×C:\Program Files\dotnet\sdk\8.0.101\Sdks\Microsoft.NET.Sdk\targets\..\tools\net8.0\Microsoft.NET.Build.Tasks.dllÔÇŁ.
       Zadanie ÔÇ×ProcessFrameworkReferencesÔÇŁ
       Wykonywanie zadania ÔÇ×ProcessFrameworkReferencesÔÇŁ zako┼äczone.
       U┼╝ywanie zadania ÔÇ×ResolveAppHostsÔÇŁ z zestawu ÔÇ×C:\Program Files\dotnet\sdk\8.0.101\Sdks\Microsoft.NET.Sdk\targets\..\tools\net8.0\Microsoft.NET.Build.Tasks.dllÔÇŁ.
       Zadanie ÔÇ×ResolveAppHostsÔÇŁ
       Wykonywanie zadania ÔÇ×ResolveAppHostsÔÇŁ zako┼äczone.
   1:5>Wykonano kompilowanie elementu docelowego ÔÇ×ProcessFrameworkReferencesÔÇŁ w projekcie ÔÇ×PhotoStudioManager.API.csprojÔÇŁ.
       Pomini─Öto element docelowy ÔÇ×IncludeTargetingPackReferenceÔÇŁ z powodu fa┼észywego warunku; ('$(TargetFrameworkMoniker)' != '' and '$(TargetFrameworkIdentifier)' == '.NETFramework' and '$(AutomaticallyUseReferenceAssemblyPackages)' == 'true') oszacowano jako ('.NETCoreApp,Version=v8.0' != '' and '.NETCoreApp' == '.NETFramework' and 'true' == 'true').
   1:5>Element docelowy ÔÇ×_AddMicrosoftNetCompilerToolsetFrameworkPackageÔÇŁ w pliku ÔÇ×C:\Program Files\dotnet\sdk\8.0.101\Sdks\Microsoft.NET.Sdk\targets\Microsoft.NET.Sdk.targetsÔÇŁ z projektu ÔÇ×C:\Users\emili\CascadeProjects\PhotoStudioManager\PhotoStudioManager.API\PhotoStudioManager.API.csprojÔÇŁ (zale┼╝y od niego element docelowy ÔÇ×CollectPackageReferencesÔÇŁ):
       Pomini─Öto zadanie ÔÇ×NETSdkWarningÔÇŁ z powodu fa┼észywego warunku; ('@(PackageReference->AnyHaveMetadataValue('Identity', 'Microsoft.Net.Compilers.Toolset.Framework'))' == 'true') oszacowano jako ('false' == 'true').
   1:5>Wykonano kompilowanie elementu docelowego ÔÇ×_AddMicrosoftNetCompilerToolsetFrameworkPackageÔÇŁ w projekcie ÔÇ×PhotoStudioManager.API.csprojÔÇŁ.
   1:5>Element docelowy ÔÇ×_CheckForObsoleteDotNetCliToolReferencesÔÇŁ w pliku ÔÇ×C:\Program Files\dotnet\sdk\8.0.101\Sdks\Microsoft.NET.Sdk\targets\Microsoft.NET.ObsoleteReferences.targetsÔÇŁ z projektu ÔÇ×C:\Users\emili\CascadeProjects\PhotoStudioManager\PhotoStudioManager.API\PhotoStudioManager.API.csprojÔÇŁ (zale┼╝y od niego element docelowy ÔÇ×CollectPackageReferencesÔÇŁ):
       Pomini─Öto zadanie ÔÇ×NETSdkWarningÔÇŁ z powodu fa┼észywego warunku; ( '%(_ReferenceToObsoleteDotNetCliTool.Identity)' != '' ) oszacowano jako ( '' != '' ).
   1:5>Wykonano kompilowanie elementu docelowego ÔÇ×_CheckForObsoleteDotNetCliToolReferencesÔÇŁ w projekcie ÔÇ×PhotoStudioManager.API.csprojÔÇŁ.
   1:5>Element docelowy ÔÇ×CollectPackageReferencesÔÇŁ w pliku ÔÇ×C:\Program Files\dotnet\sdk\8.0.101\NuGet.targetsÔÇŁ z projektu ÔÇ×C:\Users\emili\CascadeProjects\PhotoStudioManager\PhotoStudioManager.API\PhotoStudioManager.API.csprojÔÇŁ (zale┼╝y od niego element docelowy ÔÇ×_GetRestoreProjectStyleÔÇŁ):
       U┼╝ywanie zadania ÔÇ×CheckForDuplicateNuGetItemsTaskÔÇŁ z zestawu ÔÇ×C:\Program Files\dotnet\sdk\8.0.101\NuGet.Build.Tasks.dllÔÇŁ.
       Zadanie ÔÇ×CheckForDuplicateNuGetItemsTaskÔÇŁ
       Wykonywanie zadania ÔÇ×CheckForDuplicateNuGetItemsTaskÔÇŁ zako┼äczone.
   1:5>Wykonano kompilowanie elementu docelowego ÔÇ×CollectPackageReferencesÔÇŁ w projekcie ÔÇ×PhotoStudioManager.API.csprojÔÇŁ.
   1:5>Element docelowy ÔÇ×_GetRestoreProjectStyleÔÇŁ w pliku ÔÇ×C:\Program Files\dotnet\sdk\8.0.101\NuGet.targetsÔÇŁ z projektu ÔÇ×C:\Users\emili\CascadeProjects\PhotoStudioManager\PhotoStudioManager.API\PhotoStudioManager.API.csprojÔÇŁ (zale┼╝y od niego element docelowy ÔÇ×_GenerateRestoreSpecsÔÇŁ):
       U┼╝ywanie zadania ÔÇ×GetRestoreProjectStyleTaskÔÇŁ z zestawu ÔÇ×C:\Program Files\dotnet\sdk\8.0.101\NuGet.Build.Tasks.dllÔÇŁ.
       Zadanie ÔÇ×GetRestoreProjectStyleTaskÔÇŁ
         (in) HasPackageReferenceItems 'True'
         (in) MSBuildProjectDirectory 'C:\Users\emili\CascadeProjects\PhotoStudioManager\PhotoStudioManager.API'
         (in) MSBuildProjectName 'PhotoStudioManager.API'
         (in) ProjectJsonPath ''
         (in) RestoreProjectStyle 'PackageReference'
         (out) IsPackageReferenceCompatibleProjectStyle 'True'
         (out) ProjectStyle 'PackageReference'
       Wykonywanie zadania ÔÇ×GetRestoreProjectStyleTaskÔÇŁ zako┼äczone.
   1:5>Wykonano kompilowanie elementu docelowego ÔÇ×_GetRestoreProjectStyleÔÇŁ w projekcie ÔÇ×PhotoStudioManager.API.csprojÔÇŁ.
   1:5>Element docelowy ÔÇ×_GenerateRestoreSpecsÔÇŁ w pliku ÔÇ×C:\Program Files\dotnet\sdk\8.0.101\NuGet.targetsÔÇŁ z projektu ÔÇ×C:\Users\emili\CascadeProjects\PhotoStudioManager\PhotoStudioManager.API\PhotoStudioManager.API.csprojÔÇŁ (zale┼╝y od niego element docelowy ÔÇ×_GenerateRestoreGraphProjectEntryÔÇŁ):
       Zadanie ÔÇ×MessageÔÇŁ
         Restore entry point C:\Users\emili\CascadeProjects\PhotoStudioManager\PhotoStudioManager.API\PhotoStudioManager.API.csproj
       Wykonywanie zadania ÔÇ×MessageÔÇŁ zako┼äczone.
   1:5>Wykonano kompilowanie elementu docelowego ÔÇ×_GenerateRestoreSpecsÔÇŁ w projekcie ÔÇ×PhotoStudioManager.API.csprojÔÇŁ.
   1:5>Element docelowy ÔÇ×_GetRestoreSettingsOverridesÔÇŁ w pliku ÔÇ×C:\Program Files\dotnet\sdk\8.0.101\NuGet.targetsÔÇŁ z projektu ÔÇ×C:\Users\emili\CascadeProjects\PhotoStudioManager\PhotoStudioManager.API\PhotoStudioManager.API.csprojÔÇŁ (zale┼╝y od niego element docelowy ÔÇ×_GetRestoreSettingsÔÇŁ):
       Pomini─Öto zadanie ÔÇ×MSBuildÔÇŁ z powodu fa┼észywego warunku; ( '$(RestorePackagesPath)' != '' ) oszacowano jako ( '' != '' ).
       Pomini─Öto zadanie ÔÇ×MSBuildÔÇŁ z powodu fa┼észywego warunku; ( '$(RestoreRepositoryPathOverride)' != '' ) oszacowano jako ( '' != '' ).
       Pomini─Öto zadanie ÔÇ×MSBuildÔÇŁ z powodu fa┼észywego warunku; ( '$(RestoreSources)' != '' ) oszacowano jako ( '' != '' ).
       Pomini─Öto zadanie ÔÇ×MSBuildÔÇŁ z powodu fa┼észywego warunku; ( '$(RestoreFallbackFolders)' != '' ) oszacowano jako ( '' != '' ).
   1:5>Wykonano kompilowanie elementu docelowego ÔÇ×_GetRestoreSettingsOverridesÔÇŁ w projekcie ÔÇ×PhotoStudioManager.API.csprojÔÇŁ.
   1:5>Element docelowy ÔÇ×_GetRestoreSettingsPerFrameworkÔÇŁ w pliku ÔÇ×C:\Program Files\dotnet\sdk\8.0.101\NuGet.targetsÔÇŁ z projektu ÔÇ×C:\Users\emili\CascadeProjects\PhotoStudioManager\PhotoStudioManager.API\PhotoStudioManager.API.csprojÔÇŁ (zale┼╝y od niego element docelowy ÔÇ×_GetRestoreSettingsCurrentProjectÔÇŁ):
   1:5>Wykonano kompilowanie elementu docelowego ÔÇ×_GetRestoreSettingsPerFrameworkÔÇŁ w projekcie ÔÇ×PhotoStudioManager.API.csprojÔÇŁ.
   1:5>Element docelowy ÔÇ×_GetRestoreSettingsCurrentProjectÔÇŁ w pliku ÔÇ×C:\Program Files\dotnet\sdk\8.0.101\NuGet.targetsÔÇŁ z projektu ÔÇ×C:\Users\emili\CascadeProjects\PhotoStudioManager\PhotoStudioManager.API\PhotoStudioManager.API.csprojÔÇŁ (zale┼╝y od niego element docelowy ÔÇ×_GetRestoreSettingsÔÇŁ):
   1:5>Wykonano kompilowanie elementu docelowego ÔÇ×_GetRestoreSettingsCurrentProjectÔÇŁ w projekcie ÔÇ×PhotoStudioManager.API.csprojÔÇŁ.
       Pomini─Öto element docelowy ÔÇ×_GetRestoreSettingsAllFrameworksÔÇŁ z powodu fa┼észywego warunku; ( '$(TargetFrameworks)' != '' AND '$(PackageReferenceCompatibleProjectStyle)' == 'true' ) oszacowano jako ( '' != '' AND 'True' == 'true' ).
   1:5>Element docelowy ÔÇ×_GetRestoreSettingsÔÇŁ w pliku ÔÇ×C:\Program Files\dotnet\sdk\8.0.101\NuGet.targetsÔÇŁ z projektu ÔÇ×C:\Users\emili\CascadeProjects\PhotoStudioManager\PhotoStudioManager.API\PhotoStudioManager.API.csprojÔÇŁ (zale┼╝y od niego element docelowy ÔÇ×_GenerateDotnetCliToolReferenceSpecsÔÇŁ):
       U┼╝ywanie zadania ÔÇ×GetRestoreSettingsTaskÔÇŁ z zestawu ÔÇ×C:\Program Files\dotnet\sdk\8.0.101\NuGet.Build.Tasks.dllÔÇŁ.
       Zadanie ÔÇ×GetRestoreSettingsTaskÔÇŁ
         (in) ProjectUniqueName 'C:\Users\emili\CascadeProjects\PhotoStudioManager\PhotoStudioManager.API\PhotoStudioManager.API.csproj'
         (in) RestoreSources ''
         (in) RestorePackagesPath ''
         (in) RestoreRepositoryPath ''
         (in) RestoreFallbackFolders ''
         (in) RestoreConfigFile ''
         (in) RestoreSolutionDirectory ''
         (in) RestoreRootConfigDirectory ''
         (in) RestorePackagesPathOverride ''
         (in) RestoreSourcesOverride ''
         (in) RestoreFallbackFoldersOverride ''
         (in) RestoreProjectStyle 'PackageReference'
         (in) MSBuildStartupDirectory 'C:\Users\emili\CascadeProjects\PhotoStudioManager'
         (out) OutputPackagesPath 'C:\Users\emili\.nuget\packages\'
         (out) OutputRepositoryPath ''
         (out) OutputSources 'https://api.nuget.org/v3/index.json;C:\Program Files (x86)\Microsoft SDKs\NuGetPackages\;C:\Program Files\dotnet\library-packs'
         (out) OutputFallbackFolders 'C:\Program Files (x86)\Microsoft Visual Studio\Shared\NuGetPackages'
         (out) OutputConfigFilePaths 'C:\Users\emili\AppData\Roaming\NuGet\NuGet.Config;C:\Program Files (x86)\NuGet\Config\Microsoft.VisualStudio.FallbackLocation.config;C:\Program Files (x86)\NuGet\Config\Microsoft.VisualStudio.Offline.config'
       Wykonywanie zadania ÔÇ×GetRestoreSettingsTaskÔÇŁ zako┼äczone.
   1:5>Wykonano kompilowanie elementu docelowego ÔÇ×_GetRestoreSettingsÔÇŁ w projekcie ÔÇ×PhotoStudioManager.API.csprojÔÇŁ.
   1:5>Element docelowy ÔÇ×_GenerateDotnetCliToolReferenceSpecsÔÇŁ w pliku ÔÇ×C:\Program Files\dotnet\sdk\8.0.101\NuGet.targetsÔÇŁ z projektu ÔÇ×C:\Users\emili\CascadeProjects\PhotoStudioManager\PhotoStudioManager.API\PhotoStudioManager.API.csprojÔÇŁ (zale┼╝y od niego element docelowy ÔÇ×_GenerateRestoreGraphProjectEntryÔÇŁ):
       U┼╝ywanie zadania ÔÇ×GetRestoreDotnetCliToolsTaskÔÇŁ z zestawu ÔÇ×C:\Program Files\dotnet\sdk\8.0.101\NuGet.Build.Tasks.dllÔÇŁ.
       Zadanie ÔÇ×GetRestoreDotnetCliToolsTaskÔÇŁ
         (in) ProjectPath 'C:\Users\emili\CascadeProjects\PhotoStudioManager\PhotoStudioManager.API\PhotoStudioManager.API.csproj'
         (in) DotnetCliToolReferences ''
         (in) RestoreSources 'https://api.nuget.org/v3/index.json;C:\Program Files (x86)\Microsoft SDKs\NuGetPackages\;C:\Program Files\dotnet\library-packs'
         (in) RestorePackagesPath 'C:\Users\emili\.nuget\packages\'
         (in) RestoreFallbackFolders 'C:\Program Files (x86)\Microsoft Visual Studio\Shared\NuGetPackages'
         (in) RestoreConfigFilePaths 'C:\Users\emili\AppData\Roaming\NuGet\NuGet.Config;C:\Program Files (x86)\NuGet\Config\Microsoft.VisualStudio.FallbackLocation.config;C:\Program Files (x86)\NuGet\Config\Microsoft.VisualStudio.Offline.config'
       Wykonywanie zadania ÔÇ×GetRestoreDotnetCliToolsTaskÔÇŁ zako┼äczone.
   1:5>Wykonano kompilowanie elementu docelowego ÔÇ×_GenerateDotnetCliToolReferenceSpecsÔÇŁ w projekcie ÔÇ×PhotoStudioManager.API.csprojÔÇŁ.
   1:5>Element docelowy ÔÇ×_GenerateRestoreGraphProjectEntryÔÇŁ w pliku ÔÇ×C:\Program Files\dotnet\sdk\8.0.101\NuGet.targetsÔÇŁ z projektu ÔÇ×C:\Users\emili\CascadeProjects\PhotoStudioManager\PhotoStudioManager.API\PhotoStudioManager.API.csprojÔÇŁ (punkt wej┼Ťcia):
   1:5>Wykonano kompilowanie elementu docelowego ÔÇ×_GenerateRestoreGraphProjectEntryÔÇŁ w projekcie ÔÇ×PhotoStudioManager.API.csprojÔÇŁ.
   1:5>Kompilowanie projektu ÔÇ×C:\Users\emili\CascadeProjects\PhotoStudioManager\PhotoStudioManager.API\PhotoStudioManager.API.csprojÔÇŁ wykonane (elementy docelowe: _GenerateRestoreGraphProjectEntry).
     1>Wykonywanie zadania ÔÇ×MSBuildÔÇŁ zako┼äczone.
       Zadanie ÔÇ×MSBuildÔÇŁ
         W┼éa┼Ťciwo┼Ťci globalne:
           ExcludeRestorePackageImports=true
     1>Projekt ÔÇ×C:\Users\emili\CascadeProjects\PhotoStudioManager\PhotoStudioManager.API\PhotoStudioManager.API.csprojÔÇŁ (1) kompiluje ÔÇ×C:\Users\emili\CascadeProjects\PhotoStudioManager\PhotoStudioManager.Core\PhotoStudioManager.Core.csprojÔÇŁ (2:5) w w─Ö┼║le 1 (elementy docelowe: _GenerateProjectRestoreGraph).
   2:5>Pomini─Öto element docelowy ÔÇ×_GetRestoreProjectStyleÔÇŁ. Wcze┼Ťniejsza kompilacja powiod┼éa si─Ö.
       Pomini─Öto element docelowy ÔÇ×_GetRestoreProjectStyleÔÇŁ. Wcze┼Ťniejsza kompilacja powiod┼éa si─Ö.
       Pomini─Öto element docelowy ÔÇ×_GetRestoreProjectStyleÔÇŁ. Wcze┼Ťniejsza kompilacja powiod┼éa si─Ö.
   2:5>Element docelowy ÔÇ×_GetRestoreTargetFrameworkOverrideÔÇŁ w pliku ÔÇ×C:\Program Files\dotnet\sdk\8.0.101\NuGet.targetsÔÇŁ z projektu ÔÇ×C:\Users\emili\CascadeProjects\PhotoStudioManager\PhotoStudioManager.Core\PhotoStudioManager.Core.csprojÔÇŁ (zale┼╝y od niego element docelowy ÔÇ×_GetRestoreTargetFrameworksOutputÔÇŁ):
       Pomini─Öto zadanie ÔÇ×GetGlobalPropertyValueTaskÔÇŁ z powodu fa┼észywego warunku; ( '$(TargetFrameworks)' != '' ) oszacowano jako ( '' != '' ).
   2:5>Wykonano kompilowanie elementu docelowego ÔÇ×_GetRestoreTargetFrameworkOverrideÔÇŁ w projekcie ÔÇ×PhotoStudioManager.Core.csprojÔÇŁ.
     1>Projekt ÔÇ×C:\Users\emili\CascadeProjects\PhotoStudioManager\PhotoStudioManager.API\PhotoStudioManager.API.csprojÔÇŁ (1) kompiluje ÔÇ×C:\Users\emili\CascadeProjects\PhotoStudioManager\PhotoStudioManager.Infrastructure\PhotoStudioManager.Infrastructure.csprojÔÇŁ (3:4) w w─Ö┼║le 2 (elementy docelowe: _GenerateProjectRestoreGraph).
   3:4>Pomini─Öto element docelowy ÔÇ×_GetRestoreProjectStyleÔÇŁ. Wcze┼Ťniejsza kompilacja powiod┼éa si─Ö.
       Pomini─Öto element docelowy ÔÇ×_GetRestoreProjectStyleÔÇŁ. Wcze┼Ťniejsza kompilacja powiod┼éa si─Ö.
       Pomini─Öto element docelowy ÔÇ×_GetRestoreProjectStyleÔÇŁ. Wcze┼Ťniejsza kompilacja powiod┼éa si─Ö.
   2:5>Element docelowy ÔÇ×_GetRestoreTargetFrameworksOutputÔÇŁ w pliku ÔÇ×C:\Program Files\dotnet\sdk\8.0.101\NuGet.targetsÔÇŁ z projektu ÔÇ×C:\Users\emili\CascadeProjects\PhotoStudioManager\PhotoStudioManager.Core\PhotoStudioManager.Core.csprojÔÇŁ (zale┼╝y od niego element docelowy ÔÇ×_GenerateRestoreProjectSpecÔÇŁ):
   2:5>U┼╝ywanie zadania ÔÇ×GetProjectTargetFrameworksTaskÔÇŁ z zestawu ÔÇ×C:\Program Files\dotnet\sdk\8.0.101\NuGet.Build.Tasks.dllÔÇŁ.
       Zadanie ÔÇ×GetProjectTargetFrameworksTaskÔÇŁ
   3:4>Element docelowy ÔÇ×_GetRestoreTargetFrameworkOverrideÔÇŁ w pliku ÔÇ×C:\Program Files\dotnet\sdk\8.0.101\NuGet.targetsÔÇŁ z projektu ÔÇ×C:\Users\emili\CascadeProjects\PhotoStudioManager\PhotoStudioManager.Infrastructure\PhotoStudioManager.Infrastructure.csprojÔÇŁ (zale┼╝y od niego element docelowy ÔÇ×_GetRestoreTargetFrameworksOutputÔÇŁ):
   3:4>Pomini─Öto zadanie ÔÇ×GetGlobalPropertyValueTaskÔÇŁ z powodu fa┼észywego warunku; ( '$(TargetFrameworks)' != '' ) oszacowano jako ( '' != '' ).
   3:4>Wykonano kompilowanie elementu docelowego ÔÇ×_GetRestoreTargetFrameworkOverrideÔÇŁ w projekcie ÔÇ×PhotoStudioManager.Infrastructure.csprojÔÇŁ.
   3:4>Element docelowy ÔÇ×_GetRestoreTargetFrameworksOutputÔÇŁ w pliku ÔÇ×C:\Program Files\dotnet\sdk\8.0.101\NuGet.targetsÔÇŁ z projektu ÔÇ×C:\Users\emili\CascadeProjects\PhotoStudioManager\PhotoStudioManager.Infrastructure\PhotoStudioManager.Infrastructure.csprojÔÇŁ (zale┼╝y od niego element docelowy ÔÇ×_GenerateRestoreProjectSpecÔÇŁ):
       U┼╝ywanie zadania ÔÇ×GetProjectTargetFrameworksTaskÔÇŁ z zestawu ÔÇ×C:\Program Files\dotnet\sdk\8.0.101\NuGet.Build.Tasks.dllÔÇŁ.
   2:5>_GetRestoreTargetFrameworksOutput:
         (in) ProjectPath 'C:\Users\emili\CascadeProjects\PhotoStudioManager\PhotoStudioManager.Core\PhotoStudioManager.Core.csproj'
         (in) TargetFrameworkMoniker '.NETCoreApp,Version=v8.0'
         (in) TargetPlatformIdentifier ''
         (in) TargetPlatformVersion ''
         (in) TargetPlatformMinVersion ''
         (in) TargetFrameworks ''
         (in) TargetFramework 'net8.0'
   3:4>Zadanie ÔÇ×GetProjectTargetFrameworksTaskÔÇŁ
         (in) ProjectPath 'C:\Users\emili\CascadeProjects\PhotoStudioManager\PhotoStudioManager.Infrastructure\PhotoStudioManager.Infrastructure.csproj'
         (in) TargetFrameworkMoniker '.NETCoreApp,Version=v8.0'
         (in) TargetPlatformIdentifier ''
         (in) TargetPlatformVersion ''
         (in) TargetPlatformMinVersion ''
         (in) TargetFrameworks ''
         (in) TargetFramework 'net8.0'
   2:5>_GetRestoreTargetFrameworksOutput:
         (out) ProjectTargetFrameworks 'net8.0'
       Wykonywanie zadania ÔÇ×GetProjectTargetFrameworksTaskÔÇŁ zako┼äczone.
   3:4>_GetRestoreTargetFrameworksOutput:
         (out) ProjectTargetFrameworks 'net8.0'
       Wykonywanie zadania ÔÇ×GetProjectTargetFrameworksTaskÔÇŁ zako┼äczone.
   2:5>Wykonano kompilowanie elementu docelowego ÔÇ×_GetRestoreTargetFrameworksOutputÔÇŁ w projekcie ÔÇ×PhotoStudioManager.Core.csprojÔÇŁ.
       Pomini─Öto element docelowy ÔÇ×_GetRestoreSettingsÔÇŁ. Wcze┼Ťniejsza kompilacja powiod┼éa si─Ö.
   3:4>Wykonano kompilowanie elementu docelowego ÔÇ×_GetRestoreTargetFrameworksOutputÔÇŁ w projekcie ÔÇ×PhotoStudioManager.Infrastructure.csprojÔÇŁ.
       Pomini─Öto element docelowy ÔÇ×_GetRestoreSettingsÔÇŁ. Wcze┼Ťniejsza kompilacja powiod┼éa si─Ö.
   2:5>Element docelowy ÔÇ×_GenerateRestoreProjectSpecÔÇŁ w pliku ÔÇ×C:\Program Files\dotnet\sdk\8.0.101\NuGet.targetsÔÇŁ z projektu ÔÇ×C:\Users\emili\CascadeProjects\PhotoStudioManager\PhotoStudioManager.Core\PhotoStudioManager.Core.csprojÔÇŁ (zale┼╝y od niego element docelowy ÔÇ×_GenerateProjectRestoreGraphÔÇŁ):
   2:5>Zadanie ÔÇ×ConvertToAbsolutePathÔÇŁ
   3:4>Element docelowy ÔÇ×_GenerateRestoreProjectSpecÔÇŁ w pliku ÔÇ×C:\Program Files\dotnet\sdk\8.0.101\NuGet.targetsÔÇŁ z projektu ÔÇ×C:\Users\emili\CascadeProjects\PhotoStudioManager\PhotoStudioManager.Infrastructure\PhotoStudioManager.Infrastructure.csprojÔÇŁ (zale┼╝y od niego element docelowy ÔÇ×_GenerateProjectRestoreGraphÔÇŁ):
   3:4>Zadanie ÔÇ×ConvertToAbsolutePathÔÇŁ
   2:5>Wykonywanie zadania ÔÇ×ConvertToAbsolutePathÔÇŁ zako┼äczone.
   3:4>Wykonywanie zadania ÔÇ×ConvertToAbsolutePathÔÇŁ zako┼äczone.
   3:4>Wykonano kompilowanie elementu docelowego ÔÇ×_GenerateRestoreProjectSpecÔÇŁ w projekcie ÔÇ×PhotoStudioManager.Infrastructure.csprojÔÇŁ.
       Pomini─Öto element docelowy ÔÇ×_GenerateProjectRestoreGraphAllFrameworksÔÇŁ z powodu fa┼észywego warunku; ( '$(TargetFrameworks)' != '' ) oszacowano jako ( '' != '' ).
       Pomini─Öto element docelowy ÔÇ×_GetRestoreProjectStyleÔÇŁ. Wcze┼Ťniejsza kompilacja powiod┼éa si─Ö.
       Pomini─Öto element docelowy ÔÇ×CollectPackageReferencesÔÇŁ. Wcze┼Ťniejsza kompilacja powiod┼éa si─Ö.
   2:5>Wykonano kompilowanie elementu docelowego ÔÇ×_GenerateRestoreProjectSpecÔÇŁ w projekcie ÔÇ×PhotoStudioManager.Core.csprojÔÇŁ.
       Pomini─Öto element docelowy ÔÇ×_GenerateProjectRestoreGraphAllFrameworksÔÇŁ z powodu fa┼észywego warunku; ( '$(TargetFrameworks)' != '' ) oszacowano jako ( '' != '' ).
       Pomini─Öto element docelowy ÔÇ×_GetRestoreProjectStyleÔÇŁ. Wcze┼Ťniejsza kompilacja powiod┼éa si─Ö.
       Pomini─Öto element docelowy ÔÇ×CollectPackageReferencesÔÇŁ. Wcze┼Ťniejsza kompilacja powiod┼éa si─Ö.
   3:4>Element docelowy ÔÇ×CollectPackageDownloadsÔÇŁ w pliku ÔÇ×C:\Program Files\dotnet\sdk\8.0.101\NuGet.targetsÔÇŁ z projektu ÔÇ×C:\Users\emili\CascadeProjects\PhotoStudioManager\PhotoStudioManager.Infrastructure\PhotoStudioManager.Infrastructure.csprojÔÇŁ (zale┼╝y od niego element docelowy ÔÇ×_GenerateProjectRestoreGraphPerFrameworkÔÇŁ):
   3:4>Zadanie ÔÇ×CheckForDuplicateNuGetItemsTaskÔÇŁ
       Wykonywanie zadania ÔÇ×CheckForDuplicateNuGetItemsTaskÔÇŁ zako┼äczone.
   2:5>Element docelowy ÔÇ×CollectPackageDownloadsÔÇŁ w pliku ÔÇ×C:\Program Files\dotnet\sdk\8.0.101\NuGet.targetsÔÇŁ z projektu ÔÇ×C:\Users\emili\CascadeProjects\PhotoStudioManager\PhotoStudioManager.Core\PhotoStudioManager.Core.csprojÔÇŁ (zale┼╝y od niego element docelowy ÔÇ×_GenerateProjectRestoreGraphPerFrameworkÔÇŁ):
   2:5>Zadanie ÔÇ×CheckForDuplicateNuGetItemsTaskÔÇŁ
   3:4>Wykonano kompilowanie elementu docelowego ÔÇ×CollectPackageDownloadsÔÇŁ w projekcie ÔÇ×PhotoStudioManager.Infrastructure.csprojÔÇŁ.
   3:4>Element docelowy ÔÇ×CollectFrameworkReferencesÔÇŁ w pliku ÔÇ×C:\Program Files\dotnet\sdk\8.0.101\NuGet.targetsÔÇŁ z projektu ÔÇ×C:\Users\emili\CascadeProjects\PhotoStudioManager\PhotoStudioManager.Infrastructure\PhotoStudioManager.Infrastructure.csprojÔÇŁ (zale┼╝y od niego element docelowy ÔÇ×_GenerateProjectRestoreGraphPerFrameworkÔÇŁ):
   3:4>Wykonano kompilowanie elementu docelowego ÔÇ×CollectFrameworkReferencesÔÇŁ w projekcie ÔÇ×PhotoStudioManager.Infrastructure.csprojÔÇŁ.
   3:4>Element docelowy ÔÇ×CollectCentralPackageVersionsÔÇŁ w pliku ÔÇ×C:\Program Files\dotnet\sdk\8.0.101\NuGet.targetsÔÇŁ z projektu ÔÇ×C:\Users\emili\CascadeProjects\PhotoStudioManager\PhotoStudioManager.Infrastructure\PhotoStudioManager.Infrastructure.csprojÔÇŁ (zale┼╝y od niego element docelowy ÔÇ×_GenerateProjectRestoreGraphPerFrameworkÔÇŁ):
       Zadanie ÔÇ×CheckForDuplicateNuGetItemsTaskÔÇŁ
       Wykonywanie zadania ÔÇ×CheckForDuplicateNuGetItemsTaskÔÇŁ zako┼äczone.
   3:4>Wykonano kompilowanie elementu docelowego ÔÇ×CollectCentralPackageVersionsÔÇŁ w projekcie ÔÇ×PhotoStudioManager.Infrastructure.csprojÔÇŁ.
       Pomini─Öto element docelowy ÔÇ×PrepRestoreForStoreProjectsÔÇŁ z powodu fa┼észywego warunku; ('$(StorePackageName)' != '') oszacowano jako ('' != '').
   3:4>Element docelowy ÔÇ×_GenerateProjectRestoreGraphPerFrameworkÔÇŁ w pliku ÔÇ×C:\Program Files\dotnet\sdk\8.0.101\NuGet.targetsÔÇŁ z projektu ÔÇ×C:\Users\emili\CascadeProjects\PhotoStudioManager\PhotoStudioManager.Infrastructure\PhotoStudioManager.Infrastructure.csprojÔÇŁ (zale┼╝y od niego element docelowy ÔÇ×_GenerateProjectRestoreGraphCurrentProjectÔÇŁ):
       U┼╝ywanie zadania ÔÇ×GetRestoreProjectReferencesTaskÔÇŁ z zestawu ÔÇ×C:\Program Files\dotnet\sdk\8.0.101\NuGet.Build.Tasks.dllÔÇŁ.
       Zadanie ÔÇ×GetRestoreProjectReferencesTaskÔÇŁ
   2:5>Wykonywanie zadania ÔÇ×CheckForDuplicateNuGetItemsTaskÔÇŁ zako┼äczone.
   3:4>_GenerateProjectRestoreGraphPerFramework:
         (in) ProjectUniqueName 'C:\Users\emili\CascadeProjects\PhotoStudioManager\PhotoStudioManager.Infrastructure\PhotoStudioManager.Infrastructure.csproj'
   2:5>Wykonano kompilowanie elementu docelowego ÔÇ×CollectPackageDownloadsÔÇŁ w projekcie ÔÇ×PhotoStudioManager.Core.csprojÔÇŁ.
   3:4>_GenerateProjectRestoreGraphPerFramework:
         (in) TargetFrameworks 'net8.0'
         (in) ProjectReferences '..\PhotoStudioManager.Core\PhotoStudioManager.Core.csproj'
   2:5>Element docelowy ÔÇ×CollectFrameworkReferencesÔÇŁ w pliku ÔÇ×C:\Program Files\dotnet\sdk\8.0.101\NuGet.targetsÔÇŁ z projektu ÔÇ×C:\Users\emili\CascadeProjects\PhotoStudioManager\PhotoStudioManager.Core\PhotoStudioManager.Core.csprojÔÇŁ (zale┼╝y od niego element docelowy ÔÇ×_GenerateProjectRestoreGraphPerFrameworkÔÇŁ):
   2:5>Wykonano kompilowanie elementu docelowego ÔÇ×CollectFrameworkReferencesÔÇŁ w projekcie ÔÇ×PhotoStudioManager.Core.csprojÔÇŁ.
   3:4>_GenerateProjectRestoreGraphPerFramework:
         (in) ParentProjectPath 'C:\Users\emili\CascadeProjects\PhotoStudioManager\PhotoStudioManager.Infrastructure\PhotoStudioManager.Infrastructure.csproj'
   2:5>Element docelowy ÔÇ×CollectCentralPackageVersionsÔÇŁ w pliku ÔÇ×C:\Program Files\dotnet\sdk\8.0.101\NuGet.targetsÔÇŁ z projektu ÔÇ×C:\Users\emili\CascadeProjects\PhotoStudioManager\PhotoStudioManager.Core\PhotoStudioManager.Core.csprojÔÇŁ (zale┼╝y od niego element docelowy ÔÇ×_GenerateProjectRestoreGraphPerFrameworkÔÇŁ):
   2:5>Zadanie ÔÇ×CheckForDuplicateNuGetItemsTaskÔÇŁ
   3:4>Wykonywanie zadania ÔÇ×GetRestoreProjectReferencesTaskÔÇŁ zako┼äczone.
       U┼╝ywanie zadania ÔÇ×GetRestorePackageReferencesTaskÔÇŁ z zestawu ÔÇ×C:\Program Files\dotnet\sdk\8.0.101\NuGet.Build.Tasks.dllÔÇŁ.
   2:5>Wykonywanie zadania ÔÇ×CheckForDuplicateNuGetItemsTaskÔÇŁ zako┼äczone.
   3:4>Zadanie ÔÇ×GetRestorePackageReferencesTaskÔÇŁ
   2:5>Wykonano kompilowanie elementu docelowego ÔÇ×CollectCentralPackageVersionsÔÇŁ w projekcie ÔÇ×PhotoStudioManager.Core.csprojÔÇŁ.
   3:4>_GenerateProjectRestoreGraphPerFramework:
         (in) ProjectUniqueName 'C:\Users\emili\CascadeProjects\PhotoStudioManager\PhotoStudioManager.Infrastructure\PhotoStudioManager.Infrastructure.csproj'
   2:5>Pomini─Öto element docelowy ÔÇ×PrepRestoreForStoreProjectsÔÇŁ z powodu fa┼észywego warunku; ('$(StorePackageName)' != '') oszacowano jako ('' != '').
   3:4>_GenerateProjectRestoreGraphPerFramework:
         (in) TargetFrameworks 'net8.0'
         (in) PackageReferences 'Microsoft.AspNetCore.Identity;Microsoft.AspNetCore.Identity.EntityFrameworkCore;Microsoft.EntityFrameworkCore;Microsoft.EntityFrameworkCore.SqlServer;Microsoft.EntityFrameworkCore.Tools'
       Wykonywanie zadania ÔÇ×GetRestorePackageReferencesTaskÔÇŁ zako┼äczone.
       Pomini─Öto zadanie ÔÇ×GetCentralPackageVersionsTaskÔÇŁ z powodu fa┼észywego warunku; ( '$(PackageReferenceCompatibleProjectStyle)' == 'true' AND '$(_CentralPackageVersionsEnabled)' == 'true' ) oszacowano jako ( 'True' == 'true' AND '' == 'true' ).
   2:5>Element docelowy ÔÇ×_GenerateProjectRestoreGraphPerFrameworkÔÇŁ w pliku ÔÇ×C:\Program Files\dotnet\sdk\8.0.101\NuGet.targetsÔÇŁ z projektu ÔÇ×C:\Users\emili\CascadeProjects\PhotoStudioManager\PhotoStudioManager.Core\PhotoStudioManager.Core.csprojÔÇŁ (zale┼╝y od niego element docelowy ÔÇ×_GenerateProjectRestoreGraphCurrentProjectÔÇŁ):
   2:5>U┼╝ywanie zadania ÔÇ×GetRestoreProjectReferencesTaskÔÇŁ z zestawu ÔÇ×C:\Program Files\dotnet\sdk\8.0.101\NuGet.Build.Tasks.dllÔÇŁ.
       Zadanie ÔÇ×GetRestoreProjectReferencesTaskÔÇŁ
   3:4>_GenerateProjectRestoreGraphPerFramework:
       U┼╝ywanie zadania ÔÇ×GetRestorePackageDownloadsTaskÔÇŁ z zestawu ÔÇ×C:\Program Files\dotnet\sdk\8.0.101\NuGet.Build.Tasks.dllÔÇŁ.
       Zadanie ÔÇ×GetRestorePackageDownloadsTaskÔÇŁ
         (in) ProjectUniqueName 'C:\Users\emili\CascadeProjects\PhotoStudioManager\PhotoStudioManager.Infrastructure\PhotoStudioManager.Infrastructure.csproj'
   2:5>_GenerateProjectRestoreGraphPerFramework:
         (in) ProjectUniqueName 'C:\Users\emili\CascadeProjects\PhotoStudioManager\PhotoStudioManager.Core\PhotoStudioManager.Core.csproj'
         (in) TargetFrameworks 'net8.0'
   3:4>_GenerateProjectRestoreGraphPerFramework:
         (in) TargetFrameworks 'net8.0'
   2:5>_GenerateProjectRestoreGraphPerFramework:
         (in) ProjectReferences ''
         (in) ParentProjectPath 'C:\Users\emili\CascadeProjects\PhotoStudioManager\PhotoStudioManager.Core\PhotoStudioManager.Core.csproj'
   3:4>_GenerateProjectRestoreGraphPerFramework:
         (in) PackageDownloads ''
   2:5>Wykonywanie zadania ÔÇ×GetRestoreProjectReferencesTaskÔÇŁ zako┼äczone.
   3:4>Wykonywanie zadania ÔÇ×GetRestorePackageDownloadsTaskÔÇŁ zako┼äczone.
       U┼╝ywanie zadania ÔÇ×GetRestoreFrameworkReferencesTaskÔÇŁ z zestawu ÔÇ×C:\Program Files\dotnet\sdk\8.0.101\NuGet.Build.Tasks.dllÔÇŁ.
       Zadanie ÔÇ×GetRestoreFrameworkReferencesTaskÔÇŁ
         (in) ProjectUniqueName 'C:\Users\emili\CascadeProjects\PhotoStudioManager\PhotoStudioManager.Infrastructure\PhotoStudioManager.Infrastructure.csproj'
         (in) TargetFrameworks 'net8.0'
   2:5>_GenerateProjectRestoreGraphPerFramework:
       U┼╝ywanie zadania ÔÇ×GetRestorePackageReferencesTaskÔÇŁ z zestawu ÔÇ×C:\Program Files\dotnet\sdk\8.0.101\NuGet.Build.Tasks.dllÔÇŁ.
       Zadanie ÔÇ×GetRestorePackageReferencesTaskÔÇŁ
   3:4>_GenerateProjectRestoreGraphPerFramework:
         (in) FrameworkReferences 'Microsoft.NETCore.App'
       Wykonywanie zadania ÔÇ×GetRestoreFrameworkReferencesTaskÔÇŁ zako┼äczone.
   3:4>Wykonano kompilowanie elementu docelowego ÔÇ×_GenerateProjectRestoreGraphPerFrameworkÔÇŁ w projekcie ÔÇ×PhotoStudioManager.Infrastructure.csprojÔÇŁ.
   2:5>_GenerateProjectRestoreGraphPerFramework:
         (in) ProjectUniqueName 'C:\Users\emili\CascadeProjects\PhotoStudioManager\PhotoStudioManager.Core\PhotoStudioManager.Core.csproj'
         (in) TargetFrameworks 'net8.0'
         (in) PackageReferences 'Microsoft.AspNetCore.Identity.EntityFrameworkCore'
   3:4>Element docelowy ÔÇ×_GenerateProjectRestoreGraphCurrentProjectÔÇŁ w pliku ÔÇ×C:\Program Files\dotnet\sdk\8.0.101\NuGet.targetsÔÇŁ z projektu ÔÇ×C:\Users\emili\CascadeProjects\PhotoStudioManager\PhotoStudioManager.Infrastructure\PhotoStudioManager.Infrastructure.csprojÔÇŁ (zale┼╝y od niego element docelowy ÔÇ×_GenerateRestoreDependenciesÔÇŁ):
   3:4>Wykonano kompilowanie elementu docelowego ÔÇ×_GenerateProjectRestoreGraphCurrentProjectÔÇŁ w projekcie ÔÇ×PhotoStudioManager.Infrastructure.csprojÔÇŁ.
   3:4>Element docelowy ÔÇ×_GenerateRestoreDependenciesÔÇŁ w pliku ÔÇ×C:\Program Files\dotnet\sdk\8.0.101\NuGet.targetsÔÇŁ z projektu ÔÇ×C:\Users\emili\CascadeProjects\PhotoStudioManager\PhotoStudioManager.Infrastructure\PhotoStudioManager.Infrastructure.csprojÔÇŁ (zale┼╝y od niego element docelowy ÔÇ×_GenerateProjectRestoreGraphÔÇŁ):
   3:4>Wykonano kompilowanie elementu docelowego ÔÇ×_GenerateRestoreDependenciesÔÇŁ w projekcie ÔÇ×PhotoStudioManager.Infrastructure.csprojÔÇŁ.
   2:5>Wykonywanie zadania ÔÇ×GetRestorePackageReferencesTaskÔÇŁ zako┼äczone.
       Pomini─Öto zadanie ÔÇ×GetCentralPackageVersionsTaskÔÇŁ z powodu fa┼észywego warunku; ( '$(PackageReferenceCompatibleProjectStyle)' == 'true' AND '$(_CentralPackageVersionsEnabled)' == 'true' ) oszacowano jako ( 'True' == 'true' AND '' == 'true' ).
   3:4>Element docelowy ÔÇ×_GenerateProjectRestoreGraphÔÇŁ w pliku ÔÇ×C:\Program Files\dotnet\sdk\8.0.101\NuGet.targetsÔÇŁ z projektu ÔÇ×C:\Users\emili\CascadeProjects\PhotoStudioManager\PhotoStudioManager.Infrastructure\PhotoStudioManager.Infrastructure.csprojÔÇŁ (punkt wej┼Ťcia):
   3:4>Wykonano kompilowanie elementu docelowego ÔÇ×_GenerateProjectRestoreGraphÔÇŁ w projekcie ÔÇ×PhotoStudioManager.Infrastructure.csprojÔÇŁ.
   3:4>Kompilowanie projektu ÔÇ×C:\Users\emili\CascadeProjects\PhotoStudioManager\PhotoStudioManager.Infrastructure\PhotoStudioManager.Infrastructure.csprojÔÇŁ wykonane (elementy docelowe: _GenerateProjectRestoreGraph).
   2:5>_GenerateProjectRestoreGraphPerFramework:
       U┼╝ywanie zadania ÔÇ×GetRestorePackageDownloadsTaskÔÇŁ z zestawu ÔÇ×C:\Program Files\dotnet\sdk\8.0.101\NuGet.Build.Tasks.dllÔÇŁ.
       Zadanie ÔÇ×GetRestorePackageDownloadsTaskÔÇŁ
         (in) ProjectUniqueName 'C:\Users\emili\CascadeProjects\PhotoStudioManager\PhotoStudioManager.Core\PhotoStudioManager.Core.csproj'
         (in) TargetFrameworks 'net8.0'
         (in) PackageDownloads ''
       Wykonywanie zadania ÔÇ×GetRestorePackageDownloadsTaskÔÇŁ zako┼äczone.
       U┼╝ywanie zadania ÔÇ×GetRestoreFrameworkReferencesTaskÔÇŁ z zestawu ÔÇ×C:\Program Files\dotnet\sdk\8.0.101\NuGet.Build.Tasks.dllÔÇŁ.
       Zadanie ÔÇ×GetRestoreFrameworkReferencesTaskÔÇŁ
         (in) ProjectUniqueName 'C:\Users\emili\CascadeProjects\PhotoStudioManager\PhotoStudioManager.Core\PhotoStudioManager.Core.csproj'
         (in) TargetFrameworks 'net8.0'
         (in) FrameworkReferences 'Microsoft.NETCore.App'
       Wykonywanie zadania ÔÇ×GetRestoreFrameworkReferencesTaskÔÇŁ zako┼äczone.
   2:5>Wykonano kompilowanie elementu docelowego ÔÇ×_GenerateProjectRestoreGraphPerFrameworkÔÇŁ w projekcie ÔÇ×PhotoStudioManager.Core.csprojÔÇŁ.
   2:5>Element docelowy ÔÇ×_GenerateProjectRestoreGraphCurrentProjectÔÇŁ w pliku ÔÇ×C:\Program Files\dotnet\sdk\8.0.101\NuGet.targetsÔÇŁ z projektu ÔÇ×C:\Users\emili\CascadeProjects\PhotoStudioManager\PhotoStudioManager.Core\PhotoStudioManager.Core.csprojÔÇŁ (zale┼╝y od niego element docelowy ÔÇ×_GenerateRestoreDependenciesÔÇŁ):
   2:5>Wykonano kompilowanie elementu docelowego ÔÇ×_GenerateProjectRestoreGraphCurrentProjectÔÇŁ w projekcie ÔÇ×PhotoStudioManager.Core.csprojÔÇŁ.
   2:5>Element docelowy ÔÇ×_GenerateRestoreDependenciesÔÇŁ w pliku ÔÇ×C:\Program Files\dotnet\sdk\8.0.101\NuGet.targetsÔÇŁ z projektu ÔÇ×C:\Users\emili\CascadeProjects\PhotoStudioManager\PhotoStudioManager.Core\PhotoStudioManager.Core.csprojÔÇŁ (zale┼╝y od niego element docelowy ÔÇ×_GenerateProjectRestoreGraphÔÇŁ):
   2:5>Wykonano kompilowanie elementu docelowego ÔÇ×_GenerateRestoreDependenciesÔÇŁ w projekcie ÔÇ×PhotoStudioManager.Core.csprojÔÇŁ.
   2:5>Element docelowy ÔÇ×_GenerateProjectRestoreGraphÔÇŁ w pliku ÔÇ×C:\Program Files\dotnet\sdk\8.0.101\NuGet.targetsÔÇŁ z projektu ÔÇ×C:\Users\emili\CascadeProjects\PhotoStudioManager\PhotoStudioManager.Core\PhotoStudioManager.Core.csprojÔÇŁ (punkt wej┼Ťcia):
   2:5>Wykonano kompilowanie elementu docelowego ÔÇ×_GenerateProjectRestoreGraphÔÇŁ w projekcie ÔÇ×PhotoStudioManager.Core.csprojÔÇŁ.
   2:5>Kompilowanie projektu ÔÇ×C:\Users\emili\CascadeProjects\PhotoStudioManager\PhotoStudioManager.Core\PhotoStudioManager.Core.csprojÔÇŁ wykonane (elementy docelowe: _GenerateProjectRestoreGraph).
     1>Projekt ÔÇ×C:\Users\emili\CascadeProjects\PhotoStudioManager\PhotoStudioManager.API\PhotoStudioManager.API.csprojÔÇŁ (1) kompiluje ÔÇ×C:\Users\emili\CascadeProjects\PhotoStudioManager\PhotoStudioManager.API\PhotoStudioManager.API.csprojÔÇŁ (1:6) w w─Ö┼║le 1 (elementy docelowe: _GenerateProjectRestoreGraph).
   1:6>Pomini─Öto element docelowy ÔÇ×_GetRestoreProjectStyleÔÇŁ. Wcze┼Ťniejsza kompilacja powiod┼éa si─Ö.
       Pomini─Öto element docelowy ÔÇ×_GetRestoreProjectStyleÔÇŁ. Wcze┼Ťniejsza kompilacja powiod┼éa si─Ö.
       Pomini─Öto element docelowy ÔÇ×_GetRestoreProjectStyleÔÇŁ. Wcze┼Ťniejsza kompilacja powiod┼éa si─Ö.
   1:6>Element docelowy ÔÇ×_GetRestoreTargetFrameworkOverrideÔÇŁ w pliku ÔÇ×C:\Program Files\dotnet\sdk\8.0.101\NuGet.targetsÔÇŁ z projektu ÔÇ×C:\Users\emili\CascadeProjects\PhotoStudioManager\PhotoStudioManager.API\PhotoStudioManager.API.csprojÔÇŁ (zale┼╝y od niego element docelowy ÔÇ×_GetRestoreTargetFrameworksOutputÔÇŁ):
       Pomini─Öto zadanie ÔÇ×GetGlobalPropertyValueTaskÔÇŁ z powodu fa┼észywego warunku; ( '$(TargetFrameworks)' != '' ) oszacowano jako ( '' != '' ).
   1:6>Wykonano kompilowanie elementu docelowego ÔÇ×_GetRestoreTargetFrameworkOverrideÔÇŁ w projekcie ÔÇ×PhotoStudioManager.API.csprojÔÇŁ.
   1:6>Element docelowy ÔÇ×_GetRestoreTargetFrameworksOutputÔÇŁ w pliku ÔÇ×C:\Program Files\dotnet\sdk\8.0.101\NuGet.targetsÔÇŁ z projektu ÔÇ×C:\Users\emili\CascadeProjects\PhotoStudioManager\PhotoStudioManager.API\PhotoStudioManager.API.csprojÔÇŁ (zale┼╝y od niego element docelowy ÔÇ×_GenerateRestoreProjectSpecÔÇŁ):
       U┼╝ywanie zadania ÔÇ×GetProjectTargetFrameworksTaskÔÇŁ z zestawu ÔÇ×C:\Program Files\dotnet\sdk\8.0.101\NuGet.Build.Tasks.dllÔÇŁ.
       Zadanie ÔÇ×GetProjectTargetFrameworksTaskÔÇŁ
         (in) ProjectPath 'C:\Users\emili\CascadeProjects\PhotoStudioManager\PhotoStudioManager.API\PhotoStudioManager.API.csproj'
         (in) TargetFrameworkMoniker '.NETCoreApp,Version=v8.0'
         (in) TargetPlatformIdentifier ''
         (in) TargetPlatformVersion ''
         (in) TargetPlatformMinVersion ''
         (in) TargetFrameworks ''
         (in) TargetFramework 'net8.0'
         (out) ProjectTargetFrameworks 'net8.0'
       Wykonywanie zadania ÔÇ×GetProjectTargetFrameworksTaskÔÇŁ zako┼äczone.
   1:6>Wykonano kompilowanie elementu docelowego ÔÇ×_GetRestoreTargetFrameworksOutputÔÇŁ w projekcie ÔÇ×PhotoStudioManager.API.csprojÔÇŁ.
       Pomini─Öto element docelowy ÔÇ×_GetRestoreSettingsÔÇŁ. Wcze┼Ťniejsza kompilacja powiod┼éa si─Ö.
   1:6>Element docelowy ÔÇ×_GenerateRestoreProjectSpecÔÇŁ w pliku ÔÇ×C:\Program Files\dotnet\sdk\8.0.101\NuGet.targetsÔÇŁ z projektu ÔÇ×C:\Users\emili\CascadeProjects\PhotoStudioManager\PhotoStudioManager.API\PhotoStudioManager.API.csprojÔÇŁ (zale┼╝y od niego element docelowy ÔÇ×_GenerateProjectRestoreGraphÔÇŁ):
       Zadanie ÔÇ×ConvertToAbsolutePathÔÇŁ
       Wykonywanie zadania ÔÇ×ConvertToAbsolutePathÔÇŁ zako┼äczone.
   1:6>Wykonano kompilowanie elementu docelowego ÔÇ×_GenerateRestoreProjectSpecÔÇŁ w projekcie ÔÇ×PhotoStudioManager.API.csprojÔÇŁ.
       Pomini─Öto element docelowy ÔÇ×_GenerateProjectRestoreGraphAllFrameworksÔÇŁ z powodu fa┼észywego warunku; ( '$(TargetFrameworks)' != '' ) oszacowano jako ( '' != '' ).
       Pomini─Öto element docelowy ÔÇ×_GetRestoreProjectStyleÔÇŁ. Wcze┼Ťniejsza kompilacja powiod┼éa si─Ö.
       Pomini─Öto element docelowy ÔÇ×CollectPackageReferencesÔÇŁ. Wcze┼Ťniejsza kompilacja powiod┼éa si─Ö.
   1:6>Element docelowy ÔÇ×CollectPackageDownloadsÔÇŁ w pliku ÔÇ×C:\Program Files\dotnet\sdk\8.0.101\NuGet.targetsÔÇŁ z projektu ÔÇ×C:\Users\emili\CascadeProjects\PhotoStudioManager\PhotoStudioManager.API\PhotoStudioManager.API.csprojÔÇŁ (zale┼╝y od niego element docelowy ÔÇ×_GenerateProjectRestoreGraphPerFrameworkÔÇŁ):
       Zadanie ÔÇ×CheckForDuplicateNuGetItemsTaskÔÇŁ
       Wykonywanie zadania ÔÇ×CheckForDuplicateNuGetItemsTaskÔÇŁ zako┼äczone.
   1:6>Wykonano kompilowanie elementu docelowego ÔÇ×CollectPackageDownloadsÔÇŁ w projekcie ÔÇ×PhotoStudioManager.API.csprojÔÇŁ.
   1:6>Element docelowy ÔÇ×CollectFrameworkReferencesÔÇŁ w pliku ÔÇ×C:\Program Files\dotnet\sdk\8.0.101\NuGet.targetsÔÇŁ z projektu ÔÇ×C:\Users\emili\CascadeProjects\PhotoStudioManager\PhotoStudioManager.API\PhotoStudioManager.API.csprojÔÇŁ (zale┼╝y od niego element docelowy ÔÇ×_GenerateProjectRestoreGraphPerFrameworkÔÇŁ):
   1:6>Wykonano kompilowanie elementu docelowego ÔÇ×CollectFrameworkReferencesÔÇŁ w projekcie ÔÇ×PhotoStudioManager.API.csprojÔÇŁ.
   1:6>Element docelowy ÔÇ×CollectCentralPackageVersionsÔÇŁ w pliku ÔÇ×C:\Program Files\dotnet\sdk\8.0.101\NuGet.targetsÔÇŁ z projektu ÔÇ×C:\Users\emili\CascadeProjects\PhotoStudioManager\PhotoStudioManager.API\PhotoStudioManager.API.csprojÔÇŁ (zale┼╝y od niego element docelowy ÔÇ×_GenerateProjectRestoreGraphPerFrameworkÔÇŁ):
       Zadanie ÔÇ×CheckForDuplicateNuGetItemsTaskÔÇŁ
       Wykonywanie zadania ÔÇ×CheckForDuplicateNuGetItemsTaskÔÇŁ zako┼äczone.
   1:6>Wykonano kompilowanie elementu docelowego ÔÇ×CollectCentralPackageVersionsÔÇŁ w projekcie ÔÇ×PhotoStudioManager.API.csprojÔÇŁ.
       Pomini─Öto element docelowy ÔÇ×PrepRestoreForStoreProjectsÔÇŁ z powodu fa┼észywego warunku; ('$(StorePackageName)' != '') oszacowano jako ('' != '').
   1:6>Element docelowy ÔÇ×_GenerateProjectRestoreGraphPerFrameworkÔÇŁ w pliku ÔÇ×C:\Program Files\dotnet\sdk\8.0.101\NuGet.targetsÔÇŁ z projektu ÔÇ×C:\Users\emili\CascadeProjects\PhotoStudioManager\PhotoStudioManager.API\PhotoStudioManager.API.csprojÔÇŁ (zale┼╝y od niego element docelowy ÔÇ×_GenerateProjectRestoreGraphCurrentProjectÔÇŁ):
       U┼╝ywanie zadania ÔÇ×GetRestoreProjectReferencesTaskÔÇŁ z zestawu ÔÇ×C:\Program Files\dotnet\sdk\8.0.101\NuGet.Build.Tasks.dllÔÇŁ.
       Zadanie ÔÇ×GetRestoreProjectReferencesTaskÔÇŁ
         (in) ProjectUniqueName 'C:\Users\emili\CascadeProjects\PhotoStudioManager\PhotoStudioManager.API\PhotoStudioManager.API.csproj'
         (in) TargetFrameworks 'net8.0'
         (in) ProjectReferences '..\PhotoStudioManager.Core\PhotoStudioManager.Core.csproj;..\PhotoStudioManager.Infrastructure\PhotoStudioManager.Infrastructure.csproj'
         (in) ParentProjectPath 'C:\Users\emili\CascadeProjects\PhotoStudioManager\PhotoStudioManager.API\PhotoStudioManager.API.csproj'
       Wykonywanie zadania ÔÇ×GetRestoreProjectReferencesTaskÔÇŁ zako┼äczone.
       U┼╝ywanie zadania ÔÇ×GetRestorePackageReferencesTaskÔÇŁ z zestawu ÔÇ×C:\Program Files\dotnet\sdk\8.0.101\NuGet.Build.Tasks.dllÔÇŁ.
       Zadanie ÔÇ×GetRestorePackageReferencesTaskÔÇŁ
         (in) ProjectUniqueName 'C:\Users\emili\CascadeProjects\PhotoStudioManager\PhotoStudioManager.API\PhotoStudioManager.API.csproj'
         (in) TargetFrameworks 'net8.0'
         (in) PackageReferences 'Microsoft.AspNetCore.Authentication.JwtBearer;Microsoft.AspNetCore.Identity.EntityFrameworkCore;Microsoft.EntityFrameworkCore.Design;Microsoft.EntityFrameworkCore.SqlServer;Swashbuckle.AspNetCore'
       Wykonywanie zadania ÔÇ×GetRestorePackageReferencesTaskÔÇŁ zako┼äczone.
       Pomini─Öto zadanie ÔÇ×GetCentralPackageVersionsTaskÔÇŁ z powodu fa┼észywego warunku; ( '$(PackageReferenceCompatibleProjectStyle)' == 'true' AND '$(_CentralPackageVersionsEnabled)' == 'true' ) oszacowano jako ( 'True' == 'true' AND '' == 'true' ).
       U┼╝ywanie zadania ÔÇ×GetRestorePackageDownloadsTaskÔÇŁ z zestawu ÔÇ×C:\Program Files\dotnet\sdk\8.0.101\NuGet.Build.Tasks.dllÔÇŁ.
       Zadanie ÔÇ×GetRestorePackageDownloadsTaskÔÇŁ
         (in) ProjectUniqueName 'C:\Users\emili\CascadeProjects\PhotoStudioManager\PhotoStudioManager.API\PhotoStudioManager.API.csproj'
         (in) TargetFrameworks 'net8.0'
         (in) PackageDownloads ''
       Wykonywanie zadania ÔÇ×GetRestorePackageDownloadsTaskÔÇŁ zako┼äczone.
       U┼╝ywanie zadania ÔÇ×GetRestoreFrameworkReferencesTaskÔÇŁ z zestawu ÔÇ×C:\Program Files\dotnet\sdk\8.0.101\NuGet.Build.Tasks.dllÔÇŁ.
       Zadanie ÔÇ×GetRestoreFrameworkReferencesTaskÔÇŁ
         (in) ProjectUniqueName 'C:\Users\emili\CascadeProjects\PhotoStudioManager\PhotoStudioManager.API\PhotoStudioManager.API.csproj'
         (in) TargetFrameworks 'net8.0'
         (in) FrameworkReferences 'Microsoft.NETCore.App;Microsoft.AspNetCore.App'
       Wykonywanie zadania ÔÇ×GetRestoreFrameworkReferencesTaskÔÇŁ zako┼äczone.
   1:6>Wykonano kompilowanie elementu docelowego ÔÇ×_GenerateProjectRestoreGraphPerFrameworkÔÇŁ w projekcie ÔÇ×PhotoStudioManager.API.csprojÔÇŁ.
   1:6>Element docelowy ÔÇ×_GenerateProjectRestoreGraphCurrentProjectÔÇŁ w pliku ÔÇ×C:\Program Files\dotnet\sdk\8.0.101\NuGet.targetsÔÇŁ z projektu ÔÇ×C:\Users\emili\CascadeProjects\PhotoStudioManager\PhotoStudioManager.API\PhotoStudioManager.API.csprojÔÇŁ (zale┼╝y od niego element docelowy ÔÇ×_GenerateRestoreDependenciesÔÇŁ):
   1:6>Wykonano kompilowanie elementu docelowego ÔÇ×_GenerateProjectRestoreGraphCurrentProjectÔÇŁ w projekcie ÔÇ×PhotoStudioManager.API.csprojÔÇŁ.
   1:6>Element docelowy ÔÇ×_GenerateRestoreDependenciesÔÇŁ w pliku ÔÇ×C:\Program Files\dotnet\sdk\8.0.101\NuGet.targetsÔÇŁ z projektu ÔÇ×C:\Users\emili\CascadeProjects\PhotoStudioManager\PhotoStudioManager.API\PhotoStudioManager.API.csprojÔÇŁ (zale┼╝y od niego element docelowy ÔÇ×_GenerateProjectRestoreGraphÔÇŁ):
   1:6>Wykonano kompilowanie elementu docelowego ÔÇ×_GenerateRestoreDependenciesÔÇŁ w projekcie ÔÇ×PhotoStudioManager.API.csprojÔÇŁ.
   1:6>Element docelowy ÔÇ×_GenerateProjectRestoreGraphÔÇŁ w pliku ÔÇ×C:\Program Files\dotnet\sdk\8.0.101\NuGet.targetsÔÇŁ z projektu ÔÇ×C:\Users\emili\CascadeProjects\PhotoStudioManager\PhotoStudioManager.API\PhotoStudioManager.API.csprojÔÇŁ (punkt wej┼Ťcia):
   1:6>Wykonano kompilowanie elementu docelowego ÔÇ×_GenerateProjectRestoreGraphÔÇŁ w projekcie ÔÇ×PhotoStudioManager.API.csprojÔÇŁ.
   1:6>Kompilowanie projektu ÔÇ×C:\Users\emili\CascadeProjects\PhotoStudioManager\PhotoStudioManager.API\PhotoStudioManager.API.csprojÔÇŁ wykonane (elementy docelowe: _GenerateProjectRestoreGraph).
     1>Wykonywanie zadania ÔÇ×MSBuildÔÇŁ zako┼äczone.
     1>Wykonano kompilowanie elementu docelowego ÔÇ×_GenerateRestoreGraphÔÇŁ w projekcie ÔÇ×PhotoStudioManager.API.csprojÔÇŁ.
       Pomini─Öto element docelowy ÔÇ×_CheckForUnsupportedTargetFrameworkÔÇŁ z powodu fa┼észywego warunku; ('$(_UnsupportedTargetFrameworkError)' == 'true') oszacowano jako ('' == 'true').
     1>Element docelowy ÔÇ×_CollectTargetFrameworkForTelemetryÔÇŁ w pliku ÔÇ×C:\Program Files\dotnet\sdk\8.0.101\Sdks\Microsoft.NET.Sdk\targets\Microsoft.NET.TargetFrameworkInference.targetsÔÇŁ z projektu ÔÇ×C:\Users\emili\CascadeProjects\PhotoStudioManager\PhotoStudioManager.API\PhotoStudioManager.API.csprojÔÇŁ (zale┼╝y od niego element docelowy ÔÇ×RestoreÔÇŁ):
       U┼╝ywanie zadania ÔÇ×AllowEmptyTelemetryÔÇŁ z zestawu ÔÇ×C:\Program Files\dotnet\sdk\8.0.101\Sdks\Microsoft.NET.Sdk\targets\..\tools\net8.0\Microsoft.NET.Build.Tasks.dllÔÇŁ.
       Zadanie ÔÇ×AllowEmptyTelemetryÔÇŁ
       Wykonywanie zadania ÔÇ×AllowEmptyTelemetryÔÇŁ zako┼äczone.
     1>Wykonano kompilowanie elementu docelowego ÔÇ×_CollectTargetFrameworkForTelemetryÔÇŁ w projekcie ÔÇ×PhotoStudioManager.API.csprojÔÇŁ.
     1>Element docelowy ÔÇ×_CheckForUnsupportedNETCoreVersionÔÇŁ w pliku ÔÇ×C:\Program Files\dotnet\sdk\8.0.101\Sdks\Microsoft.NET.Sdk\targets\Microsoft.NET.TargetFrameworkInference.targetsÔÇŁ z projektu ÔÇ×C:\Users\emili\CascadeProjects\PhotoStudioManager\PhotoStudioManager.API\PhotoStudioManager.API.csprojÔÇŁ (zale┼╝y od niego element docelowy ÔÇ×RestoreÔÇŁ):
       Pomini─Öto zadanie ÔÇ×NETSdkErrorÔÇŁ z powodu fa┼észywego warunku; ('$(_TargetFrameworkVersionWithoutV)' > '$(NETCoreAppMaximumVersion)' and '$(DisplayVSMessage)' != 'true') oszacowano jako ('8.0' > '8.0' and '' != 'true').
       Pomini─Öto zadanie ÔÇ×NETSdkErrorÔÇŁ z powodu fa┼észywego warunku; ('$(DisplayVSMessage)' == 'true') oszacowano jako ('' == 'true').
     1>Wykonano kompilowanie elementu docelowego ÔÇ×_CheckForUnsupportedNETCoreVersionÔÇŁ w projekcie ÔÇ×PhotoStudioManager.API.csprojÔÇŁ.
       Pomini─Öto element docelowy ÔÇ×_CheckForEolTargetFrameworksÔÇŁ z powodu fa┼észywego warunku; ('@(_EolNetCoreTargetFrameworkVersions->AnyHaveMetadataValue('Identity', '$(_TargetFrameworkVersionWithoutV)'))' and '$(TargetFrameworkIdentifier)' == '.NETCoreApp' and '$(CheckEolTargetFramework)' == 'true') oszacowano jako ('false' and '.NETCoreApp' == '.NETCoreApp' and 'true' == 'true').
       Pomini─Öto element docelowy ÔÇ×_CheckForEolWorkloadsÔÇŁ z powodu fa┼észywego warunku; ('@(EolWorkload)' != '' and '$(CheckEolWorkloads)' == 'true') oszacowano jako ('' != '' and 'true' == 'true').
     1>Element docelowy ÔÇ×_CheckForUnsupportedCppNETCoreVersionÔÇŁ w pliku ÔÇ×C:\Program Files\dotnet\sdk\8.0.101\Sdks\Microsoft.NET.Sdk\targets\Microsoft.NET.TargetFrameworkInference.targetsÔÇŁ z projektu ÔÇ×C:\Users\emili\CascadeProjects\PhotoStudioManager\PhotoStudioManager.API\PhotoStudioManager.API.csprojÔÇŁ (zale┼╝y od niego element docelowy ÔÇ×RestoreÔÇŁ):
       Pomini─Öto zadanie ÔÇ×NETSdkErrorÔÇŁ z powodu fa┼észywego warunku; ('$(TargetFrameworkIdentifier)' == '.NETCoreApp' and '$(_TargetFrameworkVersionWithoutV)' < '3.1' and ('$(Language)' == 'C++' and '$(_EnablePackageReferencesInVCProjects)' != 'true')) oszacowano jako ('.NETCoreApp' == '.NETCoreApp' and '8.0' < '3.1' and ('C#' == 'C++' and '' != 'true')).
     1>Wykonano kompilowanie elementu docelowego ÔÇ×_CheckForUnsupportedCppNETCoreVersionÔÇŁ w projekcie ÔÇ×PhotoStudioManager.API.csprojÔÇŁ.
       Pomini─Öto element docelowy ÔÇ×_CheckForUnsupportedNETStandardVersionÔÇŁ z powodu fa┼észywego warunku; ('$(TargetFrameworkIdentifier)' == '.NETStandard' And '$(NETStandardMaximumVersion)' != '') oszacowano jako ('.NETCoreApp' == '.NETStandard' And '' != '').
       Pomini─Öto element docelowy ÔÇ×_CheckForUnsupportedTargetFrameworkAndFeatureCombinationÔÇŁ z powodu fa┼észywego warunku; ('$(TargetFrameworkIdentifier)' == '.NETFramework') oszacowano jako ('.NETCoreApp' == '.NETFramework').
     1>Element docelowy ÔÇ×RestoreÔÇŁ w pliku ÔÇ×C:\Program Files\dotnet\sdk\8.0.101\NuGet.targetsÔÇŁ z projektu ÔÇ×C:\Users\emili\CascadeProjects\PhotoStudioManager\PhotoStudioManager.API\PhotoStudioManager.API.csprojÔÇŁ (punkt wej┼Ťcia):
       Zadanie ÔÇ×RemoveDuplicatesÔÇŁ
       Wykonywanie zadania ÔÇ×RemoveDuplicatesÔÇŁ zako┼äczone.
       U┼╝ywanie zadania ÔÇ×RestoreTaskÔÇŁ z zestawu ÔÇ×C:\Program Files\dotnet\sdk\8.0.101\NuGet.Build.Tasks.dllÔÇŁ.
       Zadanie ÔÇ×RestoreTaskÔÇŁ
         (in) RestoreGraphItems Count '27'
         (in) RestoreDisableParallel 'False'
         (in) RestoreNoCache 'False'
         (in) RestoreIgnoreFailedSources 'False'
         (in) RestoreRecursive 'True'
         (in) RestoreForce 'False'
         (in) HideWarningsAndErrors 'False'
         (in) RestoreForceEvaluate 'False'
         (in) RestorePackagesConfig 'False'
         Za┼éadowano zestaw podczas TaskRun (NuGet.Build.Tasks.RestoreTask): NuGet.Packaging, Version=6.8.0.122, Culture=neutral, PublicKeyToken=31bf3856ad364e35 (lokalizacja: C:\Program Files\dotnet\sdk\8.0.101\NuGet.Packaging.dll, MVID: 941c788d-4cfd-4397-9e15-f714386514ee, domena aplikacji: [Default])
         Za┼éadowano zestaw podczas TaskRun (NuGet.Build.Tasks.RestoreTask): NuGet.LibraryModel, Version=6.8.0.122, Culture=neutral, PublicKeyToken=31bf3856ad364e35 (lokalizacja: C:\Program Files\dotnet\sdk\8.0.101\NuGet.LibraryModel.dll, MVID: 0cbf267a-93bb-445c-97b6-90b1d07a4d61, domena aplikacji: [Default])
         Za┼éadowano zestaw podczas TaskRun (NuGet.Build.Tasks.RestoreTask): NuGet.Versioning, Version=6.8.0.122, Culture=neutral, PublicKeyToken=31bf3856ad364e35 (lokalizacja: C:\Program Files\dotnet\sdk\8.0.101\NuGet.Versioning.dll, MVID: 5a74e72c-64bf-4b12-bf11-bf0cb48c8082, domena aplikacji: [Default])
         Za┼éadowano zestaw podczas TaskRun (NuGet.Build.Tasks.RestoreTask): NuGet.Frameworks, Version=6.8.0.122, Culture=neutral, PublicKeyToken=31bf3856ad364e35 (lokalizacja: C:\Program Files\dotnet\sdk\8.0.101\NuGet.Frameworks.dll, MVID: 56237616-9f25-4bdd-b980-129850b7129a, domena aplikacji: [Default])
         Za┼éadowano zestaw podczas TaskRun (NuGet.Build.Tasks.RestoreTask): NuGet.Protocol, Version=6.8.0.122, Culture=neutral, PublicKeyToken=31bf3856ad364e35 (lokalizacja: C:\Program Files\dotnet\sdk\8.0.101\NuGet.Protocol.dll, MVID: 5e6e7bb4-1590-45cd-98b7-5764415189f3, domena aplikacji: [Default])
         Za┼éadowano zestaw podczas TaskRun (NuGet.Build.Tasks.RestoreTask): NuGet.Credentials, Version=6.8.0.122, Culture=neutral, PublicKeyToken=31bf3856ad364e35 (lokalizacja: C:\Program Files\dotnet\sdk\8.0.101\NuGet.Credentials.dll, MVID: a3e5b298-4a1a-4d32-9d0d-030a447e1b16, domena aplikacji: [Default])
         Za┼éadowano zestaw podczas TaskRun (NuGet.Build.Tasks.RestoreTask): System.Runtime.InteropServices.RuntimeInformation, Version=8.0.0.0, Culture=neutral, PublicKeyToken=b03f5f7f11d50a3a (lokalizacja: C:\Program Files\dotnet\shared\Microsoft.NETCore.App\8.0.1\System.Runtime.InteropServices.RuntimeInformation.dll, MVID: 28b4ef0f-3748-4a31-ab06-66e98b428006, domena aplikacji: [Default])
         Za┼éadowano zestaw podczas TaskRun (NuGet.Build.Tasks.RestoreTask): NuGet.Packaging.resources, Version=6.0.0.278, Culture=pl, PublicKeyToken=31bf3856ad364e35, processorArchitecture=MSIL (lokalizacja: C:\Program Files\dotnet\sdk\8.0.101\pl\NuGet.Packaging.resources.dll, MVID: fc25b290-9047-4a2f-84e1-7baec93d0a51, domena aplikacji: [Default])
         X.509 certificate chain validation will use the default trust store selected by .NET for code signing.
         X.509 certificate chain validation will use the default trust store selected by .NET for timestamping.
         Za┼éadowano zestaw podczas TaskRun (NuGet.Build.Tasks.RestoreTask): NuGet.DependencyResolver.Core, Version=6.8.0.122, Culture=neutral, PublicKeyToken=31bf3856ad364e35 (lokalizacja: C:\Program Files\dotnet\sdk\8.0.101\NuGet.DependencyResolver.Core.dll, MVID: 33a770b7-33e1-4b92-b39f-501526538097, domena aplikacji: [Default])
         Za┼éadowano zestaw podczas TaskRun (NuGet.Build.Tasks.RestoreTask): NuGet.Commands.resources, Version=6.0.0.278, Culture=pl, PublicKeyToken=31bf3856ad364e35, processorArchitecture=MSIL (lokalizacja: C:\Program Files\dotnet\sdk\8.0.101\pl\NuGet.Commands.resources.dll, MVID: d0dee9eb-aa98-4afc-af34-c113c071fbf9, domena aplikacji: [Default])
         Uruchamianie przywracania z 8 zadaniami wsp├│┼ébie┼╝nymi.
         Odczytywanie pliku projektu C:\Users\emili\CascadeProjects\PhotoStudioManager\PhotoStudioManager.API\PhotoStudioManager.API.csproj.
         Odczytywanie pliku projektu C:\Users\emili\CascadeProjects\PhotoStudioManager\PhotoStudioManager.Core\PhotoStudioManager.Core.csproj.
         Odczytywanie pliku projektu C:\Users\emili\CascadeProjects\PhotoStudioManager\PhotoStudioManager.Infrastructure\PhotoStudioManager.Infrastructure.csproj.
         Za┼éadowano zestaw podczas TaskRun (NuGet.Build.Tasks.RestoreTask): System.Security.Cryptography.Primitives, Version=8.0.0.0, Culture=neutral, PublicKeyToken=b03f5f7f11d50a3a (lokalizacja: C:\Program Files\dotnet\shared\Microsoft.NETCore.App\8.0.1\System.Security.Cryptography.Primitives.dll, MVID: 7c1d49b3-fccf-4007-bee0-2b4900779a2f, domena aplikacji: [Default])
         Za┼éadowano zestaw podczas TaskRun (NuGet.Build.Tasks.RestoreTask): System.Security.Cryptography.Algorithms, Version=8.0.0.0, Culture=neutral, PublicKeyToken=b03f5f7f11d50a3a (lokalizacja: C:\Program Files\dotnet\shared\Microsoft.NETCore.App\8.0.1\System.Security.Cryptography.Algorithms.dll, MVID: 4cf37e34-e7aa-4982-b591-bdb0380f41cd, domena aplikacji: [Default])
         Za┼éadowano zestaw podczas TaskRun (NuGet.Build.Tasks.RestoreTask): Newtonsoft.Json, Version=13.0.0.0, Culture=neutral, PublicKeyToken=30ad4fe6b2a6aeed (lokalizacja: C:\Program Files\dotnet\sdk\8.0.101\Newtonsoft.Json.dll, MVID: 7e62198b-eab2-4380-bbac-29171862d1d8, domena aplikacji: [Default])
         Za┼éadowano zestaw podczas TaskRun (NuGet.Build.Tasks.RestoreTask): System.Runtime.Serialization.Primitives, Version=8.0.0.0, Culture=neutral, PublicKeyToken=b03f5f7f11d50a3a (lokalizacja: C:\Program Files\dotnet\shared\Microsoft.NETCore.App\8.0.1\System.Runtime.Serialization.Primitives.dll, MVID: a9960bb8-b403-4482-af3e-b3c96d0bf3d8, domena aplikacji: [Default])
         Dane wej┼Ťciowe przywracania dla elementu ÔÇ×PhotoStudioManager.CoreÔÇŁ nie uleg┼éy zmianie. Do uko┼äczenia przywracania nie s─ů wymagane ┼╝adne dalsze akcje.
         Trwa zatwierdzanie przywracania...
         Plik zasob├│w nie uleg┼é zmianie. Zapisywanie pliku zasob├│w jest pomijane. ┼Ücie┼╝ka: C:\Users\emili\CascadeProjects\PhotoStudioManager\PhotoStudioManager.Core\obj\project.assets.json
         Przywracanie bez operacji. Pami─Ö─ç podr─Öczna nie zostanie zaktualizowana. ┼Ücie┼╝ka: C:\Users\emili\CascadeProjects\PhotoStudioManager\PhotoStudioManager.Core\obj\project.nuget.cache
         Za┼éadowano zestaw podczas TaskRun (NuGet.Build.Tasks.RestoreTask): NuGet.Common.resources, Version=6.0.0.278, Culture=pl, PublicKeyToken=31bf3856ad364e35, processorArchitecture=MSIL (lokalizacja: C:\Program Files\dotnet\sdk\8.0.101\pl\NuGet.Common.resources.dll, MVID: eff34d09-7ad5-4051-abfd-29cf27bda255, domena aplikacji: [Default])
         Przywr├│cono element C:\Users\emili\CascadeProjects\PhotoStudioManager\PhotoStudioManager.Core\PhotoStudioManager.Core.csproj (w 62 ms).
         Dane wej┼Ťciowe przywracania dla elementu ÔÇ×PhotoStudioManager.InfrastructureÔÇŁ nie uleg┼éy zmianie. Do uko┼äczenia przywracania nie s─ů wymagane ┼╝adne dalsze akcje.
         Dane wej┼Ťciowe przywracania dla elementu ÔÇ×PhotoStudioManager.APIÔÇŁ nie uleg┼éy zmianie. Do uko┼äczenia przywracania nie s─ů wymagane ┼╝adne dalsze akcje.
         Trwa zatwierdzanie przywracania...
         Trwa zatwierdzanie przywracania...
         Plik zasob├│w nie uleg┼é zmianie. Zapisywanie pliku zasob├│w jest pomijane. ┼Ücie┼╝ka: C:\Users\emili\CascadeProjects\PhotoStudioManager\PhotoStudioManager.API\obj\project.assets.json
         Przywracanie bez operacji. Pami─Ö─ç podr─Öczna nie zostanie zaktualizowana. ┼Ücie┼╝ka: C:\Users\emili\CascadeProjects\PhotoStudioManager\PhotoStudioManager.API\obj\project.nuget.cache
         Plik zasob├│w nie uleg┼é zmianie. Zapisywanie pliku zasob├│w jest pomijane. ┼Ücie┼╝ka: C:\Users\emili\CascadeProjects\PhotoStudioManager\PhotoStudioManager.Infrastructure\obj\project.assets.json
         Przywracanie bez operacji. Pami─Ö─ç podr─Öczna nie zostanie zaktualizowana. ┼Ücie┼╝ka: C:\Users\emili\CascadeProjects\PhotoStudioManager\PhotoStudioManager.Infrastructure\obj\project.nuget.cache
         Przywr├│cono element C:\Users\emili\CascadeProjects\PhotoStudioManager\PhotoStudioManager.Infrastructure\PhotoStudioManager.Infrastructure.csproj (w 68 ms).
         Przywr├│cono element C:\Users\emili\CascadeProjects\PhotoStudioManager\PhotoStudioManager.API\PhotoStudioManager.API.csproj (w 68 ms).
         
         U┼╝yte pliki konfiguracji programu NuGet:
             C:\Users\emili\AppData\Roaming\NuGet\NuGet.Config
             C:\Program Files (x86)\NuGet\Config\Microsoft.VisualStudio.FallbackLocation.config
             C:\Program Files (x86)\NuGet\Config\Microsoft.VisualStudio.Offline.config
         
         U┼╝yte ┼║r├│d┼éa danych:
             https://api.nuget.org/v3/index.json
             C:\Program Files (x86)\Microsoft SDKs\NuGetPackages\
             C:\Program Files\dotnet\library-packs
         Wszystkie projekty s─ů aktualne na potrzeby przywr├│cenia.
       Wykonywanie zadania ÔÇ×RestoreTaskÔÇŁ zako┼äczone.
     1>Wykonano kompilowanie elementu docelowego ÔÇ×RestoreÔÇŁ w projekcie ÔÇ×PhotoStudioManager.API.csprojÔÇŁ.
     1>Kompilowanie projektu ÔÇ×C:\Users\emili\CascadeProjects\PhotoStudioManager\PhotoStudioManager.API\PhotoStudioManager.API.csprojÔÇŁ wykonane (elementy docelowe: Restore).
     0>Trwa rozpoznawanie zestawu SDK ÔÇ×Microsoft.NET.Sdk.WebÔÇŁ...
       Ponowne przypisanie w┼éa┼Ťciwo┼Ťci: $(ImportDirectoryBuildProps)=ÔÇ×falseÔÇŁ (poprzednia warto┼Ť─ç: ÔÇ×trueÔÇŁ) w C:\Program Files\dotnet\sdk\8.0.101\Sdks\Microsoft.NET.Sdk\Sdk\Sdk.props (57,5)
       W┼éa┼Ťciwo┼Ť─ç ÔÇ×MSBuildExtensionsPathÔÇŁ o warto┼Ťci ÔÇ×C:\Program Files\dotnet\sdk\8.0.101\ÔÇŁ rozwini─Öto ze ┼Ťrodowiska.
       Ponowne przypisanie w┼éa┼Ťciwo┼Ťci: $(MSBuildProjectExtensionsPath)=ÔÇ×C:\Users\emili\CascadeProjects\PhotoStudioManager\PhotoStudioManager.API\obj\ÔÇŁ (poprzednia warto┼Ť─ç: ÔÇ×obj\ÔÇŁ) w C:\Program Files\dotnet\sdk\8.0.101\Current\Microsoft.Common.props (60,5)
       W┼éa┼Ťciwo┼Ť─ç ÔÇ×USERPROFILEÔÇŁ o warto┼Ťci ÔÇ×C:\Users\emiliÔÇŁ rozwini─Öto ze ┼Ťrodowiska.
       Ponowne przypisanie w┼éa┼Ťciwo┼Ťci: $(OpenApiGenerateDocumentsOnBuild)=ÔÇ×falseÔÇŁ (poprzednia warto┼Ť─ç: ÔÇ×ÔÇŁ) w C:\Users\emili\.nuget\packages\swashbuckle.aspnetcore\6.5.0\build\Swashbuckle.AspNetCore.props (3,5)
       Ponowne przypisanie w┼éa┼Ťciwo┼Ťci: $(AssemblySearchPaths)=ÔÇ×{CandidateAssemblyFiles};{HintPathFromItem}ÔÇŁ (poprzednia warto┼Ť─ç: ÔÇ×{CandidateAssemblyFiles}ÔÇŁ) w C:\Program Files\dotnet\sdk\8.0.101\Sdks\Microsoft.NET.Sdk\targets\Microsoft.NET.Sdk.props (91,5)
       Ponowne przypisanie w┼éa┼Ťciwo┼Ťci: $(AssemblySearchPaths)=ÔÇ×{CandidateAssemblyFiles};{HintPathFromItem};{TargetFrameworkDirectory}ÔÇŁ (poprzednia warto┼Ť─ç: ÔÇ×{CandidateAssemblyFiles};{HintPathFromItem}ÔÇŁ) w C:\Program Files\dotnet\sdk\8.0.101\Sdks\Microsoft.NET.Sdk\targets\Microsoft.NET.Sdk.props (92,5)
       Ponowne przypisanie w┼éa┼Ťciwo┼Ťci: $(AssemblySearchPaths)=ÔÇ×{CandidateAssemblyFiles};{HintPathFromItem};{TargetFrameworkDirectory};{RawFileName}ÔÇŁ (poprzednia warto┼Ť─ç: ÔÇ×{CandidateAssemblyFiles};{HintPathFromItem};{TargetFrameworkDirectory}ÔÇŁ) w C:\Program Files\dotnet\sdk\8.0.101\Sdks\Microsoft.NET.Sdk\targets\Microsoft.NET.Sdk.props (93,5)
       Ponowne przypisanie w┼éa┼Ťciwo┼Ťci: $(TargetsForTfmSpecificContentInPackage)=ÔÇ×;PackTool;_PackProjectToolValidationÔÇŁ (poprzednia warto┼Ť─ç: ÔÇ×;PackToolÔÇŁ) w C:\Program Files\dotnet\sdk\8.0.101\Sdks\Microsoft.NET.Sdk\targets\Microsoft.NET.PackProjectTool.props (15,5)
       Trwa rozpoznawanie zestawu SDK ÔÇ×Microsoft.NET.Sdk.RazorÔÇŁ...
       Trwa rozpoznawanie zestawu SDK ÔÇ×Microsoft.NET.Sdk.StaticWebAssetsÔÇŁ...
       Trwa rozpoznawanie zestawu SDK ÔÇ×Microsoft.NET.Sdk.Web.ProjectSystemÔÇŁ...
       Ponowne przypisanie w┼éa┼Ťciwo┼Ťci: $(DefaultItemExcludes)=ÔÇ×;**\node_modules\**;node_modules\**;**\jspm_packages\**;jspm_packages\**ÔÇŁ (poprzednia warto┼Ť─ç: ÔÇ×;**\node_modules\**;node_modules\**ÔÇŁ) w C:\Program Files\dotnet\sdk\8.0.101\Sdks\Microsoft.NET.Sdk.StaticWebAssets\Sdk\Sdk.StaticWebAssets.StaticAssets.ProjectSystem.props (23,5)
       Ponowne przypisanie w┼éa┼Ťciwo┼Ťci: $(DefaultItemExcludes)=ÔÇ×;**\node_modules\**;node_modules\**;**\jspm_packages\**;jspm_packages\**;**\bower_components\**;bower_components\**ÔÇŁ (poprzednia warto┼Ť─ç: ÔÇ×;**\node_modules\**;node_modules\**;**\jspm_packages\**;jspm_packages\**ÔÇŁ) w C:\Program Files\dotnet\sdk\8.0.101\Sdks\Microsoft.NET.Sdk.StaticWebAssets\Sdk\Sdk.StaticWebAssets.StaticAssets.ProjectSystem.props (24,5)
       Ponowne przypisanie w┼éa┼Ťciwo┼Ťci: $(OutputType)=ÔÇ×ExeÔÇŁ (poprzednia warto┼Ť─ç: ÔÇ×LibraryÔÇŁ) w C:\Program Files\dotnet\sdk\8.0.101\Sdks\Microsoft.NET.Sdk.Web.ProjectSystem\targets\Microsoft.NET.Sdk.Web.ProjectSystem.props (16,5)
       Trwa rozpoznawanie zestawu SDK ÔÇ×Microsoft.NET.Sdk.PublishÔÇŁ...
       Ponowne przypisanie w┼éa┼Ťciwo┼Ťci: $(PublishProfileImported)=ÔÇ×falseÔÇŁ (poprzednia warto┼Ť─ç: ÔÇ×trueÔÇŁ) w C:\Program Files\dotnet\sdk\8.0.101\Sdks\Microsoft.NET.Sdk\targets\Microsoft.NET.Sdk.ImportPublishProfile.targets (28,5)
       Ponowne przypisanie w┼éa┼Ťciwo┼Ťci: $(TargetPlatformVersion)=ÔÇ×ÔÇŁ (poprzednia warto┼Ť─ç: ÔÇ×0.0ÔÇŁ) w C:\Program Files\dotnet\sdk\8.0.101\Sdks\Microsoft.NET.Sdk\targets\Microsoft.NET.TargetFrameworkInference.targets (69,5)
       Ponowne przypisanie w┼éa┼Ťciwo┼Ťci: $(DefaultItemExcludes)=ÔÇ×;**\node_modules\**;node_modules\**;**\jspm_packages\**;jspm_packages\**;**\bower_components\**;bower_components\**;bin\Debug\/**ÔÇŁ (poprzednia warto┼Ť─ç: ÔÇ×;**\node_modules\**;node_modules\**;**\jspm_packages\**;jspm_packages\**;**\bower_components\**;bower_components\**ÔÇŁ) w C:\Program Files\dotnet\sdk\8.0.101\Sdks\Microsoft.NET.Sdk\targets\Microsoft.NET.DefaultOutputPaths.targets (121,5)
       Ponowne przypisanie w┼éa┼Ťciwo┼Ťci: $(DefaultItemExcludes)=ÔÇ×;**\node_modules\**;node_modules\**;**\jspm_packages\**;jspm_packages\**;**\bower_components\**;bower_components\**;bin\Debug\/**;obj\Debug\/**ÔÇŁ (poprzednia warto┼Ť─ç: ÔÇ×;**\node_modules\**;node_modules\**;**\jspm_packages\**;jspm_packages\**;**\bower_components\**;bower_components\**;bin\Debug\/**ÔÇŁ) w C:\Program Files\dotnet\sdk\8.0.101\Sdks\Microsoft.NET.Sdk\targets\Microsoft.NET.DefaultOutputPaths.targets (122,5)
       Ponowne przypisanie w┼éa┼Ťciwo┼Ťci: $(OutputPath)=ÔÇ×bin\Debug\net8.0\ÔÇŁ (poprzednia warto┼Ť─ç: ÔÇ×bin\Debug\ÔÇŁ) w C:\Program Files\dotnet\sdk\8.0.101\Sdks\Microsoft.NET.Sdk\targets\Microsoft.NET.DefaultOutputPaths.targets (137,5)
       Ponowne przypisanie w┼éa┼Ťciwo┼Ťci: $(IntermediateOutputPath)=ÔÇ×obj\Debug\net8.0\ÔÇŁ (poprzednia warto┼Ť─ç: ÔÇ×obj\Debug\ÔÇŁ) w C:\Program Files\dotnet\sdk\8.0.101\Sdks\Microsoft.NET.Sdk\targets\Microsoft.NET.DefaultOutputPaths.targets (142,5)
       Ponowne przypisanie w┼éa┼Ťciwo┼Ťci: $(_FrameworkIdentifierForImplicitDefine)=ÔÇ×NETÔÇŁ (poprzednia warto┼Ť─ç: ÔÇ×NETCOREAPPÔÇŁ) w C:\Program Files\dotnet\sdk\8.0.101\Sdks\Microsoft.NET.Sdk\targets\Microsoft.NET.Sdk.BeforeCommon.targets (187,5)
       Ponowne przypisanie w┼éa┼Ťciwo┼Ťci: $(_FrameworkVersionForImplicitDefine)=ÔÇ×8_0ÔÇŁ (poprzednia warto┼Ť─ç: ÔÇ×8.0ÔÇŁ) w C:\Program Files\dotnet\sdk\8.0.101\Sdks\Microsoft.NET.Sdk\targets\Microsoft.NET.Sdk.BeforeCommon.targets (192,5)
       Ponowne przypisanie w┼éa┼Ťciwo┼Ťci: $(CommandLineArgsForDesignTimeEvaluation)=ÔÇ×-langversion:12.0 -define:TRACEÔÇŁ (poprzednia warto┼Ť─ç: ÔÇ×-langversion:12.0ÔÇŁ) w C:\Program Files\dotnet\sdk\8.0.101\Roslyn\Microsoft.CSharp.Core.targets (197,5)
       Ponowne przypisanie w┼éa┼Ťciwo┼Ťci: $(_DebugSymbolsProduced)=ÔÇ×trueÔÇŁ (poprzednia warto┼Ť─ç: ÔÇ×falseÔÇŁ) w C:\Program Files\dotnet\sdk\8.0.101\Microsoft.Common.CurrentVersion.targets (175,5)
       Ponowne przypisanie w┼éa┼Ťciwo┼Ťci: $(_DocumentationFileProduced)=ÔÇ×falseÔÇŁ (poprzednia warto┼Ť─ç: ÔÇ×trueÔÇŁ) w C:\Program Files\dotnet\sdk\8.0.101\Microsoft.Common.CurrentVersion.targets (185,5)
       Ponowne przypisanie w┼éa┼Ťciwo┼Ťci: $(ProcessorArchitecture)=ÔÇ×msilÔÇŁ (poprzednia warto┼Ť─ç: ÔÇ×ÔÇŁ) w C:\Program Files\dotnet\sdk\8.0.101\Microsoft.Common.CurrentVersion.targets (529,5)
       Ponowne przypisanie w┼éa┼Ťciwo┼Ťci: $(DelaySign)=ÔÇ×ÔÇŁ (poprzednia warto┼Ť─ç: ÔÇ×falseÔÇŁ) w C:\Program Files\dotnet\sdk\8.0.101\Microsoft.Common.CurrentVersion.targets (568,5)
       W┼éa┼Ťciwo┼Ť─ç ÔÇ×LOCALAPPDATAÔÇŁ o warto┼Ťci ÔÇ×C:\Users\emili\AppData\LocalÔÇŁ rozwini─Öto ze ┼Ťrodowiska.
       Ponowne przypisanie w┼éa┼Ťciwo┼Ťci: $(_SGenGenerateSerializationAssembliesConfig)=ÔÇ×AutoÔÇŁ (poprzednia warto┼Ť─ç: ÔÇ×ÔÇŁ) w C:\Program Files\dotnet\sdk\8.0.101\Microsoft.Common.CurrentVersion.targets (3824,5)
       Ponowne przypisanie w┼éa┼Ťciwo┼Ťci: $(_SGenGenerateSerializationAssembliesConfig)=ÔÇ×OffÔÇŁ (poprzednia warto┼Ť─ç: ÔÇ×AutoÔÇŁ) w C:\Program Files\dotnet\sdk\8.0.101\Microsoft.Common.CurrentVersion.targets (3825,5)
       Ponowne przypisanie w┼éa┼Ťciwo┼Ťci: $(_TargetsThatPrepareProjectReferences)=ÔÇ×
             AssignProjectConfiguration;
             _SplitProjectReferencesByFileExistence
           ÔÇŁ (poprzednia warto┼Ť─ç: ÔÇ×_SplitProjectReferencesByFileExistenceÔÇŁ) w C:\Program Files\dotnet\sdk\8.0.101\Microsoft.Common.CurrentVersion.targets (4976,5)
       W┼éa┼Ťciwo┼Ť─ç ÔÇ×MSBuildExtensionsPath32ÔÇŁ o warto┼Ťci ÔÇ×C:\Program Files\dotnet\sdk\8.0.101ÔÇŁ rozwini─Öto ze ┼Ťrodowiska.
       Ponowne przypisanie w┼éa┼Ťciwo┼Ťci: $(OpenApiGenerateDocuments)=ÔÇ×trueÔÇŁ (poprzednia warto┼Ť─ç: ÔÇ×ÔÇŁ) w C:\Users\emili\.nuget\packages\microsoft.extensions.apidescription.server\6.0.5\build\Microsoft.Extensions.ApiDescription.Server.targets (9,5)
       Ponowne przypisanie w┼éa┼Ťciwo┼Ťci: $(ProjectAssetsCacheFile)=ÔÇ×C:\Users\emili\CascadeProjects\PhotoStudioManager\PhotoStudioManager.API\obj\Debug\net8.0\PhotoStudioManager.API.assets.cacheÔÇŁ (poprzednia warto┼Ť─ç: ÔÇ×obj\Debug\net8.0\PhotoStudioManager.API.assets.cacheÔÇŁ) w C:\Program Files\dotnet\sdk\8.0.101\Sdks\Microsoft.NET.Sdk\targets\Microsoft.PackageDependencyResolution.targets (29,5)
       Ponowne przypisanie w┼éa┼Ťciwo┼Ťci: $(ResolveAssemblyReferencesDependsOn)=ÔÇ×
             
             ResolveProjectReferences;
             FindInvalidProjectReferences;
             GetFrameworkPaths;
             GetReferenceAssemblyPaths;
             PrepareForBuild;
             ResolveSDKReferences;
             ExpandSDKReferences;
           ;
             ResolvePackageDependenciesForBuild;
             _HandlePackageFileConflicts;
           ÔÇŁ (poprzednia warto┼Ť─ç: ÔÇ×
             ResolveProjectReferences;
             FindInvalidProjectReferences;
             GetFrameworkPaths;
             GetReferenceAssemblyPaths;
             PrepareForBuild;
             ResolveSDKReferences;
             ExpandSDKReferences;
           ÔÇŁ) w C:\Program Files\dotnet\sdk\8.0.101\Sdks\Microsoft.NET.Sdk\targets\Microsoft.PackageDependencyResolution.targets (80,5)
       Ponowne przypisanie w┼éa┼Ťciwo┼Ťci: $(PrepareResourcesDependsOn)=ÔÇ×
             ResolvePackageDependenciesForBuild;
             _HandlePackageFileConflicts;
             
             ;
             PrepareResourceNames;
             ResGen;
             CompileLicxFiles
           
           ÔÇŁ (poprzednia warto┼Ť─ç: ÔÇ×
             ;
             PrepareResourceNames;
             ResGen;
             CompileLicxFiles
           ÔÇŁ) w C:\Program Files\dotnet\sdk\8.0.101\Sdks\Microsoft.NET.Sdk\targets\Microsoft.PackageDependencyResolution.targets (86,5)
       Ponowne przypisanie w┼éa┼Ťciwo┼Ťci: $(DefaultItemExcludes)=ÔÇ×;**\node_modules\**;node_modules\**;**\jspm_packages\**;jspm_packages\**;**\bower_components\**;bower_components\**;bin\Debug\/**;obj\Debug\/**;bin\/**ÔÇŁ (poprzednia warto┼Ť─ç: ÔÇ×;**\node_modules\**;node_modules\**;**\jspm_packages\**;jspm_packages\**;**\bower_components\**;bower_components\**;bin\Debug\/**;obj\Debug\/**ÔÇŁ) w C:\Program Files\dotnet\sdk\8.0.101\Sdks\Microsoft.NET.Sdk\targets\Microsoft.NET.Sdk.DefaultItems.targets (27,5)
       Ponowne przypisanie w┼éa┼Ťciwo┼Ťci: $(DefaultItemExcludes)=ÔÇ×;**\node_modules\**;node_modules\**;**\jspm_packages\**;jspm_packages\**;**\bower_components\**;bower_components\**;bin\Debug\/**;obj\Debug\/**;bin\/**;obj\/**ÔÇŁ (poprzednia warto┼Ť─ç: ÔÇ×;**\node_modules\**;node_modules\**;**\jspm_packages\**;jspm_packages\**;**\bower_components\**;bower_components\**;bin\Debug\/**;obj\Debug\/**;bin\/**ÔÇŁ) w C:\Program Files\dotnet\sdk\8.0.101\Sdks\Microsoft.NET.Sdk\targets\Microsoft.NET.Sdk.DefaultItems.targets (29,5)
       Ponowne przypisanie w┼éa┼Ťciwo┼Ťci: $(DefaultItemExcludes)=ÔÇ×;**\node_modules\**;node_modules\**;**\jspm_packages\**;jspm_packages\**;**\bower_components\**;bower_components\**;bin\Debug\/**;obj\Debug\/**;bin\/**;obj\/**;**/*.userÔÇŁ (poprzednia warto┼Ť─ç: ÔÇ×;**\node_modules\**;node_modules\**;**\jspm_packages\**;jspm_packages\**;**\bower_components\**;bower_components\**;bin\Debug\/**;obj\Debug\/**;bin\/**;obj\/**ÔÇŁ) w C:\Program Files\dotnet\sdk\8.0.101\Sdks\Microsoft.NET.Sdk\targets\Microsoft.NET.Sdk.DefaultItems.targets (32,5)
       Ponowne przypisanie w┼éa┼Ťciwo┼Ťci: $(DefaultItemExcludes)=ÔÇ×;**\node_modules\**;node_modules\**;**\jspm_packages\**;jspm_packages\**;**\bower_components\**;bower_components\**;bin\Debug\/**;obj\Debug\/**;bin\/**;obj\/**;**/*.user;**/*.*projÔÇŁ (poprzednia warto┼Ť─ç: ÔÇ×;**\node_modules\**;node_modules\**;**\jspm_packages\**;jspm_packages\**;**\bower_components\**;bower_components\**;bin\Debug\/**;obj\Debug\/**;bin\/**;obj\/**;**/*.userÔÇŁ) w C:\Program Files\dotnet\sdk\8.0.101\Sdks\Microsoft.NET.Sdk\targets\Microsoft.NET.Sdk.DefaultItems.targets (33,5)
       Ponowne przypisanie w┼éa┼Ťciwo┼Ťci: $(DefaultItemExcludes)=ÔÇ×;**\node_modules\**;node_modules\**;**\jspm_packages\**;jspm_packages\**;**\bower_components\**;bower_components\**;bin\Debug\/**;obj\Debug\/**;bin\/**;obj\/**;**/*.user;**/*.*proj;**/*.slnÔÇŁ (poprzednia warto┼Ť─ç: ÔÇ×;**\node_modules\**;node_modules\**;**\jspm_packages\**;jspm_packages\**;**\bower_components\**;bower_components\**;bin\Debug\/**;obj\Debug\/**;bin\/**;obj\/**;**/*.user;**/*.*projÔÇŁ) w C:\Program Files\dotnet\sdk\8.0.101\Sdks\Microsoft.NET.Sdk\targets\Microsoft.NET.Sdk.DefaultItems.targets (34,5)
       Ponowne przypisanie w┼éa┼Ťciwo┼Ťci: $(DefaultItemExcludes)=ÔÇ×;**\node_modules\**;node_modules\**;**\jspm_packages\**;jspm_packages\**;**\bower_components\**;bower_components\**;bin\Debug\/**;obj\Debug\/**;bin\/**;obj\/**;**/*.user;**/*.*proj;**/*.sln;**/*.vsssccÔÇŁ (poprzednia warto┼Ť─ç: ÔÇ×;**\node_modules\**;node_modules\**;**\jspm_packages\**;jspm_packages\**;**\bower_components\**;bower_components\**;bin\Debug\/**;obj\Debug\/**;bin\/**;obj\/**;**/*.user;**/*.*proj;**/*.slnÔÇŁ) w C:\Program Files\dotnet\sdk\8.0.101\Sdks\Microsoft.NET.Sdk\targets\Microsoft.NET.Sdk.DefaultItems.targets (35,5)
       Ponowne przypisanie w┼éa┼Ťciwo┼Ťci: $(DefaultItemExcludes)=ÔÇ×;**\node_modules\**;node_modules\**;**\jspm_packages\**;jspm_packages\**;**\bower_components\**;bower_components\**;bin\Debug\/**;obj\Debug\/**;bin\/**;obj\/**;**/*.user;**/*.*proj;**/*.sln;**/*.vssscc;**/.DS_StoreÔÇŁ (poprzednia warto┼Ť─ç: ÔÇ×;**\node_modules\**;node_modules\**;**\jspm_packages\**;jspm_packages\**;**\bower_components\**;bower_components\**;bin\Debug\/**;obj\Debug\/**;bin\/**;obj\/**;**/*.user;**/*.*proj;**/*.sln;**/*.vsssccÔÇŁ) w C:\Program Files\dotnet\sdk\8.0.101\Sdks\Microsoft.NET.Sdk\targets\Microsoft.NET.Sdk.DefaultItems.targets (36,5)
       Ponowne przypisanie w┼éa┼Ťciwo┼Ťci: $(ResolveAssemblyReferencesDependsOn)=ÔÇ×
             
             
             ResolveProjectReferences;
             FindInvalidProjectReferences;
             GetFrameworkPaths;
             GetReferenceAssemblyPaths;
             PrepareForBuild;
             ResolveSDKReferences;
             ExpandSDKReferences;
           ;
             ResolvePackageDependenciesForBuild;
             _HandlePackageFileConflicts;
           ;
             ResolveTargetingPackAssets;
           ÔÇŁ (poprzednia warto┼Ť─ç: ÔÇ×
             
             ResolveProjectReferences;
             FindInvalidProjectReferences;
             GetFrameworkPaths;
             GetReferenceAssemblyPaths;
             PrepareForBuild;
             ResolveSDKReferences;
             ExpandSDKReferences;
           ;
             ResolvePackageDependenciesForBuild;
             _HandlePackageFileConflicts;
           ÔÇŁ) w C:\Program Files\dotnet\sdk\8.0.101\Sdks\Microsoft.NET.Sdk\targets\Microsoft.NET.Sdk.FrameworkReferenceResolution.targets (14,5)
       Ponowne przypisanie w┼éa┼Ťciwo┼Ťci: $(_GenerateRuntimeConfigurationPropertyInputsCache)=ÔÇ×C:\Users\emili\CascadeProjects\PhotoStudioManager\PhotoStudioManager.API\obj\Debug\net8.0\PhotoStudioManager.API.genruntimeconfig.cacheÔÇŁ (poprzednia warto┼Ť─ç: ÔÇ×obj\Debug\net8.0\PhotoStudioManager.API.genruntimeconfig.cacheÔÇŁ) w C:\Program Files\dotnet\sdk\8.0.101\Sdks\Microsoft.NET.Sdk\targets\Microsoft.NET.Sdk.targets (44,5)
       Ponowne przypisanie w┼éa┼Ťciwo┼Ťci: $(_GeneratePublishDependencyFilePropertyInputsCache)=ÔÇ×C:\Users\emili\CascadeProjects\PhotoStudioManager\PhotoStudioManager.API\obj\Debug\net8.0\PhotoStudioManager.API.genpublishdeps.cacheÔÇŁ (poprzednia warto┼Ť─ç: ÔÇ×obj\Debug\net8.0\PhotoStudioManager.API.genpublishdeps.cacheÔÇŁ) w C:\Program Files\dotnet\sdk\8.0.101\Sdks\Microsoft.NET.Sdk\targets\Microsoft.NET.Sdk.targets (46,5)
       Ponowne przypisanie w┼éa┼Ťciwo┼Ťci: $(_GenerateSingleFileBundlePropertyInputsCache)=ÔÇ×C:\Users\emili\CascadeProjects\PhotoStudioManager\PhotoStudioManager.API\obj\Debug\net8.0\PhotoStudioManager.API.genbundle.cacheÔÇŁ (poprzednia warto┼Ť─ç: ÔÇ×obj\Debug\net8.0\PhotoStudioManager.API.genbundle.cacheÔÇŁ) w C:\Program Files\dotnet\sdk\8.0.101\Sdks\Microsoft.NET.Sdk\targets\Microsoft.NET.Sdk.targets (48,5)
       Ponowne przypisanie w┼éa┼Ťciwo┼Ťci: $(GenerateRuntimeConfigDevFile)=ÔÇ×falseÔÇŁ (poprzednia warto┼Ť─ç: ÔÇ×trueÔÇŁ) w C:\Program Files\dotnet\sdk\8.0.101\Sdks\Microsoft.NET.Sdk\targets\Microsoft.NET.Sdk.targets (81,5)
       Ponowne przypisanie w┼éa┼Ťciwo┼Ťci: $(_DefaultUserProfileRuntimeStorePath)=ÔÇ×C:\Users\emiliÔÇŁ (poprzednia warto┼Ť─ç: ÔÇ×ÔÇŁ) w C:\Program Files\dotnet\sdk\8.0.101\Sdks\Microsoft.NET.Sdk\targets\Microsoft.NET.Sdk.targets (97,5)
       Ponowne przypisanie w┼éa┼Ťciwo┼Ťci: $(_DefaultUserProfileRuntimeStorePath)=ÔÇ×C:\Users\emili\.dotnet\storeÔÇŁ (poprzednia warto┼Ť─ç: ÔÇ×C:\Users\emiliÔÇŁ) w C:\Program Files\dotnet\sdk\8.0.101\Sdks\Microsoft.NET.Sdk\targets\Microsoft.NET.Sdk.targets (98,5)
       Ponowne przypisanie w┼éa┼Ťciwo┼Ťci: $(AvailablePlatforms)=ÔÇ×Any CPU,x86,x64,ARM32ÔÇŁ (poprzednia warto┼Ť─ç: ÔÇ×Any CPU,x86,x64ÔÇŁ) w C:\Program Files\dotnet\sdk\8.0.101\Sdks\Microsoft.NET.Sdk\targets\Microsoft.NET.Sdk.targets (136,5)
       Ponowne przypisanie w┼éa┼Ťciwo┼Ťci: $(AvailablePlatforms)=ÔÇ×Any CPU,x86,x64,ARM32,ARM64ÔÇŁ (poprzednia warto┼Ť─ç: ÔÇ×Any CPU,x86,x64,ARM32ÔÇŁ) w C:\Program Files\dotnet\sdk\8.0.101\Sdks\Microsoft.NET.Sdk\targets\Microsoft.NET.Sdk.targets (140,5)
       Ponowne przypisanie w┼éa┼Ťciwo┼Ťci: $(CoreBuildDependsOn)=ÔÇ×
             _CheckForBuildWithNoBuild;
             
             BuildOnlySettings;
             PrepareForBuild;
             PreBuildEvent;
             ResolveReferences;
             PrepareResources;
             ResolveKeySource;
             Compile;
             ExportWindowsMDFile;
             UnmanagedUnregistration;
             GenerateSerializationAssemblies;
             CreateSatelliteAssemblies;
             GenerateManifests;
             GetTargetPath;
             PrepareForRun;
             UnmanagedRegistration;
             IncrementalClean;
             PostBuildEvent
           ;
             GenerateBuildDependencyFile;
             GenerateBuildRuntimeConfigurationFiles
           ÔÇŁ (poprzednia warto┼Ť─ç: ÔÇ×
             BuildOnlySettings;
             PrepareForBuild;
             PreBuildEvent;
             ResolveReferences;
             PrepareResources;
             ResolveKeySource;
             Compile;
             ExportWindowsMDFile;
             UnmanagedUnregistration;
             GenerateSerializationAssemblies;
             CreateSatelliteAssemblies;
             GenerateManifests;
             GetTargetPath;
             PrepareForRun;
             UnmanagedRegistration;
             IncrementalClean;
             PostBuildEvent
           ÔÇŁ) w C:\Program Files\dotnet\sdk\8.0.101\Sdks\Microsoft.NET.Sdk\targets\Microsoft.NET.Sdk.targets (197,5)
       Ponowne przypisanie w┼éa┼Ťciwo┼Ťci: $(CoreCleanDependsOn)=ÔÇ×
             _SdkBeforeClean;
             
           ÔÇŁ (poprzednia warto┼Ť─ç: ÔÇ×ÔÇŁ) w C:\Program Files\dotnet\sdk\8.0.101\Sdks\Microsoft.NET.Sdk\targets\Microsoft.NET.Sdk.targets (206,5)
       Ponowne przypisanie w┼éa┼Ťciwo┼Ťci: $(RebuildDependsOn)=ÔÇ×
             _SdkBeforeRebuild;
             
             BeforeRebuild;
             Clean;
             Build;
             AfterRebuild;
           
           ÔÇŁ (poprzednia warto┼Ť─ç: ÔÇ×
             BeforeRebuild;
             Clean;
             Build;
             AfterRebuild;
           ÔÇŁ) w C:\Program Files\dotnet\sdk\8.0.101\Sdks\Microsoft.NET.Sdk\targets\Microsoft.NET.Sdk.targets (213,5)
       Ponowne przypisanie w┼éa┼Ťciwo┼Ťci: $(CompileDependsOn)=ÔÇ×
             
             ResolveReferences;
             ResolveKeySource;
             SetWin32ManifestProperties;
             FindReferenceAssembliesForReferences;
             _GenerateCompileInputs;
             BeforeCompile;
             _TimeStampBeforeCompile;
             _GenerateCompileDependencyCache;
             CoreCompile;
             _TimeStampAfterCompile;
             AfterCompile;
           ;
             _CreateAppHost;
             _CreateComHost;
             _GetIjwHostPaths;
           ÔÇŁ (poprzednia warto┼Ť─ç: ÔÇ×
             ResolveReferences;
             ResolveKeySource;
             SetWin32ManifestProperties;
             FindReferenceAssembliesForReferences;
             _GenerateCompileInputs;
             BeforeCompile;
             _TimeStampBeforeCompile;
             _GenerateCompileDependencyCache;
             CoreCompile;
             _TimeStampAfterCompile;
             AfterCompile;
           ÔÇŁ) w C:\Program Files\dotnet\sdk\8.0.101\Sdks\Microsoft.NET.Sdk\targets\Microsoft.NET.Sdk.targets (679,5)
       Ponowne przypisanie w┼éa┼Ťciwo┼Ťci: $(CreateSatelliteAssembliesDependsOn)=ÔÇ×
             
             _GenerateSatelliteAssemblyInputs;
             ComputeIntermediateSatelliteAssemblies;
             GenerateSatelliteAssemblies
           ;
             CoreGenerateSatelliteAssemblies
           ÔÇŁ (poprzednia warto┼Ť─ç: ÔÇ×
             _GenerateSatelliteAssemblyInputs;
             ComputeIntermediateSatelliteAssemblies;
             GenerateSatelliteAssemblies
           ÔÇŁ) w C:\Program Files\dotnet\sdk\8.0.101\Sdks\Microsoft.NET.Sdk\targets\Microsoft.NET.Sdk.targets (1065,5)
       Ponowne przypisanie w┼éa┼Ťciwo┼Ťci: $(SourceLinkUrlInitializerTargets)=ÔÇ×;_InitializeGitHubSourceLinkUrl;_InitializeGitLabSourceLinkUrlÔÇŁ (poprzednia warto┼Ť─ç: ÔÇ×;_InitializeGitHubSourceLinkUrlÔÇŁ) w C:\Program Files\dotnet\sdk\8.0.101\Sdks\Microsoft.SourceLink.GitLab\build\Microsoft.SourceLink.GitLab.targets (12,5)
       Ponowne przypisanie w┼éa┼Ťciwo┼Ťci: $(SourceControlManagerUrlTranslationTargets)=ÔÇ×;TranslateGitHubUrlsInSourceControlInformation;TranslateGitLabUrlsInSourceControlInformationÔÇŁ (poprzednia warto┼Ť─ç: ÔÇ×;TranslateGitHubUrlsInSourceControlInformationÔÇŁ) w C:\Program Files\dotnet\sdk\8.0.101\Sdks\Microsoft.SourceLink.GitLab\build\Microsoft.SourceLink.GitLab.targets (13,5)
       Ponowne przypisanie w┼éa┼Ťciwo┼Ťci: $(SourceLinkUrlInitializerTargets)=ÔÇ×;_InitializeGitHubSourceLinkUrl;_InitializeGitLabSourceLinkUrl;_InitializeAzureReposGitSourceLinkUrlÔÇŁ (poprzednia warto┼Ť─ç: ÔÇ×;_InitializeGitHubSourceLinkUrl;_InitializeGitLabSourceLinkUrlÔÇŁ) w C:\Program Files\dotnet\sdk\8.0.101\Sdks\Microsoft.SourceLink.AzureRepos.Git\build\Microsoft.SourceLink.AzureRepos.Git.targets (12,5)
       Ponowne przypisanie w┼éa┼Ťciwo┼Ťci: $(SourceControlManagerUrlTranslationTargets)=ÔÇ×;TranslateGitHubUrlsInSourceControlInformation;TranslateGitLabUrlsInSourceControlInformation;TranslateAzureReposGitUrlsInSourceControlInformationÔÇŁ (poprzednia warto┼Ť─ç: ÔÇ×;TranslateGitHubUrlsInSourceControlInformation;TranslateGitLabUrlsInSourceControlInformationÔÇŁ) w C:\Program Files\dotnet\sdk\8.0.101\Sdks\Microsoft.SourceLink.AzureRepos.Git\build\Microsoft.SourceLink.AzureRepos.Git.targets (13,5)
       Ponowne przypisanie w┼éa┼Ťciwo┼Ťci: $(SourceLinkUrlInitializerTargets)=ÔÇ×;_InitializeGitHubSourceLinkUrl;_InitializeGitLabSourceLinkUrl;_InitializeAzureReposGitSourceLinkUrl;_InitializeBitbucketGitSourceLinkUrlÔÇŁ (poprzednia warto┼Ť─ç: ÔÇ×;_InitializeGitHubSourceLinkUrl;_InitializeGitLabSourceLinkUrl;_InitializeAzureReposGitSourceLinkUrlÔÇŁ) w C:\Program Files\dotnet\sdk\8.0.101\Sdks\Microsoft.SourceLink.Bitbucket.Git\build\Microsoft.SourceLink.Bitbucket.Git.targets (12,5)
       Ponowne przypisanie w┼éa┼Ťciwo┼Ťci: $(SourceControlManagerUrlTranslationTargets)=ÔÇ×;TranslateGitHubUrlsInSourceControlInformation;TranslateGitLabUrlsInSourceControlInformation;TranslateAzureReposGitUrlsInSourceControlInformation;TranslateBitbucketGitUrlsInSourceControlInformationÔÇŁ (poprzednia warto┼Ť─ç: ÔÇ×;TranslateGitHubUrlsInSourceControlInformation;TranslateGitLabUrlsInSourceControlInformation;TranslateAzureReposGitUrlsInSourceControlInformationÔÇŁ) w C:\Program Files\dotnet\sdk\8.0.101\Sdks\Microsoft.SourceLink.Bitbucket.Git\build\Microsoft.SourceLink.Bitbucket.Git.targets (13,5)
       Ponowne przypisanie w┼éa┼Ťciwo┼Ťci: $(DesignerRuntimeImplementationProjectOutputGroupDependsOn)=ÔÇ×
             
             ;
             
             ;
             BuildOnlySettings;
             PrepareForBuild;
             AssignTargetPaths;
             ResolveReferences
           
           ;
             _GenerateDesignerDepsFile;
             _GenerateDesignerRuntimeConfigFile;
             GetCopyToOutputDirectoryItems;
             _GatherDesignerShadowCopyFiles;
           ÔÇŁ (poprzednia warto┼Ť─ç: ÔÇ×
             ;
             
             ;
             BuildOnlySettings;
             PrepareForBuild;
             AssignTargetPaths;
             ResolveReferences
           
           ÔÇŁ) w C:\Program Files\dotnet\sdk\8.0.101\Sdks\Microsoft.NET.Sdk\targets\Microsoft.NET.DesignerSupport.targets (21,5)
       Ponowne przypisanie w┼éa┼Ťciwo┼Ťci: $(_GenerateToolsSettingsFileCacheFile)=ÔÇ×C:\Users\emili\CascadeProjects\PhotoStudioManager\PhotoStudioManager.API\obj\Debug\net8.0\PhotoStudioManager.API.toolssettingsinput.cacheÔÇŁ (poprzednia warto┼Ť─ç: ÔÇ×obj\Debug\net8.0\PhotoStudioManager.API.toolssettingsinput.cacheÔÇŁ) w C:\Program Files\dotnet\sdk\8.0.101\Sdks\Microsoft.NET.Sdk\targets\Microsoft.NET.PackTool.targets (68,5)
       Ponowne przypisanie w┼éa┼Ťciwo┼Ťci: $(_ShimInputCacheFile)=ÔÇ×C:\Users\emili\CascadeProjects\PhotoStudioManager\PhotoStudioManager.API\obj\Debug\net8.0\PhotoStudioManager.API.shiminput.cacheÔÇŁ (poprzednia warto┼Ť─ç: ÔÇ×obj\Debug\net8.0\PhotoStudioManager.API.shiminput.cacheÔÇŁ) w C:\Program Files\dotnet\sdk\8.0.101\Sdks\Microsoft.NET.Sdk\targets\Microsoft.NET.PackTool.targets (137,5)
       Ponowne przypisanie w┼éa┼Ťciwo┼Ťci: $(_ShimCreatedSentinelFile)=ÔÇ×C:\Users\emili\CascadeProjects\PhotoStudioManager\PhotoStudioManager.API\obj\Debug\net8.0\PhotoStudioManager.API.shimcreated.sentinelÔÇŁ (poprzednia warto┼Ť─ç: ÔÇ×obj\Debug\net8.0\PhotoStudioManager.API.shimcreated.sentinelÔÇŁ) w C:\Program Files\dotnet\sdk\8.0.101\Sdks\Microsoft.NET.Sdk\targets\Microsoft.NET.PackTool.targets (139,5)
       Ponowne przypisanie w┼éa┼Ťciwo┼Ťci: $(DefineConstants)=ÔÇ×TRACE;DEBUGÔÇŁ (poprzednia warto┼Ť─ç: ÔÇ×TRACEÔÇŁ) w C:\Program Files\dotnet\sdk\8.0.101\Sdks\Microsoft.NET.Sdk\targets\Microsoft.NET.Sdk.CSharp.targets (31,5)
       Ponowne przypisanie w┼éa┼Ťciwo┼Ťci: $(DefineConstants)=ÔÇ×TRACE;DEBUG;NET;NET8_0;NETCOREAPPÔÇŁ (poprzednia warto┼Ť─ç: ÔÇ×TRACE;DEBUGÔÇŁ) w C:\Program Files\dotnet\sdk\8.0.101\Sdks\Microsoft.NET.Sdk\targets\Microsoft.NET.Sdk.CSharp.targets (34,5)
       Ponowne przypisanie w┼éa┼Ťciwo┼Ťci: $(WarningsAsErrors)=ÔÇ×;NU1605;SYSLIB0011ÔÇŁ (poprzednia warto┼Ť─ç: ÔÇ×;NU1605ÔÇŁ) w C:\Program Files\dotnet\sdk\8.0.101\Sdks\Microsoft.NET.Sdk\targets\Microsoft.NET.Sdk.CSharp.targets (48,5)
       Ponowne przypisanie w┼éa┼Ťciwo┼Ťci: $(PackageDescription)=ÔÇ×Package DescriptionÔÇŁ (poprzednia warto┼Ť─ç: ÔÇ×ÔÇŁ) w C:\Program Files\dotnet\sdk\8.0.101\Sdks\NuGet.Build.Tasks.Pack\build\NuGet.Build.Tasks.Pack.targets (34,5)
       Ponowne przypisanie w┼éa┼Ťciwo┼Ťci: $(GenerateNuspecDependsOn)=ÔÇ×Build;_LoadPackInputItems; _GetTargetFrameworksOutput; _WalkEachTargetPerFramework; _GetPackageFiles; ÔÇŁ (poprzednia warto┼Ť─ç: ÔÇ×_LoadPackInputItems; _GetTargetFrameworksOutput; _WalkEachTargetPerFramework; _GetPackageFiles; ÔÇŁ) w C:\Program Files\dotnet\sdk\8.0.101\Sdks\NuGet.Build.Tasks.Pack\build\NuGet.Build.Tasks.Pack.targets (59,5)
       W┼éa┼Ťciwo┼Ť─ç ÔÇ×DOTNET_HOST_PATHÔÇŁ o warto┼Ťci ÔÇ×C:\Program Files\dotnet\dotnet.exeÔÇŁ rozwini─Öto ze ┼Ťrodowiska.
       Ponowne przypisanie w┼éa┼Ťciwo┼Ťci: $(PrepareForRunDependsOn)=ÔÇ×StaticWebAssetsPrepareForRun;
             CopyFilesToOutputDirectory
           ÔÇŁ (poprzednia warto┼Ť─ç: ÔÇ×
             CopyFilesToOutputDirectory
           ÔÇŁ) w C:\Program Files\dotnet\sdk\8.0.101\Sdks\Microsoft.NET.Sdk.StaticWebAssets\targets\Microsoft.NET.Sdk.StaticWebAssets.targets (255,5)
       Ponowne przypisanie w┼éa┼Ťciwo┼Ťci: $(GetCopyToOutputDirectoryItemsDependsOn)=ÔÇ×
             AssignTargetPaths;
             
             AssignProjectConfiguration;
             _SplitProjectReferencesByFileExistence
           ;
             _GetProjectReferenceTargetFrameworkProperties;
             _PopulateCommonStateForGetCopyToOutputDirectoryItems
           ;AddStaticWebAssetsManifestÔÇŁ (poprzednia warto┼Ť─ç: ÔÇ×
             AssignTargetPaths;
             
             AssignProjectConfiguration;
             _SplitProjectReferencesByFileExistence
           ;
             _GetProjectReferenceTargetFrameworkProperties;
             _PopulateCommonStateForGetCopyToOutputDirectoryItems
           ÔÇŁ) w C:\Program Files\dotnet\sdk\8.0.101\Sdks\Microsoft.NET.Sdk.StaticWebAssets\targets\Microsoft.NET.Sdk.StaticWebAssets.targets (266,5)
       Ponowne przypisanie w┼éa┼Ťciwo┼Ťci: $(GenerateNuspecDependsOn)=ÔÇ×
             IncludeStaticWebAssetsPackItems;
             Build;_LoadPackInputItems; _GetTargetFrameworksOutput; _WalkEachTargetPerFramework; _GetPackageFiles; ;
           ÔÇŁ (poprzednia warto┼Ť─ç: ÔÇ×Build;_LoadPackInputItems; _GetTargetFrameworksOutput; _WalkEachTargetPerFramework; _GetPackageFiles; ÔÇŁ) w C:\Program Files\dotnet\sdk\8.0.101\Sdks\Microsoft.NET.Sdk.StaticWebAssets\targets\Microsoft.NET.Sdk.StaticWebAssets.Pack.targets (41,5)
       Ponowne przypisanie w┼éa┼Ťciwo┼Ťci: $(IncludeStaticWebAssetsPackItemsDependsOn)=ÔÇ×
             Build;
             ResolveStaticWebAssetsConfiguration;LoadStaticWebAssetsBuildManifest
           ;
           ÔÇŁ (poprzednia warto┼Ť─ç: ÔÇ×
             ResolveStaticWebAssetsConfiguration;LoadStaticWebAssetsBuildManifest
           ÔÇŁ) w C:\Program Files\dotnet\sdk\8.0.101\Sdks\Microsoft.NET.Sdk.StaticWebAssets\targets\Microsoft.NET.Sdk.StaticWebAssets.Pack.targets (50,5)
       Ponowne przypisanie w┼éa┼Ťciwo┼Ťci: $(ResolveStaticWebAssetsInputsDependsOn)=ÔÇ×
           UpdateExistingPackageStaticWebAssets;ResolveProjectStaticWebAssets;ResolveEmbeddedProjectsStaticWebAssets;ResolveReferencedProjectsStaticWebAssets;;
           UpdateLegacyPackageScopedCssBundles;
           _AddScopedCssBundles;
         ÔÇŁ (poprzednia warto┼Ť─ç: ÔÇ×UpdateExistingPackageStaticWebAssets;ResolveProjectStaticWebAssets;ResolveEmbeddedProjectsStaticWebAssets;ResolveReferencedProjectsStaticWebAssets;ÔÇŁ) w C:\Program Files\dotnet\sdk\8.0.101\Sdks\Microsoft.NET.Sdk.StaticWebAssets\targets\Microsoft.NET.Sdk.StaticWebAssets.ScopedCss.targets (55,3)
       Ponowne przypisanie w┼éa┼Ťciwo┼Ťci: $(GenerateComputedBuildStaticWebAssetsDependsOn)=ÔÇ×
           ;
           _ResolveBundlingConfiguration;
           _GenerateScopedCssFiles;
           BundleScopedCssFiles;
         ÔÇŁ (poprzednia warto┼Ť─ç: ÔÇ×ÔÇŁ) w C:\Program Files\dotnet\sdk\8.0.101\Sdks\Microsoft.NET.Sdk.StaticWebAssets\targets\Microsoft.NET.Sdk.StaticWebAssets.ScopedCss.targets (61,3)
       Ponowne przypisanie w┼éa┼Ťciwo┼Ťci: $(ResolveStaticWebAssetsInputsDependsOn)=ÔÇ×
             
           UpdateExistingPackageStaticWebAssets;ResolveProjectStaticWebAssets;ResolveEmbeddedProjectsStaticWebAssets;ResolveReferencedProjectsStaticWebAssets;;
           UpdateLegacyPackageScopedCssBundles;
           _AddScopedCssBundles;
         ;
             _AddJsModulesToStaticWebAssets;
           ÔÇŁ (poprzednia warto┼Ť─ç: ÔÇ×
           UpdateExistingPackageStaticWebAssets;ResolveProjectStaticWebAssets;ResolveEmbeddedProjectsStaticWebAssets;ResolveReferencedProjectsStaticWebAssets;;
           UpdateLegacyPackageScopedCssBundles;
           _AddScopedCssBundles;
         ÔÇŁ) w C:\Program Files\dotnet\sdk\8.0.101\Sdks\Microsoft.NET.Sdk.StaticWebAssets\targets\Microsoft.NET.Sdk.StaticWebAssets.JSModules.targets (36,5)
       Ponowne przypisanie w┼éa┼Ťciwo┼Ťci: $(StaticWebAssetsPrepareForRunDependsOn)=ÔÇ×
             ;GenerateStaticWebAssetsManifest;GenerateComputedBuildStaticWebAssets;CopyStaticWebAssetsToOutputDirectory;
             _GenerateBuildJsModuleManifest;
           ÔÇŁ (poprzednia warto┼Ť─ç: ÔÇ×;GenerateStaticWebAssetsManifest;GenerateComputedBuildStaticWebAssets;CopyStaticWebAssetsToOutputDirectoryÔÇŁ) w C:\Program Files\dotnet\sdk\8.0.101\Sdks\Microsoft.NET.Sdk.StaticWebAssets\targets\Microsoft.NET.Sdk.StaticWebAssets.JSModules.targets (44,5)
       Ponowne przypisanie w┼éa┼Ťciwo┼Ťci: $(StaticWebAssetsPrepareForPublishDependsOn)=ÔÇ×
             ;ResolveStaticWebAssetsConfiguration;GenerateStaticWebAssetsPublishManifest;GenerateComputedPublishStaticWebAssets;
             _GeneratePublishJsModuleManifest;
           ÔÇŁ (poprzednia warto┼Ť─ç: ÔÇ×;ResolveStaticWebAssetsConfiguration;GenerateStaticWebAssetsPublishManifest;GenerateComputedPublishStaticWebAssetsÔÇŁ) w C:\Program Files\dotnet\sdk\8.0.101\Sdks\Microsoft.NET.Sdk.StaticWebAssets\targets\Microsoft.NET.Sdk.StaticWebAssets.JSModules.targets (49,5)
       Ponowne przypisanie w┼éa┼Ťciwo┼Ťci: $(ResolveStaticWebAssetsInputsDependsOn)=ÔÇ×
             
             
           UpdateExistingPackageStaticWebAssets;ResolveProjectStaticWebAssets;ResolveEmbeddedProjectsStaticWebAssets;ResolveReferencedProjectsStaticWebAssets;;
           UpdateLegacyPackageScopedCssBundles;
           _AddScopedCssBundles;
         ;
             _AddJsModulesToStaticWebAssets;
           ;
             _AddBuildJsModuleManifest;
           ÔÇŁ (poprzednia warto┼Ť─ç: ÔÇ×
             
           UpdateExistingPackageStaticWebAssets;ResolveProjectStaticWebAssets;ResolveEmbeddedProjectsStaticWebAssets;ResolveReferencedProjectsStaticWebAssets;;
           UpdateLegacyPackageScopedCssBundles;
           _AddScopedCssBundles;
         ;
             _AddJsModulesToStaticWebAssets;
           ÔÇŁ) w C:\Program Files\dotnet\sdk\8.0.101\Sdks\Microsoft.NET.Sdk.StaticWebAssets\targets\Microsoft.NET.Sdk.StaticWebAssets.JSModules.targets (54,5)
       Ponowne przypisanie w┼éa┼Ťciwo┼Ťci: $(ResolvePublishStaticWebAssetsDependsOn)=ÔÇ×
             LoadStaticWebAssetsBuildManifest;ComputeReferencedProjectsEmbeddedPublishAssets;ComputeReferencedProjectsPublishAssets;;
             _AddPublishJsModuleManifest
           ÔÇŁ (poprzednia warto┼Ť─ç: ÔÇ×LoadStaticWebAssetsBuildManifest;ComputeReferencedProjectsEmbeddedPublishAssets;ComputeReferencedProjectsPublishAssets;ÔÇŁ) w C:\Program Files\dotnet\sdk\8.0.101\Sdks\Microsoft.NET.Sdk.StaticWebAssets\targets\Microsoft.NET.Sdk.StaticWebAssets.JSModules.targets (59,5)
       Ponowne przypisanie w┼éa┼Ťciwo┼Ťci: $(GenerateComputedBuildStaticWebAssetsDependsOn)=ÔÇ×
             
           ;
           _ResolveBundlingConfiguration;
           _GenerateScopedCssFiles;
           BundleScopedCssFiles;
         ;
             _CompressFiles;
           ÔÇŁ (poprzednia warto┼Ť─ç: ÔÇ×
           ;
           _ResolveBundlingConfiguration;
           _GenerateScopedCssFiles;
           BundleScopedCssFiles;
         ÔÇŁ) w C:\Program Files\dotnet\sdk\8.0.101\Sdks\Microsoft.NET.Sdk.StaticWebAssets\targets\Microsoft.NET.Sdk.StaticWebAssets.Compression.targets (35,5)
       Ponowne przypisanie w┼éa┼Ťciwo┼Ťci: $(GenerateComputedPublishStaticWebAssetsDependsOn)=ÔÇ×
             ;
             _CompressFilesForPublish;
           ÔÇŁ (poprzednia warto┼Ť─ç: ÔÇ×ÔÇŁ) w C:\Program Files\dotnet\sdk\8.0.101\Sdks\Microsoft.NET.Sdk.StaticWebAssets\targets\Microsoft.NET.Sdk.StaticWebAssets.Compression.targets (39,5)
       Ponowne przypisanie w┼éa┼Ťciwo┼Ťci: $(StaticWebAssetsPrepareForPublishDependsOn)=ÔÇ×
             
             ;ResolveStaticWebAssetsConfiguration;GenerateStaticWebAssetsPublishManifest;GenerateComputedPublishStaticWebAssets;
             _GeneratePublishJsModuleManifest;
           ;
             _CompressFilesForPublish;
           ÔÇŁ (poprzednia warto┼Ť─ç: ÔÇ×
             ;ResolveStaticWebAssetsConfiguration;GenerateStaticWebAssetsPublishManifest;GenerateComputedPublishStaticWebAssets;
             _GeneratePublishJsModuleManifest;
           ÔÇŁ) w C:\Program Files\dotnet\sdk\8.0.101\Sdks\Microsoft.NET.Sdk.StaticWebAssets\targets\Microsoft.NET.Sdk.StaticWebAssets.Compression.targets (43,5)
       Ponowne przypisanie w┼éa┼Ťciwo┼Ťci: $(ResolveStaticWebAssetsInputsDependsOn)=ÔÇ×
             
             
             
           UpdateExistingPackageStaticWebAssets;ResolveProjectStaticWebAssets;ResolveEmbeddedProjectsStaticWebAssets;ResolveReferencedProjectsStaticWebAssets;;
           UpdateLegacyPackageScopedCssBundles;
           _AddScopedCssBundles;
         ;
             _AddJsModulesToStaticWebAssets;
           ;
             _AddBuildJsModuleManifest;
           ;
             _ResolveCompressedFiles;
           ÔÇŁ (poprzednia warto┼Ť─ç: ÔÇ×
             
             
           UpdateExistingPackageStaticWebAssets;ResolveProjectStaticWebAssets;ResolveEmbeddedProjectsStaticWebAssets;ResolveReferencedProjectsStaticWebAssets;;
           UpdateLegacyPackageScopedCssBundles;
           _AddScopedCssBundles;
         ;
             _AddJsModulesToStaticWebAssets;
           ;
             _AddBuildJsModuleManifest;
           ÔÇŁ) w C:\Program Files\dotnet\sdk\8.0.101\Sdks\Microsoft.NET.Sdk.StaticWebAssets\targets\Microsoft.NET.Sdk.StaticWebAssets.Compression.targets (47,5)
       Ponowne przypisanie w┼éa┼Ťciwo┼Ťci: $(ResolvePublishStaticWebAssetsDependsOn)=ÔÇ×
             
             LoadStaticWebAssetsBuildManifest;ComputeReferencedProjectsEmbeddedPublishAssets;ComputeReferencedProjectsPublishAssets;;
             _AddPublishJsModuleManifest
           ;
             _ResolveCompressedFilesForPublish;
           ÔÇŁ (poprzednia warto┼Ť─ç: ÔÇ×
             LoadStaticWebAssetsBuildManifest;ComputeReferencedProjectsEmbeddedPublishAssets;ComputeReferencedProjectsPublishAssets;;
             _AddPublishJsModuleManifest
           ÔÇŁ) w C:\Program Files\dotnet\sdk\8.0.101\Sdks\Microsoft.NET.Sdk.StaticWebAssets\targets\Microsoft.NET.Sdk.StaticWebAssets.Compression.targets (51,5)
       Ponowne przypisanie w┼éa┼Ťciwo┼Ťci: $(ResolveScopedCssOutputsDependsOn)=ÔÇ×
             
           ;
         ;
             ResolveCssScopes;
           ÔÇŁ (poprzednia warto┼Ť─ç: ÔÇ×
           ;
         ÔÇŁ) w C:\Program Files\dotnet\sdk\8.0.101\Sdks\Microsoft.NET.Sdk.Razor\targets\Sdk.Razor.CurrentVersion.targets (188,5)
       Ponowne przypisanie w┼éa┼Ťciwo┼Ťci: $(DebugSymbolsProjectOutputGroupDependsOn)=ÔÇ×
             ;
             _RazorAddDebugSymbolsProjectOutputGroupOutput
           ÔÇŁ (poprzednia warto┼Ť─ç: ÔÇ×ÔÇŁ) w C:\Program Files\dotnet\sdk\8.0.101\Sdks\Microsoft.NET.Sdk.Razor\targets\Sdk.Razor.CurrentVersion.targets (193,5)
       Ponowne przypisanie w┼éa┼Ťciwo┼Ťci: $(PrepareForBuildDependsOn)=ÔÇ×
             ;GetFrameworkPaths;GetReferenceAssemblyPaths;AssignLinkMetadata;
             ResolveRazorGenerateInputs
           ÔÇŁ (poprzednia warto┼Ť─ç: ÔÇ×;GetFrameworkPaths;GetReferenceAssemblyPaths;AssignLinkMetadataÔÇŁ) w C:\Program Files\dotnet\sdk\8.0.101\Sdks\Microsoft.NET.Sdk.Razor\targets\Sdk.Razor.CurrentVersion.targets (198,5)
       Ponowne przypisanie w┼éa┼Ťciwo┼Ťci: $(GenerateNuspecDependsOn)=ÔÇ×
             ResolveRazorGenerateInputs;
             
             IncludeStaticWebAssetsPackItems;
             Build;_LoadPackInputItems; _GetTargetFrameworksOutput; _WalkEachTargetPerFramework; _GetPackageFiles; ;
           
           ÔÇŁ (poprzednia warto┼Ť─ç: ÔÇ×
             IncludeStaticWebAssetsPackItems;
             Build;_LoadPackInputItems; _GetTargetFrameworksOutput; _WalkEachTargetPerFramework; _GetPackageFiles; ;
           ÔÇŁ) w C:\Program Files\dotnet\sdk\8.0.101\Sdks\Microsoft.NET.Sdk.Razor\targets\Sdk.Razor.CurrentVersion.targets (203,5)
       Ponowne przypisanie w┼éa┼Ťciwo┼Ťci: $(PrepareForRunDependsOn)=ÔÇ×
             _RazorPrepareForRun;
             StaticWebAssetsPrepareForRun;
             CopyFilesToOutputDirectory
           
           ÔÇŁ (poprzednia warto┼Ť─ç: ÔÇ×StaticWebAssetsPrepareForRun;
             CopyFilesToOutputDirectory
           ÔÇŁ) w C:\Program Files\dotnet\sdk\8.0.101\Sdks\Microsoft.NET.Sdk.Razor\targets\Sdk.Razor.CurrentVersion.targets (208,5)
       Ponowne przypisanie w┼éa┼Ťciwo┼Ťci: $(UseRazorBuildServer)=ÔÇ×trueÔÇŁ (poprzednia warto┼Ť─ç: ÔÇ×ÔÇŁ) w C:\Program Files\dotnet\sdk\8.0.101\Sdks\Microsoft.NET.Sdk.Razor\targets\Sdk.Razor.CurrentVersion.targets (299,5)
       Ponowne przypisanie w┼éa┼Ťciwo┼Ťci: $(_RazorDebugSymbolsProduced)=ÔÇ×trueÔÇŁ (poprzednia warto┼Ť─ç: ÔÇ×falseÔÇŁ) w C:\Program Files\dotnet\sdk\8.0.101\Sdks\Microsoft.NET.Sdk.Razor\targets\Sdk.Razor.CurrentVersion.targets (305,5)
       Ponowne przypisanie w┼éa┼Ťciwo┼Ťci: $(GenerateRazorTargetAssemblyInfoDependsOn)=ÔÇ×
             _ResolveMvcAssemblyAttributes;
             
             GetRazorTargetAssemblyAttributes;
             _CreateRazorTargetAssemblyInfoInputsCacheFile;
             CoreGenerateRazorTargetAssemblyInfo
           
           ÔÇŁ (poprzednia warto┼Ť─ç: ÔÇ×
             GetRazorTargetAssemblyAttributes;
             _CreateRazorTargetAssemblyInfoInputsCacheFile;
             CoreGenerateRazorTargetAssemblyInfo
           ÔÇŁ) w C:\Program Files\dotnet\sdk\8.0.101\Sdks\Microsoft.NET.Sdk.Razor\targets\Microsoft.NET.Sdk.Razor.GenerateAssemblyInfo.targets (36,5)
       Ponowne przypisanie w┼éa┼Ťciwo┼Ťci: $(CoreCompileDependsOn)=ÔÇ×
             ;_ComputeNonExistentFileProperty;ResolveCodeAnalysisRuleSet;
             _GenerateRazorAssemblyInfo
           ÔÇŁ (poprzednia warto┼Ť─ç: ÔÇ×;_ComputeNonExistentFileProperty;ResolveCodeAnalysisRuleSetÔÇŁ) w C:\Program Files\dotnet\sdk\8.0.101\Sdks\Microsoft.NET.Sdk.Razor\targets\Microsoft.NET.Sdk.Razor.GenerateAssemblyInfo.targets (181,5)
       Ponowne przypisanie w┼éa┼Ťciwo┼Ťci: $(_GenerateRazorAssemblyInfoDependsOn)=ÔÇ×
             _ResolveMvcAssemblyAttributes;
             RazorGetAssemblyAttributes;PrepareForBuild;_CoreGenerateRazorAssemblyInfo;
           ÔÇŁ (poprzednia warto┼Ť─ç: ÔÇ×RazorGetAssemblyAttributes;PrepareForBuild;_CoreGenerateRazorAssemblyInfoÔÇŁ) w C:\Program Files\dotnet\sdk\8.0.101\Sdks\Microsoft.NET.Sdk.Razor\targets\Microsoft.NET.Sdk.Razor.GenerateAssemblyInfo.targets (189,5)
       Ponowne przypisanie w┼éa┼Ťciwo┼Ťci: $(CoreCompileDependsOn)=ÔÇ×
             _DiscoverMvcApplicationParts;
             
             ;_ComputeNonExistentFileProperty;ResolveCodeAnalysisRuleSet;
             _GenerateRazorAssemblyInfo
           ;
           ÔÇŁ (poprzednia warto┼Ť─ç: ÔÇ×
             ;_ComputeNonExistentFileProperty;ResolveCodeAnalysisRuleSet;
             _GenerateRazorAssemblyInfo
           ÔÇŁ) w C:\Program Files\dotnet\sdk\8.0.101\Sdks\Microsoft.NET.Sdk.Razor\targets\Microsoft.NET.Sdk.Razor.MvcApplicationPartsDiscovery.targets (22,5)
       Ponowne przypisanie w┼éa┼Ťciwo┼Ťci: $(RazorDesignTimeTargets)=ÔÇ×C:\Program Files\dotnet\sdk\8.0.101\Sdks\Microsoft.NET.Sdk.Razor\targets\Microsoft.NET.Sdk.Razor.DesignTime.targetsÔÇŁ (poprzednia warto┼Ť─ç: ÔÇ×C:\Program Files\dotnet\sdk\8.0.101\\Microsoft\VisualStudio\Razor\Microsoft.NET.Sdk.Razor.DesignTime.targetsÔÇŁ) w C:\Program Files\dotnet\sdk\8.0.101\Sdks\Microsoft.NET.Sdk.Razor\targets\Sdk.Razor.CurrentVersion.targets (779,5)
       Ponowne przypisanie w┼éa┼Ťciwo┼Ťci: $(RunWorkingDirectory)=ÔÇ×C:\Users\emili\CascadeProjects\PhotoStudioManager\PhotoStudioManager.APIÔÇŁ (poprzednia warto┼Ť─ç: ÔÇ×ÔÇŁ) w C:\Program Files\dotnet\sdk\8.0.101\Sdks\Microsoft.NET.Sdk.Web.ProjectSystem\targets\Microsoft.NET.Sdk.Web.ProjectSystem.targets (21,5)
       Ponowne przypisanie w┼éa┼Ťciwo┼Ťci: $(PublishProfileImported)=ÔÇ×trueÔÇŁ (poprzednia warto┼Ť─ç: ÔÇ×falseÔÇŁ) w C:\Program Files\dotnet\sdk\8.0.101\Sdks\Microsoft.NET.Sdk.Publish\targets\Microsoft.NET.Sdk.Publish.targets (61,5)
       Ponowne przypisanie w┼éa┼Ťciwo┼Ťci: $(PublishConfiguration)=ÔÇ×DebugÔÇŁ (poprzednia warto┼Ť─ç: ÔÇ×ÔÇŁ) w C:\Program Files\dotnet\sdk\8.0.101\Sdks\Microsoft.NET.Sdk.Publish\targets\Microsoft.NET.Sdk.Publish.targets (82,5)
       Ponowne przypisanie w┼éa┼Ťciwo┼Ťci: $(BaseIntermediateOutputPath)=ÔÇ×C:\Users\emili\CascadeProjects\PhotoStudioManager\PhotoStudioManager.API\obj\ÔÇŁ (poprzednia warto┼Ť─ç: ÔÇ×obj\ÔÇŁ) w C:\Program Files\dotnet\sdk\8.0.101\Sdks\Microsoft.NET.Sdk.Publish\targets\Microsoft.NET.Sdk.Publish.targets (88,5)
       Ponowne przypisanie w┼éa┼Ťciwo┼Ťci: $(_IsSDKContainerAllowedVersion)=ÔÇ×trueÔÇŁ (poprzednia warto┼Ť─ç: ÔÇ×falseÔÇŁ) w C:\Program Files\dotnet\sdk\8.0.101\Containers\build\Microsoft.NET.Build.Containers.targets (5,5)
       Ponowne przypisanie w┼éa┼Ťciwo┼Ťci: $(_ContainerIsTargetingNet8TFM)=ÔÇ×trueÔÇŁ (poprzednia warto┼Ť─ç: ÔÇ×falseÔÇŁ) w C:\Program Files\dotnet\sdk\8.0.101\Containers\build\Microsoft.NET.Build.Containers.targets (15,5)
       Zast─Öpowanie elementu docelowego ÔÇ×ResolveFrameworkReferencesÔÇŁ w projekcie ÔÇ×C:\Program Files\dotnet\sdk\8.0.101\Microsoft.Common.CurrentVersion.targetsÔÇŁ elementem docelowym ÔÇ×ResolveFrameworkReferencesÔÇŁ z projektu ÔÇ×C:\Program Files\dotnet\sdk\8.0.101\Sdks\Microsoft.NET.Sdk\targets\Microsoft.NET.Sdk.FrameworkReferenceResolution.targetsÔÇŁ.
       Zast─Öpowanie elementu docelowego ÔÇ×RunÔÇŁ w projekcie ÔÇ×C:\Program Files\dotnet\sdk\8.0.101\Microsoft.Common.CurrentVersion.targetsÔÇŁ elementem docelowym ÔÇ×RunÔÇŁ z projektu ÔÇ×C:\Program Files\dotnet\sdk\8.0.101\Sdks\Microsoft.NET.Sdk\targets\Microsoft.NET.Sdk.targetsÔÇŁ.
       Zast─Öpowanie elementu docelowego ÔÇ×GenerateSupportedTargetFrameworkAliasÔÇŁ w projekcie ÔÇ×C:\Program Files\dotnet\sdk\8.0.101\Microsoft.Common.CurrentVersion.targetsÔÇŁ elementem docelowym ÔÇ×GenerateSupportedTargetFrameworkAliasÔÇŁ z projektu ÔÇ×C:\Program Files\dotnet\sdk\8.0.101\Sdks\Microsoft.NET.Sdk\targets\Microsoft.NET.Sdk.targetsÔÇŁ.
       Zast─Öpowanie elementu docelowego ÔÇ×GetReferenceAssemblyPathsÔÇŁ w projekcie ÔÇ×C:\Program Files\dotnet\sdk\8.0.101\Microsoft.Common.CurrentVersion.targetsÔÇŁ elementem docelowym ÔÇ×GetReferenceAssemblyPathsÔÇŁ z projektu ÔÇ×C:\Program Files\dotnet\sdk\8.0.101\Sdks\Microsoft.NET.Sdk\targets\Microsoft.NET.DisableStandardFrameworkResolution.targetsÔÇŁ.
       Zast─Öpowanie elementu docelowego ÔÇ×GetFrameworkPathsÔÇŁ w projekcie ÔÇ×C:\Program Files\dotnet\sdk\8.0.101\Microsoft.Common.CurrentVersion.targetsÔÇŁ elementem docelowym ÔÇ×GetFrameworkPathsÔÇŁ z projektu ÔÇ×C:\Program Files\dotnet\sdk\8.0.101\Sdks\Microsoft.NET.Sdk\targets\Microsoft.NET.DisableStandardFrameworkResolution.targetsÔÇŁ.
       Zast─Öpowanie elementu docelowego ÔÇ×DesignerRuntimeImplementationProjectOutputGroupÔÇŁ w projekcie ÔÇ×C:\Program Files\dotnet\sdk\8.0.101\Microsoft.Common.CurrentVersion.targetsÔÇŁ elementem docelowym ÔÇ×DesignerRuntimeImplementationProjectOutputGroupÔÇŁ z projektu ÔÇ×C:\Program Files\dotnet\sdk\8.0.101\Sdks\Microsoft.NET.Sdk\targets\Microsoft.NET.DesignerSupport.targetsÔÇŁ.
       Zast─Öpowanie elementu docelowego ÔÇ×PublishÔÇŁ w projekcie ÔÇ×C:\Program Files\dotnet\sdk\8.0.101\Microsoft.Common.CurrentVersion.targetsÔÇŁ elementem docelowym ÔÇ×PublishÔÇŁ z projektu ÔÇ×C:\Program Files\dotnet\sdk\8.0.101\Sdks\Microsoft.NET.Sdk\targets\Microsoft.NET.Publish.targetsÔÇŁ.
       Zast─Öpowanie elementu docelowego ÔÇ×ResolveReadyToRunCompilersÔÇŁ w projekcie ÔÇ×C:\Program Files\dotnet\sdk\8.0.101\Sdks\Microsoft.NET.Sdk\targets\Microsoft.NET.CrossGen.targetsÔÇŁ elementem docelowym ÔÇ×ResolveReadyToRunCompilersÔÇŁ z projektu ÔÇ×C:\Program Files\dotnet\sdk\8.0.101\Sdks\Microsoft.NET.Sdk\targets\Microsoft.NET.Publish.targetsÔÇŁ.
       Zast─Öpowanie elementu docelowego ÔÇ×GetCopyToPublishDirectoryItemsÔÇŁ w projekcie ÔÇ×C:\Program Files\dotnet\sdk\8.0.101\Microsoft.Common.CurrentVersion.targetsÔÇŁ elementem docelowym ÔÇ×GetCopyToPublishDirectoryItemsÔÇŁ z projektu ÔÇ×C:\Program Files\dotnet\sdk\8.0.101\Sdks\Microsoft.NET.Sdk\targets\Microsoft.NET.Publish.targetsÔÇŁ.
       Zast─Öpowanie elementu docelowego ÔÇ×BeforePublishÔÇŁ w projekcie ÔÇ×C:\Program Files\dotnet\sdk\8.0.101\Microsoft.Common.CurrentVersion.targetsÔÇŁ elementem docelowym ÔÇ×BeforePublishÔÇŁ z projektu ÔÇ×C:\Program Files\dotnet\sdk\8.0.101\Sdks\Microsoft.NET.Sdk.Publish\targets\Microsoft.NET.Sdk.Publish.targetsÔÇŁ.
       Zast─Öpowanie elementu docelowego ÔÇ×AfterPublishÔÇŁ w projekcie ÔÇ×C:\Program Files\dotnet\sdk\8.0.101\Microsoft.Common.CurrentVersion.targetsÔÇŁ elementem docelowym ÔÇ×AfterPublishÔÇŁ z projektu ÔÇ×C:\Program Files\dotnet\sdk\8.0.101\Sdks\Microsoft.NET.Sdk.Publish\targets\Microsoft.NET.Sdk.Publish.targetsÔÇŁ.
       Element docelowy ÔÇ×ResolveNuGetPackageAssetsÔÇŁ wymieniony w atrybucie AfterTargets na pozycji ÔÇ×C:\Users\emili\.nuget\packages\system.text.json\8.0.0\buildTransitive\net6.0\System.Text.Json.targets (11,11)ÔÇŁ nie istnieje w projekcie, dlatego b─Ödzie ignorowany.
       Element docelowy ÔÇ×ResolveNuGetPackageAssetsÔÇŁ wymieniony w atrybucie AfterTargets na pozycji ÔÇ×C:\Users\emili\.nuget\packages\system.text.json\8.0.0\buildTransitive\net6.0\System.Text.Json.targets (23,11)ÔÇŁ nie istnieje w projekcie, dlatego b─Ödzie ignorowany.
       Element docelowy ÔÇ×ResolveNuGetPackageAssetsÔÇŁ wymieniony w atrybucie AfterTargets na pozycji ÔÇ×C:\Users\emili\.nuget\packages\microsoft.extensions.options\8.0.1\buildTransitive\net6.0\Microsoft.Extensions.Options.targets (11,11)ÔÇŁ nie istnieje w projekcie, dlatego b─Ödzie ignorowany.
       Element docelowy ÔÇ×ResolveNuGetPackageAssetsÔÇŁ wymieniony w atrybucie AfterTargets na pozycji ÔÇ×C:\Users\emili\.nuget\packages\microsoft.extensions.options\8.0.1\buildTransitive\net6.0\Microsoft.Extensions.Options.targets (23,11)ÔÇŁ nie istnieje w projekcie, dlatego b─Ödzie ignorowany.
       Element docelowy ÔÇ×ResolveNuGetPackageAssetsÔÇŁ wymieniony w atrybucie AfterTargets na pozycji ÔÇ×C:\Users\emili\.nuget\packages\microsoft.extensions.logging.abstractions\8.0.0\buildTransitive\net6.0\Microsoft.Extensions.Logging.Abstractions.targets (11,11)ÔÇŁ nie istnieje w projekcie, dlatego b─Ödzie ignorowany.
       Element docelowy ÔÇ×ResolveNuGetPackageAssetsÔÇŁ wymieniony w atrybucie AfterTargets na pozycji ÔÇ×C:\Users\emili\.nuget\packages\microsoft.extensions.logging.abstractions\8.0.0\buildTransitive\net6.0\Microsoft.Extensions.Logging.Abstractions.targets (23,11)ÔÇŁ nie istnieje w projekcie, dlatego b─Ödzie ignorowany.
       Element docelowy ÔÇ×CollectUpToDateCheckInputDesignTimeÔÇŁ wymieniony w atrybucie BeforeTargets na pozycji ÔÇ×C:\Program Files\dotnet\sdk\8.0.101\Sdks\Microsoft.NET.Sdk.StaticWebAssets\targets\Microsoft.NET.Sdk.StaticWebAssets.ScopedCss.targets (156,5)ÔÇŁ nie istnieje w projekcie, dlatego b─Ödzie ignorowany.
       Element docelowy ÔÇ×CollectUpToDateCheckBuiltDesignTimeÔÇŁ wymieniony w atrybucie BeforeTargets na pozycji ÔÇ×C:\Program Files\dotnet\sdk\8.0.101\Sdks\Microsoft.NET.Sdk.StaticWebAssets\targets\Microsoft.NET.Sdk.StaticWebAssets.ScopedCss.targets (156,5)ÔÇŁ nie istnieje w projekcie, dlatego b─Ödzie ignorowany.
       Element docelowy ÔÇ×RazorGenerateComponentDeclarationÔÇŁ wymieniony w atrybucie AfterTargets na pozycji ÔÇ×C:\Program Files\dotnet\sdk\8.0.101\Sdks\Microsoft.NET.Sdk.Razor\targets\Microsoft.NET.Sdk.Razor.DesignTime.targets (55,53)ÔÇŁ nie istnieje w projekcie, dlatego b─Ödzie ignorowany.
   1:7>Projekt ÔÇ×C:\Users\emili\CascadeProjects\PhotoStudioManager\PhotoStudioManager.API\PhotoStudioManager.API.csprojÔÇŁ w w─Ö┼║le 2 (domy┼Ťlne elementy docelowe).
   1:7>Pomini─Öto element docelowy ÔÇ×_CheckForUnsupportedTargetFrameworkÔÇŁ z powodu fa┼észywego warunku; ('$(_UnsupportedTargetFrameworkError)' == 'true') oszacowano jako ('' == 'true').
   1:7>Element docelowy ÔÇ×_CollectTargetFrameworkForTelemetryÔÇŁ w pliku ÔÇ×C:\Program Files\dotnet\sdk\8.0.101\Sdks\Microsoft.NET.Sdk\targets\Microsoft.NET.TargetFrameworkInference.targetsÔÇŁ z projektu ÔÇ×C:\Users\emili\CascadeProjects\PhotoStudioManager\PhotoStudioManager.API\PhotoStudioManager.API.csprojÔÇŁ (zale┼╝y od niego element docelowy ÔÇ×_CheckForInvalidConfigurationAndPlatformÔÇŁ):
       U┼╝ywanie zadania ÔÇ×AllowEmptyTelemetryÔÇŁ z zestawu ÔÇ×C:\Program Files\dotnet\sdk\8.0.101\Sdks\Microsoft.NET.Sdk\targets\..\tools\net8.0\Microsoft.NET.Build.Tasks.dllÔÇŁ.
       Zadanie ÔÇ×AllowEmptyTelemetryÔÇŁ
       Wykonywanie zadania ÔÇ×AllowEmptyTelemetryÔÇŁ zako┼äczone.
   1:7>Wykonano kompilowanie elementu docelowego ÔÇ×_CollectTargetFrameworkForTelemetryÔÇŁ w projekcie ÔÇ×PhotoStudioManager.API.csprojÔÇŁ.
       Pomini─Öto element docelowy ÔÇ×_CheckForUnsupportedTargetPlatformIdentifierÔÇŁ z powodu fa┼észywego warunku; ('$(TargetPlatformIdentifier)' != '' and '$(TargetFrameworkIdentifier)' == '.NETCoreApp' and $([MSBuild]::VersionGreaterThanOrEquals($(TargetFrameworkVersion), 5.0)) And ('$(DesignTimeBuild)' != 'true' Or '@(MissingWorkloadPack)' == '')) oszacowano jako ('' != '' and '.NETCoreApp' == '.NETCoreApp' and True And ('' != 'true' Or '' == '')).
       Pomini─Öto element docelowy ÔÇ×_CheckForMissingWorkloadÔÇŁ z powodu fa┼észywego warunku; ('@(MissingWorkloadPack)' != '' And '$(DesignTimeBuild)' != 'true') oszacowano jako ('' != '' And '' != 'true').
   1:7>Element docelowy ÔÇ×_CheckForUnsupportedNETCoreVersionÔÇŁ w pliku ÔÇ×C:\Program Files\dotnet\sdk\8.0.101\Sdks\Microsoft.NET.Sdk\targets\Microsoft.NET.TargetFrameworkInference.targetsÔÇŁ z projektu ÔÇ×C:\Users\emili\CascadeProjects\PhotoStudioManager\PhotoStudioManager.API\PhotoStudioManager.API.csprojÔÇŁ (zale┼╝y od niego element docelowy ÔÇ×_CheckForInvalidConfigurationAndPlatformÔÇŁ):
       Pomini─Öto zadanie ÔÇ×NETSdkErrorÔÇŁ z powodu fa┼észywego warunku; ('$(_TargetFrameworkVersionWithoutV)' > '$(NETCoreAppMaximumVersion)' and '$(DisplayVSMessage)' != 'true') oszacowano jako ('8.0' > '8.0' and '' != 'true').
       Pomini─Öto zadanie ÔÇ×NETSdkErrorÔÇŁ z powodu fa┼észywego warunku; ('$(DisplayVSMessage)' == 'true') oszacowano jako ('' == 'true').
   1:7>Wykonano kompilowanie elementu docelowego ÔÇ×_CheckForUnsupportedNETCoreVersionÔÇŁ w projekcie ÔÇ×PhotoStudioManager.API.csprojÔÇŁ.
       Pomini─Öto element docelowy ÔÇ×_CheckForEolTargetFrameworksÔÇŁ z powodu fa┼észywego warunku; ('@(_EolNetCoreTargetFrameworkVersions->AnyHaveMetadataValue('Identity', '$(_TargetFrameworkVersionWithoutV)'))' and '$(TargetFrameworkIdentifier)' == '.NETCoreApp' and '$(CheckEolTargetFramework)' == 'true') oszacowano jako ('false' and '.NETCoreApp' == '.NETCoreApp' and 'true' == 'true').
       Pomini─Öto element docelowy ÔÇ×_CheckForEolWorkloadsÔÇŁ z powodu fa┼észywego warunku; ('@(EolWorkload)' != '' and '$(CheckEolWorkloads)' == 'true') oszacowano jako ('' != '' and 'true' == 'true').
   1:7>Element docelowy ÔÇ×_CheckForUnsupportedCppNETCoreVersionÔÇŁ w pliku ÔÇ×C:\Program Files\dotnet\sdk\8.0.101\Sdks\Microsoft.NET.Sdk\targets\Microsoft.NET.TargetFrameworkInference.targetsÔÇŁ z projektu ÔÇ×C:\Users\emili\CascadeProjects\PhotoStudioManager\PhotoStudioManager.API\PhotoStudioManager.API.csprojÔÇŁ (zale┼╝y od niego element docelowy ÔÇ×_CheckForInvalidConfigurationAndPlatformÔÇŁ):
       Pomini─Öto zadanie ÔÇ×NETSdkErrorÔÇŁ z powodu fa┼észywego warunku; ('$(TargetFrameworkIdentifier)' == '.NETCoreApp' and '$(_TargetFrameworkVersionWithoutV)' < '3.1' and ('$(Language)' == 'C++' and '$(_EnablePackageReferencesInVCProjects)' != 'true')) oszacowano jako ('.NETCoreApp' == '.NETCoreApp' and '8.0' < '3.1' and ('C#' == 'C++' and '' != 'true')).
   1:7>Wykonano kompilowanie elementu docelowego ÔÇ×_CheckForUnsupportedCppNETCoreVersionÔÇŁ w projekcie ÔÇ×PhotoStudioManager.API.csprojÔÇŁ.
       Pomini─Öto element docelowy ÔÇ×_CheckForUnsupportedNETStandardVersionÔÇŁ z powodu fa┼észywego warunku; ('$(TargetFrameworkIdentifier)' == '.NETStandard' And '$(NETStandardMaximumVersion)' != '') oszacowano jako ('.NETCoreApp' == '.NETStandard' And '' != '').
       Pomini─Öto element docelowy ÔÇ×_CheckForUnsupportedTargetFrameworkAndFeatureCombinationÔÇŁ z powodu fa┼észywego warunku; ('$(TargetFrameworkIdentifier)' == '.NETFramework') oszacowano jako ('.NETCoreApp' == '.NETFramework').
       Pomini─Öto element docelowy ÔÇ×_CheckForSupportedOSPlatformVersionHigherThanTargetPlatformVersionÔÇŁ z powodu fa┼észywego warunku; ('$(TargetPlatformVersion)' != '' and '$(TargetFrameworkIdentifier)' == '.NETCoreApp' and $([MSBuild]::VersionGreaterThanOrEquals($(TargetFrameworkVersion), 5.0))) oszacowano jako ('' != '' and '.NETCoreApp' == '.NETCoreApp' and True).
       Pomini─Öto element docelowy ÔÇ×_CheckForInvalidTargetPlatformVersionÔÇŁ z powodu fa┼észywego warunku; ('$(TargetPlatformVersion)' != '' and '$(TargetFrameworkIdentifier)' == '.NETCoreApp' and $([MSBuild]::VersionGreaterThanOrEquals($(TargetFrameworkVersion), 5.0)) and ('$(Language)' != 'C++' or '$(_EnablePackageReferencesInVCProjects)' == 'true')) oszacowano jako ('' != '' and '.NETCoreApp' == '.NETCoreApp' and True and ('C#' != 'C++' or '' == 'true')).
   1:7>Element docelowy ÔÇ×_CheckForUnsupportedArtifactsPathÔÇŁ w pliku ÔÇ×C:\Program Files\dotnet\sdk\8.0.101\Sdks\Microsoft.NET.Sdk\targets\Microsoft.NET.DefaultOutputPaths.targetsÔÇŁ z projektu ÔÇ×C:\Users\emili\CascadeProjects\PhotoStudioManager\PhotoStudioManager.API\PhotoStudioManager.API.csprojÔÇŁ (zale┼╝y od niego element docelowy ÔÇ×_CheckForInvalidConfigurationAndPlatformÔÇŁ):
       Pomini─Öto zadanie ÔÇ×NetSdkErrorÔÇŁ z powodu fa┼észywego warunku; ('$(UseArtifactsOutput)' == 'true' and '$(_ArtifactsPathSetEarly)' != 'true') oszacowano jako ('' == 'true' and '' != 'true').
       Pomini─Öto zadanie ÔÇ×NetSdkErrorÔÇŁ z powodu fa┼észywego warunku; ('$(_ArtifactsPathLocationType)' == 'ProjectFolder') oszacowano jako ('' == 'ProjectFolder').
   1:7>Wykonano kompilowanie elementu docelowego ÔÇ×_CheckForUnsupportedArtifactsPathÔÇŁ w projekcie ÔÇ×PhotoStudioManager.API.csprojÔÇŁ.
       Pomini─Öto element docelowy ÔÇ×_CheckForMissingWorkloadÔÇŁ z powodu fa┼észywego warunku; ('@(MissingWorkloadPack)' != '' And '$(DesignTimeBuild)' != 'true') oszacowano jako ('' != '' And '' != 'true').
   1:7>Element docelowy ÔÇ×_CheckForUnsupportedAppHostUsageÔÇŁ w pliku ÔÇ×C:\Program Files\dotnet\sdk\8.0.101\Sdks\Microsoft.NET.Sdk\targets\Microsoft.NET.RuntimeIdentifierInference.targetsÔÇŁ z projektu ÔÇ×C:\Users\emili\CascadeProjects\PhotoStudioManager\PhotoStudioManager.API\PhotoStudioManager.API.csprojÔÇŁ (zale┼╝y od niego element docelowy ÔÇ×_CheckForInvalidConfigurationAndPlatformÔÇŁ):
       Pomini─Öto zadanie ÔÇ×NETSdkErrorÔÇŁ z powodu fa┼észywego warunku; ('$(SelfContained)' == 'true' and '$(RuntimeIdentifier)' == '') oszacowano jako ('false' == 'true' and '' == '').
       Pomini─Öto zadanie ÔÇ×NETSdkErrorÔÇŁ z powodu fa┼észywego warunku; ('$(PublishReadyToRun)' == 'true' and '$(RuntimeIdentifier)' == '' and '$(_IsPublishing)' == 'true') oszacowano jako ('' == 'true' and '' == '' and '' == 'true').
       Pomini─Öto zadanie ÔÇ×NETSdkErrorÔÇŁ z powodu fa┼észywego warunku; ('$(PublishSingleFile)' == 'true' and '$(RuntimeIdentifier)' == '' and '$(_IsPublishing)' == 'true') oszacowano jako ('' == 'true' and '' == '' and '' == 'true').
       Pomini─Öto zadanie ÔÇ×NETSdkErrorÔÇŁ z powodu fa┼észywego warunku; ('$(PublishAot)' == 'true' and '$(RuntimeIdentifier)' == '' and '$(_IsPublishing)' == 'true' and '$(AllowPublishAotWithoutRuntimeIdentifier)' != 'true') oszacowano jako ('' == 'true' and '' == '' and '' == 'true' and '' != 'true').
       Pomini─Öto zadanie ÔÇ×NETSdkErrorÔÇŁ z powodu fa┼észywego warunku; ('$(PublishSelfContained)' != 'true' and '$(PublishSelfContained)' != 'false' and '$(PublishSelfContained)' != '') oszacowano jako ('' != 'true' and '' != 'false' and '' != '').
       Pomini─Öto zadanie ÔÇ×NETSdkErrorÔÇŁ z powodu fa┼észywego warunku; ('$(SelfContained)' == 'true' and '$(UseAppHost)' != 'true' and '$(_RuntimeIdentifierUsesAppHost)' == 'true') oszacowano jako ('false' == 'true' and 'true' != 'true' and 'true' == 'true').
       Pomini─Öto zadanie ÔÇ×NETSdkErrorÔÇŁ z powodu fa┼észywego warunku; ('$(SelfContained)' != 'true' and '$(UseAppHost)' == 'true' and '$(_TargetFrameworkVersionWithoutV)' < '2.1') oszacowano jako ('false' != 'true' and 'true' == 'true' and '8.0' < '2.1').
       Pomini─Öto zadanie ÔÇ×NETSdkErrorÔÇŁ z powodu fa┼észywego warunku; ('$(PublishSingleFile)' == 'true' and '$(_TargetFrameworkVersionWithoutV)' < '3.0') oszacowano jako ('' == 'true' and '8.0' < '3.0').
       Pomini─Öto zadanie ÔÇ×NETSdkWarningÔÇŁ z powodu fa┼észywego warunku; ('$(PublishReadyToRun)' == 'true' and '$(_TargetFrameworkVersionWithoutV)' < '3.0') oszacowano jako ('' == 'true' and '8.0' < '3.0').
       Pomini─Öto zadanie ÔÇ×NETSdkWarningÔÇŁ z powodu fa┼észywego warunku; ('$(RuntimeIdentifier)' != '' and '$(_TargetFrameworkVersionWithoutV)' != '' and $([MSBuild]::VersionLessThan($(_TargetFrameworkVersionWithoutV), '8.0')) and '$(_SelfContainedWasSpecified)' != 'true') oszacowano jako ('' != '' and '8.0' != '' and False and '' != 'true').
       Pomini─Öto zadanie ÔÇ×NetSdkErrorÔÇŁ z powodu fa┼észywego warunku; (('$(UseWindowsForms)' == 'true') and ('$(PublishTrimmed)' == 'true') and ('$(_SuppressWinFormsTrimError)' != 'true')) oszacowano jako (('' == 'true') and ('' == 'true') and ('' != 'true')).
       Pomini─Öto zadanie ÔÇ×NetSdkErrorÔÇŁ z powodu fa┼észywego warunku; (('$(UseWpf)' == 'true') and ('$(PublishTrimmed)' == 'true') and ('$(_SuppressWpfTrimError)' != 'true')) oszacowano jako (('' == 'true') and ('' == 'true') and ('' != 'true')).
   1:7>Wykonano kompilowanie elementu docelowego ÔÇ×_CheckForUnsupportedAppHostUsageÔÇŁ w projekcie ÔÇ×PhotoStudioManager.API.csprojÔÇŁ.
   1:7>Element docelowy ÔÇ×_CheckForUnsupportedHostingUsageÔÇŁ w pliku ÔÇ×C:\Program Files\dotnet\sdk\8.0.101\Sdks\Microsoft.NET.Sdk\targets\Microsoft.NET.RuntimeIdentifierInference.targetsÔÇŁ z projektu ÔÇ×C:\Users\emili\CascadeProjects\PhotoStudioManager\PhotoStudioManager.API\PhotoStudioManager.API.csprojÔÇŁ (zale┼╝y od niego element docelowy ÔÇ×_CheckForInvalidConfigurationAndPlatformÔÇŁ):
       Pomini─Öto zadanie ÔÇ×NETSdkWarningÔÇŁ z powodu fa┼észywego warunku; ('$(SelfContained)' == 'true' and '$(EnableComHosting)' == 'true') oszacowano jako ('false' == 'true' and '' == 'true').
   1:7>Wykonano kompilowanie elementu docelowego ÔÇ×_CheckForUnsupportedHostingUsageÔÇŁ w projekcie ÔÇ×PhotoStudioManager.API.csprojÔÇŁ.
   1:7>Element docelowy ÔÇ×_CheckAndUnsetUnsupportedPrefer32BitÔÇŁ w pliku ÔÇ×C:\Program Files\dotnet\sdk\8.0.101\Sdks\Microsoft.NET.Sdk\targets\Microsoft.NET.RuntimeIdentifierInference.targetsÔÇŁ z projektu ÔÇ×C:\Users\emili\CascadeProjects\PhotoStudioManager\PhotoStudioManager.API\PhotoStudioManager.API.csprojÔÇŁ (zale┼╝y od niego element docelowy ÔÇ×_CheckForInvalidConfigurationAndPlatformÔÇŁ):
       Pomini─Öto zadanie ÔÇ×NETSdkWarningÔÇŁ z powodu fa┼észywego warunku; ('$(Prefer32Bit)' == 'true') oszacowano jako ('false' == 'true').
   1:7>Wykonano kompilowanie elementu docelowego ÔÇ×_CheckAndUnsetUnsupportedPrefer32BitÔÇŁ w projekcie ÔÇ×PhotoStudioManager.API.csprojÔÇŁ.
       Pomini─Öto element docelowy ÔÇ×_CheckForMismatchingPlatformÔÇŁ z powodu fa┼észywego warunku; ('$(RuntimeIdentifier)' != '' and '$(PlatformTarget)' != '') oszacowano jako ('' != '' and '' != '').
   1:7>Element docelowy ÔÇ×_CheckForLanguageAndFeatureCombinationSupportÔÇŁ w pliku ÔÇ×C:\Program Files\dotnet\sdk\8.0.101\Sdks\Microsoft.NET.Sdk\targets\Microsoft.NET.RuntimeIdentifierInference.targetsÔÇŁ z projektu ÔÇ×C:\Users\emili\CascadeProjects\PhotoStudioManager\PhotoStudioManager.API\PhotoStudioManager.API.csprojÔÇŁ (zale┼╝y od niego element docelowy ÔÇ×_CheckForInvalidConfigurationAndPlatformÔÇŁ):
       Pomini─Öto zadanie ÔÇ×NETSdkErrorÔÇŁ z powodu fa┼észywego warunku; (('$(Language)' == 'C++' and '$(_EnablePackageReferencesInVCProjects)' != 'true') and $(OutputType) != 'library' and '$(TargetFrameworkIdentifier)' == '.NETCoreApp') oszacowano jako (('C#' == 'C++' and '' != 'true') and Exe != 'library' and '.NETCoreApp' == '.NETCoreApp').
       Pomini─Öto zadanie ÔÇ×NETSdkErrorÔÇŁ z powodu fa┼észywego warunku; (('$(Language)' == 'C++' and '$(_EnablePackageReferencesInVCProjects)' != 'true') and $(EnableComHosting) == 'true') oszacowano jako (('C#' == 'C++' and '' != 'true') and  == 'true').
       Pomini─Öto zadanie ÔÇ×NETSdkErrorÔÇŁ z powodu fa┼észywego warunku; (('$(Language)' == 'C++' and '$(_EnablePackageReferencesInVCProjects)' != 'true') and $(SelfContained) == 'true') oszacowano jako (('C#' == 'C++' and '' != 'true') and false == 'true').
   1:7>Wykonano kompilowanie elementu docelowego ÔÇ×_CheckForLanguageAndFeatureCombinationSupportÔÇŁ w projekcie ÔÇ×PhotoStudioManager.API.csprojÔÇŁ.
       Pomini─Öto element docelowy ÔÇ×_CheckForNETCoreSdkIsPreviewÔÇŁ z powodu fa┼észywego warunku; ( '$(_NETCoreSdkIsPreview)' == 'true' AND '$(SuppressNETCoreSdkPreviewMessage)' != 'true' ) oszacowano jako ( 'false' == 'true' AND '' != 'true' ).
   1:7>Element docelowy ÔÇ×_GetProjectJsonPathÔÇŁ w pliku ÔÇ×C:\Program Files\dotnet\sdk\8.0.101\NuGet.targetsÔÇŁ z projektu ÔÇ×C:\Users\emili\CascadeProjects\PhotoStudioManager\PhotoStudioManager.API\PhotoStudioManager.API.csprojÔÇŁ (zale┼╝y od niego element docelowy ÔÇ×_GetRestoreProjectStyleÔÇŁ):
       Pomini─Öto zadanie ÔÇ×GetRestoreProjectJsonPathTaskÔÇŁ z powodu fa┼észywego warunku; ( '$(RestoreProjectStyle)' == 'ProjectJson' OR '$(RestoreProjectStyle)' == '' ) oszacowano jako ( 'PackageReference' == 'ProjectJson' OR 'PackageReference' == '' ).
   1:7>Wykonano kompilowanie elementu docelowego ÔÇ×_GetProjectJsonPathÔÇŁ w projekcie ÔÇ×PhotoStudioManager.API.csprojÔÇŁ.
       Pomini─Öto element docelowy ÔÇ×_CheckForUnsupportedTargetPlatformIdentifierÔÇŁ z powodu fa┼észywego warunku; ('$(TargetPlatformIdentifier)' != '' and '$(TargetFrameworkIdentifier)' == '.NETCoreApp' and $([MSBuild]::VersionGreaterThanOrEquals($(TargetFrameworkVersion), 5.0)) And ('$(DesignTimeBuild)' != 'true' Or '@(MissingWorkloadPack)' == '')) oszacowano jako ('' != '' and '.NETCoreApp' == '.NETCoreApp' and True And ('' != 'true' Or '' == '')).
       Pomini─Öto element docelowy ÔÇ×_CheckForMissingWorkloadÔÇŁ z powodu fa┼észywego warunku; ('@(MissingWorkloadPack)' != '' And '$(DesignTimeBuild)' != 'true') oszacowano jako ('' != '' And '' != 'true').
       Pomini─Öto element docelowy ÔÇ×_CheckForUnsupportedNETStandardVersionÔÇŁ z powodu fa┼észywego warunku; ('$(TargetFrameworkIdentifier)' == '.NETStandard' And '$(NETStandardMaximumVersion)' != '') oszacowano jako ('.NETCoreApp' == '.NETStandard' And '' != '').
       Pomini─Öto element docelowy ÔÇ×_CheckForUnsupportedTargetFrameworkAndFeatureCombinationÔÇŁ z powodu fa┼észywego warunku; ('$(TargetFrameworkIdentifier)' == '.NETFramework') oszacowano jako ('.NETCoreApp' == '.NETFramework').
   1:7>Element docelowy ÔÇ×UpdateAspNetToFrameworkReferenceÔÇŁ w pliku ÔÇ×C:\Program Files\dotnet\sdk\8.0.101\Sdks\Microsoft.NET.Sdk\targets\Microsoft.NET.Sdk.DefaultItems.Shared.targetsÔÇŁ z projektu ÔÇ×C:\Users\emili\CascadeProjects\PhotoStudioManager\PhotoStudioManager.API\PhotoStudioManager.API.csprojÔÇŁ (zale┼╝y od niego element docelowy ÔÇ×ApplyImplicitVersionsÔÇŁ):
       U┼╝ywanie zadania ÔÇ×CheckIfPackageReferenceShouldBeFrameworkReferenceÔÇŁ z zestawu ÔÇ×C:\Program Files\dotnet\sdk\8.0.101\Sdks\Microsoft.NET.Sdk\targets\..\tools\net8.0\Microsoft.NET.Build.Tasks.dllÔÇŁ.
       Zadanie ÔÇ×CheckIfPackageReferenceShouldBeFrameworkReferenceÔÇŁ
       Wykonywanie zadania ÔÇ×CheckIfPackageReferenceShouldBeFrameworkReferenceÔÇŁ zako┼äczone.
       Pomini─Öto zadanie ÔÇ×NETSdkErrorÔÇŁ z powodu fa┼észywego warunku; ('$(_ShouldRemoveAspNetCoreAll)' == 'true') oszacowano jako ('False' == 'true').
       Zadanie ÔÇ×CheckIfPackageReferenceShouldBeFrameworkReferenceÔÇŁ
       Wykonywanie zadania ÔÇ×CheckIfPackageReferenceShouldBeFrameworkReferenceÔÇŁ zako┼äczone.
       Pomini─Öto zadanie ÔÇ×NETSdkWarningÔÇŁ z powodu fa┼észywego warunku; ('$(_ShouldRemoveAspNetCoreApp)' == 'true') oszacowano jako ('False' == 'true').
   1:7>Wykonano kompilowanie elementu docelowego ÔÇ×UpdateAspNetToFrameworkReferenceÔÇŁ w projekcie ÔÇ×PhotoStudioManager.API.csprojÔÇŁ.
       Pomini─Öto element docelowy ÔÇ×IncludeTargetingPackReferenceÔÇŁ z powodu fa┼észywego warunku; ('$(TargetFrameworkMoniker)' != '' and '$(TargetFrameworkIdentifier)' == '.NETFramework' and '$(AutomaticallyUseReferenceAssemblyPackages)' == 'true') oszacowano jako ('.NETCoreApp,Version=v8.0' != '' and '.NETCoreApp' == '.NETFramework' and 'true' == 'true').
   1:7>Element docelowy ÔÇ×CheckForImplicitPackageReferenceOverridesÔÇŁ w pliku ÔÇ×C:\Program Files\dotnet\sdk\8.0.101\Sdks\Microsoft.NET.Sdk\targets\Microsoft.NET.Sdk.DefaultItems.Shared.targetsÔÇŁ z projektu ÔÇ×C:\Users\emili\CascadeProjects\PhotoStudioManager\PhotoStudioManager.API\PhotoStudioManager.API.csprojÔÇŁ (zale┼╝y od niego element docelowy ÔÇ×ApplyImplicitVersionsÔÇŁ):
       U┼╝ywanie zadania ÔÇ×CheckForImplicitPackageReferenceOverridesÔÇŁ z zestawu ÔÇ×C:\Program Files\dotnet\sdk\8.0.101\Sdks\Microsoft.NET.Sdk\targets\..\tools\net8.0\Microsoft.NET.Build.Tasks.dllÔÇŁ.
       Zadanie ÔÇ×CheckForImplicitPackageReferenceOverridesÔÇŁ
       Wykonywanie zadania ÔÇ×CheckForImplicitPackageReferenceOverridesÔÇŁ zako┼äczone.
   1:7>Wykonano kompilowanie elementu docelowego ÔÇ×CheckForImplicitPackageReferenceOverridesÔÇŁ w projekcie ÔÇ×PhotoStudioManager.API.csprojÔÇŁ.
   1:7>Element docelowy ÔÇ×ApplyImplicitVersionsÔÇŁ w pliku ÔÇ×C:\Program Files\dotnet\sdk\8.0.101\Sdks\Microsoft.NET.Sdk\targets\Microsoft.NET.Sdk.DefaultItems.Shared.targetsÔÇŁ z projektu ÔÇ×C:\Users\emili\CascadeProjects\PhotoStudioManager\PhotoStudioManager.API\PhotoStudioManager.API.csprojÔÇŁ (zale┼╝y od niego element docelowy ÔÇ×CollectPackageReferencesÔÇŁ):
       U┼╝ywanie zadania ÔÇ×ApplyImplicitVersionsÔÇŁ z zestawu ÔÇ×C:\Program Files\dotnet\sdk\8.0.101\Sdks\Microsoft.NET.Sdk\targets\..\tools\net8.0\Microsoft.NET.Build.Tasks.dllÔÇŁ.
       Zadanie ÔÇ×ApplyImplicitVersionsÔÇŁ
       Wykonywanie zadania ÔÇ×ApplyImplicitVersionsÔÇŁ zako┼äczone.
   1:7>Wykonano kompilowanie elementu docelowego ÔÇ×ApplyImplicitVersionsÔÇŁ w projekcie ÔÇ×PhotoStudioManager.API.csprojÔÇŁ.
       Pomini─Öto element docelowy ÔÇ×CheckForImplicitPackageReferenceOverridesÔÇŁ. Wcze┼Ťniejsza kompilacja powiod┼éa si─Ö.
       Pomini─Öto element docelowy ÔÇ×AddWindowsSdkKnownFrameworkReferencesÔÇŁ z powodu fa┼észywego warunku; ('$(TargetFrameworkIdentifier)' == '.NETCoreApp' And '$(TargetPlatformIdentifier)' == 'Windows') oszacowano jako ('.NETCoreApp' == '.NETCoreApp' And '' == 'Windows').
       Pomini─Öto element docelowy ÔÇ×_NormalizeTargetPlatformVersionÔÇŁ z powodu fa┼észywego warunku; ('$(TargetPlatformVersion)' != '' and '$(TargetFrameworkIdentifier)' == '.NETCoreApp' and $([MSBuild]::VersionGreaterThanOrEquals($(TargetFrameworkVersion), 5.0)) and ('$(Language)' != 'C++' or '$(_EnablePackageReferencesInVCProjects)' == 'true')) oszacowano jako ('' != '' and '.NETCoreApp' == '.NETCoreApp' and True and ('C#' != 'C++' or '' == 'true')).
   1:7>Element docelowy ÔÇ×_ComputeToolPackInputsToProcessFrameworkReferencesÔÇŁ w pliku ÔÇ×C:\Program Files\dotnet\sdk\8.0.101\Sdks\Microsoft.NET.Sdk\targets\Microsoft.NET.Publish.targetsÔÇŁ z projektu ÔÇ×C:\Users\emili\CascadeProjects\PhotoStudioManager\PhotoStudioManager.API\PhotoStudioManager.API.csprojÔÇŁ (zale┼╝y od niego element docelowy ÔÇ×ProcessFrameworkReferencesÔÇŁ):
   1:7>Wykonano kompilowanie elementu docelowego ÔÇ×_ComputeToolPackInputsToProcessFrameworkReferencesÔÇŁ w projekcie ÔÇ×PhotoStudioManager.API.csprojÔÇŁ.
   1:7>Element docelowy ÔÇ×ProcessFrameworkReferencesÔÇŁ w pliku ÔÇ×C:\Program Files\dotnet\sdk\8.0.101\Sdks\Microsoft.NET.Sdk\targets\Microsoft.NET.Sdk.FrameworkReferenceResolution.targetsÔÇŁ z projektu ÔÇ×C:\Users\emili\CascadeProjects\PhotoStudioManager\PhotoStudioManager.API\PhotoStudioManager.API.csprojÔÇŁ (zale┼╝y od niego element docelowy ÔÇ×CollectPackageReferencesÔÇŁ):
       U┼╝ywanie zadania ÔÇ×CheckForDuplicateFrameworkReferencesÔÇŁ z zestawu ÔÇ×C:\Program Files\dotnet\sdk\8.0.101\Sdks\Microsoft.NET.Sdk\targets\..\tools\net8.0\Microsoft.NET.Build.Tasks.dllÔÇŁ.
       Zadanie ÔÇ×CheckForDuplicateFrameworkReferencesÔÇŁ
       Wykonywanie zadania ÔÇ×CheckForDuplicateFrameworkReferencesÔÇŁ zako┼äczone.
       U┼╝ywanie zadania ÔÇ×ProcessFrameworkReferencesÔÇŁ z zestawu ÔÇ×C:\Program Files\dotnet\sdk\8.0.101\Sdks\Microsoft.NET.Sdk\targets\..\tools\net8.0\Microsoft.NET.Build.Tasks.dllÔÇŁ.
       Zadanie ÔÇ×ProcessFrameworkReferencesÔÇŁ
       Wykonywanie zadania ÔÇ×ProcessFrameworkReferencesÔÇŁ zako┼äczone.
       U┼╝ywanie zadania ÔÇ×ResolveAppHostsÔÇŁ z zestawu ÔÇ×C:\Program Files\dotnet\sdk\8.0.101\Sdks\Microsoft.NET.Sdk\targets\..\tools\net8.0\Microsoft.NET.Build.Tasks.dllÔÇŁ.
       Zadanie ÔÇ×ResolveAppHostsÔÇŁ
       Wykonywanie zadania ÔÇ×ResolveAppHostsÔÇŁ zako┼äczone.
   1:7>Wykonano kompilowanie elementu docelowego ÔÇ×ProcessFrameworkReferencesÔÇŁ w projekcie ÔÇ×PhotoStudioManager.API.csprojÔÇŁ.
       Pomini─Öto element docelowy ÔÇ×IncludeTargetingPackReferenceÔÇŁ z powodu fa┼észywego warunku; ('$(TargetFrameworkMoniker)' != '' and '$(TargetFrameworkIdentifier)' == '.NETFramework' and '$(AutomaticallyUseReferenceAssemblyPackages)' == 'true') oszacowano jako ('.NETCoreApp,Version=v8.0' != '' and '.NETCoreApp' == '.NETFramework' and 'true' == 'true').
   1:7>Element docelowy ÔÇ×_AddMicrosoftNetCompilerToolsetFrameworkPackageÔÇŁ w pliku ÔÇ×C:\Program Files\dotnet\sdk\8.0.101\Sdks\Microsoft.NET.Sdk\targets\Microsoft.NET.Sdk.targetsÔÇŁ z projektu ÔÇ×C:\Users\emili\CascadeProjects\PhotoStudioManager\PhotoStudioManager.API\PhotoStudioManager.API.csprojÔÇŁ (zale┼╝y od niego element docelowy ÔÇ×CollectPackageReferencesÔÇŁ):
       Pomini─Öto zadanie ÔÇ×NETSdkWarningÔÇŁ z powodu fa┼észywego warunku; ('@(PackageReference->AnyHaveMetadataValue('Identity', 'Microsoft.Net.Compilers.Toolset.Framework'))' == 'true') oszacowano jako ('false' == 'true').
   1:7>Wykonano kompilowanie elementu docelowego ÔÇ×_AddMicrosoftNetCompilerToolsetFrameworkPackageÔÇŁ w projekcie ÔÇ×PhotoStudioManager.API.csprojÔÇŁ.
   1:7>Element docelowy ÔÇ×_CheckForObsoleteDotNetCliToolReferencesÔÇŁ w pliku ÔÇ×C:\Program Files\dotnet\sdk\8.0.101\Sdks\Microsoft.NET.Sdk\targets\Microsoft.NET.ObsoleteReferences.targetsÔÇŁ z projektu ÔÇ×C:\Users\emili\CascadeProjects\PhotoStudioManager\PhotoStudioManager.API\PhotoStudioManager.API.csprojÔÇŁ (zale┼╝y od niego element docelowy ÔÇ×CollectPackageReferencesÔÇŁ):
       Pomini─Öto zadanie ÔÇ×NETSdkWarningÔÇŁ z powodu fa┼észywego warunku; ( '%(_ReferenceToObsoleteDotNetCliTool.Identity)' != '' ) oszacowano jako ( '' != '' ).
   1:7>Wykonano kompilowanie elementu docelowego ÔÇ×_CheckForObsoleteDotNetCliToolReferencesÔÇŁ w projekcie ÔÇ×PhotoStudioManager.API.csprojÔÇŁ.
   1:7>Element docelowy ÔÇ×CollectPackageReferencesÔÇŁ w pliku ÔÇ×C:\Program Files\dotnet\sdk\8.0.101\NuGet.targetsÔÇŁ z projektu ÔÇ×C:\Users\emili\CascadeProjects\PhotoStudioManager\PhotoStudioManager.API\PhotoStudioManager.API.csprojÔÇŁ (zale┼╝y od niego element docelowy ÔÇ×_GetRestoreProjectStyleÔÇŁ):
       U┼╝ywanie zadania ÔÇ×CheckForDuplicateNuGetItemsTaskÔÇŁ z zestawu ÔÇ×C:\Program Files\dotnet\sdk\8.0.101\NuGet.Build.Tasks.dllÔÇŁ.
       Zadanie ÔÇ×CheckForDuplicateNuGetItemsTaskÔÇŁ
       Wykonywanie zadania ÔÇ×CheckForDuplicateNuGetItemsTaskÔÇŁ zako┼äczone.
   1:7>Wykonano kompilowanie elementu docelowego ÔÇ×CollectPackageReferencesÔÇŁ w projekcie ÔÇ×PhotoStudioManager.API.csprojÔÇŁ.
   1:7>Element docelowy ÔÇ×_GetRestoreProjectStyleÔÇŁ w pliku ÔÇ×C:\Program Files\dotnet\sdk\8.0.101\NuGet.targetsÔÇŁ z projektu ÔÇ×C:\Users\emili\CascadeProjects\PhotoStudioManager\PhotoStudioManager.API\PhotoStudioManager.API.csprojÔÇŁ (zale┼╝y od niego element docelowy ÔÇ×EnableIntermediateOutputPathMismatchWarningÔÇŁ):
       U┼╝ywanie zadania ÔÇ×GetRestoreProjectStyleTaskÔÇŁ z zestawu ÔÇ×C:\Program Files\dotnet\sdk\8.0.101\NuGet.Build.Tasks.dllÔÇŁ.
       Zadanie ÔÇ×GetRestoreProjectStyleTaskÔÇŁ
         (in) HasPackageReferenceItems 'True'
         (in) MSBuildProjectDirectory 'C:\Users\emili\CascadeProjects\PhotoStudioManager\PhotoStudioManager.API'
         (in) MSBuildProjectName 'PhotoStudioManager.API'
         (in) ProjectJsonPath ''
         (in) RestoreProjectStyle 'PackageReference'
         (out) IsPackageReferenceCompatibleProjectStyle 'True'
         (out) ProjectStyle 'PackageReference'
       Wykonywanie zadania ÔÇ×GetRestoreProjectStyleTaskÔÇŁ zako┼äczone.
   1:7>Wykonano kompilowanie elementu docelowego ÔÇ×_GetRestoreProjectStyleÔÇŁ w projekcie ÔÇ×PhotoStudioManager.API.csprojÔÇŁ.
   1:7>Element docelowy ÔÇ×EnableIntermediateOutputPathMismatchWarningÔÇŁ w pliku ÔÇ×C:\Program Files\dotnet\sdk\8.0.101\NuGet.targetsÔÇŁ z projektu ÔÇ×C:\Users\emili\CascadeProjects\PhotoStudioManager\PhotoStudioManager.API\PhotoStudioManager.API.csprojÔÇŁ (zale┼╝y od niego element docelowy ÔÇ×_CheckForInvalidConfigurationAndPlatformÔÇŁ):
   1:7>Wykonano kompilowanie elementu docelowego ÔÇ×EnableIntermediateOutputPathMismatchWarningÔÇŁ w projekcie ÔÇ×PhotoStudioManager.API.csprojÔÇŁ.
       Pomini─Öto element docelowy ÔÇ×ApplyImplicitVersionsÔÇŁ. Wcze┼Ťniejsza kompilacja powiod┼éa si─Ö.
       Pomini─Öto element docelowy ÔÇ×CheckForImplicitPackageReferenceOverridesÔÇŁ. Wcze┼Ťniejsza kompilacja powiod┼éa si─Ö.
   1:7>Element docelowy ÔÇ×CheckForDuplicateItemsÔÇŁ w pliku ÔÇ×C:\Program Files\dotnet\sdk\8.0.101\Sdks\Microsoft.NET.Sdk\targets\Microsoft.NET.Sdk.DefaultItems.Shared.targetsÔÇŁ z projektu ÔÇ×C:\Users\emili\CascadeProjects\PhotoStudioManager\PhotoStudioManager.API\PhotoStudioManager.API.csprojÔÇŁ (zale┼╝y od niego element docelowy ÔÇ×_CheckForInvalidConfigurationAndPlatformÔÇŁ):
       U┼╝ywanie zadania ÔÇ×CheckForDuplicateItemsÔÇŁ z zestawu ÔÇ×C:\Program Files\dotnet\sdk\8.0.101\Sdks\Microsoft.NET.Sdk\targets\..\tools\net8.0\Microsoft.NET.Build.Tasks.dllÔÇŁ.
       Zadanie ÔÇ×CheckForDuplicateItemsÔÇŁ
       Wykonywanie zadania ÔÇ×CheckForDuplicateItemsÔÇŁ zako┼äczone.
       Zadanie ÔÇ×CheckForDuplicateItemsÔÇŁ
       Wykonywanie zadania ÔÇ×CheckForDuplicateItemsÔÇŁ zako┼äczone.
       Zadanie ÔÇ×CheckForDuplicateItemsÔÇŁ
       Wykonywanie zadania ÔÇ×CheckForDuplicateItemsÔÇŁ zako┼äczone.
   1:7>Wykonano kompilowanie elementu docelowego ÔÇ×CheckForDuplicateItemsÔÇŁ w projekcie ÔÇ×PhotoStudioManager.API.csprojÔÇŁ.
       Pomini─Öto element docelowy ÔÇ×WarnForExplicitVersionsÔÇŁ z powodu fa┼észywego warunku; ('@(SdkBuildWarning)' != '') oszacowano jako ('' != '').
       Pomini─Öto element docelowy ÔÇ×_CheckForFailedSDKResolutionÔÇŁ z powodu fa┼észywego warunku; ('$(SdkResolverHonoredGlobalJson)' == 'false') oszacowano jako ('' == 'false').
       Pomini─Öto element docelowy ÔÇ×_WarnWhenUsingNET8AndVSPriorTo178ÔÇŁ z powodu fa┼észywego warunku; ($([MSBuild]::VersionLessThan($(MSBuildVersion), '17.8.0')) and '$(TargetFrameworkIdentifier)' == '.NETCoreApp' and $([MSBuild]::VersionGreaterThanOrEquals($(_TargetFrameworkVersionWithoutV), '8.0'))) oszacowano jako (False and '.NETCoreApp' == '.NETCoreApp' and True).
       Pomini─Öto element docelowy ÔÇ×_CheckForInvalidWindowsDesktopTargetingConfigurationÔÇŁ z powodu fa┼észywego warunku; ('$(TargetFrameworkIdentifier)' == '.NETCoreApp' and $([MSBuild]::VersionGreaterThanOrEquals($(_TargetFrameworkVersionWithoutV), '5.0')) and ('$(UseWindowsForms)' == 'true' or '$(UseWPF)' == 'true')) oszacowano jako ('.NETCoreApp' == '.NETCoreApp' and True and ('' == 'true' or '' == 'true')).
       Pomini─Öto element docelowy ÔÇ×_CheckForUnnecessaryWindowsDesktopSDKÔÇŁ z powodu fa┼észywego warunku; ('$(TargetFrameworkIdentifier)' == '.NETCoreApp' and $([MSBuild]::VersionGreaterThanOrEquals($(_TargetFrameworkVersionWithoutV), '5.0')) and '$(_MicrosoftWindowsDesktopSdkImported)' == 'true' and '$(TargetFrameworks)' == '') oszacowano jako ('.NETCoreApp' == '.NETCoreApp' and True and '' == 'true' and '' == '').
       Pomini─Öto element docelowy ÔÇ×ProcessFrameworkReferencesÔÇŁ. Wcze┼Ťniejsza kompilacja powiod┼éa si─Ö.
       Pomini─Öto element docelowy ÔÇ×IncludeTargetingPackReferenceÔÇŁ z powodu fa┼észywego warunku; ('$(TargetFrameworkMoniker)' != '' and '$(TargetFrameworkIdentifier)' == '.NETFramework' and '$(AutomaticallyUseReferenceAssemblyPackages)' == 'true') oszacowano jako ('.NETCoreApp,Version=v8.0' != '' and '.NETCoreApp' == '.NETFramework' and 'true' == 'true').
   1:7>Element docelowy ÔÇ×_CheckForInvalidConfigurationAndPlatformÔÇŁ w pliku ÔÇ×C:\Program Files\dotnet\sdk\8.0.101\Microsoft.Common.CurrentVersion.targetsÔÇŁ z projektu ÔÇ×C:\Users\emili\CascadeProjects\PhotoStudioManager\PhotoStudioManager.API\PhotoStudioManager.API.csprojÔÇŁ (zale┼╝y od niego element docelowy ÔÇ×BeforeBuildÔÇŁ):
       Pomini─Öto zadanie ÔÇ×ErrorÔÇŁ z powodu fa┼észywego warunku; ( '$(_InvalidConfigurationError)' == 'true' ) oszacowano jako ( '' == 'true' ).
       Pomini─Öto zadanie ÔÇ×WarningÔÇŁ z powodu fa┼észywego warunku; ( '$(_InvalidConfigurationWarning)' == 'true' ) oszacowano jako ( '' == 'true' ).
       Zadanie ÔÇ×MessageÔÇŁ
         Configuration=Debug
       Wykonywanie zadania ÔÇ×MessageÔÇŁ zako┼äczone.
       Zadanie ÔÇ×MessageÔÇŁ
         Platform=AnyCPU
       Wykonywanie zadania ÔÇ×MessageÔÇŁ zako┼äczone.
       Pomini─Öto zadanie ÔÇ×ErrorÔÇŁ z powodu fa┼észywego warunku; ('$(OutDir)' != '' and !HasTrailingSlash('$(OutDir)')) oszacowano jako ('bin\Debug\net8.0\' != '' and !HasTrailingSlash('bin\Debug\net8.0\')).
       Pomini─Öto zadanie ÔÇ×ErrorÔÇŁ z powodu fa┼észywego warunku; ('$(IntermediateOutputPath)' != '' and !HasTrailingSlash('$(IntermediateOutputPath)')) oszacowano jako ('obj\Debug\net8.0\' != '' and !HasTrailingSlash('obj\Debug\net8.0\')).
       Pomini─Öto zadanie ÔÇ×ErrorÔÇŁ z powodu fa┼észywego warunku; ('$(BaseIntermediateOutputPath)' != '' and !HasTrailingSlash('$(BaseIntermediateOutputPath)')) oszacowano jako ('C:\Users\emili\CascadeProjects\PhotoStudioManager\PhotoStudioManager.API\obj\' != '' and !HasTrailingSlash('C:\Users\emili\CascadeProjects\PhotoStudioManager\PhotoStudioManager.API\obj\')).
       Pomini─Öto zadanie ÔÇ×ErrorÔÇŁ z powodu fa┼észywego warunku; ( '$(_InitialMSBuildProjectExtensionsPath)' != '' And '$(MSBuildProjectExtensionsPath)' != '$(_InitialMSBuildProjectExtensionsPath)' ) oszacowano jako ( 'C:\Users\emili\CascadeProjects\PhotoStudioManager\PhotoStudioManager.API\obj\' != '' And 'C:\Users\emili\CascadeProjects\PhotoStudioManager\PhotoStudioManager.API\obj\' != 'C:\Users\emili\CascadeProjects\PhotoStudioManager\PhotoStudioManager.API\obj\' ).
       Pomini─Öto zadanie ÔÇ×WarningÔÇŁ z powodu fa┼észywego warunku; ( '$(EnableBaseIntermediateOutputPathMismatchWarning)' == 'true' And '$(_InitialBaseIntermediateOutputPath)' != '$(BaseIntermediateOutputPath)' And '$(BaseIntermediateOutputPath)' != '$(MSBuildProjectExtensionsPath)' ) oszacowano jako ( 'true' == 'true' And 'obj\' != 'C:\Users\emili\CascadeProjects\PhotoStudioManager\PhotoStudioManager.API\obj\' And 'C:\Users\emili\CascadeProjects\PhotoStudioManager\PhotoStudioManager.API\obj\' != 'C:\Users\emili\CascadeProjects\PhotoStudioManager\PhotoStudioManager.API\obj\' ).
   1:7>Wykonano kompilowanie elementu docelowego ÔÇ×_CheckForInvalidConfigurationAndPlatformÔÇŁ w projekcie ÔÇ×PhotoStudioManager.API.csprojÔÇŁ.
   1:7>Element docelowy ÔÇ×ValidateCommandLinePropertiesÔÇŁ w pliku ÔÇ×C:\Program Files\dotnet\sdk\8.0.101\Sdks\Microsoft.NET.Sdk\targets\Microsoft.NET.Sdk.targetsÔÇŁ z projektu ÔÇ×C:\Users\emili\CascadeProjects\PhotoStudioManager\PhotoStudioManager.API\PhotoStudioManager.API.csprojÔÇŁ (zale┼╝y od niego element docelowy ÔÇ×BeforeBuildÔÇŁ):
   1:7>Wykonano kompilowanie elementu docelowego ÔÇ×ValidateCommandLinePropertiesÔÇŁ w projekcie ÔÇ×PhotoStudioManager.API.csprojÔÇŁ.
   1:7>Element docelowy ÔÇ×BeforeBuildÔÇŁ w pliku ÔÇ×C:\Program Files\dotnet\sdk\8.0.101\Microsoft.Common.CurrentVersion.targetsÔÇŁ z projektu ÔÇ×C:\Users\emili\CascadeProjects\PhotoStudioManager\PhotoStudioManager.API\PhotoStudioManager.API.csprojÔÇŁ (zale┼╝y od niego element docelowy ÔÇ×BuildÔÇŁ):
   1:7>Wykonano kompilowanie elementu docelowego ÔÇ×BeforeBuildÔÇŁ w projekcie ÔÇ×PhotoStudioManager.API.csprojÔÇŁ.
       Pomini─Öto element docelowy ÔÇ×_CheckForBuildWithNoBuildÔÇŁ z powodu fa┼észywego warunku; ('$(NoBuild)' == 'true' and '$(GeneratePackageOnBuild)' != 'true') oszacowano jako ('' == 'true' and 'false' != 'true').
   1:7>Element docelowy ÔÇ×BuildOnlySettingsÔÇŁ w pliku ÔÇ×C:\Program Files\dotnet\sdk\8.0.101\Microsoft.Common.CurrentVersion.targetsÔÇŁ z projektu ÔÇ×C:\Users\emili\CascadeProjects\PhotoStudioManager\PhotoStudioManager.API\PhotoStudioManager.API.csprojÔÇŁ (zale┼╝y od niego element docelowy ÔÇ×CoreBuildÔÇŁ):
   1:7>Wykonano kompilowanie elementu docelowego ÔÇ×BuildOnlySettingsÔÇŁ w projekcie ÔÇ×PhotoStudioManager.API.csprojÔÇŁ.
       Pomini─Öto element docelowy ÔÇ×_CheckForUnsupportedTargetFrameworkÔÇŁ z powodu fa┼észywego warunku; ('$(_UnsupportedTargetFrameworkError)' == 'true') oszacowano jako ('' == 'true').
       Pomini─Öto element docelowy ÔÇ×_CheckForUnsupportedTargetPlatformIdentifierÔÇŁ z powodu fa┼észywego warunku; ('$(TargetPlatformIdentifier)' != '' and '$(TargetFrameworkIdentifier)' == '.NETCoreApp' and $([MSBuild]::VersionGreaterThanOrEquals($(TargetFrameworkVersion), 5.0)) And ('$(DesignTimeBuild)' != 'true' Or '@(MissingWorkloadPack)' == '')) oszacowano jako ('' != '' and '.NETCoreApp' == '.NETCoreApp' and True And ('' != 'true' Or '' == '')).
       Pomini─Öto element docelowy ÔÇ×_CheckForMissingWorkloadÔÇŁ z powodu fa┼észywego warunku; ('@(MissingWorkloadPack)' != '' And '$(DesignTimeBuild)' != 'true') oszacowano jako ('' != '' And '' != 'true').
   1:7>Element docelowy ÔÇ×GetFrameworkPathsÔÇŁ w pliku ÔÇ×C:\Program Files\dotnet\sdk\8.0.101\Sdks\Microsoft.NET.Sdk\targets\Microsoft.NET.DisableStandardFrameworkResolution.targetsÔÇŁ z projektu ÔÇ×C:\Users\emili\CascadeProjects\PhotoStudioManager\PhotoStudioManager.API\PhotoStudioManager.API.csprojÔÇŁ (zale┼╝y od niego element docelowy ÔÇ×PrepareForBuildÔÇŁ):
   1:7>Wykonano kompilowanie elementu docelowego ÔÇ×GetFrameworkPathsÔÇŁ w projekcie ÔÇ×PhotoStudioManager.API.csprojÔÇŁ.
       Pomini─Öto element docelowy ÔÇ×_CheckForUnsupportedTargetFrameworkÔÇŁ z powodu fa┼észywego warunku; ('$(_UnsupportedTargetFrameworkError)' == 'true') oszacowano jako ('' == 'true').
       Pomini─Öto element docelowy ÔÇ×_CheckForUnsupportedTargetPlatformIdentifierÔÇŁ z powodu fa┼észywego warunku; ('$(TargetPlatformIdentifier)' != '' and '$(TargetFrameworkIdentifier)' == '.NETCoreApp' and $([MSBuild]::VersionGreaterThanOrEquals($(TargetFrameworkVersion), 5.0)) And ('$(DesignTimeBuild)' != 'true' Or '@(MissingWorkloadPack)' == '')) oszacowano jako ('' != '' and '.NETCoreApp' == '.NETCoreApp' and True And ('' != 'true' Or '' == '')).
       Pomini─Öto element docelowy ÔÇ×_CheckForMissingWorkloadÔÇŁ z powodu fa┼észywego warunku; ('@(MissingWorkloadPack)' != '' And '$(DesignTimeBuild)' != 'true') oszacowano jako ('' != '' And '' != 'true').
   1:7>Element docelowy ÔÇ×GetReferenceAssemblyPathsÔÇŁ w pliku ÔÇ×C:\Program Files\dotnet\sdk\8.0.101\Sdks\Microsoft.NET.Sdk\targets\Microsoft.NET.DisableStandardFrameworkResolution.targetsÔÇŁ z projektu ÔÇ×C:\Users\emili\CascadeProjects\PhotoStudioManager\PhotoStudioManager.API\PhotoStudioManager.API.csprojÔÇŁ (zale┼╝y od niego element docelowy ÔÇ×PrepareForBuildÔÇŁ):
   1:7>Wykonano kompilowanie elementu docelowego ÔÇ×GetReferenceAssemblyPathsÔÇŁ w projekcie ÔÇ×PhotoStudioManager.API.csprojÔÇŁ.
       Pomini─Öto element docelowy ÔÇ×AssignLinkMetadataÔÇŁ z powodu fa┼észywego warunku; ( '$(SynthesizeLinkMetadata)' == 'true' ) oszacowano jako ( '' == 'true' ).
   1:7>Element docelowy ÔÇ×ResolveRazorGenerateInputsÔÇŁ w pliku ÔÇ×C:\Program Files\dotnet\sdk\8.0.101\Sdks\Microsoft.NET.Sdk.Razor\targets\Sdk.Razor.CurrentVersion.targetsÔÇŁ z projektu ÔÇ×C:\Users\emili\CascadeProjects\PhotoStudioManager\PhotoStudioManager.API\PhotoStudioManager.API.csprojÔÇŁ (zale┼╝y od niego element docelowy ÔÇ×PrepareForBuildÔÇŁ):
   1:7>Wykonano kompilowanie elementu docelowego ÔÇ×ResolveRazorGenerateInputsÔÇŁ w projekcie ÔÇ×PhotoStudioManager.API.csprojÔÇŁ.
       Pomini─Öto element docelowy ÔÇ×_VerifyPackReleaseConfigurationsÔÇŁ z powodu fa┼észywego warunku; ('$(_IsPacking)' == 'true' and '$(DOTNET_CLI_DISABLE_PUBLISH_AND_PACK_RELEASE)' != 'true' and '$(DOTNET_CLI_LAZY_PUBLISH_AND_PACK_RELEASE_FOR_SOLUTIONS)' == 'true') oszacowano jako ('' == 'true' and '' != 'true' and '' == 'true').
   1:7>Element docelowy ÔÇ×PrepareForBuildÔÇŁ w pliku ÔÇ×C:\Program Files\dotnet\sdk\8.0.101\Microsoft.Common.CurrentVersion.targetsÔÇŁ z projektu ÔÇ×C:\Users\emili\CascadeProjects\PhotoStudioManager\PhotoStudioManager.API\PhotoStudioManager.API.csprojÔÇŁ (zale┼╝y od niego element docelowy ÔÇ×CoreBuildÔÇŁ):
       U┼╝ywanie zadania ÔÇ×FindAppConfigFileÔÇŁ z zestawu ÔÇ×Microsoft.Build.Tasks.Core, Version=15.1.0.0, Culture=neutral, PublicKeyToken=b03f5f7f11d50a3aÔÇŁ.
       Zadanie ÔÇ×FindAppConfigFileÔÇŁ
       Wykonywanie zadania ÔÇ×FindAppConfigFileÔÇŁ zako┼äczone.
       U┼╝ywanie zadania ÔÇ×MakeDirÔÇŁ z zestawu ÔÇ×Microsoft.Build.Tasks.Core, Version=15.1.0.0, Culture=neutral, PublicKeyToken=b03f5f7f11d50a3aÔÇŁ.
       Zadanie ÔÇ×MakeDirÔÇŁ
       Wykonywanie zadania ÔÇ×MakeDirÔÇŁ zako┼äczone.
   1:7>Wykonano kompilowanie elementu docelowego ÔÇ×PrepareForBuildÔÇŁ w projekcie ÔÇ×PhotoStudioManager.API.csprojÔÇŁ.
   1:7>Element docelowy ÔÇ×GenerateGlobalUsingsÔÇŁ w pliku ÔÇ×C:\Program Files\dotnet\sdk\8.0.101\Sdks\Microsoft.NET.Sdk\targets\Microsoft.NET.GenerateGlobalUsings.targetsÔÇŁ z projektu ÔÇ×C:\Users\emili\CascadeProjects\PhotoStudioManager\PhotoStudioManager.API\PhotoStudioManager.API.csprojÔÇŁ (zale┼╝y od niego element docelowy ÔÇ×CoreBuildÔÇŁ):
       U┼╝ywanie zadania ÔÇ×GenerateGlobalUsingsÔÇŁ z zestawu ÔÇ×C:\Program Files\dotnet\sdk\8.0.101\Sdks\Microsoft.NET.Sdk\targets\..\tools\net8.0\Microsoft.NET.Build.Tasks.dllÔÇŁ.
       Zadanie ÔÇ×GenerateGlobalUsingsÔÇŁ
       Wykonywanie zadania ÔÇ×GenerateGlobalUsingsÔÇŁ zako┼äczone.
       U┼╝ywanie zadania ÔÇ×WriteLinesToFileÔÇŁ z zestawu ÔÇ×Microsoft.Build.Tasks.Core, Version=15.1.0.0, Culture=neutral, PublicKeyToken=b03f5f7f11d50a3aÔÇŁ.
       Zadanie ÔÇ×WriteLinesToFileÔÇŁ
         Pomijanie zapisu w pliku ÔÇ×obj\Debug\net8.0\PhotoStudioManager.API.GlobalUsings.g.csÔÇŁ, poniewa┼╝ jego zawarto┼Ť─ç nie uleg┼éaby zmianie.
       Wykonywanie zadania ÔÇ×WriteLinesToFileÔÇŁ zako┼äczone.
   1:7>Wykonano kompilowanie elementu docelowego ÔÇ×GenerateGlobalUsingsÔÇŁ w projekcie ÔÇ×PhotoStudioManager.API.csprojÔÇŁ.
       Pomini─Öto element docelowy ÔÇ×PreBuildEventÔÇŁ z powodu fa┼észywego warunku; ('$(PreBuildEvent)'!='') oszacowano jako (''!='').
   1:7>Element docelowy ÔÇ×BeforeResolveReferencesÔÇŁ w pliku ÔÇ×C:\Program Files\dotnet\sdk\8.0.101\Microsoft.Common.CurrentVersion.targetsÔÇŁ z projektu ÔÇ×C:\Users\emili\CascadeProjects\PhotoStudioManager\PhotoStudioManager.API\PhotoStudioManager.API.csprojÔÇŁ (zale┼╝y od niego element docelowy ÔÇ×ResolveReferencesÔÇŁ):
   1:7>Wykonano kompilowanie elementu docelowego ÔÇ×BeforeResolveReferencesÔÇŁ w projekcie ÔÇ×PhotoStudioManager.API.csprojÔÇŁ.
   1:7>Element docelowy ÔÇ×IgnoreJavaScriptOutputAssemblyÔÇŁ w pliku ÔÇ×C:\Program Files\dotnet\sdk\8.0.101\Microsoft.Common.CurrentVersion.targetsÔÇŁ z projektu ÔÇ×C:\Users\emili\CascadeProjects\PhotoStudioManager\PhotoStudioManager.API\PhotoStudioManager.API.csprojÔÇŁ (zale┼╝y od niego element docelowy ÔÇ×AssignProjectConfigurationÔÇŁ):
   1:7>Wykonano kompilowanie elementu docelowego ÔÇ×IgnoreJavaScriptOutputAssemblyÔÇŁ w projekcie ÔÇ×PhotoStudioManager.API.csprojÔÇŁ.
       Pomini─Öto element docelowy ÔÇ×ProcessFrameworkReferencesÔÇŁ. Wcze┼Ťniejsza kompilacja powiod┼éa si─Ö.
   1:7>Element docelowy ÔÇ×_DefaultMicrosoftNETPlatformLibraryÔÇŁ w pliku ÔÇ×C:\Program Files\dotnet\sdk\8.0.101\Sdks\Microsoft.NET.Sdk\targets\Microsoft.NET.Sdk.Shared.targetsÔÇŁ z projektu ÔÇ×C:\Users\emili\CascadeProjects\PhotoStudioManager\PhotoStudioManager.API\PhotoStudioManager.API.csprojÔÇŁ (zale┼╝y od niego element docelowy ÔÇ×ResolvePackageAssetsÔÇŁ):
   1:7>Wykonano kompilowanie elementu docelowego ÔÇ×_DefaultMicrosoftNETPlatformLibraryÔÇŁ w projekcie ÔÇ×PhotoStudioManager.API.csprojÔÇŁ.
   1:7>Element docelowy ÔÇ×_ComputePackageReferencePublishÔÇŁ w pliku ÔÇ×C:\Program Files\dotnet\sdk\8.0.101\Sdks\Microsoft.NET.Sdk\targets\Microsoft.NET.Sdk.Shared.targetsÔÇŁ z projektu ÔÇ×C:\Users\emili\CascadeProjects\PhotoStudioManager\PhotoStudioManager.API\PhotoStudioManager.API.csprojÔÇŁ (zale┼╝y od niego element docelowy ÔÇ×ResolvePackageAssetsÔÇŁ):
   1:7>Wykonano kompilowanie elementu docelowego ÔÇ×_ComputePackageReferencePublishÔÇŁ w projekcie ÔÇ×PhotoStudioManager.API.csprojÔÇŁ.
       Pomini─Öto element docelowy ÔÇ×_ResolveCompilerVersionÔÇŁ z powodu fa┼észywego warunku; ('$(CompilerApiVersion)' == '' And
                            ('$(Language)' == 'C#' Or '$(Language)' == 'VB') And
                            Exists('$(RoslynTargetsPath)\Microsoft.Build.Tasks.CodeAnalysis.dll')) oszacowano jako ('roslyn4.8' == '' And
                            ('C#' == 'C#' Or 'C#' == 'VB') And
                            Exists('C:\Program Files\dotnet\sdk\8.0.101\Roslyn\Microsoft.Build.Tasks.CodeAnalysis.dll')).
   1:7>Element docelowy ÔÇ×ResolvePackageAssetsÔÇŁ w pliku ÔÇ×C:\Program Files\dotnet\sdk\8.0.101\Sdks\Microsoft.NET.Sdk\targets\Microsoft.PackageDependencyResolution.targetsÔÇŁ z projektu ÔÇ×C:\Users\emili\CascadeProjects\PhotoStudioManager\PhotoStudioManager.API\PhotoStudioManager.API.csprojÔÇŁ (zale┼╝y od niego element docelowy ÔÇ×ResolveLockFileReferencesÔÇŁ):
       U┼╝ywanie zadania ÔÇ×ResolvePackageAssetsÔÇŁ z zestawu ÔÇ×C:\Program Files\dotnet\sdk\8.0.101\Sdks\Microsoft.NET.Sdk\targets\..\tools\net8.0\Microsoft.NET.Build.Tasks.dllÔÇŁ.
       Zadanie ÔÇ×ResolvePackageAssetsÔÇŁ
       Wykonywanie zadania ÔÇ×ResolvePackageAssetsÔÇŁ zako┼äczone.
   1:7>Wykonano kompilowanie elementu docelowego ÔÇ×ResolvePackageAssetsÔÇŁ w projekcie ÔÇ×PhotoStudioManager.API.csprojÔÇŁ.
       Pomini─Öto element docelowy ÔÇ×AdjustDefaultPlatformTargetForNetFrameworkExeWithNoNativeCopyLocalItemsÔÇŁ z powodu fa┼észywego warunku; ('$(_UsingDefaultPlatformTarget)' == 'true' and
                            '$(_UsingDefaultRuntimeIdentifier)' == 'true') oszacowano jako ('true' == 'true' and
                            '' == 'true').
   1:7>Element docelowy ÔÇ×_CheckForTransitiveWindowsDesktopDependenciesÔÇŁ w pliku ÔÇ×C:\Program Files\dotnet\sdk\8.0.101\Sdks\Microsoft.NET.Sdk\targets\Microsoft.NET.Sdk.DefaultItems.Shared.targetsÔÇŁ z projektu ÔÇ×C:\Users\emili\CascadeProjects\PhotoStudioManager\PhotoStudioManager.API\PhotoStudioManager.API.csprojÔÇŁ (zale┼╝y od niego element docelowy ÔÇ×ResolveLockFileReferencesÔÇŁ):
       Pomini─Öto zadanie ÔÇ×NetSdkErrorÔÇŁ z powodu fa┼észywego warunku; ('@(_WindowsDesktopTransitiveFrameworkReference)' != '') oszacowano jako ('' != '').
   1:7>Wykonano kompilowanie elementu docelowego ÔÇ×_CheckForTransitiveWindowsDesktopDependenciesÔÇŁ w projekcie ÔÇ×PhotoStudioManager.API.csprojÔÇŁ.
   1:7>Element docelowy ÔÇ×AddTransitiveFrameworkReferencesÔÇŁ w pliku ÔÇ×C:\Program Files\dotnet\sdk\8.0.101\Sdks\Microsoft.NET.Sdk\targets\Microsoft.NET.Sdk.FrameworkReferenceResolution.targetsÔÇŁ z projektu ÔÇ×C:\Users\emili\CascadeProjects\PhotoStudioManager\PhotoStudioManager.API\PhotoStudioManager.API.csprojÔÇŁ (zale┼╝y od niego element docelowy ÔÇ×ResolveLockFileReferencesÔÇŁ):
   1:7>Wykonano kompilowanie elementu docelowego ÔÇ×AddTransitiveFrameworkReferencesÔÇŁ w projekcie ÔÇ×PhotoStudioManager.API.csprojÔÇŁ.
   1:7>Element docelowy ÔÇ×ResolveLockFileReferencesÔÇŁ w pliku ÔÇ×C:\Program Files\dotnet\sdk\8.0.101\Sdks\Microsoft.NET.Sdk\targets\Microsoft.PackageDependencyResolution.targetsÔÇŁ z projektu ÔÇ×C:\Users\emili\CascadeProjects\PhotoStudioManager\PhotoStudioManager.API\PhotoStudioManager.API.csprojÔÇŁ (zale┼╝y od niego element docelowy ÔÇ×ResolvePackageDependenciesForBuildÔÇŁ):
       U┼╝ywanie zadania ÔÇ×JoinItemsÔÇŁ z zestawu ÔÇ×C:\Program Files\dotnet\sdk\8.0.101\Sdks\Microsoft.NET.Sdk\targets\..\tools\net8.0\Microsoft.NET.Build.Tasks.dllÔÇŁ.
       Zadanie ÔÇ×JoinItemsÔÇŁ
       Wykonywanie zadania ÔÇ×JoinItemsÔÇŁ zako┼äczone.
   1:7>Wykonano kompilowanie elementu docelowego ÔÇ×ResolveLockFileReferencesÔÇŁ w projekcie ÔÇ×PhotoStudioManager.API.csprojÔÇŁ.
       Pomini─Öto element docelowy ÔÇ×ResolvePackageAssetsÔÇŁ. Wcze┼Ťniejsza kompilacja powiod┼éa si─Ö.
   1:7>Element docelowy ÔÇ×ResolveLockFileAnalyzersÔÇŁ w pliku ÔÇ×C:\Program Files\dotnet\sdk\8.0.101\Sdks\Microsoft.NET.Sdk\targets\Microsoft.PackageDependencyResolution.targetsÔÇŁ z projektu ÔÇ×C:\Users\emili\CascadeProjects\PhotoStudioManager\PhotoStudioManager.API\PhotoStudioManager.API.csprojÔÇŁ (zale┼╝y od niego element docelowy ÔÇ×ResolvePackageDependenciesForBuildÔÇŁ):
   1:7>Wykonano kompilowanie elementu docelowego ÔÇ×ResolveLockFileAnalyzersÔÇŁ w projekcie ÔÇ×PhotoStudioManager.API.csprojÔÇŁ.
       Pomini─Öto element docelowy ÔÇ×ResolvePackageAssetsÔÇŁ. Wcze┼Ťniejsza kompilacja powiod┼éa si─Ö.
       Pomini─Öto element docelowy ÔÇ×RunProduceContentAssetsÔÇŁ z powodu fa┼észywego warunku; ('@(_ContentFilesToPreprocess)' != '' and '$(_CleaningWithoutRebuilding)' != 'true') oszacowano jako ('' != '' and '' != 'true').
   1:7>Element docelowy ÔÇ×ResolveLockFileCopyLocalFilesÔÇŁ w pliku ÔÇ×C:\Program Files\dotnet\sdk\8.0.101\Sdks\Microsoft.NET.Sdk\targets\Microsoft.PackageDependencyResolution.targetsÔÇŁ z projektu ÔÇ×C:\Users\emili\CascadeProjects\PhotoStudioManager\PhotoStudioManager.API\PhotoStudioManager.API.csprojÔÇŁ (zale┼╝y od niego element docelowy ÔÇ×ResolvePackageDependenciesForBuildÔÇŁ):
   1:7>Wykonano kompilowanie elementu docelowego ÔÇ×ResolveLockFileCopyLocalFilesÔÇŁ w projekcie ÔÇ×PhotoStudioManager.API.csprojÔÇŁ.
       Pomini─Öto element docelowy ÔÇ×ResolveRuntimePackAssetsÔÇŁ z powodu fa┼észywego warunku; ('@(RuntimePack)' != '') oszacowano jako ('' != '').
       Pomini─Öto element docelowy ÔÇ×RunProduceContentAssetsÔÇŁ z powodu fa┼észywego warunku; ('@(_ContentFilesToPreprocess)' != '' and '$(_CleaningWithoutRebuilding)' != 'true') oszacowano jako ('' != '' and '' != 'true').
       Pomini─Öto element docelowy ÔÇ×ResolvePackageAssetsÔÇŁ. Wcze┼Ťniejsza kompilacja powiod┼éa si─Ö.
   1:7>Element docelowy ÔÇ×IncludeTransitiveProjectReferencesÔÇŁ w pliku ÔÇ×C:\Program Files\dotnet\sdk\8.0.101\Sdks\Microsoft.NET.Sdk\targets\Microsoft.PackageDependencyResolution.targetsÔÇŁ z projektu ÔÇ×C:\Users\emili\CascadeProjects\PhotoStudioManager\PhotoStudioManager.API\PhotoStudioManager.API.csprojÔÇŁ (zale┼╝y od niego element docelowy ÔÇ×ResolvePackageDependenciesForBuildÔÇŁ):
   1:7>Wykonano kompilowanie elementu docelowego ÔÇ×IncludeTransitiveProjectReferencesÔÇŁ w projekcie ÔÇ×PhotoStudioManager.API.csprojÔÇŁ.
   1:7>Element docelowy ÔÇ×ResolvePackageDependenciesForBuildÔÇŁ w pliku ÔÇ×C:\Program Files\dotnet\sdk\8.0.101\Sdks\Microsoft.NET.Sdk\targets\Microsoft.PackageDependencyResolution.targetsÔÇŁ z projektu ÔÇ×C:\Users\emili\CascadeProjects\PhotoStudioManager\PhotoStudioManager.API\PhotoStudioManager.API.csprojÔÇŁ (zale┼╝y od niego element docelowy ÔÇ×AssignProjectConfigurationÔÇŁ):
   1:7>Wykonano kompilowanie elementu docelowego ÔÇ×ResolvePackageDependenciesForBuildÔÇŁ w projekcie ÔÇ×PhotoStudioManager.API.csprojÔÇŁ.
       Pomini─Öto element docelowy ÔÇ×_System_Text_JsonAnalyzerMultiTargetingÔÇŁ z powodu fa┼észywego warunku; ('$(SupportsRoslynComponentVersioning)' != 'true') oszacowano jako ('true' != 'true').
       Pomini─Öto element docelowy ÔÇ×_System_Text_JsonRemoveAnalyzersÔÇŁ z powodu fa┼észywego warunku; ('$(DisableSystemTextJsonSourceGenerator)' == 'true') oszacowano jako ('' == 'true').
       Pomini─Öto element docelowy ÔÇ×_Microsoft_Extensions_OptionsAnalyzerMultiTargetingÔÇŁ z powodu fa┼észywego warunku; ('$(SupportsRoslynComponentVersioning)' != 'true') oszacowano jako ('true' != 'true').
       Pomini─Öto element docelowy ÔÇ×_Microsoft_Extensions_OptionsRemoveAnalyzersÔÇŁ z powodu fa┼észywego warunku; ('$(DisableMicrosoftExtensionsOptionsSourceGenerator)' == 'true') oszacowano jako ('' == 'true').
       Pomini─Öto element docelowy ÔÇ×_Microsoft_Extensions_Logging_AbstractionsAnalyzerMultiTargetingÔÇŁ z powodu fa┼észywego warunku; ('$(SupportsRoslynComponentVersioning)' != 'true') oszacowano jako ('true' != 'true').
       Pomini─Öto element docelowy ÔÇ×_Microsoft_Extensions_Logging_AbstractionsRemoveAnalyzersÔÇŁ z powodu fa┼észywego warunku; ('$(DisableMicrosoftExtensionsLoggingSourceGenerator)' == 'true') oszacowano jako ('' == 'true').
   1:7>Element docelowy ÔÇ×AssignProjectConfigurationÔÇŁ w pliku ÔÇ×C:\Program Files\dotnet\sdk\8.0.101\Microsoft.Common.CurrentVersion.targetsÔÇŁ z projektu ÔÇ×C:\Users\emili\CascadeProjects\PhotoStudioManager\PhotoStudioManager.API\PhotoStudioManager.API.csprojÔÇŁ (zale┼╝y od niego element docelowy ÔÇ×ResolveReferencesÔÇŁ):
       U┼╝ywanie zadania ÔÇ×AssignProjectConfigurationÔÇŁ z zestawu ÔÇ×Microsoft.Build.Tasks.Core, Version=15.1.0.0, Culture=neutral, PublicKeyToken=b03f5f7f11d50a3aÔÇŁ.
       Zadanie ÔÇ×AssignProjectConfigurationÔÇŁ
         Odwo┼éanie do projektu ÔÇ×..\PhotoStudioManager.Core\PhotoStudioManager.Core.csprojÔÇŁ nie zosta┼éo rozpoznane.
         Odwo┼éanie do projektu ÔÇ×..\PhotoStudioManager.Infrastructure\PhotoStudioManager.Infrastructure.csprojÔÇŁ nie zosta┼éo rozpoznane.
       Wykonywanie zadania ÔÇ×AssignProjectConfigurationÔÇŁ zako┼äczone.
   1:7>Wykonano kompilowanie elementu docelowego ÔÇ×AssignProjectConfigurationÔÇŁ w projekcie ÔÇ×PhotoStudioManager.API.csprojÔÇŁ.
       Pomini─Öto element docelowy ÔÇ×AssignProjectConfigurationÔÇŁ. Wcze┼Ťniejsza kompilacja powiod┼éa si─Ö.
   1:7>Element docelowy ÔÇ×_SplitProjectReferencesByFileExistenceÔÇŁ w pliku ÔÇ×C:\Program Files\dotnet\sdk\8.0.101\Microsoft.Common.CurrentVersion.targetsÔÇŁ z projektu ÔÇ×C:\Users\emili\CascadeProjects\PhotoStudioManager\PhotoStudioManager.API\PhotoStudioManager.API.csprojÔÇŁ (zale┼╝y od niego element docelowy ÔÇ×PrepareProjectReferencesÔÇŁ):
       Pomini─Öto zadanie ÔÇ×ResolveNonMSBuildProjectOutputÔÇŁ z powodu fa┼észywego warunku; ('$(BuildingInsideVisualStudio)'=='true' and '@(ProjectReferenceWithConfiguration)'!='') oszacowano jako (''=='true' and '..\PhotoStudioManager.Core\PhotoStudioManager.Core.csproj;..\PhotoStudioManager.Infrastructure\PhotoStudioManager.Infrastructure.csproj'!='').
   1:7>Wykonano kompilowanie elementu docelowego ÔÇ×_SplitProjectReferencesByFileExistenceÔÇŁ w projekcie ÔÇ×PhotoStudioManager.API.csprojÔÇŁ.
   1:7>Element docelowy ÔÇ×_AddOutputPathToGlobalPropertiesToRemoveÔÇŁ w pliku ÔÇ×C:\Program Files\dotnet\sdk\8.0.101\Microsoft.Common.CurrentVersion.targetsÔÇŁ z projektu ÔÇ×C:\Users\emili\CascadeProjects\PhotoStudioManager\PhotoStudioManager.API\PhotoStudioManager.API.csprojÔÇŁ (zale┼╝y od niego element docelowy ÔÇ×_GetProjectReferenceTargetFrameworkPropertiesÔÇŁ):
   1:7>Wykonano kompilowanie elementu docelowego ÔÇ×_AddOutputPathToGlobalPropertiesToRemoveÔÇŁ w projekcie ÔÇ×PhotoStudioManager.API.csprojÔÇŁ.
   1:7>Element docelowy ÔÇ×_GetProjectReferenceTargetFrameworkPropertiesÔÇŁ w pliku ÔÇ×C:\Program Files\dotnet\sdk\8.0.101\Microsoft.Common.CurrentVersion.targetsÔÇŁ z projektu ÔÇ×C:\Users\emili\CascadeProjects\PhotoStudioManager\PhotoStudioManager.API\PhotoStudioManager.API.csprojÔÇŁ (zale┼╝y od niego element docelowy ÔÇ×PrepareProjectReferencesÔÇŁ):
       Zadanie ÔÇ×MSBuildÔÇŁ
         Usuwanie w┼éa┼Ťciwo┼Ťci:
           WebPublishProfileFile
           TargetFramework
           RuntimeIdentifier
           SelfContained
     0>Trwa rozpoznawanie zestawu SDK ÔÇ×Microsoft.NET.SdkÔÇŁ...
       Ponowne przypisanie w┼éa┼Ťciwo┼Ťci: $(ImportDirectoryBuildProps)=ÔÇ×falseÔÇŁ (poprzednia warto┼Ť─ç: ÔÇ×trueÔÇŁ) w C:\Program Files\dotnet\sdk\8.0.101\Sdks\Microsoft.NET.Sdk\Sdk\Sdk.props (57,5)
       W┼éa┼Ťciwo┼Ť─ç ÔÇ×MSBuildExtensionsPathÔÇŁ o warto┼Ťci ÔÇ×C:\Program Files\dotnet\sdk\8.0.101\ÔÇŁ rozwini─Öto ze ┼Ťrodowiska.
       Ponowne przypisanie w┼éa┼Ťciwo┼Ťci: $(MSBuildProjectExtensionsPath)=ÔÇ×C:\Users\emili\CascadeProjects\PhotoStudioManager\PhotoStudioManager.Core\obj\ÔÇŁ (poprzednia warto┼Ť─ç: ÔÇ×obj\ÔÇŁ) w C:\Program Files\dotnet\sdk\8.0.101\Current\Microsoft.Common.props (60,5)
       W┼éa┼Ťciwo┼Ť─ç ÔÇ×USERPROFILEÔÇŁ o warto┼Ťci ÔÇ×C:\Users\emiliÔÇŁ rozwini─Öto ze ┼Ťrodowiska.
       Ponowne przypisanie w┼éa┼Ťciwo┼Ťci: $(ImportDirectoryBuildProps)=ÔÇ×falseÔÇŁ (poprzednia warto┼Ť─ç: ÔÇ×trueÔÇŁ) w C:\Program Files\dotnet\sdk\8.0.101\Sdks\Microsoft.NET.Sdk\Sdk\Sdk.props (57,5)
       W┼éa┼Ťciwo┼Ť─ç ÔÇ×MSBuildExtensionsPathÔÇŁ o warto┼Ťci ÔÇ×C:\Program Files\dotnet\sdk\8.0.101\ÔÇŁ rozwini─Öto ze ┼Ťrodowiska.
       Ponowne przypisanie w┼éa┼Ťciwo┼Ťci: $(MSBuildProjectExtensionsPath)=ÔÇ×C:\Users\emili\CascadeProjects\PhotoStudioManager\PhotoStudioManager.Infrastructure\obj\ÔÇŁ (poprzednia warto┼Ť─ç: ÔÇ×obj\ÔÇŁ) w C:\Program Files\dotnet\sdk\8.0.101\Current\Microsoft.Common.props (60,5)
       Ponowne przypisanie w┼éa┼Ťciwo┼Ťci: $(AssemblySearchPaths)=ÔÇ×{CandidateAssemblyFiles};{HintPathFromItem}ÔÇŁ (poprzednia warto┼Ť─ç: ÔÇ×{CandidateAssemblyFiles}ÔÇŁ) w C:\Program Files\dotnet\sdk\8.0.101\Sdks\Microsoft.NET.Sdk\targets\Microsoft.NET.Sdk.props (91,5)
       Ponowne przypisanie w┼éa┼Ťciwo┼Ťci: $(AssemblySearchPaths)=ÔÇ×{CandidateAssemblyFiles};{HintPathFromItem};{TargetFrameworkDirectory}ÔÇŁ (poprzednia warto┼Ť─ç: ÔÇ×{CandidateAssemblyFiles};{HintPathFromItem}ÔÇŁ) w C:\Program Files\dotnet\sdk\8.0.101\Sdks\Microsoft.NET.Sdk\targets\Microsoft.NET.Sdk.props (92,5)
       Ponowne przypisanie w┼éa┼Ťciwo┼Ťci: $(AssemblySearchPaths)=ÔÇ×{CandidateAssemblyFiles};{HintPathFromItem};{TargetFrameworkDirectory};{RawFileName}ÔÇŁ (poprzednia warto┼Ť─ç: ÔÇ×{CandidateAssemblyFiles};{HintPathFromItem};{TargetFrameworkDirectory}ÔÇŁ) w C:\Program Files\dotnet\sdk\8.0.101\Sdks\Microsoft.NET.Sdk\targets\Microsoft.NET.Sdk.props (93,5)
       Ponowne przypisanie w┼éa┼Ťciwo┼Ťci: $(TargetsForTfmSpecificContentInPackage)=ÔÇ×;PackTool;_PackProjectToolValidationÔÇŁ (poprzednia warto┼Ť─ç: ÔÇ×;PackToolÔÇŁ) w C:\Program Files\dotnet\sdk\8.0.101\Sdks\Microsoft.NET.Sdk\targets\Microsoft.NET.PackProjectTool.props (15,5)
       W┼éa┼Ťciwo┼Ť─ç ÔÇ×USERPROFILEÔÇŁ o warto┼Ťci ÔÇ×C:\Users\emiliÔÇŁ rozwini─Öto ze ┼Ťrodowiska.
       Ponowne przypisanie w┼éa┼Ťciwo┼Ťci: $(PublishProfileImported)=ÔÇ×falseÔÇŁ (poprzednia warto┼Ť─ç: ÔÇ×trueÔÇŁ) w C:\Program Files\dotnet\sdk\8.0.101\Sdks\Microsoft.NET.Sdk\targets\Microsoft.NET.Sdk.ImportPublishProfile.targets (28,5)
       Ponowne przypisanie w┼éa┼Ťciwo┼Ťci: $(TargetPlatformVersion)=ÔÇ×ÔÇŁ (poprzednia warto┼Ť─ç: ÔÇ×0.0ÔÇŁ) w C:\Program Files\dotnet\sdk\8.0.101\Sdks\Microsoft.NET.Sdk\targets\Microsoft.NET.TargetFrameworkInference.targets (69,5)
       Ponowne przypisanie w┼éa┼Ťciwo┼Ťci: $(DefaultItemExcludes)=ÔÇ×;bin\Debug\/**;obj\Debug\/**ÔÇŁ (poprzednia warto┼Ť─ç: ÔÇ×;bin\Debug\/**ÔÇŁ) w C:\Program Files\dotnet\sdk\8.0.101\Sdks\Microsoft.NET.Sdk\targets\Microsoft.NET.DefaultOutputPaths.targets (122,5)
       Ponowne przypisanie w┼éa┼Ťciwo┼Ťci: $(OutputPath)=ÔÇ×bin\Debug\net8.0\ÔÇŁ (poprzednia warto┼Ť─ç: ÔÇ×bin\Debug\ÔÇŁ) w C:\Program Files\dotnet\sdk\8.0.101\Sdks\Microsoft.NET.Sdk\targets\Microsoft.NET.DefaultOutputPaths.targets (137,5)
       Ponowne przypisanie w┼éa┼Ťciwo┼Ťci: $(IntermediateOutputPath)=ÔÇ×obj\Debug\net8.0\ÔÇŁ (poprzednia warto┼Ť─ç: ÔÇ×obj\Debug\ÔÇŁ) w C:\Program Files\dotnet\sdk\8.0.101\Sdks\Microsoft.NET.Sdk\targets\Microsoft.NET.DefaultOutputPaths.targets (142,5)
       Ponowne przypisanie w┼éa┼Ťciwo┼Ťci: $(_FrameworkIdentifierForImplicitDefine)=ÔÇ×NETÔÇŁ (poprzednia warto┼Ť─ç: ÔÇ×NETCOREAPPÔÇŁ) w C:\Program Files\dotnet\sdk\8.0.101\Sdks\Microsoft.NET.Sdk\targets\Microsoft.NET.Sdk.BeforeCommon.targets (187,5)
       Ponowne przypisanie w┼éa┼Ťciwo┼Ťci: $(_FrameworkVersionForImplicitDefine)=ÔÇ×8_0ÔÇŁ (poprzednia warto┼Ť─ç: ÔÇ×8.0ÔÇŁ) w C:\Program Files\dotnet\sdk\8.0.101\Sdks\Microsoft.NET.Sdk\targets\Microsoft.NET.Sdk.BeforeCommon.targets (192,5)
       Ponowne przypisanie w┼éa┼Ťciwo┼Ťci: $(CommandLineArgsForDesignTimeEvaluation)=ÔÇ×-langversion:12.0 -define:TRACEÔÇŁ (poprzednia warto┼Ť─ç: ÔÇ×-langversion:12.0ÔÇŁ) w C:\Program Files\dotnet\sdk\8.0.101\Roslyn\Microsoft.CSharp.Core.targets (197,5)
       Ponowne przypisanie w┼éa┼Ťciwo┼Ťci: $(_DebugSymbolsProduced)=ÔÇ×trueÔÇŁ (poprzednia warto┼Ť─ç: ÔÇ×falseÔÇŁ) w C:\Program Files\dotnet\sdk\8.0.101\Microsoft.Common.CurrentVersion.targets (175,5)
       Ponowne przypisanie w┼éa┼Ťciwo┼Ťci: $(_DocumentationFileProduced)=ÔÇ×falseÔÇŁ (poprzednia warto┼Ť─ç: ÔÇ×trueÔÇŁ) w C:\Program Files\dotnet\sdk\8.0.101\Microsoft.Common.CurrentVersion.targets (185,5)
       Ponowne przypisanie w┼éa┼Ťciwo┼Ťci: $(ProcessorArchitecture)=ÔÇ×msilÔÇŁ (poprzednia warto┼Ť─ç: ÔÇ×ÔÇŁ) w C:\Program Files\dotnet\sdk\8.0.101\Microsoft.Common.CurrentVersion.targets (529,5)
       Ponowne przypisanie w┼éa┼Ťciwo┼Ťci: $(DelaySign)=ÔÇ×ÔÇŁ (poprzednia warto┼Ť─ç: ÔÇ×falseÔÇŁ) w C:\Program Files\dotnet\sdk\8.0.101\Microsoft.Common.CurrentVersion.targets (568,5)
       Ponowne przypisanie w┼éa┼Ťciwo┼Ťci: $(AssemblySearchPaths)=ÔÇ×{CandidateAssemblyFiles};{HintPathFromItem}ÔÇŁ (poprzednia warto┼Ť─ç: ÔÇ×{CandidateAssemblyFiles}ÔÇŁ) w C:\Program Files\dotnet\sdk\8.0.101\Sdks\Microsoft.NET.Sdk\targets\Microsoft.NET.Sdk.props (91,5)
       W┼éa┼Ťciwo┼Ť─ç ÔÇ×LOCALAPPDATAÔÇŁ o warto┼Ťci ÔÇ×C:\Users\emili\AppData\LocalÔÇŁ rozwini─Öto ze ┼Ťrodowiska.
       Ponowne przypisanie w┼éa┼Ťciwo┼Ťci: $(AssemblySearchPaths)=ÔÇ×{CandidateAssemblyFiles};{HintPathFromItem};{TargetFrameworkDirectory}ÔÇŁ (poprzednia warto┼Ť─ç: ÔÇ×{CandidateAssemblyFiles};{HintPathFromItem}ÔÇŁ) w C:\Program Files\dotnet\sdk\8.0.101\Sdks\Microsoft.NET.Sdk\targets\Microsoft.NET.Sdk.props (92,5)
       Ponowne przypisanie w┼éa┼Ťciwo┼Ťci: $(AssemblySearchPaths)=ÔÇ×{CandidateAssemblyFiles};{HintPathFromItem};{TargetFrameworkDirectory};{RawFileName}ÔÇŁ (poprzednia warto┼Ť─ç: ÔÇ×{CandidateAssemblyFiles};{HintPathFromItem};{TargetFrameworkDirectory}ÔÇŁ) w C:\Program Files\dotnet\sdk\8.0.101\Sdks\Microsoft.NET.Sdk\targets\Microsoft.NET.Sdk.props (93,5)
       Ponowne przypisanie w┼éa┼Ťciwo┼Ťci: $(_SGenGenerateSerializationAssembliesConfig)=ÔÇ×AutoÔÇŁ (poprzednia warto┼Ť─ç: ÔÇ×ÔÇŁ) w C:\Program Files\dotnet\sdk\8.0.101\Microsoft.Common.CurrentVersion.targets (3824,5)
       Ponowne przypisanie w┼éa┼Ťciwo┼Ťci: $(_SGenGenerateSerializationAssembliesConfig)=ÔÇ×OffÔÇŁ (poprzednia warto┼Ť─ç: ÔÇ×AutoÔÇŁ) w C:\Program Files\dotnet\sdk\8.0.101\Microsoft.Common.CurrentVersion.targets (3825,5)
       Ponowne przypisanie w┼éa┼Ťciwo┼Ťci: $(_TargetsThatPrepareProjectReferences)=ÔÇ×
             AssignProjectConfiguration;
             _SplitProjectReferencesByFileExistence
           ÔÇŁ (poprzednia warto┼Ť─ç: ÔÇ×_SplitProjectReferencesByFileExistenceÔÇŁ) w C:\Program Files\dotnet\sdk\8.0.101\Microsoft.Common.CurrentVersion.targets (4976,5)
       W┼éa┼Ťciwo┼Ť─ç ÔÇ×MSBuildExtensionsPath32ÔÇŁ o warto┼Ťci ÔÇ×C:\Program Files\dotnet\sdk\8.0.101ÔÇŁ rozwini─Öto ze ┼Ťrodowiska.
       Trwa rozpoznawanie zestawu SDK ÔÇ×Microsoft.NET.SDK.WorkloadAutoImportPropsLocatorÔÇŁ...
       Ponowne przypisanie w┼éa┼Ťciwo┼Ťci: $(ProjectAssetsCacheFile)=ÔÇ×C:\Users\emili\CascadeProjects\PhotoStudioManager\PhotoStudioManager.Core\obj\Debug\net8.0\PhotoStudioManager.Core.assets.cacheÔÇŁ (poprzednia warto┼Ť─ç: ÔÇ×obj\Debug\net8.0\PhotoStudioManager.Core.assets.cacheÔÇŁ) w C:\Program Files\dotnet\sdk\8.0.101\Sdks\Microsoft.NET.Sdk\targets\Microsoft.PackageDependencyResolution.targets (29,5)
       Ponowne przypisanie w┼éa┼Ťciwo┼Ťci: $(ResolveAssemblyReferencesDependsOn)=ÔÇ×
             
             ResolveProjectReferences;
             FindInvalidProjectReferences;
             GetFrameworkPaths;
             GetReferenceAssemblyPaths;
             PrepareForBuild;
             ResolveSDKReferences;
             ExpandSDKReferences;
           ;
             ResolvePackageDependenciesForBuild;
             _HandlePackageFileConflicts;
           ÔÇŁ (poprzednia warto┼Ť─ç: ÔÇ×
             ResolveProjectReferences;
             FindInvalidProjectReferences;
             GetFrameworkPaths;
             GetReferenceAssemblyPaths;
             PrepareForBuild;
             ResolveSDKReferences;
             ExpandSDKReferences;
           ÔÇŁ) w C:\Program Files\dotnet\sdk\8.0.101\Sdks\Microsoft.NET.Sdk\targets\Microsoft.PackageDependencyResolution.targets (80,5)
       Ponowne przypisanie w┼éa┼Ťciwo┼Ťci: $(PrepareResourcesDependsOn)=ÔÇ×
             ResolvePackageDependenciesForBuild;
             _HandlePackageFileConflicts;
             
             ;
             PrepareResourceNames;
             ResGen;
             CompileLicxFiles
           
           ÔÇŁ (poprzednia warto┼Ť─ç: ÔÇ×
             ;
             PrepareResourceNames;
             ResGen;
             CompileLicxFiles
           ÔÇŁ) w C:\Program Files\dotnet\sdk\8.0.101\Sdks\Microsoft.NET.Sdk\targets\Microsoft.PackageDependencyResolution.targets (86,5)
       Ponowne przypisanie w┼éa┼Ťciwo┼Ťci: $(DefaultItemExcludes)=ÔÇ×;bin\Debug\/**;obj\Debug\/**;bin\/**ÔÇŁ (poprzednia warto┼Ť─ç: ÔÇ×;bin\Debug\/**;obj\Debug\/**ÔÇŁ) w C:\Program Files\dotnet\sdk\8.0.101\Sdks\Microsoft.NET.Sdk\targets\Microsoft.NET.Sdk.DefaultItems.targets (27,5)
       Ponowne przypisanie w┼éa┼Ťciwo┼Ťci: $(DefaultItemExcludes)=ÔÇ×;bin\Debug\/**;obj\Debug\/**;bin\/**;obj\/**ÔÇŁ (poprzednia warto┼Ť─ç: ÔÇ×;bin\Debug\/**;obj\Debug\/**;bin\/**ÔÇŁ) w C:\Program Files\dotnet\sdk\8.0.101\Sdks\Microsoft.NET.Sdk\targets\Microsoft.NET.Sdk.DefaultItems.targets (29,5)
       Ponowne przypisanie w┼éa┼Ťciwo┼Ťci: $(DefaultItemExcludes)=ÔÇ×;bin\Debug\/**;obj\Debug\/**;bin\/**;obj\/**;**/*.userÔÇŁ (poprzednia warto┼Ť─ç: ÔÇ×;bin\Debug\/**;obj\Debug\/**;bin\/**;obj\/**ÔÇŁ) w C:\Program Files\dotnet\sdk\8.0.101\Sdks\Microsoft.NET.Sdk\targets\Microsoft.NET.Sdk.DefaultItems.targets (32,5)
       Ponowne przypisanie w┼éa┼Ťciwo┼Ťci: $(DefaultItemExcludes)=ÔÇ×;bin\Debug\/**;obj\Debug\/**;bin\/**;obj\/**;**/*.user;**/*.*projÔÇŁ (poprzednia warto┼Ť─ç: ÔÇ×;bin\Debug\/**;obj\Debug\/**;bin\/**;obj\/**;**/*.userÔÇŁ) w C:\Program Files\dotnet\sdk\8.0.101\Sdks\Microsoft.NET.Sdk\targets\Microsoft.NET.Sdk.DefaultItems.targets (33,5)
       Ponowne przypisanie w┼éa┼Ťciwo┼Ťci: $(DefaultItemExcludes)=ÔÇ×;bin\Debug\/**;obj\Debug\/**;bin\/**;obj\/**;**/*.user;**/*.*proj;**/*.slnÔÇŁ (poprzednia warto┼Ť─ç: ÔÇ×;bin\Debug\/**;obj\Debug\/**;bin\/**;obj\/**;**/*.user;**/*.*projÔÇŁ) w C:\Program Files\dotnet\sdk\8.0.101\Sdks\Microsoft.NET.Sdk\targets\Microsoft.NET.Sdk.DefaultItems.targets (34,5)
       Ponowne przypisanie w┼éa┼Ťciwo┼Ťci: $(DefaultItemExcludes)=ÔÇ×;bin\Debug\/**;obj\Debug\/**;bin\/**;obj\/**;**/*.user;**/*.*proj;**/*.sln;**/*.vsssccÔÇŁ (poprzednia warto┼Ť─ç: ÔÇ×;bin\Debug\/**;obj\Debug\/**;bin\/**;obj\/**;**/*.user;**/*.*proj;**/*.slnÔÇŁ) w C:\Program Files\dotnet\sdk\8.0.101\Sdks\Microsoft.NET.Sdk\targets\Microsoft.NET.Sdk.DefaultItems.targets (35,5)
       Ponowne przypisanie w┼éa┼Ťciwo┼Ťci: $(DefaultItemExcludes)=ÔÇ×;bin\Debug\/**;obj\Debug\/**;bin\/**;obj\/**;**/*.user;**/*.*proj;**/*.sln;**/*.vssscc;**/.DS_StoreÔÇŁ (poprzednia warto┼Ť─ç: ÔÇ×;bin\Debug\/**;obj\Debug\/**;bin\/**;obj\/**;**/*.user;**/*.*proj;**/*.sln;**/*.vsssccÔÇŁ) w C:\Program Files\dotnet\sdk\8.0.101\Sdks\Microsoft.NET.Sdk\targets\Microsoft.NET.Sdk.DefaultItems.targets (36,5)
       Ponowne przypisanie w┼éa┼Ťciwo┼Ťci: $(ResolveAssemblyReferencesDependsOn)=ÔÇ×
             
             
             ResolveProjectReferences;
             FindInvalidProjectReferences;
             GetFrameworkPaths;
             GetReferenceAssemblyPaths;
             PrepareForBuild;
             ResolveSDKReferences;
             ExpandSDKReferences;
           ;
             ResolvePackageDependenciesForBuild;
             _HandlePackageFileConflicts;
           ;
             ResolveTargetingPackAssets;
           ÔÇŁ (poprzednia warto┼Ť─ç: ÔÇ×
             
             ResolveProjectReferences;
             FindInvalidProjectReferences;
             GetFrameworkPaths;
             GetReferenceAssemblyPaths;
             PrepareForBuild;
             ResolveSDKReferences;
             ExpandSDKReferences;
           ;
             ResolvePackageDependenciesForBuild;
             _HandlePackageFileConflicts;
           ÔÇŁ) w C:\Program Files\dotnet\sdk\8.0.101\Sdks\Microsoft.NET.Sdk\targets\Microsoft.NET.Sdk.FrameworkReferenceResolution.targets (14,5)
       Ponowne przypisanie w┼éa┼Ťciwo┼Ťci: $(_GenerateRuntimeConfigurationPropertyInputsCache)=ÔÇ×C:\Users\emili\CascadeProjects\PhotoStudioManager\PhotoStudioManager.Core\obj\Debug\net8.0\PhotoStudioManager.Core.genruntimeconfig.cacheÔÇŁ (poprzednia warto┼Ť─ç: ÔÇ×obj\Debug\net8.0\PhotoStudioManager.Core.genruntimeconfig.cacheÔÇŁ) w C:\Program Files\dotnet\sdk\8.0.101\Sdks\Microsoft.NET.Sdk\targets\Microsoft.NET.Sdk.targets (44,5)
       Ponowne przypisanie w┼éa┼Ťciwo┼Ťci: $(_GeneratePublishDependencyFilePropertyInputsCache)=ÔÇ×C:\Users\emili\CascadeProjects\PhotoStudioManager\PhotoStudioManager.Core\obj\Debug\net8.0\PhotoStudioManager.Core.genpublishdeps.cacheÔÇŁ (poprzednia warto┼Ť─ç: ÔÇ×obj\Debug\net8.0\PhotoStudioManager.Core.genpublishdeps.cacheÔÇŁ) w C:\Program Files\dotnet\sdk\8.0.101\Sdks\Microsoft.NET.Sdk\targets\Microsoft.NET.Sdk.targets (46,5)
       Ponowne przypisanie w┼éa┼Ťciwo┼Ťci: $(_GenerateSingleFileBundlePropertyInputsCache)=ÔÇ×C:\Users\emili\CascadeProjects\PhotoStudioManager\PhotoStudioManager.Core\obj\Debug\net8.0\PhotoStudioManager.Core.genbundle.cacheÔÇŁ (poprzednia warto┼Ť─ç: ÔÇ×obj\Debug\net8.0\PhotoStudioManager.Core.genbundle.cacheÔÇŁ) w C:\Program Files\dotnet\sdk\8.0.101\Sdks\Microsoft.NET.Sdk\targets\Microsoft.NET.Sdk.targets (48,5)
       Ponowne przypisanie w┼éa┼Ťciwo┼Ťci: $(GenerateRuntimeConfigDevFile)=ÔÇ×falseÔÇŁ (poprzednia warto┼Ť─ç: ÔÇ×trueÔÇŁ) w C:\Program Files\dotnet\sdk\8.0.101\Sdks\Microsoft.NET.Sdk\targets\Microsoft.NET.Sdk.targets (81,5)
       Ponowne przypisanie w┼éa┼Ťciwo┼Ťci: $(_DefaultUserProfileRuntimeStorePath)=ÔÇ×C:\Users\emiliÔÇŁ (poprzednia warto┼Ť─ç: ÔÇ×ÔÇŁ) w C:\Program Files\dotnet\sdk\8.0.101\Sdks\Microsoft.NET.Sdk\targets\Microsoft.NET.Sdk.targets (97,5)
       Ponowne przypisanie w┼éa┼Ťciwo┼Ťci: $(_DefaultUserProfileRuntimeStorePath)=ÔÇ×C:\Users\emili\.dotnet\storeÔÇŁ (poprzednia warto┼Ť─ç: ÔÇ×C:\Users\emiliÔÇŁ) w C:\Program Files\dotnet\sdk\8.0.101\Sdks\Microsoft.NET.Sdk\targets\Microsoft.NET.Sdk.targets (98,5)
       Ponowne przypisanie w┼éa┼Ťciwo┼Ťci: $(AvailablePlatforms)=ÔÇ×Any CPU,x86,x64,ARM32ÔÇŁ (poprzednia warto┼Ť─ç: ÔÇ×Any CPU,x86,x64ÔÇŁ) w C:\Program Files\dotnet\sdk\8.0.101\Sdks\Microsoft.NET.Sdk\targets\Microsoft.NET.Sdk.targets (136,5)
       Ponowne przypisanie w┼éa┼Ťciwo┼Ťci: $(AvailablePlatforms)=ÔÇ×Any CPU,x86,x64,ARM32,ARM64ÔÇŁ (poprzednia warto┼Ť─ç: ÔÇ×Any CPU,x86,x64,ARM32ÔÇŁ) w C:\Program Files\dotnet\sdk\8.0.101\Sdks\Microsoft.NET.Sdk\targets\Microsoft.NET.Sdk.targets (140,5)
       Ponowne przypisanie w┼éa┼Ťciwo┼Ťci: $(CoreBuildDependsOn)=ÔÇ×
             _CheckForBuildWithNoBuild;
             
             BuildOnlySettings;
             PrepareForBuild;
             PreBuildEvent;
             ResolveReferences;
             PrepareResources;
             ResolveKeySource;
             Compile;
             ExportWindowsMDFile;
             UnmanagedUnregistration;
             GenerateSerializationAssemblies;
             CreateSatelliteAssemblies;
             GenerateManifests;
             GetTargetPath;
             PrepareForRun;
             UnmanagedRegistration;
             IncrementalClean;
             PostBuildEvent
           ;
             GenerateBuildDependencyFile;
             GenerateBuildRuntimeConfigurationFiles
           ÔÇŁ (poprzednia warto┼Ť─ç: ÔÇ×
             BuildOnlySettings;
             PrepareForBuild;
             PreBuildEvent;
             ResolveReferences;
             PrepareResources;
             ResolveKeySource;
             Compile;
             ExportWindowsMDFile;
             UnmanagedUnregistration;
             GenerateSerializationAssemblies;
             CreateSatelliteAssemblies;
             GenerateManifests;
             GetTargetPath;
             PrepareForRun;
             UnmanagedRegistration;
             IncrementalClean;
             PostBuildEvent
           ÔÇŁ) w C:\Program Files\dotnet\sdk\8.0.101\Sdks\Microsoft.NET.Sdk\targets\Microsoft.NET.Sdk.targets (197,5)
       Ponowne przypisanie w┼éa┼Ťciwo┼Ťci: $(CoreCleanDependsOn)=ÔÇ×
             _SdkBeforeClean;
             
           ÔÇŁ (poprzednia warto┼Ť─ç: ÔÇ×ÔÇŁ) w C:\Program Files\dotnet\sdk\8.0.101\Sdks\Microsoft.NET.Sdk\targets\Microsoft.NET.Sdk.targets (206,5)
       Ponowne przypisanie w┼éa┼Ťciwo┼Ťci: $(RebuildDependsOn)=ÔÇ×
             _SdkBeforeRebuild;
             
             BeforeRebuild;
             Clean;
             Build;
             AfterRebuild;
           
           ÔÇŁ (poprzednia warto┼Ť─ç: ÔÇ×
             BeforeRebuild;
             Clean;
             Build;
             AfterRebuild;
           ÔÇŁ) w C:\Program Files\dotnet\sdk\8.0.101\Sdks\Microsoft.NET.Sdk\targets\Microsoft.NET.Sdk.targets (213,5)
       Ponowne przypisanie w┼éa┼Ťciwo┼Ťci: $(CompileDependsOn)=ÔÇ×
             
             ResolveReferences;
             ResolveKeySource;
             SetWin32ManifestProperties;
             FindReferenceAssembliesForReferences;
             _GenerateCompileInputs;
             BeforeCompile;
             _TimeStampBeforeCompile;
             _GenerateCompileDependencyCache;
             CoreCompile;
             _TimeStampAfterCompile;
             AfterCompile;
           ;
             _CreateAppHost;
             _CreateComHost;
             _GetIjwHostPaths;
           ÔÇŁ (poprzednia warto┼Ť─ç: ÔÇ×
             ResolveReferences;
             ResolveKeySource;
             SetWin32ManifestProperties;
             FindReferenceAssembliesForReferences;
             _GenerateCompileInputs;
             BeforeCompile;
             _TimeStampBeforeCompile;
             _GenerateCompileDependencyCache;
             CoreCompile;
             _TimeStampAfterCompile;
             AfterCompile;
           ÔÇŁ) w C:\Program Files\dotnet\sdk\8.0.101\Sdks\Microsoft.NET.Sdk\targets\Microsoft.NET.Sdk.targets (679,5)
       Ponowne przypisanie w┼éa┼Ťciwo┼Ťci: $(CreateSatelliteAssembliesDependsOn)=ÔÇ×
             
             _GenerateSatelliteAssemblyInputs;
             ComputeIntermediateSatelliteAssemblies;
             GenerateSatelliteAssemblies
           ;
             CoreGenerateSatelliteAssemblies
           ÔÇŁ (poprzednia warto┼Ť─ç: ÔÇ×
             _GenerateSatelliteAssemblyInputs;
             ComputeIntermediateSatelliteAssemblies;
             GenerateSatelliteAssemblies
           ÔÇŁ) w C:\Program Files\dotnet\sdk\8.0.101\Sdks\Microsoft.NET.Sdk\targets\Microsoft.NET.Sdk.targets (1065,5)
       Ponowne przypisanie w┼éa┼Ťciwo┼Ťci: $(SourceLinkUrlInitializerTargets)=ÔÇ×;_InitializeGitHubSourceLinkUrl;_InitializeGitLabSourceLinkUrlÔÇŁ (poprzednia warto┼Ť─ç: ÔÇ×;_InitializeGitHubSourceLinkUrlÔÇŁ) w C:\Program Files\dotnet\sdk\8.0.101\Sdks\Microsoft.SourceLink.GitLab\build\Microsoft.SourceLink.GitLab.targets (12,5)
       Ponowne przypisanie w┼éa┼Ťciwo┼Ťci: $(SourceControlManagerUrlTranslationTargets)=ÔÇ×;TranslateGitHubUrlsInSourceControlInformation;TranslateGitLabUrlsInSourceControlInformationÔÇŁ (poprzednia warto┼Ť─ç: ÔÇ×;TranslateGitHubUrlsInSourceControlInformationÔÇŁ) w C:\Program Files\dotnet\sdk\8.0.101\Sdks\Microsoft.SourceLink.GitLab\build\Microsoft.SourceLink.GitLab.targets (13,5)
       Ponowne przypisanie w┼éa┼Ťciwo┼Ťci: $(SourceLinkUrlInitializerTargets)=ÔÇ×;_InitializeGitHubSourceLinkUrl;_InitializeGitLabSourceLinkUrl;_InitializeAzureReposGitSourceLinkUrlÔÇŁ (poprzednia warto┼Ť─ç: ÔÇ×;_InitializeGitHubSourceLinkUrl;_InitializeGitLabSourceLinkUrlÔÇŁ) w C:\Program Files\dotnet\sdk\8.0.101\Sdks\Microsoft.SourceLink.AzureRepos.Git\build\Microsoft.SourceLink.AzureRepos.Git.targets (12,5)
       Ponowne przypisanie w┼éa┼Ťciwo┼Ťci: $(SourceControlManagerUrlTranslationTargets)=ÔÇ×;TranslateGitHubUrlsInSourceControlInformation;TranslateGitLabUrlsInSourceControlInformation;TranslateAzureReposGitUrlsInSourceControlInformationÔÇŁ (poprzednia warto┼Ť─ç: ÔÇ×;TranslateGitHubUrlsInSourceControlInformation;TranslateGitLabUrlsInSourceControlInformationÔÇŁ) w C:\Program Files\dotnet\sdk\8.0.101\Sdks\Microsoft.SourceLink.AzureRepos.Git\build\Microsoft.SourceLink.AzureRepos.Git.targets (13,5)
       Ponowne przypisanie w┼éa┼Ťciwo┼Ťci: $(SourceLinkUrlInitializerTargets)=ÔÇ×;_InitializeGitHubSourceLinkUrl;_InitializeGitLabSourceLinkUrl;_InitializeAzureReposGitSourceLinkUrl;_InitializeBitbucketGitSourceLinkUrlÔÇŁ (poprzednia warto┼Ť─ç: ÔÇ×;_InitializeGitHubSourceLinkUrl;_InitializeGitLabSourceLinkUrl;_InitializeAzureReposGitSourceLinkUrlÔÇŁ) w C:\Program Files\dotnet\sdk\8.0.101\Sdks\Microsoft.SourceLink.Bitbucket.Git\build\Microsoft.SourceLink.Bitbucket.Git.targets (12,5)
       Ponowne przypisanie w┼éa┼Ťciwo┼Ťci: $(SourceControlManagerUrlTranslationTargets)=ÔÇ×;TranslateGitHubUrlsInSourceControlInformation;TranslateGitLabUrlsInSourceControlInformation;TranslateAzureReposGitUrlsInSourceControlInformation;TranslateBitbucketGitUrlsInSourceControlInformationÔÇŁ (poprzednia warto┼Ť─ç: ÔÇ×;TranslateGitHubUrlsInSourceControlInformation;TranslateGitLabUrlsInSourceControlInformation;TranslateAzureReposGitUrlsInSourceControlInformationÔÇŁ) w C:\Program Files\dotnet\sdk\8.0.101\Sdks\Microsoft.SourceLink.Bitbucket.Git\build\Microsoft.SourceLink.Bitbucket.Git.targets (13,5)
       Ponowne przypisanie w┼éa┼Ťciwo┼Ťci: $(DesignerRuntimeImplementationProjectOutputGroupDependsOn)=ÔÇ×
             
             ;
             
             ;
             BuildOnlySettings;
             PrepareForBuild;
             AssignTargetPaths;
             ResolveReferences
           
           ;
             _GenerateDesignerDepsFile;
             _GenerateDesignerRuntimeConfigFile;
             GetCopyToOutputDirectoryItems;
             _GatherDesignerShadowCopyFiles;
           ÔÇŁ (poprzednia warto┼Ť─ç: ÔÇ×
             ;
             
             ;
             BuildOnlySettings;
             PrepareForBuild;
             AssignTargetPaths;
             ResolveReferences
           
           ÔÇŁ) w C:\Program Files\dotnet\sdk\8.0.101\Sdks\Microsoft.NET.Sdk\targets\Microsoft.NET.DesignerSupport.targets (21,5)
       Ponowne przypisanie w┼éa┼Ťciwo┼Ťci: $(_GenerateToolsSettingsFileCacheFile)=ÔÇ×C:\Users\emili\CascadeProjects\PhotoStudioManager\PhotoStudioManager.Core\obj\Debug\net8.0\PhotoStudioManager.Core.toolssettingsinput.cacheÔÇŁ (poprzednia warto┼Ť─ç: ÔÇ×obj\Debug\net8.0\PhotoStudioManager.Core.toolssettingsinput.cacheÔÇŁ) w C:\Program Files\dotnet\sdk\8.0.101\Sdks\Microsoft.NET.Sdk\targets\Microsoft.NET.PackTool.targets (68,5)
       Ponowne przypisanie w┼éa┼Ťciwo┼Ťci: $(_ShimInputCacheFile)=ÔÇ×C:\Users\emili\CascadeProjects\PhotoStudioManager\PhotoStudioManager.Core\obj\Debug\net8.0\PhotoStudioManager.Core.shiminput.cacheÔÇŁ (poprzednia warto┼Ť─ç: ÔÇ×obj\Debug\net8.0\PhotoStudioManager.Core.shiminput.cacheÔÇŁ) w C:\Program Files\dotnet\sdk\8.0.101\Sdks\Microsoft.NET.Sdk\targets\Microsoft.NET.PackTool.targets (137,5)
       Ponowne przypisanie w┼éa┼Ťciwo┼Ťci: $(_ShimCreatedSentinelFile)=ÔÇ×C:\Users\emili\CascadeProjects\PhotoStudioManager\PhotoStudioManager.Core\obj\Debug\net8.0\PhotoStudioManager.Core.shimcreated.sentinelÔÇŁ (poprzednia warto┼Ť─ç: ÔÇ×obj\Debug\net8.0\PhotoStudioManager.Core.shimcreated.sentinelÔÇŁ) w C:\Program Files\dotnet\sdk\8.0.101\Sdks\Microsoft.NET.Sdk\targets\Microsoft.NET.PackTool.targets (139,5)
       Ponowne przypisanie w┼éa┼Ťciwo┼Ťci: $(TargetsForTfmSpecificContentInPackage)=ÔÇ×;PackTool;_PackProjectToolValidationÔÇŁ (poprzednia warto┼Ť─ç: ÔÇ×;PackToolÔÇŁ) w C:\Program Files\dotnet\sdk\8.0.101\Sdks\Microsoft.NET.Sdk\targets\Microsoft.NET.PackProjectTool.props (15,5)
       Ponowne przypisanie w┼éa┼Ťciwo┼Ťci: $(DefineConstants)=ÔÇ×TRACE;DEBUGÔÇŁ (poprzednia warto┼Ť─ç: ÔÇ×TRACEÔÇŁ) w C:\Program Files\dotnet\sdk\8.0.101\Sdks\Microsoft.NET.Sdk\targets\Microsoft.NET.Sdk.CSharp.targets (31,5)
       Ponowne przypisanie w┼éa┼Ťciwo┼Ťci: $(DefineConstants)=ÔÇ×TRACE;DEBUG;NET;NET8_0;NETCOREAPPÔÇŁ (poprzednia warto┼Ť─ç: ÔÇ×TRACE;DEBUGÔÇŁ) w C:\Program Files\dotnet\sdk\8.0.101\Sdks\Microsoft.NET.Sdk\targets\Microsoft.NET.Sdk.CSharp.targets (34,5)
       Ponowne przypisanie w┼éa┼Ťciwo┼Ťci: $(WarningsAsErrors)=ÔÇ×;NU1605;SYSLIB0011ÔÇŁ (poprzednia warto┼Ť─ç: ÔÇ×;NU1605ÔÇŁ) w C:\Program Files\dotnet\sdk\8.0.101\Sdks\Microsoft.NET.Sdk\targets\Microsoft.NET.Sdk.CSharp.targets (48,5)
       Ponowne przypisanie w┼éa┼Ťciwo┼Ťci: $(PackageDescription)=ÔÇ×Package DescriptionÔÇŁ (poprzednia warto┼Ť─ç: ÔÇ×ÔÇŁ) w C:\Program Files\dotnet\sdk\8.0.101\Sdks\NuGet.Build.Tasks.Pack\build\NuGet.Build.Tasks.Pack.targets (34,5)
       Ponowne przypisanie w┼éa┼Ťciwo┼Ťci: $(GenerateNuspecDependsOn)=ÔÇ×Build;_LoadPackInputItems; _GetTargetFrameworksOutput; _WalkEachTargetPerFramework; _GetPackageFiles; ÔÇŁ (poprzednia warto┼Ť─ç: ÔÇ×_LoadPackInputItems; _GetTargetFrameworksOutput; _WalkEachTargetPerFramework; _GetPackageFiles; ÔÇŁ) w C:\Program Files\dotnet\sdk\8.0.101\Sdks\NuGet.Build.Tasks.Pack\build\NuGet.Build.Tasks.Pack.targets (59,5)
       Ponowne przypisanie w┼éa┼Ťciwo┼Ťci: $(PublishProfileImported)=ÔÇ×falseÔÇŁ (poprzednia warto┼Ť─ç: ÔÇ×trueÔÇŁ) w C:\Program Files\dotnet\sdk\8.0.101\Sdks\Microsoft.NET.Sdk\targets\Microsoft.NET.Sdk.ImportPublishProfile.targets (28,5)
       Ponowne przypisanie w┼éa┼Ťciwo┼Ťci: $(TargetPlatformVersion)=ÔÇ×ÔÇŁ (poprzednia warto┼Ť─ç: ÔÇ×0.0ÔÇŁ) w C:\Program Files\dotnet\sdk\8.0.101\Sdks\Microsoft.NET.Sdk\targets\Microsoft.NET.TargetFrameworkInference.targets (69,5)
       Ponowne przypisanie w┼éa┼Ťciwo┼Ťci: $(DefaultItemExcludes)=ÔÇ×;bin\Debug\/**;obj\Debug\/**ÔÇŁ (poprzednia warto┼Ť─ç: ÔÇ×;bin\Debug\/**ÔÇŁ) w C:\Program Files\dotnet\sdk\8.0.101\Sdks\Microsoft.NET.Sdk\targets\Microsoft.NET.DefaultOutputPaths.targets (122,5)
       Ponowne przypisanie w┼éa┼Ťciwo┼Ťci: $(OutputPath)=ÔÇ×bin\Debug\net8.0\ÔÇŁ (poprzednia warto┼Ť─ç: ÔÇ×bin\Debug\ÔÇŁ) w C:\Program Files\dotnet\sdk\8.0.101\Sdks\Microsoft.NET.Sdk\targets\Microsoft.NET.DefaultOutputPaths.targets (137,5)
       Ponowne przypisanie w┼éa┼Ťciwo┼Ťci: $(IntermediateOutputPath)=ÔÇ×obj\Debug\net8.0\ÔÇŁ (poprzednia warto┼Ť─ç: ÔÇ×obj\Debug\ÔÇŁ) w C:\Program Files\dotnet\sdk\8.0.101\Sdks\Microsoft.NET.Sdk\targets\Microsoft.NET.DefaultOutputPaths.targets (142,5)
       Trwa rozpoznawanie zestawu SDK ÔÇ×Microsoft.NET.SDK.WorkloadManifestTargetsLocatorÔÇŁ...
       Ponowne przypisanie w┼éa┼Ťciwo┼Ťci: $(_FrameworkIdentifierForImplicitDefine)=ÔÇ×NETÔÇŁ (poprzednia warto┼Ť─ç: ÔÇ×NETCOREAPPÔÇŁ) w C:\Program Files\dotnet\sdk\8.0.101\Sdks\Microsoft.NET.Sdk\targets\Microsoft.NET.Sdk.BeforeCommon.targets (187,5)
       Ponowne przypisanie w┼éa┼Ťciwo┼Ťci: $(_FrameworkVersionForImplicitDefine)=ÔÇ×8_0ÔÇŁ (poprzednia warto┼Ť─ç: ÔÇ×8.0ÔÇŁ) w C:\Program Files\dotnet\sdk\8.0.101\Sdks\Microsoft.NET.Sdk\targets\Microsoft.NET.Sdk.BeforeCommon.targets (192,5)
       Zast─Öpowanie elementu docelowego ÔÇ×ResolveFrameworkReferencesÔÇŁ w projekcie ÔÇ×C:\Program Files\dotnet\sdk\8.0.101\Microsoft.Common.CurrentVersion.targetsÔÇŁ elementem docelowym ÔÇ×ResolveFrameworkReferencesÔÇŁ z projektu ÔÇ×C:\Program Files\dotnet\sdk\8.0.101\Sdks\Microsoft.NET.Sdk\targets\Microsoft.NET.Sdk.FrameworkReferenceResolution.targetsÔÇŁ.
       Zast─Öpowanie elementu docelowego ÔÇ×RunÔÇŁ w projekcie ÔÇ×C:\Program Files\dotnet\sdk\8.0.101\Microsoft.Common.CurrentVersion.targetsÔÇŁ elementem docelowym ÔÇ×RunÔÇŁ z projektu ÔÇ×C:\Program Files\dotnet\sdk\8.0.101\Sdks\Microsoft.NET.Sdk\targets\Microsoft.NET.Sdk.targetsÔÇŁ.
       Zast─Öpowanie elementu docelowego ÔÇ×GenerateSupportedTargetFrameworkAliasÔÇŁ w projekcie ÔÇ×C:\Program Files\dotnet\sdk\8.0.101\Microsoft.Common.CurrentVersion.targetsÔÇŁ elementem docelowym ÔÇ×GenerateSupportedTargetFrameworkAliasÔÇŁ z projektu ÔÇ×C:\Program Files\dotnet\sdk\8.0.101\Sdks\Microsoft.NET.Sdk\targets\Microsoft.NET.Sdk.targetsÔÇŁ.
       Zast─Öpowanie elementu docelowego ÔÇ×GetReferenceAssemblyPathsÔÇŁ w projekcie ÔÇ×C:\Program Files\dotnet\sdk\8.0.101\Microsoft.Common.CurrentVersion.targetsÔÇŁ elementem docelowym ÔÇ×GetReferenceAssemblyPathsÔÇŁ z projektu ÔÇ×C:\Program Files\dotnet\sdk\8.0.101\Sdks\Microsoft.NET.Sdk\targets\Microsoft.NET.DisableStandardFrameworkResolution.targetsÔÇŁ.
       Zast─Öpowanie elementu docelowego ÔÇ×GetFrameworkPathsÔÇŁ w projekcie ÔÇ×C:\Program Files\dotnet\sdk\8.0.101\Microsoft.Common.CurrentVersion.targetsÔÇŁ elementem docelowym ÔÇ×GetFrameworkPathsÔÇŁ z projektu ÔÇ×C:\Program Files\dotnet\sdk\8.0.101\Sdks\Microsoft.NET.Sdk\targets\Microsoft.NET.DisableStandardFrameworkResolution.targetsÔÇŁ.
       Zast─Öpowanie elementu docelowego ÔÇ×DesignerRuntimeImplementationProjectOutputGroupÔÇŁ w projekcie ÔÇ×C:\Program Files\dotnet\sdk\8.0.101\Microsoft.Common.CurrentVersion.targetsÔÇŁ elementem docelowym ÔÇ×DesignerRuntimeImplementationProjectOutputGroupÔÇŁ z projektu ÔÇ×C:\Program Files\dotnet\sdk\8.0.101\Sdks\Microsoft.NET.Sdk\targets\Microsoft.NET.DesignerSupport.targetsÔÇŁ.
       Ponowne przypisanie w┼éa┼Ťciwo┼Ťci: $(CommandLineArgsForDesignTimeEvaluation)=ÔÇ×-langversion:12.0 -define:TRACEÔÇŁ (poprzednia warto┼Ť─ç: ÔÇ×-langversion:12.0ÔÇŁ) w C:\Program Files\dotnet\sdk\8.0.101\Roslyn\Microsoft.CSharp.Core.targets (197,5)
       Zast─Öpowanie elementu docelowego ÔÇ×PublishÔÇŁ w projekcie ÔÇ×C:\Program Files\dotnet\sdk\8.0.101\Microsoft.Common.CurrentVersion.targetsÔÇŁ elementem docelowym ÔÇ×PublishÔÇŁ z projektu ÔÇ×C:\Program Files\dotnet\sdk\8.0.101\Sdks\Microsoft.NET.Sdk\targets\Microsoft.NET.Publish.targetsÔÇŁ.
       Zast─Öpowanie elementu docelowego ÔÇ×ResolveReadyToRunCompilersÔÇŁ w projekcie ÔÇ×C:\Program Files\dotnet\sdk\8.0.101\Sdks\Microsoft.NET.Sdk\targets\Microsoft.NET.CrossGen.targetsÔÇŁ elementem docelowym ÔÇ×ResolveReadyToRunCompilersÔÇŁ z projektu ÔÇ×C:\Program Files\dotnet\sdk\8.0.101\Sdks\Microsoft.NET.Sdk\targets\Microsoft.NET.Publish.targetsÔÇŁ.
       Zast─Öpowanie elementu docelowego ÔÇ×GetCopyToPublishDirectoryItemsÔÇŁ w projekcie ÔÇ×C:\Program Files\dotnet\sdk\8.0.101\Microsoft.Common.CurrentVersion.targetsÔÇŁ elementem docelowym ÔÇ×GetCopyToPublishDirectoryItemsÔÇŁ z projektu ÔÇ×C:\Program Files\dotnet\sdk\8.0.101\Sdks\Microsoft.NET.Sdk\targets\Microsoft.NET.Publish.targetsÔÇŁ.
       Element docelowy ÔÇ×ResolveNuGetPackageAssetsÔÇŁ wymieniony w atrybucie AfterTargets na pozycji ÔÇ×C:\Users\emili\.nuget\packages\microsoft.extensions.options\8.0.1\buildTransitive\net6.0\Microsoft.Extensions.Options.targets (11,11)ÔÇŁ nie istnieje w projekcie, dlatego b─Ödzie ignorowany.
       Element docelowy ÔÇ×ResolveNuGetPackageAssetsÔÇŁ wymieniony w atrybucie AfterTargets na pozycji ÔÇ×C:\Users\emili\.nuget\packages\microsoft.extensions.options\8.0.1\buildTransitive\net6.0\Microsoft.Extensions.Options.targets (23,11)ÔÇŁ nie istnieje w projekcie, dlatego b─Ödzie ignorowany.
       Element docelowy ÔÇ×ResolveNuGetPackageAssetsÔÇŁ wymieniony w atrybucie AfterTargets na pozycji ÔÇ×C:\Users\emili\.nuget\packages\microsoft.extensions.logging.abstractions\8.0.0\buildTransitive\net6.0\Microsoft.Extensions.Logging.Abstractions.targets (11,11)ÔÇŁ nie istnieje w projekcie, dlatego b─Ödzie ignorowany.
       Element docelowy ÔÇ×ResolveNuGetPackageAssetsÔÇŁ wymieniony w atrybucie AfterTargets na pozycji ÔÇ×C:\Users\emili\.nuget\packages\microsoft.extensions.logging.abstractions\8.0.0\buildTransitive\net6.0\Microsoft.Extensions.Logging.Abstractions.targets (23,11)ÔÇŁ nie istnieje w projekcie, dlatego b─Ödzie ignorowany.
       Ponowne przypisanie w┼éa┼Ťciwo┼Ťci: $(_DebugSymbolsProduced)=ÔÇ×trueÔÇŁ (poprzednia warto┼Ť─ç: ÔÇ×falseÔÇŁ) w C:\Program Files\dotnet\sdk\8.0.101\Microsoft.Common.CurrentVersion.targets (175,5)
       Ponowne przypisanie w┼éa┼Ťciwo┼Ťci: $(_DocumentationFileProduced)=ÔÇ×falseÔÇŁ (poprzednia warto┼Ť─ç: ÔÇ×trueÔÇŁ) w C:\Program Files\dotnet\sdk\8.0.101\Microsoft.Common.CurrentVersion.targets (185,5)
       Ponowne przypisanie w┼éa┼Ťciwo┼Ťci: $(ProcessorArchitecture)=ÔÇ×msilÔÇŁ (poprzednia warto┼Ť─ç: ÔÇ×ÔÇŁ) w C:\Program Files\dotnet\sdk\8.0.101\Microsoft.Common.CurrentVersion.targets (529,5)
       Ponowne przypisanie w┼éa┼Ťciwo┼Ťci: $(DelaySign)=ÔÇ×ÔÇŁ (poprzednia warto┼Ť─ç: ÔÇ×falseÔÇŁ) w C:\Program Files\dotnet\sdk\8.0.101\Microsoft.Common.CurrentVersion.targets (568,5)
       W┼éa┼Ťciwo┼Ť─ç ÔÇ×LOCALAPPDATAÔÇŁ o warto┼Ťci ÔÇ×C:\Users\emili\AppData\LocalÔÇŁ rozwini─Öto ze ┼Ťrodowiska.
       Ponowne przypisanie w┼éa┼Ťciwo┼Ťci: $(_SGenGenerateSerializationAssembliesConfig)=ÔÇ×AutoÔÇŁ (poprzednia warto┼Ť─ç: ÔÇ×ÔÇŁ) w C:\Program Files\dotnet\sdk\8.0.101\Microsoft.Common.CurrentVersion.targets (3824,5)
       Ponowne przypisanie w┼éa┼Ťciwo┼Ťci: $(_SGenGenerateSerializationAssembliesConfig)=ÔÇ×OffÔÇŁ (poprzednia warto┼Ť─ç: ÔÇ×AutoÔÇŁ) w C:\Program Files\dotnet\sdk\8.0.101\Microsoft.Common.CurrentVersion.targets (3825,5)
       Ponowne przypisanie w┼éa┼Ťciwo┼Ťci: $(_TargetsThatPrepareProjectReferences)=ÔÇ×
             AssignProjectConfiguration;
             _SplitProjectReferencesByFileExistence
           ÔÇŁ (poprzednia warto┼Ť─ç: ÔÇ×_SplitProjectReferencesByFileExistenceÔÇŁ) w C:\Program Files\dotnet\sdk\8.0.101\Microsoft.Common.CurrentVersion.targets (4976,5)
       W┼éa┼Ťciwo┼Ť─ç ÔÇ×MSBuildExtensionsPath32ÔÇŁ o warto┼Ťci ÔÇ×C:\Program Files\dotnet\sdk\8.0.101ÔÇŁ rozwini─Öto ze ┼Ťrodowiska.
   1:7>Projekt ÔÇ×C:\Users\emili\CascadeProjects\PhotoStudioManager\PhotoStudioManager.API\PhotoStudioManager.API.csprojÔÇŁ (1:7) kompiluje ÔÇ×C:\Users\emili\CascadeProjects\PhotoStudioManager\PhotoStudioManager.Core\PhotoStudioManager.Core.csprojÔÇŁ (2:6) w w─Ö┼║le 2 (elementy docelowe: GetTargetFrameworks).
   2:6>Element docelowy ÔÇ×GetTargetFrameworksWithPlatformForSingleTargetFrameworkÔÇŁ w pliku ÔÇ×C:\Program Files\dotnet\sdk\8.0.101\Microsoft.Common.CurrentVersion.targetsÔÇŁ z projektu ÔÇ×C:\Users\emili\CascadeProjects\PhotoStudioManager\PhotoStudioManager.Core\PhotoStudioManager.Core.csprojÔÇŁ (zale┼╝y od niego element docelowy ÔÇ×GetTargetFrameworksÔÇŁ):
   2:6>U┼╝ywanie zadania ÔÇ×CombineTargetFrameworkInfoPropertiesÔÇŁ z zestawu ÔÇ×Microsoft.Build.Tasks.Core, Version=15.1.0.0, Culture=neutral, PublicKeyToken=b03f5f7f11d50a3aÔÇŁ.
       Zadanie ÔÇ×CombineTargetFrameworkInfoPropertiesÔÇŁ
       Wykonywanie zadania ÔÇ×CombineTargetFrameworkInfoPropertiesÔÇŁ zako┼äczone.
   2:6>Wykonano kompilowanie elementu docelowego ÔÇ×GetTargetFrameworksWithPlatformForSingleTargetFrameworkÔÇŁ w projekcie ÔÇ×PhotoStudioManager.Core.csprojÔÇŁ.
   2:6>Element docelowy ÔÇ×GetTargetFrameworksÔÇŁ w pliku ÔÇ×C:\Program Files\dotnet\sdk\8.0.101\Microsoft.Common.CurrentVersion.targetsÔÇŁ z projektu ÔÇ×C:\Users\emili\CascadeProjects\PhotoStudioManager\PhotoStudioManager.Core\PhotoStudioManager.Core.csprojÔÇŁ (punkt wej┼Ťcia):
       Pomini─Öto zadanie ÔÇ×ErrorÔÇŁ z powodu fa┼észywego warunku; ('$(IsCrossTargetingBuild)' == 'true') oszacowano jako ('' == 'true').
       U┼╝ywanie zadania ÔÇ×CombineXmlElementsÔÇŁ z zestawu ÔÇ×Microsoft.Build.Tasks.Core, Version=15.1.0.0, Culture=neutral, PublicKeyToken=b03f5f7f11d50a3aÔÇŁ.
       Zadanie ÔÇ×CombineXmlElementsÔÇŁ
       Wykonywanie zadania ÔÇ×CombineXmlElementsÔÇŁ zako┼äczone.
   2:6>Wykonano kompilowanie elementu docelowego ÔÇ×GetTargetFrameworksÔÇŁ w projekcie ÔÇ×PhotoStudioManager.Core.csprojÔÇŁ.
   2:6>Kompilowanie projektu ÔÇ×C:\Users\emili\CascadeProjects\PhotoStudioManager\PhotoStudioManager.Core\PhotoStudioManager.Core.csprojÔÇŁ wykonane (elementy docelowe: GetTargetFrameworks).
     0>Ponowne przypisanie w┼éa┼Ťciwo┼Ťci: $(ProjectAssetsCacheFile)=ÔÇ×C:\Users\emili\CascadeProjects\PhotoStudioManager\PhotoStudioManager.Infrastructure\obj\Debug\net8.0\PhotoStudioManager.Infrastructure.assets.cacheÔÇŁ (poprzednia warto┼Ť─ç: ÔÇ×obj\Debug\net8.0\PhotoStudioManager.Infrastructure.assets.cacheÔÇŁ) w C:\Program Files\dotnet\sdk\8.0.101\Sdks\Microsoft.NET.Sdk\targets\Microsoft.PackageDependencyResolution.targets (29,5)
       Ponowne przypisanie w┼éa┼Ťciwo┼Ťci: $(ResolveAssemblyReferencesDependsOn)=ÔÇ×
             
             ResolveProjectReferences;
             FindInvalidProjectReferences;
             GetFrameworkPaths;
             GetReferenceAssemblyPaths;
             PrepareForBuild;
             ResolveSDKReferences;
             ExpandSDKReferences;
           ;
             ResolvePackageDependenciesForBuild;
             _HandlePackageFileConflicts;
           ÔÇŁ (poprzednia warto┼Ť─ç: ÔÇ×
             ResolveProjectReferences;
             FindInvalidProjectReferences;
             GetFrameworkPaths;
             GetReferenceAssemblyPaths;
             PrepareForBuild;
             ResolveSDKReferences;
             ExpandSDKReferences;
           ÔÇŁ) w C:\Program Files\dotnet\sdk\8.0.101\Sdks\Microsoft.NET.Sdk\targets\Microsoft.PackageDependencyResolution.targets (80,5)
       Ponowne przypisanie w┼éa┼Ťciwo┼Ťci: $(PrepareResourcesDependsOn)=ÔÇ×
             ResolvePackageDependenciesForBuild;
             _HandlePackageFileConflicts;
             
             ;
             PrepareResourceNames;
             ResGen;
             CompileLicxFiles
           
           ÔÇŁ (poprzednia warto┼Ť─ç: ÔÇ×
             ;
             PrepareResourceNames;
             ResGen;
             CompileLicxFiles
           ÔÇŁ) w C:\Program Files\dotnet\sdk\8.0.101\Sdks\Microsoft.NET.Sdk\targets\Microsoft.PackageDependencyResolution.targets (86,5)
       Ponowne przypisanie w┼éa┼Ťciwo┼Ťci: $(DefaultItemExcludes)=ÔÇ×;bin\Debug\/**;obj\Debug\/**;bin\/**ÔÇŁ (poprzednia warto┼Ť─ç: ÔÇ×;bin\Debug\/**;obj\Debug\/**ÔÇŁ) w C:\Program Files\dotnet\sdk\8.0.101\Sdks\Microsoft.NET.Sdk\targets\Microsoft.NET.Sdk.DefaultItems.targets (27,5)
       Ponowne przypisanie w┼éa┼Ťciwo┼Ťci: $(DefaultItemExcludes)=ÔÇ×;bin\Debug\/**;obj\Debug\/**;bin\/**;obj\/**ÔÇŁ (poprzednia warto┼Ť─ç: ÔÇ×;bin\Debug\/**;obj\Debug\/**;bin\/**ÔÇŁ) w C:\Program Files\dotnet\sdk\8.0.101\Sdks\Microsoft.NET.Sdk\targets\Microsoft.NET.Sdk.DefaultItems.targets (29,5)
       Ponowne przypisanie w┼éa┼Ťciwo┼Ťci: $(DefaultItemExcludes)=ÔÇ×;bin\Debug\/**;obj\Debug\/**;bin\/**;obj\/**;**/*.userÔÇŁ (poprzednia warto┼Ť─ç: ÔÇ×;bin\Debug\/**;obj\Debug\/**;bin\/**;obj\/**ÔÇŁ) w C:\Program Files\dotnet\sdk\8.0.101\Sdks\Microsoft.NET.Sdk\targets\Microsoft.NET.Sdk.DefaultItems.targets (32,5)
       Ponowne przypisanie w┼éa┼Ťciwo┼Ťci: $(DefaultItemExcludes)=ÔÇ×;bin\Debug\/**;obj\Debug\/**;bin\/**;obj\/**;**/*.user;**/*.*projÔÇŁ (poprzednia warto┼Ť─ç: ÔÇ×;bin\Debug\/**;obj\Debug\/**;bin\/**;obj\/**;**/*.userÔÇŁ) w C:\Program Files\dotnet\sdk\8.0.101\Sdks\Microsoft.NET.Sdk\targets\Microsoft.NET.Sdk.DefaultItems.targets (33,5)
       Ponowne przypisanie w┼éa┼Ťciwo┼Ťci: $(DefaultItemExcludes)=ÔÇ×;bin\Debug\/**;obj\Debug\/**;bin\/**;obj\/**;**/*.user;**/*.*proj;**/*.slnÔÇŁ (poprzednia warto┼Ť─ç: ÔÇ×;bin\Debug\/**;obj\Debug\/**;bin\/**;obj\/**;**/*.user;**/*.*projÔÇŁ) w C:\Program Files\dotnet\sdk\8.0.101\Sdks\Microsoft.NET.Sdk\targets\Microsoft.NET.Sdk.DefaultItems.targets (34,5)
       Ponowne przypisanie w┼éa┼Ťciwo┼Ťci: $(DefaultItemExcludes)=ÔÇ×;bin\Debug\/**;obj\Debug\/**;bin\/**;obj\/**;**/*.user;**/*.*proj;**/*.sln;**/*.vsssccÔÇŁ (poprzednia warto┼Ť─ç: ÔÇ×;bin\Debug\/**;obj\Debug\/**;bin\/**;obj\/**;**/*.user;**/*.*proj;**/*.slnÔÇŁ) w C:\Program Files\dotnet\sdk\8.0.101\Sdks\Microsoft.NET.Sdk\targets\Microsoft.NET.Sdk.DefaultItems.targets (35,5)
       Ponowne przypisanie w┼éa┼Ťciwo┼Ťci: $(DefaultItemExcludes)=ÔÇ×;bin\Debug\/**;obj\Debug\/**;bin\/**;obj\/**;**/*.user;**/*.*proj;**/*.sln;**/*.vssscc;**/.DS_StoreÔÇŁ (poprzednia warto┼Ť─ç: ÔÇ×;bin\Debug\/**;obj\Debug\/**;bin\/**;obj\/**;**/*.user;**/*.*proj;**/*.sln;**/*.vsssccÔÇŁ) w C:\Program Files\dotnet\sdk\8.0.101\Sdks\Microsoft.NET.Sdk\targets\Microsoft.NET.Sdk.DefaultItems.targets (36,5)
       Ponowne przypisanie w┼éa┼Ťciwo┼Ťci: $(ResolveAssemblyReferencesDependsOn)=ÔÇ×
             
             
             ResolveProjectReferences;
             FindInvalidProjectReferences;
             GetFrameworkPaths;
             GetReferenceAssemblyPaths;
             PrepareForBuild;
             ResolveSDKReferences;
             ExpandSDKReferences;
           ;
             ResolvePackageDependenciesForBuild;
             _HandlePackageFileConflicts;
           ;
             ResolveTargetingPackAssets;
           ÔÇŁ (poprzednia warto┼Ť─ç: ÔÇ×
             
             ResolveProjectReferences;
             FindInvalidProjectReferences;
             GetFrameworkPaths;
             GetReferenceAssemblyPaths;
             PrepareForBuild;
             ResolveSDKReferences;
             ExpandSDKReferences;
           ;
             ResolvePackageDependenciesForBuild;
             _HandlePackageFileConflicts;
           ÔÇŁ) w C:\Program Files\dotnet\sdk\8.0.101\Sdks\Microsoft.NET.Sdk\targets\Microsoft.NET.Sdk.FrameworkReferenceResolution.targets (14,5)
       Ponowne przypisanie w┼éa┼Ťciwo┼Ťci: $(_GenerateRuntimeConfigurationPropertyInputsCache)=ÔÇ×C:\Users\emili\CascadeProjects\PhotoStudioManager\PhotoStudioManager.Infrastructure\obj\Debug\net8.0\PhotoStudioManager.Infrastructure.genruntimeconfig.cacheÔÇŁ (poprzednia warto┼Ť─ç: ÔÇ×obj\Debug\net8.0\PhotoStudioManager.Infrastructure.genruntimeconfig.cacheÔÇŁ) w C:\Program Files\dotnet\sdk\8.0.101\Sdks\Microsoft.NET.Sdk\targets\Microsoft.NET.Sdk.targets (44,5)
       Ponowne przypisanie w┼éa┼Ťciwo┼Ťci: $(_GeneratePublishDependencyFilePropertyInputsCache)=ÔÇ×C:\Users\emili\CascadeProjects\PhotoStudioManager\PhotoStudioManager.Infrastructure\obj\Debug\net8.0\PhotoStudioManager.Infrastructure.genpublishdeps.cacheÔÇŁ (poprzednia warto┼Ť─ç: ÔÇ×obj\Debug\net8.0\PhotoStudioManager.Infrastructure.genpublishdeps.cacheÔÇŁ) w C:\Program Files\dotnet\sdk\8.0.101\Sdks\Microsoft.NET.Sdk\targets\Microsoft.NET.Sdk.targets (46,5)
       Ponowne przypisanie w┼éa┼Ťciwo┼Ťci: $(_GenerateSingleFileBundlePropertyInputsCache)=ÔÇ×C:\Users\emili\CascadeProjects\PhotoStudioManager\PhotoStudioManager.Infrastructure\obj\Debug\net8.0\PhotoStudioManager.Infrastructure.genbundle.cacheÔÇŁ (poprzednia warto┼Ť─ç: ÔÇ×obj\Debug\net8.0\PhotoStudioManager.Infrastructure.genbundle.cacheÔÇŁ) w C:\Program Files\dotnet\sdk\8.0.101\Sdks\Microsoft.NET.Sdk\targets\Microsoft.NET.Sdk.targets (48,5)
       Ponowne przypisanie w┼éa┼Ťciwo┼Ťci: $(GenerateRuntimeConfigDevFile)=ÔÇ×falseÔÇŁ (poprzednia warto┼Ť─ç: ÔÇ×trueÔÇŁ) w C:\Program Files\dotnet\sdk\8.0.101\Sdks\Microsoft.NET.Sdk\targets\Microsoft.NET.Sdk.targets (81,5)
       Ponowne przypisanie w┼éa┼Ťciwo┼Ťci: $(_DefaultUserProfileRuntimeStorePath)=ÔÇ×C:\Users\emiliÔÇŁ (poprzednia warto┼Ť─ç: ÔÇ×ÔÇŁ) w C:\Program Files\dotnet\sdk\8.0.101\Sdks\Microsoft.NET.Sdk\targets\Microsoft.NET.Sdk.targets (97,5)
       Ponowne przypisanie w┼éa┼Ťciwo┼Ťci: $(_DefaultUserProfileRuntimeStorePath)=ÔÇ×C:\Users\emili\.dotnet\storeÔÇŁ (poprzednia warto┼Ť─ç: ÔÇ×C:\Users\emiliÔÇŁ) w C:\Program Files\dotnet\sdk\8.0.101\Sdks\Microsoft.NET.Sdk\targets\Microsoft.NET.Sdk.targets (98,5)
       Ponowne przypisanie w┼éa┼Ťciwo┼Ťci: $(AvailablePlatforms)=ÔÇ×Any CPU,x86,x64,ARM32ÔÇŁ (poprzednia warto┼Ť─ç: ÔÇ×Any CPU,x86,x64ÔÇŁ) w C:\Program Files\dotnet\sdk\8.0.101\Sdks\Microsoft.NET.Sdk\targets\Microsoft.NET.Sdk.targets (136,5)
       Ponowne przypisanie w┼éa┼Ťciwo┼Ťci: $(AvailablePlatforms)=ÔÇ×Any CPU,x86,x64,ARM32,ARM64ÔÇŁ (poprzednia warto┼Ť─ç: ÔÇ×Any CPU,x86,x64,ARM32ÔÇŁ) w C:\Program Files\dotnet\sdk\8.0.101\Sdks\Microsoft.NET.Sdk\targets\Microsoft.NET.Sdk.targets (140,5)
       Ponowne przypisanie w┼éa┼Ťciwo┼Ťci: $(CoreBuildDependsOn)=ÔÇ×
             _CheckForBuildWithNoBuild;
             
             BuildOnlySettings;
             PrepareForBuild;
             PreBuildEvent;
             ResolveReferences;
             PrepareResources;
             ResolveKeySource;
             Compile;
             ExportWindowsMDFile;
             UnmanagedUnregistration;
             GenerateSerializationAssemblies;
             CreateSatelliteAssemblies;
             GenerateManifests;
             GetTargetPath;
             PrepareForRun;
             UnmanagedRegistration;
             IncrementalClean;
             PostBuildEvent
           ;
             GenerateBuildDependencyFile;
             GenerateBuildRuntimeConfigurationFiles
           ÔÇŁ (poprzednia warto┼Ť─ç: ÔÇ×
             BuildOnlySettings;
             PrepareForBuild;
             PreBuildEvent;
             ResolveReferences;
             PrepareResources;
             ResolveKeySource;
             Compile;
             ExportWindowsMDFile;
             UnmanagedUnregistration;
             GenerateSerializationAssemblies;
             CreateSatelliteAssemblies;
             GenerateManifests;
             GetTargetPath;
             PrepareForRun;
             UnmanagedRegistration;
             IncrementalClean;
             PostBuildEvent
           ÔÇŁ) w C:\Program Files\dotnet\sdk\8.0.101\Sdks\Microsoft.NET.Sdk\targets\Microsoft.NET.Sdk.targets (197,5)
       Ponowne przypisanie w┼éa┼Ťciwo┼Ťci: $(CoreCleanDependsOn)=ÔÇ×
             _SdkBeforeClean;
             
           ÔÇŁ (poprzednia warto┼Ť─ç: ÔÇ×ÔÇŁ) w C:\Program Files\dotnet\sdk\8.0.101\Sdks\Microsoft.NET.Sdk\targets\Microsoft.NET.Sdk.targets (206,5)
       Ponowne przypisanie w┼éa┼Ťciwo┼Ťci: $(RebuildDependsOn)=ÔÇ×
             _SdkBeforeRebuild;
             
             BeforeRebuild;
             Clean;
             Build;
             AfterRebuild;
           
           ÔÇŁ (poprzednia warto┼Ť─ç: ÔÇ×
             BeforeRebuild;
             Clean;
             Build;
             AfterRebuild;
           ÔÇŁ) w C:\Program Files\dotnet\sdk\8.0.101\Sdks\Microsoft.NET.Sdk\targets\Microsoft.NET.Sdk.targets (213,5)
       Ponowne przypisanie w┼éa┼Ťciwo┼Ťci: $(CompileDependsOn)=ÔÇ×
             
             ResolveReferences;
             ResolveKeySource;
             SetWin32ManifestProperties;
             FindReferenceAssembliesForReferences;
             _GenerateCompileInputs;
             BeforeCompile;
             _TimeStampBeforeCompile;
             _GenerateCompileDependencyCache;
             CoreCompile;
             _TimeStampAfterCompile;
             AfterCompile;
           ;
             _CreateAppHost;
             _CreateComHost;
             _GetIjwHostPaths;
           ÔÇŁ (poprzednia warto┼Ť─ç: ÔÇ×
             ResolveReferences;
             ResolveKeySource;
             SetWin32ManifestProperties;
             FindReferenceAssembliesForReferences;
             _GenerateCompileInputs;
             BeforeCompile;
             _TimeStampBeforeCompile;
             _GenerateCompileDependencyCache;
             CoreCompile;
             _TimeStampAfterCompile;
             AfterCompile;
           ÔÇŁ) w C:\Program Files\dotnet\sdk\8.0.101\Sdks\Microsoft.NET.Sdk\targets\Microsoft.NET.Sdk.targets (679,5)
       Ponowne przypisanie w┼éa┼Ťciwo┼Ťci: $(CreateSatelliteAssembliesDependsOn)=ÔÇ×
             
             _GenerateSatelliteAssemblyInputs;
             ComputeIntermediateSatelliteAssemblies;
             GenerateSatelliteAssemblies
           ;
             CoreGenerateSatelliteAssemblies
           ÔÇŁ (poprzednia warto┼Ť─ç: ÔÇ×
             _GenerateSatelliteAssemblyInputs;
             ComputeIntermediateSatelliteAssemblies;
             GenerateSatelliteAssemblies
           ÔÇŁ) w C:\Program Files\dotnet\sdk\8.0.101\Sdks\Microsoft.NET.Sdk\targets\Microsoft.NET.Sdk.targets (1065,5)
       Ponowne przypisanie w┼éa┼Ťciwo┼Ťci: $(SourceLinkUrlInitializerTargets)=ÔÇ×;_InitializeGitHubSourceLinkUrl;_InitializeGitLabSourceLinkUrlÔÇŁ (poprzednia warto┼Ť─ç: ÔÇ×;_InitializeGitHubSourceLinkUrlÔÇŁ) w C:\Program Files\dotnet\sdk\8.0.101\Sdks\Microsoft.SourceLink.GitLab\build\Microsoft.SourceLink.GitLab.targets (12,5)
       Ponowne przypisanie w┼éa┼Ťciwo┼Ťci: $(SourceControlManagerUrlTranslationTargets)=ÔÇ×;TranslateGitHubUrlsInSourceControlInformation;TranslateGitLabUrlsInSourceControlInformationÔÇŁ (poprzednia warto┼Ť─ç: ÔÇ×;TranslateGitHubUrlsInSourceControlInformationÔÇŁ) w C:\Program Files\dotnet\sdk\8.0.101\Sdks\Microsoft.SourceLink.GitLab\build\Microsoft.SourceLink.GitLab.targets (13,5)
       Ponowne przypisanie w┼éa┼Ťciwo┼Ťci: $(SourceLinkUrlInitializerTargets)=ÔÇ×;_InitializeGitHubSourceLinkUrl;_InitializeGitLabSourceLinkUrl;_InitializeAzureReposGitSourceLinkUrlÔÇŁ (poprzednia warto┼Ť─ç: ÔÇ×;_InitializeGitHubSourceLinkUrl;_InitializeGitLabSourceLinkUrlÔÇŁ) w C:\Program Files\dotnet\sdk\8.0.101\Sdks\Microsoft.SourceLink.AzureRepos.Git\build\Microsoft.SourceLink.AzureRepos.Git.targets (12,5)
       Ponowne przypisanie w┼éa┼Ťciwo┼Ťci: $(SourceControlManagerUrlTranslationTargets)=ÔÇ×;TranslateGitHubUrlsInSourceControlInformation;TranslateGitLabUrlsInSourceControlInformation;TranslateAzureReposGitUrlsInSourceControlInformationÔÇŁ (poprzednia warto┼Ť─ç: ÔÇ×;TranslateGitHubUrlsInSourceControlInformation;TranslateGitLabUrlsInSourceControlInformationÔÇŁ) w C:\Program Files\dotnet\sdk\8.0.101\Sdks\Microsoft.SourceLink.AzureRepos.Git\build\Microsoft.SourceLink.AzureRepos.Git.targets (13,5)
       Ponowne przypisanie w┼éa┼Ťciwo┼Ťci: $(SourceLinkUrlInitializerTargets)=ÔÇ×;_InitializeGitHubSourceLinkUrl;_InitializeGitLabSourceLinkUrl;_InitializeAzureReposGitSourceLinkUrl;_InitializeBitbucketGitSourceLinkUrlÔÇŁ (poprzednia warto┼Ť─ç: ÔÇ×;_InitializeGitHubSourceLinkUrl;_InitializeGitLabSourceLinkUrl;_InitializeAzureReposGitSourceLinkUrlÔÇŁ) w C:\Program Files\dotnet\sdk\8.0.101\Sdks\Microsoft.SourceLink.Bitbucket.Git\build\Microsoft.SourceLink.Bitbucket.Git.targets (12,5)
       Ponowne przypisanie w┼éa┼Ťciwo┼Ťci: $(SourceControlManagerUrlTranslationTargets)=ÔÇ×;TranslateGitHubUrlsInSourceControlInformation;TranslateGitLabUrlsInSourceControlInformation;TranslateAzureReposGitUrlsInSourceControlInformation;TranslateBitbucketGitUrlsInSourceControlInformationÔÇŁ (poprzednia warto┼Ť─ç: ÔÇ×;TranslateGitHubUrlsInSourceControlInformation;TranslateGitLabUrlsInSourceControlInformation;TranslateAzureReposGitUrlsInSourceControlInformationÔÇŁ) w C:\Program Files\dotnet\sdk\8.0.101\Sdks\Microsoft.SourceLink.Bitbucket.Git\build\Microsoft.SourceLink.Bitbucket.Git.targets (13,5)
       Ponowne przypisanie w┼éa┼Ťciwo┼Ťci: $(DesignerRuntimeImplementationProjectOutputGroupDependsOn)=ÔÇ×
             
             ;
             
             ;
             BuildOnlySettings;
             PrepareForBuild;
             AssignTargetPaths;
             ResolveReferences
           
           ;
             _GenerateDesignerDepsFile;
             _GenerateDesignerRuntimeConfigFile;
             GetCopyToOutputDirectoryItems;
             _GatherDesignerShadowCopyFiles;
           ÔÇŁ (poprzednia warto┼Ť─ç: ÔÇ×
             ;
             
             ;
             BuildOnlySettings;
             PrepareForBuild;
             AssignTargetPaths;
             ResolveReferences
           
           ÔÇŁ) w C:\Program Files\dotnet\sdk\8.0.101\Sdks\Microsoft.NET.Sdk\targets\Microsoft.NET.DesignerSupport.targets (21,5)
       Ponowne przypisanie w┼éa┼Ťciwo┼Ťci: $(_GenerateToolsSettingsFileCacheFile)=ÔÇ×C:\Users\emili\CascadeProjects\PhotoStudioManager\PhotoStudioManager.Infrastructure\obj\Debug\net8.0\PhotoStudioManager.Infrastructure.toolssettingsinput.cacheÔÇŁ (poprzednia warto┼Ť─ç: ÔÇ×obj\Debug\net8.0\PhotoStudioManager.Infrastructure.toolssettingsinput.cacheÔÇŁ) w C:\Program Files\dotnet\sdk\8.0.101\Sdks\Microsoft.NET.Sdk\targets\Microsoft.NET.PackTool.targets (68,5)
       Ponowne przypisanie w┼éa┼Ťciwo┼Ťci: $(_ShimInputCacheFile)=ÔÇ×C:\Users\emili\CascadeProjects\PhotoStudioManager\PhotoStudioManager.Infrastructure\obj\Debug\net8.0\PhotoStudioManager.Infrastructure.shiminput.cacheÔÇŁ (poprzednia warto┼Ť─ç: ÔÇ×obj\Debug\net8.0\PhotoStudioManager.Infrastructure.shiminput.cacheÔÇŁ) w C:\Program Files\dotnet\sdk\8.0.101\Sdks\Microsoft.NET.Sdk\targets\Microsoft.NET.PackTool.targets (137,5)
       Ponowne przypisanie w┼éa┼Ťciwo┼Ťci: $(_ShimCreatedSentinelFile)=ÔÇ×C:\Users\emili\CascadeProjects\PhotoStudioManager\PhotoStudioManager.Infrastructure\obj\Debug\net8.0\PhotoStudioManager.Infrastructure.shimcreated.sentinelÔÇŁ (poprzednia warto┼Ť─ç: ÔÇ×obj\Debug\net8.0\PhotoStudioManager.Infrastructure.shimcreated.sentinelÔÇŁ) w C:\Program Files\dotnet\sdk\8.0.101\Sdks\Microsoft.NET.Sdk\targets\Microsoft.NET.PackTool.targets (139,5)
       Ponowne przypisanie w┼éa┼Ťciwo┼Ťci: $(DefineConstants)=ÔÇ×TRACE;DEBUGÔÇŁ (poprzednia warto┼Ť─ç: ÔÇ×TRACEÔÇŁ) w C:\Program Files\dotnet\sdk\8.0.101\Sdks\Microsoft.NET.Sdk\targets\Microsoft.NET.Sdk.CSharp.targets (31,5)
       Ponowne przypisanie w┼éa┼Ťciwo┼Ťci: $(DefineConstants)=ÔÇ×TRACE;DEBUG;NET;NET8_0;NETCOREAPPÔÇŁ (poprzednia warto┼Ť─ç: ÔÇ×TRACE;DEBUGÔÇŁ) w C:\Program Files\dotnet\sdk\8.0.101\Sdks\Microsoft.NET.Sdk\targets\Microsoft.NET.Sdk.CSharp.targets (34,5)
       Ponowne przypisanie w┼éa┼Ťciwo┼Ťci: $(WarningsAsErrors)=ÔÇ×;NU1605;SYSLIB0011ÔÇŁ (poprzednia warto┼Ť─ç: ÔÇ×;NU1605ÔÇŁ) w C:\Program Files\dotnet\sdk\8.0.101\Sdks\Microsoft.NET.Sdk\targets\Microsoft.NET.Sdk.CSharp.targets (48,5)
       Ponowne przypisanie w┼éa┼Ťciwo┼Ťci: $(PackageDescription)=ÔÇ×Package DescriptionÔÇŁ (poprzednia warto┼Ť─ç: ÔÇ×ÔÇŁ) w C:\Program Files\dotnet\sdk\8.0.101\Sdks\NuGet.Build.Tasks.Pack\build\NuGet.Build.Tasks.Pack.targets (34,5)
       Ponowne przypisanie w┼éa┼Ťciwo┼Ťci: $(GenerateNuspecDependsOn)=ÔÇ×Build;_LoadPackInputItems; _GetTargetFrameworksOutput; _WalkEachTargetPerFramework; _GetPackageFiles; ÔÇŁ (poprzednia warto┼Ť─ç: ÔÇ×_LoadPackInputItems; _GetTargetFrameworksOutput; _WalkEachTargetPerFramework; _GetPackageFiles; ÔÇŁ) w C:\Program Files\dotnet\sdk\8.0.101\Sdks\NuGet.Build.Tasks.Pack\build\NuGet.Build.Tasks.Pack.targets (59,5)
       Zast─Öpowanie elementu docelowego ÔÇ×ResolveFrameworkReferencesÔÇŁ w projekcie ÔÇ×C:\Program Files\dotnet\sdk\8.0.101\Microsoft.Common.CurrentVersion.targetsÔÇŁ elementem docelowym ÔÇ×ResolveFrameworkReferencesÔÇŁ z projektu ÔÇ×C:\Program Files\dotnet\sdk\8.0.101\Sdks\Microsoft.NET.Sdk\targets\Microsoft.NET.Sdk.FrameworkReferenceResolution.targetsÔÇŁ.
       Zast─Öpowanie elementu docelowego ÔÇ×RunÔÇŁ w projekcie ÔÇ×C:\Program Files\dotnet\sdk\8.0.101\Microsoft.Common.CurrentVersion.targetsÔÇŁ elementem docelowym ÔÇ×RunÔÇŁ z projektu ÔÇ×C:\Program Files\dotnet\sdk\8.0.101\Sdks\Microsoft.NET.Sdk\targets\Microsoft.NET.Sdk.targetsÔÇŁ.
       Zast─Öpowanie elementu docelowego ÔÇ×GenerateSupportedTargetFrameworkAliasÔÇŁ w projekcie ÔÇ×C:\Program Files\dotnet\sdk\8.0.101\Microsoft.Common.CurrentVersion.targetsÔÇŁ elementem docelowym ÔÇ×GenerateSupportedTargetFrameworkAliasÔÇŁ z projektu ÔÇ×C:\Program Files\dotnet\sdk\8.0.101\Sdks\Microsoft.NET.Sdk\targets\Microsoft.NET.Sdk.targetsÔÇŁ.
       Zast─Öpowanie elementu docelowego ÔÇ×GetReferenceAssemblyPathsÔÇŁ w projekcie ÔÇ×C:\Program Files\dotnet\sdk\8.0.101\Microsoft.Common.CurrentVersion.targetsÔÇŁ elementem docelowym ÔÇ×GetReferenceAssemblyPathsÔÇŁ z projektu ÔÇ×C:\Program Files\dotnet\sdk\8.0.101\Sdks\Microsoft.NET.Sdk\targets\Microsoft.NET.DisableStandardFrameworkResolution.targetsÔÇŁ.
       Zast─Öpowanie elementu docelowego ÔÇ×GetFrameworkPathsÔÇŁ w projekcie ÔÇ×C:\Program Files\dotnet\sdk\8.0.101\Microsoft.Common.CurrentVersion.targetsÔÇŁ elementem docelowym ÔÇ×GetFrameworkPathsÔÇŁ z projektu ÔÇ×C:\Program Files\dotnet\sdk\8.0.101\Sdks\Microsoft.NET.Sdk\targets\Microsoft.NET.DisableStandardFrameworkResolution.targetsÔÇŁ.
       Zast─Öpowanie elementu docelowego ÔÇ×DesignerRuntimeImplementationProjectOutputGroupÔÇŁ w projekcie ÔÇ×C:\Program Files\dotnet\sdk\8.0.101\Microsoft.Common.CurrentVersion.targetsÔÇŁ elementem docelowym ÔÇ×DesignerRuntimeImplementationProjectOutputGroupÔÇŁ z projektu ÔÇ×C:\Program Files\dotnet\sdk\8.0.101\Sdks\Microsoft.NET.Sdk\targets\Microsoft.NET.DesignerSupport.targetsÔÇŁ.
       Zast─Öpowanie elementu docelowego ÔÇ×PublishÔÇŁ w projekcie ÔÇ×C:\Program Files\dotnet\sdk\8.0.101\Microsoft.Common.CurrentVersion.targetsÔÇŁ elementem docelowym ÔÇ×PublishÔÇŁ z projektu ÔÇ×C:\Program Files\dotnet\sdk\8.0.101\Sdks\Microsoft.NET.Sdk\targets\Microsoft.NET.Publish.targetsÔÇŁ.
       Zast─Öpowanie elementu docelowego ÔÇ×ResolveReadyToRunCompilersÔÇŁ w projekcie ÔÇ×C:\Program Files\dotnet\sdk\8.0.101\Sdks\Microsoft.NET.Sdk\targets\Microsoft.NET.CrossGen.targetsÔÇŁ elementem docelowym ÔÇ×ResolveReadyToRunCompilersÔÇŁ z projektu ÔÇ×C:\Program Files\dotnet\sdk\8.0.101\Sdks\Microsoft.NET.Sdk\targets\Microsoft.NET.Publish.targetsÔÇŁ.
       Zast─Öpowanie elementu docelowego ÔÇ×GetCopyToPublishDirectoryItemsÔÇŁ w projekcie ÔÇ×C:\Program Files\dotnet\sdk\8.0.101\Microsoft.Common.CurrentVersion.targetsÔÇŁ elementem docelowym ÔÇ×GetCopyToPublishDirectoryItemsÔÇŁ z projektu ÔÇ×C:\Program Files\dotnet\sdk\8.0.101\Sdks\Microsoft.NET.Sdk\targets\Microsoft.NET.Publish.targetsÔÇŁ.
       Element docelowy ÔÇ×ResolveNuGetPackageAssetsÔÇŁ wymieniony w atrybucie AfterTargets na pozycji ÔÇ×C:\Users\emili\.nuget\packages\system.text.json\8.0.0\buildTransitive\net6.0\System.Text.Json.targets (11,11)ÔÇŁ nie istnieje w projekcie, dlatego b─Ödzie ignorowany.
       Element docelowy ÔÇ×ResolveNuGetPackageAssetsÔÇŁ wymieniony w atrybucie AfterTargets na pozycji ÔÇ×C:\Users\emili\.nuget\packages\system.text.json\8.0.0\buildTransitive\net6.0\System.Text.Json.targets (23,11)ÔÇŁ nie istnieje w projekcie, dlatego b─Ödzie ignorowany.
       Element docelowy ÔÇ×ResolveNuGetPackageAssetsÔÇŁ wymieniony w atrybucie AfterTargets na pozycji ÔÇ×C:\Users\emili\.nuget\packages\microsoft.extensions.options\8.0.1\buildTransitive\net6.0\Microsoft.Extensions.Options.targets (11,11)ÔÇŁ nie istnieje w projekcie, dlatego b─Ödzie ignorowany.
       Element docelowy ÔÇ×ResolveNuGetPackageAssetsÔÇŁ wymieniony w atrybucie AfterTargets na pozycji ÔÇ×C:\Users\emili\.nuget\packages\microsoft.extensions.options\8.0.1\buildTransitive\net6.0\Microsoft.Extensions.Options.targets (23,11)ÔÇŁ nie istnieje w projekcie, dlatego b─Ödzie ignorowany.
       Element docelowy ÔÇ×ResolveNuGetPackageAssetsÔÇŁ wymieniony w atrybucie AfterTargets na pozycji ÔÇ×C:\Users\emili\.nuget\packages\microsoft.extensions.logging.abstractions\8.0.0\buildTransitive\net6.0\Microsoft.Extensions.Logging.Abstractions.targets (11,11)ÔÇŁ nie istnieje w projekcie, dlatego b─Ödzie ignorowany.
       Element docelowy ÔÇ×ResolveNuGetPackageAssetsÔÇŁ wymieniony w atrybucie AfterTargets na pozycji ÔÇ×C:\Users\emili\.nuget\packages\microsoft.extensions.logging.abstractions\8.0.0\buildTransitive\net6.0\Microsoft.Extensions.Logging.Abstractions.targets (23,11)ÔÇŁ nie istnieje w projekcie, dlatego b─Ödzie ignorowany.
   1:7>Projekt ÔÇ×C:\Users\emili\CascadeProjects\PhotoStudioManager\PhotoStudioManager.API\PhotoStudioManager.API.csprojÔÇŁ (1:7) kompiluje ÔÇ×C:\Users\emili\CascadeProjects\PhotoStudioManager\PhotoStudioManager.Infrastructure\PhotoStudioManager.Infrastructure.csprojÔÇŁ (3:5) w w─Ö┼║le 1 (elementy docelowe: GetTargetFrameworks).
   3:5>Element docelowy ÔÇ×GetTargetFrameworksWithPlatformForSingleTargetFrameworkÔÇŁ w pliku ÔÇ×C:\Program Files\dotnet\sdk\8.0.101\Microsoft.Common.CurrentVersion.targetsÔÇŁ z projektu ÔÇ×C:\Users\emili\CascadeProjects\PhotoStudioManager\PhotoStudioManager.Infrastructure\PhotoStudioManager.Infrastructure.csprojÔÇŁ (zale┼╝y od niego element docelowy ÔÇ×GetTargetFrameworksÔÇŁ):
   3:5>U┼╝ywanie zadania ÔÇ×CombineTargetFrameworkInfoPropertiesÔÇŁ z zestawu ÔÇ×Microsoft.Build.Tasks.Core, Version=15.1.0.0, Culture=neutral, PublicKeyToken=b03f5f7f11d50a3aÔÇŁ.
       Zadanie ÔÇ×CombineTargetFrameworkInfoPropertiesÔÇŁ
       Wykonywanie zadania ÔÇ×CombineTargetFrameworkInfoPropertiesÔÇŁ zako┼äczone.
   3:5>Wykonano kompilowanie elementu docelowego ÔÇ×GetTargetFrameworksWithPlatformForSingleTargetFrameworkÔÇŁ w projekcie ÔÇ×PhotoStudioManager.Infrastructure.csprojÔÇŁ.
   3:5>Element docelowy ÔÇ×GetTargetFrameworksÔÇŁ w pliku ÔÇ×C:\Program Files\dotnet\sdk\8.0.101\Microsoft.Common.CurrentVersion.targetsÔÇŁ z projektu ÔÇ×C:\Users\emili\CascadeProjects\PhotoStudioManager\PhotoStudioManager.Infrastructure\PhotoStudioManager.Infrastructure.csprojÔÇŁ (punkt wej┼Ťcia):
       Pomini─Öto zadanie ÔÇ×ErrorÔÇŁ z powodu fa┼észywego warunku; ('$(IsCrossTargetingBuild)' == 'true') oszacowano jako ('' == 'true').
       U┼╝ywanie zadania ÔÇ×CombineXmlElementsÔÇŁ z zestawu ÔÇ×Microsoft.Build.Tasks.Core, Version=15.1.0.0, Culture=neutral, PublicKeyToken=b03f5f7f11d50a3aÔÇŁ.
       Zadanie ÔÇ×CombineXmlElementsÔÇŁ
       Wykonywanie zadania ÔÇ×CombineXmlElementsÔÇŁ zako┼äczone.
   3:5>Wykonano kompilowanie elementu docelowego ÔÇ×GetTargetFrameworksÔÇŁ w projekcie ÔÇ×PhotoStudioManager.Infrastructure.csprojÔÇŁ.
   3:5>Kompilowanie projektu ÔÇ×C:\Users\emili\CascadeProjects\PhotoStudioManager\PhotoStudioManager.Infrastructure\PhotoStudioManager.Infrastructure.csprojÔÇŁ wykonane (elementy docelowe: GetTargetFrameworks).
   1:7>Wykonywanie zadania ÔÇ×MSBuildÔÇŁ zako┼äczone.
       Pomini─Öto zadanie ÔÇ×MSBuildÔÇŁ z powodu fa┼észywego warunku; ('%(_MSBuildProjectReferenceExistent.SkipGetTargetFrameworkProperties)' != 'true' and '$(EnableDynamicPlatformResolution)' == 'true') oszacowano jako ('' != 'true' and '' == 'true').
       U┼╝ywanie zadania ÔÇ×GetReferenceNearestTargetFrameworkTaskÔÇŁ z zestawu ÔÇ×C:\Program Files\dotnet\sdk\8.0.101\NuGet.Build.Tasks.dllÔÇŁ.
       Zadanie ÔÇ×GetReferenceNearestTargetFrameworkTaskÔÇŁ
         (in) CurrentProjectTargetFramework '.NETCoreApp,Version=v8.0'
         (in) CurrentProjectTargetPlatform ''
         (in) FallbackTargetFrameworks 'net461;net462;net47;net471;net472;net48;net481'
         (in) AnnotatedProjectReferences '..\PhotoStudioManager.Core\PhotoStudioManager.Core.csproj;..\PhotoStudioManager.Infrastructure\PhotoStudioManager.Infrastructure.csproj'
         (out) AssignedProjects '..\PhotoStudioManager.Core\PhotoStudioManager.Core.csproj;..\PhotoStudioManager.Infrastructure\PhotoStudioManager.Infrastructure.csproj'
       Wykonywanie zadania ÔÇ×GetReferenceNearestTargetFrameworkTaskÔÇŁ zako┼äczone.
       Pomini─Öto zadanie ÔÇ×GetReferenceNearestTargetFrameworkTaskÔÇŁ z powodu fa┼észywego warunku; ('@(_ProjectReferenceTargetFrameworkPossibilities)' != '' and '$(ReferringTargetFrameworkForProjectReferences)' != ''
                                                               And '$(GetReferenceNearestTargetFrameworkTaskSupportsTargetPlatformParameter)' != 'true' and '%(_ProjectReferenceTargetFrameworkPossibilities.IsVcxOrNativeProj)' != 'true') oszacowano jako ('..\PhotoStudioManager.Core\PhotoStudioManager.Core.csproj;..\PhotoStudioManager.Infrastructure\PhotoStudioManager.Infrastructure.csproj' != '' and '.NETCoreApp,Version=v8.0' != ''
                                                               And 'true' != 'true' and '' != 'true').
       U┼╝ywanie zadania ÔÇ×SetRidAgnosticValueForProjectsÔÇŁ z zestawu ÔÇ×Microsoft.Build.Tasks.Core, Version=15.1.0.0, Culture=neutral, PublicKeyToken=b03f5f7f11d50a3aÔÇŁ.
       Zadanie ÔÇ×SetRidAgnosticValueForProjectsÔÇŁ
       Wykonywanie zadania ÔÇ×SetRidAgnosticValueForProjectsÔÇŁ zako┼äczone.
   1:7>Wykonano kompilowanie elementu docelowego ÔÇ×_GetProjectReferenceTargetFrameworkPropertiesÔÇŁ w projekcie ÔÇ×PhotoStudioManager.API.csprojÔÇŁ.
   1:7>Element docelowy ÔÇ×ValidateExecutableReferencesÔÇŁ w pliku ÔÇ×C:\Program Files\dotnet\sdk\8.0.101\Sdks\Microsoft.NET.Sdk\targets\Microsoft.NET.Sdk.targetsÔÇŁ z projektu ÔÇ×C:\Users\emili\CascadeProjects\PhotoStudioManager\PhotoStudioManager.API\PhotoStudioManager.API.csprojÔÇŁ (zale┼╝y od niego element docelowy ÔÇ×PrepareProjectReferencesÔÇŁ):
       U┼╝ywanie zadania ÔÇ×ValidateExecutableReferencesÔÇŁ z zestawu ÔÇ×C:\Program Files\dotnet\sdk\8.0.101\Sdks\Microsoft.NET.Sdk\targets\..\tools\net8.0\Microsoft.NET.Build.Tasks.dllÔÇŁ.
       Zadanie ÔÇ×ValidateExecutableReferencesÔÇŁ
       Wykonywanie zadania ÔÇ×ValidateExecutableReferencesÔÇŁ zako┼äczone.
   1:7>Wykonano kompilowanie elementu docelowego ÔÇ×ValidateExecutableReferencesÔÇŁ w projekcie ÔÇ×PhotoStudioManager.API.csprojÔÇŁ.
       Pomini─Öto element docelowy ÔÇ×_GetProjectReferencePlatformPropertiesÔÇŁ z powodu fa┼észywego warunku; ('$(EnableDynamicPlatformResolution)' == 'true'
                            and '@(_MSBuildProjectReferenceExistent)' != '') oszacowano jako ('' == 'true'
                            and '..\PhotoStudioManager.Core\PhotoStudioManager.Core.csproj;..\PhotoStudioManager.Infrastructure\PhotoStudioManager.Infrastructure.csproj' != '').
   1:7>Element docelowy ÔÇ×PrepareProjectReferencesÔÇŁ w pliku ÔÇ×C:\Program Files\dotnet\sdk\8.0.101\Microsoft.Common.CurrentVersion.targetsÔÇŁ z projektu ÔÇ×C:\Users\emili\CascadeProjects\PhotoStudioManager\PhotoStudioManager.API\PhotoStudioManager.API.csprojÔÇŁ (zale┼╝y od niego element docelowy ÔÇ×ResolveProjectReferencesÔÇŁ):
   1:7>Wykonano kompilowanie elementu docelowego ÔÇ×PrepareProjectReferencesÔÇŁ w projekcie ÔÇ×PhotoStudioManager.API.csprojÔÇŁ.
   1:7>Element docelowy ÔÇ×ResolveProjectReferencesÔÇŁ w pliku ÔÇ×C:\Program Files\dotnet\sdk\8.0.101\Microsoft.Common.CurrentVersion.targetsÔÇŁ z projektu ÔÇ×C:\Users\emili\CascadeProjects\PhotoStudioManager\PhotoStudioManager.API\PhotoStudioManager.API.csprojÔÇŁ (zale┼╝y od niego element docelowy ÔÇ×ResolveReferencesÔÇŁ):
       Pomini─Öto zadanie ÔÇ×MSBuildÔÇŁ z powodu fa┼észywego warunku; ('%(_MSBuildProjectReferenceExistent.BuildReference)' == 'true' and '@(ProjectReferenceWithConfiguration)' != '' and ('$(BuildingInsideVisualStudio)' == 'true' or '$(BuildProjectReferences)' != 'true') and '$(VisualStudioVersion)' != '10.0' and '@(_MSBuildProjectReferenceExistent)' != '') oszacowano jako ('true' == 'true' and '..\PhotoStudioManager.Core\PhotoStudioManager.Core.csproj;..\PhotoStudioManager.Infrastructure\PhotoStudioManager.Infrastructure.csproj' != '' and ('' == 'true' or 'true' != 'true') and '17.0' != '10.0' and '..\PhotoStudioManager.Core\PhotoStudioManager.Core.csproj;..\PhotoStudioManager.Infrastructure\PhotoStudioManager.Infrastructure.csproj' != '').
       Zadanie ÔÇ×MSBuildÔÇŁ
         Usuwanie w┼éa┼Ťciwo┼Ťci:
           WebPublishProfileFile
         Usuwanie w┼éa┼Ťciwo┼Ťci projektu ..\PhotoStudioManager.Core\PhotoStudioManager.Core.csproj:
           TargetFramework
           RuntimeIdentifier
           SelfContained
         Usuwanie w┼éa┼Ťciwo┼Ťci projektu ..\PhotoStudioManager.Infrastructure\PhotoStudioManager.Infrastructure.csproj:
           TargetFramework
           RuntimeIdentifier
           SelfContained
   1:7>Projekt ÔÇ×C:\Users\emili\CascadeProjects\PhotoStudioManager\PhotoStudioManager.API\PhotoStudioManager.API.csprojÔÇŁ (1:7) kompiluje ÔÇ×C:\Users\emili\CascadeProjects\PhotoStudioManager\PhotoStudioManager.Infrastructure\PhotoStudioManager.Infrastructure.csprojÔÇŁ (3:6) w w─Ö┼║le 1 (domy┼Ťlne elementy docelowe).
   3:6>Pomini─Öto element docelowy ÔÇ×_CheckForUnsupportedTargetFrameworkÔÇŁ z powodu fa┼észywego warunku; ('$(_UnsupportedTargetFrameworkError)' == 'true') oszacowano jako ('' == 'true').
   1:7>Projekt ÔÇ×C:\Users\emili\CascadeProjects\PhotoStudioManager\PhotoStudioManager.API\PhotoStudioManager.API.csprojÔÇŁ (1:7) kompiluje ÔÇ×C:\Users\emili\CascadeProjects\PhotoStudioManager\PhotoStudioManager.Core\PhotoStudioManager.Core.csprojÔÇŁ (2:7) w w─Ö┼║le 2 (domy┼Ťlne elementy docelowe).
   2:7>Pomini─Öto element docelowy ÔÇ×_CheckForUnsupportedTargetFrameworkÔÇŁ z powodu fa┼észywego warunku; ('$(_UnsupportedTargetFrameworkError)' == 'true') oszacowano jako ('' == 'true').
   3:6>Element docelowy ÔÇ×_CollectTargetFrameworkForTelemetryÔÇŁ w pliku ÔÇ×C:\Program Files\dotnet\sdk\8.0.101\Sdks\Microsoft.NET.Sdk\targets\Microsoft.NET.TargetFrameworkInference.targetsÔÇŁ z projektu ÔÇ×C:\Users\emili\CascadeProjects\PhotoStudioManager\PhotoStudioManager.Infrastructure\PhotoStudioManager.Infrastructure.csprojÔÇŁ (zale┼╝y od niego element docelowy ÔÇ×_CheckForInvalidConfigurationAndPlatformÔÇŁ):
   3:6>U┼╝ywanie zadania ÔÇ×AllowEmptyTelemetryÔÇŁ z zestawu ÔÇ×C:\Program Files\dotnet\sdk\8.0.101\Sdks\Microsoft.NET.Sdk\targets\..\tools\net8.0\Microsoft.NET.Build.Tasks.dllÔÇŁ.
       Zadanie ÔÇ×AllowEmptyTelemetryÔÇŁ
   2:7>Element docelowy ÔÇ×_CollectTargetFrameworkForTelemetryÔÇŁ w pliku ÔÇ×C:\Program Files\dotnet\sdk\8.0.101\Sdks\Microsoft.NET.Sdk\targets\Microsoft.NET.TargetFrameworkInference.targetsÔÇŁ z projektu ÔÇ×C:\Users\emili\CascadeProjects\PhotoStudioManager\PhotoStudioManager.Core\PhotoStudioManager.Core.csprojÔÇŁ (zale┼╝y od niego element docelowy ÔÇ×_CheckForInvalidConfigurationAndPlatformÔÇŁ):
   2:7>U┼╝ywanie zadania ÔÇ×AllowEmptyTelemetryÔÇŁ z zestawu ÔÇ×C:\Program Files\dotnet\sdk\8.0.101\Sdks\Microsoft.NET.Sdk\targets\..\tools\net8.0\Microsoft.NET.Build.Tasks.dllÔÇŁ.
   3:6>Wykonywanie zadania ÔÇ×AllowEmptyTelemetryÔÇŁ zako┼äczone.
   3:6>Wykonano kompilowanie elementu docelowego ÔÇ×_CollectTargetFrameworkForTelemetryÔÇŁ w projekcie ÔÇ×PhotoStudioManager.Infrastructure.csprojÔÇŁ.
   2:7>Zadanie ÔÇ×AllowEmptyTelemetryÔÇŁ
   3:6>Pomini─Öto element docelowy ÔÇ×_CheckForUnsupportedTargetPlatformIdentifierÔÇŁ z powodu fa┼észywego warunku; ('$(TargetPlatformIdentifier)' != '' and '$(TargetFrameworkIdentifier)' == '.NETCoreApp' and $([MSBuild]::VersionGreaterThanOrEquals($(TargetFrameworkVersion), 5.0)) And ('$(DesignTimeBuild)' != 'true' Or '@(MissingWorkloadPack)' == '')) oszacowano jako ('' != '' and '.NETCoreApp' == '.NETCoreApp' and True And ('' != 'true' Or '' == '')).
       Pomini─Öto element docelowy ÔÇ×_CheckForMissingWorkloadÔÇŁ z powodu fa┼észywego warunku; ('@(MissingWorkloadPack)' != '' And '$(DesignTimeBuild)' != 'true') oszacowano jako ('' != '' And '' != 'true').
   2:7>Wykonywanie zadania ÔÇ×AllowEmptyTelemetryÔÇŁ zako┼äczone.
   3:6>Element docelowy ÔÇ×_CheckForUnsupportedNETCoreVersionÔÇŁ w pliku ÔÇ×C:\Program Files\dotnet\sdk\8.0.101\Sdks\Microsoft.NET.Sdk\targets\Microsoft.NET.TargetFrameworkInference.targetsÔÇŁ z projektu ÔÇ×C:\Users\emili\CascadeProjects\PhotoStudioManager\PhotoStudioManager.Infrastructure\PhotoStudioManager.Infrastructure.csprojÔÇŁ (zale┼╝y od niego element docelowy ÔÇ×_CheckForInvalidConfigurationAndPlatformÔÇŁ):
   3:6>Pomini─Öto zadanie ÔÇ×NETSdkErrorÔÇŁ z powodu fa┼észywego warunku; ('$(_TargetFrameworkVersionWithoutV)' > '$(NETCoreAppMaximumVersion)' and '$(DisplayVSMessage)' != 'true') oszacowano jako ('8.0' > '8.0' and '' != 'true').
       Pomini─Öto zadanie ÔÇ×NETSdkErrorÔÇŁ z powodu fa┼észywego warunku; ('$(DisplayVSMessage)' == 'true') oszacowano jako ('' == 'true').
   3:6>Wykonano kompilowanie elementu docelowego ÔÇ×_CheckForUnsupportedNETCoreVersionÔÇŁ w projekcie ÔÇ×PhotoStudioManager.Infrastructure.csprojÔÇŁ.
       Pomini─Öto element docelowy ÔÇ×_CheckForEolTargetFrameworksÔÇŁ z powodu fa┼észywego warunku; ('@(_EolNetCoreTargetFrameworkVersions->AnyHaveMetadataValue('Identity', '$(_TargetFrameworkVersionWithoutV)'))' and '$(TargetFrameworkIdentifier)' == '.NETCoreApp' and '$(CheckEolTargetFramework)' == 'true') oszacowano jako ('false' and '.NETCoreApp' == '.NETCoreApp' and '' == 'true').
       Pomini─Öto element docelowy ÔÇ×_CheckForEolWorkloadsÔÇŁ z powodu fa┼észywego warunku; ('@(EolWorkload)' != '' and '$(CheckEolWorkloads)' == 'true') oszacowano jako ('' != '' and 'true' == 'true').
   2:7>Wykonano kompilowanie elementu docelowego ÔÇ×_CollectTargetFrameworkForTelemetryÔÇŁ w projekcie ÔÇ×PhotoStudioManager.Core.csprojÔÇŁ.
   3:6>Element docelowy ÔÇ×_CheckForUnsupportedCppNETCoreVersionÔÇŁ w pliku ÔÇ×C:\Program Files\dotnet\sdk\8.0.101\Sdks\Microsoft.NET.Sdk\targets\Microsoft.NET.TargetFrameworkInference.targetsÔÇŁ z projektu ÔÇ×C:\Users\emili\CascadeProjects\PhotoStudioManager\PhotoStudioManager.Infrastructure\PhotoStudioManager.Infrastructure.csprojÔÇŁ (zale┼╝y od niego element docelowy ÔÇ×_CheckForInvalidConfigurationAndPlatformÔÇŁ):
   3:6>Pomini─Öto zadanie ÔÇ×NETSdkErrorÔÇŁ z powodu fa┼észywego warunku; ('$(TargetFrameworkIdentifier)' == '.NETCoreApp' and '$(_TargetFrameworkVersionWithoutV)' < '3.1' and ('$(Language)' == 'C++' and '$(_EnablePackageReferencesInVCProjects)' != 'true')) oszacowano jako ('.NETCoreApp' == '.NETCoreApp' and '8.0' < '3.1' and ('C#' == 'C++' and '' != 'true')).
   3:6>Wykonano kompilowanie elementu docelowego ÔÇ×_CheckForUnsupportedCppNETCoreVersionÔÇŁ w projekcie ÔÇ×PhotoStudioManager.Infrastructure.csprojÔÇŁ.
       Pomini─Öto element docelowy ÔÇ×_CheckForUnsupportedNETStandardVersionÔÇŁ z powodu fa┼észywego warunku; ('$(TargetFrameworkIdentifier)' == '.NETStandard' And '$(NETStandardMaximumVersion)' != '') oszacowano jako ('.NETCoreApp' == '.NETStandard' And '' != '').
       Pomini─Öto element docelowy ÔÇ×_CheckForUnsupportedTargetFrameworkAndFeatureCombinationÔÇŁ z powodu fa┼észywego warunku; ('$(TargetFrameworkIdentifier)' == '.NETFramework') oszacowano jako ('.NETCoreApp' == '.NETFramework').
   2:7>Pomini─Öto element docelowy ÔÇ×_CheckForUnsupportedTargetPlatformIdentifierÔÇŁ z powodu fa┼észywego warunku; ('$(TargetPlatformIdentifier)' != '' and '$(TargetFrameworkIdentifier)' == '.NETCoreApp' and $([MSBuild]::VersionGreaterThanOrEquals($(TargetFrameworkVersion), 5.0)) And ('$(DesignTimeBuild)' != 'true' Or '@(MissingWorkloadPack)' == '')) oszacowano jako ('' != '' and '.NETCoreApp' == '.NETCoreApp' and True And ('' != 'true' Or '' == '')).
   3:6>Pomini─Öto element docelowy ÔÇ×_CheckForSupportedOSPlatformVersionHigherThanTargetPlatformVersionÔÇŁ z powodu fa┼észywego warunku; ('$(TargetPlatformVersion)' != '' and '$(TargetFrameworkIdentifier)' == '.NETCoreApp' and $([MSBuild]::VersionGreaterThanOrEquals($(TargetFrameworkVersion), 5.0))) oszacowano jako ('' != '' and '.NETCoreApp' == '.NETCoreApp' and True).
       Pomini─Öto element docelowy ÔÇ×_CheckForInvalidTargetPlatformVersionÔÇŁ z powodu fa┼észywego warunku; ('$(TargetPlatformVersion)' != '' and '$(TargetFrameworkIdentifier)' == '.NETCoreApp' and $([MSBuild]::VersionGreaterThanOrEquals($(TargetFrameworkVersion), 5.0)) and ('$(Language)' != 'C++' or '$(_EnablePackageReferencesInVCProjects)' == 'true')) oszacowano jako ('' != '' and '.NETCoreApp' == '.NETCoreApp' and True and ('C#' != 'C++' or '' == 'true')).
   2:7>Pomini─Öto element docelowy ÔÇ×_CheckForMissingWorkloadÔÇŁ z powodu fa┼észywego warunku; ('@(MissingWorkloadPack)' != '' And '$(DesignTimeBuild)' != 'true') oszacowano jako ('' != '' And '' != 'true').
   3:6>Element docelowy ÔÇ×_CheckForUnsupportedArtifactsPathÔÇŁ w pliku ÔÇ×C:\Program Files\dotnet\sdk\8.0.101\Sdks\Microsoft.NET.Sdk\targets\Microsoft.NET.DefaultOutputPaths.targetsÔÇŁ z projektu ÔÇ×C:\Users\emili\CascadeProjects\PhotoStudioManager\PhotoStudioManager.Infrastructure\PhotoStudioManager.Infrastructure.csprojÔÇŁ (zale┼╝y od niego element docelowy ÔÇ×_CheckForInvalidConfigurationAndPlatformÔÇŁ):
   3:6>Pomini─Öto zadanie ÔÇ×NetSdkErrorÔÇŁ z powodu fa┼észywego warunku; ('$(UseArtifactsOutput)' == 'true' and '$(_ArtifactsPathSetEarly)' != 'true') oszacowano jako ('' == 'true' and '' != 'true').
       Pomini─Öto zadanie ÔÇ×NetSdkErrorÔÇŁ z powodu fa┼észywego warunku; ('$(_ArtifactsPathLocationType)' == 'ProjectFolder') oszacowano jako ('' == 'ProjectFolder').
   3:6>Wykonano kompilowanie elementu docelowego ÔÇ×_CheckForUnsupportedArtifactsPathÔÇŁ w projekcie ÔÇ×PhotoStudioManager.Infrastructure.csprojÔÇŁ.
       Pomini─Öto element docelowy ÔÇ×_CheckForMissingWorkloadÔÇŁ z powodu fa┼észywego warunku; ('@(MissingWorkloadPack)' != '' And '$(DesignTimeBuild)' != 'true') oszacowano jako ('' != '' And '' != 'true').
       Pomini─Öto element docelowy ÔÇ×_CheckForUnsupportedAppHostUsageÔÇŁ z powodu fa┼észywego warunku; ('$(TargetFrameworkIdentifier)' == '.NETCoreApp' and '$(HasRuntimeOutput)' == 'true') oszacowano jako ('.NETCoreApp' == '.NETCoreApp' and '' == 'true').
   3:6>Element docelowy ÔÇ×_CheckForUnsupportedHostingUsageÔÇŁ w pliku ÔÇ×C:\Program Files\dotnet\sdk\8.0.101\Sdks\Microsoft.NET.Sdk\targets\Microsoft.NET.RuntimeIdentifierInference.targetsÔÇŁ z projektu ÔÇ×C:\Users\emili\CascadeProjects\PhotoStudioManager\PhotoStudioManager.Infrastructure\PhotoStudioManager.Infrastructure.csprojÔÇŁ (zale┼╝y od niego element docelowy ÔÇ×_CheckForInvalidConfigurationAndPlatformÔÇŁ):
       Pomini─Öto zadanie ÔÇ×NETSdkWarningÔÇŁ z powodu fa┼észywego warunku; ('$(SelfContained)' == 'true' and '$(EnableComHosting)' == 'true') oszacowano jako ('' == 'true' and '' == 'true').
   2:7>Element docelowy ÔÇ×_CheckForUnsupportedNETCoreVersionÔÇŁ w pliku ÔÇ×C:\Program Files\dotnet\sdk\8.0.101\Sdks\Microsoft.NET.Sdk\targets\Microsoft.NET.TargetFrameworkInference.targetsÔÇŁ z projektu ÔÇ×C:\Users\emili\CascadeProjects\PhotoStudioManager\PhotoStudioManager.Core\PhotoStudioManager.Core.csprojÔÇŁ (zale┼╝y od niego element docelowy ÔÇ×_CheckForInvalidConfigurationAndPlatformÔÇŁ):
   2:7>Pomini─Öto zadanie ÔÇ×NETSdkErrorÔÇŁ z powodu fa┼észywego warunku; ('$(_TargetFrameworkVersionWithoutV)' > '$(NETCoreAppMaximumVersion)' and '$(DisplayVSMessage)' != 'true') oszacowano jako ('8.0' > '8.0' and '' != 'true').
   3:6>Wykonano kompilowanie elementu docelowego ÔÇ×_CheckForUnsupportedHostingUsageÔÇŁ w projekcie ÔÇ×PhotoStudioManager.Infrastructure.csprojÔÇŁ.
   3:6>Element docelowy ÔÇ×_CheckAndUnsetUnsupportedPrefer32BitÔÇŁ w pliku ÔÇ×C:\Program Files\dotnet\sdk\8.0.101\Sdks\Microsoft.NET.Sdk\targets\Microsoft.NET.RuntimeIdentifierInference.targetsÔÇŁ z projektu ÔÇ×C:\Users\emili\CascadeProjects\PhotoStudioManager\PhotoStudioManager.Infrastructure\PhotoStudioManager.Infrastructure.csprojÔÇŁ (zale┼╝y od niego element docelowy ÔÇ×_CheckForInvalidConfigurationAndPlatformÔÇŁ):
       Pomini─Öto zadanie ÔÇ×NETSdkWarningÔÇŁ z powodu fa┼észywego warunku; ('$(Prefer32Bit)' == 'true') oszacowano jako ('false' == 'true').
   2:7>_CheckForUnsupportedNETCoreVersion:
       Pomini─Öto zadanie ÔÇ×NETSdkErrorÔÇŁ z powodu fa┼észywego warunku; ('$(DisplayVSMessage)' == 'true') oszacowano jako ('' == 'true').
   3:6>Wykonano kompilowanie elementu docelowego ÔÇ×_CheckAndUnsetUnsupportedPrefer32BitÔÇŁ w projekcie ÔÇ×PhotoStudioManager.Infrastructure.csprojÔÇŁ.
       Pomini─Öto element docelowy ÔÇ×_CheckForMismatchingPlatformÔÇŁ z powodu fa┼észywego warunku; ('$(RuntimeIdentifier)' != '' and '$(PlatformTarget)' != '') oszacowano jako ('' != '' and '' != '').
   2:7>Wykonano kompilowanie elementu docelowego ÔÇ×_CheckForUnsupportedNETCoreVersionÔÇŁ w projekcie ÔÇ×PhotoStudioManager.Core.csprojÔÇŁ.
   3:6>Element docelowy ÔÇ×_CheckForLanguageAndFeatureCombinationSupportÔÇŁ w pliku ÔÇ×C:\Program Files\dotnet\sdk\8.0.101\Sdks\Microsoft.NET.Sdk\targets\Microsoft.NET.RuntimeIdentifierInference.targetsÔÇŁ z projektu ÔÇ×C:\Users\emili\CascadeProjects\PhotoStudioManager\PhotoStudioManager.Infrastructure\PhotoStudioManager.Infrastructure.csprojÔÇŁ (zale┼╝y od niego element docelowy ÔÇ×_CheckForInvalidConfigurationAndPlatformÔÇŁ):
   3:6>Pomini─Öto zadanie ÔÇ×NETSdkErrorÔÇŁ z powodu fa┼észywego warunku; (('$(Language)' == 'C++' and '$(_EnablePackageReferencesInVCProjects)' != 'true') and $(OutputType) != 'library' and '$(TargetFrameworkIdentifier)' == '.NETCoreApp') oszacowano jako (('C#' == 'C++' and '' != 'true') and Library != 'library' and '.NETCoreApp' == '.NETCoreApp').
       Pomini─Öto zadanie ÔÇ×NETSdkErrorÔÇŁ z powodu fa┼észywego warunku; (('$(Language)' == 'C++' and '$(_EnablePackageReferencesInVCProjects)' != 'true') and $(EnableComHosting) == 'true') oszacowano jako (('C#' == 'C++' and '' != 'true') and  == 'true').
   2:7>Pomini─Öto element docelowy ÔÇ×_CheckForEolTargetFrameworksÔÇŁ z powodu fa┼észywego warunku; ('@(_EolNetCoreTargetFrameworkVersions->AnyHaveMetadataValue('Identity', '$(_TargetFrameworkVersionWithoutV)'))' and '$(TargetFrameworkIdentifier)' == '.NETCoreApp' and '$(CheckEolTargetFramework)' == 'true') oszacowano jako ('false' and '.NETCoreApp' == '.NETCoreApp' and '' == 'true').
   3:6>_CheckForLanguageAndFeatureCombinationSupport:
       Pomini─Öto zadanie ÔÇ×NETSdkErrorÔÇŁ z powodu fa┼észywego warunku; (('$(Language)' == 'C++' and '$(_EnablePackageReferencesInVCProjects)' != 'true') and $(SelfContained) == 'true') oszacowano jako (('C#' == 'C++' and '' != 'true') and  == 'true').
   3:6>Wykonano kompilowanie elementu docelowego ÔÇ×_CheckForLanguageAndFeatureCombinationSupportÔÇŁ w projekcie ÔÇ×PhotoStudioManager.Infrastructure.csprojÔÇŁ.
       Pomini─Öto element docelowy ÔÇ×_CheckForNETCoreSdkIsPreviewÔÇŁ z powodu fa┼észywego warunku; ( '$(_NETCoreSdkIsPreview)' == 'true' AND '$(SuppressNETCoreSdkPreviewMessage)' != 'true' ) oszacowano jako ( 'false' == 'true' AND '' != 'true' ).
   2:7>Pomini─Öto element docelowy ÔÇ×_CheckForEolWorkloadsÔÇŁ z powodu fa┼észywego warunku; ('@(EolWorkload)' != '' and '$(CheckEolWorkloads)' == 'true') oszacowano jako ('' != '' and 'true' == 'true').
   3:6>Element docelowy ÔÇ×_GetProjectJsonPathÔÇŁ w pliku ÔÇ×C:\Program Files\dotnet\sdk\8.0.101\NuGet.targetsÔÇŁ z projektu ÔÇ×C:\Users\emili\CascadeProjects\PhotoStudioManager\PhotoStudioManager.Infrastructure\PhotoStudioManager.Infrastructure.csprojÔÇŁ (zale┼╝y od niego element docelowy ÔÇ×_GetRestoreProjectStyleÔÇŁ):
   3:6>Pomini─Öto zadanie ÔÇ×GetRestoreProjectJsonPathTaskÔÇŁ z powodu fa┼észywego warunku; ( '$(RestoreProjectStyle)' == 'ProjectJson' OR '$(RestoreProjectStyle)' == '' ) oszacowano jako ( 'PackageReference' == 'ProjectJson' OR 'PackageReference' == '' ).
   3:6>Wykonano kompilowanie elementu docelowego ÔÇ×_GetProjectJsonPathÔÇŁ w projekcie ÔÇ×PhotoStudioManager.Infrastructure.csprojÔÇŁ.
       Pomini─Öto element docelowy ÔÇ×_CheckForUnsupportedTargetPlatformIdentifierÔÇŁ z powodu fa┼észywego warunku; ('$(TargetPlatformIdentifier)' != '' and '$(TargetFrameworkIdentifier)' == '.NETCoreApp' and $([MSBuild]::VersionGreaterThanOrEquals($(TargetFrameworkVersion), 5.0)) And ('$(DesignTimeBuild)' != 'true' Or '@(MissingWorkloadPack)' == '')) oszacowano jako ('' != '' and '.NETCoreApp' == '.NETCoreApp' and True And ('' != 'true' Or '' == '')).
   2:7>Element docelowy ÔÇ×_CheckForUnsupportedCppNETCoreVersionÔÇŁ w pliku ÔÇ×C:\Program Files\dotnet\sdk\8.0.101\Sdks\Microsoft.NET.Sdk\targets\Microsoft.NET.TargetFrameworkInference.targetsÔÇŁ z projektu ÔÇ×C:\Users\emili\CascadeProjects\PhotoStudioManager\PhotoStudioManager.Core\PhotoStudioManager.Core.csprojÔÇŁ (zale┼╝y od niego element docelowy ÔÇ×_CheckForInvalidConfigurationAndPlatformÔÇŁ):
   2:7>Pomini─Öto zadanie ÔÇ×NETSdkErrorÔÇŁ z powodu fa┼észywego warunku; ('$(TargetFrameworkIdentifier)' == '.NETCoreApp' and '$(_TargetFrameworkVersionWithoutV)' < '3.1' and ('$(Language)' == 'C++' and '$(_EnablePackageReferencesInVCProjects)' != 'true')) oszacowano jako ('.NETCoreApp' == '.NETCoreApp' and '8.0' < '3.1' and ('C#' == 'C++' and '' != 'true')).
   3:6>Pomini─Öto element docelowy ÔÇ×_CheckForMissingWorkloadÔÇŁ z powodu fa┼észywego warunku; ('@(MissingWorkloadPack)' != '' And '$(DesignTimeBuild)' != 'true') oszacowano jako ('' != '' And '' != 'true').
       Pomini─Öto element docelowy ÔÇ×_CheckForUnsupportedNETStandardVersionÔÇŁ z powodu fa┼észywego warunku; ('$(TargetFrameworkIdentifier)' == '.NETStandard' And '$(NETStandardMaximumVersion)' != '') oszacowano jako ('.NETCoreApp' == '.NETStandard' And '' != '').
       Pomini─Öto element docelowy ÔÇ×_CheckForUnsupportedTargetFrameworkAndFeatureCombinationÔÇŁ z powodu fa┼észywego warunku; ('$(TargetFrameworkIdentifier)' == '.NETFramework') oszacowano jako ('.NETCoreApp' == '.NETFramework').
   2:7>Wykonano kompilowanie elementu docelowego ÔÇ×_CheckForUnsupportedCppNETCoreVersionÔÇŁ w projekcie ÔÇ×PhotoStudioManager.Core.csprojÔÇŁ.
       Pomini─Öto element docelowy ÔÇ×_CheckForUnsupportedNETStandardVersionÔÇŁ z powodu fa┼észywego warunku; ('$(TargetFrameworkIdentifier)' == '.NETStandard' And '$(NETStandardMaximumVersion)' != '') oszacowano jako ('.NETCoreApp' == '.NETStandard' And '' != '').
       Pomini─Öto element docelowy ÔÇ×_CheckForUnsupportedTargetFrameworkAndFeatureCombinationÔÇŁ z powodu fa┼észywego warunku; ('$(TargetFrameworkIdentifier)' == '.NETFramework') oszacowano jako ('.NETCoreApp' == '.NETFramework').
   3:6>Element docelowy ÔÇ×UpdateAspNetToFrameworkReferenceÔÇŁ w pliku ÔÇ×C:\Program Files\dotnet\sdk\8.0.101\Sdks\Microsoft.NET.Sdk\targets\Microsoft.NET.Sdk.DefaultItems.Shared.targetsÔÇŁ z projektu ÔÇ×C:\Users\emili\CascadeProjects\PhotoStudioManager\PhotoStudioManager.Infrastructure\PhotoStudioManager.Infrastructure.csprojÔÇŁ (zale┼╝y od niego element docelowy ÔÇ×ApplyImplicitVersionsÔÇŁ):
   3:6>U┼╝ywanie zadania ÔÇ×CheckIfPackageReferenceShouldBeFrameworkReferenceÔÇŁ z zestawu ÔÇ×C:\Program Files\dotnet\sdk\8.0.101\Sdks\Microsoft.NET.Sdk\targets\..\tools\net8.0\Microsoft.NET.Build.Tasks.dllÔÇŁ.
       Zadanie ÔÇ×CheckIfPackageReferenceShouldBeFrameworkReferenceÔÇŁ
   2:7>Pomini─Öto element docelowy ÔÇ×_CheckForSupportedOSPlatformVersionHigherThanTargetPlatformVersionÔÇŁ z powodu fa┼észywego warunku; ('$(TargetPlatformVersion)' != '' and '$(TargetFrameworkIdentifier)' == '.NETCoreApp' and $([MSBuild]::VersionGreaterThanOrEquals($(TargetFrameworkVersion), 5.0))) oszacowano jako ('' != '' and '.NETCoreApp' == '.NETCoreApp' and True).
       Pomini─Öto element docelowy ÔÇ×_CheckForInvalidTargetPlatformVersionÔÇŁ z powodu fa┼észywego warunku; ('$(TargetPlatformVersion)' != '' and '$(TargetFrameworkIdentifier)' == '.NETCoreApp' and $([MSBuild]::VersionGreaterThanOrEquals($(TargetFrameworkVersion), 5.0)) and ('$(Language)' != 'C++' or '$(_EnablePackageReferencesInVCProjects)' == 'true')) oszacowano jako ('' != '' and '.NETCoreApp' == '.NETCoreApp' and True and ('C#' != 'C++' or '' == 'true')).
   3:6>Wykonywanie zadania ÔÇ×CheckIfPackageReferenceShouldBeFrameworkReferenceÔÇŁ zako┼äczone.
       Pomini─Öto zadanie ÔÇ×NETSdkErrorÔÇŁ z powodu fa┼észywego warunku; ('$(_ShouldRemoveAspNetCoreAll)' == 'true') oszacowano jako ('False' == 'true').
       Zadanie ÔÇ×CheckIfPackageReferenceShouldBeFrameworkReferenceÔÇŁ
   2:7>Element docelowy ÔÇ×_CheckForUnsupportedArtifactsPathÔÇŁ w pliku ÔÇ×C:\Program Files\dotnet\sdk\8.0.101\Sdks\Microsoft.NET.Sdk\targets\Microsoft.NET.DefaultOutputPaths.targetsÔÇŁ z projektu ÔÇ×C:\Users\emili\CascadeProjects\PhotoStudioManager\PhotoStudioManager.Core\PhotoStudioManager.Core.csprojÔÇŁ (zale┼╝y od niego element docelowy ÔÇ×_CheckForInvalidConfigurationAndPlatformÔÇŁ):
   2:7>Pomini─Öto zadanie ÔÇ×NetSdkErrorÔÇŁ z powodu fa┼észywego warunku; ('$(UseArtifactsOutput)' == 'true' and '$(_ArtifactsPathSetEarly)' != 'true') oszacowano jako ('' == 'true' and '' != 'true').
       Pomini─Öto zadanie ÔÇ×NetSdkErrorÔÇŁ z powodu fa┼észywego warunku; ('$(_ArtifactsPathLocationType)' == 'ProjectFolder') oszacowano jako ('' == 'ProjectFolder').
   3:6>Wykonywanie zadania ÔÇ×CheckIfPackageReferenceShouldBeFrameworkReferenceÔÇŁ zako┼äczone.
       Pomini─Öto zadanie ÔÇ×NETSdkWarningÔÇŁ z powodu fa┼észywego warunku; ('$(_ShouldRemoveAspNetCoreApp)' == 'true') oszacowano jako ('False' == 'true').
   3:6>Wykonano kompilowanie elementu docelowego ÔÇ×UpdateAspNetToFrameworkReferenceÔÇŁ w projekcie ÔÇ×PhotoStudioManager.Infrastructure.csprojÔÇŁ.
       Pomini─Öto element docelowy ÔÇ×IncludeTargetingPackReferenceÔÇŁ z powodu fa┼észywego warunku; ('$(TargetFrameworkMoniker)' != '' and '$(TargetFrameworkIdentifier)' == '.NETFramework' and '$(AutomaticallyUseReferenceAssemblyPackages)' == 'true') oszacowano jako ('.NETCoreApp,Version=v8.0' != '' and '.NETCoreApp' == '.NETFramework' and 'true' == 'true').
   2:7>Wykonano kompilowanie elementu docelowego ÔÇ×_CheckForUnsupportedArtifactsPathÔÇŁ w projekcie ÔÇ×PhotoStudioManager.Core.csprojÔÇŁ.
   3:6>Element docelowy ÔÇ×CheckForImplicitPackageReferenceOverridesÔÇŁ w pliku ÔÇ×C:\Program Files\dotnet\sdk\8.0.101\Sdks\Microsoft.NET.Sdk\targets\Microsoft.NET.Sdk.DefaultItems.Shared.targetsÔÇŁ z projektu ÔÇ×C:\Users\emili\CascadeProjects\PhotoStudioManager\PhotoStudioManager.Infrastructure\PhotoStudioManager.Infrastructure.csprojÔÇŁ (zale┼╝y od niego element docelowy ÔÇ×ApplyImplicitVersionsÔÇŁ):
   3:6>U┼╝ywanie zadania ÔÇ×CheckForImplicitPackageReferenceOverridesÔÇŁ z zestawu ÔÇ×C:\Program Files\dotnet\sdk\8.0.101\Sdks\Microsoft.NET.Sdk\targets\..\tools\net8.0\Microsoft.NET.Build.Tasks.dllÔÇŁ.
       Zadanie ÔÇ×CheckForImplicitPackageReferenceOverridesÔÇŁ
   2:7>Pomini─Öto element docelowy ÔÇ×_CheckForMissingWorkloadÔÇŁ z powodu fa┼észywego warunku; ('@(MissingWorkloadPack)' != '' And '$(DesignTimeBuild)' != 'true') oszacowano jako ('' != '' And '' != 'true').
       Pomini─Öto element docelowy ÔÇ×_CheckForUnsupportedAppHostUsageÔÇŁ z powodu fa┼észywego warunku; ('$(TargetFrameworkIdentifier)' == '.NETCoreApp' and '$(HasRuntimeOutput)' == 'true') oszacowano jako ('.NETCoreApp' == '.NETCoreApp' and '' == 'true').
   2:7>Element docelowy ÔÇ×_CheckForUnsupportedHostingUsageÔÇŁ w pliku ÔÇ×C:\Program Files\dotnet\sdk\8.0.101\Sdks\Microsoft.NET.Sdk\targets\Microsoft.NET.RuntimeIdentifierInference.targetsÔÇŁ z projektu ÔÇ×C:\Users\emili\CascadeProjects\PhotoStudioManager\PhotoStudioManager.Core\PhotoStudioManager.Core.csprojÔÇŁ (zale┼╝y od niego element docelowy ÔÇ×_CheckForInvalidConfigurationAndPlatformÔÇŁ):
       Pomini─Öto zadanie ÔÇ×NETSdkWarningÔÇŁ z powodu fa┼észywego warunku; ('$(SelfContained)' == 'true' and '$(EnableComHosting)' == 'true') oszacowano jako ('' == 'true' and '' == 'true').
   3:6>Wykonywanie zadania ÔÇ×CheckForImplicitPackageReferenceOverridesÔÇŁ zako┼äczone.
   2:7>Wykonano kompilowanie elementu docelowego ÔÇ×_CheckForUnsupportedHostingUsageÔÇŁ w projekcie ÔÇ×PhotoStudioManager.Core.csprojÔÇŁ.
   3:6>Wykonano kompilowanie elementu docelowego ÔÇ×CheckForImplicitPackageReferenceOverridesÔÇŁ w projekcie ÔÇ×PhotoStudioManager.Infrastructure.csprojÔÇŁ.
   3:6>Element docelowy ÔÇ×ApplyImplicitVersionsÔÇŁ w pliku ÔÇ×C:\Program Files\dotnet\sdk\8.0.101\Sdks\Microsoft.NET.Sdk\targets\Microsoft.NET.Sdk.DefaultItems.Shared.targetsÔÇŁ z projektu ÔÇ×C:\Users\emili\CascadeProjects\PhotoStudioManager\PhotoStudioManager.Infrastructure\PhotoStudioManager.Infrastructure.csprojÔÇŁ (zale┼╝y od niego element docelowy ÔÇ×CollectPackageReferencesÔÇŁ):
       U┼╝ywanie zadania ÔÇ×ApplyImplicitVersionsÔÇŁ z zestawu ÔÇ×C:\Program Files\dotnet\sdk\8.0.101\Sdks\Microsoft.NET.Sdk\targets\..\tools\net8.0\Microsoft.NET.Build.Tasks.dllÔÇŁ.
       Zadanie ÔÇ×ApplyImplicitVersionsÔÇŁ
   2:7>Element docelowy ÔÇ×_CheckAndUnsetUnsupportedPrefer32BitÔÇŁ w pliku ÔÇ×C:\Program Files\dotnet\sdk\8.0.101\Sdks\Microsoft.NET.Sdk\targets\Microsoft.NET.RuntimeIdentifierInference.targetsÔÇŁ z projektu ÔÇ×C:\Users\emili\CascadeProjects\PhotoStudioManager\PhotoStudioManager.Core\PhotoStudioManager.Core.csprojÔÇŁ (zale┼╝y od niego element docelowy ÔÇ×_CheckForInvalidConfigurationAndPlatformÔÇŁ):
   2:7>Pomini─Öto zadanie ÔÇ×NETSdkWarningÔÇŁ z powodu fa┼észywego warunku; ('$(Prefer32Bit)' == 'true') oszacowano jako ('false' == 'true').
   2:7>Wykonano kompilowanie elementu docelowego ÔÇ×_CheckAndUnsetUnsupportedPrefer32BitÔÇŁ w projekcie ÔÇ×PhotoStudioManager.Core.csprojÔÇŁ.
       Pomini─Öto element docelowy ÔÇ×_CheckForMismatchingPlatformÔÇŁ z powodu fa┼észywego warunku; ('$(RuntimeIdentifier)' != '' and '$(PlatformTarget)' != '') oszacowano jako ('' != '' and '' != '').
   2:7>Element docelowy ÔÇ×_CheckForLanguageAndFeatureCombinationSupportÔÇŁ w pliku ÔÇ×C:\Program Files\dotnet\sdk\8.0.101\Sdks\Microsoft.NET.Sdk\targets\Microsoft.NET.RuntimeIdentifierInference.targetsÔÇŁ z projektu ÔÇ×C:\Users\emili\CascadeProjects\PhotoStudioManager\PhotoStudioManager.Core\PhotoStudioManager.Core.csprojÔÇŁ (zale┼╝y od niego element docelowy ÔÇ×_CheckForInvalidConfigurationAndPlatformÔÇŁ):
       Pomini─Öto zadanie ÔÇ×NETSdkErrorÔÇŁ z powodu fa┼észywego warunku; (('$(Language)' == 'C++' and '$(_EnablePackageReferencesInVCProjects)' != 'true') and $(OutputType) != 'library' and '$(TargetFrameworkIdentifier)' == '.NETCoreApp') oszacowano jako (('C#' == 'C++' and '' != 'true') and Library != 'library' and '.NETCoreApp' == '.NETCoreApp').
       Pomini─Öto zadanie ÔÇ×NETSdkErrorÔÇŁ z powodu fa┼észywego warunku; (('$(Language)' == 'C++' and '$(_EnablePackageReferencesInVCProjects)' != 'true') and $(EnableComHosting) == 'true') oszacowano jako (('C#' == 'C++' and '' != 'true') and  == 'true').
       Pomini─Öto zadanie ÔÇ×NETSdkErrorÔÇŁ z powodu fa┼észywego warunku; (('$(Language)' == 'C++' and '$(_EnablePackageReferencesInVCProjects)' != 'true') and $(SelfContained) == 'true') oszacowano jako (('C#' == 'C++' and '' != 'true') and  == 'true').
   2:7>Wykonano kompilowanie elementu docelowego ÔÇ×_CheckForLanguageAndFeatureCombinationSupportÔÇŁ w projekcie ÔÇ×PhotoStudioManager.Core.csprojÔÇŁ.
   3:6>Wykonywanie zadania ÔÇ×ApplyImplicitVersionsÔÇŁ zako┼äczone.
   2:7>Pomini─Öto element docelowy ÔÇ×_CheckForNETCoreSdkIsPreviewÔÇŁ z powodu fa┼észywego warunku; ( '$(_NETCoreSdkIsPreview)' == 'true' AND '$(SuppressNETCoreSdkPreviewMessage)' != 'true' ) oszacowano jako ( 'false' == 'true' AND '' != 'true' ).
   3:6>Wykonano kompilowanie elementu docelowego ÔÇ×ApplyImplicitVersionsÔÇŁ w projekcie ÔÇ×PhotoStudioManager.Infrastructure.csprojÔÇŁ.
       Pomini─Öto element docelowy ÔÇ×CheckForImplicitPackageReferenceOverridesÔÇŁ. Wcze┼Ťniejsza kompilacja powiod┼éa si─Ö.
   2:7>Element docelowy ÔÇ×_GetProjectJsonPathÔÇŁ w pliku ÔÇ×C:\Program Files\dotnet\sdk\8.0.101\NuGet.targetsÔÇŁ z projektu ÔÇ×C:\Users\emili\CascadeProjects\PhotoStudioManager\PhotoStudioManager.Core\PhotoStudioManager.Core.csprojÔÇŁ (zale┼╝y od niego element docelowy ÔÇ×_GetRestoreProjectStyleÔÇŁ):
   2:7>Pomini─Öto zadanie ÔÇ×GetRestoreProjectJsonPathTaskÔÇŁ z powodu fa┼észywego warunku; ( '$(RestoreProjectStyle)' == 'ProjectJson' OR '$(RestoreProjectStyle)' == '' ) oszacowano jako ( 'PackageReference' == 'ProjectJson' OR 'PackageReference' == '' ).
   3:6>Pomini─Öto element docelowy ÔÇ×AddWindowsSdkKnownFrameworkReferencesÔÇŁ z powodu fa┼észywego warunku; ('$(TargetFrameworkIdentifier)' == '.NETCoreApp' And '$(TargetPlatformIdentifier)' == 'Windows') oszacowano jako ('.NETCoreApp' == '.NETCoreApp' And '' == 'Windows').
   2:7>Wykonano kompilowanie elementu docelowego ÔÇ×_GetProjectJsonPathÔÇŁ w projekcie ÔÇ×PhotoStudioManager.Core.csprojÔÇŁ.
       Pomini─Öto element docelowy ÔÇ×_CheckForUnsupportedTargetPlatformIdentifierÔÇŁ z powodu fa┼észywego warunku; ('$(TargetPlatformIdentifier)' != '' and '$(TargetFrameworkIdentifier)' == '.NETCoreApp' and $([MSBuild]::VersionGreaterThanOrEquals($(TargetFrameworkVersion), 5.0)) And ('$(DesignTimeBuild)' != 'true' Or '@(MissingWorkloadPack)' == '')) oszacowano jako ('' != '' and '.NETCoreApp' == '.NETCoreApp' and True And ('' != 'true' Or '' == '')).
   3:6>Pomini─Öto element docelowy ÔÇ×_NormalizeTargetPlatformVersionÔÇŁ z powodu fa┼észywego warunku; ('$(TargetPlatformVersion)' != '' and '$(TargetFrameworkIdentifier)' == '.NETCoreApp' and $([MSBuild]::VersionGreaterThanOrEquals($(TargetFrameworkVersion), 5.0)) and ('$(Language)' != 'C++' or '$(_EnablePackageReferencesInVCProjects)' == 'true')) oszacowano jako ('' != '' and '.NETCoreApp' == '.NETCoreApp' and True and ('C#' != 'C++' or '' == 'true')).
   2:7>Pomini─Öto element docelowy ÔÇ×_CheckForMissingWorkloadÔÇŁ z powodu fa┼észywego warunku; ('@(MissingWorkloadPack)' != '' And '$(DesignTimeBuild)' != 'true') oszacowano jako ('' != '' And '' != 'true').
       Pomini─Öto element docelowy ÔÇ×_CheckForUnsupportedNETStandardVersionÔÇŁ z powodu fa┼észywego warunku; ('$(TargetFrameworkIdentifier)' == '.NETStandard' And '$(NETStandardMaximumVersion)' != '') oszacowano jako ('.NETCoreApp' == '.NETStandard' And '' != '').
       Pomini─Öto element docelowy ÔÇ×_CheckForUnsupportedTargetFrameworkAndFeatureCombinationÔÇŁ z powodu fa┼észywego warunku; ('$(TargetFrameworkIdentifier)' == '.NETFramework') oszacowano jako ('.NETCoreApp' == '.NETFramework').
   2:7>Element docelowy ÔÇ×UpdateAspNetToFrameworkReferenceÔÇŁ w pliku ÔÇ×C:\Program Files\dotnet\sdk\8.0.101\Sdks\Microsoft.NET.Sdk\targets\Microsoft.NET.Sdk.DefaultItems.Shared.targetsÔÇŁ z projektu ÔÇ×C:\Users\emili\CascadeProjects\PhotoStudioManager\PhotoStudioManager.Core\PhotoStudioManager.Core.csprojÔÇŁ (zale┼╝y od niego element docelowy ÔÇ×ApplyImplicitVersionsÔÇŁ):
       U┼╝ywanie zadania ÔÇ×CheckIfPackageReferenceShouldBeFrameworkReferenceÔÇŁ z zestawu ÔÇ×C:\Program Files\dotnet\sdk\8.0.101\Sdks\Microsoft.NET.Sdk\targets\..\tools\net8.0\Microsoft.NET.Build.Tasks.dllÔÇŁ.
       Zadanie ÔÇ×CheckIfPackageReferenceShouldBeFrameworkReferenceÔÇŁ
       Wykonywanie zadania ÔÇ×CheckIfPackageReferenceShouldBeFrameworkReferenceÔÇŁ zako┼äczone.
   3:6>Element docelowy ÔÇ×_ComputeToolPackInputsToProcessFrameworkReferencesÔÇŁ w pliku ÔÇ×C:\Program Files\dotnet\sdk\8.0.101\Sdks\Microsoft.NET.Sdk\targets\Microsoft.NET.Publish.targetsÔÇŁ z projektu ÔÇ×C:\Users\emili\CascadeProjects\PhotoStudioManager\PhotoStudioManager.Infrastructure\PhotoStudioManager.Infrastructure.csprojÔÇŁ (zale┼╝y od niego element docelowy ÔÇ×ProcessFrameworkReferencesÔÇŁ):
   3:6>Wykonano kompilowanie elementu docelowego ÔÇ×_ComputeToolPackInputsToProcessFrameworkReferencesÔÇŁ w projekcie ÔÇ×PhotoStudioManager.Infrastructure.csprojÔÇŁ.
   2:7>UpdateAspNetToFrameworkReference:
       Pomini─Öto zadanie ÔÇ×NETSdkErrorÔÇŁ z powodu fa┼észywego warunku; ('$(_ShouldRemoveAspNetCoreAll)' == 'true') oszacowano jako ('False' == 'true').
       Zadanie ÔÇ×CheckIfPackageReferenceShouldBeFrameworkReferenceÔÇŁ
       Wykonywanie zadania ÔÇ×CheckIfPackageReferenceShouldBeFrameworkReferenceÔÇŁ zako┼äczone.
   3:6>Element docelowy ÔÇ×ProcessFrameworkReferencesÔÇŁ w pliku ÔÇ×C:\Program Files\dotnet\sdk\8.0.101\Sdks\Microsoft.NET.Sdk\targets\Microsoft.NET.Sdk.FrameworkReferenceResolution.targetsÔÇŁ z projektu ÔÇ×C:\Users\emili\CascadeProjects\PhotoStudioManager\PhotoStudioManager.Infrastructure\PhotoStudioManager.Infrastructure.csprojÔÇŁ (zale┼╝y od niego element docelowy ÔÇ×CollectPackageReferencesÔÇŁ):
   3:6>U┼╝ywanie zadania ÔÇ×CheckForDuplicateFrameworkReferencesÔÇŁ z zestawu ÔÇ×C:\Program Files\dotnet\sdk\8.0.101\Sdks\Microsoft.NET.Sdk\targets\..\tools\net8.0\Microsoft.NET.Build.Tasks.dllÔÇŁ.
       Zadanie ÔÇ×CheckForDuplicateFrameworkReferencesÔÇŁ
   2:7>UpdateAspNetToFrameworkReference:
       Pomini─Öto zadanie ÔÇ×NETSdkWarningÔÇŁ z powodu fa┼észywego warunku; ('$(_ShouldRemoveAspNetCoreApp)' == 'true') oszacowano jako ('False' == 'true').
   2:7>Wykonano kompilowanie elementu docelowego ÔÇ×UpdateAspNetToFrameworkReferenceÔÇŁ w projekcie ÔÇ×PhotoStudioManager.Core.csprojÔÇŁ.
       Pomini─Öto element docelowy ÔÇ×IncludeTargetingPackReferenceÔÇŁ z powodu fa┼észywego warunku; ('$(TargetFrameworkMoniker)' != '' and '$(TargetFrameworkIdentifier)' == '.NETFramework' and '$(AutomaticallyUseReferenceAssemblyPackages)' == 'true') oszacowano jako ('.NETCoreApp,Version=v8.0' != '' and '.NETCoreApp' == '.NETFramework' and 'true' == 'true').
   2:7>Element docelowy ÔÇ×CheckForImplicitPackageReferenceOverridesÔÇŁ w pliku ÔÇ×C:\Program Files\dotnet\sdk\8.0.101\Sdks\Microsoft.NET.Sdk\targets\Microsoft.NET.Sdk.DefaultItems.Shared.targetsÔÇŁ z projektu ÔÇ×C:\Users\emili\CascadeProjects\PhotoStudioManager\PhotoStudioManager.Core\PhotoStudioManager.Core.csprojÔÇŁ (zale┼╝y od niego element docelowy ÔÇ×ApplyImplicitVersionsÔÇŁ):
       U┼╝ywanie zadania ÔÇ×CheckForImplicitPackageReferenceOverridesÔÇŁ z zestawu ÔÇ×C:\Program Files\dotnet\sdk\8.0.101\Sdks\Microsoft.NET.Sdk\targets\..\tools\net8.0\Microsoft.NET.Build.Tasks.dllÔÇŁ.
   3:6>Wykonywanie zadania ÔÇ×CheckForDuplicateFrameworkReferencesÔÇŁ zako┼äczone.
   2:7>Zadanie ÔÇ×CheckForImplicitPackageReferenceOverridesÔÇŁ
       Wykonywanie zadania ÔÇ×CheckForImplicitPackageReferenceOverridesÔÇŁ zako┼äczone.
   2:7>Wykonano kompilowanie elementu docelowego ÔÇ×CheckForImplicitPackageReferenceOverridesÔÇŁ w projekcie ÔÇ×PhotoStudioManager.Core.csprojÔÇŁ.
   2:7>Element docelowy ÔÇ×ApplyImplicitVersionsÔÇŁ w pliku ÔÇ×C:\Program Files\dotnet\sdk\8.0.101\Sdks\Microsoft.NET.Sdk\targets\Microsoft.NET.Sdk.DefaultItems.Shared.targetsÔÇŁ z projektu ÔÇ×C:\Users\emili\CascadeProjects\PhotoStudioManager\PhotoStudioManager.Core\PhotoStudioManager.Core.csprojÔÇŁ (zale┼╝y od niego element docelowy ÔÇ×CollectPackageReferencesÔÇŁ):
       U┼╝ywanie zadania ÔÇ×ApplyImplicitVersionsÔÇŁ z zestawu ÔÇ×C:\Program Files\dotnet\sdk\8.0.101\Sdks\Microsoft.NET.Sdk\targets\..\tools\net8.0\Microsoft.NET.Build.Tasks.dllÔÇŁ.
       Zadanie ÔÇ×ApplyImplicitVersionsÔÇŁ
       Wykonywanie zadania ÔÇ×ApplyImplicitVersionsÔÇŁ zako┼äczone.
   3:6>ProcessFrameworkReferences:
       U┼╝ywanie zadania ÔÇ×ProcessFrameworkReferencesÔÇŁ z zestawu ÔÇ×C:\Program Files\dotnet\sdk\8.0.101\Sdks\Microsoft.NET.Sdk\targets\..\tools\net8.0\Microsoft.NET.Build.Tasks.dllÔÇŁ.
       Zadanie ÔÇ×ProcessFrameworkReferencesÔÇŁ
   2:7>Wykonano kompilowanie elementu docelowego ÔÇ×ApplyImplicitVersionsÔÇŁ w projekcie ÔÇ×PhotoStudioManager.Core.csprojÔÇŁ.
       Pomini─Öto element docelowy ÔÇ×CheckForImplicitPackageReferenceOverridesÔÇŁ. Wcze┼Ťniejsza kompilacja powiod┼éa si─Ö.
       Pomini─Öto element docelowy ÔÇ×AddWindowsSdkKnownFrameworkReferencesÔÇŁ z powodu fa┼észywego warunku; ('$(TargetFrameworkIdentifier)' == '.NETCoreApp' And '$(TargetPlatformIdentifier)' == 'Windows') oszacowano jako ('.NETCoreApp' == '.NETCoreApp' And '' == 'Windows').
       Pomini─Öto element docelowy ÔÇ×_NormalizeTargetPlatformVersionÔÇŁ z powodu fa┼észywego warunku; ('$(TargetPlatformVersion)' != '' and '$(TargetFrameworkIdentifier)' == '.NETCoreApp' and $([MSBuild]::VersionGreaterThanOrEquals($(TargetFrameworkVersion), 5.0)) and ('$(Language)' != 'C++' or '$(_EnablePackageReferencesInVCProjects)' == 'true')) oszacowano jako ('' != '' and '.NETCoreApp' == '.NETCoreApp' and True and ('C#' != 'C++' or '' == 'true')).
   2:7>Element docelowy ÔÇ×_ComputeToolPackInputsToProcessFrameworkReferencesÔÇŁ w pliku ÔÇ×C:\Program Files\dotnet\sdk\8.0.101\Sdks\Microsoft.NET.Sdk\targets\Microsoft.NET.Publish.targetsÔÇŁ z projektu ÔÇ×C:\Users\emili\CascadeProjects\PhotoStudioManager\PhotoStudioManager.Core\PhotoStudioManager.Core.csprojÔÇŁ (zale┼╝y od niego element docelowy ÔÇ×ProcessFrameworkReferencesÔÇŁ):
   2:7>Wykonano kompilowanie elementu docelowego ÔÇ×_ComputeToolPackInputsToProcessFrameworkReferencesÔÇŁ w projekcie ÔÇ×PhotoStudioManager.Core.csprojÔÇŁ.
   2:7>Element docelowy ÔÇ×ProcessFrameworkReferencesÔÇŁ w pliku ÔÇ×C:\Program Files\dotnet\sdk\8.0.101\Sdks\Microsoft.NET.Sdk\targets\Microsoft.NET.Sdk.FrameworkReferenceResolution.targetsÔÇŁ z projektu ÔÇ×C:\Users\emili\CascadeProjects\PhotoStudioManager\PhotoStudioManager.Core\PhotoStudioManager.Core.csprojÔÇŁ (zale┼╝y od niego element docelowy ÔÇ×CollectPackageReferencesÔÇŁ):
       U┼╝ywanie zadania ÔÇ×CheckForDuplicateFrameworkReferencesÔÇŁ z zestawu ÔÇ×C:\Program Files\dotnet\sdk\8.0.101\Sdks\Microsoft.NET.Sdk\targets\..\tools\net8.0\Microsoft.NET.Build.Tasks.dllÔÇŁ.
       Zadanie ÔÇ×CheckForDuplicateFrameworkReferencesÔÇŁ
       Wykonywanie zadania ÔÇ×CheckForDuplicateFrameworkReferencesÔÇŁ zako┼äczone.
       U┼╝ywanie zadania ÔÇ×ProcessFrameworkReferencesÔÇŁ z zestawu ÔÇ×C:\Program Files\dotnet\sdk\8.0.101\Sdks\Microsoft.NET.Sdk\targets\..\tools\net8.0\Microsoft.NET.Build.Tasks.dllÔÇŁ.
       Zadanie ÔÇ×ProcessFrameworkReferencesÔÇŁ
       Wykonywanie zadania ÔÇ×ProcessFrameworkReferencesÔÇŁ zako┼äczone.
       U┼╝ywanie zadania ÔÇ×ResolveAppHostsÔÇŁ z zestawu ÔÇ×C:\Program Files\dotnet\sdk\8.0.101\Sdks\Microsoft.NET.Sdk\targets\..\tools\net8.0\Microsoft.NET.Build.Tasks.dllÔÇŁ.
       Zadanie ÔÇ×ResolveAppHostsÔÇŁ
       Wykonywanie zadania ÔÇ×ResolveAppHostsÔÇŁ zako┼äczone.
   2:7>Wykonano kompilowanie elementu docelowego ÔÇ×ProcessFrameworkReferencesÔÇŁ w projekcie ÔÇ×PhotoStudioManager.Core.csprojÔÇŁ.
       Pomini─Öto element docelowy ÔÇ×IncludeTargetingPackReferenceÔÇŁ z powodu fa┼észywego warunku; ('$(TargetFrameworkMoniker)' != '' and '$(TargetFrameworkIdentifier)' == '.NETFramework' and '$(AutomaticallyUseReferenceAssemblyPackages)' == 'true') oszacowano jako ('.NETCoreApp,Version=v8.0' != '' and '.NETCoreApp' == '.NETFramework' and 'true' == 'true').
   2:7>Element docelowy ÔÇ×_AddMicrosoftNetCompilerToolsetFrameworkPackageÔÇŁ w pliku ÔÇ×C:\Program Files\dotnet\sdk\8.0.101\Sdks\Microsoft.NET.Sdk\targets\Microsoft.NET.Sdk.targetsÔÇŁ z projektu ÔÇ×C:\Users\emili\CascadeProjects\PhotoStudioManager\PhotoStudioManager.Core\PhotoStudioManager.Core.csprojÔÇŁ (zale┼╝y od niego element docelowy ÔÇ×CollectPackageReferencesÔÇŁ):
       Pomini─Öto zadanie ÔÇ×NETSdkWarningÔÇŁ z powodu fa┼észywego warunku; ('@(PackageReference->AnyHaveMetadataValue('Identity', 'Microsoft.Net.Compilers.Toolset.Framework'))' == 'true') oszacowano jako ('false' == 'true').
   2:7>Wykonano kompilowanie elementu docelowego ÔÇ×_AddMicrosoftNetCompilerToolsetFrameworkPackageÔÇŁ w projekcie ÔÇ×PhotoStudioManager.Core.csprojÔÇŁ.
   2:7>Element docelowy ÔÇ×_CheckForObsoleteDotNetCliToolReferencesÔÇŁ w pliku ÔÇ×C:\Program Files\dotnet\sdk\8.0.101\Sdks\Microsoft.NET.Sdk\targets\Microsoft.NET.ObsoleteReferences.targetsÔÇŁ z projektu ÔÇ×C:\Users\emili\CascadeProjects\PhotoStudioManager\PhotoStudioManager.Core\PhotoStudioManager.Core.csprojÔÇŁ (zale┼╝y od niego element docelowy ÔÇ×CollectPackageReferencesÔÇŁ):
       Pomini─Öto zadanie ÔÇ×NETSdkWarningÔÇŁ z powodu fa┼észywego warunku; ( '%(_ReferenceToObsoleteDotNetCliTool.Identity)' != '' ) oszacowano jako ( '' != '' ).
   2:7>Wykonano kompilowanie elementu docelowego ÔÇ×_CheckForObsoleteDotNetCliToolReferencesÔÇŁ w projekcie ÔÇ×PhotoStudioManager.Core.csprojÔÇŁ.
   2:7>Element docelowy ÔÇ×CollectPackageReferencesÔÇŁ w pliku ÔÇ×C:\Program Files\dotnet\sdk\8.0.101\NuGet.targetsÔÇŁ z projektu ÔÇ×C:\Users\emili\CascadeProjects\PhotoStudioManager\PhotoStudioManager.Core\PhotoStudioManager.Core.csprojÔÇŁ (zale┼╝y od niego element docelowy ÔÇ×_GetRestoreProjectStyleÔÇŁ):
       U┼╝ywanie zadania ÔÇ×CheckForDuplicateNuGetItemsTaskÔÇŁ z zestawu ÔÇ×C:\Program Files\dotnet\sdk\8.0.101\NuGet.Build.Tasks.dllÔÇŁ.
       Zadanie ÔÇ×CheckForDuplicateNuGetItemsTaskÔÇŁ
       Wykonywanie zadania ÔÇ×CheckForDuplicateNuGetItemsTaskÔÇŁ zako┼äczone.
   2:7>Wykonano kompilowanie elementu docelowego ÔÇ×CollectPackageReferencesÔÇŁ w projekcie ÔÇ×PhotoStudioManager.Core.csprojÔÇŁ.
   2:7>Element docelowy ÔÇ×_GetRestoreProjectStyleÔÇŁ w pliku ÔÇ×C:\Program Files\dotnet\sdk\8.0.101\NuGet.targetsÔÇŁ z projektu ÔÇ×C:\Users\emili\CascadeProjects\PhotoStudioManager\PhotoStudioManager.Core\PhotoStudioManager.Core.csprojÔÇŁ (zale┼╝y od niego element docelowy ÔÇ×EnableIntermediateOutputPathMismatchWarningÔÇŁ):
       U┼╝ywanie zadania ÔÇ×GetRestoreProjectStyleTaskÔÇŁ z zestawu ÔÇ×C:\Program Files\dotnet\sdk\8.0.101\NuGet.Build.Tasks.dllÔÇŁ.
       Zadanie ÔÇ×GetRestoreProjectStyleTaskÔÇŁ
         (in) HasPackageReferenceItems 'True'
         (in) MSBuildProjectDirectory 'C:\Users\emili\CascadeProjects\PhotoStudioManager\PhotoStudioManager.Core'
         (in) MSBuildProjectName 'PhotoStudioManager.Core'
         (in) ProjectJsonPath ''
         (in) RestoreProjectStyle 'PackageReference'
         (out) IsPackageReferenceCompatibleProjectStyle 'True'
         (out) ProjectStyle 'PackageReference'
       Wykonywanie zadania ÔÇ×GetRestoreProjectStyleTaskÔÇŁ zako┼äczone.
   2:7>Wykonano kompilowanie elementu docelowego ÔÇ×_GetRestoreProjectStyleÔÇŁ w projekcie ÔÇ×PhotoStudioManager.Core.csprojÔÇŁ.
   2:7>Element docelowy ÔÇ×EnableIntermediateOutputPathMismatchWarningÔÇŁ w pliku ÔÇ×C:\Program Files\dotnet\sdk\8.0.101\NuGet.targetsÔÇŁ z projektu ÔÇ×C:\Users\emili\CascadeProjects\PhotoStudioManager\PhotoStudioManager.Core\PhotoStudioManager.Core.csprojÔÇŁ (zale┼╝y od niego element docelowy ÔÇ×_CheckForInvalidConfigurationAndPlatformÔÇŁ):
   2:7>Wykonano kompilowanie elementu docelowego ÔÇ×EnableIntermediateOutputPathMismatchWarningÔÇŁ w projekcie ÔÇ×PhotoStudioManager.Core.csprojÔÇŁ.
       Pomini─Öto element docelowy ÔÇ×ApplyImplicitVersionsÔÇŁ. Wcze┼Ťniejsza kompilacja powiod┼éa si─Ö.
       Pomini─Öto element docelowy ÔÇ×CheckForImplicitPackageReferenceOverridesÔÇŁ. Wcze┼Ťniejsza kompilacja powiod┼éa si─Ö.
   2:7>Element docelowy ÔÇ×CheckForDuplicateItemsÔÇŁ w pliku ÔÇ×C:\Program Files\dotnet\sdk\8.0.101\Sdks\Microsoft.NET.Sdk\targets\Microsoft.NET.Sdk.DefaultItems.Shared.targetsÔÇŁ z projektu ÔÇ×C:\Users\emili\CascadeProjects\PhotoStudioManager\PhotoStudioManager.Core\PhotoStudioManager.Core.csprojÔÇŁ (zale┼╝y od niego element docelowy ÔÇ×_CheckForInvalidConfigurationAndPlatformÔÇŁ):
       U┼╝ywanie zadania ÔÇ×CheckForDuplicateItemsÔÇŁ z zestawu ÔÇ×C:\Program Files\dotnet\sdk\8.0.101\Sdks\Microsoft.NET.Sdk\targets\..\tools\net8.0\Microsoft.NET.Build.Tasks.dllÔÇŁ.
       Zadanie ÔÇ×CheckForDuplicateItemsÔÇŁ
       Wykonywanie zadania ÔÇ×CheckForDuplicateItemsÔÇŁ zako┼äczone.
       Zadanie ÔÇ×CheckForDuplicateItemsÔÇŁ
       Wykonywanie zadania ÔÇ×CheckForDuplicateItemsÔÇŁ zako┼äczone.
       Zadanie ÔÇ×CheckForDuplicateItemsÔÇŁ
       Wykonywanie zadania ÔÇ×CheckForDuplicateItemsÔÇŁ zako┼äczone.
   2:7>Wykonano kompilowanie elementu docelowego ÔÇ×CheckForDuplicateItemsÔÇŁ w projekcie ÔÇ×PhotoStudioManager.Core.csprojÔÇŁ.
       Pomini─Öto element docelowy ÔÇ×WarnForExplicitVersionsÔÇŁ z powodu fa┼észywego warunku; ('@(SdkBuildWarning)' != '') oszacowano jako ('' != '').
       Pomini─Öto element docelowy ÔÇ×_CheckForFailedSDKResolutionÔÇŁ z powodu fa┼észywego warunku; ('$(SdkResolverHonoredGlobalJson)' == 'false') oszacowano jako ('' == 'false').
       Pomini─Öto element docelowy ÔÇ×_WarnWhenUsingNET8AndVSPriorTo178ÔÇŁ z powodu fa┼észywego warunku; ($([MSBuild]::VersionLessThan($(MSBuildVersion), '17.8.0')) and '$(TargetFrameworkIdentifier)' == '.NETCoreApp' and $([MSBuild]::VersionGreaterThanOrEquals($(_TargetFrameworkVersionWithoutV), '8.0'))) oszacowano jako (False and '.NETCoreApp' == '.NETCoreApp' and True).
       Pomini─Öto element docelowy ÔÇ×_CheckForInvalidWindowsDesktopTargetingConfigurationÔÇŁ z powodu fa┼észywego warunku; ('$(TargetFrameworkIdentifier)' == '.NETCoreApp' and $([MSBuild]::VersionGreaterThanOrEquals($(_TargetFrameworkVersionWithoutV), '5.0')) and ('$(UseWindowsForms)' == 'true' or '$(UseWPF)' == 'true')) oszacowano jako ('.NETCoreApp' == '.NETCoreApp' and True and ('' == 'true' or '' == 'true')).
       Pomini─Öto element docelowy ÔÇ×_CheckForUnnecessaryWindowsDesktopSDKÔÇŁ z powodu fa┼észywego warunku; ('$(TargetFrameworkIdentifier)' == '.NETCoreApp' and $([MSBuild]::VersionGreaterThanOrEquals($(_TargetFrameworkVersionWithoutV), '5.0')) and '$(_MicrosoftWindowsDesktopSdkImported)' == 'true' and '$(TargetFrameworks)' == '') oszacowano jako ('.NETCoreApp' == '.NETCoreApp' and True and '' == 'true' and '' == '').
       Pomini─Öto element docelowy ÔÇ×ProcessFrameworkReferencesÔÇŁ. Wcze┼Ťniejsza kompilacja powiod┼éa si─Ö.
       Pomini─Öto element docelowy ÔÇ×IncludeTargetingPackReferenceÔÇŁ z powodu fa┼észywego warunku; ('$(TargetFrameworkMoniker)' != '' and '$(TargetFrameworkIdentifier)' == '.NETFramework' and '$(AutomaticallyUseReferenceAssemblyPackages)' == 'true') oszacowano jako ('.NETCoreApp,Version=v8.0' != '' and '.NETCoreApp' == '.NETFramework' and 'true' == 'true').
   2:7>Element docelowy ÔÇ×_CheckForInvalidConfigurationAndPlatformÔÇŁ w pliku ÔÇ×C:\Program Files\dotnet\sdk\8.0.101\Microsoft.Common.CurrentVersion.targetsÔÇŁ z projektu ÔÇ×C:\Users\emili\CascadeProjects\PhotoStudioManager\PhotoStudioManager.Core\PhotoStudioManager.Core.csprojÔÇŁ (zale┼╝y od niego element docelowy ÔÇ×BeforeBuildÔÇŁ):
       Pomini─Öto zadanie ÔÇ×ErrorÔÇŁ z powodu fa┼észywego warunku; ( '$(_InvalidConfigurationError)' == 'true' ) oszacowano jako ( '' == 'true' ).
       Pomini─Öto zadanie ÔÇ×WarningÔÇŁ z powodu fa┼észywego warunku; ( '$(_InvalidConfigurationWarning)' == 'true' ) oszacowano jako ( '' == 'true' ).
   3:6>Wykonywanie zadania ÔÇ×ProcessFrameworkReferencesÔÇŁ zako┼äczone.
   2:7>Zadanie ÔÇ×MessageÔÇŁ
         Configuration=Debug
       Wykonywanie zadania ÔÇ×MessageÔÇŁ zako┼äczone.
       Zadanie ÔÇ×MessageÔÇŁ
   3:6>ProcessFrameworkReferences:
       U┼╝ywanie zadania ÔÇ×ResolveAppHostsÔÇŁ z zestawu ÔÇ×C:\Program Files\dotnet\sdk\8.0.101\Sdks\Microsoft.NET.Sdk\targets\..\tools\net8.0\Microsoft.NET.Build.Tasks.dllÔÇŁ.
       Zadanie ÔÇ×ResolveAppHostsÔÇŁ
   2:7>_CheckForInvalidConfigurationAndPlatform:
         Platform=AnyCPU
       Wykonywanie zadania ÔÇ×MessageÔÇŁ zako┼äczone.
       Pomini─Öto zadanie ÔÇ×ErrorÔÇŁ z powodu fa┼észywego warunku; ('$(OutDir)' != '' and !HasTrailingSlash('$(OutDir)')) oszacowano jako ('bin\Debug\net8.0\' != '' and !HasTrailingSlash('bin\Debug\net8.0\')).
       Pomini─Öto zadanie ÔÇ×ErrorÔÇŁ z powodu fa┼észywego warunku; ('$(IntermediateOutputPath)' != '' and !HasTrailingSlash('$(IntermediateOutputPath)')) oszacowano jako ('obj\Debug\net8.0\' != '' and !HasTrailingSlash('obj\Debug\net8.0\')).
       Pomini─Öto zadanie ÔÇ×ErrorÔÇŁ z powodu fa┼észywego warunku; ('$(BaseIntermediateOutputPath)' != '' and !HasTrailingSlash('$(BaseIntermediateOutputPath)')) oszacowano jako ('obj\' != '' and !HasTrailingSlash('obj\')).
       Pomini─Öto zadanie ÔÇ×ErrorÔÇŁ z powodu fa┼észywego warunku; ( '$(_InitialMSBuildProjectExtensionsPath)' != '' And '$(MSBuildProjectExtensionsPath)' != '$(_InitialMSBuildProjectExtensionsPath)' ) oszacowano jako ( 'C:\Users\emili\CascadeProjects\PhotoStudioManager\PhotoStudioManager.Core\obj\' != '' And 'C:\Users\emili\CascadeProjects\PhotoStudioManager\PhotoStudioManager.Core\obj\' != 'C:\Users\emili\CascadeProjects\PhotoStudioManager\PhotoStudioManager.Core\obj\' ).
       Pomini─Öto zadanie ÔÇ×WarningÔÇŁ z powodu fa┼észywego warunku; ( '$(EnableBaseIntermediateOutputPathMismatchWarning)' == 'true' And '$(_InitialBaseIntermediateOutputPath)' != '$(BaseIntermediateOutputPath)' And '$(BaseIntermediateOutputPath)' != '$(MSBuildProjectExtensionsPath)' ) oszacowano jako ( 'true' == 'true' And 'obj\' != 'obj\' And 'obj\' != 'C:\Users\emili\CascadeProjects\PhotoStudioManager\PhotoStudioManager.Core\obj\' ).
   2:7>Wykonano kompilowanie elementu docelowego ÔÇ×_CheckForInvalidConfigurationAndPlatformÔÇŁ w projekcie ÔÇ×PhotoStudioManager.Core.csprojÔÇŁ.
   2:7>Element docelowy ÔÇ×ValidateCommandLinePropertiesÔÇŁ w pliku ÔÇ×C:\Program Files\dotnet\sdk\8.0.101\Sdks\Microsoft.NET.Sdk\targets\Microsoft.NET.Sdk.targetsÔÇŁ z projektu ÔÇ×C:\Users\emili\CascadeProjects\PhotoStudioManager\PhotoStudioManager.Core\PhotoStudioManager.Core.csprojÔÇŁ (zale┼╝y od niego element docelowy ÔÇ×BeforeBuildÔÇŁ):
   2:7>Wykonano kompilowanie elementu docelowego ÔÇ×ValidateCommandLinePropertiesÔÇŁ w projekcie ÔÇ×PhotoStudioManager.Core.csprojÔÇŁ.
   2:7>Element docelowy ÔÇ×BeforeBuildÔÇŁ w pliku ÔÇ×C:\Program Files\dotnet\sdk\8.0.101\Microsoft.Common.CurrentVersion.targetsÔÇŁ z projektu ÔÇ×C:\Users\emili\CascadeProjects\PhotoStudioManager\PhotoStudioManager.Core\PhotoStudioManager.Core.csprojÔÇŁ (zale┼╝y od niego element docelowy ÔÇ×BuildÔÇŁ):
   2:7>Wykonano kompilowanie elementu docelowego ÔÇ×BeforeBuildÔÇŁ w projekcie ÔÇ×PhotoStudioManager.Core.csprojÔÇŁ.
       Pomini─Öto element docelowy ÔÇ×_CheckForBuildWithNoBuildÔÇŁ z powodu fa┼észywego warunku; ('$(NoBuild)' == 'true' and '$(GeneratePackageOnBuild)' != 'true') oszacowano jako ('' == 'true' and 'false' != 'true').
   2:7>Element docelowy ÔÇ×BuildOnlySettingsÔÇŁ w pliku ÔÇ×C:\Program Files\dotnet\sdk\8.0.101\Microsoft.Common.CurrentVersion.targetsÔÇŁ z projektu ÔÇ×C:\Users\emili\CascadeProjects\PhotoStudioManager\PhotoStudioManager.Core\PhotoStudioManager.Core.csprojÔÇŁ (zale┼╝y od niego element docelowy ÔÇ×CoreBuildÔÇŁ):
   2:7>Wykonano kompilowanie elementu docelowego ÔÇ×BuildOnlySettingsÔÇŁ w projekcie ÔÇ×PhotoStudioManager.Core.csprojÔÇŁ.
       Pomini─Öto element docelowy ÔÇ×_CheckForUnsupportedTargetFrameworkÔÇŁ z powodu fa┼észywego warunku; ('$(_UnsupportedTargetFrameworkError)' == 'true') oszacowano jako ('' == 'true').
       Pomini─Öto element docelowy ÔÇ×_CheckForUnsupportedTargetPlatformIdentifierÔÇŁ z powodu fa┼észywego warunku; ('$(TargetPlatformIdentifier)' != '' and '$(TargetFrameworkIdentifier)' == '.NETCoreApp' and $([MSBuild]::VersionGreaterThanOrEquals($(TargetFrameworkVersion), 5.0)) And ('$(DesignTimeBuild)' != 'true' Or '@(MissingWorkloadPack)' == '')) oszacowano jako ('' != '' and '.NETCoreApp' == '.NETCoreApp' and True And ('' != 'true' Or '' == '')).
   3:6>Wykonywanie zadania ÔÇ×ResolveAppHostsÔÇŁ zako┼äczone.
   2:7>Pomini─Öto element docelowy ÔÇ×_CheckForMissingWorkloadÔÇŁ z powodu fa┼észywego warunku; ('@(MissingWorkloadPack)' != '' And '$(DesignTimeBuild)' != 'true') oszacowano jako ('' != '' And '' != 'true').
   2:7>Element docelowy ÔÇ×GetFrameworkPathsÔÇŁ w pliku ÔÇ×C:\Program Files\dotnet\sdk\8.0.101\Sdks\Microsoft.NET.Sdk\targets\Microsoft.NET.DisableStandardFrameworkResolution.targetsÔÇŁ z projektu ÔÇ×C:\Users\emili\CascadeProjects\PhotoStudioManager\PhotoStudioManager.Core\PhotoStudioManager.Core.csprojÔÇŁ (zale┼╝y od niego element docelowy ÔÇ×PrepareForBuildÔÇŁ):
   2:7>Wykonano kompilowanie elementu docelowego ÔÇ×GetFrameworkPathsÔÇŁ w projekcie ÔÇ×PhotoStudioManager.Core.csprojÔÇŁ.
   3:6>Wykonano kompilowanie elementu docelowego ÔÇ×ProcessFrameworkReferencesÔÇŁ w projekcie ÔÇ×PhotoStudioManager.Infrastructure.csprojÔÇŁ.
       Pomini─Öto element docelowy ÔÇ×IncludeTargetingPackReferenceÔÇŁ z powodu fa┼észywego warunku; ('$(TargetFrameworkMoniker)' != '' and '$(TargetFrameworkIdentifier)' == '.NETFramework' and '$(AutomaticallyUseReferenceAssemblyPackages)' == 'true') oszacowano jako ('.NETCoreApp,Version=v8.0' != '' and '.NETCoreApp' == '.NETFramework' and 'true' == 'true').
   2:7>Pomini─Öto element docelowy ÔÇ×_CheckForUnsupportedTargetFrameworkÔÇŁ z powodu fa┼észywego warunku; ('$(_UnsupportedTargetFrameworkError)' == 'true') oszacowano jako ('' == 'true').
       Pomini─Öto element docelowy ÔÇ×_CheckForUnsupportedTargetPlatformIdentifierÔÇŁ z powodu fa┼észywego warunku; ('$(TargetPlatformIdentifier)' != '' and '$(TargetFrameworkIdentifier)' == '.NETCoreApp' and $([MSBuild]::VersionGreaterThanOrEquals($(TargetFrameworkVersion), 5.0)) And ('$(DesignTimeBuild)' != 'true' Or '@(MissingWorkloadPack)' == '')) oszacowano jako ('' != '' and '.NETCoreApp' == '.NETCoreApp' and True And ('' != 'true' Or '' == '')).
   3:6>Element docelowy ÔÇ×_AddMicrosoftNetCompilerToolsetFrameworkPackageÔÇŁ w pliku ÔÇ×C:\Program Files\dotnet\sdk\8.0.101\Sdks\Microsoft.NET.Sdk\targets\Microsoft.NET.Sdk.targetsÔÇŁ z projektu ÔÇ×C:\Users\emili\CascadeProjects\PhotoStudioManager\PhotoStudioManager.Infrastructure\PhotoStudioManager.Infrastructure.csprojÔÇŁ (zale┼╝y od niego element docelowy ÔÇ×CollectPackageReferencesÔÇŁ):
   3:6>Pomini─Öto zadanie ÔÇ×NETSdkWarningÔÇŁ z powodu fa┼észywego warunku; ('@(PackageReference->AnyHaveMetadataValue('Identity', 'Microsoft.Net.Compilers.Toolset.Framework'))' == 'true') oszacowano jako ('false' == 'true').
   3:6>Wykonano kompilowanie elementu docelowego ÔÇ×_AddMicrosoftNetCompilerToolsetFrameworkPackageÔÇŁ w projekcie ÔÇ×PhotoStudioManager.Infrastructure.csprojÔÇŁ.
   2:7>Pomini─Öto element docelowy ÔÇ×_CheckForMissingWorkloadÔÇŁ z powodu fa┼észywego warunku; ('@(MissingWorkloadPack)' != '' And '$(DesignTimeBuild)' != 'true') oszacowano jako ('' != '' And '' != 'true').
   3:6>Element docelowy ÔÇ×_CheckForObsoleteDotNetCliToolReferencesÔÇŁ w pliku ÔÇ×C:\Program Files\dotnet\sdk\8.0.101\Sdks\Microsoft.NET.Sdk\targets\Microsoft.NET.ObsoleteReferences.targetsÔÇŁ z projektu ÔÇ×C:\Users\emili\CascadeProjects\PhotoStudioManager\PhotoStudioManager.Infrastructure\PhotoStudioManager.Infrastructure.csprojÔÇŁ (zale┼╝y od niego element docelowy ÔÇ×CollectPackageReferencesÔÇŁ):
   3:6>Pomini─Öto zadanie ÔÇ×NETSdkWarningÔÇŁ z powodu fa┼észywego warunku; ( '%(_ReferenceToObsoleteDotNetCliTool.Identity)' != '' ) oszacowano jako ( '' != '' ).
   3:6>Wykonano kompilowanie elementu docelowego ÔÇ×_CheckForObsoleteDotNetCliToolReferencesÔÇŁ w projekcie ÔÇ×PhotoStudioManager.Infrastructure.csprojÔÇŁ.
   2:7>Element docelowy ÔÇ×GetReferenceAssemblyPathsÔÇŁ w pliku ÔÇ×C:\Program Files\dotnet\sdk\8.0.101\Sdks\Microsoft.NET.Sdk\targets\Microsoft.NET.DisableStandardFrameworkResolution.targetsÔÇŁ z projektu ÔÇ×C:\Users\emili\CascadeProjects\PhotoStudioManager\PhotoStudioManager.Core\PhotoStudioManager.Core.csprojÔÇŁ (zale┼╝y od niego element docelowy ÔÇ×PrepareForBuildÔÇŁ):
   2:7>Wykonano kompilowanie elementu docelowego ÔÇ×GetReferenceAssemblyPathsÔÇŁ w projekcie ÔÇ×PhotoStudioManager.Core.csprojÔÇŁ.
       Pomini─Öto element docelowy ÔÇ×AssignLinkMetadataÔÇŁ z powodu fa┼észywego warunku; ( '$(SynthesizeLinkMetadata)' == 'true' ) oszacowano jako ( '' == 'true' ).
       Pomini─Öto element docelowy ÔÇ×_VerifyPackReleaseConfigurationsÔÇŁ z powodu fa┼észywego warunku; ('$(_IsPacking)' == 'true' and '$(DOTNET_CLI_DISABLE_PUBLISH_AND_PACK_RELEASE)' != 'true' and '$(DOTNET_CLI_LAZY_PUBLISH_AND_PACK_RELEASE_FOR_SOLUTIONS)' == 'true') oszacowano jako ('' == 'true' and '' != 'true' and '' == 'true').
   3:6>Element docelowy ÔÇ×CollectPackageReferencesÔÇŁ w pliku ÔÇ×C:\Program Files\dotnet\sdk\8.0.101\NuGet.targetsÔÇŁ z projektu ÔÇ×C:\Users\emili\CascadeProjects\PhotoStudioManager\PhotoStudioManager.Infrastructure\PhotoStudioManager.Infrastructure.csprojÔÇŁ (zale┼╝y od niego element docelowy ÔÇ×_GetRestoreProjectStyleÔÇŁ):
   3:6>U┼╝ywanie zadania ÔÇ×CheckForDuplicateNuGetItemsTaskÔÇŁ z zestawu ÔÇ×C:\Program Files\dotnet\sdk\8.0.101\NuGet.Build.Tasks.dllÔÇŁ.
       Zadanie ÔÇ×CheckForDuplicateNuGetItemsTaskÔÇŁ
   2:7>Element docelowy ÔÇ×PrepareForBuildÔÇŁ w pliku ÔÇ×C:\Program Files\dotnet\sdk\8.0.101\Microsoft.Common.CurrentVersion.targetsÔÇŁ z projektu ÔÇ×C:\Users\emili\CascadeProjects\PhotoStudioManager\PhotoStudioManager.Core\PhotoStudioManager.Core.csprojÔÇŁ (zale┼╝y od niego element docelowy ÔÇ×CoreBuildÔÇŁ):
   2:7>Zadanie ÔÇ×FindAppConfigFileÔÇŁ
       Wykonywanie zadania ÔÇ×FindAppConfigFileÔÇŁ zako┼äczone.
   3:6>Wykonywanie zadania ÔÇ×CheckForDuplicateNuGetItemsTaskÔÇŁ zako┼äczone.
   2:7>Zadanie ÔÇ×MakeDirÔÇŁ
   3:6>Wykonano kompilowanie elementu docelowego ÔÇ×CollectPackageReferencesÔÇŁ w projekcie ÔÇ×PhotoStudioManager.Infrastructure.csprojÔÇŁ.
   2:7>Wykonywanie zadania ÔÇ×MakeDirÔÇŁ zako┼äczone.
   2:7>Wykonano kompilowanie elementu docelowego ÔÇ×PrepareForBuildÔÇŁ w projekcie ÔÇ×PhotoStudioManager.Core.csprojÔÇŁ.
   3:6>Element docelowy ÔÇ×_GetRestoreProjectStyleÔÇŁ w pliku ÔÇ×C:\Program Files\dotnet\sdk\8.0.101\NuGet.targetsÔÇŁ z projektu ÔÇ×C:\Users\emili\CascadeProjects\PhotoStudioManager\PhotoStudioManager.Infrastructure\PhotoStudioManager.Infrastructure.csprojÔÇŁ (zale┼╝y od niego element docelowy ÔÇ×EnableIntermediateOutputPathMismatchWarningÔÇŁ):
   3:6>U┼╝ywanie zadania ÔÇ×GetRestoreProjectStyleTaskÔÇŁ z zestawu ÔÇ×C:\Program Files\dotnet\sdk\8.0.101\NuGet.Build.Tasks.dllÔÇŁ.
   2:7>Element docelowy ÔÇ×GenerateGlobalUsingsÔÇŁ w pliku ÔÇ×C:\Program Files\dotnet\sdk\8.0.101\Sdks\Microsoft.NET.Sdk\targets\Microsoft.NET.GenerateGlobalUsings.targetsÔÇŁ z projektu ÔÇ×C:\Users\emili\CascadeProjects\PhotoStudioManager\PhotoStudioManager.Core\PhotoStudioManager.Core.csprojÔÇŁ (zale┼╝y od niego element docelowy ÔÇ×CoreBuildÔÇŁ):
   2:7>U┼╝ywanie zadania ÔÇ×GenerateGlobalUsingsÔÇŁ z zestawu ÔÇ×C:\Program Files\dotnet\sdk\8.0.101\Sdks\Microsoft.NET.Sdk\targets\..\tools\net8.0\Microsoft.NET.Build.Tasks.dllÔÇŁ.
   3:6>Zadanie ÔÇ×GetRestoreProjectStyleTaskÔÇŁ
   2:7>Zadanie ÔÇ×GenerateGlobalUsingsÔÇŁ
       Wykonywanie zadania ÔÇ×GenerateGlobalUsingsÔÇŁ zako┼äczone.
       Zadanie ÔÇ×WriteLinesToFileÔÇŁ
         Pomijanie zapisu w pliku ÔÇ×obj\Debug\net8.0\PhotoStudioManager.Core.GlobalUsings.g.csÔÇŁ, poniewa┼╝ jego zawarto┼Ť─ç nie uleg┼éaby zmianie.
       Wykonywanie zadania ÔÇ×WriteLinesToFileÔÇŁ zako┼äczone.
   2:7>Wykonano kompilowanie elementu docelowego ÔÇ×GenerateGlobalUsingsÔÇŁ w projekcie ÔÇ×PhotoStudioManager.Core.csprojÔÇŁ.
   3:6>_GetRestoreProjectStyle:
         (in) HasPackageReferenceItems 'True'
         (in) MSBuildProjectDirectory 'C:\Users\emili\CascadeProjects\PhotoStudioManager\PhotoStudioManager.Infrastructure'
         (in) MSBuildProjectName 'PhotoStudioManager.Infrastructure'
         (in) ProjectJsonPath ''
         (in) RestoreProjectStyle 'PackageReference'
   2:7>Pomini─Öto element docelowy ÔÇ×PreBuildEventÔÇŁ z powodu fa┼észywego warunku; ('$(PreBuildEvent)'!='') oszacowano jako (''!='').
   3:6>_GetRestoreProjectStyle:
         (out) IsPackageReferenceCompatibleProjectStyle 'True'
         (out) ProjectStyle 'PackageReference'
       Wykonywanie zadania ÔÇ×GetRestoreProjectStyleTaskÔÇŁ zako┼äczone.
   2:7>Element docelowy ÔÇ×BeforeResolveReferencesÔÇŁ w pliku ÔÇ×C:\Program Files\dotnet\sdk\8.0.101\Microsoft.Common.CurrentVersion.targetsÔÇŁ z projektu ÔÇ×C:\Users\emili\CascadeProjects\PhotoStudioManager\PhotoStudioManager.Core\PhotoStudioManager.Core.csprojÔÇŁ (zale┼╝y od niego element docelowy ÔÇ×ResolveReferencesÔÇŁ):
   2:7>Wykonano kompilowanie elementu docelowego ÔÇ×BeforeResolveReferencesÔÇŁ w projekcie ÔÇ×PhotoStudioManager.Core.csprojÔÇŁ.
   3:6>Wykonano kompilowanie elementu docelowego ÔÇ×_GetRestoreProjectStyleÔÇŁ w projekcie ÔÇ×PhotoStudioManager.Infrastructure.csprojÔÇŁ.
   3:6>Element docelowy ÔÇ×EnableIntermediateOutputPathMismatchWarningÔÇŁ w pliku ÔÇ×C:\Program Files\dotnet\sdk\8.0.101\NuGet.targetsÔÇŁ z projektu ÔÇ×C:\Users\emili\CascadeProjects\PhotoStudioManager\PhotoStudioManager.Infrastructure\PhotoStudioManager.Infrastructure.csprojÔÇŁ (zale┼╝y od niego element docelowy ÔÇ×_CheckForInvalidConfigurationAndPlatformÔÇŁ):
   3:6>Wykonano kompilowanie elementu docelowego ÔÇ×EnableIntermediateOutputPathMismatchWarningÔÇŁ w projekcie ÔÇ×PhotoStudioManager.Infrastructure.csprojÔÇŁ.
       Pomini─Öto element docelowy ÔÇ×ApplyImplicitVersionsÔÇŁ. Wcze┼Ťniejsza kompilacja powiod┼éa si─Ö.
       Pomini─Öto element docelowy ÔÇ×CheckForImplicitPackageReferenceOverridesÔÇŁ. Wcze┼Ťniejsza kompilacja powiod┼éa si─Ö.
   2:7>Pomini─Öto element docelowy ÔÇ×AssignProjectConfigurationÔÇŁ z powodu fa┼észywego warunku; ('$(CurrentSolutionConfigurationContents)' != '' or '@(ProjectReference)'!='') oszacowano jako ('' != '' or ''!='').
   2:7>Element docelowy ÔÇ×IgnoreJavaScriptOutputAssemblyÔÇŁ w pliku ÔÇ×C:\Program Files\dotnet\sdk\8.0.101\Microsoft.Common.CurrentVersion.targetsÔÇŁ z projektu ÔÇ×C:\Users\emili\CascadeProjects\PhotoStudioManager\PhotoStudioManager.Core\PhotoStudioManager.Core.csprojÔÇŁ (zale┼╝y od niego element docelowy ÔÇ×AssignProjectConfigurationÔÇŁ):
   2:7>Wykonano kompilowanie elementu docelowego ÔÇ×IgnoreJavaScriptOutputAssemblyÔÇŁ w projekcie ÔÇ×PhotoStudioManager.Core.csprojÔÇŁ.
       Pomini─Öto element docelowy ÔÇ×ProcessFrameworkReferencesÔÇŁ. Wcze┼Ťniejsza kompilacja powiod┼éa si─Ö.
   3:6>Element docelowy ÔÇ×CheckForDuplicateItemsÔÇŁ w pliku ÔÇ×C:\Program Files\dotnet\sdk\8.0.101\Sdks\Microsoft.NET.Sdk\targets\Microsoft.NET.Sdk.DefaultItems.Shared.targetsÔÇŁ z projektu ÔÇ×C:\Users\emili\CascadeProjects\PhotoStudioManager\PhotoStudioManager.Infrastructure\PhotoStudioManager.Infrastructure.csprojÔÇŁ (zale┼╝y od niego element docelowy ÔÇ×_CheckForInvalidConfigurationAndPlatformÔÇŁ):
   3:6>U┼╝ywanie zadania ÔÇ×CheckForDuplicateItemsÔÇŁ z zestawu ÔÇ×C:\Program Files\dotnet\sdk\8.0.101\Sdks\Microsoft.NET.Sdk\targets\..\tools\net8.0\Microsoft.NET.Build.Tasks.dllÔÇŁ.
       Zadanie ÔÇ×CheckForDuplicateItemsÔÇŁ
   2:7>Element docelowy ÔÇ×_DefaultMicrosoftNETPlatformLibraryÔÇŁ w pliku ÔÇ×C:\Program Files\dotnet\sdk\8.0.101\Sdks\Microsoft.NET.Sdk\targets\Microsoft.NET.Sdk.Shared.targetsÔÇŁ z projektu ÔÇ×C:\Users\emili\CascadeProjects\PhotoStudioManager\PhotoStudioManager.Core\PhotoStudioManager.Core.csprojÔÇŁ (zale┼╝y od niego element docelowy ÔÇ×ResolvePackageAssetsÔÇŁ):
   2:7>Wykonano kompilowanie elementu docelowego ÔÇ×_DefaultMicrosoftNETPlatformLibraryÔÇŁ w projekcie ÔÇ×PhotoStudioManager.Core.csprojÔÇŁ.
   2:7>Element docelowy ÔÇ×_ComputePackageReferencePublishÔÇŁ w pliku ÔÇ×C:\Program Files\dotnet\sdk\8.0.101\Sdks\Microsoft.NET.Sdk\targets\Microsoft.NET.Sdk.Shared.targetsÔÇŁ z projektu ÔÇ×C:\Users\emili\CascadeProjects\PhotoStudioManager\PhotoStudioManager.Core\PhotoStudioManager.Core.csprojÔÇŁ (zale┼╝y od niego element docelowy ÔÇ×ResolvePackageAssetsÔÇŁ):
   2:7>Wykonano kompilowanie elementu docelowego ÔÇ×_ComputePackageReferencePublishÔÇŁ w projekcie ÔÇ×PhotoStudioManager.Core.csprojÔÇŁ.
       Pomini─Öto element docelowy ÔÇ×_ResolveCompilerVersionÔÇŁ z powodu fa┼észywego warunku; ('$(CompilerApiVersion)' == '' And
                            ('$(Language)' == 'C#' Or '$(Language)' == 'VB') And
                            Exists('$(RoslynTargetsPath)\Microsoft.Build.Tasks.CodeAnalysis.dll')) oszacowano jako ('roslyn4.8' == '' And
                            ('C#' == 'C#' Or 'C#' == 'VB') And
                            Exists('C:\Program Files\dotnet\sdk\8.0.101\Roslyn\Microsoft.Build.Tasks.CodeAnalysis.dll')).
   3:6>Wykonywanie zadania ÔÇ×CheckForDuplicateItemsÔÇŁ zako┼äczone.
       Zadanie ÔÇ×CheckForDuplicateItemsÔÇŁ
   2:7>Element docelowy ÔÇ×ResolvePackageAssetsÔÇŁ w pliku ÔÇ×C:\Program Files\dotnet\sdk\8.0.101\Sdks\Microsoft.NET.Sdk\targets\Microsoft.PackageDependencyResolution.targetsÔÇŁ z projektu ÔÇ×C:\Users\emili\CascadeProjects\PhotoStudioManager\PhotoStudioManager.Core\PhotoStudioManager.Core.csprojÔÇŁ (zale┼╝y od niego element docelowy ÔÇ×ResolveLockFileReferencesÔÇŁ):
   2:7>U┼╝ywanie zadania ÔÇ×ResolvePackageAssetsÔÇŁ z zestawu ÔÇ×C:\Program Files\dotnet\sdk\8.0.101\Sdks\Microsoft.NET.Sdk\targets\..\tools\net8.0\Microsoft.NET.Build.Tasks.dllÔÇŁ.
       Zadanie ÔÇ×ResolvePackageAssetsÔÇŁ
       Wykonywanie zadania ÔÇ×ResolvePackageAssetsÔÇŁ zako┼äczone.
   2:7>Wykonano kompilowanie elementu docelowego ÔÇ×ResolvePackageAssetsÔÇŁ w projekcie ÔÇ×PhotoStudioManager.Core.csprojÔÇŁ.
       Pomini─Öto element docelowy ÔÇ×AdjustDefaultPlatformTargetForNetFrameworkExeWithNoNativeCopyLocalItemsÔÇŁ z powodu fa┼észywego warunku; ('$(_UsingDefaultPlatformTarget)' == 'true' and
                            '$(_UsingDefaultRuntimeIdentifier)' == 'true') oszacowano jako ('true' == 'true' and
                            '' == 'true').
       Pomini─Öto element docelowy ÔÇ×_CheckForTransitiveWindowsDesktopDependenciesÔÇŁ z powodu fa┼észywego warunku; ('$(TargetFrameworkIdentifier)' == '.NETCoreApp' and $([MSBuild]::VersionGreaterThanOrEquals($(_TargetFrameworkVersionWithoutV), '5.0')) and '$(TargetPlatformIdentifier)' != 'Windows' and '@(TransitiveFrameworkReference)' != '') oszacowano jako ('.NETCoreApp' == '.NETCoreApp' and True and '' != 'Windows' and '' != '').
       Pomini─Öto element docelowy ÔÇ×AddTransitiveFrameworkReferencesÔÇŁ z powodu fa┼észywego warunku; ('@(TransitiveFrameworkReference)' != '') oszacowano jako ('' != '').
   2:7>Element docelowy ÔÇ×ResolveLockFileReferencesÔÇŁ w pliku ÔÇ×C:\Program Files\dotnet\sdk\8.0.101\Sdks\Microsoft.NET.Sdk\targets\Microsoft.PackageDependencyResolution.targetsÔÇŁ z projektu ÔÇ×C:\Users\emili\CascadeProjects\PhotoStudioManager\PhotoStudioManager.Core\PhotoStudioManager.Core.csprojÔÇŁ (zale┼╝y od niego element docelowy ÔÇ×ResolvePackageDependenciesForBuildÔÇŁ):
       U┼╝ywanie zadania ÔÇ×JoinItemsÔÇŁ z zestawu ÔÇ×C:\Program Files\dotnet\sdk\8.0.101\Sdks\Microsoft.NET.Sdk\targets\..\tools\net8.0\Microsoft.NET.Build.Tasks.dllÔÇŁ.
       Zadanie ÔÇ×JoinItemsÔÇŁ
       Wykonywanie zadania ÔÇ×JoinItemsÔÇŁ zako┼äczone.
   2:7>Wykonano kompilowanie elementu docelowego ÔÇ×ResolveLockFileReferencesÔÇŁ w projekcie ÔÇ×PhotoStudioManager.Core.csprojÔÇŁ.
       Pomini─Öto element docelowy ÔÇ×ResolvePackageAssetsÔÇŁ. Wcze┼Ťniejsza kompilacja powiod┼éa si─Ö.
   3:6>Wykonywanie zadania ÔÇ×CheckForDuplicateItemsÔÇŁ zako┼äczone.
       Zadanie ÔÇ×CheckForDuplicateItemsÔÇŁ
   2:7>Element docelowy ÔÇ×ResolveLockFileAnalyzersÔÇŁ w pliku ÔÇ×C:\Program Files\dotnet\sdk\8.0.101\Sdks\Microsoft.NET.Sdk\targets\Microsoft.PackageDependencyResolution.targetsÔÇŁ z projektu ÔÇ×C:\Users\emili\CascadeProjects\PhotoStudioManager\PhotoStudioManager.Core\PhotoStudioManager.Core.csprojÔÇŁ (zale┼╝y od niego element docelowy ÔÇ×ResolvePackageDependenciesForBuildÔÇŁ):
   2:7>Wykonano kompilowanie elementu docelowego ÔÇ×ResolveLockFileAnalyzersÔÇŁ w projekcie ÔÇ×PhotoStudioManager.Core.csprojÔÇŁ.
       Pomini─Öto element docelowy ÔÇ×ResolvePackageAssetsÔÇŁ. Wcze┼Ťniejsza kompilacja powiod┼éa si─Ö.
       Pomini─Öto element docelowy ÔÇ×RunProduceContentAssetsÔÇŁ z powodu fa┼észywego warunku; ('@(_ContentFilesToPreprocess)' != '' and '$(_CleaningWithoutRebuilding)' != 'true') oszacowano jako ('' != '' and '' != 'true').
   2:7>Element docelowy ÔÇ×ResolveLockFileCopyLocalFilesÔÇŁ w pliku ÔÇ×C:\Program Files\dotnet\sdk\8.0.101\Sdks\Microsoft.NET.Sdk\targets\Microsoft.PackageDependencyResolution.targetsÔÇŁ z projektu ÔÇ×C:\Users\emili\CascadeProjects\PhotoStudioManager\PhotoStudioManager.Core\PhotoStudioManager.Core.csprojÔÇŁ (zale┼╝y od niego element docelowy ÔÇ×ResolvePackageDependenciesForBuildÔÇŁ):
   2:7>Wykonano kompilowanie elementu docelowego ÔÇ×ResolveLockFileCopyLocalFilesÔÇŁ w projekcie ÔÇ×PhotoStudioManager.Core.csprojÔÇŁ.
       Pomini─Öto element docelowy ÔÇ×ResolveRuntimePackAssetsÔÇŁ z powodu fa┼észywego warunku; ('@(RuntimePack)' != '') oszacowano jako ('' != '').
       Pomini─Öto element docelowy ÔÇ×RunProduceContentAssetsÔÇŁ z powodu fa┼észywego warunku; ('@(_ContentFilesToPreprocess)' != '' and '$(_CleaningWithoutRebuilding)' != 'true') oszacowano jako ('' != '' and '' != 'true').
   3:6>Wykonywanie zadania ÔÇ×CheckForDuplicateItemsÔÇŁ zako┼äczone.
   2:7>Pomini─Öto element docelowy ÔÇ×ResolvePackageAssetsÔÇŁ. Wcze┼Ťniejsza kompilacja powiod┼éa si─Ö.
   3:6>Wykonano kompilowanie elementu docelowego ÔÇ×CheckForDuplicateItemsÔÇŁ w projekcie ÔÇ×PhotoStudioManager.Infrastructure.csprojÔÇŁ.
       Pomini─Öto element docelowy ÔÇ×WarnForExplicitVersionsÔÇŁ z powodu fa┼észywego warunku; ('@(SdkBuildWarning)' != '') oszacowano jako ('' != '').
       Pomini─Öto element docelowy ÔÇ×_CheckForFailedSDKResolutionÔÇŁ z powodu fa┼észywego warunku; ('$(SdkResolverHonoredGlobalJson)' == 'false') oszacowano jako ('' == 'false').
   2:7>Element docelowy ÔÇ×IncludeTransitiveProjectReferencesÔÇŁ w pliku ÔÇ×C:\Program Files\dotnet\sdk\8.0.101\Sdks\Microsoft.NET.Sdk\targets\Microsoft.PackageDependencyResolution.targetsÔÇŁ z projektu ÔÇ×C:\Users\emili\CascadeProjects\PhotoStudioManager\PhotoStudioManager.Core\PhotoStudioManager.Core.csprojÔÇŁ (zale┼╝y od niego element docelowy ÔÇ×ResolvePackageDependenciesForBuildÔÇŁ):
   2:7>Wykonano kompilowanie elementu docelowego ÔÇ×IncludeTransitiveProjectReferencesÔÇŁ w projekcie ÔÇ×PhotoStudioManager.Core.csprojÔÇŁ.
   3:6>Pomini─Öto element docelowy ÔÇ×_WarnWhenUsingNET8AndVSPriorTo178ÔÇŁ z powodu fa┼észywego warunku; ($([MSBuild]::VersionLessThan($(MSBuildVersion), '17.8.0')) and '$(TargetFrameworkIdentifier)' == '.NETCoreApp' and $([MSBuild]::VersionGreaterThanOrEquals($(_TargetFrameworkVersionWithoutV), '8.0'))) oszacowano jako (False and '.NETCoreApp' == '.NETCoreApp' and True).
   2:7>Element docelowy ÔÇ×ResolvePackageDependenciesForBuildÔÇŁ w pliku ÔÇ×C:\Program Files\dotnet\sdk\8.0.101\Sdks\Microsoft.NET.Sdk\targets\Microsoft.PackageDependencyResolution.targetsÔÇŁ z projektu ÔÇ×C:\Users\emili\CascadeProjects\PhotoStudioManager\PhotoStudioManager.Core\PhotoStudioManager.Core.csprojÔÇŁ (zale┼╝y od niego element docelowy ÔÇ×AssignProjectConfigurationÔÇŁ):
   2:7>Wykonano kompilowanie elementu docelowego ÔÇ×ResolvePackageDependenciesForBuildÔÇŁ w projekcie ÔÇ×PhotoStudioManager.Core.csprojÔÇŁ.
   3:6>Pomini─Öto element docelowy ÔÇ×_CheckForInvalidWindowsDesktopTargetingConfigurationÔÇŁ z powodu fa┼észywego warunku; ('$(TargetFrameworkIdentifier)' == '.NETCoreApp' and $([MSBuild]::VersionGreaterThanOrEquals($(_TargetFrameworkVersionWithoutV), '5.0')) and ('$(UseWindowsForms)' == 'true' or '$(UseWPF)' == 'true')) oszacowano jako ('.NETCoreApp' == '.NETCoreApp' and True and ('' == 'true' or '' == 'true')).
   2:7>Pomini─Öto element docelowy ÔÇ×_Microsoft_Extensions_OptionsAnalyzerMultiTargetingÔÇŁ z powodu fa┼észywego warunku; ('$(SupportsRoslynComponentVersioning)' != 'true') oszacowano jako ('true' != 'true').
   3:6>Pomini─Öto element docelowy ÔÇ×_CheckForUnnecessaryWindowsDesktopSDKÔÇŁ z powodu fa┼észywego warunku; ('$(TargetFrameworkIdentifier)' == '.NETCoreApp' and $([MSBuild]::VersionGreaterThanOrEquals($(_TargetFrameworkVersionWithoutV), '5.0')) and '$(_MicrosoftWindowsDesktopSdkImported)' == 'true' and '$(TargetFrameworks)' == '') oszacowano jako ('.NETCoreApp' == '.NETCoreApp' and True and '' == 'true' and '' == '').
       Pomini─Öto element docelowy ÔÇ×ProcessFrameworkReferencesÔÇŁ. Wcze┼Ťniejsza kompilacja powiod┼éa si─Ö.
   2:7>Pomini─Öto element docelowy ÔÇ×_Microsoft_Extensions_OptionsRemoveAnalyzersÔÇŁ z powodu fa┼észywego warunku; ('$(DisableMicrosoftExtensionsOptionsSourceGenerator)' == 'true') oszacowano jako ('' == 'true').
   3:6>Pomini─Öto element docelowy ÔÇ×IncludeTargetingPackReferenceÔÇŁ z powodu fa┼észywego warunku; ('$(TargetFrameworkMoniker)' != '' and '$(TargetFrameworkIdentifier)' == '.NETFramework' and '$(AutomaticallyUseReferenceAssemblyPackages)' == 'true') oszacowano jako ('.NETCoreApp,Version=v8.0' != '' and '.NETCoreApp' == '.NETFramework' and 'true' == 'true').
   2:7>Pomini─Öto element docelowy ÔÇ×_Microsoft_Extensions_Logging_AbstractionsAnalyzerMultiTargetingÔÇŁ z powodu fa┼észywego warunku; ('$(SupportsRoslynComponentVersioning)' != 'true') oszacowano jako ('true' != 'true').
       Pomini─Öto element docelowy ÔÇ×_Microsoft_Extensions_Logging_AbstractionsRemoveAnalyzersÔÇŁ z powodu fa┼észywego warunku; ('$(DisableMicrosoftExtensionsLoggingSourceGenerator)' == 'true') oszacowano jako ('' == 'true').
   3:6>Element docelowy ÔÇ×_CheckForInvalidConfigurationAndPlatformÔÇŁ w pliku ÔÇ×C:\Program Files\dotnet\sdk\8.0.101\Microsoft.Common.CurrentVersion.targetsÔÇŁ z projektu ÔÇ×C:\Users\emili\CascadeProjects\PhotoStudioManager\PhotoStudioManager.Infrastructure\PhotoStudioManager.Infrastructure.csprojÔÇŁ (zale┼╝y od niego element docelowy ÔÇ×BeforeBuildÔÇŁ):
   3:6>Pomini─Öto zadanie ÔÇ×ErrorÔÇŁ z powodu fa┼észywego warunku; ( '$(_InvalidConfigurationError)' == 'true' ) oszacowano jako ( '' == 'true' ).
       Pomini─Öto zadanie ÔÇ×WarningÔÇŁ z powodu fa┼észywego warunku; ( '$(_InvalidConfigurationWarning)' == 'true' ) oszacowano jako ( '' == 'true' ).
   2:7>Pomini─Öto element docelowy ÔÇ×AssignProjectConfigurationÔÇŁ z powodu fa┼észywego warunku; ('$(CurrentSolutionConfigurationContents)' != '' or '@(ProjectReference)'!='') oszacowano jako ('' != '' or ''!='').
   3:6>Zadanie ÔÇ×MessageÔÇŁ
   2:7>Element docelowy ÔÇ×_SplitProjectReferencesByFileExistenceÔÇŁ w pliku ÔÇ×C:\Program Files\dotnet\sdk\8.0.101\Microsoft.Common.CurrentVersion.targetsÔÇŁ z projektu ÔÇ×C:\Users\emili\CascadeProjects\PhotoStudioManager\PhotoStudioManager.Core\PhotoStudioManager.Core.csprojÔÇŁ (zale┼╝y od niego element docelowy ÔÇ×PrepareProjectReferencesÔÇŁ):
   2:7>Pomini─Öto zadanie ÔÇ×ResolveNonMSBuildProjectOutputÔÇŁ z powodu fa┼észywego warunku; ('$(BuildingInsideVisualStudio)'=='true' and '@(ProjectReferenceWithConfiguration)'!='') oszacowano jako (''=='true' and ''!='').
   3:6>_CheckForInvalidConfigurationAndPlatform:
         Configuration=Debug
       Wykonywanie zadania ÔÇ×MessageÔÇŁ zako┼äczone.
   2:7>Wykonano kompilowanie elementu docelowego ÔÇ×_SplitProjectReferencesByFileExistenceÔÇŁ w projekcie ÔÇ×PhotoStudioManager.Core.csprojÔÇŁ.
   3:6>Zadanie ÔÇ×MessageÔÇŁ
         Platform=AnyCPU
       Wykonywanie zadania ÔÇ×MessageÔÇŁ zako┼äczone.
   2:7>Element docelowy ÔÇ×_AddOutputPathToGlobalPropertiesToRemoveÔÇŁ w pliku ÔÇ×C:\Program Files\dotnet\sdk\8.0.101\Microsoft.Common.CurrentVersion.targetsÔÇŁ z projektu ÔÇ×C:\Users\emili\CascadeProjects\PhotoStudioManager\PhotoStudioManager.Core\PhotoStudioManager.Core.csprojÔÇŁ (zale┼╝y od niego element docelowy ÔÇ×_GetProjectReferenceTargetFrameworkPropertiesÔÇŁ):
   2:7>Wykonano kompilowanie elementu docelowego ÔÇ×_AddOutputPathToGlobalPropertiesToRemoveÔÇŁ w projekcie ÔÇ×PhotoStudioManager.Core.csprojÔÇŁ.
   3:6>_CheckForInvalidConfigurationAndPlatform:
       Pomini─Öto zadanie ÔÇ×ErrorÔÇŁ z powodu fa┼észywego warunku; ('$(OutDir)' != '' and !HasTrailingSlash('$(OutDir)')) oszacowano jako ('bin\Debug\net8.0\' != '' and !HasTrailingSlash('bin\Debug\net8.0\')).
       Pomini─Öto zadanie ÔÇ×ErrorÔÇŁ z powodu fa┼észywego warunku; ('$(IntermediateOutputPath)' != '' and !HasTrailingSlash('$(IntermediateOutputPath)')) oszacowano jako ('obj\Debug\net8.0\' != '' and !HasTrailingSlash('obj\Debug\net8.0\')).
       Pomini─Öto zadanie ÔÇ×ErrorÔÇŁ z powodu fa┼észywego warunku; ('$(BaseIntermediateOutputPath)' != '' and !HasTrailingSlash('$(BaseIntermediateOutputPath)')) oszacowano jako ('obj\' != '' and !HasTrailingSlash('obj\')).
   2:7>Element docelowy ÔÇ×_GetProjectReferenceTargetFrameworkPropertiesÔÇŁ w pliku ÔÇ×C:\Program Files\dotnet\sdk\8.0.101\Microsoft.Common.CurrentVersion.targetsÔÇŁ z projektu ÔÇ×C:\Users\emili\CascadeProjects\PhotoStudioManager\PhotoStudioManager.Core\PhotoStudioManager.Core.csprojÔÇŁ (zale┼╝y od niego element docelowy ÔÇ×PrepareProjectReferencesÔÇŁ):
   2:7>Zadanie ÔÇ×MSBuildÔÇŁ
   3:6>_CheckForInvalidConfigurationAndPlatform:
       Pomini─Öto zadanie ÔÇ×ErrorÔÇŁ z powodu fa┼észywego warunku; ( '$(_InitialMSBuildProjectExtensionsPath)' != '' And '$(MSBuildProjectExtensionsPath)' != '$(_InitialMSBuildProjectExtensionsPath)' ) oszacowano jako ( 'C:\Users\emili\CascadeProjects\PhotoStudioManager\PhotoStudioManager.Infrastructure\obj\' != '' And 'C:\Users\emili\CascadeProjects\PhotoStudioManager\PhotoStudioManager.Infrastructure\obj\' != 'C:\Users\emili\CascadeProjects\PhotoStudioManager\PhotoStudioManager.Infrastructure\obj\' ).
   2:7>Wykonywanie zadania ÔÇ×MSBuildÔÇŁ zako┼äczone.
   3:6>_CheckForInvalidConfigurationAndPlatform:
       Pomini─Öto zadanie ÔÇ×WarningÔÇŁ z powodu fa┼észywego warunku; ( '$(EnableBaseIntermediateOutputPathMismatchWarning)' == 'true' And '$(_InitialBaseIntermediateOutputPath)' != '$(BaseIntermediateOutputPath)' And '$(BaseIntermediateOutputPath)' != '$(MSBuildProjectExtensionsPath)' ) oszacowano jako ( 'true' == 'true' And 'obj\' != 'obj\' And 'obj\' != 'C:\Users\emili\CascadeProjects\PhotoStudioManager\PhotoStudioManager.Infrastructure\obj\' ).
   3:6>Wykonano kompilowanie elementu docelowego ÔÇ×_CheckForInvalidConfigurationAndPlatformÔÇŁ w projekcie ÔÇ×PhotoStudioManager.Infrastructure.csprojÔÇŁ.
   3:6>Element docelowy ÔÇ×ValidateCommandLinePropertiesÔÇŁ w pliku ÔÇ×C:\Program Files\dotnet\sdk\8.0.101\Sdks\Microsoft.NET.Sdk\targets\Microsoft.NET.Sdk.targetsÔÇŁ z projektu ÔÇ×C:\Users\emili\CascadeProjects\PhotoStudioManager\PhotoStudioManager.Infrastructure\PhotoStudioManager.Infrastructure.csprojÔÇŁ (zale┼╝y od niego element docelowy ÔÇ×BeforeBuildÔÇŁ):
   3:6>Wykonano kompilowanie elementu docelowego ÔÇ×ValidateCommandLinePropertiesÔÇŁ w projekcie ÔÇ×PhotoStudioManager.Infrastructure.csprojÔÇŁ.
   3:6>Element docelowy ÔÇ×BeforeBuildÔÇŁ w pliku ÔÇ×C:\Program Files\dotnet\sdk\8.0.101\Microsoft.Common.CurrentVersion.targetsÔÇŁ z projektu ÔÇ×C:\Users\emili\CascadeProjects\PhotoStudioManager\PhotoStudioManager.Infrastructure\PhotoStudioManager.Infrastructure.csprojÔÇŁ (zale┼╝y od niego element docelowy ÔÇ×BuildÔÇŁ):
   3:6>Wykonano kompilowanie elementu docelowego ÔÇ×BeforeBuildÔÇŁ w projekcie ÔÇ×PhotoStudioManager.Infrastructure.csprojÔÇŁ.
   2:7>_GetProjectReferenceTargetFrameworkProperties:
       Pomini─Öto zadanie ÔÇ×MSBuildÔÇŁ z powodu fa┼észywego warunku; ('%(_MSBuildProjectReferenceExistent.SkipGetTargetFrameworkProperties)' != 'true' and '$(EnableDynamicPlatformResolution)' == 'true') oszacowano jako ('' != 'true' and '' == 'true').
       Pomini─Öto zadanie ÔÇ×GetReferenceNearestTargetFrameworkTaskÔÇŁ z powodu fa┼észywego warunku; ('@(_ProjectReferenceTargetFrameworkPossibilities)' != '' and '$(ReferringTargetFrameworkForProjectReferences)' != ''
                                                               And '$(GetReferenceNearestTargetFrameworkTaskSupportsTargetPlatformParameter)' == 'true' and '%(_ProjectReferenceTargetFrameworkPossibilities.IsVcxOrNativeProj)' != 'true') oszacowano jako ('' != '' and '.NETCoreApp,Version=v8.0' != ''
                                                               And 'true' == 'true' and '' != 'true').
   3:6>Pomini─Öto element docelowy ÔÇ×_CheckForBuildWithNoBuildÔÇŁ z powodu fa┼észywego warunku; ('$(NoBuild)' == 'true' and '$(GeneratePackageOnBuild)' != 'true') oszacowano jako ('' == 'true' and 'false' != 'true').
   3:6>Element docelowy ÔÇ×BuildOnlySettingsÔÇŁ w pliku ÔÇ×C:\Program Files\dotnet\sdk\8.0.101\Microsoft.Common.CurrentVersion.targetsÔÇŁ z projektu ÔÇ×C:\Users\emili\CascadeProjects\PhotoStudioManager\PhotoStudioManager.Infrastructure\PhotoStudioManager.Infrastructure.csprojÔÇŁ (zale┼╝y od niego element docelowy ÔÇ×CoreBuildÔÇŁ):
   3:6>Wykonano kompilowanie elementu docelowego ÔÇ×BuildOnlySettingsÔÇŁ w projekcie ÔÇ×PhotoStudioManager.Infrastructure.csprojÔÇŁ.
   2:7>_GetProjectReferenceTargetFrameworkProperties:
       Pomini─Öto zadanie ÔÇ×GetReferenceNearestTargetFrameworkTaskÔÇŁ z powodu fa┼észywego warunku; ('@(_ProjectReferenceTargetFrameworkPossibilities)' != '' and '$(ReferringTargetFrameworkForProjectReferences)' != ''
                                                               And '$(GetReferenceNearestTargetFrameworkTaskSupportsTargetPlatformParameter)' != 'true' and '%(_ProjectReferenceTargetFrameworkPossibilities.IsVcxOrNativeProj)' != 'true') oszacowano jako ('' != '' and '.NETCoreApp,Version=v8.0' != ''
                                                               And 'true' != 'true' and '' != 'true').
   3:6>Pomini─Öto element docelowy ÔÇ×_CheckForUnsupportedTargetFrameworkÔÇŁ z powodu fa┼észywego warunku; ('$(_UnsupportedTargetFrameworkError)' == 'true') oszacowano jako ('' == 'true').
   2:7>Zadanie ÔÇ×SetRidAgnosticValueForProjectsÔÇŁ
   3:6>Pomini─Öto element docelowy ÔÇ×_CheckForUnsupportedTargetPlatformIdentifierÔÇŁ z powodu fa┼észywego warunku; ('$(TargetPlatformIdentifier)' != '' and '$(TargetFrameworkIdentifier)' == '.NETCoreApp' and $([MSBuild]::VersionGreaterThanOrEquals($(TargetFrameworkVersion), 5.0)) And ('$(DesignTimeBuild)' != 'true' Or '@(MissingWorkloadPack)' == '')) oszacowano jako ('' != '' and '.NETCoreApp' == '.NETCoreApp' and True And ('' != 'true' Or '' == '')).
   2:7>Wykonywanie zadania ÔÇ×SetRidAgnosticValueForProjectsÔÇŁ zako┼äczone.
   3:6>Pomini─Öto element docelowy ÔÇ×_CheckForMissingWorkloadÔÇŁ z powodu fa┼észywego warunku; ('@(MissingWorkloadPack)' != '' And '$(DesignTimeBuild)' != 'true') oszacowano jako ('' != '' And '' != 'true').
   3:6>Element docelowy ÔÇ×GetFrameworkPathsÔÇŁ w pliku ÔÇ×C:\Program Files\dotnet\sdk\8.0.101\Sdks\Microsoft.NET.Sdk\targets\Microsoft.NET.DisableStandardFrameworkResolution.targetsÔÇŁ z projektu ÔÇ×C:\Users\emili\CascadeProjects\PhotoStudioManager\PhotoStudioManager.Infrastructure\PhotoStudioManager.Infrastructure.csprojÔÇŁ (zale┼╝y od niego element docelowy ÔÇ×PrepareForBuildÔÇŁ):
   3:6>Wykonano kompilowanie elementu docelowego ÔÇ×GetFrameworkPathsÔÇŁ w projekcie ÔÇ×PhotoStudioManager.Infrastructure.csprojÔÇŁ.
   2:7>Wykonano kompilowanie elementu docelowego ÔÇ×_GetProjectReferenceTargetFrameworkPropertiesÔÇŁ w projekcie ÔÇ×PhotoStudioManager.Core.csprojÔÇŁ.
   3:6>Pomini─Öto element docelowy ÔÇ×_CheckForUnsupportedTargetFrameworkÔÇŁ z powodu fa┼észywego warunku; ('$(_UnsupportedTargetFrameworkError)' == 'true') oszacowano jako ('' == 'true').
       Pomini─Öto element docelowy ÔÇ×_CheckForUnsupportedTargetPlatformIdentifierÔÇŁ z powodu fa┼észywego warunku; ('$(TargetPlatformIdentifier)' != '' and '$(TargetFrameworkIdentifier)' == '.NETCoreApp' and $([MSBuild]::VersionGreaterThanOrEquals($(TargetFrameworkVersion), 5.0)) And ('$(DesignTimeBuild)' != 'true' Or '@(MissingWorkloadPack)' == '')) oszacowano jako ('' != '' and '.NETCoreApp' == '.NETCoreApp' and True And ('' != 'true' Or '' == '')).
       Pomini─Öto element docelowy ÔÇ×_CheckForMissingWorkloadÔÇŁ z powodu fa┼észywego warunku; ('@(MissingWorkloadPack)' != '' And '$(DesignTimeBuild)' != 'true') oszacowano jako ('' != '' And '' != 'true').
   3:6>Element docelowy ÔÇ×GetReferenceAssemblyPathsÔÇŁ w pliku ÔÇ×C:\Program Files\dotnet\sdk\8.0.101\Sdks\Microsoft.NET.Sdk\targets\Microsoft.NET.DisableStandardFrameworkResolution.targetsÔÇŁ z projektu ÔÇ×C:\Users\emili\CascadeProjects\PhotoStudioManager\PhotoStudioManager.Infrastructure\PhotoStudioManager.Infrastructure.csprojÔÇŁ (zale┼╝y od niego element docelowy ÔÇ×PrepareForBuildÔÇŁ):
   3:6>Wykonano kompilowanie elementu docelowego ÔÇ×GetReferenceAssemblyPathsÔÇŁ w projekcie ÔÇ×PhotoStudioManager.Infrastructure.csprojÔÇŁ.
       Pomini─Öto element docelowy ÔÇ×AssignLinkMetadataÔÇŁ z powodu fa┼észywego warunku; ( '$(SynthesizeLinkMetadata)' == 'true' ) oszacowano jako ( '' == 'true' ).
   2:7>Element docelowy ÔÇ×ValidateExecutableReferencesÔÇŁ w pliku ÔÇ×C:\Program Files\dotnet\sdk\8.0.101\Sdks\Microsoft.NET.Sdk\targets\Microsoft.NET.Sdk.targetsÔÇŁ z projektu ÔÇ×C:\Users\emili\CascadeProjects\PhotoStudioManager\PhotoStudioManager.Core\PhotoStudioManager.Core.csprojÔÇŁ (zale┼╝y od niego element docelowy ÔÇ×PrepareProjectReferencesÔÇŁ):
   2:7>U┼╝ywanie zadania ÔÇ×ValidateExecutableReferencesÔÇŁ z zestawu ÔÇ×C:\Program Files\dotnet\sdk\8.0.101\Sdks\Microsoft.NET.Sdk\targets\..\tools\net8.0\Microsoft.NET.Build.Tasks.dllÔÇŁ.
   3:6>Pomini─Öto element docelowy ÔÇ×_VerifyPackReleaseConfigurationsÔÇŁ z powodu fa┼észywego warunku; ('$(_IsPacking)' == 'true' and '$(DOTNET_CLI_DISABLE_PUBLISH_AND_PACK_RELEASE)' != 'true' and '$(DOTNET_CLI_LAZY_PUBLISH_AND_PACK_RELEASE_FOR_SOLUTIONS)' == 'true') oszacowano jako ('' == 'true' and '' != 'true' and '' == 'true').
   2:7>Zadanie ÔÇ×ValidateExecutableReferencesÔÇŁ
       Wykonywanie zadania ÔÇ×ValidateExecutableReferencesÔÇŁ zako┼äczone.
   2:7>Wykonano kompilowanie elementu docelowego ÔÇ×ValidateExecutableReferencesÔÇŁ w projekcie ÔÇ×PhotoStudioManager.Core.csprojÔÇŁ.
       Pomini─Öto element docelowy ÔÇ×_GetProjectReferencePlatformPropertiesÔÇŁ z powodu fa┼észywego warunku; ('$(EnableDynamicPlatformResolution)' == 'true'
                            and '@(_MSBuildProjectReferenceExistent)' != '') oszacowano jako ('' == 'true'
                            and '' != '').
   3:6>Element docelowy ÔÇ×PrepareForBuildÔÇŁ w pliku ÔÇ×C:\Program Files\dotnet\sdk\8.0.101\Microsoft.Common.CurrentVersion.targetsÔÇŁ z projektu ÔÇ×C:\Users\emili\CascadeProjects\PhotoStudioManager\PhotoStudioManager.Infrastructure\PhotoStudioManager.Infrastructure.csprojÔÇŁ (zale┼╝y od niego element docelowy ÔÇ×CoreBuildÔÇŁ):
   3:6>U┼╝ywanie zadania ÔÇ×FindAppConfigFileÔÇŁ z zestawu ÔÇ×Microsoft.Build.Tasks.Core, Version=15.1.0.0, Culture=neutral, PublicKeyToken=b03f5f7f11d50a3aÔÇŁ.
       Zadanie ÔÇ×FindAppConfigFileÔÇŁ
       Wykonywanie zadania ÔÇ×FindAppConfigFileÔÇŁ zako┼äczone.
       U┼╝ywanie zadania ÔÇ×MakeDirÔÇŁ z zestawu ÔÇ×Microsoft.Build.Tasks.Core, Version=15.1.0.0, Culture=neutral, PublicKeyToken=b03f5f7f11d50a3aÔÇŁ.
       Zadanie ÔÇ×MakeDirÔÇŁ
   2:7>Element docelowy ÔÇ×PrepareProjectReferencesÔÇŁ w pliku ÔÇ×C:\Program Files\dotnet\sdk\8.0.101\Microsoft.Common.CurrentVersion.targetsÔÇŁ z projektu ÔÇ×C:\Users\emili\CascadeProjects\PhotoStudioManager\PhotoStudioManager.Core\PhotoStudioManager.Core.csprojÔÇŁ (zale┼╝y od niego element docelowy ÔÇ×ResolveProjectReferencesÔÇŁ):
   2:7>Wykonano kompilowanie elementu docelowego ÔÇ×PrepareProjectReferencesÔÇŁ w projekcie ÔÇ×PhotoStudioManager.Core.csprojÔÇŁ.
   2:7>Element docelowy ÔÇ×ResolveProjectReferencesÔÇŁ w pliku ÔÇ×C:\Program Files\dotnet\sdk\8.0.101\Microsoft.Common.CurrentVersion.targetsÔÇŁ z projektu ÔÇ×C:\Users\emili\CascadeProjects\PhotoStudioManager\PhotoStudioManager.Core\PhotoStudioManager.Core.csprojÔÇŁ (zale┼╝y od niego element docelowy ÔÇ×ResolveReferencesÔÇŁ):
       Pomini─Öto zadanie ÔÇ×MSBuildÔÇŁ z powodu fa┼észywego warunku; ('%(_MSBuildProjectReferenceExistent.BuildReference)' == 'true' and '@(ProjectReferenceWithConfiguration)' != '' and ('$(BuildingInsideVisualStudio)' == 'true' or '$(BuildProjectReferences)' != 'true') and '$(VisualStudioVersion)' != '10.0' and '@(_MSBuildProjectReferenceExistent)' != '') oszacowano jako ('' == 'true' and '' != '' and ('' == 'true' or 'true' != 'true') and '17.0' != '10.0' and '' != '').
       Pomini─Öto zadanie ÔÇ×MSBuildÔÇŁ z powodu fa┼észywego warunku; ('%(_MSBuildProjectReferenceExistent.BuildReference)' == 'true' and '@(ProjectReferenceWithConfiguration)' != '' and '$(BuildingInsideVisualStudio)' != 'true' and '$(BuildProjectReferences)' == 'true' and '@(_MSBuildProjectReferenceExistent)' != '') oszacowano jako ('' == 'true' and '' != '' and '' != 'true' and 'true' == 'true' and '' != '').
       Pomini─Öto zadanie ÔÇ×MSBuildÔÇŁ z powodu fa┼észywego warunku; ('%(_MSBuildProjectReferenceExistent.BuildReference)' == 'true' and '@(ProjectReferenceWithConfiguration)' != '' and '$(BuildingProject)' == 'true' and '@(_MSBuildProjectReferenceExistent)' != '') oszacowano jako ('' == 'true' and '' != '' and 'true' == 'true' and '' != '').
       Pomini─Öto zadanie ÔÇ×WarningÔÇŁ z powodu fa┼észywego warunku; ('@(ProjectReferenceWithConfiguration)' != '' and '@(_MSBuildProjectReferenceNonexistent)' != '') oszacowano jako ('' != '' and '' != '').
   2:7>Wykonano kompilowanie elementu docelowego ÔÇ×ResolveProjectReferencesÔÇŁ w projekcie ÔÇ×PhotoStudioManager.Core.csprojÔÇŁ.
       Pomini─Öto element docelowy ÔÇ×FindInvalidProjectReferencesÔÇŁ z powodu fa┼észywego warunku; ('$(FindInvalidProjectReferences)' == 'true') oszacowano jako ('' == 'true').
       Pomini─Öto element docelowy ÔÇ×ResolveNativeReferencesÔÇŁ z powodu fa┼észywego warunku; ('@(NativeReference)'!='') oszacowano jako (''!='').
       Pomini─Öto element docelowy ÔÇ×ResolveProjectReferencesÔÇŁ. Wcze┼Ťniejsza kompilacja powiod┼éa si─Ö.
       Pomini─Öto element docelowy ÔÇ×FindInvalidProjectReferencesÔÇŁ z powodu fa┼észywego warunku; ('$(FindInvalidProjectReferences)' == 'true') oszacowano jako ('' == 'true').
       Pomini─Öto element docelowy ÔÇ×GetFrameworkPathsÔÇŁ. Wcze┼Ťniejsza kompilacja powiod┼éa si─Ö.
       Pomini─Öto element docelowy ÔÇ×GetReferenceAssemblyPathsÔÇŁ. Wcze┼Ťniejsza kompilacja powiod┼éa si─Ö.
       Pomini─Öto element docelowy ÔÇ×PrepareForBuildÔÇŁ. Wcze┼Ťniejsza kompilacja powiod┼éa si─Ö.
       Pomini─Öto element docelowy ÔÇ×GetInstalledSDKLocationsÔÇŁ z powodu fa┼észywego warunku; ('@(SDKReference)' != '') oszacowano jako ('' != '').
   2:7>Element docelowy ÔÇ×ResolveSDKReferencesÔÇŁ w pliku ÔÇ×C:\Program Files\dotnet\sdk\8.0.101\Microsoft.Common.CurrentVersion.targetsÔÇŁ z projektu ÔÇ×C:\Users\emili\CascadeProjects\PhotoStudioManager\PhotoStudioManager.Core\PhotoStudioManager.Core.csprojÔÇŁ (zale┼╝y od niego element docelowy ÔÇ×ResolveAssemblyReferencesÔÇŁ):
       Pomini─Öto zadanie ÔÇ×ResolveSDKReferenceÔÇŁ z powodu fa┼észywego warunku; ('@(SDKReference)'!='') oszacowano jako (''!='').
   2:7>Wykonano kompilowanie elementu docelowego ÔÇ×ResolveSDKReferencesÔÇŁ w projekcie ÔÇ×PhotoStudioManager.Core.csprojÔÇŁ.
       Pomini─Öto element docelowy ÔÇ×ResolveSDKReferencesÔÇŁ. Wcze┼Ťniejsza kompilacja powiod┼éa si─Ö.
   2:7>Element docelowy ÔÇ×ExpandSDKReferencesÔÇŁ w pliku ÔÇ×C:\Program Files\dotnet\sdk\8.0.101\Microsoft.Common.CurrentVersion.targetsÔÇŁ z projektu ÔÇ×C:\Users\emili\CascadeProjects\PhotoStudioManager\PhotoStudioManager.Core\PhotoStudioManager.Core.csprojÔÇŁ (zale┼╝y od niego element docelowy ÔÇ×ResolveAssemblyReferencesÔÇŁ):
       Pomini─Öto zadanie ÔÇ×GetSDKReferenceFilesÔÇŁ z powodu fa┼észywego warunku; ('@(ResolvedSDKReference)'!='') oszacowano jako (''!='').
   2:7>Wykonano kompilowanie elementu docelowego ÔÇ×ExpandSDKReferencesÔÇŁ w projekcie ÔÇ×PhotoStudioManager.Core.csprojÔÇŁ.
       Pomini─Öto element docelowy ÔÇ×ResolvePackageDependenciesForBuildÔÇŁ. Wcze┼Ťniejsza kompilacja powiod┼éa si─Ö.
       Pomini─Öto element docelowy ÔÇ×GetFrameworkPathsÔÇŁ. Wcze┼Ťniejsza kompilacja powiod┼éa si─Ö.
       Pomini─Öto element docelowy ÔÇ×GetReferenceAssemblyPathsÔÇŁ. Wcze┼Ťniejsza kompilacja powiod┼éa si─Ö.
       Pomini─Öto element docelowy ÔÇ×ProcessFrameworkReferencesÔÇŁ. Wcze┼Ťniejsza kompilacja powiod┼éa si─Ö.
       Pomini─Öto element docelowy ÔÇ×ResolvePackageAssetsÔÇŁ. Wcze┼Ťniejsza kompilacja powiod┼éa si─Ö.
   2:7>Element docelowy ÔÇ×ResolveFrameworkReferencesÔÇŁ w pliku ÔÇ×C:\Program Files\dotnet\sdk\8.0.101\Sdks\Microsoft.NET.Sdk\targets\Microsoft.NET.Sdk.FrameworkReferenceResolution.targetsÔÇŁ z projektu ÔÇ×C:\Users\emili\CascadeProjects\PhotoStudioManager\PhotoStudioManager.Core\PhotoStudioManager.Core.csprojÔÇŁ (zale┼╝y od niego element docelowy ÔÇ×ResolveTargetingPackAssetsÔÇŁ):
       U┼╝ywanie zadania ÔÇ×GetPackageDirectoryÔÇŁ z zestawu ÔÇ×C:\Program Files\dotnet\sdk\8.0.101\Sdks\Microsoft.NET.Sdk\targets\..\tools\net8.0\Microsoft.NET.Build.Tasks.dllÔÇŁ.
       Zadanie ÔÇ×GetPackageDirectoryÔÇŁ
       Wykonywanie zadania ÔÇ×GetPackageDirectoryÔÇŁ zako┼äczone.
       Zadanie ÔÇ×GetPackageDirectoryÔÇŁ
   3:6>Wykonywanie zadania ÔÇ×MakeDirÔÇŁ zako┼äczone.
   2:7>Wykonywanie zadania ÔÇ×GetPackageDirectoryÔÇŁ zako┼äczone.
   3:6>Wykonano kompilowanie elementu docelowego ÔÇ×PrepareForBuildÔÇŁ w projekcie ÔÇ×PhotoStudioManager.Infrastructure.csprojÔÇŁ.
   2:7>Zadanie ÔÇ×GetPackageDirectoryÔÇŁ
       Wykonywanie zadania ÔÇ×GetPackageDirectoryÔÇŁ zako┼äczone.
       Zadanie ÔÇ×GetPackageDirectoryÔÇŁ
   3:6>Element docelowy ÔÇ×GenerateGlobalUsingsÔÇŁ w pliku ÔÇ×C:\Program Files\dotnet\sdk\8.0.101\Sdks\Microsoft.NET.Sdk\targets\Microsoft.NET.GenerateGlobalUsings.targetsÔÇŁ z projektu ÔÇ×C:\Users\emili\CascadeProjects\PhotoStudioManager\PhotoStudioManager.Infrastructure\PhotoStudioManager.Infrastructure.csprojÔÇŁ (zale┼╝y od niego element docelowy ÔÇ×CoreBuildÔÇŁ):
   3:6>U┼╝ywanie zadania ÔÇ×GenerateGlobalUsingsÔÇŁ z zestawu ÔÇ×C:\Program Files\dotnet\sdk\8.0.101\Sdks\Microsoft.NET.Sdk\targets\..\tools\net8.0\Microsoft.NET.Build.Tasks.dllÔÇŁ.
       Zadanie ÔÇ×GenerateGlobalUsingsÔÇŁ
   2:7>Wykonywanie zadania ÔÇ×GetPackageDirectoryÔÇŁ zako┼äczone.
       Zadanie ÔÇ×GetPackageDirectoryÔÇŁ
       Wykonywanie zadania ÔÇ×GetPackageDirectoryÔÇŁ zako┼äczone.
       Zadanie ÔÇ×GetPackageDirectoryÔÇŁ
       Wykonywanie zadania ÔÇ×GetPackageDirectoryÔÇŁ zako┼äczone.
       Zadanie ÔÇ×GetPackageDirectoryÔÇŁ
       Wykonywanie zadania ÔÇ×GetPackageDirectoryÔÇŁ zako┼äczone.
       Zadanie ÔÇ×GetPackageDirectoryÔÇŁ
       Wykonywanie zadania ÔÇ×GetPackageDirectoryÔÇŁ zako┼äczone.
       Zadanie ÔÇ×GetPackageDirectoryÔÇŁ
       Wykonywanie zadania ÔÇ×GetPackageDirectoryÔÇŁ zako┼äczone.
       Zadanie ÔÇ×GetPackageDirectoryÔÇŁ
       Wykonywanie zadania ÔÇ×GetPackageDirectoryÔÇŁ zako┼äczone.
       U┼╝ywanie zadania ÔÇ×ResolveFrameworkReferencesÔÇŁ z zestawu ÔÇ×C:\Program Files\dotnet\sdk\8.0.101\Sdks\Microsoft.NET.Sdk\targets\..\tools\net8.0\Microsoft.NET.Build.Tasks.dllÔÇŁ.
       Zadanie ÔÇ×ResolveFrameworkReferencesÔÇŁ
       Wykonywanie zadania ÔÇ×ResolveFrameworkReferencesÔÇŁ zako┼äczone.
   2:7>Wykonano kompilowanie elementu docelowego ÔÇ×ResolveFrameworkReferencesÔÇŁ w projekcie ÔÇ×PhotoStudioManager.Core.csprojÔÇŁ.
   2:7>Element docelowy ÔÇ×ResolveTargetingPackAssetsÔÇŁ w pliku ÔÇ×C:\Program Files\dotnet\sdk\8.0.101\Sdks\Microsoft.NET.Sdk\targets\Microsoft.NET.Sdk.FrameworkReferenceResolution.targetsÔÇŁ z projektu ÔÇ×C:\Users\emili\CascadeProjects\PhotoStudioManager\PhotoStudioManager.Core\PhotoStudioManager.Core.csprojÔÇŁ (zale┼╝y od niego element docelowy ÔÇ×_HandlePackageFileConflictsÔÇŁ):
       U┼╝ywanie zadania ÔÇ×ResolveTargetingPackAssetsÔÇŁ z zestawu ÔÇ×C:\Program Files\dotnet\sdk\8.0.101\Sdks\Microsoft.NET.Sdk\targets\..\tools\net8.0\Microsoft.NET.Build.Tasks.dllÔÇŁ.
       Zadanie ÔÇ×ResolveTargetingPackAssetsÔÇŁ
       Wykonywanie zadania ÔÇ×ResolveTargetingPackAssetsÔÇŁ zako┼äczone.
   2:7>Wykonano kompilowanie elementu docelowego ÔÇ×ResolveTargetingPackAssetsÔÇŁ w projekcie ÔÇ×PhotoStudioManager.Core.csprojÔÇŁ.
   2:7>Element docelowy ÔÇ×ResolveOffByDefaultAnalyzersÔÇŁ w pliku ÔÇ×C:\Program Files\dotnet\sdk\8.0.101\Sdks\Microsoft.NET.Sdk\targets\Microsoft.NET.Sdk.FrameworkReferenceResolution.targetsÔÇŁ z projektu ÔÇ×C:\Users\emili\CascadeProjects\PhotoStudioManager\PhotoStudioManager.Core\PhotoStudioManager.Core.csprojÔÇŁ (zale┼╝y od niego element docelowy ÔÇ×_HandlePackageFileConflictsÔÇŁ):
   2:7>Wykonano kompilowanie elementu docelowego ÔÇ×ResolveOffByDefaultAnalyzersÔÇŁ w projekcie ÔÇ×PhotoStudioManager.Core.csprojÔÇŁ.
   2:7>Element docelowy ÔÇ×_HandlePackageFileConflictsÔÇŁ w pliku ÔÇ×C:\Program Files\dotnet\sdk\8.0.101\Sdks\Microsoft.NET.Sdk\targets\Microsoft.NET.ConflictResolution.targetsÔÇŁ z projektu ÔÇ×C:\Users\emili\CascadeProjects\PhotoStudioManager\PhotoStudioManager.Core\PhotoStudioManager.Core.csprojÔÇŁ (zale┼╝y od niego element docelowy ÔÇ×ResolveAssemblyReferencesÔÇŁ):
       U┼╝ywanie zadania ÔÇ×ResolvePackageFileConflictsÔÇŁ z zestawu ÔÇ×C:\Program Files\dotnet\sdk\8.0.101\Sdks\Microsoft.NET.Sdk\targets\..\tools\net8.0\Microsoft.NET.Build.Tasks.dllÔÇŁ.
       Zadanie ÔÇ×ResolvePackageFileConflictsÔÇŁ
         Napotkano konflikt mi─Ödzy elementem ÔÇ×Platform:mscorlib.dllÔÇŁ i ÔÇ×Platform:mscorlib.dllÔÇŁ. Nie mo┼╝na okre┼Ťli─ç wyniku z powodu takich samych wersji pliku i zestawu.
         Napotkano konflikt mi─Ödzy elementem ÔÇ×Platform:Microsoft.VisualBasic.dllÔÇŁ i ÔÇ×Platform:Microsoft.VisualBasic.dllÔÇŁ. Nie mo┼╝na okre┼Ťli─ç wyniku z powodu takich samych wersji pliku i zestawu.
         Napotkano konflikt mi─Ödzy elementem ÔÇ×Platform:System.dllÔÇŁ i ÔÇ×Platform:System.dllÔÇŁ. Nie mo┼╝na okre┼Ťli─ç wyniku z powodu takich samych wersji pliku i zestawu.
         Napotkano konflikt mi─Ödzy elementem ÔÇ×Platform:System.ComponentModel.DataAnnotations.dllÔÇŁ i ÔÇ×Platform:System.ComponentModel.DataAnnotations.dllÔÇŁ. Nie mo┼╝na okre┼Ťli─ç wyniku z powodu takich samych wersji pliku i zestawu.
         Napotkano konflikt mi─Ödzy elementem ÔÇ×Platform:System.Configuration.dllÔÇŁ i ÔÇ×Platform:System.Configuration.dllÔÇŁ. Nie mo┼╝na okre┼Ťli─ç wyniku z powodu takich samych wersji pliku i zestawu.
         Napotkano konflikt mi─Ödzy elementem ÔÇ×Platform:System.Core.dllÔÇŁ i ÔÇ×Platform:System.Core.dllÔÇŁ. Nie mo┼╝na okre┼Ťli─ç wyniku z powodu takich samych wersji pliku i zestawu.
         Napotkano konflikt mi─Ödzy elementem ÔÇ×Platform:System.Data.dllÔÇŁ i ÔÇ×Platform:System.Data.dllÔÇŁ. Nie mo┼╝na okre┼Ťli─ç wyniku z powodu takich samych wersji pliku i zestawu.
         Napotkano konflikt mi─Ödzy elementem ÔÇ×Platform:System.Drawing.dllÔÇŁ i ÔÇ×Platform:System.Drawing.dllÔÇŁ. Nie mo┼╝na okre┼Ťli─ç wyniku z powodu takich samych wersji pliku i zestawu.
         Napotkano konflikt mi─Ödzy elementem ÔÇ×Platform:System.IO.Compression.FileSystem.dllÔÇŁ i ÔÇ×Platform:System.IO.Compression.FileSystem.dllÔÇŁ. Nie mo┼╝na okre┼Ťli─ç wyniku z powodu takich samych wersji pliku i zestawu.
         Napotkano konflikt mi─Ödzy elementem ÔÇ×Platform:System.Net.dllÔÇŁ i ÔÇ×Platform:System.Net.dllÔÇŁ. Nie mo┼╝na okre┼Ťli─ç wyniku z powodu takich samych wersji pliku i zestawu.
         Napotkano konflikt mi─Ödzy elementem ÔÇ×Platform:System.Numerics.dllÔÇŁ i ÔÇ×Platform:System.Numerics.dllÔÇŁ. Nie mo┼╝na okre┼Ťli─ç wyniku z powodu takich samych wersji pliku i zestawu.
         Napotkano konflikt mi─Ödzy elementem ÔÇ×Platform:System.Runtime.Serialization.dllÔÇŁ i ÔÇ×Platform:System.Runtime.Serialization.dllÔÇŁ. Nie mo┼╝na okre┼Ťli─ç wyniku z powodu takich samych wersji pliku i zestawu.
         Napotkano konflikt mi─Ödzy elementem ÔÇ×Platform:System.Security.dllÔÇŁ i ÔÇ×Platform:System.Security.dllÔÇŁ. Nie mo┼╝na okre┼Ťli─ç wyniku z powodu takich samych wersji pliku i zestawu.
         Napotkano konflikt mi─Ödzy elementem ÔÇ×Platform:System.ServiceProcess.dllÔÇŁ i ÔÇ×Platform:System.ServiceProcess.dllÔÇŁ. Nie mo┼╝na okre┼Ťli─ç wyniku z powodu takich samych wersji pliku i zestawu.
         Napotkano konflikt mi─Ödzy elementem ÔÇ×Platform:System.ServiceModel.Web.dllÔÇŁ i ÔÇ×Platform:System.ServiceModel.Web.dllÔÇŁ. Nie mo┼╝na okre┼Ťli─ç wyniku z powodu takich samych wersji pliku i zestawu.
         Napotkano konflikt mi─Ödzy elementem ÔÇ×Platform:System.Transactions.dllÔÇŁ i ÔÇ×Platform:System.Transactions.dllÔÇŁ. Nie mo┼╝na okre┼Ťli─ç wyniku z powodu takich samych wersji pliku i zestawu.
         Napotkano konflikt mi─Ödzy elementem ÔÇ×Platform:System.Web.dllÔÇŁ i ÔÇ×Platform:System.Web.dllÔÇŁ. Nie mo┼╝na okre┼Ťli─ç wyniku z powodu takich samych wersji pliku i zestawu.
         Napotkano konflikt mi─Ödzy elementem ÔÇ×Platform:System.Windows.dllÔÇŁ i ÔÇ×Platform:System.Windows.dllÔÇŁ. Nie mo┼╝na okre┼Ťli─ç wyniku z powodu takich samych wersji pliku i zestawu.
         Napotkano konflikt mi─Ödzy elementem ÔÇ×Platform:System.Xml.dllÔÇŁ i ÔÇ×Platform:System.Xml.dllÔÇŁ. Nie mo┼╝na okre┼Ťli─ç wyniku z powodu takich samych wersji pliku i zestawu.
         Napotkano konflikt mi─Ödzy elementem ÔÇ×Platform:System.Xml.Serialization.dllÔÇŁ i ÔÇ×Platform:System.Xml.Serialization.dllÔÇŁ. Nie mo┼╝na okre┼Ťli─ç wyniku z powodu takich samych wersji pliku i zestawu.
         Napotkano konflikt mi─Ödzy elementem ÔÇ×Platform:System.Xml.Linq.dllÔÇŁ i ÔÇ×Platform:System.Xml.Linq.dllÔÇŁ. Nie mo┼╝na okre┼Ťli─ç wyniku z powodu takich samych wersji pliku i zestawu.
         Napotkano konflikt mi─Ödzy elementem ÔÇ×Platform:WindowsBase.dllÔÇŁ i ÔÇ×Platform:WindowsBase.dllÔÇŁ. Nie mo┼╝na okre┼Ťli─ç wyniku z powodu takich samych wersji pliku i zestawu.
         Napotkano konflikt mi─Ödzy elementem ÔÇ×Platform:netstandard.dllÔÇŁ i ÔÇ×Platform:netstandard.dllÔÇŁ. Nie mo┼╝na okre┼Ťli─ç wyniku z powodu takich samych wersji pliku i zestawu.
         Napotkano konflikt mi─Ödzy elementem ÔÇ×Platform:System.Private.CoreLib.dllÔÇŁ i ÔÇ×Platform:System.Private.CoreLib.dllÔÇŁ. Nie mo┼╝na okre┼Ťli─ç wyniku z powodu takich samych wersji pliku i zestawu.
         Napotkano konflikt mi─Ödzy elementem ÔÇ×Platform:System.Private.DataContractSerialization.dllÔÇŁ i ÔÇ×Platform:System.Private.DataContractSerialization.dllÔÇŁ. Nie mo┼╝na okre┼Ťli─ç wyniku z powodu takich samych wersji pliku i zestawu.
         Napotkano konflikt mi─Ödzy elementem ÔÇ×Platform:System.Private.Uri.dllÔÇŁ i ÔÇ×Platform:System.Private.Uri.dllÔÇŁ. Nie mo┼╝na okre┼Ťli─ç wyniku z powodu takich samych wersji pliku i zestawu.
         Napotkano konflikt mi─Ödzy elementem ÔÇ×Platform:System.Private.Xml.dllÔÇŁ i ÔÇ×Platform:System.Private.Xml.dllÔÇŁ. Nie mo┼╝na okre┼Ťli─ç wyniku z powodu takich samych wersji pliku i zestawu.
         Napotkano konflikt mi─Ödzy elementem ÔÇ×Platform:System.Private.Xml.Linq.dllÔÇŁ i ÔÇ×Platform:System.Private.Xml.Linq.dllÔÇŁ. Nie mo┼╝na okre┼Ťli─ç wyniku z powodu takich samych wersji pliku i zestawu.
         Napotkano konflikt mi─Ödzy elementem ÔÇ×Platform:mscordaccore_amd64_amd64_8.0.123.58001.dllÔÇŁ i ÔÇ×Platform:mscordaccore_amd64_amd64_8.0.123.58001.dllÔÇŁ. Nie mo┼╝na okre┼Ťli─ç wyniku z powodu takich samych wersji pliku i zestawu.
       Wykonywanie zadania ÔÇ×ResolvePackageFileConflictsÔÇŁ zako┼äczone.
   2:7>Wykonano kompilowanie elementu docelowego ÔÇ×_HandlePackageFileConflictsÔÇŁ w projekcie ÔÇ×PhotoStudioManager.Core.csprojÔÇŁ.
       Pomini─Öto element docelowy ÔÇ×ResolveTargetingPackAssetsÔÇŁ. Wcze┼Ťniejsza kompilacja powiod┼éa si─Ö.
   2:7>Element docelowy ÔÇ×ResolveAssemblyReferencesÔÇŁ w pliku ÔÇ×C:\Program Files\dotnet\sdk\8.0.101\Microsoft.Common.CurrentVersion.targetsÔÇŁ z projektu ÔÇ×C:\Users\emili\CascadeProjects\PhotoStudioManager\PhotoStudioManager.Core\PhotoStudioManager.Core.csprojÔÇŁ (zale┼╝y od niego element docelowy ÔÇ×ResolveReferencesÔÇŁ):
       U┼╝ywanie zadania ÔÇ×ResolveAssemblyReferenceÔÇŁ z zestawu ÔÇ×Microsoft.Build.Tasks.Core, Version=15.1.0.0, Culture=neutral, PublicKeyToken=b03f5f7f11d50a3aÔÇŁ.
       Zadanie ÔÇ×ResolveAssemblyReferenceÔÇŁ
         TargetFrameworkMoniker:
             .NETCoreApp,Version=v8.0
         TargetFrameworkMonikerDisplayName:
             .NET 8.0
         TargetedRuntimeVersion:
             
         Assemblies:
             C:\Users\emili\.nuget\packages\microsoft.aspnetcore.cryptography.internal\8.0.1\lib\net8.0\Microsoft.AspNetCore.Cryptography.Internal.dll
                 Private = 'false'
                 HintPath = 'C:\Users\emili\.nuget\packages\microsoft.aspnetcore.cryptography.internal\8.0.1\lib\net8.0\Microsoft.AspNetCore.Cryptography.Internal.dll'
             C:\Users\emili\.nuget\packages\microsoft.aspnetcore.cryptography.keyderivation\8.0.1\lib\net8.0\Microsoft.AspNetCore.Cryptography.KeyDerivation.dll
                 Private = 'false'
                 HintPath = 'C:\Users\emili\.nuget\packages\microsoft.aspnetcore.cryptography.keyderivation\8.0.1\lib\net8.0\Microsoft.AspNetCore.Cryptography.KeyDerivation.dll'
             C:\Users\emili\.nuget\packages\microsoft.aspnetcore.identity.entityframeworkcore\8.0.1\lib\net8.0\Microsoft.AspNetCore.Identity.EntityFrameworkCore.dll
                 Private = 'false'
                 HintPath = 'C:\Users\emili\.nuget\packages\microsoft.aspnetcore.identity.entityframeworkcore\8.0.1\lib\net8.0\Microsoft.AspNetCore.Identity.EntityFrameworkCore.dll'
             C:\Users\emili\.nuget\packages\microsoft.entityframeworkcore\8.0.1\lib\net8.0\Microsoft.EntityFrameworkCore.dll
                 Private = 'false'
                 HintPath = 'C:\Users\emili\.nuget\packages\microsoft.entityframeworkcore\8.0.1\lib\net8.0\Microsoft.EntityFrameworkCore.dll'
             C:\Users\emili\.nuget\packages\microsoft.entityframeworkcore.abstractions\8.0.1\lib\net8.0\Microsoft.EntityFrameworkCore.Abstractions.dll
                 Private = 'false'
   3:6>Wykonywanie zadania ÔÇ×GenerateGlobalUsingsÔÇŁ zako┼äczone.
   2:7>ResolveAssemblyReferences:
                 HintPath = 'C:\Users\emili\.nuget\packages\microsoft.entityframeworkcore.abstractions\8.0.1\lib\net8.0\Microsoft.EntityFrameworkCore.Abstractions.dll'
             C:\Users\emili\.nuget\packages\microsoft.entityframeworkcore.relational\8.0.1\lib\net8.0\Microsoft.EntityFrameworkCore.Relational.dll
                 Private = 'false'
                 HintPath = 'C:\Users\emili\.nuget\packages\microsoft.entityframeworkcore.relational\8.0.1\lib\net8.0\Microsoft.EntityFrameworkCore.Relational.dll'
             C:\Users\emili\.nuget\packages\microsoft.extensions.caching.abstractions\8.0.0\lib\net8.0\Microsoft.Extensions.Caching.Abstractions.dll
   3:6>GenerateGlobalUsings:
       U┼╝ywanie zadania ÔÇ×WriteLinesToFileÔÇŁ z zestawu ÔÇ×Microsoft.Build.Tasks.Core, Version=15.1.0.0, Culture=neutral, PublicKeyToken=b03f5f7f11d50a3aÔÇŁ.
       Zadanie ÔÇ×WriteLinesToFileÔÇŁ
   2:7>ResolveAssemblyReferences:
                 Private = 'false'
                 HintPath = 'C:\Users\emili\.nuget\packages\microsoft.extensions.caching.abstractions\8.0.0\lib\net8.0\Microsoft.Extensions.Caching.Abstractions.dll'
             C:\Users\emili\.nuget\packages\microsoft.extensions.caching.memory\8.0.0\lib\net8.0\Microsoft.Extensions.Caching.Memory.dll
                 Private = 'false'
                 HintPath = 'C:\Users\emili\.nuget\packages\microsoft.extensions.caching.memory\8.0.0\lib\net8.0\Microsoft.Extensions.Caching.Memory.dll'
             C:\Users\emili\.nuget\packages\microsoft.extensions.configuration.abstractions\8.0.0\lib\net8.0\Microsoft.Extensions.Configuration.Abstractions.dll
                 Private = 'false'
                 HintPath = 'C:\Users\emili\.nuget\packages\microsoft.extensions.configuration.abstractions\8.0.0\lib\net8.0\Microsoft.Extensions.Configuration.Abstractions.dll'
             C:\Users\emili\.nuget\packages\microsoft.extensions.dependencyinjection\8.0.0\lib\net8.0\Microsoft.Extensions.DependencyInjection.dll
                 Private = 'false'
                 HintPath = 'C:\Users\emili\.nuget\packages\microsoft.extensions.dependencyinjection\8.0.0\lib\net8.0\Microsoft.Extensions.DependencyInjection.dll'
             C:\Users\emili\.nuget\packages\microsoft.extensions.dependencyinjection.abstractions\8.0.0\lib\net8.0\Microsoft.Extensions.DependencyInjection.Abstractions.dll
                 Private = 'false'
                 HintPath = 'C:\Users\emili\.nuget\packages\microsoft.extensions.dependencyinjection.abstractions\8.0.0\lib\net8.0\Microsoft.Extensions.DependencyInjection.Abstractions.dll'
             C:\Users\emili\.nuget\packages\microsoft.extensions.identity.core\8.0.1\lib\net8.0\Microsoft.Extensions.Identity.Core.dll
                 Private = 'false'
                 HintPath = 'C:\Users\emili\.nuget\packages\microsoft.extensions.identity.core\8.0.1\lib\net8.0\Microsoft.Extensions.Identity.Core.dll'
             C:\Users\emili\.nuget\packages\microsoft.extensions.identity.stores\8.0.1\lib\net8.0\Microsoft.Extensions.Identity.Stores.dll
   3:6>GenerateGlobalUsings:
         Pomijanie zapisu w pliku ÔÇ×obj\Debug\net8.0\PhotoStudioManager.Infrastructure.GlobalUsings.g.csÔÇŁ, poniewa┼╝ jego zawarto┼Ť─ç nie uleg┼éaby zmianie.
       Wykonywanie zadania ÔÇ×WriteLinesToFileÔÇŁ zako┼äczone.
   3:6>Wykonano kompilowanie elementu docelowego ÔÇ×GenerateGlobalUsingsÔÇŁ w projekcie ÔÇ×PhotoStudioManager.Infrastructure.csprojÔÇŁ.
   2:7>ResolveAssemblyReferences:
                 Private = 'false'
   3:6>Pomini─Öto element docelowy ÔÇ×PreBuildEventÔÇŁ z powodu fa┼észywego warunku; ('$(PreBuildEvent)'!='') oszacowano jako (''!='').
   2:7>ResolveAssemblyReferences:
                 HintPath = 'C:\Users\emili\.nuget\packages\microsoft.extensions.identity.stores\8.0.1\lib\net8.0\Microsoft.Extensions.Identity.Stores.dll'
   3:6>Element docelowy ÔÇ×BeforeResolveReferencesÔÇŁ w pliku ÔÇ×C:\Program Files\dotnet\sdk\8.0.101\Microsoft.Common.CurrentVersion.targetsÔÇŁ z projektu ÔÇ×C:\Users\emili\CascadeProjects\PhotoStudioManager\PhotoStudioManager.Infrastructure\PhotoStudioManager.Infrastructure.csprojÔÇŁ (zale┼╝y od niego element docelowy ÔÇ×ResolveReferencesÔÇŁ):
   3:6>Wykonano kompilowanie elementu docelowego ÔÇ×BeforeResolveReferencesÔÇŁ w projekcie ÔÇ×PhotoStudioManager.Infrastructure.csprojÔÇŁ.
   2:7>ResolveAssemblyReferences:
             C:\Users\emili\.nuget\packages\microsoft.extensions.logging\8.0.0\lib\net8.0\Microsoft.Extensions.Logging.dll
                 Private = 'false'
   3:6>Element docelowy ÔÇ×IgnoreJavaScriptOutputAssemblyÔÇŁ w pliku ÔÇ×C:\Program Files\dotnet\sdk\8.0.101\Microsoft.Common.CurrentVersion.targetsÔÇŁ z projektu ÔÇ×C:\Users\emili\CascadeProjects\PhotoStudioManager\PhotoStudioManager.Infrastructure\PhotoStudioManager.Infrastructure.csprojÔÇŁ (zale┼╝y od niego element docelowy ÔÇ×AssignProjectConfigurationÔÇŁ):
   3:6>Wykonano kompilowanie elementu docelowego ÔÇ×IgnoreJavaScriptOutputAssemblyÔÇŁ w projekcie ÔÇ×PhotoStudioManager.Infrastructure.csprojÔÇŁ.
   2:7>ResolveAssemblyReferences:
                 HintPath = 'C:\Users\emili\.nuget\packages\microsoft.extensions.logging\8.0.0\lib\net8.0\Microsoft.Extensions.Logging.dll'
   3:6>Pomini─Öto element docelowy ÔÇ×ProcessFrameworkReferencesÔÇŁ. Wcze┼Ťniejsza kompilacja powiod┼éa si─Ö.
   3:6>Element docelowy ÔÇ×_DefaultMicrosoftNETPlatformLibraryÔÇŁ w pliku ÔÇ×C:\Program Files\dotnet\sdk\8.0.101\Sdks\Microsoft.NET.Sdk\targets\Microsoft.NET.Sdk.Shared.targetsÔÇŁ z projektu ÔÇ×C:\Users\emili\CascadeProjects\PhotoStudioManager\PhotoStudioManager.Infrastructure\PhotoStudioManager.Infrastructure.csprojÔÇŁ (zale┼╝y od niego element docelowy ÔÇ×ResolvePackageAssetsÔÇŁ):
   3:6>Wykonano kompilowanie elementu docelowego ÔÇ×_DefaultMicrosoftNETPlatformLibraryÔÇŁ w projekcie ÔÇ×PhotoStudioManager.Infrastructure.csprojÔÇŁ.
   2:7>ResolveAssemblyReferences:
             C:\Users\emili\.nuget\packages\microsoft.extensions.logging.abstractions\8.0.0\lib\net8.0\Microsoft.Extensions.Logging.Abstractions.dll
                 Private = 'false'
                 HintPath = 'C:\Users\emili\.nuget\packages\microsoft.extensions.logging.abstractions\8.0.0\lib\net8.0\Microsoft.Extensions.Logging.Abstractions.dll'
             C:\Users\emili\.nuget\packages\microsoft.extensions.options\8.0.1\lib\net8.0\Microsoft.Extensions.Options.dll
                 Private = 'false'
                 HintPath = 'C:\Users\emili\.nuget\packages\microsoft.extensions.options\8.0.1\lib\net8.0\Microsoft.Extensions.Options.dll'
             C:\Users\emili\.nuget\packages\microsoft.extensions.primitives\8.0.0\lib\net8.0\Microsoft.Extensions.Primitives.dll
                 Private = 'false'
                 HintPath = 'C:\Users\emili\.nuget\packages\microsoft.extensions.primitives\8.0.0\lib\net8.0\Microsoft.Extensions.Primitives.dll'
             C:\Program Files\dotnet\packs\Microsoft.NETCore.App.Ref\8.0.1\ref/net8.0/Microsoft.CSharp.dll
   3:6>Element docelowy ÔÇ×_ComputePackageReferencePublishÔÇŁ w pliku ÔÇ×C:\Program Files\dotnet\sdk\8.0.101\Sdks\Microsoft.NET.Sdk\targets\Microsoft.NET.Sdk.Shared.targetsÔÇŁ z projektu ÔÇ×C:\Users\emili\CascadeProjects\PhotoStudioManager\PhotoStudioManager.Infrastructure\PhotoStudioManager.Infrastructure.csprojÔÇŁ (zale┼╝y od niego element docelowy ÔÇ×ResolvePackageAssetsÔÇŁ):
   3:6>Wykonano kompilowanie elementu docelowego ÔÇ×_ComputePackageReferencePublishÔÇŁ w projekcie ÔÇ×PhotoStudioManager.Infrastructure.csprojÔÇŁ.
   2:7>ResolveAssemblyReferences:
                 Private = 'false'
   3:6>Pomini─Öto element docelowy ÔÇ×_ResolveCompilerVersionÔÇŁ z powodu fa┼észywego warunku; ('$(CompilerApiVersion)' == '' And
                     ('$(Language)' == 'C#' Or '$(Language)' == 'VB') And
                     Exists('$(RoslynTargetsPath)\Microsoft.Build.Tasks.CodeAnalysis.dll')) oszacowano jako ('roslyn4.8' == '' And
                     ('C#' == 'C#' Or 'C#' == 'VB') And
                     Exists('C:\Program Files\dotnet\sdk\8.0.101\Roslyn\Microsoft.Build.Tasks.CodeAnalysis.dll')).
   2:7>ResolveAssemblyReferences:
             C:\Program Files\dotnet\packs\Microsoft.NETCore.App.Ref\8.0.1\ref/net8.0/Microsoft.VisualBasic.Core.dll
                 Private = 'false'
             C:\Program Files\dotnet\packs\Microsoft.NETCore.App.Ref\8.0.1\ref/net8.0/Microsoft.VisualBasic.dll
                 Private = 'false'
             C:\Program Files\dotnet\packs\Microsoft.NETCore.App.Ref\8.0.1\ref/net8.0/Microsoft.Win32.Primitives.dll
                 Private = 'false'
             C:\Program Files\dotnet\packs\Microsoft.NETCore.App.Ref\8.0.1\ref/net8.0/Microsoft.Win32.Registry.dll
                 Private = 'false'
             C:\Program Files\dotnet\packs\Microsoft.NETCore.App.Ref\8.0.1\ref/net8.0/System.AppContext.dll
                 Private = 'false'
             C:\Program Files\dotnet\packs\Microsoft.NETCore.App.Ref\8.0.1\ref/net8.0/System.Buffers.dll
   3:6>Element docelowy ÔÇ×ResolvePackageAssetsÔÇŁ w pliku ÔÇ×C:\Program Files\dotnet\sdk\8.0.101\Sdks\Microsoft.NET.Sdk\targets\Microsoft.PackageDependencyResolution.targetsÔÇŁ z projektu ÔÇ×C:\Users\emili\CascadeProjects\PhotoStudioManager\PhotoStudioManager.Infrastructure\PhotoStudioManager.Infrastructure.csprojÔÇŁ (zale┼╝y od niego element docelowy ÔÇ×ResolveLockFileReferencesÔÇŁ):
   3:6>U┼╝ywanie zadania ÔÇ×ResolvePackageAssetsÔÇŁ z zestawu ÔÇ×C:\Program Files\dotnet\sdk\8.0.101\Sdks\Microsoft.NET.Sdk\targets\..\tools\net8.0\Microsoft.NET.Build.Tasks.dllÔÇŁ.
       Zadanie ÔÇ×ResolvePackageAssetsÔÇŁ
   2:7>ResolveAssemblyReferences:
                 Private = 'false'
             C:\Program Files\dotnet\packs\Microsoft.NETCore.App.Ref\8.0.1\ref/net8.0/System.Collections.Concurrent.dll
                 Private = 'false'
             C:\Program Files\dotnet\packs\Microsoft.NETCore.App.Ref\8.0.1\ref/net8.0/System.Collections.Immutable.dll
                 Private = 'false'
             C:\Program Files\dotnet\packs\Microsoft.NETCore.App.Ref\8.0.1\ref/net8.0/System.Collections.NonGeneric.dll
                 Private = 'false'
             C:\Program Files\dotnet\packs\Microsoft.NETCore.App.Ref\8.0.1\ref/net8.0/System.Collections.Specialized.dll
                 Private = 'false'
             C:\Program Files\dotnet\packs\Microsoft.NETCore.App.Ref\8.0.1\ref/net8.0/System.Collections.dll
                 Private = 'false'
             C:\Program Files\dotnet\packs\Microsoft.NETCore.App.Ref\8.0.1\ref/net8.0/System.ComponentModel.Annotations.dll
                 Private = 'false'
             C:\Program Files\dotnet\packs\Microsoft.NETCore.App.Ref\8.0.1\ref/net8.0/System.ComponentModel.DataAnnotations.dll
                 Private = 'false'
             C:\Program Files\dotnet\packs\Microsoft.NETCore.App.Ref\8.0.1\ref/net8.0/System.ComponentModel.EventBasedAsync.dll
                 Private = 'false'
             C:\Program Files\dotnet\packs\Microsoft.NETCore.App.Ref\8.0.1\ref/net8.0/System.ComponentModel.Primitives.dll
                 Private = 'false'
             C:\Program Files\dotnet\packs\Microsoft.NETCore.App.Ref\8.0.1\ref/net8.0/System.ComponentModel.TypeConverter.dll
                 Private = 'false'
             C:\Program Files\dotnet\packs\Microsoft.NETCore.App.Ref\8.0.1\ref/net8.0/System.ComponentModel.dll
                 Private = 'false'
             C:\Program Files\dotnet\packs\Microsoft.NETCore.App.Ref\8.0.1\ref/net8.0/System.Configuration.dll
                 Private = 'false'
             C:\Program Files\dotnet\packs\Microsoft.NETCore.App.Ref\8.0.1\ref/net8.0/System.Console.dll
                 Private = 'false'
             C:\Program Files\dotnet\packs\Microsoft.NETCore.App.Ref\8.0.1\ref/net8.0/System.Core.dll
                 Private = 'false'
             C:\Program Files\dotnet\packs\Microsoft.NETCore.App.Ref\8.0.1\ref/net8.0/System.Data.Common.dll
                 Private = 'false'
             C:\Program Files\dotnet\packs\Microsoft.NETCore.App.Ref\8.0.1\ref/net8.0/System.Data.DataSetExtensions.dll
                 Private = 'false'
             C:\Program Files\dotnet\packs\Microsoft.NETCore.App.Ref\8.0.1\ref/net8.0/System.Data.dll
                 Private = 'false'
             C:\Program Files\dotnet\packs\Microsoft.NETCore.App.Ref\8.0.1\ref/net8.0/System.Diagnostics.Contracts.dll
                 Private = 'false'
             C:\Program Files\dotnet\packs\Microsoft.NETCore.App.Ref\8.0.1\ref/net8.0/System.Diagnostics.Debug.dll
                 Private = 'false'
             C:\Program Files\dotnet\packs\Microsoft.NETCore.App.Ref\8.0.1\ref/net8.0/System.Diagnostics.DiagnosticSource.dll
                 Private = 'false'
             C:\Program Files\dotnet\packs\Microsoft.NETCore.App.Ref\8.0.1\ref/net8.0/System.Diagnostics.FileVersionInfo.dll
                 Private = 'false'
             C:\Program Files\dotnet\packs\Microsoft.NETCore.App.Ref\8.0.1\ref/net8.0/System.Diagnostics.Process.dll
                 Private = 'false'
             C:\Program Files\dotnet\packs\Microsoft.NETCore.App.Ref\8.0.1\ref/net8.0/System.Diagnostics.StackTrace.dll
                 Private = 'false'
             C:\Program Files\dotnet\packs\Microsoft.NETCore.App.Ref\8.0.1\ref/net8.0/System.Diagnostics.TextWriterTraceListener.dll
                 Private = 'false'
             C:\Program Files\dotnet\packs\Microsoft.NETCore.App.Ref\8.0.1\ref/net8.0/System.Diagnostics.Tools.dll
                 Private = 'false'
             C:\Program Files\dotnet\packs\Microsoft.NETCore.App.Ref\8.0.1\ref/net8.0/System.Diagnostics.TraceSource.dll
                 Private = 'false'
             C:\Program Files\dotnet\packs\Microsoft.NETCore.App.Ref\8.0.1\ref/net8.0/System.Diagnostics.Tracing.dll
                 Private = 'false'
             C:\Program Files\dotnet\packs\Microsoft.NETCore.App.Ref\8.0.1\ref/net8.0/System.Drawing.Primitives.dll
                 Private = 'false'
             C:\Program Files\dotnet\packs\Microsoft.NETCore.App.Ref\8.0.1\ref/net8.0/System.Drawing.dll
                 Private = 'false'
             C:\Program Files\dotnet\packs\Microsoft.NETCore.App.Ref\8.0.1\ref/net8.0/System.Dynamic.Runtime.dll
                 Private = 'false'
             C:\Program Files\dotnet\packs\Microsoft.NETCore.App.Ref\8.0.1\ref/net8.0/System.Formats.Asn1.dll
                 Private = 'false'
             C:\Program Files\dotnet\packs\Microsoft.NETCore.App.Ref\8.0.1\ref/net8.0/System.Formats.Tar.dll
                 Private = 'false'
             C:\Program Files\dotnet\packs\Microsoft.NETCore.App.Ref\8.0.1\ref/net8.0/System.Globalization.Calendars.dll
                 Private = 'false'
             C:\Program Files\dotnet\packs\Microsoft.NETCore.App.Ref\8.0.1\ref/net8.0/System.Globalization.Extensions.dll
                 Private = 'false'
             C:\Program Files\dotnet\packs\Microsoft.NETCore.App.Ref\8.0.1\ref/net8.0/System.Globalization.dll
                 Private = 'false'
             C:\Program Files\dotnet\packs\Microsoft.NETCore.App.Ref\8.0.1\ref/net8.0/System.IO.Compression.Brotli.dll
                 Private = 'false'
             C:\Program Files\dotnet\packs\Microsoft.NETCore.App.Ref\8.0.1\ref/net8.0/System.IO.Compression.FileSystem.dll
                 Private = 'false'
             C:\Program Files\dotnet\packs\Microsoft.NETCore.App.Ref\8.0.1\ref/net8.0/System.IO.Compression.ZipFile.dll
                 Private = 'false'
             C:\Program Files\dotnet\packs\Microsoft.NETCore.App.Ref\8.0.1\ref/net8.0/System.IO.Compression.dll
                 Private = 'false'
             C:\Program Files\dotnet\packs\Microsoft.NETCore.App.Ref\8.0.1\ref/net8.0/System.IO.FileSystem.AccessControl.dll
                 Private = 'false'
             C:\Program Files\dotnet\packs\Microsoft.NETCore.App.Ref\8.0.1\ref/net8.0/System.IO.FileSystem.DriveInfo.dll
                 Private = 'false'
             C:\Program Files\dotnet\packs\Microsoft.NETCore.App.Ref\8.0.1\ref/net8.0/System.IO.FileSystem.Primitives.dll
                 Private = 'false'
             C:\Program Files\dotnet\packs\Microsoft.NETCore.App.Ref\8.0.1\ref/net8.0/System.IO.FileSystem.Watcher.dll
                 Private = 'false'
             C:\Program Files\dotnet\packs\Microsoft.NETCore.App.Ref\8.0.1\ref/net8.0/System.IO.FileSystem.dll
                 Private = 'false'
             C:\Program Files\dotnet\packs\Microsoft.NETCore.App.Ref\8.0.1\ref/net8.0/System.IO.IsolatedStorage.dll
                 Private = 'false'
             C:\Program Files\dotnet\packs\Microsoft.NETCore.App.Ref\8.0.1\ref/net8.0/System.IO.MemoryMappedFiles.dll
                 Private = 'false'
             C:\Program Files\dotnet\packs\Microsoft.NETCore.App.Ref\8.0.1\ref/net8.0/System.IO.Pipes.AccessControl.dll
                 Private = 'false'
             C:\Program Files\dotnet\packs\Microsoft.NETCore.App.Ref\8.0.1\ref/net8.0/System.IO.Pipes.dll
                 Private = 'false'
             C:\Program Files\dotnet\packs\Microsoft.NETCore.App.Ref\8.0.1\ref/net8.0/System.IO.UnmanagedMemoryStream.dll
                 Private = 'false'
             C:\Program Files\dotnet\packs\Microsoft.NETCore.App.Ref\8.0.1\ref/net8.0/System.IO.dll
                 Private = 'false'
             C:\Program Files\dotnet\packs\Microsoft.NETCore.App.Ref\8.0.1\ref/net8.0/System.Linq.Expressions.dll
                 Private = 'false'
             C:\Program Files\dotnet\packs\Microsoft.NETCore.App.Ref\8.0.1\ref/net8.0/System.Linq.Parallel.dll
                 Private = 'false'
             C:\Program Files\dotnet\packs\Microsoft.NETCore.App.Ref\8.0.1\ref/net8.0/System.Linq.Queryable.dll
                 Private = 'false'
             C:\Program Files\dotnet\packs\Microsoft.NETCore.App.Ref\8.0.1\ref/net8.0/System.Linq.dll
                 Private = 'false'
             C:\Program Files\dotnet\packs\Microsoft.NETCore.App.Ref\8.0.1\ref/net8.0/System.Memory.dll
                 Private = 'false'
             C:\Program Files\dotnet\packs\Microsoft.NETCore.App.Ref\8.0.1\ref/net8.0/System.Net.Http.Json.dll
                 Private = 'false'
             C:\Program Files\dotnet\packs\Microsoft.NETCore.App.Ref\8.0.1\ref/net8.0/System.Net.Http.dll
                 Private = 'false'
   3:6>Wykonywanie zadania ÔÇ×ResolvePackageAssetsÔÇŁ zako┼äczone.
   2:7>ResolveAssemblyReferences:
             C:\Program Files\dotnet\packs\Microsoft.NETCore.App.Ref\8.0.1\ref/net8.0/System.Net.HttpListener.dll
                 Private = 'false'
             C:\Program Files\dotnet\packs\Microsoft.NETCore.App.Ref\8.0.1\ref/net8.0/System.Net.Mail.dll
                 Private = 'false'
   3:6>Wykonano kompilowanie elementu docelowego ÔÇ×ResolvePackageAssetsÔÇŁ w projekcie ÔÇ×PhotoStudioManager.Infrastructure.csprojÔÇŁ.
       Pomini─Öto element docelowy ÔÇ×AdjustDefaultPlatformTargetForNetFrameworkExeWithNoNativeCopyLocalItemsÔÇŁ z powodu fa┼észywego warunku; ('$(_UsingDefaultPlatformTarget)' == 'true' and
                            '$(_UsingDefaultRuntimeIdentifier)' == 'true') oszacowano jako ('true' == 'true' and
                            '' == 'true').
   2:7>ResolveAssemblyReferences:
             C:\Program Files\dotnet\packs\Microsoft.NETCore.App.Ref\8.0.1\ref/net8.0/System.Net.NameResolution.dll
   3:6>Pomini─Öto element docelowy ÔÇ×_CheckForTransitiveWindowsDesktopDependenciesÔÇŁ z powodu fa┼észywego warunku; ('$(TargetFrameworkIdentifier)' == '.NETCoreApp' and $([MSBuild]::VersionGreaterThanOrEquals($(_TargetFrameworkVersionWithoutV), '5.0')) and '$(TargetPlatformIdentifier)' != 'Windows' and '@(TransitiveFrameworkReference)' != '') oszacowano jako ('.NETCoreApp' == '.NETCoreApp' and True and '' != 'Windows' and '' != '').
       Pomini─Öto element docelowy ÔÇ×AddTransitiveFrameworkReferencesÔÇŁ z powodu fa┼észywego warunku; ('@(TransitiveFrameworkReference)' != '') oszacowano jako ('' != '').
   2:7>ResolveAssemblyReferences:
                 Private = 'false'
             C:\Program Files\dotnet\packs\Microsoft.NETCore.App.Ref\8.0.1\ref/net8.0/System.Net.NetworkInformation.dll
                 Private = 'false'
             C:\Program Files\dotnet\packs\Microsoft.NETCore.App.Ref\8.0.1\ref/net8.0/System.Net.Ping.dll
                 Private = 'false'
             C:\Program Files\dotnet\packs\Microsoft.NETCore.App.Ref\8.0.1\ref/net8.0/System.Net.Primitives.dll
                 Private = 'false'
   3:6>Element docelowy ÔÇ×ResolveLockFileReferencesÔÇŁ w pliku ÔÇ×C:\Program Files\dotnet\sdk\8.0.101\Sdks\Microsoft.NET.Sdk\targets\Microsoft.PackageDependencyResolution.targetsÔÇŁ z projektu ÔÇ×C:\Users\emili\CascadeProjects\PhotoStudioManager\PhotoStudioManager.Infrastructure\PhotoStudioManager.Infrastructure.csprojÔÇŁ (zale┼╝y od niego element docelowy ÔÇ×ResolvePackageDependenciesForBuildÔÇŁ):
   3:6>U┼╝ywanie zadania ÔÇ×JoinItemsÔÇŁ z zestawu ÔÇ×C:\Program Files\dotnet\sdk\8.0.101\Sdks\Microsoft.NET.Sdk\targets\..\tools\net8.0\Microsoft.NET.Build.Tasks.dllÔÇŁ.
       Zadanie ÔÇ×JoinItemsÔÇŁ
   2:7>ResolveAssemblyReferences:
             C:\Program Files\dotnet\packs\Microsoft.NETCore.App.Ref\8.0.1\ref/net8.0/System.Net.Quic.dll
                 Private = 'false'
             C:\Program Files\dotnet\packs\Microsoft.NETCore.App.Ref\8.0.1\ref/net8.0/System.Net.Requests.dll
                 Private = 'false'
             C:\Program Files\dotnet\packs\Microsoft.NETCore.App.Ref\8.0.1\ref/net8.0/System.Net.Security.dll
                 Private = 'false'
             C:\Program Files\dotnet\packs\Microsoft.NETCore.App.Ref\8.0.1\ref/net8.0/System.Net.ServicePoint.dll
                 Private = 'false'
             C:\Program Files\dotnet\packs\Microsoft.NETCore.App.Ref\8.0.1\ref/net8.0/System.Net.Sockets.dll
   3:6>Wykonywanie zadania ÔÇ×JoinItemsÔÇŁ zako┼äczone.
   2:7>ResolveAssemblyReferences:
                 Private = 'false'
             C:\Program Files\dotnet\packs\Microsoft.NETCore.App.Ref\8.0.1\ref/net8.0/System.Net.WebClient.dll
                 Private = 'false'
             C:\Program Files\dotnet\packs\Microsoft.NETCore.App.Ref\8.0.1\ref/net8.0/System.Net.WebHeaderCollection.dll
                 Private = 'false'
   3:6>Wykonano kompilowanie elementu docelowego ÔÇ×ResolveLockFileReferencesÔÇŁ w projekcie ÔÇ×PhotoStudioManager.Infrastructure.csprojÔÇŁ.
   2:7>ResolveAssemblyReferences:
             C:\Program Files\dotnet\packs\Microsoft.NETCore.App.Ref\8.0.1\ref/net8.0/System.Net.WebProxy.dll
   3:6>Pomini─Öto element docelowy ÔÇ×ResolvePackageAssetsÔÇŁ. Wcze┼Ťniejsza kompilacja powiod┼éa si─Ö.
   3:6>Element docelowy ÔÇ×ResolveLockFileAnalyzersÔÇŁ w pliku ÔÇ×C:\Program Files\dotnet\sdk\8.0.101\Sdks\Microsoft.NET.Sdk\targets\Microsoft.PackageDependencyResolution.targetsÔÇŁ z projektu ÔÇ×C:\Users\emili\CascadeProjects\PhotoStudioManager\PhotoStudioManager.Infrastructure\PhotoStudioManager.Infrastructure.csprojÔÇŁ (zale┼╝y od niego element docelowy ÔÇ×ResolvePackageDependenciesForBuildÔÇŁ):
   3:6>Wykonano kompilowanie elementu docelowego ÔÇ×ResolveLockFileAnalyzersÔÇŁ w projekcie ÔÇ×PhotoStudioManager.Infrastructure.csprojÔÇŁ.
   2:7>ResolveAssemblyReferences:
                 Private = 'false'
   3:6>Pomini─Öto element docelowy ÔÇ×ResolvePackageAssetsÔÇŁ. Wcze┼Ťniejsza kompilacja powiod┼éa si─Ö.
       Pomini─Öto element docelowy ÔÇ×RunProduceContentAssetsÔÇŁ z powodu fa┼észywego warunku; ('@(_ContentFilesToPreprocess)' != '' and '$(_CleaningWithoutRebuilding)' != 'true') oszacowano jako ('' != '' and '' != 'true').
   2:7>ResolveAssemblyReferences:
             C:\Program Files\dotnet\packs\Microsoft.NETCore.App.Ref\8.0.1\ref/net8.0/System.Net.WebSockets.Client.dll
                 Private = 'false'
             C:\Program Files\dotnet\packs\Microsoft.NETCore.App.Ref\8.0.1\ref/net8.0/System.Net.WebSockets.dll
                 Private = 'false'
             C:\Program Files\dotnet\packs\Microsoft.NETCore.App.Ref\8.0.1\ref/net8.0/System.Net.dll
                 Private = 'false'
             C:\Program Files\dotnet\packs\Microsoft.NETCore.App.Ref\8.0.1\ref/net8.0/System.Numerics.Vectors.dll
                 Private = 'false'
             C:\Program Files\dotnet\packs\Microsoft.NETCore.App.Ref\8.0.1\ref/net8.0/System.Numerics.dll
                 Private = 'false'
             C:\Program Files\dotnet\packs\Microsoft.NETCore.App.Ref\8.0.1\ref/net8.0/System.ObjectModel.dll
                 Private = 'false'
   3:6>Element docelowy ÔÇ×ResolveLockFileCopyLocalFilesÔÇŁ w pliku ÔÇ×C:\Program Files\dotnet\sdk\8.0.101\Sdks\Microsoft.NET.Sdk\targets\Microsoft.PackageDependencyResolution.targetsÔÇŁ z projektu ÔÇ×C:\Users\emili\CascadeProjects\PhotoStudioManager\PhotoStudioManager.Infrastructure\PhotoStudioManager.Infrastructure.csprojÔÇŁ (zale┼╝y od niego element docelowy ÔÇ×ResolvePackageDependenciesForBuildÔÇŁ):
   3:6>Wykonano kompilowanie elementu docelowego ÔÇ×ResolveLockFileCopyLocalFilesÔÇŁ w projekcie ÔÇ×PhotoStudioManager.Infrastructure.csprojÔÇŁ.
   2:7>ResolveAssemblyReferences:
             C:\Program Files\dotnet\packs\Microsoft.NETCore.App.Ref\8.0.1\ref/net8.0/System.Reflection.DispatchProxy.dll
   3:6>Pomini─Öto element docelowy ÔÇ×ResolveRuntimePackAssetsÔÇŁ z powodu fa┼észywego warunku; ('@(RuntimePack)' != '') oszacowano jako ('' != '').
       Pomini─Öto element docelowy ÔÇ×RunProduceContentAssetsÔÇŁ z powodu fa┼észywego warunku; ('@(_ContentFilesToPreprocess)' != '' and '$(_CleaningWithoutRebuilding)' != 'true') oszacowano jako ('' != '' and '' != 'true').
   2:7>ResolveAssemblyReferences:
                 Private = 'false'
   3:6>Pomini─Öto element docelowy ÔÇ×ResolvePackageAssetsÔÇŁ. Wcze┼Ťniejsza kompilacja powiod┼éa si─Ö.
   3:6>Element docelowy ÔÇ×IncludeTransitiveProjectReferencesÔÇŁ w pliku ÔÇ×C:\Program Files\dotnet\sdk\8.0.101\Sdks\Microsoft.NET.Sdk\targets\Microsoft.PackageDependencyResolution.targetsÔÇŁ z projektu ÔÇ×C:\Users\emili\CascadeProjects\PhotoStudioManager\PhotoStudioManager.Infrastructure\PhotoStudioManager.Infrastructure.csprojÔÇŁ (zale┼╝y od niego element docelowy ÔÇ×ResolvePackageDependenciesForBuildÔÇŁ):
   3:6>Wykonano kompilowanie elementu docelowego ÔÇ×IncludeTransitiveProjectReferencesÔÇŁ w projekcie ÔÇ×PhotoStudioManager.Infrastructure.csprojÔÇŁ.
   3:6>Element docelowy ÔÇ×ResolvePackageDependenciesForBuildÔÇŁ w pliku ÔÇ×C:\Program Files\dotnet\sdk\8.0.101\Sdks\Microsoft.NET.Sdk\targets\Microsoft.PackageDependencyResolution.targetsÔÇŁ z projektu ÔÇ×C:\Users\emili\CascadeProjects\PhotoStudioManager\PhotoStudioManager.Infrastructure\PhotoStudioManager.Infrastructure.csprojÔÇŁ (zale┼╝y od niego element docelowy ÔÇ×AssignProjectConfigurationÔÇŁ):
   3:6>Wykonano kompilowanie elementu docelowego ÔÇ×ResolvePackageDependenciesForBuildÔÇŁ w projekcie ÔÇ×PhotoStudioManager.Infrastructure.csprojÔÇŁ.
   2:7>ResolveAssemblyReferences:
             C:\Program Files\dotnet\packs\Microsoft.NETCore.App.Ref\8.0.1\ref/net8.0/System.Reflection.Emit.ILGeneration.dll
   3:6>Pomini─Öto element docelowy ÔÇ×_System_Text_JsonAnalyzerMultiTargetingÔÇŁ z powodu fa┼észywego warunku; ('$(SupportsRoslynComponentVersioning)' != 'true') oszacowano jako ('true' != 'true').
       Pomini─Öto element docelowy ÔÇ×_System_Text_JsonRemoveAnalyzersÔÇŁ z powodu fa┼észywego warunku; ('$(DisableSystemTextJsonSourceGenerator)' == 'true') oszacowano jako ('' == 'true').
       Pomini─Öto element docelowy ÔÇ×_Microsoft_Extensions_OptionsAnalyzerMultiTargetingÔÇŁ z powodu fa┼észywego warunku; ('$(SupportsRoslynComponentVersioning)' != 'true') oszacowano jako ('true' != 'true').
       Pomini─Öto element docelowy ÔÇ×_Microsoft_Extensions_OptionsRemoveAnalyzersÔÇŁ z powodu fa┼észywego warunku; ('$(DisableMicrosoftExtensionsOptionsSourceGenerator)' == 'true') oszacowano jako ('' == 'true').
   2:7>ResolveAssemblyReferences:
                 Private = 'false'
   3:6>Pomini─Öto element docelowy ÔÇ×_Microsoft_Extensions_Logging_AbstractionsAnalyzerMultiTargetingÔÇŁ z powodu fa┼észywego warunku; ('$(SupportsRoslynComponentVersioning)' != 'true') oszacowano jako ('true' != 'true').
       Pomini─Öto element docelowy ÔÇ×_Microsoft_Extensions_Logging_AbstractionsRemoveAnalyzersÔÇŁ z powodu fa┼észywego warunku; ('$(DisableMicrosoftExtensionsLoggingSourceGenerator)' == 'true') oszacowano jako ('' == 'true').
   2:7>ResolveAssemblyReferences:
             C:\Program Files\dotnet\packs\Microsoft.NETCore.App.Ref\8.0.1\ref/net8.0/System.Reflection.Emit.Lightweight.dll
                 Private = 'false'
             C:\Program Files\dotnet\packs\Microsoft.NETCore.App.Ref\8.0.1\ref/net8.0/System.Reflection.Emit.dll
                 Private = 'false'
             C:\Program Files\dotnet\packs\Microsoft.NETCore.App.Ref\8.0.1\ref/net8.0/System.Reflection.Extensions.dll
                 Private = 'false'
   3:6>Element docelowy ÔÇ×AssignProjectConfigurationÔÇŁ w pliku ÔÇ×C:\Program Files\dotnet\sdk\8.0.101\Microsoft.Common.CurrentVersion.targetsÔÇŁ z projektu ÔÇ×C:\Users\emili\CascadeProjects\PhotoStudioManager\PhotoStudioManager.Infrastructure\PhotoStudioManager.Infrastructure.csprojÔÇŁ (zale┼╝y od niego element docelowy ÔÇ×ResolveReferencesÔÇŁ):
   3:6>U┼╝ywanie zadania ÔÇ×AssignProjectConfigurationÔÇŁ z zestawu ÔÇ×Microsoft.Build.Tasks.Core, Version=15.1.0.0, Culture=neutral, PublicKeyToken=b03f5f7f11d50a3aÔÇŁ.
       Zadanie ÔÇ×AssignProjectConfigurationÔÇŁ
   2:7>ResolveAssemblyReferences:
             C:\Program Files\dotnet\packs\Microsoft.NETCore.App.Ref\8.0.1\ref/net8.0/System.Reflection.Metadata.dll
                 Private = 'false'
             C:\Program Files\dotnet\packs\Microsoft.NETCore.App.Ref\8.0.1\ref/net8.0/System.Reflection.Primitives.dll
                 Private = 'false'
             C:\Program Files\dotnet\packs\Microsoft.NETCore.App.Ref\8.0.1\ref/net8.0/System.Reflection.TypeExtensions.dll
                 Private = 'false'
             C:\Program Files\dotnet\packs\Microsoft.NETCore.App.Ref\8.0.1\ref/net8.0/System.Reflection.dll
   3:6>AssignProjectConfiguration:
         Odwo┼éanie do projektu ÔÇ×..\PhotoStudioManager.Core\PhotoStudioManager.Core.csprojÔÇŁ nie zosta┼éo rozpoznane.
   2:7>ResolveAssemblyReferences:
                 Private = 'false'
             C:\Program Files\dotnet\packs\Microsoft.NETCore.App.Ref\8.0.1\ref/net8.0/System.Resources.Reader.dll
                 Private = 'false'
             C:\Program Files\dotnet\packs\Microsoft.NETCore.App.Ref\8.0.1\ref/net8.0/System.Resources.ResourceManager.dll
                 Private = 'false'
   3:6>Wykonywanie zadania ÔÇ×AssignProjectConfigurationÔÇŁ zako┼äczone.
   2:7>ResolveAssemblyReferences:
             C:\Program Files\dotnet\packs\Microsoft.NETCore.App.Ref\8.0.1\ref/net8.0/System.Resources.Writer.dll
                 Private = 'false'
   3:6>Wykonano kompilowanie elementu docelowego ÔÇ×AssignProjectConfigurationÔÇŁ w projekcie ÔÇ×PhotoStudioManager.Infrastructure.csprojÔÇŁ.
       Pomini─Öto element docelowy ÔÇ×AssignProjectConfigurationÔÇŁ. Wcze┼Ťniejsza kompilacja powiod┼éa si─Ö.
   2:7>ResolveAssemblyReferences:
             C:\Program Files\dotnet\packs\Microsoft.NETCore.App.Ref\8.0.1\ref/net8.0/System.Runtime.CompilerServices.Unsafe.dll
   3:6>Element docelowy ÔÇ×_SplitProjectReferencesByFileExistenceÔÇŁ w pliku ÔÇ×C:\Program Files\dotnet\sdk\8.0.101\Microsoft.Common.CurrentVersion.targetsÔÇŁ z projektu ÔÇ×C:\Users\emili\CascadeProjects\PhotoStudioManager\PhotoStudioManager.Infrastructure\PhotoStudioManager.Infrastructure.csprojÔÇŁ (zale┼╝y od niego element docelowy ÔÇ×PrepareProjectReferencesÔÇŁ):
   3:6>Pomini─Öto zadanie ÔÇ×ResolveNonMSBuildProjectOutputÔÇŁ z powodu fa┼észywego warunku; ('$(BuildingInsideVisualStudio)'=='true' and '@(ProjectReferenceWithConfiguration)'!='') oszacowano jako (''=='true' and '..\PhotoStudioManager.Core\PhotoStudioManager.Core.csproj'!='').
   2:7>ResolveAssemblyReferences:
                 Private = 'false'
             C:\Program Files\dotnet\packs\Microsoft.NETCore.App.Ref\8.0.1\ref/net8.0/System.Runtime.CompilerServices.VisualC.dll
                 Private = 'false'
             C:\Program Files\dotnet\packs\Microsoft.NETCore.App.Ref\8.0.1\ref/net8.0/System.Runtime.Extensions.dll
   3:6>Wykonano kompilowanie elementu docelowego ÔÇ×_SplitProjectReferencesByFileExistenceÔÇŁ w projekcie ÔÇ×PhotoStudioManager.Infrastructure.csprojÔÇŁ.
   3:6>Element docelowy ÔÇ×_AddOutputPathToGlobalPropertiesToRemoveÔÇŁ w pliku ÔÇ×C:\Program Files\dotnet\sdk\8.0.101\Microsoft.Common.CurrentVersion.targetsÔÇŁ z projektu ÔÇ×C:\Users\emili\CascadeProjects\PhotoStudioManager\PhotoStudioManager.Infrastructure\PhotoStudioManager.Infrastructure.csprojÔÇŁ (zale┼╝y od niego element docelowy ÔÇ×_GetProjectReferenceTargetFrameworkPropertiesÔÇŁ):
   3:6>Wykonano kompilowanie elementu docelowego ÔÇ×_AddOutputPathToGlobalPropertiesToRemoveÔÇŁ w projekcie ÔÇ×PhotoStudioManager.Infrastructure.csprojÔÇŁ.
   2:7>ResolveAssemblyReferences:
                 Private = 'false'
             C:\Program Files\dotnet\packs\Microsoft.NETCore.App.Ref\8.0.1\ref/net8.0/System.Runtime.Handles.dll
                 Private = 'false'
             C:\Program Files\dotnet\packs\Microsoft.NETCore.App.Ref\8.0.1\ref/net8.0/System.Runtime.InteropServices.JavaScript.dll
                 Private = 'false'
             C:\Program Files\dotnet\packs\Microsoft.NETCore.App.Ref\8.0.1\ref/net8.0/System.Runtime.InteropServices.RuntimeInformation.dll
   3:6>Element docelowy ÔÇ×_GetProjectReferenceTargetFrameworkPropertiesÔÇŁ w pliku ÔÇ×C:\Program Files\dotnet\sdk\8.0.101\Microsoft.Common.CurrentVersion.targetsÔÇŁ z projektu ÔÇ×C:\Users\emili\CascadeProjects\PhotoStudioManager\PhotoStudioManager.Infrastructure\PhotoStudioManager.Infrastructure.csprojÔÇŁ (zale┼╝y od niego element docelowy ÔÇ×PrepareProjectReferencesÔÇŁ):
   3:6>Zadanie ÔÇ×MSBuildÔÇŁ
   2:7>ResolveAssemblyReferences:
                 Private = 'false'
             C:\Program Files\dotnet\packs\Microsoft.NETCore.App.Ref\8.0.1\ref/net8.0/System.Runtime.InteropServices.dll
                 Private = 'false'
   3:6>_GetProjectReferenceTargetFrameworkProperties:
         Usuwanie w┼éa┼Ťciwo┼Ťci:
           TargetFramework
           RuntimeIdentifier
           SelfContained
   2:7>ResolveAssemblyReferences:
             C:\Program Files\dotnet\packs\Microsoft.NETCore.App.Ref\8.0.1\ref/net8.0/System.Runtime.Intrinsics.dll
                 Private = 'false'
             C:\Program Files\dotnet\packs\Microsoft.NETCore.App.Ref\8.0.1\ref/net8.0/System.Runtime.Loader.dll
                 Private = 'false'
             C:\Program Files\dotnet\packs\Microsoft.NETCore.App.Ref\8.0.1\ref/net8.0/System.Runtime.Numerics.dll
                 Private = 'false'
   3:6>Projekt ÔÇ×C:\Users\emili\CascadeProjects\PhotoStudioManager\PhotoStudioManager.Infrastructure\PhotoStudioManager.Infrastructure.csprojÔÇŁ (3:6) kompiluje ÔÇ×C:\Users\emili\CascadeProjects\PhotoStudioManager\PhotoStudioManager.Core\PhotoStudioManager.Core.csprojÔÇŁ (2:8) w w─Ö┼║le 1 (elementy docelowe: GetTargetFrameworks).
   2:8>Pomini─Öto element docelowy ÔÇ×GetTargetFrameworksÔÇŁ. Wcze┼Ťniejsza kompilacja powiod┼éa si─Ö.
   2:8>Kompilowanie projektu ÔÇ×C:\Users\emili\CascadeProjects\PhotoStudioManager\PhotoStudioManager.Core\PhotoStudioManager.Core.csprojÔÇŁ wykonane (elementy docelowe: GetTargetFrameworks).
   2:7>ResolveAssemblyReferences:
             C:\Program Files\dotnet\packs\Microsoft.NETCore.App.Ref\8.0.1\ref/net8.0/System.Runtime.Serialization.Formatters.dll
                 Private = 'false'
   3:6>Wykonywanie zadania ÔÇ×MSBuildÔÇŁ zako┼äczone.
   2:7>ResolveAssemblyReferences:
             C:\Program Files\dotnet\packs\Microsoft.NETCore.App.Ref\8.0.1\ref/net8.0/System.Runtime.Serialization.Json.dll
   3:6>_GetProjectReferenceTargetFrameworkProperties:
       Pomini─Öto zadanie ÔÇ×MSBuildÔÇŁ z powodu fa┼észywego warunku; ('%(_MSBuildProjectReferenceExistent.SkipGetTargetFrameworkProperties)' != 'true' and '$(EnableDynamicPlatformResolution)' == 'true') oszacowano jako ('' != 'true' and '' == 'true').
   2:7>ResolveAssemblyReferences:
                 Private = 'false'
             C:\Program Files\dotnet\packs\Microsoft.NETCore.App.Ref\8.0.1\ref/net8.0/System.Runtime.Serialization.Primitives.dll
                 Private = 'false'
             C:\Program Files\dotnet\packs\Microsoft.NETCore.App.Ref\8.0.1\ref/net8.0/System.Runtime.Serialization.Xml.dll
                 Private = 'false'
             C:\Program Files\dotnet\packs\Microsoft.NETCore.App.Ref\8.0.1\ref/net8.0/System.Runtime.Serialization.dll
                 Private = 'false'
   3:6>_GetProjectReferenceTargetFrameworkProperties:
       U┼╝ywanie zadania ÔÇ×GetReferenceNearestTargetFrameworkTaskÔÇŁ z zestawu ÔÇ×C:\Program Files\dotnet\sdk\8.0.101\NuGet.Build.Tasks.dllÔÇŁ.
       Zadanie ÔÇ×GetReferenceNearestTargetFrameworkTaskÔÇŁ
   2:7>ResolveAssemblyReferences:
             C:\Program Files\dotnet\packs\Microsoft.NETCore.App.Ref\8.0.1\ref/net8.0/System.Runtime.dll
                 Private = 'false'
             C:\Program Files\dotnet\packs\Microsoft.NETCore.App.Ref\8.0.1\ref/net8.0/System.Security.AccessControl.dll
                 Private = 'false'
   3:6>_GetProjectReferenceTargetFrameworkProperties:
         (in) CurrentProjectTargetFramework '.NETCoreApp,Version=v8.0'
         (in) CurrentProjectTargetPlatform ''
         (in) FallbackTargetFrameworks 'net461;net462;net47;net471;net472;net48;net481'
   2:7>ResolveAssemblyReferences:
             C:\Program Files\dotnet\packs\Microsoft.NETCore.App.Ref\8.0.1\ref/net8.0/System.Security.Claims.dll
   3:6>_GetProjectReferenceTargetFrameworkProperties:
         (in) AnnotatedProjectReferences '..\PhotoStudioManager.Core\PhotoStudioManager.Core.csproj'
   2:7>ResolveAssemblyReferences:
                 Private = 'false'
             C:\Program Files\dotnet\packs\Microsoft.NETCore.App.Ref\8.0.1\ref/net8.0/System.Security.Cryptography.Algorithms.dll
                 Private = 'false'
             C:\Program Files\dotnet\packs\Microsoft.NETCore.App.Ref\8.0.1\ref/net8.0/System.Security.Cryptography.Cng.dll
                 Private = 'false'
             C:\Program Files\dotnet\packs\Microsoft.NETCore.App.Ref\8.0.1\ref/net8.0/System.Security.Cryptography.Csp.dll
                 Private = 'false'
             C:\Program Files\dotnet\packs\Microsoft.NETCore.App.Ref\8.0.1\ref/net8.0/System.Security.Cryptography.Encoding.dll
                 Private = 'false'
             C:\Program Files\dotnet\packs\Microsoft.NETCore.App.Ref\8.0.1\ref/net8.0/System.Security.Cryptography.OpenSsl.dll
                 Private = 'false'
             C:\Program Files\dotnet\packs\Microsoft.NETCore.App.Ref\8.0.1\ref/net8.0/System.Security.Cryptography.Primitives.dll
                 Private = 'false'
             C:\Program Files\dotnet\packs\Microsoft.NETCore.App.Ref\8.0.1\ref/net8.0/System.Security.Cryptography.X509Certificates.dll
                 Private = 'false'
             C:\Program Files\dotnet\packs\Microsoft.NETCore.App.Ref\8.0.1\ref/net8.0/System.Security.Cryptography.dll
                 Private = 'false'
             C:\Program Files\dotnet\packs\Microsoft.NETCore.App.Ref\8.0.1\ref/net8.0/System.Security.Principal.Windows.dll
                 Private = 'false'
             C:\Program Files\dotnet\packs\Microsoft.NETCore.App.Ref\8.0.1\ref/net8.0/System.Security.Principal.dll
                 Private = 'false'
             C:\Program Files\dotnet\packs\Microsoft.NETCore.App.Ref\8.0.1\ref/net8.0/System.Security.SecureString.dll
                 Private = 'false'
             C:\Program Files\dotnet\packs\Microsoft.NETCore.App.Ref\8.0.1\ref/net8.0/System.Security.dll
                 Private = 'false'
             C:\Program Files\dotnet\packs\Microsoft.NETCore.App.Ref\8.0.1\ref/net8.0/System.ServiceModel.Web.dll
                 Private = 'false'
             C:\Program Files\dotnet\packs\Microsoft.NETCore.App.Ref\8.0.1\ref/net8.0/System.ServiceProcess.dll
                 Private = 'false'
             C:\Program Files\dotnet\packs\Microsoft.NETCore.App.Ref\8.0.1\ref/net8.0/System.Text.Encoding.CodePages.dll
                 Private = 'false'
             C:\Program Files\dotnet\packs\Microsoft.NETCore.App.Ref\8.0.1\ref/net8.0/System.Text.Encoding.Extensions.dll
                 Private = 'false'
             C:\Program Files\dotnet\packs\Microsoft.NETCore.App.Ref\8.0.1\ref/net8.0/System.Text.Encoding.dll
                 Private = 'false'
             C:\Program Files\dotnet\packs\Microsoft.NETCore.App.Ref\8.0.1\ref/net8.0/System.Text.Encodings.Web.dll
                 Private = 'false'
             C:\Program Files\dotnet\packs\Microsoft.NETCore.App.Ref\8.0.1\ref/net8.0/System.Text.Json.dll
                 Private = 'false'
             C:\Program Files\dotnet\packs\Microsoft.NETCore.App.Ref\8.0.1\ref/net8.0/System.Text.RegularExpressions.dll
                 Private = 'false'
             C:\Program Files\dotnet\packs\Microsoft.NETCore.App.Ref\8.0.1\ref/net8.0/System.Threading.Channels.dll
                 Private = 'false'
             C:\Program Files\dotnet\packs\Microsoft.NETCore.App.Ref\8.0.1\ref/net8.0/System.Threading.Overlapped.dll
                 Private = 'false'
             C:\Program Files\dotnet\packs\Microsoft.NETCore.App.Ref\8.0.1\ref/net8.0/System.Threading.Tasks.Dataflow.dll
                 Private = 'false'
             C:\Program Files\dotnet\packs\Microsoft.NETCore.App.Ref\8.0.1\ref/net8.0/System.Threading.Tasks.Extensions.dll
                 Private = 'false'
             C:\Program Files\dotnet\packs\Microsoft.NETCore.App.Ref\8.0.1\ref/net8.0/System.Threading.Tasks.Parallel.dll
                 Private = 'false'
             C:\Program Files\dotnet\packs\Microsoft.NETCore.App.Ref\8.0.1\ref/net8.0/System.Threading.Tasks.dll
                 Private = 'false'
             C:\Program Files\dotnet\packs\Microsoft.NETCore.App.Ref\8.0.1\ref/net8.0/System.Threading.Thread.dll
                 Private = 'false'
             C:\Program Files\dotnet\packs\Microsoft.NETCore.App.Ref\8.0.1\ref/net8.0/System.Threading.ThreadPool.dll
                 Private = 'false'
             C:\Program Files\dotnet\packs\Microsoft.NETCore.App.Ref\8.0.1\ref/net8.0/System.Threading.Timer.dll
                 Private = 'false'
             C:\Program Files\dotnet\packs\Microsoft.NETCore.App.Ref\8.0.1\ref/net8.0/System.Threading.dll
                 Private = 'false'
             C:\Program Files\dotnet\packs\Microsoft.NETCore.App.Ref\8.0.1\ref/net8.0/System.Transactions.Local.dll
                 Private = 'false'
             C:\Program Files\dotnet\packs\Microsoft.NETCore.App.Ref\8.0.1\ref/net8.0/System.Transactions.dll
                 Private = 'false'
             C:\Program Files\dotnet\packs\Microsoft.NETCore.App.Ref\8.0.1\ref/net8.0/System.ValueTuple.dll
                 Private = 'false'
             C:\Program Files\dotnet\packs\Microsoft.NETCore.App.Ref\8.0.1\ref/net8.0/System.Web.HttpUtility.dll
                 Private = 'false'
             C:\Program Files\dotnet\packs\Microsoft.NETCore.App.Ref\8.0.1\ref/net8.0/System.Web.dll
                 Private = 'false'
             C:\Program Files\dotnet\packs\Microsoft.NETCore.App.Ref\8.0.1\ref/net8.0/System.Windows.dll
                 Private = 'false'
             C:\Program Files\dotnet\packs\Microsoft.NETCore.App.Ref\8.0.1\ref/net8.0/System.Xml.Linq.dll
                 Private = 'false'
             C:\Program Files\dotnet\packs\Microsoft.NETCore.App.Ref\8.0.1\ref/net8.0/System.Xml.ReaderWriter.dll
                 Private = 'false'
             C:\Program Files\dotnet\packs\Microsoft.NETCore.App.Ref\8.0.1\ref/net8.0/System.Xml.Serialization.dll
                 Private = 'false'
             C:\Program Files\dotnet\packs\Microsoft.NETCore.App.Ref\8.0.1\ref/net8.0/System.Xml.XDocument.dll
                 Private = 'false'
             C:\Program Files\dotnet\packs\Microsoft.NETCore.App.Ref\8.0.1\ref/net8.0/System.Xml.XPath.XDocument.dll
                 Private = 'false'
             C:\Program Files\dotnet\packs\Microsoft.NETCore.App.Ref\8.0.1\ref/net8.0/System.Xml.XPath.dll
   3:6>_GetProjectReferenceTargetFrameworkProperties:
         (out) AssignedProjects '..\PhotoStudioManager.Core\PhotoStudioManager.Core.csproj'
   2:7>ResolveAssemblyReferences:
                 Private = 'false'
   3:6>Wykonywanie zadania ÔÇ×GetReferenceNearestTargetFrameworkTaskÔÇŁ zako┼äczone.
   2:7>ResolveAssemblyReferences:
             C:\Program Files\dotnet\packs\Microsoft.NETCore.App.Ref\8.0.1\ref/net8.0/System.Xml.XmlDocument.dll
                 Private = 'false'
             C:\Program Files\dotnet\packs\Microsoft.NETCore.App.Ref\8.0.1\ref/net8.0/System.Xml.XmlSerializer.dll
                 Private = 'false'
             C:\Program Files\dotnet\packs\Microsoft.NETCore.App.Ref\8.0.1\ref/net8.0/System.Xml.dll
                 Private = 'false'
             C:\Program Files\dotnet\packs\Microsoft.NETCore.App.Ref\8.0.1\ref/net8.0/System.dll
                 Private = 'false'
             C:\Program Files\dotnet\packs\Microsoft.NETCore.App.Ref\8.0.1\ref/net8.0/WindowsBase.dll
                 Private = 'false'
             C:\Program Files\dotnet\packs\Microsoft.NETCore.App.Ref\8.0.1\ref/net8.0/mscorlib.dll
                 Private = 'false'
             C:\Program Files\dotnet\packs\Microsoft.NETCore.App.Ref\8.0.1\ref/net8.0/netstandard.dll
                 Private = 'false'
         AssemblyFiles:
         CandidateAssemblyFiles:
         TargetFrameworkDirectories:
             
         InstalledAssemblyTables:
         IgnoreInstalledAssemblyTable:
             False
         SearchPaths:
             {CandidateAssemblyFiles}
             {HintPathFromItem}
             {TargetFrameworkDirectory}
             {RawFileName}
         AllowedAssemblyExtensions:
             .winmd
             .dll
             .exe
         AllowedRelatedFileExtensions:
             .pdb
             .xml
             .pri
             .dll.config
             .exe.config
         AppConfigFile:
             
         AutoUnify:
             True
         CopyLocalDependenciesWhenParentReferenceInGac:
             True
         FindDependencies:
             True
         TargetProcessorArchitecture:
             msil
         StateFile:
             obj\Debug\net8.0\PhotoStudioManager.Core.csproj.AssemblyReference.cache
         InstalledAssemblySubsetTables:
         IgnoreInstalledAssemblySubsetTable:
             False
         TargetFrameworkSubsets:
         FullTargetFrameworkSubsetNames:
             Full
         ProfileName:
             
         FullFrameworkFolders:
         LatestTargetFrameworkDirectories:
         ProfileTablesLocation:
         Odwo┼éanie podstawowe ÔÇ×Microsoft.AspNetCore.Cryptography.Internal, Version=8.0.0.0, Culture=neutral, PublicKeyToken=adb9793829ddae60ÔÇŁ.
             Rozpoznana ┼Ťcie┼╝ka pliku: ÔÇ×C:\Users\emili\.nuget\packages\microsoft.aspnetcore.cryptography.internal\8.0.1\lib\net8.0\Microsoft.AspNetCore.Cryptography.Internal.dllÔÇŁ.
             Znaleziono odwo┼éanie w lokalizacji ┼Ťcie┼╝ki wyszukiwania ÔÇ×{HintPathFromItem}ÔÇŁ.
             To odwo┼éanie nie ma parametru CopyLocal, poniewa┼╝ co najmniej jeden element ┼║r├│d┼éowy ma parametr Private ustawiony na warto┼Ť─ç false, a ┼╝aden z element├│w ┼║r├│d┼éowych nie ma parametru Private ustawionego na warto┼Ť─ç true.
         Odwo┼éanie podstawowe ÔÇ×Microsoft.AspNetCore.Cryptography.KeyDerivation, Version=8.0.0.0, Culture=neutral, PublicKeyToken=adb9793829ddae60ÔÇŁ.
             Rozpoznana ┼Ťcie┼╝ka pliku: ÔÇ×C:\Users\emili\.nuget\packages\microsoft.aspnetcore.cryptography.keyderivation\8.0.1\lib\net8.0\Microsoft.AspNetCore.Cryptography.KeyDerivation.dllÔÇŁ.
             Znaleziono odwo┼éanie w lokalizacji ┼Ťcie┼╝ki wyszukiwania ÔÇ×{HintPathFromItem}ÔÇŁ.
             To odwo┼éanie nie ma parametru CopyLocal, poniewa┼╝ co najmniej jeden element ┼║r├│d┼éowy ma parametr Private ustawiony na warto┼Ť─ç false, a ┼╝aden z element├│w ┼║r├│d┼éowych nie ma parametru Private ustawionego na warto┼Ť─ç true.
         Odwo┼éanie podstawowe ÔÇ×Microsoft.AspNetCore.Identity.EntityFrameworkCore, Version=8.0.1.0, Culture=neutral, PublicKeyToken=adb9793829ddae60ÔÇŁ.
             Rozpoznana ┼Ťcie┼╝ka pliku: ÔÇ×C:\Users\emili\.nuget\packages\microsoft.aspnetcore.identity.entityframeworkcore\8.0.1\lib\net8.0\Microsoft.AspNetCore.Identity.EntityFrameworkCore.dllÔÇŁ.
             Znaleziono odwo┼éanie w lokalizacji ┼Ťcie┼╝ki wyszukiwania ÔÇ×{HintPathFromItem}ÔÇŁ.
             To odwo┼éanie nie ma parametru CopyLocal, poniewa┼╝ co najmniej jeden element ┼║r├│d┼éowy ma parametr Private ustawiony na warto┼Ť─ç false, a ┼╝aden z element├│w ┼║r├│d┼éowych nie ma parametru Private ustawionego na warto┼Ť─ç true.
         Odwo┼éanie podstawowe ÔÇ×Microsoft.EntityFrameworkCore, Version=8.0.1.0, Culture=neutral, PublicKeyToken=adb9793829ddae60ÔÇŁ.
             Rozpoznana ┼Ťcie┼╝ka pliku: ÔÇ×C:\Users\emili\.nuget\packages\microsoft.entityframeworkcore\8.0.1\lib\net8.0\Microsoft.EntityFrameworkCore.dllÔÇŁ.
             Znaleziono odwo┼éanie w lokalizacji ┼Ťcie┼╝ki wyszukiwania ÔÇ×{HintPathFromItem}ÔÇŁ.
             To odwo┼éanie nie ma parametru CopyLocal, poniewa┼╝ co najmniej jeden element ┼║r├│d┼éowy ma parametr Private ustawiony na warto┼Ť─ç false, a ┼╝aden z element├│w ┼║r├│d┼éowych nie ma parametru Private ustawionego na warto┼Ť─ç true.
         Odwo┼éanie podstawowe ÔÇ×Microsoft.EntityFrameworkCore.Abstractions, Version=8.0.1.0, Culture=neutral, PublicKeyToken=adb9793829ddae60ÔÇŁ.
             Rozpoznana ┼Ťcie┼╝ka pliku: ÔÇ×C:\Users\emili\.nuget\packages\microsoft.entityframeworkcore.abstractions\8.0.1\lib\net8.0\Microsoft.EntityFrameworkCore.Abstractions.dllÔÇŁ.
             Znaleziono odwo┼éanie w lokalizacji ┼Ťcie┼╝ki wyszukiwania ÔÇ×{HintPathFromItem}ÔÇŁ.
             To odwo┼éanie nie ma parametru CopyLocal, poniewa┼╝ co najmniej jeden element ┼║r├│d┼éowy ma parametr Private ustawiony na warto┼Ť─ç false, a ┼╝aden z element├│w ┼║r├│d┼éowych nie ma parametru Private ustawionego na warto┼Ť─ç true.
         Odwo┼éanie podstawowe ÔÇ×Microsoft.EntityFrameworkCore.Relational, Version=8.0.1.0, Culture=neutral, PublicKeyToken=adb9793829ddae60ÔÇŁ.
             Rozpoznana ┼Ťcie┼╝ka pliku: ÔÇ×C:\Users\emili\.nuget\packages\microsoft.entityframeworkcore.relational\8.0.1\lib\net8.0\Microsoft.EntityFrameworkCore.Relational.dllÔÇŁ.
             Znaleziono odwo┼éanie w lokalizacji ┼Ťcie┼╝ki wyszukiwania ÔÇ×{HintPathFromItem}ÔÇŁ.
             To odwo┼éanie nie ma parametru CopyLocal, poniewa┼╝ co najmniej jeden element ┼║r├│d┼éowy ma parametr Private ustawiony na warto┼Ť─ç false, a ┼╝aden z element├│w ┼║r├│d┼éowych nie ma parametru Private ustawionego na warto┼Ť─ç true.
         Odwo┼éanie podstawowe ÔÇ×Microsoft.Extensions.Caching.Abstractions, Version=8.0.0.0, Culture=neutral, PublicKeyToken=adb9793829ddae60ÔÇŁ.
             Rozpoznana ┼Ťcie┼╝ka pliku: ÔÇ×C:\Users\emili\.nuget\packages\microsoft.extensions.caching.abstractions\8.0.0\lib\net8.0\Microsoft.Extensions.Caching.Abstractions.dllÔÇŁ.
             Znaleziono odwo┼éanie w lokalizacji ┼Ťcie┼╝ki wyszukiwania ÔÇ×{HintPathFromItem}ÔÇŁ.
             To odwo┼éanie nie ma parametru CopyLocal, poniewa┼╝ co najmniej jeden element ┼║r├│d┼éowy ma parametr Private ustawiony na warto┼Ť─ç false, a ┼╝aden z element├│w ┼║r├│d┼éowych nie ma parametru Private ustawionego na warto┼Ť─ç true.
         Odwo┼éanie podstawowe ÔÇ×Microsoft.Extensions.Caching.Memory, Version=8.0.0.0, Culture=neutral, PublicKeyToken=adb9793829ddae60ÔÇŁ.
             Rozpoznana ┼Ťcie┼╝ka pliku: ÔÇ×C:\Users\emili\.nuget\packages\microsoft.extensions.caching.memory\8.0.0\lib\net8.0\Microsoft.Extensions.Caching.Memory.dllÔÇŁ.
             Znaleziono odwo┼éanie w lokalizacji ┼Ťcie┼╝ki wyszukiwania ÔÇ×{HintPathFromItem}ÔÇŁ.
             To odwo┼éanie nie ma parametru CopyLocal, poniewa┼╝ co najmniej jeden element ┼║r├│d┼éowy ma parametr Private ustawiony na warto┼Ť─ç false, a ┼╝aden z element├│w ┼║r├│d┼éowych nie ma parametru Private ustawionego na warto┼Ť─ç true.
         Odwo┼éanie podstawowe ÔÇ×Microsoft.Extensions.Configuration.Abstractions, Version=8.0.0.0, Culture=neutral, PublicKeyToken=adb9793829ddae60ÔÇŁ.
             Rozpoznana ┼Ťcie┼╝ka pliku: ÔÇ×C:\Users\emili\.nuget\packages\microsoft.extensions.configuration.abstractions\8.0.0\lib\net8.0\Microsoft.Extensions.Configuration.Abstractions.dllÔÇŁ.
             Znaleziono odwo┼éanie w lokalizacji ┼Ťcie┼╝ki wyszukiwania ÔÇ×{HintPathFromItem}ÔÇŁ.
             To odwo┼éanie nie ma parametru CopyLocal, poniewa┼╝ co najmniej jeden element ┼║r├│d┼éowy ma parametr Private ustawiony na warto┼Ť─ç false, a ┼╝aden z element├│w ┼║r├│d┼éowych nie ma parametru Private ustawionego na warto┼Ť─ç true.
         Odwo┼éanie podstawowe ÔÇ×Microsoft.Extensions.DependencyInjection, Version=8.0.0.0, Culture=neutral, PublicKeyToken=adb9793829ddae60ÔÇŁ.
             Rozpoznana ┼Ťcie┼╝ka pliku: ÔÇ×C:\Users\emili\.nuget\packages\microsoft.extensions.dependencyinjection\8.0.0\lib\net8.0\Microsoft.Extensions.DependencyInjection.dllÔÇŁ.
             Znaleziono odwo┼éanie w lokalizacji ┼Ťcie┼╝ki wyszukiwania ÔÇ×{HintPathFromItem}ÔÇŁ.
             To odwo┼éanie nie ma parametru CopyLocal, poniewa┼╝ co najmniej jeden element ┼║r├│d┼éowy ma parametr Private ustawiony na warto┼Ť─ç false, a ┼╝aden z element├│w ┼║r├│d┼éowych nie ma parametru Private ustawionego na warto┼Ť─ç true.
         Odwo┼éanie podstawowe ÔÇ×Microsoft.Extensions.DependencyInjection.Abstractions, Version=8.0.0.0, Culture=neutral, PublicKeyToken=adb9793829ddae60ÔÇŁ.
             Rozpoznana ┼Ťcie┼╝ka pliku: ÔÇ×C:\Users\emili\.nuget\packages\microsoft.extensions.dependencyinjection.abstractions\8.0.0\lib\net8.0\Microsoft.Extensions.DependencyInjection.Abstractions.dllÔÇŁ.
             Znaleziono odwo┼éanie w lokalizacji ┼Ťcie┼╝ki wyszukiwania ÔÇ×{HintPathFromItem}ÔÇŁ.
             To odwo┼éanie nie ma parametru CopyLocal, poniewa┼╝ co najmniej jeden element ┼║r├│d┼éowy ma parametr Private ustawiony na warto┼Ť─ç false, a ┼╝aden z element├│w ┼║r├│d┼éowych nie ma parametru Private ustawionego na warto┼Ť─ç true.
         Odwo┼éanie podstawowe ÔÇ×Microsoft.Extensions.Identity.Core, Version=8.0.0.0, Culture=neutral, PublicKeyToken=adb9793829ddae60ÔÇŁ.
             Rozpoznana ┼Ťcie┼╝ka pliku: ÔÇ×C:\Users\emili\.nuget\packages\microsoft.extensions.identity.core\8.0.1\lib\net8.0\Microsoft.Extensions.Identity.Core.dllÔÇŁ.
             Znaleziono odwo┼éanie w lokalizacji ┼Ťcie┼╝ki wyszukiwania ÔÇ×{HintPathFromItem}ÔÇŁ.
             To odwo┼éanie nie ma parametru CopyLocal, poniewa┼╝ co najmniej jeden element ┼║r├│d┼éowy ma parametr Private ustawiony na warto┼Ť─ç false, a ┼╝aden z element├│w ┼║r├│d┼éowych nie ma parametru Private ustawionego na warto┼Ť─ç true.
         Odwo┼éanie podstawowe ÔÇ×Microsoft.Extensions.Identity.Stores, Version=8.0.0.0, Culture=neutral, PublicKeyToken=adb9793829ddae60ÔÇŁ.
             Rozpoznana ┼Ťcie┼╝ka pliku: ÔÇ×C:\Users\emili\.nuget\packages\microsoft.extensions.identity.stores\8.0.1\lib\net8.0\Microsoft.Extensions.Identity.Stores.dllÔÇŁ.
             Znaleziono odwo┼éanie w lokalizacji ┼Ťcie┼╝ki wyszukiwania ÔÇ×{HintPathFromItem}ÔÇŁ.
             To odwo┼éanie nie ma parametru CopyLocal, poniewa┼╝ co najmniej jeden element ┼║r├│d┼éowy ma parametr Private ustawiony na warto┼Ť─ç false, a ┼╝aden z element├│w ┼║r├│d┼éowych nie ma parametru Private ustawionego na warto┼Ť─ç true.
         Odwo┼éanie podstawowe ÔÇ×Microsoft.Extensions.Logging, Version=8.0.0.0, Culture=neutral, PublicKeyToken=adb9793829ddae60ÔÇŁ.
             Rozpoznana ┼Ťcie┼╝ka pliku: ÔÇ×C:\Users\emili\.nuget\packages\microsoft.extensions.logging\8.0.0\lib\net8.0\Microsoft.Extensions.Logging.dllÔÇŁ.
             Znaleziono odwo┼éanie w lokalizacji ┼Ťcie┼╝ki wyszukiwania ÔÇ×{HintPathFromItem}ÔÇŁ.
             To odwo┼éanie nie ma parametru CopyLocal, poniewa┼╝ co najmniej jeden element ┼║r├│d┼éowy ma parametr Private ustawiony na warto┼Ť─ç false, a ┼╝aden z element├│w ┼║r├│d┼éowych nie ma parametru Private ustawionego na warto┼Ť─ç true.
         Odwo┼éanie podstawowe ÔÇ×Microsoft.Extensions.Logging.Abstractions, Version=8.0.0.0, Culture=neutral, PublicKeyToken=adb9793829ddae60ÔÇŁ.
             Rozpoznana ┼Ťcie┼╝ka pliku: ÔÇ×C:\Users\emili\.nuget\packages\microsoft.extensions.logging.abstractions\8.0.0\lib\net8.0\Microsoft.Extensions.Logging.Abstractions.dllÔÇŁ.
             Znaleziono odwo┼éanie w lokalizacji ┼Ťcie┼╝ki wyszukiwania ÔÇ×{HintPathFromItem}ÔÇŁ.
             To odwo┼éanie nie ma parametru CopyLocal, poniewa┼╝ co najmniej jeden element ┼║r├│d┼éowy ma parametr Private ustawiony na warto┼Ť─ç false, a ┼╝aden z element├│w ┼║r├│d┼éowych nie ma parametru Private ustawionego na warto┼Ť─ç true.
         Odwo┼éanie podstawowe ÔÇ×Microsoft.Extensions.Options, Version=8.0.0.0, Culture=neutral, PublicKeyToken=adb9793829ddae60ÔÇŁ.
             Rozpoznana ┼Ťcie┼╝ka pliku: ÔÇ×C:\Users\emili\.nuget\packages\microsoft.extensions.options\8.0.1\lib\net8.0\Microsoft.Extensions.Options.dllÔÇŁ.
             Znaleziono odwo┼éanie w lokalizacji ┼Ťcie┼╝ki wyszukiwania ÔÇ×{HintPathFromItem}ÔÇŁ.
             To odwo┼éanie nie ma parametru CopyLocal, poniewa┼╝ co najmniej jeden element ┼║r├│d┼éowy ma parametr Private ustawiony na warto┼Ť─ç false, a ┼╝aden z element├│w ┼║r├│d┼éowych nie ma parametru Private ustawionego na warto┼Ť─ç true.
         Odwo┼éanie podstawowe ÔÇ×Microsoft.Extensions.Primitives, Version=8.0.0.0, Culture=neutral, PublicKeyToken=adb9793829ddae60ÔÇŁ.
             Rozpoznana ┼Ťcie┼╝ka pliku: ÔÇ×C:\Users\emili\.nuget\packages\microsoft.extensions.primitives\8.0.0\lib\net8.0\Microsoft.Extensions.Primitives.dllÔÇŁ.
             Znaleziono odwo┼éanie w lokalizacji ┼Ťcie┼╝ki wyszukiwania ÔÇ×{HintPathFromItem}ÔÇŁ.
             To odwo┼éanie nie ma parametru CopyLocal, poniewa┼╝ co najmniej jeden element ┼║r├│d┼éowy ma parametr Private ustawiony na warto┼Ť─ç false, a ┼╝aden z element├│w ┼║r├│d┼éowych nie ma parametru Private ustawionego na warto┼Ť─ç true.
         Odwo┼éanie podstawowe ÔÇ×Microsoft.CSharp, Version=8.0.0.0, Culture=neutral, PublicKeyToken=b03f5f7f11d50a3aÔÇŁ.
             Rozpoznana ┼Ťcie┼╝ka pliku: ÔÇ×C:\Program Files\dotnet\packs\Microsoft.NETCore.App.Ref\8.0.1\ref\net8.0\Microsoft.CSharp.dllÔÇŁ.
             Znaleziono odwo┼éanie w lokalizacji ┼Ťcie┼╝ki wyszukiwania ÔÇ×{RawFileName}ÔÇŁ.
             To odwo┼éanie nie ma parametru CopyLocal, poniewa┼╝ co najmniej jeden element ┼║r├│d┼éowy ma parametr Private ustawiony na warto┼Ť─ç false, a ┼╝aden z element├│w ┼║r├│d┼éowych nie ma parametru Private ustawionego na warto┼Ť─ç true.
         Odwo┼éanie podstawowe ÔÇ×Microsoft.VisualBasic.Core, Version=13.0.0.0, Culture=neutral, PublicKeyToken=b03f5f7f11d50a3aÔÇŁ.
             Rozpoznana ┼Ťcie┼╝ka pliku: ÔÇ×C:\Program Files\dotnet\packs\Microsoft.NETCore.App.Ref\8.0.1\ref\net8.0\Microsoft.VisualBasic.Core.dllÔÇŁ.
             Znaleziono odwo┼éanie w lokalizacji ┼Ťcie┼╝ki wyszukiwania ÔÇ×{RawFileName}ÔÇŁ.
             To odwo┼éanie nie ma parametru CopyLocal, poniewa┼╝ co najmniej jeden element ┼║r├│d┼éowy ma parametr Private ustawiony na warto┼Ť─ç false, a ┼╝aden z element├│w ┼║r├│d┼éowych nie ma parametru Private ustawionego na warto┼Ť─ç true.
         Odwo┼éanie podstawowe ÔÇ×Microsoft.VisualBasic, Version=10.0.0.0, Culture=neutral, PublicKeyToken=b03f5f7f11d50a3aÔÇŁ.
             Rozpoznana ┼Ťcie┼╝ka pliku: ÔÇ×C:\Program Files\dotnet\packs\Microsoft.NETCore.App.Ref\8.0.1\ref\net8.0\Microsoft.VisualBasic.dllÔÇŁ.
             Znaleziono odwo┼éanie w lokalizacji ┼Ťcie┼╝ki wyszukiwania ÔÇ×{RawFileName}ÔÇŁ.
             To odwo┼éanie nie ma parametru CopyLocal, poniewa┼╝ co najmniej jeden element ┼║r├│d┼éowy ma parametr Private ustawiony na warto┼Ť─ç false, a ┼╝aden z element├│w ┼║r├│d┼éowych nie ma parametru Private ustawionego na warto┼Ť─ç true.
         Odwo┼éanie podstawowe ÔÇ×Microsoft.Win32.Primitives, Version=8.0.0.0, Culture=neutral, PublicKeyToken=b03f5f7f11d50a3aÔÇŁ.
             Rozpoznana ┼Ťcie┼╝ka pliku: ÔÇ×C:\Program Files\dotnet\packs\Microsoft.NETCore.App.Ref\8.0.1\ref\net8.0\Microsoft.Win32.Primitives.dllÔÇŁ.
             Znaleziono odwo┼éanie w lokalizacji ┼Ťcie┼╝ki wyszukiwania ÔÇ×{RawFileName}ÔÇŁ.
             To odwo┼éanie nie ma parametru CopyLocal, poniewa┼╝ co najmniej jeden element ┼║r├│d┼éowy ma parametr Private ustawiony na warto┼Ť─ç false, a ┼╝aden z element├│w ┼║r├│d┼éowych nie ma parametru Private ustawionego na warto┼Ť─ç true.
         Odwo┼éanie podstawowe ÔÇ×Microsoft.Win32.Registry, Version=8.0.0.0, Culture=neutral, PublicKeyToken=b03f5f7f11d50a3aÔÇŁ.
             Rozpoznana ┼Ťcie┼╝ka pliku: ÔÇ×C:\Program Files\dotnet\packs\Microsoft.NETCore.App.Ref\8.0.1\ref\net8.0\Microsoft.Win32.Registry.dllÔÇŁ.
             Znaleziono odwo┼éanie w lokalizacji ┼Ťcie┼╝ki wyszukiwania ÔÇ×{RawFileName}ÔÇŁ.
             To odwo┼éanie nie ma parametru CopyLocal, poniewa┼╝ co najmniej jeden element ┼║r├│d┼éowy ma parametr Private ustawiony na warto┼Ť─ç false, a ┼╝aden z element├│w ┼║r├│d┼éowych nie ma parametru Private ustawionego na warto┼Ť─ç true.
         Odwo┼éanie podstawowe ÔÇ×System.AppContext, Version=8.0.0.0, Culture=neutral, PublicKeyToken=b03f5f7f11d50a3aÔÇŁ.
             Rozpoznana ┼Ťcie┼╝ka pliku: ÔÇ×C:\Program Files\dotnet\packs\Microsoft.NETCore.App.Ref\8.0.1\ref\net8.0\System.AppContext.dllÔÇŁ.
             Znaleziono odwo┼éanie w lokalizacji ┼Ťcie┼╝ki wyszukiwania ÔÇ×{RawFileName}ÔÇŁ.
             To odwo┼éanie nie ma parametru CopyLocal, poniewa┼╝ co najmniej jeden element ┼║r├│d┼éowy ma parametr Private ustawiony na warto┼Ť─ç false, a ┼╝aden z element├│w ┼║r├│d┼éowych nie ma parametru Private ustawionego na warto┼Ť─ç true.
         Odwo┼éanie podstawowe ÔÇ×System.Buffers, Version=8.0.0.0, Culture=neutral, PublicKeyToken=cc7b13ffcd2ddd51ÔÇŁ.
             Rozpoznana ┼Ťcie┼╝ka pliku: ÔÇ×C:\Program Files\dotnet\packs\Microsoft.NETCore.App.Ref\8.0.1\ref\net8.0\System.Buffers.dllÔÇŁ.
             Znaleziono odwo┼éanie w lokalizacji ┼Ťcie┼╝ki wyszukiwania ÔÇ×{RawFileName}ÔÇŁ.
             To odwo┼éanie nie ma parametru CopyLocal, poniewa┼╝ co najmniej jeden element ┼║r├│d┼éowy ma parametr Private ustawiony na warto┼Ť─ç false, a ┼╝aden z element├│w ┼║r├│d┼éowych nie ma parametru Private ustawionego na warto┼Ť─ç true.
         Odwo┼éanie podstawowe ÔÇ×System.Collections.Concurrent, Version=8.0.0.0, Culture=neutral, PublicKeyToken=b03f5f7f11d50a3aÔÇŁ.
             Rozpoznana ┼Ťcie┼╝ka pliku: ÔÇ×C:\Program Files\dotnet\packs\Microsoft.NETCore.App.Ref\8.0.1\ref\net8.0\System.Collections.Concurrent.dllÔÇŁ.
             Znaleziono odwo┼éanie w lokalizacji ┼Ťcie┼╝ki wyszukiwania ÔÇ×{RawFileName}ÔÇŁ.
             To odwo┼éanie nie ma parametru CopyLocal, poniewa┼╝ co najmniej jeden element ┼║r├│d┼éowy ma parametr Private ustawiony na warto┼Ť─ç false, a ┼╝aden z element├│w ┼║r├│d┼éowych nie ma parametru Private ustawionego na warto┼Ť─ç true.
         Odwo┼éanie podstawowe ÔÇ×System.Collections.Immutable, Version=8.0.0.0, Culture=neutral, PublicKeyToken=b03f5f7f11d50a3aÔÇŁ.
             Rozpoznana ┼Ťcie┼╝ka pliku: ÔÇ×C:\Program Files\dotnet\packs\Microsoft.NETCore.App.Ref\8.0.1\ref\net8.0\System.Collections.Immutable.dllÔÇŁ.
             Znaleziono odwo┼éanie w lokalizacji ┼Ťcie┼╝ki wyszukiwania ÔÇ×{RawFileName}ÔÇŁ.
             To odwo┼éanie nie ma parametru CopyLocal, poniewa┼╝ co najmniej jeden element ┼║r├│d┼éowy ma parametr Private ustawiony na warto┼Ť─ç false, a ┼╝aden z element├│w ┼║r├│d┼éowych nie ma parametru Private ustawionego na warto┼Ť─ç true.
         Odwo┼éanie podstawowe ÔÇ×System.Collections.NonGeneric, Version=8.0.0.0, Culture=neutral, PublicKeyToken=b03f5f7f11d50a3aÔÇŁ.
             Rozpoznana ┼Ťcie┼╝ka pliku: ÔÇ×C:\Program Files\dotnet\packs\Microsoft.NETCore.App.Ref\8.0.1\ref\net8.0\System.Collections.NonGeneric.dllÔÇŁ.
             Znaleziono odwo┼éanie w lokalizacji ┼Ťcie┼╝ki wyszukiwania ÔÇ×{RawFileName}ÔÇŁ.
             To odwo┼éanie nie ma parametru CopyLocal, poniewa┼╝ co najmniej jeden element ┼║r├│d┼éowy ma parametr Private ustawiony na warto┼Ť─ç false, a ┼╝aden z element├│w ┼║r├│d┼éowych nie ma parametru Private ustawionego na warto┼Ť─ç true.
         Odwo┼éanie podstawowe ÔÇ×System.Collections.Specialized, Version=8.0.0.0, Culture=neutral, PublicKeyToken=b03f5f7f11d50a3aÔÇŁ.
             Rozpoznana ┼Ťcie┼╝ka pliku: ÔÇ×C:\Program Files\dotnet\packs\Microsoft.NETCore.App.Ref\8.0.1\ref\net8.0\System.Collections.Specialized.dllÔÇŁ.
             Znaleziono odwo┼éanie w lokalizacji ┼Ťcie┼╝ki wyszukiwania ÔÇ×{RawFileName}ÔÇŁ.
             To odwo┼éanie nie ma parametru CopyLocal, poniewa┼╝ co najmniej jeden element ┼║r├│d┼éowy ma parametr Private ustawiony na warto┼Ť─ç false, a ┼╝aden z element├│w ┼║r├│d┼éowych nie ma parametru Private ustawionego na warto┼Ť─ç true.
         Odwo┼éanie podstawowe ÔÇ×System.Collections, Version=8.0.0.0, Culture=neutral, PublicKeyToken=b03f5f7f11d50a3aÔÇŁ.
             Rozpoznana ┼Ťcie┼╝ka pliku: ÔÇ×C:\Program Files\dotnet\packs\Microsoft.NETCore.App.Ref\8.0.1\ref\net8.0\System.Collections.dllÔÇŁ.
             Znaleziono odwo┼éanie w lokalizacji ┼Ťcie┼╝ki wyszukiwania ÔÇ×{RawFileName}ÔÇŁ.
             To odwo┼éanie nie ma parametru CopyLocal, poniewa┼╝ co najmniej jeden element ┼║r├│d┼éowy ma parametr Private ustawiony na warto┼Ť─ç false, a ┼╝aden z element├│w ┼║r├│d┼éowych nie ma parametru Private ustawionego na warto┼Ť─ç true.
         Odwo┼éanie podstawowe ÔÇ×System.ComponentModel.Annotations, Version=8.0.0.0, Culture=neutral, PublicKeyToken=b03f5f7f11d50a3aÔÇŁ.
             Rozpoznana ┼Ťcie┼╝ka pliku: ÔÇ×C:\Program Files\dotnet\packs\Microsoft.NETCore.App.Ref\8.0.1\ref\net8.0\System.ComponentModel.Annotations.dllÔÇŁ.
             Znaleziono odwo┼éanie w lokalizacji ┼Ťcie┼╝ki wyszukiwania ÔÇ×{RawFileName}ÔÇŁ.
             To odwo┼éanie nie ma parametru CopyLocal, poniewa┼╝ co najmniej jeden element ┼║r├│d┼éowy ma parametr Private ustawiony na warto┼Ť─ç false, a ┼╝aden z element├│w ┼║r├│d┼éowych nie ma parametru Private ustawionego na warto┼Ť─ç true.
         Odwo┼éanie podstawowe ÔÇ×System.ComponentModel.DataAnnotations, Version=4.0.0.0, Culture=neutral, PublicKeyToken=31bf3856ad364e35ÔÇŁ.
             Rozpoznana ┼Ťcie┼╝ka pliku: ÔÇ×C:\Program Files\dotnet\packs\Microsoft.NETCore.App.Ref\8.0.1\ref\net8.0\System.ComponentModel.DataAnnotations.dllÔÇŁ.
             Znaleziono odwo┼éanie w lokalizacji ┼Ťcie┼╝ki wyszukiwania ÔÇ×{RawFileName}ÔÇŁ.
             To odwo┼éanie nie ma parametru CopyLocal, poniewa┼╝ co najmniej jeden element ┼║r├│d┼éowy ma parametr Private ustawiony na warto┼Ť─ç false, a ┼╝aden z element├│w ┼║r├│d┼éowych nie ma parametru Private ustawionego na warto┼Ť─ç true.
         Odwo┼éanie podstawowe ÔÇ×System.ComponentModel.EventBasedAsync, Version=8.0.0.0, Culture=neutral, PublicKeyToken=b03f5f7f11d50a3aÔÇŁ.
             Rozpoznana ┼Ťcie┼╝ka pliku: ÔÇ×C:\Program Files\dotnet\packs\Microsoft.NETCore.App.Ref\8.0.1\ref\net8.0\System.ComponentModel.EventBasedAsync.dllÔÇŁ.
             Znaleziono odwo┼éanie w lokalizacji ┼Ťcie┼╝ki wyszukiwania ÔÇ×{RawFileName}ÔÇŁ.
             To odwo┼éanie nie ma parametru CopyLocal, poniewa┼╝ co najmniej jeden element ┼║r├│d┼éowy ma parametr Private ustawiony na warto┼Ť─ç false, a ┼╝aden z element├│w ┼║r├│d┼éowych nie ma parametru Private ustawionego na warto┼Ť─ç true.
         Odwo┼éanie podstawowe ÔÇ×System.ComponentModel.Primitives, Version=8.0.0.0, Culture=neutral, PublicKeyToken=b03f5f7f11d50a3aÔÇŁ.
             Rozpoznana ┼Ťcie┼╝ka pliku: ÔÇ×C:\Program Files\dotnet\packs\Microsoft.NETCore.App.Ref\8.0.1\ref\net8.0\System.ComponentModel.Primitives.dllÔÇŁ.
             Znaleziono odwo┼éanie w lokalizacji ┼Ťcie┼╝ki wyszukiwania ÔÇ×{RawFileName}ÔÇŁ.
             To odwo┼éanie nie ma parametru CopyLocal, poniewa┼╝ co najmniej jeden element ┼║r├│d┼éowy ma parametr Private ustawiony na warto┼Ť─ç false, a ┼╝aden z element├│w ┼║r├│d┼éowych nie ma parametru Private ustawionego na warto┼Ť─ç true.
         Odwo┼éanie podstawowe ÔÇ×System.ComponentModel.TypeConverter, Version=8.0.0.0, Culture=neutral, PublicKeyToken=b03f5f7f11d50a3aÔÇŁ.
             Rozpoznana ┼Ťcie┼╝ka pliku: ÔÇ×C:\Program Files\dotnet\packs\Microsoft.NETCore.App.Ref\8.0.1\ref\net8.0\System.ComponentModel.TypeConverter.dllÔÇŁ.
             Znaleziono odwo┼éanie w lokalizacji ┼Ťcie┼╝ki wyszukiwania ÔÇ×{RawFileName}ÔÇŁ.
             To odwo┼éanie nie ma parametru CopyLocal, poniewa┼╝ co najmniej jeden element ┼║r├│d┼éowy ma parametr Private ustawiony na warto┼Ť─ç false, a ┼╝aden z element├│w ┼║r├│d┼éowych nie ma parametru Private ustawionego na warto┼Ť─ç true.
         Odwo┼éanie podstawowe ÔÇ×System.ComponentModel, Version=8.0.0.0, Culture=neutral, PublicKeyToken=b03f5f7f11d50a3aÔÇŁ.
             Rozpoznana ┼Ťcie┼╝ka pliku: ÔÇ×C:\Program Files\dotnet\packs\Microsoft.NETCore.App.Ref\8.0.1\ref\net8.0\System.ComponentModel.dllÔÇŁ.
             Znaleziono odwo┼éanie w lokalizacji ┼Ťcie┼╝ki wyszukiwania ÔÇ×{RawFileName}ÔÇŁ.
             To odwo┼éanie nie ma parametru CopyLocal, poniewa┼╝ co najmniej jeden element ┼║r├│d┼éowy ma parametr Private ustawiony na warto┼Ť─ç false, a ┼╝aden z element├│w ┼║r├│d┼éowych nie ma parametru Private ustawionego na warto┼Ť─ç true.
         Odwo┼éanie podstawowe ÔÇ×System.Configuration, Version=4.0.0.0, Culture=neutral, PublicKeyToken=b03f5f7f11d50a3aÔÇŁ.
             Rozpoznana ┼Ťcie┼╝ka pliku: ÔÇ×C:\Program Files\dotnet\packs\Microsoft.NETCore.App.Ref\8.0.1\ref\net8.0\System.Configuration.dllÔÇŁ.
             Znaleziono odwo┼éanie w lokalizacji ┼Ťcie┼╝ki wyszukiwania ÔÇ×{RawFileName}ÔÇŁ.
             To odwo┼éanie nie ma parametru CopyLocal, poniewa┼╝ co najmniej jeden element ┼║r├│d┼éowy ma parametr Private ustawiony na warto┼Ť─ç false, a ┼╝aden z element├│w ┼║r├│d┼éowych nie ma parametru Private ustawionego na warto┼Ť─ç true.
         Odwo┼éanie podstawowe ÔÇ×System.Console, Version=8.0.0.0, Culture=neutral, PublicKeyToken=b03f5f7f11d50a3aÔÇŁ.
             Rozpoznana ┼Ťcie┼╝ka pliku: ÔÇ×C:\Program Files\dotnet\packs\Microsoft.NETCore.App.Ref\8.0.1\ref\net8.0\System.Console.dllÔÇŁ.
             Znaleziono odwo┼éanie w lokalizacji ┼Ťcie┼╝ki wyszukiwania ÔÇ×{RawFileName}ÔÇŁ.
             To odwo┼éanie nie ma parametru CopyLocal, poniewa┼╝ co najmniej jeden element ┼║r├│d┼éowy ma parametr Private ustawiony na warto┼Ť─ç false, a ┼╝aden z element├│w ┼║r├│d┼éowych nie ma parametru Private ustawionego na warto┼Ť─ç true.
         Odwo┼éanie podstawowe ÔÇ×System.Core, Version=4.0.0.0, Culture=neutral, PublicKeyToken=b77a5c561934e089ÔÇŁ.
             Rozpoznana ┼Ťcie┼╝ka pliku: ÔÇ×C:\Program Files\dotnet\packs\Microsoft.NETCore.App.Ref\8.0.1\ref\net8.0\System.Core.dllÔÇŁ.
             Znaleziono odwo┼éanie w lokalizacji ┼Ťcie┼╝ki wyszukiwania ÔÇ×{RawFileName}ÔÇŁ.
             To odwo┼éanie nie ma parametru CopyLocal, poniewa┼╝ co najmniej jeden element ┼║r├│d┼éowy ma parametr Private ustawiony na warto┼Ť─ç false, a ┼╝aden z element├│w ┼║r├│d┼éowych nie ma parametru Private ustawionego na warto┼Ť─ç true.
         Odwo┼éanie podstawowe ÔÇ×System.Data.Common, Version=8.0.0.0, Culture=neutral, PublicKeyToken=b03f5f7f11d50a3aÔÇŁ.
             Rozpoznana ┼Ťcie┼╝ka pliku: ÔÇ×C:\Program Files\dotnet\packs\Microsoft.NETCore.App.Ref\8.0.1\ref\net8.0\System.Data.Common.dllÔÇŁ.
             Znaleziono odwo┼éanie w lokalizacji ┼Ťcie┼╝ki wyszukiwania ÔÇ×{RawFileName}ÔÇŁ.
             To odwo┼éanie nie ma parametru CopyLocal, poniewa┼╝ co najmniej jeden element ┼║r├│d┼éowy ma parametr Private ustawiony na warto┼Ť─ç false, a ┼╝aden z element├│w ┼║r├│d┼éowych nie ma parametru Private ustawionego na warto┼Ť─ç true.
         Odwo┼éanie podstawowe ÔÇ×System.Data.DataSetExtensions, Version=8.0.0.0, Culture=neutral, PublicKeyToken=b77a5c561934e089ÔÇŁ.
             Rozpoznana ┼Ťcie┼╝ka pliku: ÔÇ×C:\Program Files\dotnet\packs\Microsoft.NETCore.App.Ref\8.0.1\ref\net8.0\System.Data.DataSetExtensions.dllÔÇŁ.
             Znaleziono odwo┼éanie w lokalizacji ┼Ťcie┼╝ki wyszukiwania ÔÇ×{RawFileName}ÔÇŁ.
             To odwo┼éanie nie ma parametru CopyLocal, poniewa┼╝ co najmniej jeden element ┼║r├│d┼éowy ma parametr Private ustawiony na warto┼Ť─ç false, a ┼╝aden z element├│w ┼║r├│d┼éowych nie ma parametru Private ustawionego na warto┼Ť─ç true.
         Odwo┼éanie podstawowe ÔÇ×System.Data, Version=4.0.0.0, Culture=neutral, PublicKeyToken=b77a5c561934e089ÔÇŁ.
             Rozpoznana ┼Ťcie┼╝ka pliku: ÔÇ×C:\Program Files\dotnet\packs\Microsoft.NETCore.App.Ref\8.0.1\ref\net8.0\System.Data.dllÔÇŁ.
             Znaleziono odwo┼éanie w lokalizacji ┼Ťcie┼╝ki wyszukiwania ÔÇ×{RawFileName}ÔÇŁ.
             To odwo┼éanie nie ma parametru CopyLocal, poniewa┼╝ co najmniej jeden element ┼║r├│d┼éowy ma parametr Private ustawiony na warto┼Ť─ç false, a ┼╝aden z element├│w ┼║r├│d┼éowych nie ma parametru Private ustawionego na warto┼Ť─ç true.
         Odwo┼éanie podstawowe ÔÇ×System.Diagnostics.Contracts, Version=8.0.0.0, Culture=neutral, PublicKeyToken=b03f5f7f11d50a3aÔÇŁ.
             Rozpoznana ┼Ťcie┼╝ka pliku: ÔÇ×C:\Program Files\dotnet\packs\Microsoft.NETCore.App.Ref\8.0.1\ref\net8.0\System.Diagnostics.Contracts.dllÔÇŁ.
             Znaleziono odwo┼éanie w lokalizacji ┼Ťcie┼╝ki wyszukiwania ÔÇ×{RawFileName}ÔÇŁ.
             To odwo┼éanie nie ma parametru CopyLocal, poniewa┼╝ co najmniej jeden element ┼║r├│d┼éowy ma parametr Private ustawiony na warto┼Ť─ç false, a ┼╝aden z element├│w ┼║r├│d┼éowych nie ma parametru Private ustawionego na warto┼Ť─ç true.
         Odwo┼éanie podstawowe ÔÇ×System.Diagnostics.Debug, Version=8.0.0.0, Culture=neutral, PublicKeyToken=b03f5f7f11d50a3aÔÇŁ.
             Rozpoznana ┼Ťcie┼╝ka pliku: ÔÇ×C:\Program Files\dotnet\packs\Microsoft.NETCore.App.Ref\8.0.1\ref\net8.0\System.Diagnostics.Debug.dllÔÇŁ.
             Znaleziono odwo┼éanie w lokalizacji ┼Ťcie┼╝ki wyszukiwania ÔÇ×{RawFileName}ÔÇŁ.
             To odwo┼éanie nie ma parametru CopyLocal, poniewa┼╝ co najmniej jeden element ┼║r├│d┼éowy ma parametr Private ustawiony na warto┼Ť─ç false, a ┼╝aden z element├│w ┼║r├│d┼éowych nie ma parametru Private ustawionego na warto┼Ť─ç true.
         Odwo┼éanie podstawowe ÔÇ×System.Diagnostics.DiagnosticSource, Version=8.0.0.0, Culture=neutral, PublicKeyToken=cc7b13ffcd2ddd51ÔÇŁ.
             Rozpoznana ┼Ťcie┼╝ka pliku: ÔÇ×C:\Program Files\dotnet\packs\Microsoft.NETCore.App.Ref\8.0.1\ref\net8.0\System.Diagnostics.DiagnosticSource.dllÔÇŁ.
             Znaleziono odwo┼éanie w lokalizacji ┼Ťcie┼╝ki wyszukiwania ÔÇ×{RawFileName}ÔÇŁ.
             To odwo┼éanie nie ma parametru CopyLocal, poniewa┼╝ co najmniej jeden element ┼║r├│d┼éowy ma parametr Private ustawiony na warto┼Ť─ç false, a ┼╝aden z element├│w ┼║r├│d┼éowych nie ma parametru Private ustawionego na warto┼Ť─ç true.
         Odwo┼éanie podstawowe ÔÇ×System.Diagnostics.FileVersionInfo, Version=8.0.0.0, Culture=neutral, PublicKeyToken=b03f5f7f11d50a3aÔÇŁ.
             Rozpoznana ┼Ťcie┼╝ka pliku: ÔÇ×C:\Program Files\dotnet\packs\Microsoft.NETCore.App.Ref\8.0.1\ref\net8.0\System.Diagnostics.FileVersionInfo.dllÔÇŁ.
             Znaleziono odwo┼éanie w lokalizacji ┼Ťcie┼╝ki wyszukiwania ÔÇ×{RawFileName}ÔÇŁ.
             To odwo┼éanie nie ma parametru CopyLocal, poniewa┼╝ co najmniej jeden element ┼║r├│d┼éowy ma parametr Private ustawiony na warto┼Ť─ç false, a ┼╝aden z element├│w ┼║r├│d┼éowych nie ma parametru Private ustawionego na warto┼Ť─ç true.
         Odwo┼éanie podstawowe ÔÇ×System.Diagnostics.Process, Version=8.0.0.0, Culture=neutral, PublicKeyToken=b03f5f7f11d50a3aÔÇŁ.
             Rozpoznana ┼Ťcie┼╝ka pliku: ÔÇ×C:\Program Files\dotnet\packs\Microsoft.NETCore.App.Ref\8.0.1\ref\net8.0\System.Diagnostics.Process.dllÔÇŁ.
             Znaleziono odwo┼éanie w lokalizacji ┼Ťcie┼╝ki wyszukiwania ÔÇ×{RawFileName}ÔÇŁ.
             To odwo┼éanie nie ma parametru CopyLocal, poniewa┼╝ co najmniej jeden element ┼║r├│d┼éowy ma parametr Private ustawiony na warto┼Ť─ç false, a ┼╝aden z element├│w ┼║r├│d┼éowych nie ma parametru Private ustawionego na warto┼Ť─ç true.
         Odwo┼éanie podstawowe ÔÇ×System.Diagnostics.StackTrace, Version=8.0.0.0, Culture=neutral, PublicKeyToken=b03f5f7f11d50a3aÔÇŁ.
             Rozpoznana ┼Ťcie┼╝ka pliku: ÔÇ×C:\Program Files\dotnet\packs\Microsoft.NETCore.App.Ref\8.0.1\ref\net8.0\System.Diagnostics.StackTrace.dllÔÇŁ.
             Znaleziono odwo┼éanie w lokalizacji ┼Ťcie┼╝ki wyszukiwania ÔÇ×{RawFileName}ÔÇŁ.
             To odwo┼éanie nie ma parametru CopyLocal, poniewa┼╝ co najmniej jeden element ┼║r├│d┼éowy ma parametr Private ustawiony na warto┼Ť─ç false, a ┼╝aden z element├│w ┼║r├│d┼éowych nie ma parametru Private ustawionego na warto┼Ť─ç true.
         Odwo┼éanie podstawowe ÔÇ×System.Diagnostics.TextWriterTraceListener, Version=8.0.0.0, Culture=neutral, PublicKeyToken=b03f5f7f11d50a3aÔÇŁ.
             Rozpoznana ┼Ťcie┼╝ka pliku: ÔÇ×C:\Program Files\dotnet\packs\Microsoft.NETCore.App.Ref\8.0.1\ref\net8.0\System.Diagnostics.TextWriterTraceListener.dllÔÇŁ.
             Znaleziono odwo┼éanie w lokalizacji ┼Ťcie┼╝ki wyszukiwania ÔÇ×{RawFileName}ÔÇŁ.
             To odwo┼éanie nie ma parametru CopyLocal, poniewa┼╝ co najmniej jeden element ┼║r├│d┼éowy ma parametr Private ustawiony na warto┼Ť─ç false, a ┼╝aden z element├│w ┼║r├│d┼éowych nie ma parametru Private ustawionego na warto┼Ť─ç true.
         Odwo┼éanie podstawowe ÔÇ×System.Diagnostics.Tools, Version=8.0.0.0, Culture=neutral, PublicKeyToken=b03f5f7f11d50a3aÔÇŁ.
             Rozpoznana ┼Ťcie┼╝ka pliku: ÔÇ×C:\Program Files\dotnet\packs\Microsoft.NETCore.App.Ref\8.0.1\ref\net8.0\System.Diagnostics.Tools.dllÔÇŁ.
             Znaleziono odwo┼éanie w lokalizacji ┼Ťcie┼╝ki wyszukiwania ÔÇ×{RawFileName}ÔÇŁ.
             To odwo┼éanie nie ma parametru CopyLocal, poniewa┼╝ co najmniej jeden element ┼║r├│d┼éowy ma parametr Private ustawiony na warto┼Ť─ç false, a ┼╝aden z element├│w ┼║r├│d┼éowych nie ma parametru Private ustawionego na warto┼Ť─ç true.
         Odwo┼éanie podstawowe ÔÇ×System.Diagnostics.TraceSource, Version=8.0.0.0, Culture=neutral, PublicKeyToken=b03f5f7f11d50a3aÔÇŁ.
             Rozpoznana ┼Ťcie┼╝ka pliku: ÔÇ×C:\Program Files\dotnet\packs\Microsoft.NETCore.App.Ref\8.0.1\ref\net8.0\System.Diagnostics.TraceSource.dllÔÇŁ.
             Znaleziono odwo┼éanie w lokalizacji ┼Ťcie┼╝ki wyszukiwania ÔÇ×{RawFileName}ÔÇŁ.
             To odwo┼éanie nie ma parametru CopyLocal, poniewa┼╝ co najmniej jeden element ┼║r├│d┼éowy ma parametr Private ustawiony na warto┼Ť─ç false, a ┼╝aden z element├│w ┼║r├│d┼éowych nie ma parametru Private ustawionego na warto┼Ť─ç true.
         Odwo┼éanie podstawowe ÔÇ×System.Diagnostics.Tracing, Version=8.0.0.0, Culture=neutral, PublicKeyToken=b03f5f7f11d50a3aÔÇŁ.
             Rozpoznana ┼Ťcie┼╝ka pliku: ÔÇ×C:\Program Files\dotnet\packs\Microsoft.NETCore.App.Ref\8.0.1\ref\net8.0\System.Diagnostics.Tracing.dllÔÇŁ.
             Znaleziono odwo┼éanie w lokalizacji ┼Ťcie┼╝ki wyszukiwania ÔÇ×{RawFileName}ÔÇŁ.
             To odwo┼éanie nie ma parametru CopyLocal, poniewa┼╝ co najmniej jeden element ┼║r├│d┼éowy ma parametr Private ustawiony na warto┼Ť─ç false, a ┼╝aden z element├│w ┼║r├│d┼éowych nie ma parametru Private ustawionego na warto┼Ť─ç true.
         Odwo┼éanie podstawowe ÔÇ×System.Drawing.Primitives, Version=8.0.0.0, Culture=neutral, PublicKeyToken=b03f5f7f11d50a3aÔÇŁ.
             Rozpoznana ┼Ťcie┼╝ka pliku: ÔÇ×C:\Program Files\dotnet\packs\Microsoft.NETCore.App.Ref\8.0.1\ref\net8.0\System.Drawing.Primitives.dllÔÇŁ.
             Znaleziono odwo┼éanie w lokalizacji ┼Ťcie┼╝ki wyszukiwania ÔÇ×{RawFileName}ÔÇŁ.
             To odwo┼éanie nie ma parametru CopyLocal, poniewa┼╝ co najmniej jeden element ┼║r├│d┼éowy ma parametr Private ustawiony na warto┼Ť─ç false, a ┼╝aden z element├│w ┼║r├│d┼éowych nie ma parametru Private ustawionego na warto┼Ť─ç true.
         Odwo┼éanie podstawowe ÔÇ×System.Drawing, Version=4.0.0.0, Culture=neutral, PublicKeyToken=b03f5f7f11d50a3aÔÇŁ.
             Rozpoznana ┼Ťcie┼╝ka pliku: ÔÇ×C:\Program Files\dotnet\packs\Microsoft.NETCore.App.Ref\8.0.1\ref\net8.0\System.Drawing.dllÔÇŁ.
             Znaleziono odwo┼éanie w lokalizacji ┼Ťcie┼╝ki wyszukiwania ÔÇ×{RawFileName}ÔÇŁ.
             To odwo┼éanie nie ma parametru CopyLocal, poniewa┼╝ co najmniej jeden element ┼║r├│d┼éowy ma parametr Private ustawiony na warto┼Ť─ç false, a ┼╝aden z element├│w ┼║r├│d┼éowych nie ma parametru Private ustawionego na warto┼Ť─ç true.
         Odwo┼éanie podstawowe ÔÇ×System.Dynamic.Runtime, Version=8.0.0.0, Culture=neutral, PublicKeyToken=b03f5f7f11d50a3aÔÇŁ.
             Rozpoznana ┼Ťcie┼╝ka pliku: ÔÇ×C:\Program Files\dotnet\packs\Microsoft.NETCore.App.Ref\8.0.1\ref\net8.0\System.Dynamic.Runtime.dllÔÇŁ.
             Znaleziono odwo┼éanie w lokalizacji ┼Ťcie┼╝ki wyszukiwania ÔÇ×{RawFileName}ÔÇŁ.
             To odwo┼éanie nie ma parametru CopyLocal, poniewa┼╝ co najmniej jeden element ┼║r├│d┼éowy ma parametr Private ustawiony na warto┼Ť─ç false, a ┼╝aden z element├│w ┼║r├│d┼éowych nie ma parametru Private ustawionego na warto┼Ť─ç true.
         Odwo┼éanie podstawowe ÔÇ×System.Formats.Asn1, Version=8.0.0.0, Culture=neutral, PublicKeyToken=cc7b13ffcd2ddd51ÔÇŁ.
             Rozpoznana ┼Ťcie┼╝ka pliku: ÔÇ×C:\Program Files\dotnet\packs\Microsoft.NETCore.App.Ref\8.0.1\ref\net8.0\System.Formats.Asn1.dllÔÇŁ.
             Znaleziono odwo┼éanie w lokalizacji ┼Ťcie┼╝ki wyszukiwania ÔÇ×{RawFileName}ÔÇŁ.
             To odwo┼éanie nie ma parametru CopyLocal, poniewa┼╝ co najmniej jeden element ┼║r├│d┼éowy ma parametr Private ustawiony na warto┼Ť─ç false, a ┼╝aden z element├│w ┼║r├│d┼éowych nie ma parametru Private ustawionego na warto┼Ť─ç true.
         Odwo┼éanie podstawowe ÔÇ×System.Formats.Tar, Version=8.0.0.0, Culture=neutral, PublicKeyToken=cc7b13ffcd2ddd51ÔÇŁ.
             Rozpoznana ┼Ťcie┼╝ka pliku: ÔÇ×C:\Program Files\dotnet\packs\Microsoft.NETCore.App.Ref\8.0.1\ref\net8.0\System.Formats.Tar.dllÔÇŁ.
             Znaleziono odwo┼éanie w lokalizacji ┼Ťcie┼╝ki wyszukiwania ÔÇ×{RawFileName}ÔÇŁ.
             To odwo┼éanie nie ma parametru CopyLocal, poniewa┼╝ co najmniej jeden element ┼║r├│d┼éowy ma parametr Private ustawiony na warto┼Ť─ç false, a ┼╝aden z element├│w ┼║r├│d┼éowych nie ma parametru Private ustawionego na warto┼Ť─ç true.
         Odwo┼éanie podstawowe ÔÇ×System.Globalization.Calendars, Version=8.0.0.0, Culture=neutral, PublicKeyToken=b03f5f7f11d50a3aÔÇŁ.
             Rozpoznana ┼Ťcie┼╝ka pliku: ÔÇ×C:\Program Files\dotnet\packs\Microsoft.NETCore.App.Ref\8.0.1\ref\net8.0\System.Globalization.Calendars.dllÔÇŁ.
             Znaleziono odwo┼éanie w lokalizacji ┼Ťcie┼╝ki wyszukiwania ÔÇ×{RawFileName}ÔÇŁ.
             To odwo┼éanie nie ma parametru CopyLocal, poniewa┼╝ co najmniej jeden element ┼║r├│d┼éowy ma parametr Private ustawiony na warto┼Ť─ç false, a ┼╝aden z element├│w ┼║r├│d┼éowych nie ma parametru Private ustawionego na warto┼Ť─ç true.
         Odwo┼éanie podstawowe ÔÇ×System.Globalization.Extensions, Version=8.0.0.0, Culture=neutral, PublicKeyToken=b03f5f7f11d50a3aÔÇŁ.
             Rozpoznana ┼Ťcie┼╝ka pliku: ÔÇ×C:\Program Files\dotnet\packs\Microsoft.NETCore.App.Ref\8.0.1\ref\net8.0\System.Globalization.Extensions.dllÔÇŁ.
             Znaleziono odwo┼éanie w lokalizacji ┼Ťcie┼╝ki wyszukiwania ÔÇ×{RawFileName}ÔÇŁ.
             To odwo┼éanie nie ma parametru CopyLocal, poniewa┼╝ co najmniej jeden element ┼║r├│d┼éowy ma parametr Private ustawiony na warto┼Ť─ç false, a ┼╝aden z element├│w ┼║r├│d┼éowych nie ma parametru Private ustawionego na warto┼Ť─ç true.
         Odwo┼éanie podstawowe ÔÇ×System.Globalization, Version=8.0.0.0, Culture=neutral, PublicKeyToken=b03f5f7f11d50a3aÔÇŁ.
             Rozpoznana ┼Ťcie┼╝ka pliku: ÔÇ×C:\Program Files\dotnet\packs\Microsoft.NETCore.App.Ref\8.0.1\ref\net8.0\System.Globalization.dllÔÇŁ.
             Znaleziono odwo┼éanie w lokalizacji ┼Ťcie┼╝ki wyszukiwania ÔÇ×{RawFileName}ÔÇŁ.
             To odwo┼éanie nie ma parametru CopyLocal, poniewa┼╝ co najmniej jeden element ┼║r├│d┼éowy ma parametr Private ustawiony na warto┼Ť─ç false, a ┼╝aden z element├│w ┼║r├│d┼éowych nie ma parametru Private ustawionego na warto┼Ť─ç true.
         Odwo┼éanie podstawowe ÔÇ×System.IO.Compression.Brotli, Version=8.0.0.0, Culture=neutral, PublicKeyToken=b77a5c561934e089ÔÇŁ.
             Rozpoznana ┼Ťcie┼╝ka pliku: ÔÇ×C:\Program Files\dotnet\packs\Microsoft.NETCore.App.Ref\8.0.1\ref\net8.0\System.IO.Compression.Brotli.dllÔÇŁ.
             Znaleziono odwo┼éanie w lokalizacji ┼Ťcie┼╝ki wyszukiwania ÔÇ×{RawFileName}ÔÇŁ.
             To odwo┼éanie nie ma parametru CopyLocal, poniewa┼╝ co najmniej jeden element ┼║r├│d┼éowy ma parametr Private ustawiony na warto┼Ť─ç false, a ┼╝aden z element├│w ┼║r├│d┼éowych nie ma parametru Private ustawionego na warto┼Ť─ç true.
         Odwo┼éanie podstawowe ÔÇ×System.IO.Compression.FileSystem, Version=4.0.0.0, Culture=neutral, PublicKeyToken=b77a5c561934e089ÔÇŁ.
             Rozpoznana ┼Ťcie┼╝ka pliku: ÔÇ×C:\Program Files\dotnet\packs\Microsoft.NETCore.App.Ref\8.0.1\ref\net8.0\System.IO.Compression.FileSystem.dllÔÇŁ.
             Znaleziono odwo┼éanie w lokalizacji ┼Ťcie┼╝ki wyszukiwania ÔÇ×{RawFileName}ÔÇŁ.
             To odwo┼éanie nie ma parametru CopyLocal, poniewa┼╝ co najmniej jeden element ┼║r├│d┼éowy ma parametr Private ustawiony na warto┼Ť─ç false, a ┼╝aden z element├│w ┼║r├│d┼éowych nie ma parametru Private ustawionego na warto┼Ť─ç true.
         Odwo┼éanie podstawowe ÔÇ×System.IO.Compression.ZipFile, Version=8.0.0.0, Culture=neutral, PublicKeyToken=b77a5c561934e089ÔÇŁ.
             Rozpoznana ┼Ťcie┼╝ka pliku: ÔÇ×C:\Program Files\dotnet\packs\Microsoft.NETCore.App.Ref\8.0.1\ref\net8.0\System.IO.Compression.ZipFile.dllÔÇŁ.
             Znaleziono odwo┼éanie w lokalizacji ┼Ťcie┼╝ki wyszukiwania ÔÇ×{RawFileName}ÔÇŁ.
             To odwo┼éanie nie ma parametru CopyLocal, poniewa┼╝ co najmniej jeden element ┼║r├│d┼éowy ma parametr Private ustawiony na warto┼Ť─ç false, a ┼╝aden z element├│w ┼║r├│d┼éowych nie ma parametru Private ustawionego na warto┼Ť─ç true.
         Odwo┼éanie podstawowe ÔÇ×System.IO.Compression, Version=8.0.0.0, Culture=neutral, PublicKeyToken=b77a5c561934e089ÔÇŁ.
             Rozpoznana ┼Ťcie┼╝ka pliku: ÔÇ×C:\Program Files\dotnet\packs\Microsoft.NETCore.App.Ref\8.0.1\ref\net8.0\System.IO.Compression.dllÔÇŁ.
             Znaleziono odwo┼éanie w lokalizacji ┼Ťcie┼╝ki wyszukiwania ÔÇ×{RawFileName}ÔÇŁ.
             To odwo┼éanie nie ma parametru CopyLocal, poniewa┼╝ co najmniej jeden element ┼║r├│d┼éowy ma parametr Private ustawiony na warto┼Ť─ç false, a ┼╝aden z element├│w ┼║r├│d┼éowych nie ma parametru Private ustawionego na warto┼Ť─ç true.
         Odwo┼éanie podstawowe ÔÇ×System.IO.FileSystem.AccessControl, Version=8.0.0.0, Culture=neutral, PublicKeyToken=b03f5f7f11d50a3aÔÇŁ.
             Rozpoznana ┼Ťcie┼╝ka pliku: ÔÇ×C:\Program Files\dotnet\packs\Microsoft.NETCore.App.Ref\8.0.1\ref\net8.0\System.IO.FileSystem.AccessControl.dllÔÇŁ.
             Znaleziono odwo┼éanie w lokalizacji ┼Ťcie┼╝ki wyszukiwania ÔÇ×{RawFileName}ÔÇŁ.
             To odwo┼éanie nie ma parametru CopyLocal, poniewa┼╝ co najmniej jeden element ┼║r├│d┼éowy ma parametr Private ustawiony na warto┼Ť─ç false, a ┼╝aden z element├│w ┼║r├│d┼éowych nie ma parametru Private ustawionego na warto┼Ť─ç true.
         Odwo┼éanie podstawowe ÔÇ×System.IO.FileSystem.DriveInfo, Version=8.0.0.0, Culture=neutral, PublicKeyToken=b03f5f7f11d50a3aÔÇŁ.
             Rozpoznana ┼Ťcie┼╝ka pliku: ÔÇ×C:\Program Files\dotnet\packs\Microsoft.NETCore.App.Ref\8.0.1\ref\net8.0\System.IO.FileSystem.DriveInfo.dllÔÇŁ.
             Znaleziono odwo┼éanie w lokalizacji ┼Ťcie┼╝ki wyszukiwania ÔÇ×{RawFileName}ÔÇŁ.
             To odwo┼éanie nie ma parametru CopyLocal, poniewa┼╝ co najmniej jeden element ┼║r├│d┼éowy ma parametr Private ustawiony na warto┼Ť─ç false, a ┼╝aden z element├│w ┼║r├│d┼éowych nie ma parametru Private ustawionego na warto┼Ť─ç true.
         Odwo┼éanie podstawowe ÔÇ×System.IO.FileSystem.Primitives, Version=8.0.0.0, Culture=neutral, PublicKeyToken=b03f5f7f11d50a3aÔÇŁ.
             Rozpoznana ┼Ťcie┼╝ka pliku: ÔÇ×C:\Program Files\dotnet\packs\Microsoft.NETCore.App.Ref\8.0.1\ref\net8.0\System.IO.FileSystem.Primitives.dllÔÇŁ.
             Znaleziono odwo┼éanie w lokalizacji ┼Ťcie┼╝ki wyszukiwania ÔÇ×{RawFileName}ÔÇŁ.
             To odwo┼éanie nie ma parametru CopyLocal, poniewa┼╝ co najmniej jeden element ┼║r├│d┼éowy ma parametr Private ustawiony na warto┼Ť─ç false, a ┼╝aden z element├│w ┼║r├│d┼éowych nie ma parametru Private ustawionego na warto┼Ť─ç true.
         Odwo┼éanie podstawowe ÔÇ×System.IO.FileSystem.Watcher, Version=8.0.0.0, Culture=neutral, PublicKeyToken=b03f5f7f11d50a3aÔÇŁ.
             Rozpoznana ┼Ťcie┼╝ka pliku: ÔÇ×C:\Program Files\dotnet\packs\Microsoft.NETCore.App.Ref\8.0.1\ref\net8.0\System.IO.FileSystem.Watcher.dllÔÇŁ.
             Znaleziono odwo┼éanie w lokalizacji ┼Ťcie┼╝ki wyszukiwania ÔÇ×{RawFileName}ÔÇŁ.
             To odwo┼éanie nie ma parametru CopyLocal, poniewa┼╝ co najmniej jeden element ┼║r├│d┼éowy ma parametr Private ustawiony na warto┼Ť─ç false, a ┼╝aden z element├│w ┼║r├│d┼éowych nie ma parametru Private ustawionego na warto┼Ť─ç true.
         Odwo┼éanie podstawowe ÔÇ×System.IO.FileSystem, Version=8.0.0.0, Culture=neutral, PublicKeyToken=b03f5f7f11d50a3aÔÇŁ.
             Rozpoznana ┼Ťcie┼╝ka pliku: ÔÇ×C:\Program Files\dotnet\packs\Microsoft.NETCore.App.Ref\8.0.1\ref\net8.0\System.IO.FileSystem.dllÔÇŁ.
             Znaleziono odwo┼éanie w lokalizacji ┼Ťcie┼╝ki wyszukiwania ÔÇ×{RawFileName}ÔÇŁ.
             To odwo┼éanie nie ma parametru CopyLocal, poniewa┼╝ co najmniej jeden element ┼║r├│d┼éowy ma parametr Private ustawiony na warto┼Ť─ç false, a ┼╝aden z element├│w ┼║r├│d┼éowych nie ma parametru Private ustawionego na warto┼Ť─ç true.
         Odwo┼éanie podstawowe ÔÇ×System.IO.IsolatedStorage, Version=8.0.0.0, Culture=neutral, PublicKeyToken=b03f5f7f11d50a3aÔÇŁ.
             Rozpoznana ┼Ťcie┼╝ka pliku: ÔÇ×C:\Program Files\dotnet\packs\Microsoft.NETCore.App.Ref\8.0.1\ref\net8.0\System.IO.IsolatedStorage.dllÔÇŁ.
             Znaleziono odwo┼éanie w lokalizacji ┼Ťcie┼╝ki wyszukiwania ÔÇ×{RawFileName}ÔÇŁ.
             To odwo┼éanie nie ma parametru CopyLocal, poniewa┼╝ co najmniej jeden element ┼║r├│d┼éowy ma parametr Private ustawiony na warto┼Ť─ç false, a ┼╝aden z element├│w ┼║r├│d┼éowych nie ma parametru Private ustawionego na warto┼Ť─ç true.
         Odwo┼éanie podstawowe ÔÇ×System.IO.MemoryMappedFiles, Version=8.0.0.0, Culture=neutral, PublicKeyToken=b03f5f7f11d50a3aÔÇŁ.
             Rozpoznana ┼Ťcie┼╝ka pliku: ÔÇ×C:\Program Files\dotnet\packs\Microsoft.NETCore.App.Ref\8.0.1\ref\net8.0\System.IO.MemoryMappedFiles.dllÔÇŁ.
             Znaleziono odwo┼éanie w lokalizacji ┼Ťcie┼╝ki wyszukiwania ÔÇ×{RawFileName}ÔÇŁ.
             To odwo┼éanie nie ma parametru CopyLocal, poniewa┼╝ co najmniej jeden element ┼║r├│d┼éowy ma parametr Private ustawiony na warto┼Ť─ç false, a ┼╝aden z element├│w ┼║r├│d┼éowych nie ma parametru Private ustawionego na warto┼Ť─ç true.
         Odwo┼éanie podstawowe ÔÇ×System.IO.Pipes.AccessControl, Version=8.0.0.0, Culture=neutral, PublicKeyToken=b03f5f7f11d50a3aÔÇŁ.
             Rozpoznana ┼Ťcie┼╝ka pliku: ÔÇ×C:\Program Files\dotnet\packs\Microsoft.NETCore.App.Ref\8.0.1\ref\net8.0\System.IO.Pipes.AccessControl.dllÔÇŁ.
             Znaleziono odwo┼éanie w lokalizacji ┼Ťcie┼╝ki wyszukiwania ÔÇ×{RawFileName}ÔÇŁ.
             To odwo┼éanie nie ma parametru CopyLocal, poniewa┼╝ co najmniej jeden element ┼║r├│d┼éowy ma parametr Private ustawiony na warto┼Ť─ç false, a ┼╝aden z element├│w ┼║r├│d┼éowych nie ma parametru Private ustawionego na warto┼Ť─ç true.
         Odwo┼éanie podstawowe ÔÇ×System.IO.Pipes, Version=8.0.0.0, Culture=neutral, PublicKeyToken=b03f5f7f11d50a3aÔÇŁ.
             Rozpoznana ┼Ťcie┼╝ka pliku: ÔÇ×C:\Program Files\dotnet\packs\Microsoft.NETCore.App.Ref\8.0.1\ref\net8.0\System.IO.Pipes.dllÔÇŁ.
             Znaleziono odwo┼éanie w lokalizacji ┼Ťcie┼╝ki wyszukiwania ÔÇ×{RawFileName}ÔÇŁ.
             To odwo┼éanie nie ma parametru CopyLocal, poniewa┼╝ co najmniej jeden element ┼║r├│d┼éowy ma parametr Private ustawiony na warto┼Ť─ç false, a ┼╝aden z element├│w ┼║r├│d┼éowych nie ma parametru Private ustawionego na warto┼Ť─ç true.
         Odwo┼éanie podstawowe ÔÇ×System.IO.UnmanagedMemoryStream, Version=8.0.0.0, Culture=neutral, PublicKeyToken=b03f5f7f11d50a3aÔÇŁ.
             Rozpoznana ┼Ťcie┼╝ka pliku: ÔÇ×C:\Program Files\dotnet\packs\Microsoft.NETCore.App.Ref\8.0.1\ref\net8.0\System.IO.UnmanagedMemoryStream.dllÔÇŁ.
             Znaleziono odwo┼éanie w lokalizacji ┼Ťcie┼╝ki wyszukiwania ÔÇ×{RawFileName}ÔÇŁ.
             To odwo┼éanie nie ma parametru CopyLocal, poniewa┼╝ co najmniej jeden element ┼║r├│d┼éowy ma parametr Private ustawiony na warto┼Ť─ç false, a ┼╝aden z element├│w ┼║r├│d┼éowych nie ma parametru Private ustawionego na warto┼Ť─ç true.
         Odwo┼éanie podstawowe ÔÇ×System.IO, Version=8.0.0.0, Culture=neutral, PublicKeyToken=b03f5f7f11d50a3aÔÇŁ.
             Rozpoznana ┼Ťcie┼╝ka pliku: ÔÇ×C:\Program Files\dotnet\packs\Microsoft.NETCore.App.Ref\8.0.1\ref\net8.0\System.IO.dllÔÇŁ.
             Znaleziono odwo┼éanie w lokalizacji ┼Ťcie┼╝ki wyszukiwania ÔÇ×{RawFileName}ÔÇŁ.
             To odwo┼éanie nie ma parametru CopyLocal, poniewa┼╝ co najmniej jeden element ┼║r├│d┼éowy ma parametr Private ustawiony na warto┼Ť─ç false, a ┼╝aden z element├│w ┼║r├│d┼éowych nie ma parametru Private ustawionego na warto┼Ť─ç true.
         Odwo┼éanie podstawowe ÔÇ×System.Linq.Expressions, Version=8.0.0.0, Culture=neutral, PublicKeyToken=b03f5f7f11d50a3aÔÇŁ.
             Rozpoznana ┼Ťcie┼╝ka pliku: ÔÇ×C:\Program Files\dotnet\packs\Microsoft.NETCore.App.Ref\8.0.1\ref\net8.0\System.Linq.Expressions.dllÔÇŁ.
             Znaleziono odwo┼éanie w lokalizacji ┼Ťcie┼╝ki wyszukiwania ÔÇ×{RawFileName}ÔÇŁ.
             To odwo┼éanie nie ma parametru CopyLocal, poniewa┼╝ co najmniej jeden element ┼║r├│d┼éowy ma parametr Private ustawiony na warto┼Ť─ç false, a ┼╝aden z element├│w ┼║r├│d┼éowych nie ma parametru Private ustawionego na warto┼Ť─ç true.
         Odwo┼éanie podstawowe ÔÇ×System.Linq.Parallel, Version=8.0.0.0, Culture=neutral, PublicKeyToken=b03f5f7f11d50a3aÔÇŁ.
             Rozpoznana ┼Ťcie┼╝ka pliku: ÔÇ×C:\Program Files\dotnet\packs\Microsoft.NETCore.App.Ref\8.0.1\ref\net8.0\System.Linq.Parallel.dllÔÇŁ.
             Znaleziono odwo┼éanie w lokalizacji ┼Ťcie┼╝ki wyszukiwania ÔÇ×{RawFileName}ÔÇŁ.
             To odwo┼éanie nie ma parametru CopyLocal, poniewa┼╝ co najmniej jeden element ┼║r├│d┼éowy ma parametr Private ustawiony na warto┼Ť─ç false, a ┼╝aden z element├│w ┼║r├│d┼éowych nie ma parametru Private ustawionego na warto┼Ť─ç true.
         Odwo┼éanie podstawowe ÔÇ×System.Linq.Queryable, Version=8.0.0.0, Culture=neutral, PublicKeyToken=b03f5f7f11d50a3aÔÇŁ.
             Rozpoznana ┼Ťcie┼╝ka pliku: ÔÇ×C:\Program Files\dotnet\packs\Microsoft.NETCore.App.Ref\8.0.1\ref\net8.0\System.Linq.Queryable.dllÔÇŁ.
             Znaleziono odwo┼éanie w lokalizacji ┼Ťcie┼╝ki wyszukiwania ÔÇ×{RawFileName}ÔÇŁ.
             To odwo┼éanie nie ma parametru CopyLocal, poniewa┼╝ co najmniej jeden element ┼║r├│d┼éowy ma parametr Private ustawiony na warto┼Ť─ç false, a ┼╝aden z element├│w ┼║r├│d┼éowych nie ma parametru Private ustawionego na warto┼Ť─ç true.
         Odwo┼éanie podstawowe ÔÇ×System.Linq, Version=8.0.0.0, Culture=neutral, PublicKeyToken=b03f5f7f11d50a3aÔÇŁ.
             Rozpoznana ┼Ťcie┼╝ka pliku: ÔÇ×C:\Program Files\dotnet\packs\Microsoft.NETCore.App.Ref\8.0.1\ref\net8.0\System.Linq.dllÔÇŁ.
             Znaleziono odwo┼éanie w lokalizacji ┼Ťcie┼╝ki wyszukiwania ÔÇ×{RawFileName}ÔÇŁ.
             To odwo┼éanie nie ma parametru CopyLocal, poniewa┼╝ co najmniej jeden element ┼║r├│d┼éowy ma parametr Private ustawiony na warto┼Ť─ç false, a ┼╝aden z element├│w ┼║r├│d┼éowych nie ma parametru Private ustawionego na warto┼Ť─ç true.
         Odwo┼éanie podstawowe ÔÇ×System.Memory, Version=8.0.0.0, Culture=neutral, PublicKeyToken=cc7b13ffcd2ddd51ÔÇŁ.
             Rozpoznana ┼Ťcie┼╝ka pliku: ÔÇ×C:\Program Files\dotnet\packs\Microsoft.NETCore.App.Ref\8.0.1\ref\net8.0\System.Memory.dllÔÇŁ.
             Znaleziono odwo┼éanie w lokalizacji ┼Ťcie┼╝ki wyszukiwania ÔÇ×{RawFileName}ÔÇŁ.
             To odwo┼éanie nie ma parametru CopyLocal, poniewa┼╝ co najmniej jeden element ┼║r├│d┼éowy ma parametr Private ustawiony na warto┼Ť─ç false, a ┼╝aden z element├│w ┼║r├│d┼éowych nie ma parametru Private ustawionego na warto┼Ť─ç true.
         Odwo┼éanie podstawowe ÔÇ×System.Net.Http.Json, Version=8.0.0.0, Culture=neutral, PublicKeyToken=cc7b13ffcd2ddd51ÔÇŁ.
             Rozpoznana ┼Ťcie┼╝ka pliku: ÔÇ×C:\Program Files\dotnet\packs\Microsoft.NETCore.App.Ref\8.0.1\ref\net8.0\System.Net.Http.Json.dllÔÇŁ.
             Znaleziono odwo┼éanie w lokalizacji ┼Ťcie┼╝ki wyszukiwania ÔÇ×{RawFileName}ÔÇŁ.
             To odwo┼éanie nie ma parametru CopyLocal, poniewa┼╝ co najmniej jeden element ┼║r├│d┼éowy ma parametr Private ustawiony na warto┼Ť─ç false, a ┼╝aden z element├│w ┼║r├│d┼éowych nie ma parametru Private ustawionego na warto┼Ť─ç true.
         Odwo┼éanie podstawowe ÔÇ×System.Net.Http, Version=8.0.0.0, Culture=neutral, PublicKeyToken=b03f5f7f11d50a3aÔÇŁ.
             Rozpoznana ┼Ťcie┼╝ka pliku: ÔÇ×C:\Program Files\dotnet\packs\Microsoft.NETCore.App.Ref\8.0.1\ref\net8.0\System.Net.Http.dllÔÇŁ.
             Znaleziono odwo┼éanie w lokalizacji ┼Ťcie┼╝ki wyszukiwania ÔÇ×{RawFileName}ÔÇŁ.
             To odwo┼éanie nie ma parametru CopyLocal, poniewa┼╝ co najmniej jeden element ┼║r├│d┼éowy ma parametr Private ustawiony na warto┼Ť─ç false, a ┼╝aden z element├│w ┼║r├│d┼éowych nie ma parametru Private ustawionego na warto┼Ť─ç true.
         Odwo┼éanie podstawowe ÔÇ×System.Net.HttpListener, Version=8.0.0.0, Culture=neutral, PublicKeyToken=cc7b13ffcd2ddd51ÔÇŁ.
             Rozpoznana ┼Ťcie┼╝ka pliku: ÔÇ×C:\Program Files\dotnet\packs\Microsoft.NETCore.App.Ref\8.0.1\ref\net8.0\System.Net.HttpListener.dllÔÇŁ.
             Znaleziono odwo┼éanie w lokalizacji ┼Ťcie┼╝ki wyszukiwania ÔÇ×{RawFileName}ÔÇŁ.
             To odwo┼éanie nie ma parametru CopyLocal, poniewa┼╝ co najmniej jeden element ┼║r├│d┼éowy ma parametr Private ustawiony na warto┼Ť─ç false, a ┼╝aden z element├│w ┼║r├│d┼éowych nie ma parametru Private ustawionego na warto┼Ť─ç true.
         Odwo┼éanie podstawowe ÔÇ×System.Net.Mail, Version=8.0.0.0, Culture=neutral, PublicKeyToken=cc7b13ffcd2ddd51ÔÇŁ.
             Rozpoznana ┼Ťcie┼╝ka pliku: ÔÇ×C:\Program Files\dotnet\packs\Microsoft.NETCore.App.Ref\8.0.1\ref\net8.0\System.Net.Mail.dllÔÇŁ.
             Znaleziono odwo┼éanie w lokalizacji ┼Ťcie┼╝ki wyszukiwania ÔÇ×{RawFileName}ÔÇŁ.
             To odwo┼éanie nie ma parametru CopyLocal, poniewa┼╝ co najmniej jeden element ┼║r├│d┼éowy ma parametr Private ustawiony na warto┼Ť─ç false, a ┼╝aden z element├│w ┼║r├│d┼éowych nie ma parametru Private ustawionego na warto┼Ť─ç true.
         Odwo┼éanie podstawowe ÔÇ×System.Net.NameResolution, Version=8.0.0.0, Culture=neutral, PublicKeyToken=b03f5f7f11d50a3aÔÇŁ.
             Rozpoznana ┼Ťcie┼╝ka pliku: ÔÇ×C:\Program Files\dotnet\packs\Microsoft.NETCore.App.Ref\8.0.1\ref\net8.0\System.Net.NameResolution.dllÔÇŁ.
             Znaleziono odwo┼éanie w lokalizacji ┼Ťcie┼╝ki wyszukiwania ÔÇ×{RawFileName}ÔÇŁ.
             To odwo┼éanie nie ma parametru CopyLocal, poniewa┼╝ co najmniej jeden element ┼║r├│d┼éowy ma parametr Private ustawiony na warto┼Ť─ç false, a ┼╝aden z element├│w ┼║r├│d┼éowych nie ma parametru Private ustawionego na warto┼Ť─ç true.
         Odwo┼éanie podstawowe ÔÇ×System.Net.NetworkInformation, Version=8.0.0.0, Culture=neutral, PublicKeyToken=b03f5f7f11d50a3aÔÇŁ.
             Rozpoznana ┼Ťcie┼╝ka pliku: ÔÇ×C:\Program Files\dotnet\packs\Microsoft.NETCore.App.Ref\8.0.1\ref\net8.0\System.Net.NetworkInformation.dllÔÇŁ.
             Znaleziono odwo┼éanie w lokalizacji ┼Ťcie┼╝ki wyszukiwania ÔÇ×{RawFileName}ÔÇŁ.
   3:6>_GetProjectReferenceTargetFrameworkProperties:
       Pomini─Öto zadanie ÔÇ×GetReferenceNearestTargetFrameworkTaskÔÇŁ z powodu fa┼észywego warunku; ('@(_ProjectReferenceTargetFrameworkPossibilities)' != '' and '$(ReferringTargetFrameworkForProjectReferences)' != ''
                                                               And '$(GetReferenceNearestTargetFrameworkTaskSupportsTargetPlatformParameter)' != 'true' and '%(_ProjectReferenceTargetFrameworkPossibilities.IsVcxOrNativeProj)' != 'true') oszacowano jako ('..\PhotoStudioManager.Core\PhotoStudioManager.Core.csproj' != '' and '.NETCoreApp,Version=v8.0' != ''
                                                               And 'true' != 'true' and '' != 'true').
   2:7>ResolveAssemblyReferences:
             To odwo┼éanie nie ma parametru CopyLocal, poniewa┼╝ co najmniej jeden element ┼║r├│d┼éowy ma parametr Private ustawiony na warto┼Ť─ç false, a ┼╝aden z element├│w ┼║r├│d┼éowych nie ma parametru Private ustawionego na warto┼Ť─ç true.
         Odwo┼éanie podstawowe ÔÇ×System.Net.Ping, Version=8.0.0.0, Culture=neutral, PublicKeyToken=b03f5f7f11d50a3aÔÇŁ.
             Rozpoznana ┼Ťcie┼╝ka pliku: ÔÇ×C:\Program Files\dotnet\packs\Microsoft.NETCore.App.Ref\8.0.1\ref\net8.0\System.Net.Ping.dllÔÇŁ.
             Znaleziono odwo┼éanie w lokalizacji ┼Ťcie┼╝ki wyszukiwania ÔÇ×{RawFileName}ÔÇŁ.
             To odwo┼éanie nie ma parametru CopyLocal, poniewa┼╝ co najmniej jeden element ┼║r├│d┼éowy ma parametr Private ustawiony na warto┼Ť─ç false, a ┼╝aden z element├│w ┼║r├│d┼éowych nie ma parametru Private ustawionego na warto┼Ť─ç true.
         Odwo┼éanie podstawowe ÔÇ×System.Net.Primitives, Version=8.0.0.0, Culture=neutral, PublicKeyToken=b03f5f7f11d50a3aÔÇŁ.
   3:6>_GetProjectReferenceTargetFrameworkProperties:
       U┼╝ywanie zadania ÔÇ×SetRidAgnosticValueForProjectsÔÇŁ z zestawu ÔÇ×Microsoft.Build.Tasks.Core, Version=15.1.0.0, Culture=neutral, PublicKeyToken=b03f5f7f11d50a3aÔÇŁ.
       Zadanie ÔÇ×SetRidAgnosticValueForProjectsÔÇŁ
   2:7>ResolveAssemblyReferences:
             Rozpoznana ┼Ťcie┼╝ka pliku: ÔÇ×C:\Program Files\dotnet\packs\Microsoft.NETCore.App.Ref\8.0.1\ref\net8.0\System.Net.Primitives.dllÔÇŁ.
             Znaleziono odwo┼éanie w lokalizacji ┼Ťcie┼╝ki wyszukiwania ÔÇ×{RawFileName}ÔÇŁ.
             To odwo┼éanie nie ma parametru CopyLocal, poniewa┼╝ co najmniej jeden element ┼║r├│d┼éowy ma parametr Private ustawiony na warto┼Ť─ç false, a ┼╝aden z element├│w ┼║r├│d┼éowych nie ma parametru Private ustawionego na warto┼Ť─ç true.
         Odwo┼éanie podstawowe ÔÇ×System.Net.Quic, Version=8.0.0.0, Culture=neutral, PublicKeyToken=b03f5f7f11d50a3aÔÇŁ.
             Rozpoznana ┼Ťcie┼╝ka pliku: ÔÇ×C:\Program Files\dotnet\packs\Microsoft.NETCore.App.Ref\8.0.1\ref\net8.0\System.Net.Quic.dllÔÇŁ.
             Znaleziono odwo┼éanie w lokalizacji ┼Ťcie┼╝ki wyszukiwania ÔÇ×{RawFileName}ÔÇŁ.
   3:6>Wykonywanie zadania ÔÇ×SetRidAgnosticValueForProjectsÔÇŁ zako┼äczone.
   2:7>ResolveAssemblyReferences:
             To odwo┼éanie nie ma parametru CopyLocal, poniewa┼╝ co najmniej jeden element ┼║r├│d┼éowy ma parametr Private ustawiony na warto┼Ť─ç false, a ┼╝aden z element├│w ┼║r├│d┼éowych nie ma parametru Private ustawionego na warto┼Ť─ç true.
         Odwo┼éanie podstawowe ÔÇ×System.Net.Requests, Version=8.0.0.0, Culture=neutral, PublicKeyToken=b03f5f7f11d50a3aÔÇŁ.
             Rozpoznana ┼Ťcie┼╝ka pliku: ÔÇ×C:\Program Files\dotnet\packs\Microsoft.NETCore.App.Ref\8.0.1\ref\net8.0\System.Net.Requests.dllÔÇŁ.
             Znaleziono odwo┼éanie w lokalizacji ┼Ťcie┼╝ki wyszukiwania ÔÇ×{RawFileName}ÔÇŁ.
             To odwo┼éanie nie ma parametru CopyLocal, poniewa┼╝ co najmniej jeden element ┼║r├│d┼éowy ma parametr Private ustawiony na warto┼Ť─ç false, a ┼╝aden z element├│w ┼║r├│d┼éowych nie ma parametru Private ustawionego na warto┼Ť─ç true.
         Odwo┼éanie podstawowe ÔÇ×System.Net.Security, Version=8.0.0.0, Culture=neutral, PublicKeyToken=b03f5f7f11d50a3aÔÇŁ.
             Rozpoznana ┼Ťcie┼╝ka pliku: ÔÇ×C:\Program Files\dotnet\packs\Microsoft.NETCore.App.Ref\8.0.1\ref\net8.0\System.Net.Security.dllÔÇŁ.
             Znaleziono odwo┼éanie w lokalizacji ┼Ťcie┼╝ki wyszukiwania ÔÇ×{RawFileName}ÔÇŁ.
             To odwo┼éanie nie ma parametru CopyLocal, poniewa┼╝ co najmniej jeden element ┼║r├│d┼éowy ma parametr Private ustawiony na warto┼Ť─ç false, a ┼╝aden z element├│w ┼║r├│d┼éowych nie ma parametru Private ustawionego na warto┼Ť─ç true.
   3:6>Wykonano kompilowanie elementu docelowego ÔÇ×_GetProjectReferenceTargetFrameworkPropertiesÔÇŁ w projekcie ÔÇ×PhotoStudioManager.Infrastructure.csprojÔÇŁ.
   2:7>ResolveAssemblyReferences:
         Odwo┼éanie podstawowe ÔÇ×System.Net.ServicePoint, Version=8.0.0.0, Culture=neutral, PublicKeyToken=cc7b13ffcd2ddd51ÔÇŁ.
             Rozpoznana ┼Ťcie┼╝ka pliku: ÔÇ×C:\Program Files\dotnet\packs\Microsoft.NETCore.App.Ref\8.0.1\ref\net8.0\System.Net.ServicePoint.dllÔÇŁ.
             Znaleziono odwo┼éanie w lokalizacji ┼Ťcie┼╝ki wyszukiwania ÔÇ×{RawFileName}ÔÇŁ.
             To odwo┼éanie nie ma parametru CopyLocal, poniewa┼╝ co najmniej jeden element ┼║r├│d┼éowy ma parametr Private ustawiony na warto┼Ť─ç false, a ┼╝aden z element├│w ┼║r├│d┼éowych nie ma parametru Private ustawionego na warto┼Ť─ç true.
   3:6>Element docelowy ÔÇ×ValidateExecutableReferencesÔÇŁ w pliku ÔÇ×C:\Program Files\dotnet\sdk\8.0.101\Sdks\Microsoft.NET.Sdk\targets\Microsoft.NET.Sdk.targetsÔÇŁ z projektu ÔÇ×C:\Users\emili\CascadeProjects\PhotoStudioManager\PhotoStudioManager.Infrastructure\PhotoStudioManager.Infrastructure.csprojÔÇŁ (zale┼╝y od niego element docelowy ÔÇ×PrepareProjectReferencesÔÇŁ):
   3:6>U┼╝ywanie zadania ÔÇ×ValidateExecutableReferencesÔÇŁ z zestawu ÔÇ×C:\Program Files\dotnet\sdk\8.0.101\Sdks\Microsoft.NET.Sdk\targets\..\tools\net8.0\Microsoft.NET.Build.Tasks.dllÔÇŁ.
       Zadanie ÔÇ×ValidateExecutableReferencesÔÇŁ
   2:7>ResolveAssemblyReferences:
         Odwo┼éanie podstawowe ÔÇ×System.Net.Sockets, Version=8.0.0.0, Culture=neutral, PublicKeyToken=b03f5f7f11d50a3aÔÇŁ.
             Rozpoznana ┼Ťcie┼╝ka pliku: ÔÇ×C:\Program Files\dotnet\packs\Microsoft.NETCore.App.Ref\8.0.1\ref\net8.0\System.Net.Sockets.dllÔÇŁ.
             Znaleziono odwo┼éanie w lokalizacji ┼Ťcie┼╝ki wyszukiwania ÔÇ×{RawFileName}ÔÇŁ.
             To odwo┼éanie nie ma parametru CopyLocal, poniewa┼╝ co najmniej jeden element ┼║r├│d┼éowy ma parametr Private ustawiony na warto┼Ť─ç false, a ┼╝aden z element├│w ┼║r├│d┼éowych nie ma parametru Private ustawionego na warto┼Ť─ç true.
         Odwo┼éanie podstawowe ÔÇ×System.Net.WebClient, Version=8.0.0.0, Culture=neutral, PublicKeyToken=cc7b13ffcd2ddd51ÔÇŁ.
             Rozpoznana ┼Ťcie┼╝ka pliku: ÔÇ×C:\Program Files\dotnet\packs\Microsoft.NETCore.App.Ref\8.0.1\ref\net8.0\System.Net.WebClient.dllÔÇŁ.
   3:6>Wykonywanie zadania ÔÇ×ValidateExecutableReferencesÔÇŁ zako┼äczone.
   3:6>Wykonano kompilowanie elementu docelowego ÔÇ×ValidateExecutableReferencesÔÇŁ w projekcie ÔÇ×PhotoStudioManager.Infrastructure.csprojÔÇŁ.
       Pomini─Öto element docelowy ÔÇ×_GetProjectReferencePlatformPropertiesÔÇŁ z powodu fa┼észywego warunku; ('$(EnableDynamicPlatformResolution)' == 'true'
                            and '@(_MSBuildProjectReferenceExistent)' != '') oszacowano jako ('' == 'true'
                            and '..\PhotoStudioManager.Core\PhotoStudioManager.Core.csproj' != '').
   3:6>Element docelowy ÔÇ×PrepareProjectReferencesÔÇŁ w pliku ÔÇ×C:\Program Files\dotnet\sdk\8.0.101\Microsoft.Common.CurrentVersion.targetsÔÇŁ z projektu ÔÇ×C:\Users\emili\CascadeProjects\PhotoStudioManager\PhotoStudioManager.Infrastructure\PhotoStudioManager.Infrastructure.csprojÔÇŁ (zale┼╝y od niego element docelowy ÔÇ×ResolveProjectReferencesÔÇŁ):
   3:6>Wykonano kompilowanie elementu docelowego ÔÇ×PrepareProjectReferencesÔÇŁ w projekcie ÔÇ×PhotoStudioManager.Infrastructure.csprojÔÇŁ.
   2:7>ResolveAssemblyReferences:
             Znaleziono odwo┼éanie w lokalizacji ┼Ťcie┼╝ki wyszukiwania ÔÇ×{RawFileName}ÔÇŁ.
             To odwo┼éanie nie ma parametru CopyLocal, poniewa┼╝ co najmniej jeden element ┼║r├│d┼éowy ma parametr Private ustawiony na warto┼Ť─ç false, a ┼╝aden z element├│w ┼║r├│d┼éowych nie ma parametru Private ustawionego na warto┼Ť─ç true.
         Odwo┼éanie podstawowe ÔÇ×System.Net.WebHeaderCollection, Version=8.0.0.0, Culture=neutral, PublicKeyToken=b03f5f7f11d50a3aÔÇŁ.
   3:6>Element docelowy ÔÇ×ResolveProjectReferencesÔÇŁ w pliku ÔÇ×C:\Program Files\dotnet\sdk\8.0.101\Microsoft.Common.CurrentVersion.targetsÔÇŁ z projektu ÔÇ×C:\Users\emili\CascadeProjects\PhotoStudioManager\PhotoStudioManager.Infrastructure\PhotoStudioManager.Infrastructure.csprojÔÇŁ (zale┼╝y od niego element docelowy ÔÇ×ResolveReferencesÔÇŁ):
   3:6>Pomini─Öto zadanie ÔÇ×MSBuildÔÇŁ z powodu fa┼észywego warunku; ('%(_MSBuildProjectReferenceExistent.BuildReference)' == 'true' and '@(ProjectReferenceWithConfiguration)' != '' and ('$(BuildingInsideVisualStudio)' == 'true' or '$(BuildProjectReferences)' != 'true') and '$(VisualStudioVersion)' != '10.0' and '@(_MSBuildProjectReferenceExistent)' != '') oszacowano jako ('true' == 'true' and '..\PhotoStudioManager.Core\PhotoStudioManager.Core.csproj' != '' and ('' == 'true' or 'true' != 'true') and '17.0' != '10.0' and '..\PhotoStudioManager.Core\PhotoStudioManager.Core.csproj' != '').
   2:7>ResolveAssemblyReferences:
             Rozpoznana ┼Ťcie┼╝ka pliku: ÔÇ×C:\Program Files\dotnet\packs\Microsoft.NETCore.App.Ref\8.0.1\ref\net8.0\System.Net.WebHeaderCollection.dllÔÇŁ.
   3:6>Zadanie ÔÇ×MSBuildÔÇŁ
   2:7>ResolveAssemblyReferences:
             Znaleziono odwo┼éanie w lokalizacji ┼Ťcie┼╝ki wyszukiwania ÔÇ×{RawFileName}ÔÇŁ.
             To odwo┼éanie nie ma parametru CopyLocal, poniewa┼╝ co najmniej jeden element ┼║r├│d┼éowy ma parametr Private ustawiony na warto┼Ť─ç false, a ┼╝aden z element├│w ┼║r├│d┼éowych nie ma parametru Private ustawionego na warto┼Ť─ç true.
         Odwo┼éanie podstawowe ÔÇ×System.Net.WebProxy, Version=8.0.0.0, Culture=neutral, PublicKeyToken=cc7b13ffcd2ddd51ÔÇŁ.
   3:6>ResolveProjectReferences:
         Usuwanie w┼éa┼Ťciwo┼Ťci projektu ..\PhotoStudioManager.Core\PhotoStudioManager.Core.csproj:
           TargetFramework
   2:7>ResolveAssemblyReferences:
             Rozpoznana ┼Ťcie┼╝ka pliku: ÔÇ×C:\Program Files\dotnet\packs\Microsoft.NETCore.App.Ref\8.0.1\ref\net8.0\System.Net.WebProxy.dllÔÇŁ.
   3:6>ResolveProjectReferences:
           RuntimeIdentifier
           SelfContained
   2:7>ResolveAssemblyReferences:
             Znaleziono odwo┼éanie w lokalizacji ┼Ťcie┼╝ki wyszukiwania ÔÇ×{RawFileName}ÔÇŁ.
             To odwo┼éanie nie ma parametru CopyLocal, poniewa┼╝ co najmniej jeden element ┼║r├│d┼éowy ma parametr Private ustawiony na warto┼Ť─ç false, a ┼╝aden z element├│w ┼║r├│d┼éowych nie ma parametru Private ustawionego na warto┼Ť─ç true.
         Odwo┼éanie podstawowe ÔÇ×System.Net.WebSockets.Client, Version=8.0.0.0, Culture=neutral, PublicKeyToken=b03f5f7f11d50a3aÔÇŁ.
             Rozpoznana ┼Ťcie┼╝ka pliku: ÔÇ×C:\Program Files\dotnet\packs\Microsoft.NETCore.App.Ref\8.0.1\ref\net8.0\System.Net.WebSockets.Client.dllÔÇŁ.
             Znaleziono odwo┼éanie w lokalizacji ┼Ťcie┼╝ki wyszukiwania ÔÇ×{RawFileName}ÔÇŁ.
             To odwo┼éanie nie ma parametru CopyLocal, poniewa┼╝ co najmniej jeden element ┼║r├│d┼éowy ma parametr Private ustawiony na warto┼Ť─ç false, a ┼╝aden z element├│w ┼║r├│d┼éowych nie ma parametru Private ustawionego na warto┼Ť─ç true.
         Odwo┼éanie podstawowe ÔÇ×System.Net.WebSockets, Version=8.0.0.0, Culture=neutral, PublicKeyToken=b03f5f7f11d50a3aÔÇŁ.
             Rozpoznana ┼Ťcie┼╝ka pliku: ÔÇ×C:\Program Files\dotnet\packs\Microsoft.NETCore.App.Ref\8.0.1\ref\net8.0\System.Net.WebSockets.dllÔÇŁ.
             Znaleziono odwo┼éanie w lokalizacji ┼Ťcie┼╝ki wyszukiwania ÔÇ×{RawFileName}ÔÇŁ.
             To odwo┼éanie nie ma parametru CopyLocal, poniewa┼╝ co najmniej jeden element ┼║r├│d┼éowy ma parametr Private ustawiony na warto┼Ť─ç false, a ┼╝aden z element├│w ┼║r├│d┼éowych nie ma parametru Private ustawionego na warto┼Ť─ç true.
         Odwo┼éanie podstawowe ÔÇ×System.Net, Version=4.0.0.0, Culture=neutral, PublicKeyToken=b03f5f7f11d50a3aÔÇŁ.
             Rozpoznana ┼Ťcie┼╝ka pliku: ÔÇ×C:\Program Files\dotnet\packs\Microsoft.NETCore.App.Ref\8.0.1\ref\net8.0\System.Net.dllÔÇŁ.
             Znaleziono odwo┼éanie w lokalizacji ┼Ťcie┼╝ki wyszukiwania ÔÇ×{RawFileName}ÔÇŁ.
             To odwo┼éanie nie ma parametru CopyLocal, poniewa┼╝ co najmniej jeden element ┼║r├│d┼éowy ma parametr Private ustawiony na warto┼Ť─ç false, a ┼╝aden z element├│w ┼║r├│d┼éowych nie ma parametru Private ustawionego na warto┼Ť─ç true.
         Odwo┼éanie podstawowe ÔÇ×System.Numerics.Vectors, Version=8.0.0.0, Culture=neutral, PublicKeyToken=b03f5f7f11d50a3aÔÇŁ.
             Rozpoznana ┼Ťcie┼╝ka pliku: ÔÇ×C:\Program Files\dotnet\packs\Microsoft.NETCore.App.Ref\8.0.1\ref\net8.0\System.Numerics.Vectors.dllÔÇŁ.
             Znaleziono odwo┼éanie w lokalizacji ┼Ťcie┼╝ki wyszukiwania ÔÇ×{RawFileName}ÔÇŁ.
             To odwo┼éanie nie ma parametru CopyLocal, poniewa┼╝ co najmniej jeden element ┼║r├│d┼éowy ma parametr Private ustawiony na warto┼Ť─ç false, a ┼╝aden z element├│w ┼║r├│d┼éowych nie ma parametru Private ustawionego na warto┼Ť─ç true.
         Odwo┼éanie podstawowe ÔÇ×System.Numerics, Version=4.0.0.0, Culture=neutral, PublicKeyToken=b77a5c561934e089ÔÇŁ.
             Rozpoznana ┼Ťcie┼╝ka pliku: ÔÇ×C:\Program Files\dotnet\packs\Microsoft.NETCore.App.Ref\8.0.1\ref\net8.0\System.Numerics.dllÔÇŁ.
             Znaleziono odwo┼éanie w lokalizacji ┼Ťcie┼╝ki wyszukiwania ÔÇ×{RawFileName}ÔÇŁ.
             To odwo┼éanie nie ma parametru CopyLocal, poniewa┼╝ co najmniej jeden element ┼║r├│d┼éowy ma parametr Private ustawiony na warto┼Ť─ç false, a ┼╝aden z element├│w ┼║r├│d┼éowych nie ma parametru Private ustawionego na warto┼Ť─ç true.
         Odwo┼éanie podstawowe ÔÇ×System.ObjectModel, Version=8.0.0.0, Culture=neutral, PublicKeyToken=b03f5f7f11d50a3aÔÇŁ.
             Rozpoznana ┼Ťcie┼╝ka pliku: ÔÇ×C:\Program Files\dotnet\packs\Microsoft.NETCore.App.Ref\8.0.1\ref\net8.0\System.ObjectModel.dllÔÇŁ.
             Znaleziono odwo┼éanie w lokalizacji ┼Ťcie┼╝ki wyszukiwania ÔÇ×{RawFileName}ÔÇŁ.
             To odwo┼éanie nie ma parametru CopyLocal, poniewa┼╝ co najmniej jeden element ┼║r├│d┼éowy ma parametr Private ustawiony na warto┼Ť─ç false, a ┼╝aden z element├│w ┼║r├│d┼éowych nie ma parametru Private ustawionego na warto┼Ť─ç true.
         Odwo┼éanie podstawowe ÔÇ×System.Reflection.DispatchProxy, Version=8.0.0.0, Culture=neutral, PublicKeyToken=b03f5f7f11d50a3aÔÇŁ.
             Rozpoznana ┼Ťcie┼╝ka pliku: ÔÇ×C:\Program Files\dotnet\packs\Microsoft.NETCore.App.Ref\8.0.1\ref\net8.0\System.Reflection.DispatchProxy.dllÔÇŁ.
             Znaleziono odwo┼éanie w lokalizacji ┼Ťcie┼╝ki wyszukiwania ÔÇ×{RawFileName}ÔÇŁ.
             To odwo┼éanie nie ma parametru CopyLocal, poniewa┼╝ co najmniej jeden element ┼║r├│d┼éowy ma parametr Private ustawiony na warto┼Ť─ç false, a ┼╝aden z element├│w ┼║r├│d┼éowych nie ma parametru Private ustawionego na warto┼Ť─ç true.
         Odwo┼éanie podstawowe ÔÇ×System.Reflection.Emit.ILGeneration, Version=8.0.0.0, Culture=neutral, PublicKeyToken=b03f5f7f11d50a3aÔÇŁ.
             Rozpoznana ┼Ťcie┼╝ka pliku: ÔÇ×C:\Program Files\dotnet\packs\Microsoft.NETCore.App.Ref\8.0.1\ref\net8.0\System.Reflection.Emit.ILGeneration.dllÔÇŁ.
             Znaleziono odwo┼éanie w lokalizacji ┼Ťcie┼╝ki wyszukiwania ÔÇ×{RawFileName}ÔÇŁ.
             To odwo┼éanie nie ma parametru CopyLocal, poniewa┼╝ co najmniej jeden element ┼║r├│d┼éowy ma parametr Private ustawiony na warto┼Ť─ç false, a ┼╝aden z element├│w ┼║r├│d┼éowych nie ma parametru Private ustawionego na warto┼Ť─ç true.
         Odwo┼éanie podstawowe ÔÇ×System.Reflection.Emit.Lightweight, Version=8.0.0.0, Culture=neutral, PublicKeyToken=b03f5f7f11d50a3aÔÇŁ.
             Rozpoznana ┼Ťcie┼╝ka pliku: ÔÇ×C:\Program Files\dotnet\packs\Microsoft.NETCore.App.Ref\8.0.1\ref\net8.0\System.Reflection.Emit.Lightweight.dllÔÇŁ.
             Znaleziono odwo┼éanie w lokalizacji ┼Ťcie┼╝ki wyszukiwania ÔÇ×{RawFileName}ÔÇŁ.
             To odwo┼éanie nie ma parametru CopyLocal, poniewa┼╝ co najmniej jeden element ┼║r├│d┼éowy ma parametr Private ustawiony na warto┼Ť─ç false, a ┼╝aden z element├│w ┼║r├│d┼éowych nie ma parametru Private ustawionego na warto┼Ť─ç true.
         Odwo┼éanie podstawowe ÔÇ×System.Reflection.Emit, Version=8.0.0.0, Culture=neutral, PublicKeyToken=b03f5f7f11d50a3aÔÇŁ.
             Rozpoznana ┼Ťcie┼╝ka pliku: ÔÇ×C:\Program Files\dotnet\packs\Microsoft.NETCore.App.Ref\8.0.1\ref\net8.0\System.Reflection.Emit.dllÔÇŁ.
             Znaleziono odwo┼éanie w lokalizacji ┼Ťcie┼╝ki wyszukiwania ÔÇ×{RawFileName}ÔÇŁ.
             To odwo┼éanie nie ma parametru CopyLocal, poniewa┼╝ co najmniej jeden element ┼║r├│d┼éowy ma parametr Private ustawiony na warto┼Ť─ç false, a ┼╝aden z element├│w ┼║r├│d┼éowych nie ma parametru Private ustawionego na warto┼Ť─ç true.
         Odwo┼éanie podstawowe ÔÇ×System.Reflection.Extensions, Version=8.0.0.0, Culture=neutral, PublicKeyToken=b03f5f7f11d50a3aÔÇŁ.
             Rozpoznana ┼Ťcie┼╝ka pliku: ÔÇ×C:\Program Files\dotnet\packs\Microsoft.NETCore.App.Ref\8.0.1\ref\net8.0\System.Reflection.Extensions.dllÔÇŁ.
             Znaleziono odwo┼éanie w lokalizacji ┼Ťcie┼╝ki wyszukiwania ÔÇ×{RawFileName}ÔÇŁ.
             To odwo┼éanie nie ma parametru CopyLocal, poniewa┼╝ co najmniej jeden element ┼║r├│d┼éowy ma parametr Private ustawiony na warto┼Ť─ç false, a ┼╝aden z element├│w ┼║r├│d┼éowych nie ma parametru Private ustawionego na warto┼Ť─ç true.
         Odwo┼éanie podstawowe ÔÇ×System.Reflection.Metadata, Version=8.0.0.0, Culture=neutral, PublicKeyToken=b03f5f7f11d50a3aÔÇŁ.
             Rozpoznana ┼Ťcie┼╝ka pliku: ÔÇ×C:\Program Files\dotnet\packs\Microsoft.NETCore.App.Ref\8.0.1\ref\net8.0\System.Reflection.Metadata.dllÔÇŁ.
             Znaleziono odwo┼éanie w lokalizacji ┼Ťcie┼╝ki wyszukiwania ÔÇ×{RawFileName}ÔÇŁ.
             To odwo┼éanie nie ma parametru CopyLocal, poniewa┼╝ co najmniej jeden element ┼║r├│d┼éowy ma parametr Private ustawiony na warto┼Ť─ç false, a ┼╝aden z element├│w ┼║r├│d┼éowych nie ma parametru Private ustawionego na warto┼Ť─ç true.
         Odwo┼éanie podstawowe ÔÇ×System.Reflection.Primitives, Version=8.0.0.0, Culture=neutral, PublicKeyToken=b03f5f7f11d50a3aÔÇŁ.
             Rozpoznana ┼Ťcie┼╝ka pliku: ÔÇ×C:\Program Files\dotnet\packs\Microsoft.NETCore.App.Ref\8.0.1\ref\net8.0\System.Reflection.Primitives.dllÔÇŁ.
             Znaleziono odwo┼éanie w lokalizacji ┼Ťcie┼╝ki wyszukiwania ÔÇ×{RawFileName}ÔÇŁ.
             To odwo┼éanie nie ma parametru CopyLocal, poniewa┼╝ co najmniej jeden element ┼║r├│d┼éowy ma parametr Private ustawiony na warto┼Ť─ç false, a ┼╝aden z element├│w ┼║r├│d┼éowych nie ma parametru Private ustawionego na warto┼Ť─ç true.
         Odwo┼éanie podstawowe ÔÇ×System.Reflection.TypeExtensions, Version=8.0.0.0, Culture=neutral, PublicKeyToken=b03f5f7f11d50a3aÔÇŁ.
             Rozpoznana ┼Ťcie┼╝ka pliku: ÔÇ×C:\Program Files\dotnet\packs\Microsoft.NETCore.App.Ref\8.0.1\ref\net8.0\System.Reflection.TypeExtensions.dllÔÇŁ.
             Znaleziono odwo┼éanie w lokalizacji ┼Ťcie┼╝ki wyszukiwania ÔÇ×{RawFileName}ÔÇŁ.
             To odwo┼éanie nie ma parametru CopyLocal, poniewa┼╝ co najmniej jeden element ┼║r├│d┼éowy ma parametr Private ustawiony na warto┼Ť─ç false, a ┼╝aden z element├│w ┼║r├│d┼éowych nie ma parametru Private ustawionego na warto┼Ť─ç true.
         Odwo┼éanie podstawowe ÔÇ×System.Reflection, Version=8.0.0.0, Culture=neutral, PublicKeyToken=b03f5f7f11d50a3aÔÇŁ.
             Rozpoznana ┼Ťcie┼╝ka pliku: ÔÇ×C:\Program Files\dotnet\packs\Microsoft.NETCore.App.Ref\8.0.1\ref\net8.0\System.Reflection.dllÔÇŁ.
             Znaleziono odwo┼éanie w lokalizacji ┼Ťcie┼╝ki wyszukiwania ÔÇ×{RawFileName}ÔÇŁ.
             To odwo┼éanie nie ma parametru CopyLocal, poniewa┼╝ co najmniej jeden element ┼║r├│d┼éowy ma parametr Private ustawiony na warto┼Ť─ç false, a ┼╝aden z element├│w ┼║r├│d┼éowych nie ma parametru Private ustawionego na warto┼Ť─ç true.
         Odwo┼éanie podstawowe ÔÇ×System.Resources.Reader, Version=8.0.0.0, Culture=neutral, PublicKeyToken=b03f5f7f11d50a3aÔÇŁ.
             Rozpoznana ┼Ťcie┼╝ka pliku: ÔÇ×C:\Program Files\dotnet\packs\Microsoft.NETCore.App.Ref\8.0.1\ref\net8.0\System.Resources.Reader.dllÔÇŁ.
             Znaleziono odwo┼éanie w lokalizacji ┼Ťcie┼╝ki wyszukiwania ÔÇ×{RawFileName}ÔÇŁ.
             To odwo┼éanie nie ma parametru CopyLocal, poniewa┼╝ co najmniej jeden element ┼║r├│d┼éowy ma parametr Private ustawiony na warto┼Ť─ç false, a ┼╝aden z element├│w ┼║r├│d┼éowych nie ma parametru Private ustawionego na warto┼Ť─ç true.
         Odwo┼éanie podstawowe ÔÇ×System.Resources.ResourceManager, Version=8.0.0.0, Culture=neutral, PublicKeyToken=b03f5f7f11d50a3aÔÇŁ.
             Rozpoznana ┼Ťcie┼╝ka pliku: ÔÇ×C:\Program Files\dotnet\packs\Microsoft.NETCore.App.Ref\8.0.1\ref\net8.0\System.Resources.ResourceManager.dllÔÇŁ.
             Znaleziono odwo┼éanie w lokalizacji ┼Ťcie┼╝ki wyszukiwania ÔÇ×{RawFileName}ÔÇŁ.
             To odwo┼éanie nie ma parametru CopyLocal, poniewa┼╝ co najmniej jeden element ┼║r├│d┼éowy ma parametr Private ustawiony na warto┼Ť─ç false, a ┼╝aden z element├│w ┼║r├│d┼éowych nie ma parametru Private ustawionego na warto┼Ť─ç true.
         Odwo┼éanie podstawowe ÔÇ×System.Resources.Writer, Version=8.0.0.0, Culture=neutral, PublicKeyToken=b03f5f7f11d50a3aÔÇŁ.
             Rozpoznana ┼Ťcie┼╝ka pliku: ÔÇ×C:\Program Files\dotnet\packs\Microsoft.NETCore.App.Ref\8.0.1\ref\net8.0\System.Resources.Writer.dllÔÇŁ.
             Znaleziono odwo┼éanie w lokalizacji ┼Ťcie┼╝ki wyszukiwania ÔÇ×{RawFileName}ÔÇŁ.
             To odwo┼éanie nie ma parametru CopyLocal, poniewa┼╝ co najmniej jeden element ┼║r├│d┼éowy ma parametr Private ustawiony na warto┼Ť─ç false, a ┼╝aden z element├│w ┼║r├│d┼éowych nie ma parametru Private ustawionego na warto┼Ť─ç true.
         Odwo┼éanie podstawowe ÔÇ×System.Runtime.CompilerServices.Unsafe, Version=8.0.0.0, Culture=neutral, PublicKeyToken=b03f5f7f11d50a3aÔÇŁ.
             Rozpoznana ┼Ťcie┼╝ka pliku: ÔÇ×C:\Program Files\dotnet\packs\Microsoft.NETCore.App.Ref\8.0.1\ref\net8.0\System.Runtime.CompilerServices.Unsafe.dllÔÇŁ.
             Znaleziono odwo┼éanie w lokalizacji ┼Ťcie┼╝ki wyszukiwania ÔÇ×{RawFileName}ÔÇŁ.
             To odwo┼éanie nie ma parametru CopyLocal, poniewa┼╝ co najmniej jeden element ┼║r├│d┼éowy ma parametr Private ustawiony na warto┼Ť─ç false, a ┼╝aden z element├│w ┼║r├│d┼éowych nie ma parametru Private ustawionego na warto┼Ť─ç true.
         Odwo┼éanie podstawowe ÔÇ×System.Runtime.CompilerServices.VisualC, Version=8.0.0.0, Culture=neutral, PublicKeyToken=b03f5f7f11d50a3aÔÇŁ.
             Rozpoznana ┼Ťcie┼╝ka pliku: ÔÇ×C:\Program Files\dotnet\packs\Microsoft.NETCore.App.Ref\8.0.1\ref\net8.0\System.Runtime.CompilerServices.VisualC.dllÔÇŁ.
             Znaleziono odwo┼éanie w lokalizacji ┼Ťcie┼╝ki wyszukiwania ÔÇ×{RawFileName}ÔÇŁ.
             To odwo┼éanie nie ma parametru CopyLocal, poniewa┼╝ co najmniej jeden element ┼║r├│d┼éowy ma parametr Private ustawiony na warto┼Ť─ç false, a ┼╝aden z element├│w ┼║r├│d┼éowych nie ma parametru Private ustawionego na warto┼Ť─ç true.
         Odwo┼éanie podstawowe ÔÇ×System.Runtime.Extensions, Version=8.0.0.0, Culture=neutral, PublicKeyToken=b03f5f7f11d50a3aÔÇŁ.
             Rozpoznana ┼Ťcie┼╝ka pliku: ÔÇ×C:\Program Files\dotnet\packs\Microsoft.NETCore.App.Ref\8.0.1\ref\net8.0\System.Runtime.Extensions.dllÔÇŁ.
             Znaleziono odwo┼éanie w lokalizacji ┼Ťcie┼╝ki wyszukiwania ÔÇ×{RawFileName}ÔÇŁ.
             To odwo┼éanie nie ma parametru CopyLocal, poniewa┼╝ co najmniej jeden element ┼║r├│d┼éowy ma parametr Private ustawiony na warto┼Ť─ç false, a ┼╝aden z element├│w ┼║r├│d┼éowych nie ma parametru Private ustawionego na warto┼Ť─ç true.
         Odwo┼éanie podstawowe ÔÇ×System.Runtime.Handles, Version=8.0.0.0, Culture=neutral, PublicKeyToken=b03f5f7f11d50a3aÔÇŁ.
             Rozpoznana ┼Ťcie┼╝ka pliku: ÔÇ×C:\Program Files\dotnet\packs\Microsoft.NETCore.App.Ref\8.0.1\ref\net8.0\System.Runtime.Handles.dllÔÇŁ.
             Znaleziono odwo┼éanie w lokalizacji ┼Ťcie┼╝ki wyszukiwania ÔÇ×{RawFileName}ÔÇŁ.
             To odwo┼éanie nie ma parametru CopyLocal, poniewa┼╝ co najmniej jeden element ┼║r├│d┼éowy ma parametr Private ustawiony na warto┼Ť─ç false, a ┼╝aden z element├│w ┼║r├│d┼éowych nie ma parametru Private ustawionego na warto┼Ť─ç true.
         Odwo┼éanie podstawowe ÔÇ×System.Runtime.InteropServices.JavaScript, Version=8.0.0.0, Culture=neutral, PublicKeyToken=b03f5f7f11d50a3aÔÇŁ.
             Rozpoznana ┼Ťcie┼╝ka pliku: ÔÇ×C:\Program Files\dotnet\packs\Microsoft.NETCore.App.Ref\8.0.1\ref\net8.0\System.Runtime.InteropServices.JavaScript.dllÔÇŁ.
             Znaleziono odwo┼éanie w lokalizacji ┼Ťcie┼╝ki wyszukiwania ÔÇ×{RawFileName}ÔÇŁ.
             To odwo┼éanie nie ma parametru CopyLocal, poniewa┼╝ co najmniej jeden element ┼║r├│d┼éowy ma parametr Private ustawiony na warto┼Ť─ç false, a ┼╝aden z element├│w ┼║r├│d┼éowych nie ma parametru Private ustawionego na warto┼Ť─ç true.
         Odwo┼éanie podstawowe ÔÇ×System.Runtime.InteropServices.RuntimeInformation, Version=8.0.0.0, Culture=neutral, PublicKeyToken=b03f5f7f11d50a3aÔÇŁ.
             Rozpoznana ┼Ťcie┼╝ka pliku: ÔÇ×C:\Program Files\dotnet\packs\Microsoft.NETCore.App.Ref\8.0.1\ref\net8.0\System.Runtime.InteropServices.RuntimeInformation.dllÔÇŁ.
             Znaleziono odwo┼éanie w lokalizacji ┼Ťcie┼╝ki wyszukiwania ÔÇ×{RawFileName}ÔÇŁ.
             To odwo┼éanie nie ma parametru CopyLocal, poniewa┼╝ co najmniej jeden element ┼║r├│d┼éowy ma parametr Private ustawiony na warto┼Ť─ç false, a ┼╝aden z element├│w ┼║r├│d┼éowych nie ma parametru Private ustawionego na warto┼Ť─ç true.
         Odwo┼éanie podstawowe ÔÇ×System.Runtime.InteropServices, Version=8.0.0.0, Culture=neutral, PublicKeyToken=b03f5f7f11d50a3aÔÇŁ.
             Rozpoznana ┼Ťcie┼╝ka pliku: ÔÇ×C:\Program Files\dotnet\packs\Microsoft.NETCore.App.Ref\8.0.1\ref\net8.0\System.Runtime.InteropServices.dllÔÇŁ.
             Znaleziono odwo┼éanie w lokalizacji ┼Ťcie┼╝ki wyszukiwania ÔÇ×{RawFileName}ÔÇŁ.
             To odwo┼éanie nie ma parametru CopyLocal, poniewa┼╝ co najmniej jeden element ┼║r├│d┼éowy ma parametr Private ustawiony na warto┼Ť─ç false, a ┼╝aden z element├│w ┼║r├│d┼éowych nie ma parametru Private ustawionego na warto┼Ť─ç true.
         Odwo┼éanie podstawowe ÔÇ×System.Runtime.Intrinsics, Version=8.0.0.0, Culture=neutral, PublicKeyToken=cc7b13ffcd2ddd51ÔÇŁ.
             Rozpoznana ┼Ťcie┼╝ka pliku: ÔÇ×C:\Program Files\dotnet\packs\Microsoft.NETCore.App.Ref\8.0.1\ref\net8.0\System.Runtime.Intrinsics.dllÔÇŁ.
             Znaleziono odwo┼éanie w lokalizacji ┼Ťcie┼╝ki wyszukiwania ÔÇ×{RawFileName}ÔÇŁ.
             To odwo┼éanie nie ma parametru CopyLocal, poniewa┼╝ co najmniej jeden element ┼║r├│d┼éowy ma parametr Private ustawiony na warto┼Ť─ç false, a ┼╝aden z element├│w ┼║r├│d┼éowych nie ma parametru Private ustawionego na warto┼Ť─ç true.
         Odwo┼éanie podstawowe ÔÇ×System.Runtime.Loader, Version=8.0.0.0, Culture=neutral, PublicKeyToken=b03f5f7f11d50a3aÔÇŁ.
             Rozpoznana ┼Ťcie┼╝ka pliku: ÔÇ×C:\Program Files\dotnet\packs\Microsoft.NETCore.App.Ref\8.0.1\ref\net8.0\System.Runtime.Loader.dllÔÇŁ.
             Znaleziono odwo┼éanie w lokalizacji ┼Ťcie┼╝ki wyszukiwania ÔÇ×{RawFileName}ÔÇŁ.
             To odwo┼éanie nie ma parametru CopyLocal, poniewa┼╝ co najmniej jeden element ┼║r├│d┼éowy ma parametr Private ustawiony na warto┼Ť─ç false, a ┼╝aden z element├│w ┼║r├│d┼éowych nie ma parametru Private ustawionego na warto┼Ť─ç true.
         Odwo┼éanie podstawowe ÔÇ×System.Runtime.Numerics, Version=8.0.0.0, Culture=neutral, PublicKeyToken=b03f5f7f11d50a3aÔÇŁ.
             Rozpoznana ┼Ťcie┼╝ka pliku: ÔÇ×C:\Program Files\dotnet\packs\Microsoft.NETCore.App.Ref\8.0.1\ref\net8.0\System.Runtime.Numerics.dllÔÇŁ.
             Znaleziono odwo┼éanie w lokalizacji ┼Ťcie┼╝ki wyszukiwania ÔÇ×{RawFileName}ÔÇŁ.
             To odwo┼éanie nie ma parametru CopyLocal, poniewa┼╝ co najmniej jeden element ┼║r├│d┼éowy ma parametr Private ustawiony na warto┼Ť─ç false, a ┼╝aden z element├│w ┼║r├│d┼éowych nie ma parametru Private ustawionego na warto┼Ť─ç true.
         Odwo┼éanie podstawowe ÔÇ×System.Runtime.Serialization.Formatters, Version=8.0.0.0, Culture=neutral, PublicKeyToken=b03f5f7f11d50a3aÔÇŁ.
             Rozpoznana ┼Ťcie┼╝ka pliku: ÔÇ×C:\Program Files\dotnet\packs\Microsoft.NETCore.App.Ref\8.0.1\ref\net8.0\System.Runtime.Serialization.Formatters.dllÔÇŁ.
             Znaleziono odwo┼éanie w lokalizacji ┼Ťcie┼╝ki wyszukiwania ÔÇ×{RawFileName}ÔÇŁ.
             To odwo┼éanie nie ma parametru CopyLocal, poniewa┼╝ co najmniej jeden element ┼║r├│d┼éowy ma parametr Private ustawiony na warto┼Ť─ç false, a ┼╝aden z element├│w ┼║r├│d┼éowych nie ma parametru Private ustawionego na warto┼Ť─ç true.
         Odwo┼éanie podstawowe ÔÇ×System.Runtime.Serialization.Json, Version=8.0.0.0, Culture=neutral, PublicKeyToken=b03f5f7f11d50a3aÔÇŁ.
             Rozpoznana ┼Ťcie┼╝ka pliku: ÔÇ×C:\Program Files\dotnet\packs\Microsoft.NETCore.App.Ref\8.0.1\ref\net8.0\System.Runtime.Serialization.Json.dllÔÇŁ.
             Znaleziono odwo┼éanie w lokalizacji ┼Ťcie┼╝ki wyszukiwania ÔÇ×{RawFileName}ÔÇŁ.
             To odwo┼éanie nie ma parametru CopyLocal, poniewa┼╝ co najmniej jeden element ┼║r├│d┼éowy ma parametr Private ustawiony na warto┼Ť─ç false, a ┼╝aden z element├│w ┼║r├│d┼éowych nie ma parametru Private ustawionego na warto┼Ť─ç true.
         Odwo┼éanie podstawowe ÔÇ×System.Runtime.Serialization.Primitives, Version=8.0.0.0, Culture=neutral, PublicKeyToken=b03f5f7f11d50a3aÔÇŁ.
             Rozpoznana ┼Ťcie┼╝ka pliku: ÔÇ×C:\Program Files\dotnet\packs\Microsoft.NETCore.App.Ref\8.0.1\ref\net8.0\System.Runtime.Serialization.Primitives.dllÔÇŁ.
             Znaleziono odwo┼éanie w lokalizacji ┼Ťcie┼╝ki wyszukiwania ÔÇ×{RawFileName}ÔÇŁ.
             To odwo┼éanie nie ma parametru CopyLocal, poniewa┼╝ co najmniej jeden element ┼║r├│d┼éowy ma parametr Private ustawiony na warto┼Ť─ç false, a ┼╝aden z element├│w ┼║r├│d┼éowych nie ma parametru Private ustawionego na warto┼Ť─ç true.
         Odwo┼éanie podstawowe ÔÇ×System.Runtime.Serialization.Xml, Version=8.0.0.0, Culture=neutral, PublicKeyToken=b03f5f7f11d50a3aÔÇŁ.
             Rozpoznana ┼Ťcie┼╝ka pliku: ÔÇ×C:\Program Files\dotnet\packs\Microsoft.NETCore.App.Ref\8.0.1\ref\net8.0\System.Runtime.Serialization.Xml.dllÔÇŁ.
             Znaleziono odwo┼éanie w lokalizacji ┼Ťcie┼╝ki wyszukiwania ÔÇ×{RawFileName}ÔÇŁ.
             To odwo┼éanie nie ma parametru CopyLocal, poniewa┼╝ co najmniej jeden element ┼║r├│d┼éowy ma parametr Private ustawiony na warto┼Ť─ç false, a ┼╝aden z element├│w ┼║r├│d┼éowych nie ma parametru Private ustawionego na warto┼Ť─ç true.
         Odwo┼éanie podstawowe ÔÇ×System.Runtime.Serialization, Version=4.0.0.0, Culture=neutral, PublicKeyToken=b77a5c561934e089ÔÇŁ.
             Rozpoznana ┼Ťcie┼╝ka pliku: ÔÇ×C:\Program Files\dotnet\packs\Microsoft.NETCore.App.Ref\8.0.1\ref\net8.0\System.Runtime.Serialization.dllÔÇŁ.
             Znaleziono odwo┼éanie w lokalizacji ┼Ťcie┼╝ki wyszukiwania ÔÇ×{RawFileName}ÔÇŁ.
             To odwo┼éanie nie ma parametru CopyLocal, poniewa┼╝ co najmniej jeden element ┼║r├│d┼éowy ma parametr Private ustawiony na warto┼Ť─ç false, a ┼╝aden z element├│w ┼║r├│d┼éowych nie ma parametru Private ustawionego na warto┼Ť─ç true.
         Odwo┼éanie podstawowe ÔÇ×System.Runtime, Version=8.0.0.0, Culture=neutral, PublicKeyToken=b03f5f7f11d50a3aÔÇŁ.
             Rozpoznana ┼Ťcie┼╝ka pliku: ÔÇ×C:\Program Files\dotnet\packs\Microsoft.NETCore.App.Ref\8.0.1\ref\net8.0\System.Runtime.dllÔÇŁ.
             Znaleziono odwo┼éanie w lokalizacji ┼Ťcie┼╝ki wyszukiwania ÔÇ×{RawFileName}ÔÇŁ.
             To odwo┼éanie nie ma parametru CopyLocal, poniewa┼╝ co najmniej jeden element ┼║r├│d┼éowy ma parametr Private ustawiony na warto┼Ť─ç false, a ┼╝aden z element├│w ┼║r├│d┼éowych nie ma parametru Private ustawionego na warto┼Ť─ç true.
         Odwo┼éanie podstawowe ÔÇ×System.Security.AccessControl, Version=8.0.0.0, Culture=neutral, PublicKeyToken=b03f5f7f11d50a3aÔÇŁ.
             Rozpoznana ┼Ťcie┼╝ka pliku: ÔÇ×C:\Program Files\dotnet\packs\Microsoft.NETCore.App.Ref\8.0.1\ref\net8.0\System.Security.AccessControl.dllÔÇŁ.
             Znaleziono odwo┼éanie w lokalizacji ┼Ťcie┼╝ki wyszukiwania ÔÇ×{RawFileName}ÔÇŁ.
             To odwo┼éanie nie ma parametru CopyLocal, poniewa┼╝ co najmniej jeden element ┼║r├│d┼éowy ma parametr Private ustawiony na warto┼Ť─ç false, a ┼╝aden z element├│w ┼║r├│d┼éowych nie ma parametru Private ustawionego na warto┼Ť─ç true.
         Odwo┼éanie podstawowe ÔÇ×System.Security.Claims, Version=8.0.0.0, Culture=neutral, PublicKeyToken=b03f5f7f11d50a3aÔÇŁ.
             Rozpoznana ┼Ťcie┼╝ka pliku: ÔÇ×C:\Program Files\dotnet\packs\Microsoft.NETCore.App.Ref\8.0.1\ref\net8.0\System.Security.Claims.dllÔÇŁ.
             Znaleziono odwo┼éanie w lokalizacji ┼Ťcie┼╝ki wyszukiwania ÔÇ×{RawFileName}ÔÇŁ.
             To odwo┼éanie nie ma parametru CopyLocal, poniewa┼╝ co najmniej jeden element ┼║r├│d┼éowy ma parametr Private ustawiony na warto┼Ť─ç false, a ┼╝aden z element├│w ┼║r├│d┼éowych nie ma parametru Private ustawionego na warto┼Ť─ç true.
         Odwo┼éanie podstawowe ÔÇ×System.Security.Cryptography.Algorithms, Version=8.0.0.0, Culture=neutral, PublicKeyToken=b03f5f7f11d50a3aÔÇŁ.
             Rozpoznana ┼Ťcie┼╝ka pliku: ÔÇ×C:\Program Files\dotnet\packs\Microsoft.NETCore.App.Ref\8.0.1\ref\net8.0\System.Security.Cryptography.Algorithms.dllÔÇŁ.
             Znaleziono odwo┼éanie w lokalizacji ┼Ťcie┼╝ki wyszukiwania ÔÇ×{RawFileName}ÔÇŁ.
             To odwo┼éanie nie ma parametru CopyLocal, poniewa┼╝ co najmniej jeden element ┼║r├│d┼éowy ma parametr Private ustawiony na warto┼Ť─ç false, a ┼╝aden z element├│w ┼║r├│d┼éowych nie ma parametru Private ustawionego na warto┼Ť─ç true.
         Odwo┼éanie podstawowe ÔÇ×System.Security.Cryptography.Cng, Version=8.0.0.0, Culture=neutral, PublicKeyToken=b03f5f7f11d50a3aÔÇŁ.
             Rozpoznana ┼Ťcie┼╝ka pliku: ÔÇ×C:\Program Files\dotnet\packs\Microsoft.NETCore.App.Ref\8.0.1\ref\net8.0\System.Security.Cryptography.Cng.dllÔÇŁ.
             Znaleziono odwo┼éanie w lokalizacji ┼Ťcie┼╝ki wyszukiwania ÔÇ×{RawFileName}ÔÇŁ.
             To odwo┼éanie nie ma parametru CopyLocal, poniewa┼╝ co najmniej jeden element ┼║r├│d┼éowy ma parametr Private ustawiony na warto┼Ť─ç false, a ┼╝aden z element├│w ┼║r├│d┼éowych nie ma parametru Private ustawionego na warto┼Ť─ç true.
         Odwo┼éanie podstawowe ÔÇ×System.Security.Cryptography.Csp, Version=8.0.0.0, Culture=neutral, PublicKeyToken=b03f5f7f11d50a3aÔÇŁ.
             Rozpoznana ┼Ťcie┼╝ka pliku: ÔÇ×C:\Program Files\dotnet\packs\Microsoft.NETCore.App.Ref\8.0.1\ref\net8.0\System.Security.Cryptography.Csp.dllÔÇŁ.
             Znaleziono odwo┼éanie w lokalizacji ┼Ťcie┼╝ki wyszukiwania ÔÇ×{RawFileName}ÔÇŁ.
             To odwo┼éanie nie ma parametru CopyLocal, poniewa┼╝ co najmniej jeden element ┼║r├│d┼éowy ma parametr Private ustawiony na warto┼Ť─ç false, a ┼╝aden z element├│w ┼║r├│d┼éowych nie ma parametru Private ustawionego na warto┼Ť─ç true.
         Odwo┼éanie podstawowe ÔÇ×System.Security.Cryptography.Encoding, Version=8.0.0.0, Culture=neutral, PublicKeyToken=b03f5f7f11d50a3aÔÇŁ.
             Rozpoznana ┼Ťcie┼╝ka pliku: ÔÇ×C:\Program Files\dotnet\packs\Microsoft.NETCore.App.Ref\8.0.1\ref\net8.0\System.Security.Cryptography.Encoding.dllÔÇŁ.
             Znaleziono odwo┼éanie w lokalizacji ┼Ťcie┼╝ki wyszukiwania ÔÇ×{RawFileName}ÔÇŁ.
             To odwo┼éanie nie ma parametru CopyLocal, poniewa┼╝ co najmniej jeden element ┼║r├│d┼éowy ma parametr Private ustawiony na warto┼Ť─ç false, a ┼╝aden z element├│w ┼║r├│d┼éowych nie ma parametru Private ustawionego na warto┼Ť─ç true.
         Odwo┼éanie podstawowe ÔÇ×System.Security.Cryptography.OpenSsl, Version=8.0.0.0, Culture=neutral, PublicKeyToken=b03f5f7f11d50a3aÔÇŁ.
             Rozpoznana ┼Ťcie┼╝ka pliku: ÔÇ×C:\Program Files\dotnet\packs\Microsoft.NETCore.App.Ref\8.0.1\ref\net8.0\System.Security.Cryptography.OpenSsl.dllÔÇŁ.
             Znaleziono odwo┼éanie w lokalizacji ┼Ťcie┼╝ki wyszukiwania ÔÇ×{RawFileName}ÔÇŁ.
             To odwo┼éanie nie ma parametru CopyLocal, poniewa┼╝ co najmniej jeden element ┼║r├│d┼éowy ma parametr Private ustawiony na warto┼Ť─ç false, a ┼╝aden z element├│w ┼║r├│d┼éowych nie ma parametru Private ustawionego na warto┼Ť─ç true.
         Odwo┼éanie podstawowe ÔÇ×System.Security.Cryptography.Primitives, Version=8.0.0.0, Culture=neutral, PublicKeyToken=b03f5f7f11d50a3aÔÇŁ.
             Rozpoznana ┼Ťcie┼╝ka pliku: ÔÇ×C:\Program Files\dotnet\packs\Microsoft.NETCore.App.Ref\8.0.1\ref\net8.0\System.Security.Cryptography.Primitives.dllÔÇŁ.
             Znaleziono odwo┼éanie w lokalizacji ┼Ťcie┼╝ki wyszukiwania ÔÇ×{RawFileName}ÔÇŁ.
             To odwo┼éanie nie ma parametru CopyLocal, poniewa┼╝ co najmniej jeden element ┼║r├│d┼éowy ma parametr Private ustawiony na warto┼Ť─ç false, a ┼╝aden z element├│w ┼║r├│d┼éowych nie ma parametru Private ustawionego na warto┼Ť─ç true.
         Odwo┼éanie podstawowe ÔÇ×System.Security.Cryptography.X509Certificates, Version=8.0.0.0, Culture=neutral, PublicKeyToken=b03f5f7f11d50a3aÔÇŁ.
             Rozpoznana ┼Ťcie┼╝ka pliku: ÔÇ×C:\Program Files\dotnet\packs\Microsoft.NETCore.App.Ref\8.0.1\ref\net8.0\System.Security.Cryptography.X509Certificates.dllÔÇŁ.
             Znaleziono odwo┼éanie w lokalizacji ┼Ťcie┼╝ki wyszukiwania ÔÇ×{RawFileName}ÔÇŁ.
             To odwo┼éanie nie ma parametru CopyLocal, poniewa┼╝ co najmniej jeden element ┼║r├│d┼éowy ma parametr Private ustawiony na warto┼Ť─ç false, a ┼╝aden z element├│w ┼║r├│d┼éowych nie ma parametru Private ustawionego na warto┼Ť─ç true.
         Odwo┼éanie podstawowe ÔÇ×System.Security.Cryptography, Version=8.0.0.0, Culture=neutral, PublicKeyToken=b03f5f7f11d50a3aÔÇŁ.
             Rozpoznana ┼Ťcie┼╝ka pliku: ÔÇ×C:\Program Files\dotnet\packs\Microsoft.NETCore.App.Ref\8.0.1\ref\net8.0\System.Security.Cryptography.dllÔÇŁ.
             Znaleziono odwo┼éanie w lokalizacji ┼Ťcie┼╝ki wyszukiwania ÔÇ×{RawFileName}ÔÇŁ.
             To odwo┼éanie nie ma parametru CopyLocal, poniewa┼╝ co najmniej jeden element ┼║r├│d┼éowy ma parametr Private ustawiony na warto┼Ť─ç false, a ┼╝aden z element├│w ┼║r├│d┼éowych nie ma parametru Private ustawionego na warto┼Ť─ç true.
         Odwo┼éanie podstawowe ÔÇ×System.Security.Principal.Windows, Version=8.0.0.0, Culture=neutral, PublicKeyToken=b03f5f7f11d50a3aÔÇŁ.
             Rozpoznana ┼Ťcie┼╝ka pliku: ÔÇ×C:\Program Files\dotnet\packs\Microsoft.NETCore.App.Ref\8.0.1\ref\net8.0\System.Security.Principal.Windows.dllÔÇŁ.
             Znaleziono odwo┼éanie w lokalizacji ┼Ťcie┼╝ki wyszukiwania ÔÇ×{RawFileName}ÔÇŁ.
             To odwo┼éanie nie ma parametru CopyLocal, poniewa┼╝ co najmniej jeden element ┼║r├│d┼éowy ma parametr Private ustawiony na warto┼Ť─ç false, a ┼╝aden z element├│w ┼║r├│d┼éowych nie ma parametru Private ustawionego na warto┼Ť─ç true.
         Odwo┼éanie podstawowe ÔÇ×System.Security.Principal, Version=8.0.0.0, Culture=neutral, PublicKeyToken=b03f5f7f11d50a3aÔÇŁ.
             Rozpoznana ┼Ťcie┼╝ka pliku: ÔÇ×C:\Program Files\dotnet\packs\Microsoft.NETCore.App.Ref\8.0.1\ref\net8.0\System.Security.Principal.dllÔÇŁ.
             Znaleziono odwo┼éanie w lokalizacji ┼Ťcie┼╝ki wyszukiwania ÔÇ×{RawFileName}ÔÇŁ.
             To odwo┼éanie nie ma parametru CopyLocal, poniewa┼╝ co najmniej jeden element ┼║r├│d┼éowy ma parametr Private ustawiony na warto┼Ť─ç false, a ┼╝aden z element├│w ┼║r├│d┼éowych nie ma parametru Private ustawionego na warto┼Ť─ç true.
         Odwo┼éanie podstawowe ÔÇ×System.Security.SecureString, Version=8.0.0.0, Culture=neutral, PublicKeyToken=b03f5f7f11d50a3aÔÇŁ.
             Rozpoznana ┼Ťcie┼╝ka pliku: ÔÇ×C:\Program Files\dotnet\packs\Microsoft.NETCore.App.Ref\8.0.1\ref\net8.0\System.Security.SecureString.dllÔÇŁ.
             Znaleziono odwo┼éanie w lokalizacji ┼Ťcie┼╝ki wyszukiwania ÔÇ×{RawFileName}ÔÇŁ.
             To odwo┼éanie nie ma parametru CopyLocal, poniewa┼╝ co najmniej jeden element ┼║r├│d┼éowy ma parametr Private ustawiony na warto┼Ť─ç false, a ┼╝aden z element├│w ┼║r├│d┼éowych nie ma parametru Private ustawionego na warto┼Ť─ç true.
         Odwo┼éanie podstawowe ÔÇ×System.Security, Version=4.0.0.0, Culture=neutral, PublicKeyToken=b03f5f7f11d50a3aÔÇŁ.
             Rozpoznana ┼Ťcie┼╝ka pliku: ÔÇ×C:\Program Files\dotnet\packs\Microsoft.NETCore.App.Ref\8.0.1\ref\net8.0\System.Security.dllÔÇŁ.
             Znaleziono odwo┼éanie w lokalizacji ┼Ťcie┼╝ki wyszukiwania ÔÇ×{RawFileName}ÔÇŁ.
             To odwo┼éanie nie ma parametru CopyLocal, poniewa┼╝ co najmniej jeden element ┼║r├│d┼éowy ma parametr Private ustawiony na warto┼Ť─ç false, a ┼╝aden z element├│w ┼║r├│d┼éowych nie ma parametru Private ustawionego na warto┼Ť─ç true.
         Odwo┼éanie podstawowe ÔÇ×System.ServiceModel.Web, Version=4.0.0.0, Culture=neutral, PublicKeyToken=31bf3856ad364e35ÔÇŁ.
             Rozpoznana ┼Ťcie┼╝ka pliku: ÔÇ×C:\Program Files\dotnet\packs\Microsoft.NETCore.App.Ref\8.0.1\ref\net8.0\System.ServiceModel.Web.dllÔÇŁ.
             Znaleziono odwo┼éanie w lokalizacji ┼Ťcie┼╝ki wyszukiwania ÔÇ×{RawFileName}ÔÇŁ.
             To odwo┼éanie nie ma parametru CopyLocal, poniewa┼╝ co najmniej jeden element ┼║r├│d┼éowy ma parametr Private ustawiony na warto┼Ť─ç false, a ┼╝aden z element├│w ┼║r├│d┼éowych nie ma parametru Private ustawionego na warto┼Ť─ç true.
         Odwo┼éanie podstawowe ÔÇ×System.ServiceProcess, Version=4.0.0.0, Culture=neutral, PublicKeyToken=b03f5f7f11d50a3aÔÇŁ.
             Rozpoznana ┼Ťcie┼╝ka pliku: ÔÇ×C:\Program Files\dotnet\packs\Microsoft.NETCore.App.Ref\8.0.1\ref\net8.0\System.ServiceProcess.dllÔÇŁ.
             Znaleziono odwo┼éanie w lokalizacji ┼Ťcie┼╝ki wyszukiwania ÔÇ×{RawFileName}ÔÇŁ.
             To odwo┼éanie nie ma parametru CopyLocal, poniewa┼╝ co najmniej jeden element ┼║r├│d┼éowy ma parametr Private ustawiony na warto┼Ť─ç false, a ┼╝aden z element├│w ┼║r├│d┼éowych nie ma parametru Private ustawionego na warto┼Ť─ç true.
         Odwo┼éanie podstawowe ÔÇ×System.Text.Encoding.CodePages, Version=8.0.0.0, Culture=neutral, PublicKeyToken=b03f5f7f11d50a3aÔÇŁ.
             Rozpoznana ┼Ťcie┼╝ka pliku: ÔÇ×C:\Program Files\dotnet\packs\Microsoft.NETCore.App.Ref\8.0.1\ref\net8.0\System.Text.Encoding.CodePages.dllÔÇŁ.
             Znaleziono odwo┼éanie w lokalizacji ┼Ťcie┼╝ki wyszukiwania ÔÇ×{RawFileName}ÔÇŁ.
             To odwo┼éanie nie ma parametru CopyLocal, poniewa┼╝ co najmniej jeden element ┼║r├│d┼éowy ma parametr Private ustawiony na warto┼Ť─ç false, a ┼╝aden z element├│w ┼║r├│d┼éowych nie ma parametru Private ustawionego na warto┼Ť─ç true.
         Odwo┼éanie podstawowe ÔÇ×System.Text.Encoding.Extensions, Version=8.0.0.0, Culture=neutral, PublicKeyToken=b03f5f7f11d50a3aÔÇŁ.
             Rozpoznana ┼Ťcie┼╝ka pliku: ÔÇ×C:\Program Files\dotnet\packs\Microsoft.NETCore.App.Ref\8.0.1\ref\net8.0\System.Text.Encoding.Extensions.dllÔÇŁ.
             Znaleziono odwo┼éanie w lokalizacji ┼Ťcie┼╝ki wyszukiwania ÔÇ×{RawFileName}ÔÇŁ.
             To odwo┼éanie nie ma parametru CopyLocal, poniewa┼╝ co najmniej jeden element ┼║r├│d┼éowy ma parametr Private ustawiony na warto┼Ť─ç false, a ┼╝aden z element├│w ┼║r├│d┼éowych nie ma parametru Private ustawionego na warto┼Ť─ç true.
         Odwo┼éanie podstawowe ÔÇ×System.Text.Encoding, Version=8.0.0.0, Culture=neutral, PublicKeyToken=b03f5f7f11d50a3aÔÇŁ.
             Rozpoznana ┼Ťcie┼╝ka pliku: ÔÇ×C:\Program Files\dotnet\packs\Microsoft.NETCore.App.Ref\8.0.1\ref\net8.0\System.Text.Encoding.dllÔÇŁ.
             Znaleziono odwo┼éanie w lokalizacji ┼Ťcie┼╝ki wyszukiwania ÔÇ×{RawFileName}ÔÇŁ.
             To odwo┼éanie nie ma parametru CopyLocal, poniewa┼╝ co najmniej jeden element ┼║r├│d┼éowy ma parametr Private ustawiony na warto┼Ť─ç false, a ┼╝aden z element├│w ┼║r├│d┼éowych nie ma parametru Private ustawionego na warto┼Ť─ç true.
         Odwo┼éanie podstawowe ÔÇ×System.Text.Encodings.Web, Version=8.0.0.0, Culture=neutral, PublicKeyToken=cc7b13ffcd2ddd51ÔÇŁ.
             Rozpoznana ┼Ťcie┼╝ka pliku: ÔÇ×C:\Program Files\dotnet\packs\Microsoft.NETCore.App.Ref\8.0.1\ref\net8.0\System.Text.Encodings.Web.dllÔÇŁ.
             Znaleziono odwo┼éanie w lokalizacji ┼Ťcie┼╝ki wyszukiwania ÔÇ×{RawFileName}ÔÇŁ.
             To odwo┼éanie nie ma parametru CopyLocal, poniewa┼╝ co najmniej jeden element ┼║r├│d┼éowy ma parametr Private ustawiony na warto┼Ť─ç false, a ┼╝aden z element├│w ┼║r├│d┼éowych nie ma parametru Private ustawionego na warto┼Ť─ç true.
         Odwo┼éanie podstawowe ÔÇ×System.Text.Json, Version=8.0.0.0, Culture=neutral, PublicKeyToken=cc7b13ffcd2ddd51ÔÇŁ.
             Rozpoznana ┼Ťcie┼╝ka pliku: ÔÇ×C:\Program Files\dotnet\packs\Microsoft.NETCore.App.Ref\8.0.1\ref\net8.0\System.Text.Json.dllÔÇŁ.
             Znaleziono odwo┼éanie w lokalizacji ┼Ťcie┼╝ki wyszukiwania ÔÇ×{RawFileName}ÔÇŁ.
             To odwo┼éanie nie ma parametru CopyLocal, poniewa┼╝ co najmniej jeden element ┼║r├│d┼éowy ma parametr Private ustawiony na warto┼Ť─ç false, a ┼╝aden z element├│w ┼║r├│d┼éowych nie ma parametru Private ustawionego na warto┼Ť─ç true.
         Odwo┼éanie podstawowe ÔÇ×System.Text.RegularExpressions, Version=8.0.0.0, Culture=neutral, PublicKeyToken=b03f5f7f11d50a3aÔÇŁ.
             Rozpoznana ┼Ťcie┼╝ka pliku: ÔÇ×C:\Program Files\dotnet\packs\Microsoft.NETCore.App.Ref\8.0.1\ref\net8.0\System.Text.RegularExpressions.dllÔÇŁ.
             Znaleziono odwo┼éanie w lokalizacji ┼Ťcie┼╝ki wyszukiwania ÔÇ×{RawFileName}ÔÇŁ.
             To odwo┼éanie nie ma parametru CopyLocal, poniewa┼╝ co najmniej jeden element ┼║r├│d┼éowy ma parametr Private ustawiony na warto┼Ť─ç false, a ┼╝aden z element├│w ┼║r├│d┼éowych nie ma parametru Private ustawionego na warto┼Ť─ç true.
         Odwo┼éanie podstawowe ÔÇ×System.Threading.Channels, Version=8.0.0.0, Culture=neutral, PublicKeyToken=cc7b13ffcd2ddd51ÔÇŁ.
             Rozpoznana ┼Ťcie┼╝ka pliku: ÔÇ×C:\Program Files\dotnet\packs\Microsoft.NETCore.App.Ref\8.0.1\ref\net8.0\System.Threading.Channels.dllÔÇŁ.
             Znaleziono odwo┼éanie w lokalizacji ┼Ťcie┼╝ki wyszukiwania ÔÇ×{RawFileName}ÔÇŁ.
             To odwo┼éanie nie ma parametru CopyLocal, poniewa┼╝ co najmniej jeden element ┼║r├│d┼éowy ma parametr Private ustawiony na warto┼Ť─ç false, a ┼╝aden z element├│w ┼║r├│d┼éowych nie ma parametru Private ustawionego na warto┼Ť─ç true.
         Odwo┼éanie podstawowe ÔÇ×System.Threading.Overlapped, Version=8.0.0.0, Culture=neutral, PublicKeyToken=b03f5f7f11d50a3aÔÇŁ.
             Rozpoznana ┼Ťcie┼╝ka pliku: ÔÇ×C:\Program Files\dotnet\packs\Microsoft.NETCore.App.Ref\8.0.1\ref\net8.0\System.Threading.Overlapped.dllÔÇŁ.
             Znaleziono odwo┼éanie w lokalizacji ┼Ťcie┼╝ki wyszukiwania ÔÇ×{RawFileName}ÔÇŁ.
             To odwo┼éanie nie ma parametru CopyLocal, poniewa┼╝ co najmniej jeden element ┼║r├│d┼éowy ma parametr Private ustawiony na warto┼Ť─ç false, a ┼╝aden z element├│w ┼║r├│d┼éowych nie ma parametru Private ustawionego na warto┼Ť─ç true.
         Odwo┼éanie podstawowe ÔÇ×System.Threading.Tasks.Dataflow, Version=8.0.0.0, Culture=neutral, PublicKeyToken=b03f5f7f11d50a3aÔÇŁ.
             Rozpoznana ┼Ťcie┼╝ka pliku: ÔÇ×C:\Program Files\dotnet\packs\Microsoft.NETCore.App.Ref\8.0.1\ref\net8.0\System.Threading.Tasks.Dataflow.dllÔÇŁ.
             Znaleziono odwo┼éanie w lokalizacji ┼Ťcie┼╝ki wyszukiwania ÔÇ×{RawFileName}ÔÇŁ.
             To odwo┼éanie nie ma parametru CopyLocal, poniewa┼╝ co najmniej jeden element ┼║r├│d┼éowy ma parametr Private ustawiony na warto┼Ť─ç false, a ┼╝aden z element├│w ┼║r├│d┼éowych nie ma parametru Private ustawionego na warto┼Ť─ç true.
         Odwo┼éanie podstawowe ÔÇ×System.Threading.Tasks.Extensions, Version=8.0.0.0, Culture=neutral, PublicKeyToken=cc7b13ffcd2ddd51ÔÇŁ.
             Rozpoznana ┼Ťcie┼╝ka pliku: ÔÇ×C:\Program Files\dotnet\packs\Microsoft.NETCore.App.Ref\8.0.1\ref\net8.0\System.Threading.Tasks.Extensions.dllÔÇŁ.
             Znaleziono odwo┼éanie w lokalizacji ┼Ťcie┼╝ki wyszukiwania ÔÇ×{RawFileName}ÔÇŁ.
             To odwo┼éanie nie ma parametru CopyLocal, poniewa┼╝ co najmniej jeden element ┼║r├│d┼éowy ma parametr Private ustawiony na warto┼Ť─ç false, a ┼╝aden z element├│w ┼║r├│d┼éowych nie ma parametru Private ustawionego na warto┼Ť─ç true.
         Odwo┼éanie podstawowe ÔÇ×System.Threading.Tasks.Parallel, Version=8.0.0.0, Culture=neutral, PublicKeyToken=b03f5f7f11d50a3aÔÇŁ.
             Rozpoznana ┼Ťcie┼╝ka pliku: ÔÇ×C:\Program Files\dotnet\packs\Microsoft.NETCore.App.Ref\8.0.1\ref\net8.0\System.Threading.Tasks.Parallel.dllÔÇŁ.
             Znaleziono odwo┼éanie w lokalizacji ┼Ťcie┼╝ki wyszukiwania ÔÇ×{RawFileName}ÔÇŁ.
             To odwo┼éanie nie ma parametru CopyLocal, poniewa┼╝ co najmniej jeden element ┼║r├│d┼éowy ma parametr Private ustawiony na warto┼Ť─ç false, a ┼╝aden z element├│w ┼║r├│d┼éowych nie ma parametru Private ustawionego na warto┼Ť─ç true.
         Odwo┼éanie podstawowe ÔÇ×System.Threading.Tasks, Version=8.0.0.0, Culture=neutral, PublicKeyToken=b03f5f7f11d50a3aÔÇŁ.
             Rozpoznana ┼Ťcie┼╝ka pliku: ÔÇ×C:\Program Files\dotnet\packs\Microsoft.NETCore.App.Ref\8.0.1\ref\net8.0\System.Threading.Tasks.dllÔÇŁ.
             Znaleziono odwo┼éanie w lokalizacji ┼Ťcie┼╝ki wyszukiwania ÔÇ×{RawFileName}ÔÇŁ.
             To odwo┼éanie nie ma parametru CopyLocal, poniewa┼╝ co najmniej jeden element ┼║r├│d┼éowy ma parametr Private ustawiony na warto┼Ť─ç false, a ┼╝aden z element├│w ┼║r├│d┼éowych nie ma parametru Private ustawionego na warto┼Ť─ç true.
         Odwo┼éanie podstawowe ÔÇ×System.Threading.Thread, Version=8.0.0.0, Culture=neutral, PublicKeyToken=b03f5f7f11d50a3aÔÇŁ.
             Rozpoznana ┼Ťcie┼╝ka pliku: ÔÇ×C:\Program Files\dotnet\packs\Microsoft.NETCore.App.Ref\8.0.1\ref\net8.0\System.Threading.Thread.dllÔÇŁ.
             Znaleziono odwo┼éanie w lokalizacji ┼Ťcie┼╝ki wyszukiwania ÔÇ×{RawFileName}ÔÇŁ.
             To odwo┼éanie nie ma parametru CopyLocal, poniewa┼╝ co najmniej jeden element ┼║r├│d┼éowy ma parametr Private ustawiony na warto┼Ť─ç false, a ┼╝aden z element├│w ┼║r├│d┼éowych nie ma parametru Private ustawionego na warto┼Ť─ç true.
         Odwo┼éanie podstawowe ÔÇ×System.Threading.ThreadPool, Version=8.0.0.0, Culture=neutral, PublicKeyToken=b03f5f7f11d50a3aÔÇŁ.
             Rozpoznana ┼Ťcie┼╝ka pliku: ÔÇ×C:\Program Files\dotnet\packs\Microsoft.NETCore.App.Ref\8.0.1\ref\net8.0\System.Threading.ThreadPool.dllÔÇŁ.
             Znaleziono odwo┼éanie w lokalizacji ┼Ťcie┼╝ki wyszukiwania ÔÇ×{RawFileName}ÔÇŁ.
             To odwo┼éanie nie ma parametru CopyLocal, poniewa┼╝ co najmniej jeden element ┼║r├│d┼éowy ma parametr Private ustawiony na warto┼Ť─ç false, a ┼╝aden z element├│w ┼║r├│d┼éowych nie ma parametru Private ustawionego na warto┼Ť─ç true.
         Odwo┼éanie podstawowe ÔÇ×System.Threading.Timer, Version=8.0.0.0, Culture=neutral, PublicKeyToken=b03f5f7f11d50a3aÔÇŁ.
             Rozpoznana ┼Ťcie┼╝ka pliku: ÔÇ×C:\Program Files\dotnet\packs\Microsoft.NETCore.App.Ref\8.0.1\ref\net8.0\System.Threading.Timer.dllÔÇŁ.
             Znaleziono odwo┼éanie w lokalizacji ┼Ťcie┼╝ki wyszukiwania ÔÇ×{RawFileName}ÔÇŁ.
             To odwo┼éanie nie ma parametru CopyLocal, poniewa┼╝ co najmniej jeden element ┼║r├│d┼éowy ma parametr Private ustawiony na warto┼Ť─ç false, a ┼╝aden z element├│w ┼║r├│d┼éowych nie ma parametru Private ustawionego na warto┼Ť─ç true.
         Odwo┼éanie podstawowe ÔÇ×System.Threading, Version=8.0.0.0, Culture=neutral, PublicKeyToken=b03f5f7f11d50a3aÔÇŁ.
             Rozpoznana ┼Ťcie┼╝ka pliku: ÔÇ×C:\Program Files\dotnet\packs\Microsoft.NETCore.App.Ref\8.0.1\ref\net8.0\System.Threading.dllÔÇŁ.
             Znaleziono odwo┼éanie w lokalizacji ┼Ťcie┼╝ki wyszukiwania ÔÇ×{RawFileName}ÔÇŁ.
             To odwo┼éanie nie ma parametru CopyLocal, poniewa┼╝ co najmniej jeden element ┼║r├│d┼éowy ma parametr Private ustawiony na warto┼Ť─ç false, a ┼╝aden z element├│w ┼║r├│d┼éowych nie ma parametru Private ustawionego na warto┼Ť─ç true.
         Odwo┼éanie podstawowe ÔÇ×System.Transactions.Local, Version=8.0.0.0, Culture=neutral, PublicKeyToken=cc7b13ffcd2ddd51ÔÇŁ.
             Rozpoznana ┼Ťcie┼╝ka pliku: ÔÇ×C:\Program Files\dotnet\packs\Microsoft.NETCore.App.Ref\8.0.1\ref\net8.0\System.Transactions.Local.dllÔÇŁ.
             Znaleziono odwo┼éanie w lokalizacji ┼Ťcie┼╝ki wyszukiwania ÔÇ×{RawFileName}ÔÇŁ.
             To odwo┼éanie nie ma parametru CopyLocal, poniewa┼╝ co najmniej jeden element ┼║r├│d┼éowy ma parametr Private ustawiony na warto┼Ť─ç false, a ┼╝aden z element├│w ┼║r├│d┼éowych nie ma parametru Private ustawionego na warto┼Ť─ç true.
         Odwo┼éanie podstawowe ÔÇ×System.Transactions, Version=4.0.0.0, Culture=neutral, PublicKeyToken=b77a5c561934e089ÔÇŁ.
             Rozpoznana ┼Ťcie┼╝ka pliku: ÔÇ×C:\Program Files\dotnet\packs\Microsoft.NETCore.App.Ref\8.0.1\ref\net8.0\System.Transactions.dllÔÇŁ.
             Znaleziono odwo┼éanie w lokalizacji ┼Ťcie┼╝ki wyszukiwania ÔÇ×{RawFileName}ÔÇŁ.
             To odwo┼éanie nie ma parametru CopyLocal, poniewa┼╝ co najmniej jeden element ┼║r├│d┼éowy ma parametr Private ustawiony na warto┼Ť─ç false, a ┼╝aden z element├│w ┼║r├│d┼éowych nie ma parametru Private ustawionego na warto┼Ť─ç true.
         Odwo┼éanie podstawowe ÔÇ×System.ValueTuple, Version=8.0.0.0, Culture=neutral, PublicKeyToken=cc7b13ffcd2ddd51ÔÇŁ.
             Rozpoznana ┼Ťcie┼╝ka pliku: ÔÇ×C:\Program Files\dotnet\packs\Microsoft.NETCore.App.Ref\8.0.1\ref\net8.0\System.ValueTuple.dllÔÇŁ.
             Znaleziono odwo┼éanie w lokalizacji ┼Ťcie┼╝ki wyszukiwania ÔÇ×{RawFileName}ÔÇŁ.
             To odwo┼éanie nie ma parametru CopyLocal, poniewa┼╝ co najmniej jeden element ┼║r├│d┼éowy ma parametr Private ustawiony na warto┼Ť─ç false, a ┼╝aden z element├│w ┼║r├│d┼éowych nie ma parametru Private ustawionego na warto┼Ť─ç true.
         Odwo┼éanie podstawowe ÔÇ×System.Web.HttpUtility, Version=8.0.0.0, Culture=neutral, PublicKeyToken=cc7b13ffcd2ddd51ÔÇŁ.
             Rozpoznana ┼Ťcie┼╝ka pliku: ÔÇ×C:\Program Files\dotnet\packs\Microsoft.NETCore.App.Ref\8.0.1\ref\net8.0\System.Web.HttpUtility.dllÔÇŁ.
             Znaleziono odwo┼éanie w lokalizacji ┼Ťcie┼╝ki wyszukiwania ÔÇ×{RawFileName}ÔÇŁ.
             To odwo┼éanie nie ma parametru CopyLocal, poniewa┼╝ co najmniej jeden element ┼║r├│d┼éowy ma parametr Private ustawiony na warto┼Ť─ç false, a ┼╝aden z element├│w ┼║r├│d┼éowych nie ma parametru Private ustawionego na warto┼Ť─ç true.
         Odwo┼éanie podstawowe ÔÇ×System.Web, Version=4.0.0.0, Culture=neutral, PublicKeyToken=b03f5f7f11d50a3aÔÇŁ.
             Rozpoznana ┼Ťcie┼╝ka pliku: ÔÇ×C:\Program Files\dotnet\packs\Microsoft.NETCore.App.Ref\8.0.1\ref\net8.0\System.Web.dllÔÇŁ.
             Znaleziono odwo┼éanie w lokalizacji ┼Ťcie┼╝ki wyszukiwania ÔÇ×{RawFileName}ÔÇŁ.
             To odwo┼éanie nie ma parametru CopyLocal, poniewa┼╝ co najmniej jeden element ┼║r├│d┼éowy ma parametr Private ustawiony na warto┼Ť─ç false, a ┼╝aden z element├│w ┼║r├│d┼éowych nie ma parametru Private ustawionego na warto┼Ť─ç true.
         Odwo┼éanie podstawowe ÔÇ×System.Windows, Version=4.0.0.0, Culture=neutral, PublicKeyToken=b03f5f7f11d50a3aÔÇŁ.
             Rozpoznana ┼Ťcie┼╝ka pliku: ÔÇ×C:\Program Files\dotnet\packs\Microsoft.NETCore.App.Ref\8.0.1\ref\net8.0\System.Windows.dllÔÇŁ.
             Znaleziono odwo┼éanie w lokalizacji ┼Ťcie┼╝ki wyszukiwania ÔÇ×{RawFileName}ÔÇŁ.
             To odwo┼éanie nie ma parametru CopyLocal, poniewa┼╝ co najmniej jeden element ┼║r├│d┼éowy ma parametr Private ustawiony na warto┼Ť─ç false, a ┼╝aden z element├│w ┼║r├│d┼éowych nie ma parametru Private ustawionego na warto┼Ť─ç true.
         Odwo┼éanie podstawowe ÔÇ×System.Xml.Linq, Version=4.0.0.0, Culture=neutral, PublicKeyToken=b77a5c561934e089ÔÇŁ.
             Rozpoznana ┼Ťcie┼╝ka pliku: ÔÇ×C:\Program Files\dotnet\packs\Microsoft.NETCore.App.Ref\8.0.1\ref\net8.0\System.Xml.Linq.dllÔÇŁ.
             Znaleziono odwo┼éanie w lokalizacji ┼Ťcie┼╝ki wyszukiwania ÔÇ×{RawFileName}ÔÇŁ.
             To odwo┼éanie nie ma parametru CopyLocal, poniewa┼╝ co najmniej jeden element ┼║r├│d┼éowy ma parametr Private ustawiony na warto┼Ť─ç false, a ┼╝aden z element├│w ┼║r├│d┼éowych nie ma parametru Private ustawionego na warto┼Ť─ç true.
         Odwo┼éanie podstawowe ÔÇ×System.Xml.ReaderWriter, Version=8.0.0.0, Culture=neutral, PublicKeyToken=b03f5f7f11d50a3aÔÇŁ.
             Rozpoznana ┼Ťcie┼╝ka pliku: ÔÇ×C:\Program Files\dotnet\packs\Microsoft.NETCore.App.Ref\8.0.1\ref\net8.0\System.Xml.ReaderWriter.dllÔÇŁ.
             Znaleziono odwo┼éanie w lokalizacji ┼Ťcie┼╝ki wyszukiwania ÔÇ×{RawFileName}ÔÇŁ.
             To odwo┼éanie nie ma parametru CopyLocal, poniewa┼╝ co najmniej jeden element ┼║r├│d┼éowy ma parametr Private ustawiony na warto┼Ť─ç false, a ┼╝aden z element├│w ┼║r├│d┼éowych nie ma parametru Private ustawionego na warto┼Ť─ç true.
         Odwo┼éanie podstawowe ÔÇ×System.Xml.Serialization, Version=4.0.0.0, Culture=neutral, PublicKeyToken=b77a5c561934e089ÔÇŁ.
             Rozpoznana ┼Ťcie┼╝ka pliku: ÔÇ×C:\Program Files\dotnet\packs\Microsoft.NETCore.App.Ref\8.0.1\ref\net8.0\System.Xml.Serialization.dllÔÇŁ.
             Znaleziono odwo┼éanie w lokalizacji ┼Ťcie┼╝ki wyszukiwania ÔÇ×{RawFileName}ÔÇŁ.
             To odwo┼éanie nie ma parametru CopyLocal, poniewa┼╝ co najmniej jeden element ┼║r├│d┼éowy ma parametr Private ustawiony na warto┼Ť─ç false, a ┼╝aden z element├│w ┼║r├│d┼éowych nie ma parametru Private ustawionego na warto┼Ť─ç true.
         Odwo┼éanie podstawowe ÔÇ×System.Xml.XDocument, Version=8.0.0.0, Culture=neutral, PublicKeyToken=b03f5f7f11d50a3aÔÇŁ.
             Rozpoznana ┼Ťcie┼╝ka pliku: ÔÇ×C:\Program Files\dotnet\packs\Microsoft.NETCore.App.Ref\8.0.1\ref\net8.0\System.Xml.XDocument.dllÔÇŁ.
             Znaleziono odwo┼éanie w lokalizacji ┼Ťcie┼╝ki wyszukiwania ÔÇ×{RawFileName}ÔÇŁ.
             To odwo┼éanie nie ma parametru CopyLocal, poniewa┼╝ co najmniej jeden element ┼║r├│d┼éowy ma parametr Private ustawiony na warto┼Ť─ç false, a ┼╝aden z element├│w ┼║r├│d┼éowych nie ma parametru Private ustawionego na warto┼Ť─ç true.
         Odwo┼éanie podstawowe ÔÇ×System.Xml.XPath.XDocument, Version=8.0.0.0, Culture=neutral, PublicKeyToken=b03f5f7f11d50a3aÔÇŁ.
             Rozpoznana ┼Ťcie┼╝ka pliku: ÔÇ×C:\Program Files\dotnet\packs\Microsoft.NETCore.App.Ref\8.0.1\ref\net8.0\System.Xml.XPath.XDocument.dllÔÇŁ.
             Znaleziono odwo┼éanie w lokalizacji ┼Ťcie┼╝ki wyszukiwania ÔÇ×{RawFileName}ÔÇŁ.
             To odwo┼éanie nie ma parametru CopyLocal, poniewa┼╝ co najmniej jeden element ┼║r├│d┼éowy ma parametr Private ustawiony na warto┼Ť─ç false, a ┼╝aden z element├│w ┼║r├│d┼éowych nie ma parametru Private ustawionego na warto┼Ť─ç true.
         Odwo┼éanie podstawowe ÔÇ×System.Xml.XPath, Version=8.0.0.0, Culture=neutral, PublicKeyToken=b03f5f7f11d50a3aÔÇŁ.
             Rozpoznana ┼Ťcie┼╝ka pliku: ÔÇ×C:\Program Files\dotnet\packs\Microsoft.NETCore.App.Ref\8.0.1\ref\net8.0\System.Xml.XPath.dllÔÇŁ.
             Znaleziono odwo┼éanie w lokalizacji ┼Ťcie┼╝ki wyszukiwania ÔÇ×{RawFileName}ÔÇŁ.
             To odwo┼éanie nie ma parametru CopyLocal, poniewa┼╝ co najmniej jeden element ┼║r├│d┼éowy ma parametr Private ustawiony na warto┼Ť─ç false, a ┼╝aden z element├│w ┼║r├│d┼éowych nie ma parametru Private ustawionego na warto┼Ť─ç true.
         Odwo┼éanie podstawowe ÔÇ×System.Xml.XmlDocument, Version=8.0.0.0, Culture=neutral, PublicKeyToken=b03f5f7f11d50a3aÔÇŁ.
             Rozpoznana ┼Ťcie┼╝ka pliku: ÔÇ×C:\Program Files\dotnet\packs\Microsoft.NETCore.App.Ref\8.0.1\ref\net8.0\System.Xml.XmlDocument.dllÔÇŁ.
             Znaleziono odwo┼éanie w lokalizacji ┼Ťcie┼╝ki wyszukiwania ÔÇ×{RawFileName}ÔÇŁ.
             To odwo┼éanie nie ma parametru CopyLocal, poniewa┼╝ co najmniej jeden element ┼║r├│d┼éowy ma parametr Private ustawiony na warto┼Ť─ç false, a ┼╝aden z element├│w ┼║r├│d┼éowych nie ma parametru Private ustawionego na warto┼Ť─ç true.
         Odwo┼éanie podstawowe ÔÇ×System.Xml.XmlSerializer, Version=8.0.0.0, Culture=neutral, PublicKeyToken=b03f5f7f11d50a3aÔÇŁ.
             Rozpoznana ┼Ťcie┼╝ka pliku: ÔÇ×C:\Program Files\dotnet\packs\Microsoft.NETCore.App.Ref\8.0.1\ref\net8.0\System.Xml.XmlSerializer.dllÔÇŁ.
             Znaleziono odwo┼éanie w lokalizacji ┼Ťcie┼╝ki wyszukiwania ÔÇ×{RawFileName}ÔÇŁ.
             To odwo┼éanie nie ma parametru CopyLocal, poniewa┼╝ co najmniej jeden element ┼║r├│d┼éowy ma parametr Private ustawiony na warto┼Ť─ç false, a ┼╝aden z element├│w ┼║r├│d┼éowych nie ma parametru Private ustawionego na warto┼Ť─ç true.
         Odwo┼éanie podstawowe ÔÇ×System.Xml, Version=4.0.0.0, Culture=neutral, PublicKeyToken=b77a5c561934e089ÔÇŁ.
             Rozpoznana ┼Ťcie┼╝ka pliku: ÔÇ×C:\Program Files\dotnet\packs\Microsoft.NETCore.App.Ref\8.0.1\ref\net8.0\System.Xml.dllÔÇŁ.
             Znaleziono odwo┼éanie w lokalizacji ┼Ťcie┼╝ki wyszukiwania ÔÇ×{RawFileName}ÔÇŁ.
             To odwo┼éanie nie ma parametru CopyLocal, poniewa┼╝ co najmniej jeden element ┼║r├│d┼éowy ma parametr Private ustawiony na warto┼Ť─ç false, a ┼╝aden z element├│w ┼║r├│d┼éowych nie ma parametru Private ustawionego na warto┼Ť─ç true.
         Odwo┼éanie podstawowe ÔÇ×System, Version=4.0.0.0, Culture=neutral, PublicKeyToken=b77a5c561934e089ÔÇŁ.
             Rozpoznana ┼Ťcie┼╝ka pliku: ÔÇ×C:\Program Files\dotnet\packs\Microsoft.NETCore.App.Ref\8.0.1\ref\net8.0\System.dllÔÇŁ.
             Znaleziono odwo┼éanie w lokalizacji ┼Ťcie┼╝ki wyszukiwania ÔÇ×{RawFileName}ÔÇŁ.
             To odwo┼éanie nie ma parametru CopyLocal, poniewa┼╝ co najmniej jeden element ┼║r├│d┼éowy ma parametr Private ustawiony na warto┼Ť─ç false, a ┼╝aden z element├│w ┼║r├│d┼éowych nie ma parametru Private ustawionego na warto┼Ť─ç true.
         Odwo┼éanie podstawowe ÔÇ×WindowsBase, Version=4.0.0.0, Culture=neutral, PublicKeyToken=31bf3856ad364e35ÔÇŁ.
             Rozpoznana ┼Ťcie┼╝ka pliku: ÔÇ×C:\Program Files\dotnet\packs\Microsoft.NETCore.App.Ref\8.0.1\ref\net8.0\WindowsBase.dllÔÇŁ.
             Znaleziono odwo┼éanie w lokalizacji ┼Ťcie┼╝ki wyszukiwania ÔÇ×{RawFileName}ÔÇŁ.
             To odwo┼éanie nie ma parametru CopyLocal, poniewa┼╝ co najmniej jeden element ┼║r├│d┼éowy ma parametr Private ustawiony na warto┼Ť─ç false, a ┼╝aden z element├│w ┼║r├│d┼éowych nie ma parametru Private ustawionego na warto┼Ť─ç true.
         Odwo┼éanie podstawowe ÔÇ×mscorlib, Version=4.0.0.0, Culture=neutral, PublicKeyToken=b77a5c561934e089ÔÇŁ.
             Rozpoznana ┼Ťcie┼╝ka pliku: ÔÇ×C:\Program Files\dotnet\packs\Microsoft.NETCore.App.Ref\8.0.1\ref\net8.0\mscorlib.dllÔÇŁ.
             Znaleziono odwo┼éanie w lokalizacji ┼Ťcie┼╝ki wyszukiwania ÔÇ×{RawFileName}ÔÇŁ.
             To odwo┼éanie nie ma parametru CopyLocal, poniewa┼╝ co najmniej jeden element ┼║r├│d┼éowy ma parametr Private ustawiony na warto┼Ť─ç false, a ┼╝aden z element├│w ┼║r├│d┼éowych nie ma parametru Private ustawionego na warto┼Ť─ç true.
         Odwo┼éanie podstawowe ÔÇ×netstandard, Version=2.1.0.0, Culture=neutral, PublicKeyToken=cc7b13ffcd2ddd51ÔÇŁ.
             Rozpoznana ┼Ťcie┼╝ka pliku: ÔÇ×C:\Program Files\dotnet\packs\Microsoft.NETCore.App.Ref\8.0.1\ref\net8.0\netstandard.dllÔÇŁ.
             Znaleziono odwo┼éanie w lokalizacji ┼Ťcie┼╝ki wyszukiwania ÔÇ×{RawFileName}ÔÇŁ.
             To odwo┼éanie nie ma parametru CopyLocal, poniewa┼╝ co najmniej jeden element ┼║r├│d┼éowy ma parametr Private ustawiony na warto┼Ť─ç false, a ┼╝aden z element├│w ┼║r├│d┼éowych nie ma parametru Private ustawionego na warto┼Ť─ç true.
       Wykonywanie zadania ÔÇ×ResolveAssemblyReferenceÔÇŁ zako┼äczone.
   2:7>Wykonano kompilowanie elementu docelowego ÔÇ×ResolveAssemblyReferencesÔÇŁ w projekcie ÔÇ×PhotoStudioManager.Core.csprojÔÇŁ.
       Pomini─Öto element docelowy ÔÇ×GenerateBindingRedirectsÔÇŁ z powodu fa┼észywego warunku; ('$(AutoGenerateBindingRedirects)' == 'true' and '$(GenerateBindingRedirectsOutputType)' == 'true' and '@(SuggestedBindingRedirects)' != '' and '$(DesignTimeBuild)' != 'true' and '$(BuildingProject)' == 'true') oszacowano jako ('' == 'true' and '' == 'true' and '' != '' and '' != 'true' and 'true' == 'true').
       Pomini─Öto element docelowy ÔÇ×GenerateSupportedRuntimeÔÇŁ z powodu fa┼észywego warunku; ('$(GenerateSupportedRuntime)' != 'false' and '$(TargetFrameworkIdentifier)' == '.NETFramework' and '$(HasRuntimeOutput)' == 'true') oszacowano jako ('' != 'false' and '.NETCoreApp' == '.NETFramework' and '' == 'true').
       Pomini─Öto element docelowy ÔÇ×GenerateBindingRedirectsUpdateAppConfigÔÇŁ z powodu fa┼észywego warunku; ('$(AutoGenerateBindingRedirects)' == 'true' and '$(GenerateBindingRedirectsOutputType)' == 'true') oszacowano jako ('' == 'true' and '' == 'true').
       Pomini─Öto element docelowy ÔÇ×ResolveComReferencesÔÇŁ z powodu fa┼észywego warunku; ('@(COMReference)'!='' or '@(COMFileReference)'!='') oszacowano jako (''!='' or ''!='').
   2:7>Element docelowy ÔÇ×AfterResolveReferencesÔÇŁ w pliku ÔÇ×C:\Program Files\dotnet\sdk\8.0.101\Microsoft.Common.CurrentVersion.targetsÔÇŁ z projektu ÔÇ×C:\Users\emili\CascadeProjects\PhotoStudioManager\PhotoStudioManager.Core\PhotoStudioManager.Core.csprojÔÇŁ (zale┼╝y od niego element docelowy ÔÇ×ResolveReferencesÔÇŁ):
   2:7>Wykonano kompilowanie elementu docelowego ÔÇ×AfterResolveReferencesÔÇŁ w projekcie ÔÇ×PhotoStudioManager.Core.csprojÔÇŁ.
   2:7>Element docelowy ÔÇ×ResolveReferencesÔÇŁ w pliku ÔÇ×C:\Program Files\dotnet\sdk\8.0.101\Microsoft.Common.CurrentVersion.targetsÔÇŁ z projektu ÔÇ×C:\Users\emili\CascadeProjects\PhotoStudioManager\PhotoStudioManager.Core\PhotoStudioManager.Core.csprojÔÇŁ (zale┼╝y od niego element docelowy ÔÇ×_BlockWinMDsOnUnsupportedTFMsÔÇŁ):
   2:7>Wykonano kompilowanie elementu docelowego ÔÇ×ResolveReferencesÔÇŁ w projekcie ÔÇ×PhotoStudioManager.Core.csprojÔÇŁ.
   2:7>Element docelowy ÔÇ×_BlockWinMDsOnUnsupportedTFMsÔÇŁ w pliku ÔÇ×C:\Program Files\dotnet\sdk\8.0.101\Sdks\Microsoft.NET.Sdk\targets\Microsoft.NET.Sdk.targetsÔÇŁ z projektu ÔÇ×C:\Users\emili\CascadeProjects\PhotoStudioManager\PhotoStudioManager.Core\PhotoStudioManager.Core.csprojÔÇŁ (zale┼╝y od niego element docelowy ÔÇ×CoreBuildÔÇŁ):
       U┼╝ywanie zadania ÔÇ×CheckForUnsupportedWinMDReferencesÔÇŁ z zestawu ÔÇ×C:\Program Files\dotnet\sdk\8.0.101\Sdks\Microsoft.NET.Sdk\targets\..\tools\net8.0\Microsoft.NET.Build.Tasks.dllÔÇŁ.
       Zadanie ÔÇ×CheckForUnsupportedWinMDReferencesÔÇŁ
       Wykonywanie zadania ÔÇ×CheckForUnsupportedWinMDReferencesÔÇŁ zako┼äczone.
       Pomini─Öto zadanie ÔÇ×NETSdkErrorÔÇŁ z powodu fa┼észywego warunku; ('$(OutputType)' == 'winmdobj') oszacowano jako ('Library' == 'winmdobj').
   2:7>Wykonano kompilowanie elementu docelowego ÔÇ×_BlockWinMDsOnUnsupportedTFMsÔÇŁ w projekcie ÔÇ×PhotoStudioManager.Core.csprojÔÇŁ.
       Pomini─Öto element docelowy ÔÇ×ResolveReferencesÔÇŁ. Wcze┼Ťniejsza kompilacja powiod┼éa si─Ö.
       Pomini─Öto element docelowy ÔÇ×ResolvePackageDependenciesForBuildÔÇŁ. Wcze┼Ťniejsza kompilacja powiod┼éa si─Ö.
       Pomini─Öto element docelowy ÔÇ×_HandlePackageFileConflictsÔÇŁ. Wcze┼Ťniejsza kompilacja powiod┼éa si─Ö.
   2:7>Element docelowy ÔÇ×CopyAdditionalFilesÔÇŁ w pliku ÔÇ×C:\Program Files\dotnet\sdk\8.0.101\Roslyn\Microsoft.Managed.Core.targetsÔÇŁ z projektu ÔÇ×C:\Users\emili\CascadeProjects\PhotoStudioManager\PhotoStudioManager.Core\PhotoStudioManager.Core.csprojÔÇŁ (zale┼╝y od niego element docelowy ÔÇ×AssignTargetPathsÔÇŁ):
   2:7>Wykonano kompilowanie elementu docelowego ÔÇ×CopyAdditionalFilesÔÇŁ w projekcie ÔÇ×PhotoStudioManager.Core.csprojÔÇŁ.
       Pomini─Öto element docelowy ÔÇ×_ChooseAppHostÔÇŁ z powodu fa┼észywego warunku; ('$(UseAppHost)' == 'true' and '$(_IsExecutable)' == 'true') oszacowano jako ('' == 'true' and '' == 'true').
       Pomini─Öto element docelowy ÔÇ×_GetComHostPathsÔÇŁ z powodu fa┼észywego warunku; ('$(EnableComHosting)' == 'true' and '$(_IsExecutable)' != 'true') oszacowano jako ('' == 'true' and '' != 'true').
       Pomini─Öto element docelowy ÔÇ×_GetIjwHostPathsÔÇŁ z powodu fa┼észywego warunku; ('$(UseIJWHost)' == 'true') oszacowano jako ('' == 'true').
   2:7>Element docelowy ÔÇ×_ComputeNETCoreBuildOutputFilesÔÇŁ w pliku ÔÇ×C:\Program Files\dotnet\sdk\8.0.101\Sdks\Microsoft.NET.Sdk\targets\Microsoft.NET.Sdk.targetsÔÇŁ z projektu ÔÇ×C:\Users\emili\CascadeProjects\PhotoStudioManager\PhotoStudioManager.Core\PhotoStudioManager.Core.csprojÔÇŁ (zale┼╝y od niego element docelowy ÔÇ×AssignTargetPathsÔÇŁ):
   2:7>Wykonano kompilowanie elementu docelowego ÔÇ×_ComputeNETCoreBuildOutputFilesÔÇŁ w projekcie ÔÇ×PhotoStudioManager.Core.csprojÔÇŁ.
   2:7>Element docelowy ÔÇ×AssignTargetPathsÔÇŁ w pliku ÔÇ×C:\Program Files\dotnet\sdk\8.0.101\Microsoft.Common.CurrentVersion.targetsÔÇŁ z projektu ÔÇ×C:\Users\emili\CascadeProjects\PhotoStudioManager\PhotoStudioManager.Core\PhotoStudioManager.Core.csprojÔÇŁ (zale┼╝y od niego element docelowy ÔÇ×PrepareResourceNamesÔÇŁ):
       U┼╝ywanie zadania ÔÇ×AssignTargetPathÔÇŁ z zestawu ÔÇ×Microsoft.Build.Tasks.Core, Version=15.1.0.0, Culture=neutral, PublicKeyToken=b03f5f7f11d50a3aÔÇŁ.
       Zadanie ÔÇ×AssignTargetPathÔÇŁ
       Wykonywanie zadania ÔÇ×AssignTargetPathÔÇŁ zako┼äczone.
       Zadanie ÔÇ×AssignTargetPathÔÇŁ
       Wykonywanie zadania ÔÇ×AssignTargetPathÔÇŁ zako┼äczone.
       Zadanie ÔÇ×AssignTargetPathÔÇŁ
       Wykonywanie zadania ÔÇ×AssignTargetPathÔÇŁ zako┼äczone.
       Zadanie ÔÇ×AssignTargetPathÔÇŁ
       Wykonywanie zadania ÔÇ×AssignTargetPathÔÇŁ zako┼äczone.
       Pomini─Öto zadanie ÔÇ×AssignTargetPathÔÇŁ z powodu fa┼észywego warunku; ('@(_DeploymentBaseManifestWithTargetPath)'=='' and '%(None.Extension)'=='.manifest') oszacowano jako (''=='' and ''=='.manifest').
   2:7>Wykonano kompilowanie elementu docelowego ÔÇ×AssignTargetPathsÔÇŁ w projekcie ÔÇ×PhotoStudioManager.Core.csprojÔÇŁ.
       Pomini─Öto element docelowy ÔÇ×AssignTargetPathsÔÇŁ. Wcze┼Ťniejsza kompilacja powiod┼éa si─Ö.
   2:7>Element docelowy ÔÇ×SplitResourcesByCultureÔÇŁ w pliku ÔÇ×C:\Program Files\dotnet\sdk\8.0.101\Microsoft.Common.CurrentVersion.targetsÔÇŁ z projektu ÔÇ×C:\Users\emili\CascadeProjects\PhotoStudioManager\PhotoStudioManager.Core\PhotoStudioManager.Core.csprojÔÇŁ (zale┼╝y od niego element docelowy ÔÇ×PrepareResourceNamesÔÇŁ):
       Pomini─Öto zadanie ÔÇ×WarningÔÇŁ z powodu fa┼észywego warunku; ('@(ResxWithNoCulture)'!='') oszacowano jako (''!='').
       Pomini─Öto zadanie ÔÇ×WarningÔÇŁ z powodu fa┼észywego warunku; ('@(ResxWithCulture)'!='') oszacowano jako (''!='').
       Pomini─Öto zadanie ÔÇ×WarningÔÇŁ z powodu fa┼észywego warunku; ('@(NonResxWithCulture)'!='') oszacowano jako (''!='').
       Pomini─Öto zadanie ÔÇ×WarningÔÇŁ z powodu fa┼észywego warunku; ('@(NonResxWithNoCulture)'!='') oszacowano jako (''!='').
       U┼╝ywanie zadania ÔÇ×AssignCultureÔÇŁ z zestawu ÔÇ×Microsoft.Build.Tasks.Core, Version=15.1.0.0, Culture=neutral, PublicKeyToken=b03f5f7f11d50a3aÔÇŁ.
       Zadanie ÔÇ×AssignCultureÔÇŁ
       Wykonywanie zadania ÔÇ×AssignCultureÔÇŁ zako┼äczone.
   2:7>Wykonano kompilowanie elementu docelowego ÔÇ×SplitResourcesByCultureÔÇŁ w projekcie ÔÇ×PhotoStudioManager.Core.csprojÔÇŁ.
       Pomini─Öto element docelowy ÔÇ×CreateManifestResourceNamesÔÇŁ z powodu fa┼észywego warunku; ('@(EmbeddedResource)' != '') oszacowano jako ('' != '').
   2:7>Element docelowy ÔÇ×CreateCustomManifestResourceNamesÔÇŁ w pliku ÔÇ×C:\Program Files\dotnet\sdk\8.0.101\Microsoft.Common.CurrentVersion.targetsÔÇŁ z projektu ÔÇ×C:\Users\emili\CascadeProjects\PhotoStudioManager\PhotoStudioManager.Core\PhotoStudioManager.Core.csprojÔÇŁ (zale┼╝y od niego element docelowy ÔÇ×PrepareResourceNamesÔÇŁ):
   2:7>Wykonano kompilowanie elementu docelowego ÔÇ×CreateCustomManifestResourceNamesÔÇŁ w projekcie ÔÇ×PhotoStudioManager.Core.csprojÔÇŁ.
   2:7>Element docelowy ÔÇ×PrepareResourceNamesÔÇŁ w pliku ÔÇ×C:\Program Files\dotnet\sdk\8.0.101\Microsoft.Common.CurrentVersion.targetsÔÇŁ z projektu ÔÇ×C:\Users\emili\CascadeProjects\PhotoStudioManager\PhotoStudioManager.Core\PhotoStudioManager.Core.csprojÔÇŁ (zale┼╝y od niego element docelowy ÔÇ×PrepareResourcesÔÇŁ):
   2:7>Wykonano kompilowanie elementu docelowego ÔÇ×PrepareResourceNamesÔÇŁ w projekcie ÔÇ×PhotoStudioManager.Core.csprojÔÇŁ.
       Pomini─Öto element docelowy ÔÇ×ResolveAssemblyReferencesÔÇŁ. Wcze┼Ťniejsza kompilacja powiod┼éa si─Ö.
       Pomini─Öto element docelowy ÔÇ×SplitResourcesByCultureÔÇŁ. Wcze┼Ťniejsza kompilacja powiod┼éa si─Ö.
   2:7>Element docelowy ÔÇ×BeforeResGenÔÇŁ w pliku ÔÇ×C:\Program Files\dotnet\sdk\8.0.101\Microsoft.Common.CurrentVersion.targetsÔÇŁ z projektu ÔÇ×C:\Users\emili\CascadeProjects\PhotoStudioManager\PhotoStudioManager.Core\PhotoStudioManager.Core.csprojÔÇŁ (zale┼╝y od niego element docelowy ÔÇ×ResGenÔÇŁ):
   2:7>Wykonano kompilowanie elementu docelowego ÔÇ×BeforeResGenÔÇŁ w projekcie ÔÇ×PhotoStudioManager.Core.csprojÔÇŁ.
       Pomini─Öto element docelowy ÔÇ×ResolveReferencesÔÇŁ. Wcze┼Ťniejsza kompilacja powiod┼éa si─Ö.
   2:7>Element docelowy ÔÇ×FindReferenceAssembliesForReferencesÔÇŁ w pliku ÔÇ×C:\Program Files\dotnet\sdk\8.0.101\Microsoft.Common.CurrentVersion.targetsÔÇŁ z projektu ÔÇ×C:\Users\emili\CascadeProjects\PhotoStudioManager\PhotoStudioManager.Core\PhotoStudioManager.Core.csprojÔÇŁ (zale┼╝y od niego element docelowy ÔÇ×CoreResGenÔÇŁ):
   2:7>Wykonano kompilowanie elementu docelowego ÔÇ×FindReferenceAssembliesForReferencesÔÇŁ w projekcie ÔÇ×PhotoStudioManager.Core.csprojÔÇŁ.
   2:7>Element docelowy ÔÇ×CoreResGenÔÇŁ w pliku ÔÇ×C:\Program Files\dotnet\sdk\8.0.101\Microsoft.Common.CurrentVersion.targetsÔÇŁ z projektu ÔÇ×C:\Users\emili\CascadeProjects\PhotoStudioManager\PhotoStudioManager.Core\PhotoStudioManager.Core.csprojÔÇŁ (zale┼╝y od niego element docelowy ÔÇ×ResGenÔÇŁ):
       Pomini─Öto zadanie ÔÇ×GenerateResourceÔÇŁ z powodu fa┼észywego warunku; ('%(EmbeddedResource.Type)' == 'Resx' and '%(EmbeddedResource.GenerateResource)' != 'false' and '$(GenerateResourceMSBuildRuntime)' != 'CLR2') oszacowano jako ('' == 'Resx' and '' != 'false' and 'CurrentRuntime' != 'CLR2').
       Pomini─Öto zadanie ÔÇ×GenerateResourceÔÇŁ z powodu fa┼észywego warunku; ('%(EmbeddedResource.Type)' == 'Resx' and '%(EmbeddedResource.GenerateResource)' != 'false' and '$(GenerateResourceMSBuildRuntime)' == 'CLR2') oszacowano jako ('' == 'Resx' and '' != 'false' and 'CurrentRuntime' == 'CLR2').
   2:7>Wykonano kompilowanie elementu docelowego ÔÇ×CoreResGenÔÇŁ w projekcie ÔÇ×PhotoStudioManager.Core.csprojÔÇŁ.
   2:7>Element docelowy ÔÇ×AfterResGenÔÇŁ w pliku ÔÇ×C:\Program Files\dotnet\sdk\8.0.101\Microsoft.Common.CurrentVersion.targetsÔÇŁ z projektu ÔÇ×C:\Users\emili\CascadeProjects\PhotoStudioManager\PhotoStudioManager.Core\PhotoStudioManager.Core.csprojÔÇŁ (zale┼╝y od niego element docelowy ÔÇ×ResGenÔÇŁ):
   2:7>Wykonano kompilowanie elementu docelowego ÔÇ×AfterResGenÔÇŁ w projekcie ÔÇ×PhotoStudioManager.Core.csprojÔÇŁ.
   2:7>Element docelowy ÔÇ×ResGenÔÇŁ w pliku ÔÇ×C:\Program Files\dotnet\sdk\8.0.101\Microsoft.Common.CurrentVersion.targetsÔÇŁ z projektu ÔÇ×C:\Users\emili\CascadeProjects\PhotoStudioManager\PhotoStudioManager.Core\PhotoStudioManager.Core.csprojÔÇŁ (zale┼╝y od niego element docelowy ÔÇ×PrepareResourcesÔÇŁ):
   2:7>Wykonano kompilowanie elementu docelowego ÔÇ×ResGenÔÇŁ w projekcie ÔÇ×PhotoStudioManager.Core.csprojÔÇŁ.
       Pomini─Öto element docelowy ÔÇ×CompileLicxFilesÔÇŁ z powodu fa┼észywego warunku; ('@(_LicxFile)'!='') oszacowano jako (''!='').
   2:7>Element docelowy ÔÇ×PrepareResourcesÔÇŁ w pliku ÔÇ×C:\Program Files\dotnet\sdk\8.0.101\Microsoft.Common.CurrentVersion.targetsÔÇŁ z projektu ÔÇ×C:\Users\emili\CascadeProjects\PhotoStudioManager\PhotoStudioManager.Core\PhotoStudioManager.Core.csprojÔÇŁ (zale┼╝y od niego element docelowy ÔÇ×CoreBuildÔÇŁ):
   2:7>Wykonano kompilowanie elementu docelowego ÔÇ×PrepareResourcesÔÇŁ w projekcie ÔÇ×PhotoStudioManager.Core.csprojÔÇŁ.
       Pomini─Öto element docelowy ÔÇ×ResolveKeySourceÔÇŁ z powodu fa┼észywego warunku; ($(SignManifests) == 'true' or $(SignAssembly) == 'true') oszacowano jako ( == 'true' or false == 'true').
       Pomini─Öto element docelowy ÔÇ×ResolveReferencesÔÇŁ. Wcze┼Ťniejsza kompilacja powiod┼éa si─Ö.
       Pomini─Öto element docelowy ÔÇ×ResolveKeySourceÔÇŁ z powodu fa┼észywego warunku; ($(SignManifests) == 'true' or $(SignAssembly) == 'true') oszacowano jako ( == 'true' or false == 'true').
       Pomini─Öto element docelowy ÔÇ×ResolveComReferencesÔÇŁ z powodu fa┼észywego warunku; ('@(COMReference)'!='' or '@(COMFileReference)'!='') oszacowano jako (''!='' or ''!='').
       Pomini─Öto element docelowy ÔÇ×ResolveNativeReferencesÔÇŁ z powodu fa┼észywego warunku; ('@(NativeReference)'!='') oszacowano jako (''!='').
       Pomini─Öto element docelowy ÔÇ×_SetExternalWin32ManifestPropertiesÔÇŁ z powodu fa┼észywego warunku; ('$(GenerateClickOnceManifests)'=='true' or '@(NativeReference)'!='' or '@(ResolvedIsolatedComModules)'!='') oszacowano jako (''=='true' or ''!='' or ''!='').
   2:7>Element docelowy ÔÇ×_SetEmbeddedWin32ManifestPropertiesÔÇŁ w pliku ÔÇ×C:\Program Files\dotnet\sdk\8.0.101\Microsoft.Common.CurrentVersion.targetsÔÇŁ z projektu ÔÇ×C:\Users\emili\CascadeProjects\PhotoStudioManager\PhotoStudioManager.Core\PhotoStudioManager.Core.csprojÔÇŁ (zale┼╝y od niego element docelowy ÔÇ×SetWin32ManifestPropertiesÔÇŁ):
       U┼╝ywanie zadania ÔÇ×GetFrameworkPathÔÇŁ z zestawu ÔÇ×Microsoft.Build.Tasks.Core, Version=15.1.0.0, Culture=neutral, PublicKeyToken=b03f5f7f11d50a3aÔÇŁ.
       Zadanie ÔÇ×GetFrameworkPathÔÇŁ
       Wykonywanie zadania ÔÇ×GetFrameworkPathÔÇŁ zako┼äczone.
   2:7>Wykonano kompilowanie elementu docelowego ÔÇ×_SetEmbeddedWin32ManifestPropertiesÔÇŁ w projekcie ÔÇ×PhotoStudioManager.Core.csprojÔÇŁ.
   2:7>Element docelowy ÔÇ×SetWin32ManifestPropertiesÔÇŁ w pliku ÔÇ×C:\Program Files\dotnet\sdk\8.0.101\Microsoft.Common.CurrentVersion.targetsÔÇŁ z projektu ÔÇ×C:\Users\emili\CascadeProjects\PhotoStudioManager\PhotoStudioManager.Core\PhotoStudioManager.Core.csprojÔÇŁ (zale┼╝y od niego element docelowy ÔÇ×CompileÔÇŁ):
   2:7>Wykonano kompilowanie elementu docelowego ÔÇ×SetWin32ManifestPropertiesÔÇŁ w projekcie ÔÇ×PhotoStudioManager.Core.csprojÔÇŁ.
       Pomini─Öto element docelowy ÔÇ×FindReferenceAssembliesForReferencesÔÇŁ. Wcze┼Ťniejsza kompilacja powiod┼éa si─Ö.
   2:7>Element docelowy ÔÇ×_GenerateCompileInputsÔÇŁ w pliku ÔÇ×C:\Program Files\dotnet\sdk\8.0.101\Microsoft.Common.CurrentVersion.targetsÔÇŁ z projektu ÔÇ×C:\Users\emili\CascadeProjects\PhotoStudioManager\PhotoStudioManager.Core\PhotoStudioManager.Core.csprojÔÇŁ (zale┼╝y od niego element docelowy ÔÇ×CompileÔÇŁ):
       Pomini─Öto zadanie ÔÇ×WarningÔÇŁ z powodu fa┼észywego warunku; ('@(ManifestResourceWithNoCulture)'!='' and '%(ManifestResourceWithNoCulture.EmittedForCompatibilityOnly)'=='') oszacowano jako (''!='' and ''=='').
       Pomini─Öto zadanie ÔÇ×WarningÔÇŁ z powodu fa┼észywego warunku; ('@(ManifestNonResxWithNoCultureOnDisk)'!='' and '%(ManifestNonResxWithNoCultureOnDisk.EmittedForCompatibilityOnly)'=='') oszacowano jako (''!='' and ''=='').
   2:7>Wykonano kompilowanie elementu docelowego ÔÇ×_GenerateCompileInputsÔÇŁ w projekcie ÔÇ×PhotoStudioManager.Core.csprojÔÇŁ.
       Pomini─Öto element docelowy ÔÇ×PrepareForBuildÔÇŁ. Wcze┼Ťniejsza kompilacja powiod┼éa si─Ö.
   2:7>Element docelowy ÔÇ×GenerateMSBuildEditorConfigFileShouldRunÔÇŁ w pliku ÔÇ×C:\Program Files\dotnet\sdk\8.0.101\Roslyn\Microsoft.Managed.Core.targetsÔÇŁ z projektu ÔÇ×C:\Users\emili\CascadeProjects\PhotoStudioManager\PhotoStudioManager.Core\PhotoStudioManager.Core.csprojÔÇŁ (zale┼╝y od niego element docelowy ÔÇ×GenerateMSBuildEditorConfigFileÔÇŁ):
   2:7>Wykonano kompilowanie elementu docelowego ÔÇ×GenerateMSBuildEditorConfigFileShouldRunÔÇŁ w projekcie ÔÇ×PhotoStudioManager.Core.csprojÔÇŁ.
   2:7>Element docelowy ÔÇ×GenerateMSBuildEditorConfigFileCoreÔÇŁ w pliku ÔÇ×C:\Program Files\dotnet\sdk\8.0.101\Roslyn\Microsoft.Managed.Core.targetsÔÇŁ z projektu ÔÇ×C:\Users\emili\CascadeProjects\PhotoStudioManager\PhotoStudioManager.Core\PhotoStudioManager.Core.csprojÔÇŁ (zale┼╝y od niego element docelowy ÔÇ×GenerateMSBuildEditorConfigFileÔÇŁ):
       Uko┼äczono kompilowanie elementu docelowego ÔÇ×GenerateMSBuildEditorConfigFileCoreÔÇŁ.
       Nie okre┼Ťlono plik├│w wej┼Ťciowych.
       U┼╝ywanie zadania ÔÇ×GenerateMSBuildEditorConfigÔÇŁ z zestawu ÔÇ×C:\Program Files\dotnet\sdk\8.0.101\Roslyn\Microsoft.Build.Tasks.CodeAnalysis.dllÔÇŁ.
       Zadanie ÔÇ×GenerateMSBuildEditorConfigÔÇŁ
       Wykonywanie zadania ÔÇ×GenerateMSBuildEditorConfigÔÇŁ zako┼äczone.
   2:7>Wykonano kompilowanie elementu docelowego ÔÇ×GenerateMSBuildEditorConfigFileCoreÔÇŁ w projekcie ÔÇ×PhotoStudioManager.Core.csprojÔÇŁ.
   2:7>Element docelowy ÔÇ×GenerateMSBuildEditorConfigFileÔÇŁ w pliku ÔÇ×C:\Program Files\dotnet\sdk\8.0.101\Roslyn\Microsoft.Managed.Core.targetsÔÇŁ z projektu ÔÇ×C:\Users\emili\CascadeProjects\PhotoStudioManager\PhotoStudioManager.Core\PhotoStudioManager.Core.csprojÔÇŁ (zale┼╝y od niego element docelowy ÔÇ×BeforeCompileÔÇŁ):
   2:7>Wykonano kompilowanie elementu docelowego ÔÇ×GenerateMSBuildEditorConfigFileÔÇŁ w projekcie ÔÇ×PhotoStudioManager.Core.csprojÔÇŁ.
       Pomini─Öto element docelowy ÔÇ×PrepareForBuildÔÇŁ. Wcze┼Ťniejsza kompilacja powiod┼éa si─Ö.
       Pomini─Öto element docelowy ÔÇ×GetReferenceAssemblyPathsÔÇŁ. Wcze┼Ťniejsza kompilacja powiod┼éa si─Ö.
   2:7>Element docelowy ÔÇ×_SetTargetFrameworkMonikerAttributeÔÇŁ w pliku ÔÇ×C:\Program Files\dotnet\sdk\8.0.101\Microsoft.CSharp.CurrentVersion.targetsÔÇŁ z projektu ÔÇ×C:\Users\emili\CascadeProjects\PhotoStudioManager\PhotoStudioManager.Core\PhotoStudioManager.Core.csprojÔÇŁ (zale┼╝y od niego element docelowy ÔÇ×GenerateTargetFrameworkMonikerAttributeÔÇŁ):
   2:7>Wykonano kompilowanie elementu docelowego ÔÇ×_SetTargetFrameworkMonikerAttributeÔÇŁ w projekcie ÔÇ×PhotoStudioManager.Core.csprojÔÇŁ.
   2:7>Element docelowy ÔÇ×GenerateTargetFrameworkMonikerAttributeÔÇŁ w pliku ÔÇ×C:\Program Files\dotnet\sdk\8.0.101\Microsoft.Common.CurrentVersion.targetsÔÇŁ z projektu ÔÇ×C:\Users\emili\CascadeProjects\PhotoStudioManager\PhotoStudioManager.Core\PhotoStudioManager.Core.csprojÔÇŁ (zale┼╝y od niego element docelowy ÔÇ×BeforeCompileÔÇŁ):
       Pomijanie elementu docelowego ÔÇ×GenerateTargetFrameworkMonikerAttributeÔÇŁ, poniewa┼╝ wszystkie pliki wyj┼Ťciowe s─ů aktualne w por├│wnaniu z plikami wej┼Ťciowymi.
       Pliki wej┼Ťciowe: C:\Program Files\dotnet\sdk\8.0.101\Microsoft.Common.targets
       Pliki wyj┼Ťciowe: obj\Debug\net8.0\.NETCoreApp,Version=v8.0.AssemblyAttributes.cs
   2:7>Wykonano kompilowanie elementu docelowego ÔÇ×GenerateTargetFrameworkMonikerAttributeÔÇŁ w projekcie ÔÇ×PhotoStudioManager.Core.csprojÔÇŁ.
       Pomini─Öto element docelowy ÔÇ×GenerateAdditionalSourcesÔÇŁ z powodu fa┼észywego warunku; ('@(AssemblyAttributes)' != '' and '$(GenerateAdditionalSources)' == 'true') oszacowano jako ('' != '' and '' == 'true').
       Pomini─Öto element docelowy ÔÇ×PrepareForBuildÔÇŁ. Wcze┼Ťniejsza kompilacja powiod┼éa si─Ö.
   2:7>Element docelowy ÔÇ×GetAssemblyVersionÔÇŁ w pliku ÔÇ×C:\Program Files\dotnet\sdk\8.0.101\Sdks\Microsoft.NET.Sdk\targets\Microsoft.NET.GenerateAssemblyInfo.targetsÔÇŁ z projektu ÔÇ×C:\Users\emili\CascadeProjects\PhotoStudioManager\PhotoStudioManager.Core\PhotoStudioManager.Core.csprojÔÇŁ (zale┼╝y od niego element docelowy ÔÇ×GetAssemblyAttributesÔÇŁ):
       U┼╝ywanie zadania ÔÇ×GetAssemblyVersionÔÇŁ z zestawu ÔÇ×C:\Program Files\dotnet\sdk\8.0.101\Sdks\Microsoft.NET.Sdk\targets\..\tools\net8.0\Microsoft.NET.Build.Tasks.dllÔÇŁ.
       Zadanie ÔÇ×GetAssemblyVersionÔÇŁ
       Wykonywanie zadania ÔÇ×GetAssemblyVersionÔÇŁ zako┼äczone.
   2:7>Wykonano kompilowanie elementu docelowego ÔÇ×GetAssemblyVersionÔÇŁ w projekcie ÔÇ×PhotoStudioManager.Core.csprojÔÇŁ.
       Pomini─Öto element docelowy ÔÇ×GetAssemblyVersionÔÇŁ. Wcze┼Ťniejsza kompilacja powiod┼éa si─Ö.
   2:7>Element docelowy ÔÇ×InitializeSourceControlInformationFromSourceControlManagerÔÇŁ w pliku ÔÇ×C:\Program Files\dotnet\sdk\8.0.101\Sdks\Microsoft.Build.Tasks.Git\build\Microsoft.Build.Tasks.Git.targetsÔÇŁ z projektu ÔÇ×C:\Users\emili\CascadeProjects\PhotoStudioManager\PhotoStudioManager.Core\PhotoStudioManager.Core.csprojÔÇŁ (zale┼╝y od niego element docelowy ÔÇ×_InitializeSourceControlInformationFromSourceControlManagerÔÇŁ):
       U┼╝ywanie zadania ÔÇ×Microsoft.Build.Tasks.Git.LocateRepositoryÔÇŁ z zestawu ÔÇ×C:\Program Files\dotnet\sdk\8.0.101\Sdks\Microsoft.Build.Tasks.Git\build\..\tools\core\Microsoft.Build.Tasks.Git.dllÔÇŁ.
       Zadanie ÔÇ×Microsoft.Build.Tasks.Git.LocateRepositoryÔÇŁ
       Wykonywanie zadania ÔÇ×Microsoft.Build.Tasks.Git.LocateRepositoryÔÇŁ zako┼äczone.
   2:7>Wykonano kompilowanie elementu docelowego ÔÇ×InitializeSourceControlInformationFromSourceControlManagerÔÇŁ w projekcie ÔÇ×PhotoStudioManager.Core.csprojÔÇŁ.
   2:7>Element docelowy ÔÇ×_SourceLinkHasSingleProviderÔÇŁ w pliku ÔÇ×C:\Program Files\dotnet\sdk\8.0.101\Sdks\Microsoft.SourceLink.Common\build\InitializeSourceControlInformation.targetsÔÇŁ z projektu ÔÇ×C:\Users\emili\CascadeProjects\PhotoStudioManager\PhotoStudioManager.Core\PhotoStudioManager.Core.csprojÔÇŁ (zale┼╝y od niego element docelowy ÔÇ×_InitializeSourceControlInformationFromSourceControlManagerÔÇŁ):
       U┼╝ywanie zadania ÔÇ×Microsoft.SourceLink.Common.SourceLinkHasSingleProviderÔÇŁ z zestawu ÔÇ×C:\Program Files\dotnet\sdk\8.0.101\Sdks\Microsoft.SourceLink.Common\build\..\tools\core\Microsoft.SourceLink.Common.dllÔÇŁ.
       Zadanie ÔÇ×Microsoft.SourceLink.Common.SourceLinkHasSingleProviderÔÇŁ
       Wykonywanie zadania ÔÇ×Microsoft.SourceLink.Common.SourceLinkHasSingleProviderÔÇŁ zako┼äczone.
   2:7>Wykonano kompilowanie elementu docelowego ÔÇ×_SourceLinkHasSingleProviderÔÇŁ w projekcie ÔÇ×PhotoStudioManager.Core.csprojÔÇŁ.
   2:7>Element docelowy ÔÇ×TranslateGitHubUrlsInSourceControlInformationÔÇŁ w pliku ÔÇ×C:\Program Files\dotnet\sdk\8.0.101\Sdks\Microsoft.SourceLink.GitHub\build\Microsoft.SourceLink.GitHub.targetsÔÇŁ z projektu ÔÇ×C:\Users\emili\CascadeProjects\PhotoStudioManager\PhotoStudioManager.Core\PhotoStudioManager.Core.csprojÔÇŁ (zale┼╝y od niego element docelowy ÔÇ×_InitializeSourceControlInformationFromSourceControlManagerÔÇŁ):
       U┼╝ywanie zadania ÔÇ×Microsoft.SourceLink.GitHub.TranslateRepositoryUrlsÔÇŁ z zestawu ÔÇ×C:\Program Files\dotnet\sdk\8.0.101\Sdks\Microsoft.SourceLink.GitHub\build\..\tools\core\Microsoft.SourceLink.GitHub.dllÔÇŁ.
       Zadanie ÔÇ×Microsoft.SourceLink.GitHub.TranslateRepositoryUrlsÔÇŁ
       Wykonywanie zadania ÔÇ×Microsoft.SourceLink.GitHub.TranslateRepositoryUrlsÔÇŁ zako┼äczone.
   2:7>Wykonano kompilowanie elementu docelowego ÔÇ×TranslateGitHubUrlsInSourceControlInformationÔÇŁ w projekcie ÔÇ×PhotoStudioManager.Core.csprojÔÇŁ.
   2:7>Element docelowy ÔÇ×TranslateGitLabUrlsInSourceControlInformationÔÇŁ w pliku ÔÇ×C:\Program Files\dotnet\sdk\8.0.101\Sdks\Microsoft.SourceLink.GitLab\build\Microsoft.SourceLink.GitLab.targetsÔÇŁ z projektu ÔÇ×C:\Users\emili\CascadeProjects\PhotoStudioManager\PhotoStudioManager.Core\PhotoStudioManager.Core.csprojÔÇŁ (zale┼╝y od niego element docelowy ÔÇ×_InitializeSourceControlInformationFromSourceControlManagerÔÇŁ):
       U┼╝ywanie zadania ÔÇ×Microsoft.SourceLink.GitLab.TranslateRepositoryUrlsÔÇŁ z zestawu ÔÇ×C:\Program Files\dotnet\sdk\8.0.101\Sdks\Microsoft.SourceLink.GitLab\build\..\tools\core\Microsoft.SourceLink.GitLab.dllÔÇŁ.
       Zadanie ÔÇ×Microsoft.SourceLink.GitLab.TranslateRepositoryUrlsÔÇŁ
       Wykonywanie zadania ÔÇ×Microsoft.SourceLink.GitLab.TranslateRepositoryUrlsÔÇŁ zako┼äczone.
   2:7>Wykonano kompilowanie elementu docelowego ÔÇ×TranslateGitLabUrlsInSourceControlInformationÔÇŁ w projekcie ÔÇ×PhotoStudioManager.Core.csprojÔÇŁ.
   2:7>Element docelowy ÔÇ×TranslateAzureReposGitUrlsInSourceControlInformationÔÇŁ w pliku ÔÇ×C:\Program Files\dotnet\sdk\8.0.101\Sdks\Microsoft.SourceLink.AzureRepos.Git\build\Microsoft.SourceLink.AzureRepos.Git.targetsÔÇŁ z projektu ÔÇ×C:\Users\emili\CascadeProjects\PhotoStudioManager\PhotoStudioManager.Core\PhotoStudioManager.Core.csprojÔÇŁ (zale┼╝y od niego element docelowy ÔÇ×_InitializeSourceControlInformationFromSourceControlManagerÔÇŁ):
       U┼╝ywanie zadania ÔÇ×Microsoft.SourceLink.AzureRepos.Git.TranslateRepositoryUrlsÔÇŁ z zestawu ÔÇ×C:\Program Files\dotnet\sdk\8.0.101\Sdks\Microsoft.SourceLink.AzureRepos.Git\build\..\tools\core\Microsoft.SourceLink.AzureRepos.Git.dllÔÇŁ.
       Zadanie ÔÇ×Microsoft.SourceLink.AzureRepos.Git.TranslateRepositoryUrlsÔÇŁ
       Wykonywanie zadania ÔÇ×Microsoft.SourceLink.AzureRepos.Git.TranslateRepositoryUrlsÔÇŁ zako┼äczone.
   2:7>Wykonano kompilowanie elementu docelowego ÔÇ×TranslateAzureReposGitUrlsInSourceControlInformationÔÇŁ w projekcie ÔÇ×PhotoStudioManager.Core.csprojÔÇŁ.
   2:7>Element docelowy ÔÇ×TranslateBitbucketGitUrlsInSourceControlInformationÔÇŁ w pliku ÔÇ×C:\Program Files\dotnet\sdk\8.0.101\Sdks\Microsoft.SourceLink.Bitbucket.Git\build\Microsoft.SourceLink.Bitbucket.Git.targetsÔÇŁ z projektu ÔÇ×C:\Users\emili\CascadeProjects\PhotoStudioManager\PhotoStudioManager.Core\PhotoStudioManager.Core.csprojÔÇŁ (zale┼╝y od niego element docelowy ÔÇ×_InitializeSourceControlInformationFromSourceControlManagerÔÇŁ):
       U┼╝ywanie zadania ÔÇ×Microsoft.SourceLink.Bitbucket.Git.TranslateRepositoryUrlsÔÇŁ z zestawu ÔÇ×C:\Program Files\dotnet\sdk\8.0.101\Sdks\Microsoft.SourceLink.Bitbucket.Git\build\..\tools\core\Microsoft.SourceLink.Bitbucket.Git.dllÔÇŁ.
       Zadanie ÔÇ×Microsoft.SourceLink.Bitbucket.Git.TranslateRepositoryUrlsÔÇŁ
       Wykonywanie zadania ÔÇ×Microsoft.SourceLink.Bitbucket.Git.TranslateRepositoryUrlsÔÇŁ zako┼äczone.
   2:7>Wykonano kompilowanie elementu docelowego ÔÇ×TranslateBitbucketGitUrlsInSourceControlInformationÔÇŁ w projekcie ÔÇ×PhotoStudioManager.Core.csprojÔÇŁ.
   2:7>Element docelowy ÔÇ×SourceControlManagerPublishTranslatedUrlsÔÇŁ w pliku ÔÇ×C:\Program Files\dotnet\sdk\8.0.101\Sdks\Microsoft.SourceLink.Common\build\InitializeSourceControlInformation.targetsÔÇŁ z projektu ÔÇ×C:\Users\emili\CascadeProjects\PhotoStudioManager\PhotoStudioManager.Core\PhotoStudioManager.Core.csprojÔÇŁ (zale┼╝y od niego element docelowy ÔÇ×_InitializeSourceControlInformationFromSourceControlManagerÔÇŁ):
   2:7>Wykonano kompilowanie elementu docelowego ÔÇ×SourceControlManagerPublishTranslatedUrlsÔÇŁ w projekcie ÔÇ×PhotoStudioManager.Core.csprojÔÇŁ.
   2:7>Element docelowy ÔÇ×_InitializeSourceControlInformationFromSourceControlManagerÔÇŁ w pliku ÔÇ×C:\Program Files\dotnet\sdk\8.0.101\Sdks\Microsoft.SourceLink.Common\build\InitializeSourceControlInformation.targetsÔÇŁ z projektu ÔÇ×C:\Users\emili\CascadeProjects\PhotoStudioManager\PhotoStudioManager.Core\PhotoStudioManager.Core.csprojÔÇŁ (zale┼╝y od niego element docelowy ÔÇ×InitializeSourceControlInformationÔÇŁ):
   2:7>Wykonano kompilowanie elementu docelowego ÔÇ×_InitializeSourceControlInformationFromSourceControlManagerÔÇŁ w projekcie ÔÇ×PhotoStudioManager.Core.csprojÔÇŁ.
   2:7>Element docelowy ÔÇ×InitializeSourceControlInformationÔÇŁ w pliku ÔÇ×C:\Program Files\dotnet\sdk\8.0.101\Microsoft.Common.CurrentVersion.targetsÔÇŁ z projektu ÔÇ×C:\Users\emili\CascadeProjects\PhotoStudioManager\PhotoStudioManager.Core\PhotoStudioManager.Core.csprojÔÇŁ (zale┼╝y od niego element docelowy ÔÇ×AddSourceRevisionToInformationalVersionÔÇŁ):
   2:7>Wykonano kompilowanie elementu docelowego ÔÇ×InitializeSourceControlInformationÔÇŁ w projekcie ÔÇ×PhotoStudioManager.Core.csprojÔÇŁ.
   2:7>Element docelowy ÔÇ×AddSourceRevisionToInformationalVersionÔÇŁ w pliku ÔÇ×C:\Program Files\dotnet\sdk\8.0.101\Sdks\Microsoft.NET.Sdk\targets\Microsoft.NET.GenerateAssemblyInfo.targetsÔÇŁ z projektu ÔÇ×C:\Users\emili\CascadeProjects\PhotoStudioManager\PhotoStudioManager.Core\PhotoStudioManager.Core.csprojÔÇŁ (zale┼╝y od niego element docelowy ÔÇ×GetAssemblyAttributesÔÇŁ):
   2:7>Wykonano kompilowanie elementu docelowego ÔÇ×AddSourceRevisionToInformationalVersionÔÇŁ w projekcie ÔÇ×PhotoStudioManager.Core.csprojÔÇŁ.
       Pomini─Öto element docelowy ÔÇ×_GetUserSecretsAssemblyAttributeÔÇŁ z powodu fa┼észywego warunku; ( '$(UserSecretsId)' != '' AND '$(GenerateUserSecretsAttribute)' != 'false' AND '$(GeneratedUserSecretsAttributeFile)' == '' ) oszacowano jako ( '' != '' AND '' != 'false' AND '' == '' ).
   2:7>Element docelowy ÔÇ×GetAssemblyAttributesÔÇŁ w pliku ÔÇ×C:\Program Files\dotnet\sdk\8.0.101\Sdks\Microsoft.NET.Sdk\targets\Microsoft.NET.GenerateAssemblyInfo.targetsÔÇŁ z projektu ÔÇ×C:\Users\emili\CascadeProjects\PhotoStudioManager\PhotoStudioManager.Core\PhotoStudioManager.Core.csprojÔÇŁ (zale┼╝y od niego element docelowy ÔÇ×CreateGeneratedAssemblyInfoInputsCacheFileÔÇŁ):
   2:7>Wykonano kompilowanie elementu docelowego ÔÇ×GetAssemblyAttributesÔÇŁ w projekcie ÔÇ×PhotoStudioManager.Core.csprojÔÇŁ.
   2:7>Element docelowy ÔÇ×CreateGeneratedAssemblyInfoInputsCacheFileÔÇŁ w pliku ÔÇ×C:\Program Files\dotnet\sdk\8.0.101\Sdks\Microsoft.NET.Sdk\targets\Microsoft.NET.GenerateAssemblyInfo.targetsÔÇŁ z projektu ÔÇ×C:\Users\emili\CascadeProjects\PhotoStudioManager\PhotoStudioManager.Core\PhotoStudioManager.Core.csprojÔÇŁ (zale┼╝y od niego element docelowy ÔÇ×CoreGenerateAssemblyInfoÔÇŁ):
       U┼╝ywanie zadania ÔÇ×HashÔÇŁ z zestawu ÔÇ×Microsoft.Build.Tasks.Core, Version=15.1.0.0, Culture=neutral, PublicKeyToken=b03f5f7f11d50a3aÔÇŁ.
       Zadanie ÔÇ×HashÔÇŁ
       Wykonywanie zadania ÔÇ×HashÔÇŁ zako┼äczone.
       Zadanie ÔÇ×WriteLinesToFileÔÇŁ
         Pomijanie zapisu w pliku ÔÇ×obj\Debug\net8.0\PhotoStudioManager.Core.AssemblyInfoInputs.cacheÔÇŁ, poniewa┼╝ jego zawarto┼Ť─ç nie uleg┼éaby zmianie.
       Wykonywanie zadania ÔÇ×WriteLinesToFileÔÇŁ zako┼äczone.
   2:7>Wykonano kompilowanie elementu docelowego ÔÇ×CreateGeneratedAssemblyInfoInputsCacheFileÔÇŁ w projekcie ÔÇ×PhotoStudioManager.Core.csprojÔÇŁ.
   2:7>Element docelowy ÔÇ×CoreGenerateAssemblyInfoÔÇŁ w pliku ÔÇ×C:\Program Files\dotnet\sdk\8.0.101\Sdks\Microsoft.NET.Sdk\targets\Microsoft.NET.GenerateAssemblyInfo.targetsÔÇŁ z projektu ÔÇ×C:\Users\emili\CascadeProjects\PhotoStudioManager\PhotoStudioManager.Core\PhotoStudioManager.Core.csprojÔÇŁ (zale┼╝y od niego element docelowy ÔÇ×GenerateAssemblyInfoÔÇŁ):
       Pomijanie elementu docelowego ÔÇ×CoreGenerateAssemblyInfoÔÇŁ, poniewa┼╝ wszystkie pliki wyj┼Ťciowe s─ů aktualne w por├│wnaniu z plikami wej┼Ťciowymi.
       Pliki wej┼Ťciowe: obj\Debug\net8.0\PhotoStudioManager.Core.AssemblyInfoInputs.cache
       Pliki wyj┼Ťciowe: obj\Debug\net8.0\PhotoStudioManager.Core.AssemblyInfo.cs
   2:7>Wykonano kompilowanie elementu docelowego ÔÇ×CoreGenerateAssemblyInfoÔÇŁ w projekcie ÔÇ×PhotoStudioManager.Core.csprojÔÇŁ.
   2:7>Element docelowy ÔÇ×GenerateAssemblyInfoÔÇŁ w pliku ÔÇ×C:\Program Files\dotnet\sdk\8.0.101\Sdks\Microsoft.NET.Sdk\targets\Microsoft.NET.GenerateAssemblyInfo.targetsÔÇŁ z projektu ÔÇ×C:\Users\emili\CascadeProjects\PhotoStudioManager\PhotoStudioManager.Core\PhotoStudioManager.Core.csprojÔÇŁ (zale┼╝y od niego element docelowy ÔÇ×BeforeCompileÔÇŁ):
   2:7>Wykonano kompilowanie elementu docelowego ÔÇ×GenerateAssemblyInfoÔÇŁ w projekcie ÔÇ×PhotoStudioManager.Core.csprojÔÇŁ.
   2:7>Element docelowy ÔÇ×BeforeCompileÔÇŁ w pliku ÔÇ×C:\Program Files\dotnet\sdk\8.0.101\Microsoft.Common.CurrentVersion.targetsÔÇŁ z projektu ÔÇ×C:\Users\emili\CascadeProjects\PhotoStudioManager\PhotoStudioManager.Core\PhotoStudioManager.Core.csprojÔÇŁ (zale┼╝y od niego element docelowy ÔÇ×CompileÔÇŁ):
   2:7>Wykonano kompilowanie elementu docelowego ÔÇ×BeforeCompileÔÇŁ w projekcie ÔÇ×PhotoStudioManager.Core.csprojÔÇŁ.
       Pomini─Öto element docelowy ÔÇ×_TimeStampBeforeCompileÔÇŁ z powodu fa┼észywego warunku; ('$(RunPostBuildEvent)'=='OnOutputUpdated' or ('$(RegisterForComInterop)'=='true' and '$(OutputType)'=='library')) oszacowano jako (''=='OnOutputUpdated' or (''=='true' and 'Library'=='library')).
       Pomini─Öto element docelowy ÔÇ×ResolveAssemblyReferencesÔÇŁ. Wcze┼Ťniejsza kompilacja powiod┼éa si─Ö.
   2:7>Element docelowy ÔÇ×_GenerateCompileDependencyCacheÔÇŁ w pliku ÔÇ×C:\Program Files\dotnet\sdk\8.0.101\Microsoft.Common.CurrentVersion.targetsÔÇŁ z projektu ÔÇ×C:\Users\emili\CascadeProjects\PhotoStudioManager\PhotoStudioManager.Core\PhotoStudioManager.Core.csprojÔÇŁ (zale┼╝y od niego element docelowy ÔÇ×CompileÔÇŁ):
       Zadanie ÔÇ×HashÔÇŁ
       Wykonywanie zadania ÔÇ×HashÔÇŁ zako┼äczone.
       Zadanie ÔÇ×WriteLinesToFileÔÇŁ
         Pomijanie zapisu w pliku ÔÇ×obj\Debug\net8.0\PhotoStudioManager.Core.csproj.CoreCompileInputs.cacheÔÇŁ, poniewa┼╝ jego zawarto┼Ť─ç nie uleg┼éaby zmianie.
       Wykonywanie zadania ÔÇ×WriteLinesToFileÔÇŁ zako┼äczone.
   2:7>Wykonano kompilowanie elementu docelowego ÔÇ×_GenerateCompileDependencyCacheÔÇŁ w projekcie ÔÇ×PhotoStudioManager.Core.csprojÔÇŁ.
       Pomini─Öto element docelowy ÔÇ×_ComputeNonExistentFilePropertyÔÇŁ z powodu fa┼észywego warunku; (('$(BuildingInsideVisualStudio)' == 'true') and ('$(BuildingOutOfProcess)' != 'true') and (('$(BuildingProject)' == 'false') or ('$(UseHostCompilerIfAvailable)' == 'true'))) oszacowano jako (('' == 'true') and ('' != 'true') and (('true' == 'false') or ('true' == 'true'))).
       Pomini─Öto element docelowy ÔÇ×ResolveCodeAnalysisRuleSetÔÇŁ z powodu fa┼észywego warunku; ('$(CodeAnalysisRuleSet)' != '') oszacowano jako ('' != '').
       Pomini─Öto element docelowy ÔÇ×ShimReferencePathsWhenCommonTargetsDoesNotUnderstandReferenceAssembliesÔÇŁ z powodu fa┼észywego warunku; ('@(ReferencePathWithRefAssemblies)' == '') oszacowano jako ('C:\Users\emili\.nuget\packages\microsoft.aspnetcore.cryptography.internal\8.0.1\lib\net8.0\Microsoft.AspNetCore.Cryptography.Internal.dll;C:\Users\emili\.nuget\packages\microsoft.aspnetcore.cryptography.keyderivation\8.0.1\lib\net8.0\Microsoft.AspNetCore.Cryptography.KeyDerivation.dll;C:\Users\emili\.nuget\packages\microsoft.aspnetcore.identity.entityframeworkcore\8.0.1\lib\net8.0\Microsoft.AspNetCore.Identity.EntityFrameworkCore.dll;...' == '').
   2:7>Element docelowy ÔÇ×_BeforeVBCSCoreCompileÔÇŁ w pliku ÔÇ×C:\Program Files\dotnet\sdk\8.0.101\Roslyn\Microsoft.Managed.Core.targetsÔÇŁ z projektu ÔÇ×C:\Users\emili\CascadeProjects\PhotoStudioManager\PhotoStudioManager.Core\PhotoStudioManager.Core.csprojÔÇŁ (zale┼╝y od niego element docelowy ÔÇ×CoreCompileÔÇŁ):
   2:7>Wykonano kompilowanie elementu docelowego ÔÇ×_BeforeVBCSCoreCompileÔÇŁ w projekcie ÔÇ×PhotoStudioManager.Core.csprojÔÇŁ.
       Pomini─Öto element docelowy ÔÇ×AdjustDefaultPlatformTargetForNetFrameworkExeWithNoNativeCopyLocalItemsÔÇŁ z powodu fa┼észywego warunku; ('$(_UsingDefaultPlatformTarget)' == 'true' and
                            '$(_UsingDefaultRuntimeIdentifier)' == 'true') oszacowano jako ('true' == 'true' and
                            '' == 'true').
       Pomini─Öto element docelowy ÔÇ×_DisableDiagnosticTracingÔÇŁ z powodu fa┼észywego warunku; ('$(DisableDiagnosticTracing)' == 'true') oszacowano jako ('' == 'true').
       Pomini─Öto element docelowy ÔÇ×GenerateTargetPlatformDefineConstantsÔÇŁ z powodu fa┼észywego warunku; ( '$(DisableImplicitFrameworkDefines)' != 'true' and '$(TargetPlatformIdentifier)' != '' and '$(TargetFrameworkIdentifier)' == '.NETCoreApp' and $([MSBuild]::VersionGreaterThanOrEquals($(TargetFrameworkVersion), 5.0)) ) oszacowano jako ( '' != 'true' and '' != '' and '.NETCoreApp' == '.NETCoreApp' and True ).
   2:7>Element docelowy ÔÇ×GenerateNETCompatibleDefineConstantsÔÇŁ w pliku ÔÇ×C:\Program Files\dotnet\sdk\8.0.101\Sdks\Microsoft.NET.Sdk\targets\Microsoft.NET.Sdk.BeforeCommon.targetsÔÇŁ z projektu ÔÇ×C:\Users\emili\CascadeProjects\PhotoStudioManager\PhotoStudioManager.Core\PhotoStudioManager.Core.csprojÔÇŁ (zale┼╝y od niego element docelowy ÔÇ×AddImplicitDefineConstantsÔÇŁ):
   2:7>Wykonano kompilowanie elementu docelowego ÔÇ×GenerateNETCompatibleDefineConstantsÔÇŁ w projekcie ÔÇ×PhotoStudioManager.Core.csprojÔÇŁ.
       Pomini─Öto element docelowy ÔÇ×GeneratePlatformCompatibleDefineConstantsÔÇŁ z powodu fa┼észywego warunku; ( '$(DisableImplicitFrameworkDefines)' != 'true' and '$(TargetPlatformIdentifier)' != '' and '$(TargetFrameworkIdentifier)' == '.NETCoreApp' and $([MSBuild]::VersionGreaterThanOrEquals($(TargetFrameworkVersion), 5.0)) ) oszacowano jako ( '' != 'true' and '' != '' and '.NETCoreApp' == '.NETCoreApp' and True ).
       Pomini─Öto element docelowy ÔÇ×_DisableDiagnosticTracingÔÇŁ z powodu fa┼észywego warunku; ('$(DisableDiagnosticTracing)' == 'true') oszacowano jako ('' == 'true').
   2:7>Element docelowy ÔÇ×AddImplicitDefineConstantsÔÇŁ w pliku ÔÇ×C:\Program Files\dotnet\sdk\8.0.101\Sdks\Microsoft.NET.Sdk\targets\Microsoft.NET.Sdk.BeforeCommon.targetsÔÇŁ z projektu ÔÇ×C:\Users\emili\CascadeProjects\PhotoStudioManager\PhotoStudioManager.Core\PhotoStudioManager.Core.csprojÔÇŁ (zale┼╝y od niego element docelowy ÔÇ×CoreCompileÔÇŁ):
   2:7>Wykonano kompilowanie elementu docelowego ÔÇ×AddImplicitDefineConstantsÔÇŁ w projekcie ÔÇ×PhotoStudioManager.Core.csprojÔÇŁ.
       Pomini─Öto element docelowy ÔÇ×ShimReferencePathsWhenCommonTargetsDoesNotUnderstandReferenceAssembliesÔÇŁ z powodu fa┼észywego warunku; ('@(ReferencePathWithRefAssemblies)' == '') oszacowano jako ('C:\Users\emili\.nuget\packages\microsoft.aspnetcore.cryptography.internal\8.0.1\lib\net8.0\Microsoft.AspNetCore.Cryptography.Internal.dll;C:\Users\emili\.nuget\packages\microsoft.aspnetcore.cryptography.keyderivation\8.0.1\lib\net8.0\Microsoft.AspNetCore.Cryptography.KeyDerivation.dll;C:\Users\emili\.nuget\packages\microsoft.aspnetcore.identity.entityframeworkcore\8.0.1\lib\net8.0\Microsoft.AspNetCore.Identity.EntityFrameworkCore.dll;...' == '').
   2:7>Element docelowy ÔÇ×_ComputeSkipAnalyzersÔÇŁ w pliku ÔÇ×C:\Program Files\dotnet\sdk\8.0.101\Roslyn\Microsoft.Managed.Core.targetsÔÇŁ z projektu ÔÇ×C:\Users\emili\CascadeProjects\PhotoStudioManager\PhotoStudioManager.Core\PhotoStudioManager.Core.csprojÔÇŁ (zale┼╝y od niego element docelowy ÔÇ×CoreCompileÔÇŁ):
       Pomini─Öto zadanie ÔÇ×ShowMessageForImplicitlySkipAnalyzersÔÇŁ z powodu fa┼észywego warunku; ('$(_ImplicitlySkipAnalyzers)' == 'true') oszacowano jako ('' == 'true').
   2:7>Wykonano kompilowanie elementu docelowego ÔÇ×_ComputeSkipAnalyzersÔÇŁ w projekcie ÔÇ×PhotoStudioManager.Core.csprojÔÇŁ.
       Pomini─Öto element docelowy ÔÇ×_SetPathMapFromSourceRootsÔÇŁ z powodu fa┼észywego warunku; ('$(DeterministicSourcePaths)' == 'true') oszacowano jako ('' == 'true').
       Pomini─Öto element docelowy ÔÇ×CreateCompilerGeneratedFilesOutputPathÔÇŁ z powodu fa┼észywego warunku; ('$(EmitCompilerGeneratedFiles)' == 'true' and !('$(DesignTimeBuild)' == 'true' OR '$(BuildingProject)' != 'true')) oszacowano jako ('false' == 'true' and !('' == 'true' OR 'true' != 'true')).
       Pomini─Öto element docelowy ÔÇ×BeforeCompileÔÇŁ. Wcze┼Ťniejsza kompilacja powiod┼éa si─Ö.
       Pomini─Öto element docelowy ÔÇ×InitializeSourceControlInformationFromSourceControlManagerÔÇŁ. Wcze┼Ťniejsza kompilacja powiod┼éa si─Ö.
   2:7>Element docelowy ÔÇ×SetEmbeddedFilesFromSourceControlManagerUntrackedFilesÔÇŁ w pliku ÔÇ×C:\Program Files\dotnet\sdk\8.0.101\Sdks\Microsoft.Build.Tasks.Git\build\Microsoft.Build.Tasks.Git.targetsÔÇŁ z projektu ÔÇ×C:\Users\emili\CascadeProjects\PhotoStudioManager\PhotoStudioManager.Core\PhotoStudioManager.Core.csprojÔÇŁ (zale┼╝y od niego element docelowy ÔÇ×_SetEmbeddedFilesFromSourceControlManagerUntrackedFilesÔÇŁ):
       Pomini─Öto zadanie ÔÇ×Microsoft.Build.Tasks.Git.GetUntrackedFilesÔÇŁ z powodu fa┼észywego warunku; ('$(_GitRepositoryId)' != '') oszacowano jako ('' != '').
   2:7>Wykonano kompilowanie elementu docelowego ÔÇ×SetEmbeddedFilesFromSourceControlManagerUntrackedFilesÔÇŁ w projekcie ÔÇ×PhotoStudioManager.Core.csprojÔÇŁ.
   2:7>Element docelowy ÔÇ×_SetEmbeddedFilesFromSourceControlManagerUntrackedFilesÔÇŁ w pliku ÔÇ×C:\Program Files\dotnet\sdk\8.0.101\Sdks\Microsoft.SourceLink.Common\build\Microsoft.SourceLink.Common.targetsÔÇŁ z projektu ÔÇ×C:\Users\emili\CascadeProjects\PhotoStudioManager\PhotoStudioManager.Core\PhotoStudioManager.Core.csprojÔÇŁ (zale┼╝y od niego element docelowy ÔÇ×CoreCompileÔÇŁ):
   2:7>Wykonano kompilowanie elementu docelowego ÔÇ×_SetEmbeddedFilesFromSourceControlManagerUntrackedFilesÔÇŁ w projekcie ÔÇ×PhotoStudioManager.Core.csprojÔÇŁ.
       Pomini─Öto element docelowy ÔÇ×InitializeSourceControlInformationÔÇŁ. Wcze┼Ťniejsza kompilacja powiod┼éa si─Ö.
   2:7>Element docelowy ÔÇ×_SetSourceLinkFilePathÔÇŁ w pliku ÔÇ×C:\Program Files\dotnet\sdk\8.0.101\Sdks\Microsoft.SourceLink.Common\build\Microsoft.SourceLink.Common.targetsÔÇŁ z projektu ÔÇ×C:\Users\emili\CascadeProjects\PhotoStudioManager\PhotoStudioManager.Core\PhotoStudioManager.Core.csprojÔÇŁ (zale┼╝y od niego element docelowy ÔÇ×_GenerateSourceLinkFileÔÇŁ):
   2:7>Wykonano kompilowanie elementu docelowego ÔÇ×_SetSourceLinkFilePathÔÇŁ w projekcie ÔÇ×PhotoStudioManager.Core.csprojÔÇŁ.
       Pomini─Öto element docelowy ÔÇ×InitializeSourceControlInformationÔÇŁ. Wcze┼Ťniejsza kompilacja powiod┼éa si─Ö.
   2:7>Element docelowy ÔÇ×_InitializeSourceRootMappedPathsFromSourceControlÔÇŁ w pliku ÔÇ×C:\Program Files\dotnet\sdk\8.0.101\Roslyn\Microsoft.Managed.Core.targetsÔÇŁ z projektu ÔÇ×C:\Users\emili\CascadeProjects\PhotoStudioManager\PhotoStudioManager.Core\PhotoStudioManager.Core.csprojÔÇŁ (zale┼╝y od niego element docelowy ÔÇ×InitializeSourceRootMappedPathsÔÇŁ):
   2:7>Wykonano kompilowanie elementu docelowego ÔÇ×_InitializeSourceRootMappedPathsFromSourceControlÔÇŁ w projekcie ÔÇ×PhotoStudioManager.Core.csprojÔÇŁ.
   2:7>Element docelowy ÔÇ×InitializeSourceRootMappedPathsÔÇŁ w pliku ÔÇ×C:\Program Files\dotnet\sdk\8.0.101\Roslyn\Microsoft.Managed.Core.targetsÔÇŁ z projektu ÔÇ×C:\Users\emili\CascadeProjects\PhotoStudioManager\PhotoStudioManager.Core\PhotoStudioManager.Core.csprojÔÇŁ (zale┼╝y od niego element docelowy ÔÇ×_InitializeSourceRootMappedPathsOptÔÇŁ):
       U┼╝ywanie zadania ÔÇ×Microsoft.CodeAnalysis.BuildTasks.MapSourceRootsÔÇŁ z zestawu ÔÇ×C:\Program Files\dotnet\sdk\8.0.101\Roslyn\Microsoft.Build.Tasks.CodeAnalysis.dllÔÇŁ.
       Zadanie ÔÇ×Microsoft.CodeAnalysis.BuildTasks.MapSourceRootsÔÇŁ
       Wykonywanie zadania ÔÇ×Microsoft.CodeAnalysis.BuildTasks.MapSourceRootsÔÇŁ zako┼äczone.
   2:7>Wykonano kompilowanie elementu docelowego ÔÇ×InitializeSourceRootMappedPathsÔÇŁ w projekcie ÔÇ×PhotoStudioManager.Core.csprojÔÇŁ.
   2:7>Element docelowy ÔÇ×_InitializeSourceRootMappedPathsOptÔÇŁ w pliku ÔÇ×C:\Program Files\dotnet\sdk\8.0.101\Sdks\Microsoft.SourceLink.Common\build\Microsoft.SourceLink.Common.targetsÔÇŁ z projektu ÔÇ×C:\Users\emili\CascadeProjects\PhotoStudioManager\PhotoStudioManager.Core\PhotoStudioManager.Core.csprojÔÇŁ (zale┼╝y od niego element docelowy ÔÇ×_GenerateSourceLinkFileÔÇŁ):
   2:7>Wykonano kompilowanie elementu docelowego ÔÇ×_InitializeSourceRootMappedPathsOptÔÇŁ w projekcie ÔÇ×PhotoStudioManager.Core.csprojÔÇŁ.
   2:7>Element docelowy ÔÇ×_InitializeGitHubSourceLinkUrlÔÇŁ w pliku ÔÇ×C:\Program Files\dotnet\sdk\8.0.101\Sdks\Microsoft.SourceLink.GitHub\build\Microsoft.SourceLink.GitHub.targetsÔÇŁ z projektu ÔÇ×C:\Users\emili\CascadeProjects\PhotoStudioManager\PhotoStudioManager.Core\PhotoStudioManager.Core.csprojÔÇŁ (zale┼╝y od niego element docelowy ÔÇ×_GenerateSourceLinkFileÔÇŁ):
       Uko┼äczono kompilowanie elementu docelowego ÔÇ×_InitializeGitHubSourceLinkUrlÔÇŁ.
       Nie okre┼Ťlono plik├│w wej┼Ťciowych.
       U┼╝ywanie zadania ÔÇ×Microsoft.SourceLink.GitHub.GetSourceLinkUrlÔÇŁ z zestawu ÔÇ×C:\Program Files\dotnet\sdk\8.0.101\Sdks\Microsoft.SourceLink.GitHub\build\..\tools\core\Microsoft.SourceLink.GitHub.dllÔÇŁ.
       Zadanie ÔÇ×Microsoft.SourceLink.GitHub.GetSourceLinkUrlÔÇŁ
       Wykonywanie zadania ÔÇ×Microsoft.SourceLink.GitHub.GetSourceLinkUrlÔÇŁ zako┼äczone.
   2:7>Wykonano kompilowanie elementu docelowego ÔÇ×_InitializeGitHubSourceLinkUrlÔÇŁ w projekcie ÔÇ×PhotoStudioManager.Core.csprojÔÇŁ.
   2:7>Element docelowy ÔÇ×_InitializeGitHubSourceLinkUrlÔÇŁ w pliku ÔÇ×C:\Program Files\dotnet\sdk\8.0.101\Sdks\Microsoft.SourceLink.GitHub\build\Microsoft.SourceLink.GitHub.targetsÔÇŁ z projektu ÔÇ×C:\Users\emili\CascadeProjects\PhotoStudioManager\PhotoStudioManager.Core\PhotoStudioManager.Core.csprojÔÇŁ (zale┼╝y od niego element docelowy ÔÇ×_GenerateSourceLinkFileÔÇŁ):
       Uko┼äczono kompilowanie elementu docelowego ÔÇ×_InitializeGitHubSourceLinkUrlÔÇŁ.
       Nie okre┼Ťlono plik├│w wej┼Ťciowych.
       Zadanie ÔÇ×Microsoft.SourceLink.GitHub.GetSourceLinkUrlÔÇŁ
       Wykonywanie zadania ÔÇ×Microsoft.SourceLink.GitHub.GetSourceLinkUrlÔÇŁ zako┼äczone.
   2:7>Wykonano kompilowanie elementu docelowego ÔÇ×_InitializeGitHubSourceLinkUrlÔÇŁ w projekcie ÔÇ×PhotoStudioManager.Core.csprojÔÇŁ.
   2:7>Element docelowy ÔÇ×_InitializeGitLabSourceLinkUrlÔÇŁ w pliku ÔÇ×C:\Program Files\dotnet\sdk\8.0.101\Sdks\Microsoft.SourceLink.GitLab\build\Microsoft.SourceLink.GitLab.targetsÔÇŁ z projektu ÔÇ×C:\Users\emili\CascadeProjects\PhotoStudioManager\PhotoStudioManager.Core\PhotoStudioManager.Core.csprojÔÇŁ (zale┼╝y od niego element docelowy ÔÇ×_GenerateSourceLinkFileÔÇŁ):
       Uko┼äczono kompilowanie elementu docelowego ÔÇ×_InitializeGitLabSourceLinkUrlÔÇŁ.
       Nie okre┼Ťlono plik├│w wej┼Ťciowych.
       U┼╝ywanie zadania ÔÇ×Microsoft.SourceLink.GitLab.GetSourceLinkUrlÔÇŁ z zestawu ÔÇ×C:\Program Files\dotnet\sdk\8.0.101\Sdks\Microsoft.SourceLink.GitLab\build\..\tools\core\Microsoft.SourceLink.GitLab.dllÔÇŁ.
       Zadanie ÔÇ×Microsoft.SourceLink.GitLab.GetSourceLinkUrlÔÇŁ
       Wykonywanie zadania ÔÇ×Microsoft.SourceLink.GitLab.GetSourceLinkUrlÔÇŁ zako┼äczone.
   2:7>Wykonano kompilowanie elementu docelowego ÔÇ×_InitializeGitLabSourceLinkUrlÔÇŁ w projekcie ÔÇ×PhotoStudioManager.Core.csprojÔÇŁ.
   2:7>Element docelowy ÔÇ×_InitializeGitLabSourceLinkUrlÔÇŁ w pliku ÔÇ×C:\Program Files\dotnet\sdk\8.0.101\Sdks\Microsoft.SourceLink.GitLab\build\Microsoft.SourceLink.GitLab.targetsÔÇŁ z projektu ÔÇ×C:\Users\emili\CascadeProjects\PhotoStudioManager\PhotoStudioManager.Core\PhotoStudioManager.Core.csprojÔÇŁ (zale┼╝y od niego element docelowy ÔÇ×_GenerateSourceLinkFileÔÇŁ):
       Uko┼äczono kompilowanie elementu docelowego ÔÇ×_InitializeGitLabSourceLinkUrlÔÇŁ.
       Nie okre┼Ťlono plik├│w wej┼Ťciowych.
       Zadanie ÔÇ×Microsoft.SourceLink.GitLab.GetSourceLinkUrlÔÇŁ
       Wykonywanie zadania ÔÇ×Microsoft.SourceLink.GitLab.GetSourceLinkUrlÔÇŁ zako┼äczone.
   2:7>Wykonano kompilowanie elementu docelowego ÔÇ×_InitializeGitLabSourceLinkUrlÔÇŁ w projekcie ÔÇ×PhotoStudioManager.Core.csprojÔÇŁ.
   2:7>Element docelowy ÔÇ×_InitializeAzureReposGitSourceLinkUrlÔÇŁ w pliku ÔÇ×C:\Program Files\dotnet\sdk\8.0.101\Sdks\Microsoft.SourceLink.AzureRepos.Git\build\Microsoft.SourceLink.AzureRepos.Git.targetsÔÇŁ z projektu ÔÇ×C:\Users\emili\CascadeProjects\PhotoStudioManager\PhotoStudioManager.Core\PhotoStudioManager.Core.csprojÔÇŁ (zale┼╝y od niego element docelowy ÔÇ×_GenerateSourceLinkFileÔÇŁ):
       Uko┼äczono kompilowanie elementu docelowego ÔÇ×_InitializeAzureReposGitSourceLinkUrlÔÇŁ.
       Nie okre┼Ťlono plik├│w wej┼Ťciowych.
       U┼╝ywanie zadania ÔÇ×Microsoft.SourceLink.AzureRepos.Git.GetSourceLinkUrlÔÇŁ z zestawu ÔÇ×C:\Program Files\dotnet\sdk\8.0.101\Sdks\Microsoft.SourceLink.AzureRepos.Git\build\..\tools\core\Microsoft.SourceLink.AzureRepos.Git.dllÔÇŁ.
       Zadanie ÔÇ×Microsoft.SourceLink.AzureRepos.Git.GetSourceLinkUrlÔÇŁ
       Wykonywanie zadania ÔÇ×Microsoft.SourceLink.AzureRepos.Git.GetSourceLinkUrlÔÇŁ zako┼äczone.
   2:7>Wykonano kompilowanie elementu docelowego ÔÇ×_InitializeAzureReposGitSourceLinkUrlÔÇŁ w projekcie ÔÇ×PhotoStudioManager.Core.csprojÔÇŁ.
   2:7>Element docelowy ÔÇ×_InitializeAzureReposGitSourceLinkUrlÔÇŁ w pliku ÔÇ×C:\Program Files\dotnet\sdk\8.0.101\Sdks\Microsoft.SourceLink.AzureRepos.Git\build\Microsoft.SourceLink.AzureRepos.Git.targetsÔÇŁ z projektu ÔÇ×C:\Users\emili\CascadeProjects\PhotoStudioManager\PhotoStudioManager.Core\PhotoStudioManager.Core.csprojÔÇŁ (zale┼╝y od niego element docelowy ÔÇ×_GenerateSourceLinkFileÔÇŁ):
       Uko┼äczono kompilowanie elementu docelowego ÔÇ×_InitializeAzureReposGitSourceLinkUrlÔÇŁ.
       Nie okre┼Ťlono plik├│w wej┼Ťciowych.
       Zadanie ÔÇ×Microsoft.SourceLink.AzureRepos.Git.GetSourceLinkUrlÔÇŁ
       Wykonywanie zadania ÔÇ×Microsoft.SourceLink.AzureRepos.Git.GetSourceLinkUrlÔÇŁ zako┼äczone.
   2:7>Wykonano kompilowanie elementu docelowego ÔÇ×_InitializeAzureReposGitSourceLinkUrlÔÇŁ w projekcie ÔÇ×PhotoStudioManager.Core.csprojÔÇŁ.
   2:7>Element docelowy ÔÇ×_InitializeBitbucketGitSourceLinkUrlÔÇŁ w pliku ÔÇ×C:\Program Files\dotnet\sdk\8.0.101\Sdks\Microsoft.SourceLink.Bitbucket.Git\build\Microsoft.SourceLink.Bitbucket.Git.targetsÔÇŁ z projektu ÔÇ×C:\Users\emili\CascadeProjects\PhotoStudioManager\PhotoStudioManager.Core\PhotoStudioManager.Core.csprojÔÇŁ (zale┼╝y od niego element docelowy ÔÇ×_GenerateSourceLinkFileÔÇŁ):
       Uko┼äczono kompilowanie elementu docelowego ÔÇ×_InitializeBitbucketGitSourceLinkUrlÔÇŁ.
       Nie okre┼Ťlono plik├│w wej┼Ťciowych.
       U┼╝ywanie zadania ÔÇ×Microsoft.SourceLink.Bitbucket.Git.GetSourceLinkUrlÔÇŁ z zestawu ÔÇ×C:\Program Files\dotnet\sdk\8.0.101\Sdks\Microsoft.SourceLink.Bitbucket.Git\build\..\tools\core\Microsoft.SourceLink.Bitbucket.Git.dllÔÇŁ.
       Zadanie ÔÇ×Microsoft.SourceLink.Bitbucket.Git.GetSourceLinkUrlÔÇŁ
       Wykonywanie zadania ÔÇ×Microsoft.SourceLink.Bitbucket.Git.GetSourceLinkUrlÔÇŁ zako┼äczone.
   2:7>Wykonano kompilowanie elementu docelowego ÔÇ×_InitializeBitbucketGitSourceLinkUrlÔÇŁ w projekcie ÔÇ×PhotoStudioManager.Core.csprojÔÇŁ.
   2:7>Element docelowy ÔÇ×_InitializeBitbucketGitSourceLinkUrlÔÇŁ w pliku ÔÇ×C:\Program Files\dotnet\sdk\8.0.101\Sdks\Microsoft.SourceLink.Bitbucket.Git\build\Microsoft.SourceLink.Bitbucket.Git.targetsÔÇŁ z projektu ÔÇ×C:\Users\emili\CascadeProjects\PhotoStudioManager\PhotoStudioManager.Core\PhotoStudioManager.Core.csprojÔÇŁ (zale┼╝y od niego element docelowy ÔÇ×_GenerateSourceLinkFileÔÇŁ):
       Uko┼äczono kompilowanie elementu docelowego ÔÇ×_InitializeBitbucketGitSourceLinkUrlÔÇŁ.
       Nie okre┼Ťlono plik├│w wej┼Ťciowych.
       Zadanie ÔÇ×Microsoft.SourceLink.Bitbucket.Git.GetSourceLinkUrlÔÇŁ
       Wykonywanie zadania ÔÇ×Microsoft.SourceLink.Bitbucket.Git.GetSourceLinkUrlÔÇŁ zako┼äczone.
   2:7>Wykonano kompilowanie elementu docelowego ÔÇ×_InitializeBitbucketGitSourceLinkUrlÔÇŁ w projekcie ÔÇ×PhotoStudioManager.Core.csprojÔÇŁ.
   2:7>Element docelowy ÔÇ×_GenerateSourceLinkFileÔÇŁ w pliku ÔÇ×C:\Program Files\dotnet\sdk\8.0.101\Sdks\Microsoft.SourceLink.Common\build\Microsoft.SourceLink.Common.targetsÔÇŁ z projektu ÔÇ×C:\Users\emili\CascadeProjects\PhotoStudioManager\PhotoStudioManager.Core\PhotoStudioManager.Core.csprojÔÇŁ (zale┼╝y od niego element docelowy ÔÇ×GenerateSourceLinkFileÔÇŁ):
       Uko┼äczono kompilowanie elementu docelowego ÔÇ×_GenerateSourceLinkFileÔÇŁ.
       Nie okre┼Ťlono plik├│w wej┼Ťciowych.
       U┼╝ywanie zadania ÔÇ×Microsoft.SourceLink.Common.GenerateSourceLinkFileÔÇŁ z zestawu ÔÇ×C:\Program Files\dotnet\sdk\8.0.101\Sdks\Microsoft.SourceLink.Common\build\..\tools\core\Microsoft.SourceLink.Common.dllÔÇŁ.
       Zadanie ÔÇ×Microsoft.SourceLink.Common.GenerateSourceLinkFileÔÇŁ
         Source Link jest pusty, plik ÔÇ×obj\Debug\net8.0\PhotoStudioManager.Core.sourcelink.jsonÔÇŁ nie istnieje.
       Wykonywanie zadania ÔÇ×Microsoft.SourceLink.Common.GenerateSourceLinkFileÔÇŁ zako┼äczone.
   2:7>Wykonano kompilowanie elementu docelowego ÔÇ×_GenerateSourceLinkFileÔÇŁ w projekcie ÔÇ×PhotoStudioManager.Core.csprojÔÇŁ.
   2:7>Element docelowy ÔÇ×GenerateSourceLinkFileÔÇŁ w pliku ÔÇ×C:\Program Files\dotnet\sdk\8.0.101\Sdks\Microsoft.SourceLink.Common\build\Microsoft.SourceLink.Common.targetsÔÇŁ z projektu ÔÇ×C:\Users\emili\CascadeProjects\PhotoStudioManager\PhotoStudioManager.Core\PhotoStudioManager.Core.csprojÔÇŁ (zale┼╝y od niego element docelowy ÔÇ×CoreCompileÔÇŁ):
   2:7>Wykonano kompilowanie elementu docelowego ÔÇ×GenerateSourceLinkFileÔÇŁ w projekcie ÔÇ×PhotoStudioManager.Core.csprojÔÇŁ.
   2:7>Element docelowy ÔÇ×AddGlobalAnalyzerConfigForPackage_MicrosoftCodeAnalysisNetAnalyzersÔÇŁ w pliku ÔÇ×C:\Program Files\dotnet\sdk\8.0.101\Sdks\Microsoft.NET.Sdk\analyzers\build\Microsoft.CodeAnalysis.NetAnalyzers.targetsÔÇŁ z projektu ÔÇ×C:\Users\emili\CascadeProjects\PhotoStudioManager\PhotoStudioManager.Core\PhotoStudioManager.Core.csprojÔÇŁ (zale┼╝y od niego element docelowy ÔÇ×CoreCompileÔÇŁ):
   2:7>Wykonano kompilowanie elementu docelowego ÔÇ×AddGlobalAnalyzerConfigForPackage_MicrosoftCodeAnalysisNetAnalyzersÔÇŁ w projekcie ÔÇ×PhotoStudioManager.Core.csprojÔÇŁ.
       Pomini─Öto element docelowy ÔÇ×AddGlobalAnalyzerConfigForPackage_MicrosoftCodeAnalysisNetAnalyzersDesignÔÇŁ z powodu fa┼észywego warunku; ('$(SkipGlobalAnalyzerConfigForPackage)' != 'true' and ('$(AnalysisLevelDesign)' != '' or '$(AnalysisModeDesign)' != '')) oszacowano jako ('' != 'true' and ('' != '' or '' != '')).
       Pomini─Öto element docelowy ÔÇ×AddGlobalAnalyzerConfigForPackage_MicrosoftCodeAnalysisNetAnalyzersDocumentationÔÇŁ z powodu fa┼észywego warunku; ('$(SkipGlobalAnalyzerConfigForPackage)' != 'true' and ('$(AnalysisLevelDocumentation)' != '' or '$(AnalysisModeDocumentation)' != '')) oszacowano jako ('' != 'true' and ('' != '' or '' != '')).
       Pomini─Öto element docelowy ÔÇ×AddGlobalAnalyzerConfigForPackage_MicrosoftCodeAnalysisNetAnalyzersGlobalizationÔÇŁ z powodu fa┼észywego warunku; ('$(SkipGlobalAnalyzerConfigForPackage)' != 'true' and ('$(AnalysisLevelGlobalization)' != '' or '$(AnalysisModeGlobalization)' != '')) oszacowano jako ('' != 'true' and ('' != '' or '' != '')).
       Pomini─Öto element docelowy ÔÇ×AddGlobalAnalyzerConfigForPackage_MicrosoftCodeAnalysisNetAnalyzersInteroperabilityÔÇŁ z powodu fa┼észywego warunku; ('$(SkipGlobalAnalyzerConfigForPackage)' != 'true' and ('$(AnalysisLevelInteroperability)' != '' or '$(AnalysisModeInteroperability)' != '')) oszacowano jako ('' != 'true' and ('' != '' or '' != '')).
       Pomini─Öto element docelowy ÔÇ×AddGlobalAnalyzerConfigForPackage_MicrosoftCodeAnalysisNetAnalyzersMaintainabilityÔÇŁ z powodu fa┼észywego warunku; ('$(SkipGlobalAnalyzerConfigForPackage)' != 'true' and ('$(AnalysisLevelMaintainability)' != '' or '$(AnalysisModeMaintainability)' != '')) oszacowano jako ('' != 'true' and ('' != '' or '' != '')).
       Pomini─Öto element docelowy ÔÇ×AddGlobalAnalyzerConfigForPackage_MicrosoftCodeAnalysisNetAnalyzersNamingÔÇŁ z powodu fa┼észywego warunku; ('$(SkipGlobalAnalyzerConfigForPackage)' != 'true' and ('$(AnalysisLevelNaming)' != '' or '$(AnalysisModeNaming)' != '')) oszacowano jako ('' != 'true' and ('' != '' or '' != '')).
       Pomini─Öto element docelowy ÔÇ×AddGlobalAnalyzerConfigForPackage_MicrosoftCodeAnalysisNetAnalyzersPerformanceÔÇŁ z powodu fa┼észywego warunku; ('$(SkipGlobalAnalyzerConfigForPackage)' != 'true' and ('$(AnalysisLevelPerformance)' != '' or '$(AnalysisModePerformance)' != '')) oszacowano jako ('' != 'true' and ('' != '' or '' != '')).
       Pomini─Öto element docelowy ÔÇ×AddGlobalAnalyzerConfigForPackage_MicrosoftCodeAnalysisNetAnalyzersReliabilityÔÇŁ z powodu fa┼észywego warunku; ('$(SkipGlobalAnalyzerConfigForPackage)' != 'true' and ('$(AnalysisLevelReliability)' != '' or '$(AnalysisModeReliability)' != '')) oszacowano jako ('' != 'true' and ('' != '' or '' != '')).
       Pomini─Öto element docelowy ÔÇ×AddGlobalAnalyzerConfigForPackage_MicrosoftCodeAnalysisNetAnalyzersSecurityÔÇŁ z powodu fa┼észywego warunku; ('$(SkipGlobalAnalyzerConfigForPackage)' != 'true' and ('$(AnalysisLevelSecurity)' != '' or '$(AnalysisModeSecurity)' != '')) oszacowano jako ('' != 'true' and ('' != '' or '' != '')).
       Pomini─Öto element docelowy ÔÇ×AddGlobalAnalyzerConfigForPackage_MicrosoftCodeAnalysisNetAnalyzersUsageÔÇŁ z powodu fa┼észywego warunku; ('$(SkipGlobalAnalyzerConfigForPackage)' != 'true' and ('$(AnalysisLevelUsage)' != '' or '$(AnalysisModeUsage)' != '')) oszacowano jako ('' != 'true' and ('' != '' or '' != '')).
       Pomini─Öto element docelowy ÔÇ×_CodeAnalysisTreatWarningsAsErrorsÔÇŁ z powodu fa┼észywego warunku; ('$(DesignTimeBuild)' == 'true' OR '$(BuildingProject)' != 'true') oszacowano jako ('' == 'true' OR 'true' != 'true').
   2:7>Element docelowy ÔÇ×_ReportUpgradeNetAnalyzersNuGetWarningÔÇŁ w pliku ÔÇ×C:\Program Files\dotnet\sdk\8.0.101\Sdks\Microsoft.NET.Sdk\analyzers\build\Microsoft.CodeAnalysis.NetAnalyzers.targetsÔÇŁ z projektu ÔÇ×C:\Users\emili\CascadeProjects\PhotoStudioManager\PhotoStudioManager.Core\PhotoStudioManager.Core.csprojÔÇŁ (zale┼╝y od niego element docelowy ÔÇ×CoreCompileÔÇŁ):
       Pomini─Öto zadanie ÔÇ×WarningÔÇŁ z powodu fa┼észywego warunku; ('$(_NETAnalyzersNuGetAssemblyVersion)' != '' AND
                                '$(_NETAnalyzersSDKAssemblyVersion)' != '' AND
                                 $(_NETAnalyzersNuGetAssemblyVersion) < $(_NETAnalyzersSDKAssemblyVersion)) oszacowano jako ('' != '' AND
                                '8.0.0' != '' AND
                                  < 8.0.0).
   2:7>Wykonano kompilowanie elementu docelowego ÔÇ×_ReportUpgradeNetAnalyzersNuGetWarningÔÇŁ w projekcie ÔÇ×PhotoStudioManager.Core.csprojÔÇŁ.
   2:7>Element docelowy ÔÇ×CoreCompileÔÇŁ w pliku ÔÇ×C:\Program Files\dotnet\sdk\8.0.101\Roslyn\Microsoft.CSharp.Core.targetsÔÇŁ z projektu ÔÇ×C:\Users\emili\CascadeProjects\PhotoStudioManager\PhotoStudioManager.Core\PhotoStudioManager.Core.csprojÔÇŁ (zale┼╝y od niego element docelowy ÔÇ×CompileÔÇŁ):
       Pomijanie elementu docelowego ÔÇ×CoreCompileÔÇŁ, poniewa┼╝ wszystkie pliki wyj┼Ťciowe s─ů aktualne w por├│wnaniu z plikami wej┼Ťciowymi.
       Pliki wej┼Ťciowe: 
           Class1.cs
           Entities\ApplicationUser.cs
           Entities\Calendar.cs
           Entities\Client.cs
           Entities\Equipment.cs
           Entities\Payment.cs
           Entities\Photo.cs
           Entities\Photographer.cs
           Entities\PhotoSession.cs
           Entities\User.cs
           Interfaces\IEmailService.cs
           Interfaces\IPhotoSessionRepository.cs
           Interfaces\IRepository.cs
           obj\Debug\net8.0\PhotoStudioManager.Core.GlobalUsings.g.cs
           obj\Debug\net8.0\.NETCoreApp,Version=v8.0.AssemblyAttributes.cs
           obj\Debug\net8.0\PhotoStudioManager.Core.AssemblyInfo.cs
           C:\Users\emili\.nuget\packages\microsoft.aspnetcore.cryptography.internal\8.0.1\lib\net8.0\Microsoft.AspNetCore.Cryptography.Internal.dll
           C:\Users\emili\.nuget\packages\microsoft.aspnetcore.cryptography.keyderivation\8.0.1\lib\net8.0\Microsoft.AspNetCore.Cryptography.KeyDerivation.dll
           C:\Users\emili\.nuget\packages\microsoft.aspnetcore.identity.entityframeworkcore\8.0.1\lib\net8.0\Microsoft.AspNetCore.Identity.EntityFrameworkCore.dll
           C:\Program Files\dotnet\packs\Microsoft.NETCore.App.Ref\8.0.1\ref\net8.0\Microsoft.CSharp.dll
           C:\Users\emili\.nuget\packages\microsoft.entityframeworkcore.abstractions\8.0.1\lib\net8.0\Microsoft.EntityFrameworkCore.Abstractions.dll
           C:\Users\emili\.nuget\packages\microsoft.entityframeworkcore\8.0.1\lib\net8.0\Microsoft.EntityFrameworkCore.dll
           C:\Users\emili\.nuget\packages\microsoft.entityframeworkcore.relational\8.0.1\lib\net8.0\Microsoft.EntityFrameworkCore.Relational.dll
           C:\Users\emili\.nuget\packages\microsoft.extensions.caching.abstractions\8.0.0\lib\net8.0\Microsoft.Extensions.Caching.Abstractions.dll
           C:\Users\emili\.nuget\packages\microsoft.extensions.caching.memory\8.0.0\lib\net8.0\Microsoft.Extensions.Caching.Memory.dll
           C:\Users\emili\.nuget\packages\microsoft.extensions.configuration.abstractions\8.0.0\lib\net8.0\Microsoft.Extensions.Configuration.Abstractions.dll
           C:\Users\emili\.nuget\packages\microsoft.extensions.dependencyinjection.abstractions\8.0.0\lib\net8.0\Microsoft.Extensions.DependencyInjection.Abstractions.dll
           C:\Users\emili\.nuget\packages\microsoft.extensions.dependencyinjection\8.0.0\lib\net8.0\Microsoft.Extensions.DependencyInjection.dll
           C:\Users\emili\.nuget\packages\microsoft.extensions.identity.core\8.0.1\lib\net8.0\Microsoft.Extensions.Identity.Core.dll
           C:\Users\emili\.nuget\packages\microsoft.extensions.identity.stores\8.0.1\lib\net8.0\Microsoft.Extensions.Identity.Stores.dll
           C:\Users\emili\.nuget\packages\microsoft.extensions.logging.abstractions\8.0.0\lib\net8.0\Microsoft.Extensions.Logging.Abstractions.dll
           C:\Users\emili\.nuget\packages\microsoft.extensions.logging\8.0.0\lib\net8.0\Microsoft.Extensions.Logging.dll
           C:\Users\emili\.nuget\packages\microsoft.extensions.options\8.0.1\lib\net8.0\Microsoft.Extensions.Options.dll
           C:\Users\emili\.nuget\packages\microsoft.extensions.primitives\8.0.0\lib\net8.0\Microsoft.Extensions.Primitives.dll
           C:\Program Files\dotnet\packs\Microsoft.NETCore.App.Ref\8.0.1\ref\net8.0\Microsoft.VisualBasic.Core.dll
           C:\Program Files\dotnet\packs\Microsoft.NETCore.App.Ref\8.0.1\ref\net8.0\Microsoft.VisualBasic.dll
           C:\Program Files\dotnet\packs\Microsoft.NETCore.App.Ref\8.0.1\ref\net8.0\Microsoft.Win32.Primitives.dll
           C:\Program Files\dotnet\packs\Microsoft.NETCore.App.Ref\8.0.1\ref\net8.0\Microsoft.Win32.Registry.dll
           C:\Program Files\dotnet\packs\Microsoft.NETCore.App.Ref\8.0.1\ref\net8.0\mscorlib.dll
           C:\Program Files\dotnet\packs\Microsoft.NETCore.App.Ref\8.0.1\ref\net8.0\netstandard.dll
           C:\Program Files\dotnet\packs\Microsoft.NETCore.App.Ref\8.0.1\ref\net8.0\System.AppContext.dll
           C:\Program Files\dotnet\packs\Microsoft.NETCore.App.Ref\8.0.1\ref\net8.0\System.Buffers.dll
           C:\Program Files\dotnet\packs\Microsoft.NETCore.App.Ref\8.0.1\ref\net8.0\System.Collections.Concurrent.dll
           C:\Program Files\dotnet\packs\Microsoft.NETCore.App.Ref\8.0.1\ref\net8.0\System.Collections.dll
           C:\Program Files\dotnet\packs\Microsoft.NETCore.App.Ref\8.0.1\ref\net8.0\System.Collections.Immutable.dll
           C:\Program Files\dotnet\packs\Microsoft.NETCore.App.Ref\8.0.1\ref\net8.0\System.Collections.NonGeneric.dll
           C:\Program Files\dotnet\packs\Microsoft.NETCore.App.Ref\8.0.1\ref\net8.0\System.Collections.Specialized.dll
           C:\Program Files\dotnet\packs\Microsoft.NETCore.App.Ref\8.0.1\ref\net8.0\System.ComponentModel.Annotations.dll
           C:\Program Files\dotnet\packs\Microsoft.NETCore.App.Ref\8.0.1\ref\net8.0\System.ComponentModel.DataAnnotations.dll
           C:\Program Files\dotnet\packs\Microsoft.NETCore.App.Ref\8.0.1\ref\net8.0\System.ComponentModel.dll
           C:\Program Files\dotnet\packs\Microsoft.NETCore.App.Ref\8.0.1\ref\net8.0\System.ComponentModel.EventBasedAsync.dll
           C:\Program Files\dotnet\packs\Microsoft.NETCore.App.Ref\8.0.1\ref\net8.0\System.ComponentModel.Primitives.dll
           C:\Program Files\dotnet\packs\Microsoft.NETCore.App.Ref\8.0.1\ref\net8.0\System.ComponentModel.TypeConverter.dll
           C:\Program Files\dotnet\packs\Microsoft.NETCore.App.Ref\8.0.1\ref\net8.0\System.Configuration.dll
           C:\Program Files\dotnet\packs\Microsoft.NETCore.App.Ref\8.0.1\ref\net8.0\System.Console.dll
           C:\Program Files\dotnet\packs\Microsoft.NETCore.App.Ref\8.0.1\ref\net8.0\System.Core.dll
           C:\Program Files\dotnet\packs\Microsoft.NETCore.App.Ref\8.0.1\ref\net8.0\System.Data.Common.dll
           C:\Program Files\dotnet\packs\Microsoft.NETCore.App.Ref\8.0.1\ref\net8.0\System.Data.DataSetExtensions.dll
           C:\Program Files\dotnet\packs\Microsoft.NETCore.App.Ref\8.0.1\ref\net8.0\System.Data.dll
           C:\Program Files\dotnet\packs\Microsoft.NETCore.App.Ref\8.0.1\ref\net8.0\System.Diagnostics.Contracts.dll
           C:\Program Files\dotnet\packs\Microsoft.NETCore.App.Ref\8.0.1\ref\net8.0\System.Diagnostics.Debug.dll
           C:\Program Files\dotnet\packs\Microsoft.NETCore.App.Ref\8.0.1\ref\net8.0\System.Diagnostics.DiagnosticSource.dll
           C:\Program Files\dotnet\packs\Microsoft.NETCore.App.Ref\8.0.1\ref\net8.0\System.Diagnostics.FileVersionInfo.dll
           C:\Program Files\dotnet\packs\Microsoft.NETCore.App.Ref\8.0.1\ref\net8.0\System.Diagnostics.Process.dll
           C:\Program Files\dotnet\packs\Microsoft.NETCore.App.Ref\8.0.1\ref\net8.0\System.Diagnostics.StackTrace.dll
           C:\Program Files\dotnet\packs\Microsoft.NETCore.App.Ref\8.0.1\ref\net8.0\System.Diagnostics.TextWriterTraceListener.dll
           C:\Program Files\dotnet\packs\Microsoft.NETCore.App.Ref\8.0.1\ref\net8.0\System.Diagnostics.Tools.dll
           C:\Program Files\dotnet\packs\Microsoft.NETCore.App.Ref\8.0.1\ref\net8.0\System.Diagnostics.TraceSource.dll
           C:\Program Files\dotnet\packs\Microsoft.NETCore.App.Ref\8.0.1\ref\net8.0\System.Diagnostics.Tracing.dll
           C:\Program Files\dotnet\packs\Microsoft.NETCore.App.Ref\8.0.1\ref\net8.0\System.dll
           C:\Program Files\dotnet\packs\Microsoft.NETCore.App.Ref\8.0.1\ref\net8.0\System.Drawing.dll
           C:\Program Files\dotnet\packs\Microsoft.NETCore.App.Ref\8.0.1\ref\net8.0\System.Drawing.Primitives.dll
           C:\Program Files\dotnet\packs\Microsoft.NETCore.App.Ref\8.0.1\ref\net8.0\System.Dynamic.Runtime.dll
           C:\Program Files\dotnet\packs\Microsoft.NETCore.App.Ref\8.0.1\ref\net8.0\System.Formats.Asn1.dll
           C:\Program Files\dotnet\packs\Microsoft.NETCore.App.Ref\8.0.1\ref\net8.0\System.Formats.Tar.dll
           C:\Program Files\dotnet\packs\Microsoft.NETCore.App.Ref\8.0.1\ref\net8.0\System.Globalization.Calendars.dll
           C:\Program Files\dotnet\packs\Microsoft.NETCore.App.Ref\8.0.1\ref\net8.0\System.Globalization.dll
           C:\Program Files\dotnet\packs\Microsoft.NETCore.App.Ref\8.0.1\ref\net8.0\System.Globalization.Extensions.dll
           C:\Program Files\dotnet\packs\Microsoft.NETCore.App.Ref\8.0.1\ref\net8.0\System.IO.Compression.Brotli.dll
           C:\Program Files\dotnet\packs\Microsoft.NETCore.App.Ref\8.0.1\ref\net8.0\System.IO.Compression.dll
           C:\Program Files\dotnet\packs\Microsoft.NETCore.App.Ref\8.0.1\ref\net8.0\System.IO.Compression.FileSystem.dll
           C:\Program Files\dotnet\packs\Microsoft.NETCore.App.Ref\8.0.1\ref\net8.0\System.IO.Compression.ZipFile.dll
           C:\Program Files\dotnet\packs\Microsoft.NETCore.App.Ref\8.0.1\ref\net8.0\System.IO.dll
           C:\Program Files\dotnet\packs\Microsoft.NETCore.App.Ref\8.0.1\ref\net8.0\System.IO.FileSystem.AccessControl.dll
           C:\Program Files\dotnet\packs\Microsoft.NETCore.App.Ref\8.0.1\ref\net8.0\System.IO.FileSystem.dll
           C:\Program Files\dotnet\packs\Microsoft.NETCore.App.Ref\8.0.1\ref\net8.0\System.IO.FileSystem.DriveInfo.dll
           C:\Program Files\dotnet\packs\Microsoft.NETCore.App.Ref\8.0.1\ref\net8.0\System.IO.FileSystem.Primitives.dll
           C:\Program Files\dotnet\packs\Microsoft.NETCore.App.Ref\8.0.1\ref\net8.0\System.IO.FileSystem.Watcher.dll
           C:\Program Files\dotnet\packs\Microsoft.NETCore.App.Ref\8.0.1\ref\net8.0\System.IO.IsolatedStorage.dll
           C:\Program Files\dotnet\packs\Microsoft.NETCore.App.Ref\8.0.1\ref\net8.0\System.IO.MemoryMappedFiles.dll
           C:\Program Files\dotnet\packs\Microsoft.NETCore.App.Ref\8.0.1\ref\net8.0\System.IO.Pipes.AccessControl.dll
           C:\Program Files\dotnet\packs\Microsoft.NETCore.App.Ref\8.0.1\ref\net8.0\System.IO.Pipes.dll
           C:\Program Files\dotnet\packs\Microsoft.NETCore.App.Ref\8.0.1\ref\net8.0\System.IO.UnmanagedMemoryStream.dll
           C:\Program Files\dotnet\packs\Microsoft.NETCore.App.Ref\8.0.1\ref\net8.0\System.Linq.dll
           C:\Program Files\dotnet\packs\Microsoft.NETCore.App.Ref\8.0.1\ref\net8.0\System.Linq.Expressions.dll
           C:\Program Files\dotnet\packs\Microsoft.NETCore.App.Ref\8.0.1\ref\net8.0\System.Linq.Parallel.dll
           C:\Program Files\dotnet\packs\Microsoft.NETCore.App.Ref\8.0.1\ref\net8.0\System.Linq.Queryable.dll
           C:\Program Files\dotnet\packs\Microsoft.NETCore.App.Ref\8.0.1\ref\net8.0\System.Memory.dll
           C:\Program Files\dotnet\packs\Microsoft.NETCore.App.Ref\8.0.1\ref\net8.0\System.Net.dll
           C:\Program Files\dotnet\packs\Microsoft.NETCore.App.Ref\8.0.1\ref\net8.0\System.Net.Http.dll
           C:\Program Files\dotnet\packs\Microsoft.NETCore.App.Ref\8.0.1\ref\net8.0\System.Net.Http.Json.dll
           C:\Program Files\dotnet\packs\Microsoft.NETCore.App.Ref\8.0.1\ref\net8.0\System.Net.HttpListener.dll
           C:\Program Files\dotnet\packs\Microsoft.NETCore.App.Ref\8.0.1\ref\net8.0\System.Net.Mail.dll
           C:\Program Files\dotnet\packs\Microsoft.NETCore.App.Ref\8.0.1\ref\net8.0\System.Net.NameResolution.dll
           C:\Program Files\dotnet\packs\Microsoft.NETCore.App.Ref\8.0.1\ref\net8.0\System.Net.NetworkInformation.dll
           C:\Program Files\dotnet\packs\Microsoft.NETCore.App.Ref\8.0.1\ref\net8.0\System.Net.Ping.dll
           C:\Program Files\dotnet\packs\Microsoft.NETCore.App.Ref\8.0.1\ref\net8.0\System.Net.Primitives.dll
           C:\Program Files\dotnet\packs\Microsoft.NETCore.App.Ref\8.0.1\ref\net8.0\System.Net.Quic.dll
           C:\Program Files\dotnet\packs\Microsoft.NETCore.App.Ref\8.0.1\ref\net8.0\System.Net.Requests.dll
           C:\Program Files\dotnet\packs\Microsoft.NETCore.App.Ref\8.0.1\ref\net8.0\System.Net.Security.dll
           C:\Program Files\dotnet\packs\Microsoft.NETCore.App.Ref\8.0.1\ref\net8.0\System.Net.ServicePoint.dll
           C:\Program Files\dotnet\packs\Microsoft.NETCore.App.Ref\8.0.1\ref\net8.0\System.Net.Sockets.dll
           C:\Program Files\dotnet\packs\Microsoft.NETCore.App.Ref\8.0.1\ref\net8.0\System.Net.WebClient.dll
           C:\Program Files\dotnet\packs\Microsoft.NETCore.App.Ref\8.0.1\ref\net8.0\System.Net.WebHeaderCollection.dll
           C:\Program Files\dotnet\packs\Microsoft.NETCore.App.Ref\8.0.1\ref\net8.0\System.Net.WebProxy.dll
           C:\Program Files\dotnet\packs\Microsoft.NETCore.App.Ref\8.0.1\ref\net8.0\System.Net.WebSockets.Client.dll
           C:\Program Files\dotnet\packs\Microsoft.NETCore.App.Ref\8.0.1\ref\net8.0\System.Net.WebSockets.dll
           C:\Program Files\dotnet\packs\Microsoft.NETCore.App.Ref\8.0.1\ref\net8.0\System.Numerics.dll
           C:\Program Files\dotnet\packs\Microsoft.NETCore.App.Ref\8.0.1\ref\net8.0\System.Numerics.Vectors.dll
           C:\Program Files\dotnet\packs\Microsoft.NETCore.App.Ref\8.0.1\ref\net8.0\System.ObjectModel.dll
           C:\Program Files\dotnet\packs\Microsoft.NETCore.App.Ref\8.0.1\ref\net8.0\System.Reflection.DispatchProxy.dll
           C:\Program Files\dotnet\packs\Microsoft.NETCore.App.Ref\8.0.1\ref\net8.0\System.Reflection.dll
           C:\Program Files\dotnet\packs\Microsoft.NETCore.App.Ref\8.0.1\ref\net8.0\System.Reflection.Emit.dll
           C:\Program Files\dotnet\packs\Microsoft.NETCore.App.Ref\8.0.1\ref\net8.0\System.Reflection.Emit.ILGeneration.dll
           C:\Program Files\dotnet\packs\Microsoft.NETCore.App.Ref\8.0.1\ref\net8.0\System.Reflection.Emit.Lightweight.dll
           C:\Program Files\dotnet\packs\Microsoft.NETCore.App.Ref\8.0.1\ref\net8.0\System.Reflection.Extensions.dll
           C:\Program Files\dotnet\packs\Microsoft.NETCore.App.Ref\8.0.1\ref\net8.0\System.Reflection.Metadata.dll
           C:\Program Files\dotnet\packs\Microsoft.NETCore.App.Ref\8.0.1\ref\net8.0\System.Reflection.Primitives.dll
           C:\Program Files\dotnet\packs\Microsoft.NETCore.App.Ref\8.0.1\ref\net8.0\System.Reflection.TypeExtensions.dll
           C:\Program Files\dotnet\packs\Microsoft.NETCore.App.Ref\8.0.1\ref\net8.0\System.Resources.Reader.dll
           C:\Program Files\dotnet\packs\Microsoft.NETCore.App.Ref\8.0.1\ref\net8.0\System.Resources.ResourceManager.dll
           C:\Program Files\dotnet\packs\Microsoft.NETCore.App.Ref\8.0.1\ref\net8.0\System.Resources.Writer.dll
           C:\Program Files\dotnet\packs\Microsoft.NETCore.App.Ref\8.0.1\ref\net8.0\System.Runtime.CompilerServices.Unsafe.dll
           C:\Program Files\dotnet\packs\Microsoft.NETCore.App.Ref\8.0.1\ref\net8.0\System.Runtime.CompilerServices.VisualC.dll
           C:\Program Files\dotnet\packs\Microsoft.NETCore.App.Ref\8.0.1\ref\net8.0\System.Runtime.dll
           C:\Program Files\dotnet\packs\Microsoft.NETCore.App.Ref\8.0.1\ref\net8.0\System.Runtime.Extensions.dll
           C:\Program Files\dotnet\packs\Microsoft.NETCore.App.Ref\8.0.1\ref\net8.0\System.Runtime.Handles.dll
           C:\Program Files\dotnet\packs\Microsoft.NETCore.App.Ref\8.0.1\ref\net8.0\System.Runtime.InteropServices.dll
           C:\Program Files\dotnet\packs\Microsoft.NETCore.App.Ref\8.0.1\ref\net8.0\System.Runtime.InteropServices.JavaScript.dll
           C:\Program Files\dotnet\packs\Microsoft.NETCore.App.Ref\8.0.1\ref\net8.0\System.Runtime.InteropServices.RuntimeInformation.dll
           C:\Program Files\dotnet\packs\Microsoft.NETCore.App.Ref\8.0.1\ref\net8.0\System.Runtime.Intrinsics.dll
           C:\Program Files\dotnet\packs\Microsoft.NETCore.App.Ref\8.0.1\ref\net8.0\System.Runtime.Loader.dll
           C:\Program Files\dotnet\packs\Microsoft.NETCore.App.Ref\8.0.1\ref\net8.0\System.Runtime.Numerics.dll
           C:\Program Files\dotnet\packs\Microsoft.NETCore.App.Ref\8.0.1\ref\net8.0\System.Runtime.Serialization.dll
           C:\Program Files\dotnet\packs\Microsoft.NETCore.App.Ref\8.0.1\ref\net8.0\System.Runtime.Serialization.Formatters.dll
           C:\Program Files\dotnet\packs\Microsoft.NETCore.App.Ref\8.0.1\ref\net8.0\System.Runtime.Serialization.Json.dll
           C:\Program Files\dotnet\packs\Microsoft.NETCore.App.Ref\8.0.1\ref\net8.0\System.Runtime.Serialization.Primitives.dll
           C:\Program Files\dotnet\packs\Microsoft.NETCore.App.Ref\8.0.1\ref\net8.0\System.Runtime.Serialization.Xml.dll
           C:\Program Files\dotnet\packs\Microsoft.NETCore.App.Ref\8.0.1\ref\net8.0\System.Security.AccessControl.dll
           C:\Program Files\dotnet\packs\Microsoft.NETCore.App.Ref\8.0.1\ref\net8.0\System.Security.Claims.dll
           C:\Program Files\dotnet\packs\Microsoft.NETCore.App.Ref\8.0.1\ref\net8.0\System.Security.Cryptography.Algorithms.dll
           C:\Program Files\dotnet\packs\Microsoft.NETCore.App.Ref\8.0.1\ref\net8.0\System.Security.Cryptography.Cng.dll
           C:\Program Files\dotnet\packs\Microsoft.NETCore.App.Ref\8.0.1\ref\net8.0\System.Security.Cryptography.Csp.dll
           C:\Program Files\dotnet\packs\Microsoft.NETCore.App.Ref\8.0.1\ref\net8.0\System.Security.Cryptography.dll
           C:\Program Files\dotnet\packs\Microsoft.NETCore.App.Ref\8.0.1\ref\net8.0\System.Security.Cryptography.Encoding.dll
           C:\Program Files\dotnet\packs\Microsoft.NETCore.App.Ref\8.0.1\ref\net8.0\System.Security.Cryptography.OpenSsl.dll
           C:\Program Files\dotnet\packs\Microsoft.NETCore.App.Ref\8.0.1\ref\net8.0\System.Security.Cryptography.Primitives.dll
           C:\Program Files\dotnet\packs\Microsoft.NETCore.App.Ref\8.0.1\ref\net8.0\System.Security.Cryptography.X509Certificates.dll
           C:\Program Files\dotnet\packs\Microsoft.NETCore.App.Ref\8.0.1\ref\net8.0\System.Security.dll
           C:\Program Files\dotnet\packs\Microsoft.NETCore.App.Ref\8.0.1\ref\net8.0\System.Security.Principal.dll
           C:\Program Files\dotnet\packs\Microsoft.NETCore.App.Ref\8.0.1\ref\net8.0\System.Security.Principal.Windows.dll
           C:\Program Files\dotnet\packs\Microsoft.NETCore.App.Ref\8.0.1\ref\net8.0\System.Security.SecureString.dll
           C:\Program Files\dotnet\packs\Microsoft.NETCore.App.Ref\8.0.1\ref\net8.0\System.ServiceModel.Web.dll
           C:\Program Files\dotnet\packs\Microsoft.NETCore.App.Ref\8.0.1\ref\net8.0\System.ServiceProcess.dll
           C:\Program Files\dotnet\packs\Microsoft.NETCore.App.Ref\8.0.1\ref\net8.0\System.Text.Encoding.CodePages.dll
           C:\Program Files\dotnet\packs\Microsoft.NETCore.App.Ref\8.0.1\ref\net8.0\System.Text.Encoding.dll
           C:\Program Files\dotnet\packs\Microsoft.NETCore.App.Ref\8.0.1\ref\net8.0\System.Text.Encoding.Extensions.dll
           C:\Program Files\dotnet\packs\Microsoft.NETCore.App.Ref\8.0.1\ref\net8.0\System.Text.Encodings.Web.dll
           C:\Program Files\dotnet\packs\Microsoft.NETCore.App.Ref\8.0.1\ref\net8.0\System.Text.Json.dll
           C:\Program Files\dotnet\packs\Microsoft.NETCore.App.Ref\8.0.1\ref\net8.0\System.Text.RegularExpressions.dll
           C:\Program Files\dotnet\packs\Microsoft.NETCore.App.Ref\8.0.1\ref\net8.0\System.Threading.Channels.dll
           C:\Program Files\dotnet\packs\Microsoft.NETCore.App.Ref\8.0.1\ref\net8.0\System.Threading.dll
           C:\Program Files\dotnet\packs\Microsoft.NETCore.App.Ref\8.0.1\ref\net8.0\System.Threading.Overlapped.dll
           C:\Program Files\dotnet\packs\Microsoft.NETCore.App.Ref\8.0.1\ref\net8.0\System.Threading.Tasks.Dataflow.dll
           C:\Program Files\dotnet\packs\Microsoft.NETCore.App.Ref\8.0.1\ref\net8.0\System.Threading.Tasks.dll
           C:\Program Files\dotnet\packs\Microsoft.NETCore.App.Ref\8.0.1\ref\net8.0\System.Threading.Tasks.Extensions.dll
           C:\Program Files\dotnet\packs\Microsoft.NETCore.App.Ref\8.0.1\ref\net8.0\System.Threading.Tasks.Parallel.dll
           C:\Program Files\dotnet\packs\Microsoft.NETCore.App.Ref\8.0.1\ref\net8.0\System.Threading.Thread.dll
           C:\Program Files\dotnet\packs\Microsoft.NETCore.App.Ref\8.0.1\ref\net8.0\System.Threading.ThreadPool.dll
           C:\Program Files\dotnet\packs\Microsoft.NETCore.App.Ref\8.0.1\ref\net8.0\System.Threading.Timer.dll
           C:\Program Files\dotnet\packs\Microsoft.NETCore.App.Ref\8.0.1\ref\net8.0\System.Transactions.dll
           C:\Program Files\dotnet\packs\Microsoft.NETCore.App.Ref\8.0.1\ref\net8.0\System.Transactions.Local.dll
           C:\Program Files\dotnet\packs\Microsoft.NETCore.App.Ref\8.0.1\ref\net8.0\System.ValueTuple.dll
           C:\Program Files\dotnet\packs\Microsoft.NETCore.App.Ref\8.0.1\ref\net8.0\System.Web.dll
           C:\Program Files\dotnet\packs\Microsoft.NETCore.App.Ref\8.0.1\ref\net8.0\System.Web.HttpUtility.dll
           C:\Program Files\dotnet\packs\Microsoft.NETCore.App.Ref\8.0.1\ref\net8.0\System.Windows.dll
           C:\Program Files\dotnet\packs\Microsoft.NETCore.App.Ref\8.0.1\ref\net8.0\System.Xml.dll
           C:\Program Files\dotnet\packs\Microsoft.NETCore.App.Ref\8.0.1\ref\net8.0\System.Xml.Linq.dll
           C:\Program Files\dotnet\packs\Microsoft.NETCore.App.Ref\8.0.1\ref\net8.0\System.Xml.ReaderWriter.dll
           C:\Program Files\dotnet\packs\Microsoft.NETCore.App.Ref\8.0.1\ref\net8.0\System.Xml.Serialization.dll
           C:\Program Files\dotnet\packs\Microsoft.NETCore.App.Ref\8.0.1\ref\net8.0\System.Xml.XDocument.dll
           C:\Program Files\dotnet\packs\Microsoft.NETCore.App.Ref\8.0.1\ref\net8.0\System.Xml.XmlDocument.dll
           C:\Program Files\dotnet\packs\Microsoft.NETCore.App.Ref\8.0.1\ref\net8.0\System.Xml.XmlSerializer.dll
           C:\Program Files\dotnet\packs\Microsoft.NETCore.App.Ref\8.0.1\ref\net8.0\System.Xml.XPath.dll
           C:\Program Files\dotnet\packs\Microsoft.NETCore.App.Ref\8.0.1\ref\net8.0\System.Xml.XPath.XDocument.dll
           C:\Program Files\dotnet\packs\Microsoft.NETCore.App.Ref\8.0.1\ref\net8.0\WindowsBase.dll
           obj\Debug\net8.0\PhotoStudioManager.Core.csproj.CoreCompileInputs.cache
           C:\Program Files\dotnet\sdk\8.0.101\Sdks\Microsoft.NET.Sdk\targets\..\analyzers\Microsoft.CodeAnalysis.CSharp.NetAnalyzers.dll
           C:\Program Files\dotnet\sdk\8.0.101\Sdks\Microsoft.NET.Sdk\targets\..\analyzers\Microsoft.CodeAnalysis.NetAnalyzers.dll
           C:\Users\emili\.nuget\packages\microsoft.entityframeworkcore.analyzers\8.0.1\analyzers\dotnet\cs\Microsoft.EntityFrameworkCore.Analyzers.dll
           C:\Users\emili\.nuget\packages\microsoft.extensions.logging.abstractions\8.0.0\analyzers\dotnet\roslyn4.4\cs\Microsoft.Extensions.Logging.Generators.dll
           C:\Users\emili\.nuget\packages\microsoft.extensions.options\8.0.1\analyzers\dotnet\roslyn4.4\cs\Microsoft.Extensions.Options.SourceGeneration.dll
           C:\Program Files\dotnet\packs\Microsoft.NETCore.App.Ref\8.0.1\analyzers/dotnet/cs/Microsoft.Interop.ComInterfaceGenerator.dll
           C:\Program Files\dotnet\packs\Microsoft.NETCore.App.Ref\8.0.1\analyzers/dotnet/cs/Microsoft.Interop.JavaScript.JSImportGenerator.dll
           C:\Program Files\dotnet\packs\Microsoft.NETCore.App.Ref\8.0.1\analyzers/dotnet/cs/Microsoft.Interop.LibraryImportGenerator.dll
           C:\Program Files\dotnet\packs\Microsoft.NETCore.App.Ref\8.0.1\analyzers/dotnet/cs/Microsoft.Interop.SourceGeneration.dll
           C:\Program Files\dotnet\packs\Microsoft.NETCore.App.Ref\8.0.1\analyzers/dotnet/cs/System.Text.Json.SourceGeneration.dll
           C:\Program Files\dotnet\packs\Microsoft.NETCore.App.Ref\8.0.1\analyzers/dotnet/cs/System.Text.RegularExpressions.Generator.dll
           obj\Debug\net8.0\PhotoStudioManager.Core.GeneratedMSBuildEditorConfig.editorconfig
           C:\Program Files\dotnet\sdk\8.0.101\Sdks\Microsoft.NET.Sdk\analyzers\build\config\analysislevel_8_default.globalconfig
           C:\Users\emili\CascadeProjects\PhotoStudioManager\PhotoStudioManager.Core\obj\PhotoStudioManager.Core.csproj.nuget.g.targets
           C:\Program Files\dotnet\sdk\8.0.101\Current\Microsoft.Common.targets\ImportAfter\Microsoft.TestPlatform.ImportAfter.targets
       Pliki wyj┼Ťciowe: 
           obj\Debug\net8.0\PhotoStudioManager.Core.dll
           obj\Debug\net8.0\refint\PhotoStudioManager.Core.dll
           obj\Debug\net8.0\PhotoStudioManager.Core.pdb
   2:7>Wykonano kompilowanie elementu docelowego ÔÇ×CoreCompileÔÇŁ w projekcie ÔÇ×PhotoStudioManager.Core.csprojÔÇŁ.
       Pomini─Öto element docelowy ÔÇ×_TouchLastBuildWithSkipAnalyzersÔÇŁ z powodu fa┼észywego warunku; ('$(_SkipAnalyzers)' == 'true') oszacowano jako ('' == 'true').
       Pomini─Öto element docelowy ÔÇ×_TimeStampAfterCompileÔÇŁ z powodu fa┼észywego warunku; ('$(RunPostBuildEvent)'=='OnOutputUpdated' or ('$(RegisterForComInterop)'=='true' and '$(OutputType)'=='library')) oszacowano jako (''=='OnOutputUpdated' or (''=='true' and 'Library'=='library')).
   2:7>Element docelowy ÔÇ×AfterCompileÔÇŁ w pliku ÔÇ×C:\Program Files\dotnet\sdk\8.0.101\Microsoft.Common.CurrentVersion.targetsÔÇŁ z projektu ÔÇ×C:\Users\emili\CascadeProjects\PhotoStudioManager\PhotoStudioManager.Core\PhotoStudioManager.Core.csprojÔÇŁ (zale┼╝y od niego element docelowy ÔÇ×CompileÔÇŁ):
   2:7>Wykonano kompilowanie elementu docelowego ÔÇ×AfterCompileÔÇŁ w projekcie ÔÇ×PhotoStudioManager.Core.csprojÔÇŁ.
       Pomini─Öto element docelowy ÔÇ×_CreateAppHostÔÇŁ z powodu fa┼észywego warunku; ('$(ComputeNETCoreBuildOutputFiles)' == 'true' and
                            '$(AppHostSourcePath)' != '' and
                            Exists('@(IntermediateAssembly)') and
                            Exists('$(AppHostSourcePath)')) oszacowano jako ('true' == 'true' and
                            '' != '' and
                            Exists('obj\Debug\net8.0\PhotoStudioManager.Core.dll') and
                            Exists('')).
       Pomini─Öto element docelowy ÔÇ×_CreateComHostÔÇŁ z powodu fa┼észywego warunku; ('$(ComputeNETCoreBuildOutputFiles)' == 'true' and
                            '$(ComHostIntermediatePath)' != '' and
                            Exists('@(IntermediateAssembly)') and
                            Exists('$(ComHostSourcePath)')) oszacowano jako ('true' == 'true' and
                            '' != '' and
                            Exists('obj\Debug\net8.0\PhotoStudioManager.Core.dll') and
                            Exists('')).
       Pomini─Öto element docelowy ÔÇ×_GetIjwHostPathsÔÇŁ z powodu fa┼észywego warunku; ('$(UseIJWHost)' == 'true') oszacowano jako ('' == 'true').
   2:7>Element docelowy ÔÇ×CompileÔÇŁ w pliku ÔÇ×C:\Program Files\dotnet\sdk\8.0.101\Microsoft.Common.CurrentVersion.targetsÔÇŁ z projektu ÔÇ×C:\Users\emili\CascadeProjects\PhotoStudioManager\PhotoStudioManager.Core\PhotoStudioManager.Core.csprojÔÇŁ (zale┼╝y od niego element docelowy ÔÇ×CoreBuildÔÇŁ):
   2:7>Wykonano kompilowanie elementu docelowego ÔÇ×CompileÔÇŁ w projekcie ÔÇ×PhotoStudioManager.Core.csprojÔÇŁ.
       Pomini─Öto element docelowy ÔÇ×ExportWindowsMDFileÔÇŁ z powodu fa┼észywego warunku; ('$(ExportWinMDFile)' == 'true') oszacowano jako ('' == 'true').
       Pomini─Öto element docelowy ÔÇ×UnmanagedUnregistrationÔÇŁ z powodu fa┼észywego warunku; ((('$(_AssemblyTimestampBeforeCompile)' != '$(_AssemblyTimestampAfterCompile)' or '$(RegisterForComInterop)' != 'true' or '$(OutputType)' != 'library') or
                           ('$(_AssemblyTimestampBeforeCompile)' == '')) and
                          Exists('@(_UnmanagedRegistrationCache)')) oszacowano jako ((('' != '' or '' != 'true' or 'Library' != 'library') or
                           ('' == '')) and
                          Exists('obj\PhotoStudioManager.Core.csproj.UnmanagedRegistration.cache')).
       Pomini─Öto element docelowy ÔÇ×GenerateSerializationAssembliesÔÇŁ z powodu fa┼észywego warunku; ('$(_SGenGenerateSerializationAssembliesConfig)' == 'On' or ('@(WebReferenceUrl)'!='' and '$(_SGenGenerateSerializationAssembliesConfig)' == 'Auto')) oszacowano jako ('Off' == 'On' or (''!='' and 'Off' == 'Auto')).
   2:7>Element docelowy ÔÇ×_GenerateSatelliteAssemblyInputsÔÇŁ w pliku ÔÇ×C:\Program Files\dotnet\sdk\8.0.101\Microsoft.Common.CurrentVersion.targetsÔÇŁ z projektu ÔÇ×C:\Users\emili\CascadeProjects\PhotoStudioManager\PhotoStudioManager.Core\PhotoStudioManager.Core.csprojÔÇŁ (zale┼╝y od niego element docelowy ÔÇ×CreateSatelliteAssembliesÔÇŁ):
       Pomini─Öto zadanie ÔÇ×WarningÔÇŁ z powodu fa┼észywego warunku; ('@(ManifestResourceWithCulture)'!='' and '%(ManifestResourceWithCulture.EmittedForCompatibilityOnly)'=='') oszacowano jako (''!='' and ''=='').
       Pomini─Öto zadanie ÔÇ×WarningÔÇŁ z powodu fa┼észywego warunku; ('@(ManifestNonResxWithCultureOnDisk)'!='' and '%(ManifestNonResxWithCultureOnDisk.EmittedForCompatibilityOnly)'=='') oszacowano jako (''!='' and ''=='').
   2:7>Wykonano kompilowanie elementu docelowego ÔÇ×_GenerateSatelliteAssemblyInputsÔÇŁ w projekcie ÔÇ×PhotoStudioManager.Core.csprojÔÇŁ.
       Pomini─Öto element docelowy ÔÇ×ComputeIntermediateSatelliteAssembliesÔÇŁ z powodu fa┼észywego warunku; (@(EmbeddedResource->'%(WithCulture)') != '') oszacowano jako ( != '').
       Pomini─Öto element docelowy ÔÇ×GenerateSatelliteAssembliesÔÇŁ z powodu fa┼észywego warunku; ('@(_SatelliteAssemblyResourceInputs)' != '' and '$(GenerateSatelliteAssembliesForCore)' != 'true') oszacowano jako ('' != '' and 'true' != 'true').
       Pomini─Öto element docelowy ÔÇ×CoreGenerateSatelliteAssembliesÔÇŁ z powodu fa┼észywego warunku; ('@(_SatelliteAssemblyResourceInputs)' != ''  and '$(GenerateSatelliteAssembliesForCore)' == 'true' ) oszacowano jako ('' != ''  and 'true' == 'true' ).
   2:7>Element docelowy ÔÇ×CreateSatelliteAssembliesÔÇŁ w pliku ÔÇ×C:\Program Files\dotnet\sdk\8.0.101\Microsoft.Common.CurrentVersion.targetsÔÇŁ z projektu ÔÇ×C:\Users\emili\CascadeProjects\PhotoStudioManager\PhotoStudioManager.Core\PhotoStudioManager.Core.csprojÔÇŁ (zale┼╝y od niego element docelowy ÔÇ×CoreBuildÔÇŁ):
   2:7>Wykonano kompilowanie elementu docelowego ÔÇ×CreateSatelliteAssembliesÔÇŁ w projekcie ÔÇ×PhotoStudioManager.Core.csprojÔÇŁ.
       Pomini─Öto element docelowy ÔÇ×GenerateManifestsÔÇŁ z powodu fa┼észywego warunku; ('$(GenerateClickOnceManifests)'=='true' or '@(NativeReference)'!='' or '@(ResolvedIsolatedComModules)'!='' or '$(GenerateAppxManifest)' == 'true') oszacowano jako (''=='true' or ''!='' or ''!='' or '' == 'true').
   2:7>Element docelowy ÔÇ×GetTargetPathWithTargetPlatformMonikerÔÇŁ w pliku ÔÇ×C:\Program Files\dotnet\sdk\8.0.101\Microsoft.Common.CurrentVersion.targetsÔÇŁ z projektu ÔÇ×C:\Users\emili\CascadeProjects\PhotoStudioManager\PhotoStudioManager.Core\PhotoStudioManager.Core.csprojÔÇŁ (zale┼╝y od niego element docelowy ÔÇ×GetTargetPathÔÇŁ):
   2:7>Wykonano kompilowanie elementu docelowego ÔÇ×GetTargetPathWithTargetPlatformMonikerÔÇŁ w projekcie ÔÇ×PhotoStudioManager.Core.csprojÔÇŁ.
   2:7>Element docelowy ÔÇ×GetTargetPathÔÇŁ w pliku ÔÇ×C:\Program Files\dotnet\sdk\8.0.101\Microsoft.Common.CurrentVersion.targetsÔÇŁ z projektu ÔÇ×C:\Users\emili\CascadeProjects\PhotoStudioManager\PhotoStudioManager.Core\PhotoStudioManager.Core.csprojÔÇŁ (zale┼╝y od niego element docelowy ÔÇ×CoreBuildÔÇŁ):
   2:7>Wykonano kompilowanie elementu docelowego ÔÇ×GetTargetPathÔÇŁ w projekcie ÔÇ×PhotoStudioManager.Core.csprojÔÇŁ.
       Pomini─Öto element docelowy ÔÇ×ComputeIntermediateSatelliteAssembliesÔÇŁ z powodu fa┼észywego warunku; (@(EmbeddedResource->'%(WithCulture)') != '') oszacowano jako ( != '').
       Pomini─Öto element docelowy ÔÇ×_CopyFilesMarkedCopyLocalÔÇŁ z powodu fa┼észywego warunku; ('@(ReferenceCopyLocalPaths)' != '') oszacowano jako ('' != '').
       Pomini─Öto element docelowy ÔÇ×AssignTargetPathsÔÇŁ. Wcze┼Ťniejsza kompilacja powiod┼éa si─Ö.
       Pomini─Öto element docelowy ÔÇ×AssignProjectConfigurationÔÇŁ z powodu fa┼észywego warunku; ('$(CurrentSolutionConfigurationContents)' != '' or '@(ProjectReference)'!='') oszacowano jako ('' != '' or ''!='').
       Pomini─Öto element docelowy ÔÇ×_SplitProjectReferencesByFileExistenceÔÇŁ. Wcze┼Ťniejsza kompilacja powiod┼éa si─Ö.
       Pomini─Öto element docelowy ÔÇ×_GetProjectReferenceTargetFrameworkPropertiesÔÇŁ. Wcze┼Ťniejsza kompilacja powiod┼éa si─Ö.
   2:7>Element docelowy ÔÇ×_PopulateCommonStateForGetCopyToOutputDirectoryItemsÔÇŁ w pliku ÔÇ×C:\Program Files\dotnet\sdk\8.0.101\Microsoft.Common.CurrentVersion.targetsÔÇŁ z projektu ÔÇ×C:\Users\emili\CascadeProjects\PhotoStudioManager\PhotoStudioManager.Core\PhotoStudioManager.Core.csprojÔÇŁ (zale┼╝y od niego element docelowy ÔÇ×GetCopyToOutputDirectoryItemsÔÇŁ):
   2:7>Wykonano kompilowanie elementu docelowego ÔÇ×_PopulateCommonStateForGetCopyToOutputDirectoryItemsÔÇŁ w projekcie ÔÇ×PhotoStudioManager.Core.csprojÔÇŁ.
       Pomini─Öto element docelowy ÔÇ×AddDepsJsonAndRuntimeConfigToCopyItemsForReferencingProjectsÔÇŁ z powodu fa┼észywego warunku; ('$(HasRuntimeOutput)' == 'true') oszacowano jako ('' == 'true').
   2:7>Element docelowy ÔÇ×GetCopyToOutputDirectoryItemsÔÇŁ w pliku ÔÇ×C:\Program Files\dotnet\sdk\8.0.101\Microsoft.Common.CurrentVersion.targetsÔÇŁ z projektu ÔÇ×C:\Users\emili\CascadeProjects\PhotoStudioManager\PhotoStudioManager.Core\PhotoStudioManager.Core.csprojÔÇŁ (zale┼╝y od niego element docelowy ÔÇ×_CopySourceItemsToOutputDirectoryÔÇŁ):
       U┼╝ywanie zadania ÔÇ×CallTargetÔÇŁ z zestawu ÔÇ×Microsoft.Build.Tasks.Core, Version=15.1.0.0, Culture=neutral, PublicKeyToken=b03f5f7f11d50a3aÔÇŁ.
       Zadanie ÔÇ×CallTargetÔÇŁ
       Pomini─Öto element docelowy ÔÇ×_PopulateCommonStateForGetCopyToOutputDirectoryItemsÔÇŁ. Wcze┼Ťniejsza kompilacja powiod┼éa si─Ö.
       Pomini─Öto element docelowy ÔÇ×_AddOutputPathToGlobalPropertiesToRemoveÔÇŁ. Wcze┼Ťniejsza kompilacja powiod┼éa si─Ö.
   2:7>Element docelowy ÔÇ×_GetCopyToOutputDirectoryItemsFromTransitiveProjectReferencesÔÇŁ w pliku ÔÇ×C:\Program Files\dotnet\sdk\8.0.101\Microsoft.Common.CurrentVersion.targetsÔÇŁ z projektu ÔÇ×C:\Users\emili\CascadeProjects\PhotoStudioManager\PhotoStudioManager.Core\PhotoStudioManager.Core.csprojÔÇŁ (zale┼╝y od niego element docelowy ÔÇ×GetCopyToOutputDirectoryItemsÔÇŁ):
       Pomini─Öto zadanie ÔÇ×MSBuildÔÇŁ z powodu fa┼észywego warunku; ('@(_MSBuildProjectReferenceExistent)' != '' and '$(_GetChildProjectCopyToOutputDirectoryItems)' == 'true' and '%(_MSBuildProjectReferenceExistent.Private)' != 'false' and '$(UseCommonOutputDirectory)' != 'true') oszacowano jako ('' != '' and 'true' == 'true' and '' != 'false' and 'false' != 'true').
       Zadanie ÔÇ×AssignTargetPathÔÇŁ
       Wykonywanie zadania ÔÇ×AssignTargetPathÔÇŁ zako┼äczone.
   2:7>Wykonano kompilowanie elementu docelowego ÔÇ×_GetCopyToOutputDirectoryItemsFromTransitiveProjectReferencesÔÇŁ w projekcie ÔÇ×PhotoStudioManager.Core.csprojÔÇŁ.
       Wykonywanie zadania ÔÇ×CallTargetÔÇŁ zako┼äczone.
       Zadanie ÔÇ×CallTargetÔÇŁ
       Pomini─Öto element docelowy ÔÇ×AssignTargetPathsÔÇŁ. Wcze┼Ťniejsza kompilacja powiod┼éa si─Ö.
       Pomini─Öto element docelowy ÔÇ×_PopulateCommonStateForGetCopyToOutputDirectoryItemsÔÇŁ. Wcze┼Ťniejsza kompilacja powiod┼éa si─Ö.
       Pomini─Öto element docelowy ÔÇ×AddDepsJsonAndRuntimeConfigToCopyItemsForReferencingProjectsÔÇŁ z powodu fa┼észywego warunku; ('$(HasRuntimeOutput)' == 'true') oszacowano jako ('' == 'true').
   2:7>Element docelowy ÔÇ×_GetCopyToOutputDirectoryItemsFromThisProjectÔÇŁ w pliku ÔÇ×C:\Program Files\dotnet\sdk\8.0.101\Microsoft.Common.CurrentVersion.targetsÔÇŁ z projektu ÔÇ×C:\Users\emili\CascadeProjects\PhotoStudioManager\PhotoStudioManager.Core\PhotoStudioManager.Core.csprojÔÇŁ (zale┼╝y od niego element docelowy ÔÇ×GetCopyToOutputDirectoryItemsÔÇŁ):
       Zadanie ÔÇ×AssignTargetPathÔÇŁ
       Wykonywanie zadania ÔÇ×AssignTargetPathÔÇŁ zako┼äczone.
   2:7>Wykonano kompilowanie elementu docelowego ÔÇ×_GetCopyToOutputDirectoryItemsFromThisProjectÔÇŁ w projekcie ÔÇ×PhotoStudioManager.Core.csprojÔÇŁ.
       Wykonywanie zadania ÔÇ×CallTargetÔÇŁ zako┼äczone.
   2:7>Wykonano kompilowanie elementu docelowego ÔÇ×GetCopyToOutputDirectoryItemsÔÇŁ w projekcie ÔÇ×PhotoStudioManager.Core.csprojÔÇŁ.
       Pomini─Öto element docelowy ÔÇ×_CopyOutOfDateSourceItemsToOutputDirectoryÔÇŁ z powodu fa┼észywego warunku; ( '@(_SourceItemsToCopyToOutputDirectory)' != '' ) oszacowano jako ( '' != '' ).
       Pomini─Öto element docelowy ÔÇ×_CopyOutOfDateSourceItemsToOutputDirectoryAlwaysÔÇŁ z powodu fa┼észywego warunku; ( '@(_SourceItemsToCopyToOutputDirectoryAlways)' != '' ) oszacowano jako ( '' != '' ).
   2:7>Element docelowy ÔÇ×_CopySourceItemsToOutputDirectoryÔÇŁ w pliku ÔÇ×C:\Program Files\dotnet\sdk\8.0.101\Microsoft.Common.CurrentVersion.targetsÔÇŁ z projektu ÔÇ×C:\Users\emili\CascadeProjects\PhotoStudioManager\PhotoStudioManager.Core\PhotoStudioManager.Core.csprojÔÇŁ (zale┼╝y od niego element docelowy ÔÇ×CopyFilesToOutputDirectoryÔÇŁ):
   2:7>Wykonano kompilowanie elementu docelowego ÔÇ×_CopySourceItemsToOutputDirectoryÔÇŁ w projekcie ÔÇ×PhotoStudioManager.Core.csprojÔÇŁ.
       Pomini─Öto element docelowy ÔÇ×_CopyAppConfigFileÔÇŁ z powodu fa┼észywego warunku; ( '@(AppConfigWithTargetPath)' != '' ) oszacowano jako ( '' != '' ).
       Pomini─Öto element docelowy ÔÇ×_CopyManifestFilesÔÇŁ z powodu fa┼észywego warunku; ( '$(_DeploymentCopyApplicationManifest)'=='true' or '$(GenerateClickOnceManifests)'=='true' ) oszacowano jako ( ''=='true' or ''=='true' ).
   2:7>Element docelowy ÔÇ×_CheckForCompileOutputsÔÇŁ w pliku ÔÇ×C:\Program Files\dotnet\sdk\8.0.101\Microsoft.Common.CurrentVersion.targetsÔÇŁ z projektu ÔÇ×C:\Users\emili\CascadeProjects\PhotoStudioManager\PhotoStudioManager.Core\PhotoStudioManager.Core.csprojÔÇŁ (zale┼╝y od niego element docelowy ÔÇ×CopyFilesToOutputDirectoryÔÇŁ):
   2:7>Wykonano kompilowanie elementu docelowego ÔÇ×_CheckForCompileOutputsÔÇŁ w projekcie ÔÇ×PhotoStudioManager.Core.csprojÔÇŁ.
       Pomini─Öto element docelowy ÔÇ×_SGenCheckForOutputsÔÇŁ z powodu fa┼észywego warunku; ('$(_SGenGenerateSerializationAssembliesConfig)' == 'On' or ('@(WebReferenceUrl)'!='' and '$(_SGenGenerateSerializationAssembliesConfig)' == 'Auto')) oszacowano jako ('Off' == 'On' or (''!='' and 'Off' == 'Auto')).
       Pomini─Öto element docelowy ÔÇ×_DefaultMicrosoftNETPlatformLibraryÔÇŁ. Wcze┼Ťniejsza kompilacja powiod┼éa si─Ö.
       Pomini─Öto element docelowy ÔÇ×_HandlePackageFileConflictsÔÇŁ. Wcze┼Ťniejsza kompilacja powiod┼éa si─Ö.
       Pomini─Öto element docelowy ÔÇ×ResolveAssemblyReferencesÔÇŁ. Wcze┼Ťniejsza kompilacja powiod┼éa si─Ö.
   2:7>Element docelowy ÔÇ×_ComputeReferenceAssembliesÔÇŁ w pliku ÔÇ×C:\Program Files\dotnet\sdk\8.0.101\Sdks\Microsoft.NET.Sdk\targets\Microsoft.NET.Sdk.targetsÔÇŁ z projektu ÔÇ×C:\Users\emili\CascadeProjects\PhotoStudioManager\PhotoStudioManager.Core\PhotoStudioManager.Core.csprojÔÇŁ (zale┼╝y od niego element docelowy ÔÇ×GenerateBuildDependencyFileÔÇŁ):
   2:7>Wykonano kompilowanie elementu docelowego ÔÇ×_ComputeReferenceAssembliesÔÇŁ w projekcie ÔÇ×PhotoStudioManager.Core.csprojÔÇŁ.
   2:7>Element docelowy ÔÇ×_ComputeUserRuntimeAssembliesÔÇŁ w pliku ÔÇ×C:\Program Files\dotnet\sdk\8.0.101\Sdks\Microsoft.NET.Sdk\targets\Microsoft.NET.Sdk.targetsÔÇŁ z projektu ÔÇ×C:\Users\emili\CascadeProjects\PhotoStudioManager\PhotoStudioManager.Core\PhotoStudioManager.Core.csprojÔÇŁ (zale┼╝y od niego element docelowy ÔÇ×GenerateBuildDependencyFileÔÇŁ):
   2:7>Wykonano kompilowanie elementu docelowego ÔÇ×_ComputeUserRuntimeAssembliesÔÇŁ w projekcie ÔÇ×PhotoStudioManager.Core.csprojÔÇŁ.
       Pomini─Öto element docelowy ÔÇ×ResolveRuntimePackAssetsÔÇŁ z powodu fa┼észywego warunku; ('@(RuntimePack)' != '') oszacowano jako ('' != '').
       Pomini─Öto element docelowy ÔÇ×_ComputePackageReferencePublishÔÇŁ. Wcze┼Ťniejsza kompilacja powiod┼éa si─Ö.
       Pomini─Öto element docelowy ÔÇ×ComputeDependencyFileCompilerOptionsÔÇŁ z powodu fa┼észywego warunku; ('$(PreserveCompilationContext)' == 'true') oszacowano jako ('' == 'true').
   2:7>Element docelowy ÔÇ×GenerateBuildDependencyFileÔÇŁ w pliku ÔÇ×C:\Program Files\dotnet\sdk\8.0.101\Sdks\Microsoft.NET.Sdk\targets\Microsoft.NET.Sdk.targetsÔÇŁ z projektu ÔÇ×C:\Users\emili\CascadeProjects\PhotoStudioManager\PhotoStudioManager.Core\PhotoStudioManager.Core.csprojÔÇŁ (zale┼╝y od niego element docelowy ÔÇ×CopyFilesToOutputDirectoryÔÇŁ):
       Pomijanie elementu docelowego ÔÇ×GenerateBuildDependencyFileÔÇŁ, poniewa┼╝ wszystkie pliki wyj┼Ťciowe s─ů aktualne w por├│wnaniu z plikami wej┼Ťciowymi.
       Pliki wej┼Ťciowe: 
           C:\Users\emili\CascadeProjects\PhotoStudioManager\PhotoStudioManager.Core\obj\project.assets.json
           C:\Users\emili\CascadeProjects\PhotoStudioManager\PhotoStudioManager.Core\obj\Debug\net8.0\PhotoStudioManager.Core.assets.cache
           C:\Users\emili\CascadeProjects\PhotoStudioManager\PhotoStudioManager.Core\obj\PhotoStudioManager.Core.csproj.nuget.g.targets
           C:\Program Files\dotnet\sdk\8.0.101\Current\Microsoft.Common.targets\ImportAfter\Microsoft.TestPlatform.ImportAfter.targets
       Pliki wyj┼Ťciowe: C:\Users\emili\CascadeProjects\PhotoStudioManager\PhotoStudioManager.Core\bin\Debug\net8.0\PhotoStudioManager.Core.deps.json
   2:7>Wykonano kompilowanie elementu docelowego ÔÇ×GenerateBuildDependencyFileÔÇŁ w projekcie ÔÇ×PhotoStudioManager.Core.csprojÔÇŁ.
       Pomini─Öto element docelowy ÔÇ×GenerateBuildRuntimeConfigurationFilesÔÇŁ z powodu fa┼észywego warunku; ( '$(GenerateRuntimeConfigurationFiles)' == 'true') oszacowano jako ( '' == 'true').
       Pomini─Öto element docelowy ÔÇ×GenerateShimsAssetsÔÇŁ z powodu fa┼észywego warunku; ('$(PackAsTool)' == 'true' and $(PackAsToolShimRuntimeIdentifiers) != '' ) oszacowano jako ('' == 'true' and  != '' ).
   2:7>Element docelowy ÔÇ×CopyFilesToOutputDirectoryÔÇŁ w pliku ÔÇ×C:\Program Files\dotnet\sdk\8.0.101\Microsoft.Common.CurrentVersion.targetsÔÇŁ z projektu ÔÇ×C:\Users\emili\CascadeProjects\PhotoStudioManager\PhotoStudioManager.Core\PhotoStudioManager.Core.csprojÔÇŁ (zale┼╝y od niego element docelowy ÔÇ×PrepareForRunÔÇŁ):
       U┼╝ywanie zadania ÔÇ×CopyÔÇŁ z zestawu ÔÇ×Microsoft.Build.Tasks.Core, Version=15.1.0.0, Culture=neutral, PublicKeyToken=b03f5f7f11d50a3aÔÇŁ.
       Zadanie ÔÇ×CopyÔÇŁ
         Nie wykonano kopiowania z pliku ÔÇ×obj\Debug\net8.0\PhotoStudioManager.Core.dllÔÇŁ do pliku ÔÇ×bin\Debug\net8.0\PhotoStudioManager.Core.dllÔÇŁ, poniewa┼╝ parametr ÔÇ×SkipUnchangedFilesÔÇŁ w projekcie zosta┼é ustawiony na warto┼Ť─ç ÔÇ×trueÔÇŁ, a rozmiary plik├│w i sygnatury czasowe pasuj─ů do siebie.
       Wykonywanie zadania ÔÇ×CopyÔÇŁ zako┼äczone.
       U┼╝ywanie zadania ÔÇ×CopyRefAssemblyÔÇŁ z zestawu ÔÇ×C:\Program Files\dotnet\sdk\8.0.101\Roslyn\Microsoft.Build.Tasks.CodeAnalysis.dllÔÇŁ.
       Zadanie ÔÇ×CopyRefAssemblyÔÇŁ
         Zestaw odwo┼éania ÔÇ×C:\Users\emili\CascadeProjects\PhotoStudioManager\PhotoStudioManager.Core\obj\Debug\net8.0\ref\PhotoStudioManager.Core.dllÔÇŁ ju┼╝ zawiera najnowsze informacje. Nie modyfikuj go.
       Wykonywanie zadania ÔÇ×CopyRefAssemblyÔÇŁ zako┼äczone.
       Zadanie ÔÇ×MessageÔÇŁ
         PhotoStudioManager.Core -> C:\Users\emili\CascadeProjects\PhotoStudioManager\PhotoStudioManager.Core\bin\Debug\net8.0\PhotoStudioManager.Core.dll
       Wykonywanie zadania ÔÇ×MessageÔÇŁ zako┼äczone.
       Pomini─Öto zadanie ÔÇ×CopyÔÇŁ z powodu fa┼észywego warunku; ('@(AddModules)' != '') oszacowano jako ('' != '').
       Pomini─Öto zadanie ÔÇ×CopyÔÇŁ z powodu fa┼észywego warunku; ('$(_SGenDllCreated)'=='true') oszacowano jako ('false'=='true').
       Zadanie ÔÇ×CopyÔÇŁ
         Nie wykonano kopiowania z pliku ÔÇ×obj\Debug\net8.0\PhotoStudioManager.Core.pdbÔÇŁ do pliku ÔÇ×bin\Debug\net8.0\PhotoStudioManager.Core.pdbÔÇŁ, poniewa┼╝ parametr ÔÇ×SkipUnchangedFilesÔÇŁ w projekcie zosta┼é ustawiony na warto┼Ť─ç ÔÇ×trueÔÇŁ, a rozmiary plik├│w i sygnatury czasowe pasuj─ů do siebie.
       Wykonywanie zadania ÔÇ×CopyÔÇŁ zako┼äczone.
       Pomini─Öto zadanie ÔÇ×CopyÔÇŁ z powodu fa┼észywego warunku; ('$(_DocumentationFileProduced)'=='true' and '$(CopyDocumentationFileToOutputDirectory)'=='true') oszacowano jako ('false'=='true' and 'true'=='true').
       Pomini─Öto zadanie ÔÇ×CopyÔÇŁ z powodu fa┼észywego warunku; ('@(IntermediateSatelliteAssembliesWithTargetPath)' != '') oszacowano jako ('' != '').
       Pomini─Öto zadanie ÔÇ×CopyÔÇŁ z powodu fa┼észywego warunku; ('@(ReferenceComWrappersToCopyLocal)' != '' or '@(ResolvedIsolatedComModules)' != '' or '@(_DeploymentLooseManifestFile)' != '' or '@(NativeReferenceFile)' != '' ) oszacowano jako ('' != '' or '' != '' or '' != '' or '' != '' ).
       Pomini─Öto zadanie ÔÇ×CopyÔÇŁ z powodu fa┼észywego warunku; ('$(SkipCopyWinMDArtifact)' != 'true' and '@(WinMDExpArtifacts)' != '') oszacowano jako ('' != 'true' and '' != '').
       Pomini─Öto zadanie ÔÇ×MessageÔÇŁ z powodu fa┼észywego warunku; ('$(SkipCopyWinMDArtifact)' != 'true' and '$(_WindowsMetadataOutputPath)' != '') oszacowano jako ('' != 'true' and '' != '').
   2:7>Wykonano kompilowanie elementu docelowego ÔÇ×CopyFilesToOutputDirectoryÔÇŁ w projekcie ÔÇ×PhotoStudioManager.Core.csprojÔÇŁ.
       Pomini─Öto element docelowy ÔÇ×_CopyReferenceOnlyAssembliesForBuildÔÇŁ z powodu fa┼észywego warunku; ('$(PreserveCompilationReferences)' == 'true') oszacowano jako ('' == 'true').
   2:7>Element docelowy ÔÇ×PrepareForRunÔÇŁ w pliku ÔÇ×C:\Program Files\dotnet\sdk\8.0.101\Microsoft.Common.CurrentVersion.targetsÔÇŁ z projektu ÔÇ×C:\Users\emili\CascadeProjects\PhotoStudioManager\PhotoStudioManager.Core\PhotoStudioManager.Core.csprojÔÇŁ (zale┼╝y od niego element docelowy ÔÇ×CoreBuildÔÇŁ):
   2:7>Wykonano kompilowanie elementu docelowego ÔÇ×PrepareForRunÔÇŁ w projekcie ÔÇ×PhotoStudioManager.Core.csprojÔÇŁ.
       Pomini─Öto element docelowy ÔÇ×UnmanagedRegistrationÔÇŁ z powodu fa┼észywego warunku; ('$(RegisterForComInterop)'=='true' and '$(OutputType)'=='library') oszacowano jako (''=='true' and 'Library'=='library').
       Pomini─Öto element docelowy ÔÇ×_CheckForCompileOutputsÔÇŁ. Wcze┼Ťniejsza kompilacja powiod┼éa si─Ö.
       Pomini─Öto element docelowy ÔÇ×_SGenCheckForOutputsÔÇŁ z powodu fa┼észywego warunku; ('$(_SGenGenerateSerializationAssembliesConfig)' == 'On' or ('@(WebReferenceUrl)'!='' and '$(_SGenGenerateSerializationAssembliesConfig)' == 'Auto')) oszacowano jako ('Off' == 'On' or (''!='' and 'Off' == 'Auto')).
   2:7>Element docelowy ÔÇ×_CleanGetCurrentAndPriorFileWritesÔÇŁ w pliku ÔÇ×C:\Program Files\dotnet\sdk\8.0.101\Microsoft.Common.CurrentVersion.targetsÔÇŁ z projektu ÔÇ×C:\Users\emili\CascadeProjects\PhotoStudioManager\PhotoStudioManager.Core\PhotoStudioManager.Core.csprojÔÇŁ (zale┼╝y od niego element docelowy ÔÇ×IncrementalCleanÔÇŁ):
       U┼╝ywanie zadania ÔÇ×ReadLinesFromFileÔÇŁ z zestawu ÔÇ×Microsoft.Build.Tasks.Core, Version=15.1.0.0, Culture=neutral, PublicKeyToken=b03f5f7f11d50a3aÔÇŁ.
       Zadanie ÔÇ×ReadLinesFromFileÔÇŁ
       Wykonywanie zadania ÔÇ×ReadLinesFromFileÔÇŁ zako┼äczone.
       Zadanie ÔÇ×ConvertToAbsolutePathÔÇŁ
       Wykonywanie zadania ÔÇ×ConvertToAbsolutePathÔÇŁ zako┼äczone.
       U┼╝ywanie zadania ÔÇ×FindUnderPathÔÇŁ z zestawu ÔÇ×Microsoft.Build.Tasks.Core, Version=15.1.0.0, Culture=neutral, PublicKeyToken=b03f5f7f11d50a3aÔÇŁ.
       Zadanie ÔÇ×FindUnderPathÔÇŁ
         ┼Ücie┼╝ka por├│wnania: ÔÇ×C:\Users\emili\CascadeProjects\PhotoStudioManager\PhotoStudioManager.CoreÔÇŁ.
       Wykonywanie zadania ÔÇ×FindUnderPathÔÇŁ zako┼äczone.
       Zadanie ÔÇ×FindUnderPathÔÇŁ
         ┼Ücie┼╝ka por├│wnania: ÔÇ×bin\Debug\net8.0\ÔÇŁ.
       Wykonywanie zadania ÔÇ×FindUnderPathÔÇŁ zako┼äczone.
       Zadanie ÔÇ×FindUnderPathÔÇŁ
         ┼Ücie┼╝ka por├│wnania: ÔÇ×obj\Debug\net8.0\ÔÇŁ.
       Wykonywanie zadania ÔÇ×FindUnderPathÔÇŁ zako┼äczone.
       Zadanie ÔÇ×RemoveDuplicatesÔÇŁ
       Wykonywanie zadania ÔÇ×RemoveDuplicatesÔÇŁ zako┼äczone.
   2:7>Wykonano kompilowanie elementu docelowego ÔÇ×_CleanGetCurrentAndPriorFileWritesÔÇŁ w projekcie ÔÇ×PhotoStudioManager.Core.csprojÔÇŁ.
   2:7>Element docelowy ÔÇ×IncrementalCleanÔÇŁ w pliku ÔÇ×C:\Program Files\dotnet\sdk\8.0.101\Microsoft.Common.CurrentVersion.targetsÔÇŁ z projektu ÔÇ×C:\Users\emili\CascadeProjects\PhotoStudioManager\PhotoStudioManager.Core\PhotoStudioManager.Core.csprojÔÇŁ (zale┼╝y od niego element docelowy ÔÇ×CoreBuildÔÇŁ):
       Zadanie ÔÇ×FindUnderPathÔÇŁ
         ┼Ücie┼╝ka por├│wnania: ÔÇ×bin\Debug\net8.0\ÔÇŁ.
       Wykonywanie zadania ÔÇ×FindUnderPathÔÇŁ zako┼äczone.
       Zadanie ÔÇ×FindUnderPathÔÇŁ
         ┼Ücie┼╝ka por├│wnania: ÔÇ×obj\Debug\net8.0\ÔÇŁ.
       Wykonywanie zadania ÔÇ×FindUnderPathÔÇŁ zako┼äczone.
       U┼╝ywanie zadania ÔÇ×DeleteÔÇŁ z zestawu ÔÇ×Microsoft.Build.Tasks.Core, Version=15.1.0.0, Culture=neutral, PublicKeyToken=b03f5f7f11d50a3aÔÇŁ.
       Zadanie ÔÇ×DeleteÔÇŁ
       Wykonywanie zadania ÔÇ×DeleteÔÇŁ zako┼äczone.
       Zadanie ÔÇ×RemoveDuplicatesÔÇŁ
       Wykonywanie zadania ÔÇ×RemoveDuplicatesÔÇŁ zako┼äczone.
       Pomini─Öto zadanie ÔÇ×WriteLinesToFileÔÇŁ z powodu fa┼észywego warunku; ('@(_CleanUnfilteredPriorFileWrites)'!='@(_CleanUniqueRemainingFileWritesAfterIncrementalClean)') oszacowano jako ('C:\Users\emili\CascadeProjects\PhotoStudioManager\PhotoStudioManager.Core\bin\Debug\net8.0\PhotoStudioManager.Core.deps.json;C:\Users\emili\CascadeProjects\PhotoStudioManager\PhotoStudioManager.Core\bin\Debug\net8.0\PhotoStudioManager.Core.dll;C:\Users\emili\CascadeProjects\PhotoStudioManager\PhotoStudioManager.Core\bin\Debug\net8.0\PhotoStudioManager.Core.pdb;...'!='C:\Users\emili\CascadeProjects\PhotoStudioManager\PhotoStudioManager.Core\bin\Debug\net8.0\PhotoStudioManager.Core.deps.json;C:\Users\emili\CascadeProjects\PhotoStudioManager\PhotoStudioManager.Core\bin\Debug\net8.0\PhotoStudioManager.Core.dll;C:\Users\emili\CascadeProjects\PhotoStudioManager\PhotoStudioManager.Core\bin\Debug\net8.0\PhotoStudioManager.Core.pdb;...').
   2:7>Wykonano kompilowanie elementu docelowego ÔÇ×IncrementalCleanÔÇŁ w projekcie ÔÇ×PhotoStudioManager.Core.csprojÔÇŁ.
       Pomini─Öto element docelowy ÔÇ×PostBuildEventÔÇŁ z powodu fa┼észywego warunku; ('$(PostBuildEvent)' != '' and ('$(RunPostBuildEvent)' != 'OnOutputUpdated' or '$(_AssemblyTimestampBeforeCompile)' != '$(_AssemblyTimestampAfterCompile)')) oszacowano jako ('' != '' and ('' != 'OnOutputUpdated' or '' != '')).
       Pomini─Öto element docelowy ÔÇ×GenerateBuildDependencyFileÔÇŁ. Wcze┼Ťniejsza kompilacja powiod┼éa si─Ö.
       Pomini─Öto element docelowy ÔÇ×GenerateBuildRuntimeConfigurationFilesÔÇŁ z powodu fa┼észywego warunku; ( '$(GenerateRuntimeConfigurationFiles)' == 'true') oszacowano jako ( '' == 'true').
   2:7>Element docelowy ÔÇ×CoreBuildÔÇŁ w pliku ÔÇ×C:\Program Files\dotnet\sdk\8.0.101\Microsoft.Common.CurrentVersion.targetsÔÇŁ z projektu ÔÇ×C:\Users\emili\CascadeProjects\PhotoStudioManager\PhotoStudioManager.Core\PhotoStudioManager.Core.csprojÔÇŁ (zale┼╝y od niego element docelowy ÔÇ×BuildÔÇŁ):
   2:7>Wykonano kompilowanie elementu docelowego ÔÇ×CoreBuildÔÇŁ w projekcie ÔÇ×PhotoStudioManager.Core.csprojÔÇŁ.
   2:7>Element docelowy ÔÇ×AfterBuildÔÇŁ w pliku ÔÇ×C:\Program Files\dotnet\sdk\8.0.101\Microsoft.Common.CurrentVersion.targetsÔÇŁ z projektu ÔÇ×C:\Users\emili\CascadeProjects\PhotoStudioManager\PhotoStudioManager.Core\PhotoStudioManager.Core.csprojÔÇŁ (zale┼╝y od niego element docelowy ÔÇ×BuildÔÇŁ):
   2:7>Wykonano kompilowanie elementu docelowego ÔÇ×AfterBuildÔÇŁ w projekcie ÔÇ×PhotoStudioManager.Core.csprojÔÇŁ.
       Pomini─Öto element docelowy ÔÇ×_CheckBrowserWorkloadNeededButNotAvailableÔÇŁ z powodu fa┼észywego warunku; ('$(RuntimeIdentifier)' == 'browser-wasm' and '$(_BrowserWorkloadDisabled)' != 'true' and '$(WasmNativeWorkloadAvailable)' != 'true') oszacowano jako ('' == 'browser-wasm' and '' != 'true' and '' != 'true').
       Pomini─Öto element docelowy ÔÇ×_ErrorWorkloadDisabledForTFMLessThan6ÔÇŁ z powodu fa┼észywego warunku; ('$(_BrowserWorkloadNotSupportedForTFM)' == 'true') oszacowano jako ('' == 'true').
       Pomini─Öto element docelowy ÔÇ×_ErrorDualWasmThreadPropsOn7ÔÇŁ z powodu fa┼észywego warunku; ('$(TargetsNet7)' == 'true' and '$(RuntimeIdentifier)' == 'browser-wasm' and
           '$(BrowserWorkloadDisabled)' != 'true' and '$(WasmEnableThreads)' == 'true' and '$(WasmEnablePerfTrace)' == 'true') oszacowano jako ('' == 'true' and '' == 'browser-wasm' and
           '' != 'true' and '' == 'true' and '' == 'true').
       Pomini─Öto element docelowy ÔÇ×_CheckForInvalidConfigurationAndPlatformÔÇŁ. Wcze┼Ťniejsza kompilacja powiod┼éa si─Ö.
       Pomini─Öto element docelowy ÔÇ×_CheckForInvalidConfigurationAndPlatformÔÇŁ. Wcze┼Ťniejsza kompilacja powiod┼éa si─Ö.
   2:7>Element docelowy ÔÇ×BuildÔÇŁ w pliku ÔÇ×C:\Program Files\dotnet\sdk\8.0.101\Microsoft.Common.CurrentVersion.targetsÔÇŁ z projektu ÔÇ×C:\Users\emili\CascadeProjects\PhotoStudioManager\PhotoStudioManager.Core\PhotoStudioManager.Core.csprojÔÇŁ (punkt wej┼Ťcia):
   2:7>Wykonano kompilowanie elementu docelowego ÔÇ×BuildÔÇŁ w projekcie ÔÇ×PhotoStudioManager.Core.csprojÔÇŁ.
       Pomini─Öto element docelowy ÔÇ×_PackAsBuildAfterTargetÔÇŁ z powodu fa┼észywego warunku; ('$(GeneratePackageOnBuild)' == 'true' AND '$(IsInnerBuild)' != 'true') oszacowano jako ('false' == 'true' AND '' != 'true').
   2:7>Kompilowanie projektu ÔÇ×C:\Users\emili\CascadeProjects\PhotoStudioManager\PhotoStudioManager.Core\PhotoStudioManager.Core.csprojÔÇŁ wykonane (domy┼Ťlne elementy docelowe).
   3:6>Projekt ÔÇ×C:\Users\emili\CascadeProjects\PhotoStudioManager\PhotoStudioManager.Infrastructure\PhotoStudioManager.Infrastructure.csprojÔÇŁ (3:6) kompiluje ÔÇ×C:\Users\emili\CascadeProjects\PhotoStudioManager\PhotoStudioManager.Core\PhotoStudioManager.Core.csprojÔÇŁ (2:9) w w─Ö┼║le 2 (domy┼Ťlne elementy docelowe).
   2:9>Pomini─Öto element docelowy ÔÇ×BuildÔÇŁ. Wcze┼Ťniejsza kompilacja powiod┼éa si─Ö.
   2:9>Kompilowanie projektu ÔÇ×C:\Users\emili\CascadeProjects\PhotoStudioManager\PhotoStudioManager.Core\PhotoStudioManager.Core.csprojÔÇŁ wykonane (domy┼Ťlne elementy docelowe).
   3:6>Wykonywanie zadania ÔÇ×MSBuildÔÇŁ zako┼äczone.
       Zadanie ÔÇ×MSBuildÔÇŁ
         Usuwanie w┼éa┼Ťciwo┼Ťci projektu ..\PhotoStudioManager.Core\PhotoStudioManager.Core.csproj:
           TargetFramework
           RuntimeIdentifier
           SelfContained
   3:6>Projekt ÔÇ×C:\Users\emili\CascadeProjects\PhotoStudioManager\PhotoStudioManager.Infrastructure\PhotoStudioManager.Infrastructure.csprojÔÇŁ (3:6) kompiluje ÔÇ×C:\Users\emili\CascadeProjects\PhotoStudioManager\PhotoStudioManager.Core\PhotoStudioManager.Core.csprojÔÇŁ (2:10) w w─Ö┼║le 2 (elementy docelowe: GetNativeManifest).
  2:10>Element docelowy ÔÇ×GetNativeManifestÔÇŁ w pliku ÔÇ×C:\Program Files\dotnet\sdk\8.0.101\Microsoft.Common.CurrentVersion.targetsÔÇŁ z projektu ÔÇ×C:\Users\emili\CascadeProjects\PhotoStudioManager\PhotoStudioManager.Core\PhotoStudioManager.Core.csprojÔÇŁ (punkt wej┼Ťcia):
  2:10>Wykonano kompilowanie elementu docelowego ÔÇ×GetNativeManifestÔÇŁ w projekcie ÔÇ×PhotoStudioManager.Core.csprojÔÇŁ.
  2:10>Kompilowanie projektu ÔÇ×C:\Users\emili\CascadeProjects\PhotoStudioManager\PhotoStudioManager.Core\PhotoStudioManager.Core.csprojÔÇŁ wykonane (elementy docelowe: GetNativeManifest).
   3:6>Wykonywanie zadania ÔÇ×MSBuildÔÇŁ zako┼äczone.
       Pomini─Öto zadanie ÔÇ×WarningÔÇŁ z powodu fa┼észywego warunku; ('@(ProjectReferenceWithConfiguration)' != '' and '@(_MSBuildProjectReferenceNonexistent)' != '') oszacowano jako ('..\PhotoStudioManager.Core\PhotoStudioManager.Core.csproj' != '' and '' != '').
   3:6>Wykonano kompilowanie elementu docelowego ÔÇ×ResolveProjectReferencesÔÇŁ w projekcie ÔÇ×PhotoStudioManager.Infrastructure.csprojÔÇŁ.
       Pomini─Öto element docelowy ÔÇ×FindInvalidProjectReferencesÔÇŁ z powodu fa┼észywego warunku; ('$(FindInvalidProjectReferences)' == 'true') oszacowano jako ('' == 'true').
       Pomini─Öto element docelowy ÔÇ×ResolveNativeReferencesÔÇŁ z powodu fa┼észywego warunku; ('@(NativeReference)'!='') oszacowano jako (''!='').
       Pomini─Öto element docelowy ÔÇ×ResolveProjectReferencesÔÇŁ. Wcze┼Ťniejsza kompilacja powiod┼éa si─Ö.
       Pomini─Öto element docelowy ÔÇ×FindInvalidProjectReferencesÔÇŁ z powodu fa┼észywego warunku; ('$(FindInvalidProjectReferences)' == 'true') oszacowano jako ('' == 'true').
       Pomini─Öto element docelowy ÔÇ×GetFrameworkPathsÔÇŁ. Wcze┼Ťniejsza kompilacja powiod┼éa si─Ö.
       Pomini─Öto element docelowy ÔÇ×GetReferenceAssemblyPathsÔÇŁ. Wcze┼Ťniejsza kompilacja powiod┼éa si─Ö.
       Pomini─Öto element docelowy ÔÇ×PrepareForBuildÔÇŁ. Wcze┼Ťniejsza kompilacja powiod┼éa si─Ö.
       Pomini─Öto element docelowy ÔÇ×GetInstalledSDKLocationsÔÇŁ z powodu fa┼észywego warunku; ('@(SDKReference)' != '') oszacowano jako ('' != '').
   3:6>Element docelowy ÔÇ×ResolveSDKReferencesÔÇŁ w pliku ÔÇ×C:\Program Files\dotnet\sdk\8.0.101\Microsoft.Common.CurrentVersion.targetsÔÇŁ z projektu ÔÇ×C:\Users\emili\CascadeProjects\PhotoStudioManager\PhotoStudioManager.Infrastructure\PhotoStudioManager.Infrastructure.csprojÔÇŁ (zale┼╝y od niego element docelowy ÔÇ×ResolveAssemblyReferencesÔÇŁ):
       Pomini─Öto zadanie ÔÇ×ResolveSDKReferenceÔÇŁ z powodu fa┼észywego warunku; ('@(SDKReference)'!='') oszacowano jako (''!='').
   3:6>Wykonano kompilowanie elementu docelowego ÔÇ×ResolveSDKReferencesÔÇŁ w projekcie ÔÇ×PhotoStudioManager.Infrastructure.csprojÔÇŁ.
       Pomini─Öto element docelowy ÔÇ×ResolveSDKReferencesÔÇŁ. Wcze┼Ťniejsza kompilacja powiod┼éa si─Ö.
   3:6>Element docelowy ÔÇ×ExpandSDKReferencesÔÇŁ w pliku ÔÇ×C:\Program Files\dotnet\sdk\8.0.101\Microsoft.Common.CurrentVersion.targetsÔÇŁ z projektu ÔÇ×C:\Users\emili\CascadeProjects\PhotoStudioManager\PhotoStudioManager.Infrastructure\PhotoStudioManager.Infrastructure.csprojÔÇŁ (zale┼╝y od niego element docelowy ÔÇ×ResolveAssemblyReferencesÔÇŁ):
       Pomini─Öto zadanie ÔÇ×GetSDKReferenceFilesÔÇŁ z powodu fa┼észywego warunku; ('@(ResolvedSDKReference)'!='') oszacowano jako (''!='').
   3:6>Wykonano kompilowanie elementu docelowego ÔÇ×ExpandSDKReferencesÔÇŁ w projekcie ÔÇ×PhotoStudioManager.Infrastructure.csprojÔÇŁ.
       Pomini─Öto element docelowy ÔÇ×ResolvePackageDependenciesForBuildÔÇŁ. Wcze┼Ťniejsza kompilacja powiod┼éa si─Ö.
       Pomini─Öto element docelowy ÔÇ×GetFrameworkPathsÔÇŁ. Wcze┼Ťniejsza kompilacja powiod┼éa si─Ö.
       Pomini─Öto element docelowy ÔÇ×GetReferenceAssemblyPathsÔÇŁ. Wcze┼Ťniejsza kompilacja powiod┼éa si─Ö.
       Pomini─Öto element docelowy ÔÇ×ProcessFrameworkReferencesÔÇŁ. Wcze┼Ťniejsza kompilacja powiod┼éa si─Ö.
       Pomini─Öto element docelowy ÔÇ×ResolvePackageAssetsÔÇŁ. Wcze┼Ťniejsza kompilacja powiod┼éa si─Ö.
   3:6>Element docelowy ÔÇ×ResolveFrameworkReferencesÔÇŁ w pliku ÔÇ×C:\Program Files\dotnet\sdk\8.0.101\Sdks\Microsoft.NET.Sdk\targets\Microsoft.NET.Sdk.FrameworkReferenceResolution.targetsÔÇŁ z projektu ÔÇ×C:\Users\emili\CascadeProjects\PhotoStudioManager\PhotoStudioManager.Infrastructure\PhotoStudioManager.Infrastructure.csprojÔÇŁ (zale┼╝y od niego element docelowy ÔÇ×ResolveTargetingPackAssetsÔÇŁ):
       U┼╝ywanie zadania ÔÇ×GetPackageDirectoryÔÇŁ z zestawu ÔÇ×C:\Program Files\dotnet\sdk\8.0.101\Sdks\Microsoft.NET.Sdk\targets\..\tools\net8.0\Microsoft.NET.Build.Tasks.dllÔÇŁ.
       Zadanie ÔÇ×GetPackageDirectoryÔÇŁ
       Wykonywanie zadania ÔÇ×GetPackageDirectoryÔÇŁ zako┼äczone.
       Zadanie ÔÇ×GetPackageDirectoryÔÇŁ
       Wykonywanie zadania ÔÇ×GetPackageDirectoryÔÇŁ zako┼äczone.
       Zadanie ÔÇ×GetPackageDirectoryÔÇŁ
       Wykonywanie zadania ÔÇ×GetPackageDirectoryÔÇŁ zako┼äczone.
       Zadanie ÔÇ×GetPackageDirectoryÔÇŁ
       Wykonywanie zadania ÔÇ×GetPackageDirectoryÔÇŁ zako┼äczone.
       Zadanie ÔÇ×GetPackageDirectoryÔÇŁ
       Wykonywanie zadania ÔÇ×GetPackageDirectoryÔÇŁ zako┼äczone.
       Zadanie ÔÇ×GetPackageDirectoryÔÇŁ
       Wykonywanie zadania ÔÇ×GetPackageDirectoryÔÇŁ zako┼äczone.
       Zadanie ÔÇ×GetPackageDirectoryÔÇŁ
       Wykonywanie zadania ÔÇ×GetPackageDirectoryÔÇŁ zako┼äczone.
       Zadanie ÔÇ×GetPackageDirectoryÔÇŁ
       Wykonywanie zadania ÔÇ×GetPackageDirectoryÔÇŁ zako┼äczone.
       Zadanie ÔÇ×GetPackageDirectoryÔÇŁ
       Wykonywanie zadania ÔÇ×GetPackageDirectoryÔÇŁ zako┼äczone.
       Zadanie ÔÇ×GetPackageDirectoryÔÇŁ
       Wykonywanie zadania ÔÇ×GetPackageDirectoryÔÇŁ zako┼äczone.
       U┼╝ywanie zadania ÔÇ×ResolveFrameworkReferencesÔÇŁ z zestawu ÔÇ×C:\Program Files\dotnet\sdk\8.0.101\Sdks\Microsoft.NET.Sdk\targets\..\tools\net8.0\Microsoft.NET.Build.Tasks.dllÔÇŁ.
       Zadanie ÔÇ×ResolveFrameworkReferencesÔÇŁ
       Wykonywanie zadania ÔÇ×ResolveFrameworkReferencesÔÇŁ zako┼äczone.
   3:6>Wykonano kompilowanie elementu docelowego ÔÇ×ResolveFrameworkReferencesÔÇŁ w projekcie ÔÇ×PhotoStudioManager.Infrastructure.csprojÔÇŁ.
   3:6>Element docelowy ÔÇ×ResolveTargetingPackAssetsÔÇŁ w pliku ÔÇ×C:\Program Files\dotnet\sdk\8.0.101\Sdks\Microsoft.NET.Sdk\targets\Microsoft.NET.Sdk.FrameworkReferenceResolution.targetsÔÇŁ z projektu ÔÇ×C:\Users\emili\CascadeProjects\PhotoStudioManager\PhotoStudioManager.Infrastructure\PhotoStudioManager.Infrastructure.csprojÔÇŁ (zale┼╝y od niego element docelowy ÔÇ×_HandlePackageFileConflictsÔÇŁ):
       U┼╝ywanie zadania ÔÇ×ResolveTargetingPackAssetsÔÇŁ z zestawu ÔÇ×C:\Program Files\dotnet\sdk\8.0.101\Sdks\Microsoft.NET.Sdk\targets\..\tools\net8.0\Microsoft.NET.Build.Tasks.dllÔÇŁ.
       Zadanie ÔÇ×ResolveTargetingPackAssetsÔÇŁ
       Wykonywanie zadania ÔÇ×ResolveTargetingPackAssetsÔÇŁ zako┼äczone.
   3:6>Wykonano kompilowanie elementu docelowego ÔÇ×ResolveTargetingPackAssetsÔÇŁ w projekcie ÔÇ×PhotoStudioManager.Infrastructure.csprojÔÇŁ.
   3:6>Element docelowy ÔÇ×ResolveOffByDefaultAnalyzersÔÇŁ w pliku ÔÇ×C:\Program Files\dotnet\sdk\8.0.101\Sdks\Microsoft.NET.Sdk\targets\Microsoft.NET.Sdk.FrameworkReferenceResolution.targetsÔÇŁ z projektu ÔÇ×C:\Users\emili\CascadeProjects\PhotoStudioManager\PhotoStudioManager.Infrastructure\PhotoStudioManager.Infrastructure.csprojÔÇŁ (zale┼╝y od niego element docelowy ÔÇ×_HandlePackageFileConflictsÔÇŁ):
   3:6>Wykonano kompilowanie elementu docelowego ÔÇ×ResolveOffByDefaultAnalyzersÔÇŁ w projekcie ÔÇ×PhotoStudioManager.Infrastructure.csprojÔÇŁ.
   3:6>Element docelowy ÔÇ×_HandlePackageFileConflictsÔÇŁ w pliku ÔÇ×C:\Program Files\dotnet\sdk\8.0.101\Sdks\Microsoft.NET.Sdk\targets\Microsoft.NET.ConflictResolution.targetsÔÇŁ z projektu ÔÇ×C:\Users\emili\CascadeProjects\PhotoStudioManager\PhotoStudioManager.Infrastructure\PhotoStudioManager.Infrastructure.csprojÔÇŁ (zale┼╝y od niego element docelowy ÔÇ×ResolveAssemblyReferencesÔÇŁ):
       U┼╝ywanie zadania ÔÇ×ResolvePackageFileConflictsÔÇŁ z zestawu ÔÇ×C:\Program Files\dotnet\sdk\8.0.101\Sdks\Microsoft.NET.Sdk\targets\..\tools\net8.0\Microsoft.NET.Build.Tasks.dllÔÇŁ.
       Zadanie ÔÇ×ResolvePackageFileConflictsÔÇŁ
         Napotkano konflikt mi─Ödzy elementem ÔÇ×Reference:C:\Users\emili\.nuget\packages\microsoft.win32.registry\4.5.0\ref\netstandard2.0\Microsoft.Win32.Registry.dllÔÇŁ i ÔÇ×Reference:C:\Program Files\dotnet\packs\Microsoft.NETCore.App.Ref\8.0.1\ref/net8.0/Microsoft.Win32.Registry.dllÔÇŁ. Zostanie wybrany element ÔÇ×Reference:C:\Program Files\dotnet\packs\Microsoft.NETCore.App.Ref\8.0.1\ref/net8.0/Microsoft.Win32.Registry.dllÔÇŁ, poniewa┼╝ warto┼Ť─ç atrybutu AssemblyVersion ÔÇ×8.0.0.0ÔÇŁ jest wi─Öksza ni┼╝ ÔÇ×4.1.1.0ÔÇŁ.
         Napotkano konflikt mi─Ödzy elementem ÔÇ×Reference:C:\Users\emili\.nuget\packages\system.diagnostics.diagnosticsource\6.0.0\lib\net6.0\System.Diagnostics.DiagnosticSource.dllÔÇŁ i ÔÇ×Reference:C:\Program Files\dotnet\packs\Microsoft.NETCore.App.Ref\8.0.1\ref/net8.0/System.Diagnostics.DiagnosticSource.dllÔÇŁ. Zostanie wybrany element ÔÇ×Reference:C:\Program Files\dotnet\packs\Microsoft.NETCore.App.Ref\8.0.1\ref/net8.0/System.Diagnostics.DiagnosticSource.dllÔÇŁ, poniewa┼╝ warto┼Ť─ç atrybutu AssemblyVersion ÔÇ×8.0.0.0ÔÇŁ jest wi─Öksza ni┼╝ ÔÇ×6.0.0.0ÔÇŁ.
         Napotkano konflikt mi─Ödzy elementem ÔÇ×Reference:C:\Users\emili\.nuget\packages\system.runtime.compilerservices.unsafe\6.0.0\lib\net6.0\System.Runtime.CompilerServices.Unsafe.dllÔÇŁ i ÔÇ×Reference:C:\Program Files\dotnet\packs\Microsoft.NETCore.App.Ref\8.0.1\ref/net8.0/System.Runtime.CompilerServices.Unsafe.dllÔÇŁ. Zostanie wybrany element ÔÇ×Reference:C:\Program Files\dotnet\packs\Microsoft.NETCore.App.Ref\8.0.1\ref/net8.0/System.Runtime.CompilerServices.Unsafe.dllÔÇŁ, poniewa┼╝ warto┼Ť─ç atrybutu AssemblyVersion ÔÇ×8.0.0.0ÔÇŁ jest wi─Öksza ni┼╝ ÔÇ×6.0.0.0ÔÇŁ.
         Napotkano konflikt mi─Ödzy elementem ÔÇ×Reference:C:\Users\emili\.nuget\packages\system.security.accesscontrol\6.0.0\lib\net6.0\System.Security.AccessControl.dllÔÇŁ i ÔÇ×Reference:C:\Program Files\dotnet\packs\Microsoft.NETCore.App.Ref\8.0.1\ref/net8.0/System.Security.AccessControl.dllÔÇŁ. Zostanie wybrany element ÔÇ×Reference:C:\Program Files\dotnet\packs\Microsoft.NETCore.App.Ref\8.0.1\ref/net8.0/System.Security.AccessControl.dllÔÇŁ, poniewa┼╝ warto┼Ť─ç atrybutu AssemblyVersion ÔÇ×8.0.0.0ÔÇŁ jest wi─Öksza ni┼╝ ÔÇ×6.0.0.0ÔÇŁ.
         Napotkano konflikt mi─Ödzy elementem ÔÇ×Reference:C:\Users\emili\.nuget\packages\system.security.cryptography.cng\5.0.0\ref\netcoreapp3.0\System.Security.Cryptography.Cng.dllÔÇŁ i ÔÇ×Reference:C:\Program Files\dotnet\packs\Microsoft.NETCore.App.Ref\8.0.1\ref/net8.0/System.Security.Cryptography.Cng.dllÔÇŁ. Zostanie wybrany element ÔÇ×Reference:C:\Program Files\dotnet\packs\Microsoft.NETCore.App.Ref\8.0.1\ref/net8.0/System.Security.Cryptography.Cng.dllÔÇŁ, poniewa┼╝ warto┼Ť─ç atrybutu AssemblyVersion ÔÇ×8.0.0.0ÔÇŁ jest wi─Öksza ni┼╝ ÔÇ×5.0.0.0ÔÇŁ.
         Napotkano konflikt mi─Ödzy elementem ÔÇ×Reference:C:\Users\emili\.nuget\packages\system.security.principal.windows\5.0.0\ref\netcoreapp3.0\System.Security.Principal.Windows.dllÔÇŁ i ÔÇ×Reference:C:\Program Files\dotnet\packs\Microsoft.NETCore.App.Ref\8.0.1\ref/net8.0/System.Security.Principal.Windows.dllÔÇŁ. Zostanie wybrany element ÔÇ×Reference:C:\Program Files\dotnet\packs\Microsoft.NETCore.App.Ref\8.0.1\ref/net8.0/System.Security.Principal.Windows.dllÔÇŁ, poniewa┼╝ warto┼Ť─ç atrybutu AssemblyVersion ÔÇ×8.0.0.0ÔÇŁ jest wi─Öksza ni┼╝ ÔÇ×5.0.0.0ÔÇŁ.
         Napotkano konflikt mi─Ödzy elementem ÔÇ×Reference:C:\Users\emili\.nuget\packages\system.text.encodings.web\8.0.0\lib\net8.0\System.Text.Encodings.Web.dllÔÇŁ i ÔÇ×Reference:C:\Program Files\dotnet\packs\Microsoft.NETCore.App.Ref\8.0.1\ref/net8.0/System.Text.Encodings.Web.dllÔÇŁ. Zostanie wybrany element ÔÇ×Reference:C:\Program Files\dotnet\packs\Microsoft.NETCore.App.Ref\8.0.1\ref/net8.0/System.Text.Encodings.Web.dllÔÇŁ, poniewa┼╝ wersja pliku ÔÇ×8.0.123.58001ÔÇŁ jest nowsza ni┼╝ ÔÇ×8.0.23.53103ÔÇŁ.
         Napotkano konflikt mi─Ödzy elementem ÔÇ×Reference:C:\Users\emili\.nuget\packages\system.text.json\8.0.0\lib\net8.0\System.Text.Json.dllÔÇŁ i ÔÇ×Reference:C:\Program Files\dotnet\packs\Microsoft.NETCore.App.Ref\8.0.1\ref/net8.0/System.Text.Json.dllÔÇŁ. Zostanie wybrany element ÔÇ×Reference:C:\Program Files\dotnet\packs\Microsoft.NETCore.App.Ref\8.0.1\ref/net8.0/System.Text.Json.dllÔÇŁ, poniewa┼╝ wersja pliku ÔÇ×8.0.123.58001ÔÇŁ jest nowsza ni┼╝ ÔÇ×8.0.23.53103ÔÇŁ.
         Napotkano konflikt mi─Ödzy elementem ÔÇ×Analyzer:C:\Users\emili\.nuget\packages\system.text.json\8.0.0\analyzers\dotnet\roslyn4.4\cs\System.Text.Json.SourceGeneration.dllÔÇŁ i ÔÇ×Analyzer:C:\Program Files\dotnet\packs\Microsoft.NETCore.App.Ref\8.0.1\analyzers/dotnet/cs/System.Text.Json.SourceGeneration.dllÔÇŁ. Zostanie wybrany element ÔÇ×Analyzer:C:\Program Files\dotnet\packs\Microsoft.NETCore.App.Ref\8.0.1\analyzers/dotnet/cs/System.Text.Json.SourceGeneration.dllÔÇŁ, poniewa┼╝ warto┼Ť─ç atrybutu AssemblyVersion ÔÇ×8.0.9.8001ÔÇŁ jest wi─Öksza ni┼╝ ÔÇ×8.0.9.3103ÔÇŁ.
         Napotkano konflikt mi─Ödzy elementem ÔÇ×Platform:Microsoft.Win32.Registry.dllÔÇŁ i ÔÇ×Runtime:C:\Users\emili\.nuget\packages\microsoft.win32.registry\4.5.0\lib\netstandard2.0\Microsoft.Win32.Registry.dllÔÇŁ. Zostanie wybrany element ÔÇ×Platform:Microsoft.Win32.Registry.dllÔÇŁ, poniewa┼╝ warto┼Ť─ç atrybutu AssemblyVersion ÔÇ×8.0.0.0ÔÇŁ jest wi─Öksza ni┼╝ ÔÇ×4.1.1.0ÔÇŁ.
         Napotkano konflikt mi─Ödzy elementem ÔÇ×Platform:System.Collections.Immutable.dllÔÇŁ i ÔÇ×Runtime:C:\Users\emili\.nuget\packages\system.collections.immutable\6.0.0\lib\net6.0\System.Collections.Immutable.dllÔÇŁ. Zostanie wybrany element ÔÇ×Platform:System.Collections.Immutable.dllÔÇŁ, poniewa┼╝ warto┼Ť─ç atrybutu AssemblyVersion ÔÇ×8.0.0.0ÔÇŁ jest wi─Öksza ni┼╝ ÔÇ×6.0.0.0ÔÇŁ.
         Napotkano konflikt mi─Ödzy elementem ÔÇ×Platform:System.Diagnostics.DiagnosticSource.dllÔÇŁ i ÔÇ×Runtime:C:\Users\emili\.nuget\packages\system.diagnostics.diagnosticsource\6.0.0\lib\net6.0\System.Diagnostics.DiagnosticSource.dllÔÇŁ. Zostanie wybrany element ÔÇ×Platform:System.Diagnostics.DiagnosticSource.dllÔÇŁ, poniewa┼╝ warto┼Ť─ç atrybutu AssemblyVersion ÔÇ×8.0.0.0ÔÇŁ jest wi─Öksza ni┼╝ ÔÇ×6.0.0.0ÔÇŁ.
         Napotkano konflikt mi─Ödzy elementem ÔÇ×Platform:System.Formats.Asn1.dllÔÇŁ i ÔÇ×Runtime:C:\Users\emili\.nuget\packages\system.formats.asn1\5.0.0\lib\netstandard2.0\System.Formats.Asn1.dllÔÇŁ. Zostanie wybrany element ÔÇ×Platform:System.Formats.Asn1.dllÔÇŁ, poniewa┼╝ warto┼Ť─ç atrybutu AssemblyVersion ÔÇ×8.0.0.0ÔÇŁ jest wi─Öksza ni┼╝ ÔÇ×5.0.0.0ÔÇŁ.
         Napotkano konflikt mi─Ödzy elementem ÔÇ×Platform:System.Reflection.Metadata.dllÔÇŁ i ÔÇ×Runtime:C:\Users\emili\.nuget\packages\system.reflection.metadata\6.0.1\lib\net6.0\System.Reflection.Metadata.dllÔÇŁ. Zostanie wybrany element ÔÇ×Platform:System.Reflection.Metadata.dllÔÇŁ, poniewa┼╝ warto┼Ť─ç atrybutu AssemblyVersion ÔÇ×8.0.0.0ÔÇŁ jest wi─Öksza ni┼╝ ÔÇ×6.0.0.0ÔÇŁ.
         Napotkano konflikt mi─Ödzy elementem ÔÇ×Platform:System.Runtime.CompilerServices.Unsafe.dllÔÇŁ i ÔÇ×Runtime:C:\Users\emili\.nuget\packages\system.runtime.compilerservices.unsafe\6.0.0\lib\net6.0\System.Runtime.CompilerServices.Unsafe.dllÔÇŁ. Zostanie wybrany element ÔÇ×Platform:System.Runtime.CompilerServices.Unsafe.dllÔÇŁ, poniewa┼╝ warto┼Ť─ç atrybutu AssemblyVersion ÔÇ×8.0.0.0ÔÇŁ jest wi─Öksza ni┼╝ ÔÇ×6.0.0.0ÔÇŁ.
         Napotkano konflikt mi─Ödzy elementem ÔÇ×Platform:System.Security.AccessControl.dllÔÇŁ i ÔÇ×Runtime:C:\Users\emili\.nuget\packages\system.security.accesscontrol\6.0.0\lib\net6.0\System.Security.AccessControl.dllÔÇŁ. Zostanie wybrany element ÔÇ×Platform:System.Security.AccessControl.dllÔÇŁ, poniewa┼╝ warto┼Ť─ç atrybutu AssemblyVersion ÔÇ×8.0.0.0ÔÇŁ jest wi─Öksza ni┼╝ ÔÇ×6.0.0.0ÔÇŁ.
         Napotkano konflikt mi─Ödzy elementem ÔÇ×Platform:System.Security.Cryptography.Cng.dllÔÇŁ i ÔÇ×Runtime:C:\Users\emili\.nuget\packages\system.security.cryptography.cng\5.0.0\lib\netcoreapp3.0\System.Security.Cryptography.Cng.dllÔÇŁ. Zostanie wybrany element ÔÇ×Platform:System.Security.Cryptography.Cng.dllÔÇŁ, poniewa┼╝ warto┼Ť─ç atrybutu AssemblyVersion ÔÇ×8.0.0.0ÔÇŁ jest wi─Öksza ni┼╝ ÔÇ×5.0.0.0ÔÇŁ.
         Napotkano konflikt mi─Ödzy elementem ÔÇ×Platform:System.Security.Principal.Windows.dllÔÇŁ i ÔÇ×Runtime:C:\Users\emili\.nuget\packages\system.security.principal.windows\5.0.0\lib\netstandard2.0\System.Security.Principal.Windows.dllÔÇŁ. Zostanie wybrany element ÔÇ×Platform:System.Security.Principal.Windows.dllÔÇŁ, poniewa┼╝ warto┼Ť─ç atrybutu AssemblyVersion ÔÇ×8.0.0.0ÔÇŁ jest wi─Öksza ni┼╝ ÔÇ×5.0.0.0ÔÇŁ.
         Napotkano konflikt mi─Ödzy elementem ÔÇ×Platform:System.Text.Encoding.CodePages.dllÔÇŁ i ÔÇ×Runtime:C:\Users\emili\.nuget\packages\system.text.encoding.codepages\6.0.0\lib\net6.0\System.Text.Encoding.CodePages.dllÔÇŁ. Zostanie wybrany element ÔÇ×Platform:System.Text.Encoding.CodePages.dllÔÇŁ, poniewa┼╝ warto┼Ť─ç atrybutu AssemblyVersion ÔÇ×8.0.0.0ÔÇŁ jest wi─Öksza ni┼╝ ÔÇ×6.0.0.0ÔÇŁ.
         Napotkano konflikt mi─Ödzy elementem ÔÇ×Platform:System.Text.Encodings.Web.dllÔÇŁ i ÔÇ×Runtime:C:\Users\emili\.nuget\packages\system.text.encodings.web\8.0.0\lib\net8.0\System.Text.Encodings.Web.dllÔÇŁ. Zostanie wybrany element ÔÇ×Platform:System.Text.Encodings.Web.dllÔÇŁ, poniewa┼╝ wersja pliku ÔÇ×8.0.123.58001ÔÇŁ jest nowsza ni┼╝ ÔÇ×8.0.23.53103ÔÇŁ.
         Napotkano konflikt mi─Ödzy elementem ÔÇ×Platform:System.Text.Json.dllÔÇŁ i ÔÇ×Runtime:C:\Users\emili\.nuget\packages\system.text.json\8.0.0\lib\net8.0\System.Text.Json.dllÔÇŁ. Zostanie wybrany element ÔÇ×Platform:System.Text.Json.dllÔÇŁ, poniewa┼╝ wersja pliku ÔÇ×8.0.123.58001ÔÇŁ jest nowsza ni┼╝ ÔÇ×8.0.23.53103ÔÇŁ.
         Napotkano konflikt mi─Ödzy elementem ÔÇ×Platform:System.Threading.Channels.dllÔÇŁ i ÔÇ×Runtime:C:\Users\emili\.nuget\packages\system.threading.channels\6.0.0\lib\net6.0\System.Threading.Channels.dllÔÇŁ. Zostanie wybrany element ÔÇ×Platform:System.Threading.Channels.dllÔÇŁ, poniewa┼╝ warto┼Ť─ç atrybutu AssemblyVersion ÔÇ×8.0.0.0ÔÇŁ jest wi─Öksza ni┼╝ ÔÇ×6.0.0.0ÔÇŁ.
         Napotkano konflikt mi─Ödzy elementem ÔÇ×Platform:Microsoft.Win32.Registry.dllÔÇŁ i ÔÇ×Runtime:C:\Users\emili\.nuget\packages\microsoft.win32.registry\4.5.0\runtimes\unix\lib\netstandard2.0\Microsoft.Win32.Registry.dllÔÇŁ. Zostanie wybrany element ÔÇ×Platform:Microsoft.Win32.Registry.dllÔÇŁ, poniewa┼╝ warto┼Ť─ç atrybutu AssemblyVersion ÔÇ×8.0.0.0ÔÇŁ jest wi─Öksza ni┼╝ ÔÇ×4.1.1.0ÔÇŁ.
         Napotkano konflikt mi─Ödzy elementem ÔÇ×Platform:Microsoft.Win32.Registry.dllÔÇŁ i ÔÇ×Runtime:C:\Users\emili\.nuget\packages\microsoft.win32.registry\4.5.0\runtimes\win\lib\netstandard2.0\Microsoft.Win32.Registry.dllÔÇŁ. Zostanie wybrany element ÔÇ×Platform:Microsoft.Win32.Registry.dllÔÇŁ, poniewa┼╝ warto┼Ť─ç atrybutu AssemblyVersion ÔÇ×8.0.0.0ÔÇŁ jest wi─Öksza ni┼╝ ÔÇ×4.1.1.0ÔÇŁ.
         Napotkano konflikt mi─Ödzy elementem ÔÇ×Platform:System.Security.AccessControl.dllÔÇŁ i ÔÇ×Runtime:C:\Users\emili\.nuget\packages\system.security.accesscontrol\6.0.0\runtimes\win\lib\net6.0\System.Security.AccessControl.dllÔÇŁ. Zostanie wybrany element ÔÇ×Platform:System.Security.AccessControl.dllÔÇŁ, poniewa┼╝ warto┼Ť─ç atrybutu AssemblyVersion ÔÇ×8.0.0.0ÔÇŁ jest wi─Öksza ni┼╝ ÔÇ×6.0.0.0ÔÇŁ.
         Napotkano konflikt mi─Ödzy elementem ÔÇ×Platform:System.Security.Cryptography.Cng.dllÔÇŁ i ÔÇ×Runtime:C:\Users\emili\.nuget\packages\system.security.cryptography.cng\5.0.0\runtimes\win\lib\netcoreapp3.0\System.Security.Cryptography.Cng.dllÔÇŁ. Zostanie wybrany element ÔÇ×Platform:System.Security.Cryptography.Cng.dllÔÇŁ, poniewa┼╝ warto┼Ť─ç atrybutu AssemblyVersion ÔÇ×8.0.0.0ÔÇŁ jest wi─Öksza ni┼╝ ÔÇ×5.0.0.0ÔÇŁ.
         Napotkano konflikt mi─Ödzy elementem ÔÇ×Platform:System.Security.Principal.Windows.dllÔÇŁ i ÔÇ×Runtime:C:\Users\emili\.nuget\packages\system.security.principal.windows\5.0.0\runtimes\unix\lib\netcoreapp2.1\System.Security.Principal.Windows.dllÔÇŁ. Zostanie wybrany element ÔÇ×Platform:System.Security.Principal.Windows.dllÔÇŁ, poniewa┼╝ warto┼Ť─ç atrybutu AssemblyVersion ÔÇ×8.0.0.0ÔÇŁ jest wi─Öksza ni┼╝ ÔÇ×5.0.0.0ÔÇŁ.
         Napotkano konflikt mi─Ödzy elementem ÔÇ×Platform:System.Security.Principal.Windows.dllÔÇŁ i ÔÇ×Runtime:C:\Users\emili\.nuget\packages\system.security.principal.windows\5.0.0\runtimes\win\lib\netcoreapp2.1\System.Security.Principal.Windows.dllÔÇŁ. Zostanie wybrany element ÔÇ×Platform:System.Security.Principal.Windows.dllÔÇŁ, poniewa┼╝ warto┼Ť─ç atrybutu AssemblyVersion ÔÇ×8.0.0.0ÔÇŁ jest wi─Öksza ni┼╝ ÔÇ×5.0.0.0ÔÇŁ.
         Napotkano konflikt mi─Ödzy elementem ÔÇ×Platform:System.Text.Encoding.CodePages.dllÔÇŁ i ÔÇ×Runtime:C:\Users\emili\.nuget\packages\system.text.encoding.codepages\6.0.0\runtimes\win\lib\net6.0\System.Text.Encoding.CodePages.dllÔÇŁ. Zostanie wybrany element ÔÇ×Platform:System.Text.Encoding.CodePages.dllÔÇŁ, poniewa┼╝ warto┼Ť─ç atrybutu AssemblyVersion ÔÇ×8.0.0.0ÔÇŁ jest wi─Öksza ni┼╝ ÔÇ×6.0.0.0ÔÇŁ.
         Napotkano konflikt mi─Ödzy elementem ÔÇ×Platform:System.Text.Encodings.Web.dllÔÇŁ i ÔÇ×Runtime:C:\Users\emili\.nuget\packages\system.text.encodings.web\8.0.0\runtimes\browser\lib\net8.0\System.Text.Encodings.Web.dllÔÇŁ. Zostanie wybrany element ÔÇ×Platform:System.Text.Encodings.Web.dllÔÇŁ, poniewa┼╝ wersja pliku ÔÇ×8.0.123.58001ÔÇŁ jest nowsza ni┼╝ ÔÇ×8.0.23.53103ÔÇŁ.
         Napotkano konflikt mi─Ödzy elementem ÔÇ×Platform:mscorlib.dllÔÇŁ i ÔÇ×Platform:mscorlib.dllÔÇŁ. Nie mo┼╝na okre┼Ťli─ç wyniku z powodu takich samych wersji pliku i zestawu.
         Napotkano konflikt mi─Ödzy elementem ÔÇ×Platform:Microsoft.VisualBasic.dllÔÇŁ i ÔÇ×Platform:Microsoft.VisualBasic.dllÔÇŁ. Nie mo┼╝na okre┼Ťli─ç wyniku z powodu takich samych wersji pliku i zestawu.
         Napotkano konflikt mi─Ödzy elementem ÔÇ×Platform:System.dllÔÇŁ i ÔÇ×Platform:System.dllÔÇŁ. Nie mo┼╝na okre┼Ťli─ç wyniku z powodu takich samych wersji pliku i zestawu.
         Napotkano konflikt mi─Ödzy elementem ÔÇ×Platform:System.ComponentModel.DataAnnotations.dllÔÇŁ i ÔÇ×Platform:System.ComponentModel.DataAnnotations.dllÔÇŁ. Nie mo┼╝na okre┼Ťli─ç wyniku z powodu takich samych wersji pliku i zestawu.
         Napotkano konflikt mi─Ödzy elementem ÔÇ×Platform:System.Configuration.dllÔÇŁ i ÔÇ×Platform:System.Configuration.dllÔÇŁ. Nie mo┼╝na okre┼Ťli─ç wyniku z powodu takich samych wersji pliku i zestawu.
         Napotkano konflikt mi─Ödzy elementem ÔÇ×Platform:System.Core.dllÔÇŁ i ÔÇ×Platform:System.Core.dllÔÇŁ. Nie mo┼╝na okre┼Ťli─ç wyniku z powodu takich samych wersji pliku i zestawu.
         Napotkano konflikt mi─Ödzy elementem ÔÇ×Platform:System.Data.dllÔÇŁ i ÔÇ×Platform:System.Data.dllÔÇŁ. Nie mo┼╝na okre┼Ťli─ç wyniku z powodu takich samych wersji pliku i zestawu.
         Napotkano konflikt mi─Ödzy elementem ÔÇ×Platform:System.Drawing.dllÔÇŁ i ÔÇ×Platform:System.Drawing.dllÔÇŁ. Nie mo┼╝na okre┼Ťli─ç wyniku z powodu takich samych wersji pliku i zestawu.
         Napotkano konflikt mi─Ödzy elementem ÔÇ×Platform:System.IO.Compression.FileSystem.dllÔÇŁ i ÔÇ×Platform:System.IO.Compression.FileSystem.dllÔÇŁ. Nie mo┼╝na okre┼Ťli─ç wyniku z powodu takich samych wersji pliku i zestawu.
         Napotkano konflikt mi─Ödzy elementem ÔÇ×Platform:System.Net.dllÔÇŁ i ÔÇ×Platform:System.Net.dllÔÇŁ. Nie mo┼╝na okre┼Ťli─ç wyniku z powodu takich samych wersji pliku i zestawu.
         Napotkano konflikt mi─Ödzy elementem ÔÇ×Platform:System.Numerics.dllÔÇŁ i ÔÇ×Platform:System.Numerics.dllÔÇŁ. Nie mo┼╝na okre┼Ťli─ç wyniku z powodu takich samych wersji pliku i zestawu.
         Napotkano konflikt mi─Ödzy elementem ÔÇ×Platform:System.Runtime.Serialization.dllÔÇŁ i ÔÇ×Platform:System.Runtime.Serialization.dllÔÇŁ. Nie mo┼╝na okre┼Ťli─ç wyniku z powodu takich samych wersji pliku i zestawu.
         Napotkano konflikt mi─Ödzy elementem ÔÇ×Platform:System.Security.dllÔÇŁ i ÔÇ×Platform:System.Security.dllÔÇŁ. Nie mo┼╝na okre┼Ťli─ç wyniku z powodu takich samych wersji pliku i zestawu.
         Napotkano konflikt mi─Ödzy elementem ÔÇ×Platform:System.ServiceProcess.dllÔÇŁ i ÔÇ×Platform:System.ServiceProcess.dllÔÇŁ. Nie mo┼╝na okre┼Ťli─ç wyniku z powodu takich samych wersji pliku i zestawu.
         Napotkano konflikt mi─Ödzy elementem ÔÇ×Platform:System.ServiceModel.Web.dllÔÇŁ i ÔÇ×Platform:System.ServiceModel.Web.dllÔÇŁ. Nie mo┼╝na okre┼Ťli─ç wyniku z powodu takich samych wersji pliku i zestawu.
         Napotkano konflikt mi─Ödzy elementem ÔÇ×Platform:System.Transactions.dllÔÇŁ i ÔÇ×Platform:System.Transactions.dllÔÇŁ. Nie mo┼╝na okre┼Ťli─ç wyniku z powodu takich samych wersji pliku i zestawu.
         Napotkano konflikt mi─Ödzy elementem ÔÇ×Platform:System.Web.dllÔÇŁ i ÔÇ×Platform:System.Web.dllÔÇŁ. Nie mo┼╝na okre┼Ťli─ç wyniku z powodu takich samych wersji pliku i zestawu.
         Napotkano konflikt mi─Ödzy elementem ÔÇ×Platform:System.Windows.dllÔÇŁ i ÔÇ×Platform:System.Windows.dllÔÇŁ. Nie mo┼╝na okre┼Ťli─ç wyniku z powodu takich samych wersji pliku i zestawu.
         Napotkano konflikt mi─Ödzy elementem ÔÇ×Platform:System.Xml.dllÔÇŁ i ÔÇ×Platform:System.Xml.dllÔÇŁ. Nie mo┼╝na okre┼Ťli─ç wyniku z powodu takich samych wersji pliku i zestawu.
         Napotkano konflikt mi─Ödzy elementem ÔÇ×Platform:System.Xml.Serialization.dllÔÇŁ i ÔÇ×Platform:System.Xml.Serialization.dllÔÇŁ. Nie mo┼╝na okre┼Ťli─ç wyniku z powodu takich samych wersji pliku i zestawu.
         Napotkano konflikt mi─Ödzy elementem ÔÇ×Platform:System.Xml.Linq.dllÔÇŁ i ÔÇ×Platform:System.Xml.Linq.dllÔÇŁ. Nie mo┼╝na okre┼Ťli─ç wyniku z powodu takich samych wersji pliku i zestawu.
         Napotkano konflikt mi─Ödzy elementem ÔÇ×Platform:WindowsBase.dllÔÇŁ i ÔÇ×Platform:WindowsBase.dllÔÇŁ. Nie mo┼╝na okre┼Ťli─ç wyniku z powodu takich samych wersji pliku i zestawu.
         Napotkano konflikt mi─Ödzy elementem ÔÇ×Platform:netstandard.dllÔÇŁ i ÔÇ×Platform:netstandard.dllÔÇŁ. Nie mo┼╝na okre┼Ťli─ç wyniku z powodu takich samych wersji pliku i zestawu.
         Napotkano konflikt mi─Ödzy elementem ÔÇ×Platform:System.Private.CoreLib.dllÔÇŁ i ÔÇ×Platform:System.Private.CoreLib.dllÔÇŁ. Nie mo┼╝na okre┼Ťli─ç wyniku z powodu takich samych wersji pliku i zestawu.
         Napotkano konflikt mi─Ödzy elementem ÔÇ×Platform:System.Private.DataContractSerialization.dllÔÇŁ i ÔÇ×Platform:System.Private.DataContractSerialization.dllÔÇŁ. Nie mo┼╝na okre┼Ťli─ç wyniku z powodu takich samych wersji pliku i zestawu.
         Napotkano konflikt mi─Ödzy elementem ÔÇ×Platform:System.Private.Uri.dllÔÇŁ i ÔÇ×Platform:System.Private.Uri.dllÔÇŁ. Nie mo┼╝na okre┼Ťli─ç wyniku z powodu takich samych wersji pliku i zestawu.
         Napotkano konflikt mi─Ödzy elementem ÔÇ×Platform:System.Private.Xml.dllÔÇŁ i ÔÇ×Platform:System.Private.Xml.dllÔÇŁ. Nie mo┼╝na okre┼Ťli─ç wyniku z powodu takich samych wersji pliku i zestawu.
         Napotkano konflikt mi─Ödzy elementem ÔÇ×Platform:System.Private.Xml.Linq.dllÔÇŁ i ÔÇ×Platform:System.Private.Xml.Linq.dllÔÇŁ. Nie mo┼╝na okre┼Ťli─ç wyniku z powodu takich samych wersji pliku i zestawu.
         Napotkano konflikt mi─Ödzy elementem ÔÇ×Platform:mscordaccore_amd64_amd64_8.0.123.58001.dllÔÇŁ i ÔÇ×Platform:mscordaccore_amd64_amd64_8.0.123.58001.dllÔÇŁ. Nie mo┼╝na okre┼Ťli─ç wyniku z powodu takich samych wersji pliku i zestawu.
       Wykonywanie zadania ÔÇ×ResolvePackageFileConflictsÔÇŁ zako┼äczone.
   3:6>Wykonano kompilowanie elementu docelowego ÔÇ×_HandlePackageFileConflictsÔÇŁ w projekcie ÔÇ×PhotoStudioManager.Infrastructure.csprojÔÇŁ.
       Pomini─Öto element docelowy ÔÇ×ResolveTargetingPackAssetsÔÇŁ. Wcze┼Ťniejsza kompilacja powiod┼éa si─Ö.
   3:6>Element docelowy ÔÇ×ResolveAssemblyReferencesÔÇŁ w pliku ÔÇ×C:\Program Files\dotnet\sdk\8.0.101\Microsoft.Common.CurrentVersion.targetsÔÇŁ z projektu ÔÇ×C:\Users\emili\CascadeProjects\PhotoStudioManager\PhotoStudioManager.Infrastructure\PhotoStudioManager.Infrastructure.csprojÔÇŁ (zale┼╝y od niego element docelowy ÔÇ×ResolveReferencesÔÇŁ):
       U┼╝ywanie zadania ÔÇ×ResolveAssemblyReferenceÔÇŁ z zestawu ÔÇ×Microsoft.Build.Tasks.Core, Version=15.1.0.0, Culture=neutral, PublicKeyToken=b03f5f7f11d50a3aÔÇŁ.
       Zadanie ÔÇ×ResolveAssemblyReferenceÔÇŁ
         TargetFrameworkMoniker:
             .NETCoreApp,Version=v8.0
         TargetFrameworkMonikerDisplayName:
             .NET 8.0
         TargetedRuntimeVersion:
             
         Assemblies:
             C:\Users\emili\.nuget\packages\azure.core\1.25.0\lib\net5.0\Azure.Core.dll
                 Private = 'false'
                 HintPath = 'C:\Users\emili\.nuget\packages\azure.core\1.25.0\lib\net5.0\Azure.Core.dll'
             C:\Users\emili\.nuget\packages\azure.identity\1.7.0\lib\netstandard2.0\Azure.Identity.dll
                 Private = 'false'
                 HintPath = 'C:\Users\emili\.nuget\packages\azure.identity\1.7.0\lib\netstandard2.0\Azure.Identity.dll'
             C:\Users\emili\.nuget\packages\microsoft.aspnetcore.authentication\2.2.0\lib\netstandard2.0\Microsoft.AspNetCore.Authentication.dll
                 Private = 'false'
                 HintPath = 'C:\Users\emili\.nuget\packages\microsoft.aspnetcore.authentication\2.2.0\lib\netstandard2.0\Microsoft.AspNetCore.Authentication.dll'
             C:\Users\emili\.nuget\packages\microsoft.aspnetcore.authentication.abstractions\2.2.0\lib\netstandard2.0\Microsoft.AspNetCore.Authentication.Abstractions.dll
                 Private = 'false'
                 HintPath = 'C:\Users\emili\.nuget\packages\microsoft.aspnetcore.authentication.abstractions\2.2.0\lib\netstandard2.0\Microsoft.AspNetCore.Authentication.Abstractions.dll'
             C:\Users\emili\.nuget\packages\microsoft.aspnetcore.authentication.cookies\2.2.0\lib\netstandard2.0\Microsoft.AspNetCore.Authentication.Cookies.dll
                 Private = 'false'
                 HintPath = 'C:\Users\emili\.nuget\packages\microsoft.aspnetcore.authentication.cookies\2.2.0\lib\netstandard2.0\Microsoft.AspNetCore.Authentication.Cookies.dll'
             C:\Users\emili\.nuget\packages\microsoft.aspnetcore.authentication.core\2.2.0\lib\netstandard2.0\Microsoft.AspNetCore.Authentication.Core.dll
                 Private = 'false'
                 HintPath = 'C:\Users\emili\.nuget\packages\microsoft.aspnetcore.authentication.core\2.2.0\lib\netstandard2.0\Microsoft.AspNetCore.Authentication.Core.dll'
             C:\Users\emili\.nuget\packages\microsoft.aspnetcore.cryptography.internal\8.0.1\lib\net8.0\Microsoft.AspNetCore.Cryptography.Internal.dll
                 Private = 'false'
                 HintPath = 'C:\Users\emili\.nuget\packages\microsoft.aspnetcore.cryptography.internal\8.0.1\lib\net8.0\Microsoft.AspNetCore.Cryptography.Internal.dll'
             C:\Users\emili\.nuget\packages\microsoft.aspnetcore.cryptography.keyderivation\8.0.1\lib\net8.0\Microsoft.AspNetCore.Cryptography.KeyDerivation.dll
                 Private = 'false'
                 HintPath = 'C:\Users\emili\.nuget\packages\microsoft.aspnetcore.cryptography.keyderivation\8.0.1\lib\net8.0\Microsoft.AspNetCore.Cryptography.KeyDerivation.dll'
             C:\Users\emili\.nuget\packages\microsoft.aspnetcore.dataprotection\2.2.0\lib\netstandard2.0\Microsoft.AspNetCore.DataProtection.dll
                 Private = 'false'
                 HintPath = 'C:\Users\emili\.nuget\packages\microsoft.aspnetcore.dataprotection\2.2.0\lib\netstandard2.0\Microsoft.AspNetCore.DataProtection.dll'
             C:\Users\emili\.nuget\packages\microsoft.aspnetcore.dataprotection.abstractions\2.2.0\lib\netstandard2.0\Microsoft.AspNetCore.DataProtection.Abstractions.dll
                 Private = 'false'
                 HintPath = 'C:\Users\emili\.nuget\packages\microsoft.aspnetcore.dataprotection.abstractions\2.2.0\lib\netstandard2.0\Microsoft.AspNetCore.DataProtection.Abstractions.dll'
             C:\Users\emili\.nuget\packages\microsoft.aspnetcore.hosting.abstractions\2.2.0\lib\netstandard2.0\Microsoft.AspNetCore.Hosting.Abstractions.dll
                 Private = 'false'
                 HintPath = 'C:\Users\emili\.nuget\packages\microsoft.aspnetcore.hosting.abstractions\2.2.0\lib\netstandard2.0\Microsoft.AspNetCore.Hosting.Abstractions.dll'
             C:\Users\emili\.nuget\packages\microsoft.aspnetcore.hosting.server.abstractions\2.2.0\lib\netstandard2.0\Microsoft.AspNetCore.Hosting.Server.Abstractions.dll
                 Private = 'false'
                 HintPath = 'C:\Users\emili\.nuget\packages\microsoft.aspnetcore.hosting.server.abstractions\2.2.0\lib\netstandard2.0\Microsoft.AspNetCore.Hosting.Server.Abstractions.dll'
             C:\Users\emili\.nuget\packages\microsoft.aspnetcore.http\2.2.0\lib\netstandard2.0\Microsoft.AspNetCore.Http.dll
                 Private = 'false'
                 HintPath = 'C:\Users\emili\.nuget\packages\microsoft.aspnetcore.http\2.2.0\lib\netstandard2.0\Microsoft.AspNetCore.Http.dll'
             C:\Users\emili\.nuget\packages\microsoft.aspnetcore.http.abstractions\2.2.0\lib\netstandard2.0\Microsoft.AspNetCore.Http.Abstractions.dll
                 Private = 'false'
                 HintPath = 'C:\Users\emili\.nuget\packages\microsoft.aspnetcore.http.abstractions\2.2.0\lib\netstandard2.0\Microsoft.AspNetCore.Http.Abstractions.dll'
             C:\Users\emili\.nuget\packages\microsoft.aspnetcore.http.extensions\2.2.0\lib\netstandard2.0\Microsoft.AspNetCore.Http.Extensions.dll
                 Private = 'false'
                 HintPath = 'C:\Users\emili\.nuget\packages\microsoft.aspnetcore.http.extensions\2.2.0\lib\netstandard2.0\Microsoft.AspNetCore.Http.Extensions.dll'
             C:\Users\emili\.nuget\packages\microsoft.aspnetcore.http.features\2.2.0\lib\netstandard2.0\Microsoft.AspNetCore.Http.Features.dll
                 Private = 'false'
                 HintPath = 'C:\Users\emili\.nuget\packages\microsoft.aspnetcore.http.features\2.2.0\lib\netstandard2.0\Microsoft.AspNetCore.Http.Features.dll'
             C:\Users\emili\.nuget\packages\microsoft.aspnetcore.identity\2.2.0\lib\netstandard2.0\Microsoft.AspNetCore.Identity.dll
                 Private = 'false'
                 HintPath = 'C:\Users\emili\.nuget\packages\microsoft.aspnetcore.identity\2.2.0\lib\netstandard2.0\Microsoft.AspNetCore.Identity.dll'
             C:\Users\emili\.nuget\packages\microsoft.aspnetcore.identity.entityframeworkcore\8.0.1\lib\net8.0\Microsoft.AspNetCore.Identity.EntityFrameworkCore.dll
                 Private = 'false'
                 HintPath = 'C:\Users\emili\.nuget\packages\microsoft.aspnetcore.identity.entityframeworkcore\8.0.1\lib\net8.0\Microsoft.AspNetCore.Identity.EntityFrameworkCore.dll'
             C:\Users\emili\.nuget\packages\microsoft.aspnetcore.webutilities\2.2.0\lib\netstandard2.0\Microsoft.AspNetCore.WebUtilities.dll
                 Private = 'false'
                 HintPath = 'C:\Users\emili\.nuget\packages\microsoft.aspnetcore.webutilities\2.2.0\lib\netstandard2.0\Microsoft.AspNetCore.WebUtilities.dll'
             C:\Users\emili\.nuget\packages\microsoft.bcl.asyncinterfaces\6.0.0\lib\netstandard2.1\Microsoft.Bcl.AsyncInterfaces.dll
                 Private = 'false'
                 HintPath = 'C:\Users\emili\.nuget\packages\microsoft.bcl.asyncinterfaces\6.0.0\lib\netstandard2.1\Microsoft.Bcl.AsyncInterfaces.dll'
             C:\Users\emili\.nuget\packages\microsoft.data.sqlclient\5.1.1\ref\net6.0\Microsoft.Data.SqlClient.dll
                 Private = 'false'
                 HintPath = 'C:\Users\emili\.nuget\packages\microsoft.data.sqlclient\5.1.1\ref\net6.0\Microsoft.Data.SqlClient.dll'
             C:\Users\emili\.nuget\packages\microsoft.entityframeworkcore\8.0.1\lib\net8.0\Microsoft.EntityFrameworkCore.dll
                 Private = 'false'
                 HintPath = 'C:\Users\emili\.nuget\packages\microsoft.entityframeworkcore\8.0.1\lib\net8.0\Microsoft.EntityFrameworkCore.dll'
             C:\Users\emili\.nuget\packages\microsoft.entityframeworkcore.abstractions\8.0.1\lib\net8.0\Microsoft.EntityFrameworkCore.Abstractions.dll
                 Private = 'false'
                 HintPath = 'C:\Users\emili\.nuget\packages\microsoft.entityframeworkcore.abstractions\8.0.1\lib\net8.0\Microsoft.EntityFrameworkCore.Abstractions.dll'
             C:\Users\emili\.nuget\packages\microsoft.entityframeworkcore.relational\8.0.1\lib\net8.0\Microsoft.EntityFrameworkCore.Relational.dll
                 Private = 'false'
                 HintPath = 'C:\Users\emili\.nuget\packages\microsoft.entityframeworkcore.relational\8.0.1\lib\net8.0\Microsoft.EntityFrameworkCore.Relational.dll'
             C:\Users\emili\.nuget\packages\microsoft.entityframeworkcore.sqlserver\8.0.1\lib\net8.0\Microsoft.EntityFrameworkCore.SqlServer.dll
                 Private = 'false'
                 HintPath = 'C:\Users\emili\.nuget\packages\microsoft.entityframeworkcore.sqlserver\8.0.1\lib\net8.0\Microsoft.EntityFrameworkCore.SqlServer.dll'
             C:\Users\emili\.nuget\packages\microsoft.extensions.caching.abstractions\8.0.0\lib\net8.0\Microsoft.Extensions.Caching.Abstractions.dll
                 Private = 'false'
                 HintPath = 'C:\Users\emili\.nuget\packages\microsoft.extensions.caching.abstractions\8.0.0\lib\net8.0\Microsoft.Extensions.Caching.Abstractions.dll'
             C:\Users\emili\.nuget\packages\microsoft.extensions.caching.memory\8.0.0\lib\net8.0\Microsoft.Extensions.Caching.Memory.dll
                 Private = 'false'
                 HintPath = 'C:\Users\emili\.nuget\packages\microsoft.extensions.caching.memory\8.0.0\lib\net8.0\Microsoft.Extensions.Caching.Memory.dll'
             C:\Users\emili\.nuget\packages\microsoft.extensions.configuration.abstractions\8.0.0\lib\net8.0\Microsoft.Extensions.Configuration.Abstractions.dll
                 Private = 'false'
                 HintPath = 'C:\Users\emili\.nuget\packages\microsoft.extensions.configuration.abstractions\8.0.0\lib\net8.0\Microsoft.Extensions.Configuration.Abstractions.dll'
             C:\Users\emili\.nuget\packages\microsoft.extensions.dependencyinjection\8.0.0\lib\net8.0\Microsoft.Extensions.DependencyInjection.dll
                 Private = 'false'
                 HintPath = 'C:\Users\emili\.nuget\packages\microsoft.extensions.dependencyinjection\8.0.0\lib\net8.0\Microsoft.Extensions.DependencyInjection.dll'
             C:\Users\emili\.nuget\packages\microsoft.extensions.dependencyinjection.abstractions\8.0.0\lib\net8.0\Microsoft.Extensions.DependencyInjection.Abstractions.dll
                 Private = 'false'
                 HintPath = 'C:\Users\emili\.nuget\packages\microsoft.extensions.dependencyinjection.abstractions\8.0.0\lib\net8.0\Microsoft.Extensions.DependencyInjection.Abstractions.dll'
             C:\Users\emili\.nuget\packages\microsoft.extensions.fileproviders.abstractions\2.2.0\lib\netstandard2.0\Microsoft.Extensions.FileProviders.Abstractions.dll
                 Private = 'false'
                 HintPath = 'C:\Users\emili\.nuget\packages\microsoft.extensions.fileproviders.abstractions\2.2.0\lib\netstandard2.0\Microsoft.Extensions.FileProviders.Abstractions.dll'
             C:\Users\emili\.nuget\packages\microsoft.extensions.hosting.abstractions\2.2.0\lib\netstandard2.0\Microsoft.Extensions.Hosting.Abstractions.dll
                 Private = 'false'
                 HintPath = 'C:\Users\emili\.nuget\packages\microsoft.extensions.hosting.abstractions\2.2.0\lib\netstandard2.0\Microsoft.Extensions.Hosting.Abstractions.dll'
             C:\Users\emili\.nuget\packages\microsoft.extensions.identity.core\8.0.1\lib\net8.0\Microsoft.Extensions.Identity.Core.dll
                 Private = 'false'
                 HintPath = 'C:\Users\emili\.nuget\packages\microsoft.extensions.identity.core\8.0.1\lib\net8.0\Microsoft.Extensions.Identity.Core.dll'
             C:\Users\emili\.nuget\packages\microsoft.extensions.identity.stores\8.0.1\lib\net8.0\Microsoft.Extensions.Identity.Stores.dll
                 Private = 'false'
                 HintPath = 'C:\Users\emili\.nuget\packages\microsoft.extensions.identity.stores\8.0.1\lib\net8.0\Microsoft.Extensions.Identity.Stores.dll'
             C:\Users\emili\.nuget\packages\microsoft.extensions.logging\8.0.0\lib\net8.0\Microsoft.Extensions.Logging.dll
                 Private = 'false'
                 HintPath = 'C:\Users\emili\.nuget\packages\microsoft.extensions.logging\8.0.0\lib\net8.0\Microsoft.Extensions.Logging.dll'
             C:\Users\emili\.nuget\packages\microsoft.extensions.logging.abstractions\8.0.0\lib\net8.0\Microsoft.Extensions.Logging.Abstractions.dll
                 Private = 'false'
                 HintPath = 'C:\Users\emili\.nuget\packages\microsoft.extensions.logging.abstractions\8.0.0\lib\net8.0\Microsoft.Extensions.Logging.Abstractions.dll'
             C:\Users\emili\.nuget\packages\microsoft.extensions.objectpool\2.2.0\lib\netstandard2.0\Microsoft.Extensions.ObjectPool.dll
                 Private = 'false'
                 HintPath = 'C:\Users\emili\.nuget\packages\microsoft.extensions.objectpool\2.2.0\lib\netstandard2.0\Microsoft.Extensions.ObjectPool.dll'
             C:\Users\emili\.nuget\packages\microsoft.extensions.options\8.0.1\lib\net8.0\Microsoft.Extensions.Options.dll
                 Private = 'false'
                 HintPath = 'C:\Users\emili\.nuget\packages\microsoft.extensions.options\8.0.1\lib\net8.0\Microsoft.Extensions.Options.dll'
             C:\Users\emili\.nuget\packages\microsoft.extensions.primitives\8.0.0\lib\net8.0\Microsoft.Extensions.Primitives.dll
                 Private = 'false'
                 HintPath = 'C:\Users\emili\.nuget\packages\microsoft.extensions.primitives\8.0.0\lib\net8.0\Microsoft.Extensions.Primitives.dll'
             C:\Users\emili\.nuget\packages\microsoft.extensions.webencoders\2.2.0\lib\netstandard2.0\Microsoft.Extensions.WebEncoders.dll
                 Private = 'false'
                 HintPath = 'C:\Users\emili\.nuget\packages\microsoft.extensions.webencoders\2.2.0\lib\netstandard2.0\Microsoft.Extensions.WebEncoders.dll'
             C:\Users\emili\.nuget\packages\microsoft.identity.client\4.47.2\lib\netcoreapp2.1\Microsoft.Identity.Client.dll
                 Private = 'false'
                 HintPath = 'C:\Users\emili\.nuget\packages\microsoft.identity.client\4.47.2\lib\netcoreapp2.1\Microsoft.Identity.Client.dll'
             C:\Users\emili\.nuget\packages\microsoft.identity.client.extensions.msal\2.19.3\lib\netcoreapp2.1\Microsoft.Identity.Client.Extensions.Msal.dll
                 Private = 'false'
                 HintPath = 'C:\Users\emili\.nuget\packages\microsoft.identity.client.extensions.msal\2.19.3\lib\netcoreapp2.1\Microsoft.Identity.Client.Extensions.Msal.dll'
             C:\Users\emili\.nuget\packages\microsoft.identitymodel.abstractions\6.24.0\lib\net6.0\Microsoft.IdentityModel.Abstractions.dll
                 Private = 'false'
                 HintPath = 'C:\Users\emili\.nuget\packages\microsoft.identitymodel.abstractions\6.24.0\lib\net6.0\Microsoft.IdentityModel.Abstractions.dll'
             C:\Users\emili\.nuget\packages\microsoft.identitymodel.jsonwebtokens\6.24.0\lib\net6.0\Microsoft.IdentityModel.JsonWebTokens.dll
                 Private = 'false'
                 HintPath = 'C:\Users\emili\.nuget\packages\microsoft.identitymodel.jsonwebtokens\6.24.0\lib\net6.0\Microsoft.IdentityModel.JsonWebTokens.dll'
             C:\Users\emili\.nuget\packages\microsoft.identitymodel.logging\6.24.0\lib\net6.0\Microsoft.IdentityModel.Logging.dll
                 Private = 'false'
                 HintPath = 'C:\Users\emili\.nuget\packages\microsoft.identitymodel.logging\6.24.0\lib\net6.0\Microsoft.IdentityModel.Logging.dll'
             C:\Users\emili\.nuget\packages\microsoft.identitymodel.protocols\6.24.0\lib\net6.0\Microsoft.IdentityModel.Protocols.dll
                 Private = 'false'
                 HintPath = 'C:\Users\emili\.nuget\packages\microsoft.identitymodel.protocols\6.24.0\lib\net6.0\Microsoft.IdentityModel.Protocols.dll'
             C:\Users\emili\.nuget\packages\microsoft.identitymodel.protocols.openidconnect\6.24.0\lib\net6.0\Microsoft.IdentityModel.Protocols.OpenIdConnect.dll
                 Private = 'false'
                 HintPath = 'C:\Users\emili\.nuget\packages\microsoft.identitymodel.protocols.openidconnect\6.24.0\lib\net6.0\Microsoft.IdentityModel.Protocols.OpenIdConnect.dll'
             C:\Users\emili\.nuget\packages\microsoft.identitymodel.tokens\6.24.0\lib\net6.0\Microsoft.IdentityModel.Tokens.dll
                 Private = 'false'
                 HintPath = 'C:\Users\emili\.nuget\packages\microsoft.identitymodel.tokens\6.24.0\lib\net6.0\Microsoft.IdentityModel.Tokens.dll'
             C:\Users\emili\.nuget\packages\microsoft.net.http.headers\2.2.0\lib\netstandard2.0\Microsoft.Net.Http.Headers.dll
                 Private = 'false'
                 HintPath = 'C:\Users\emili\.nuget\packages\microsoft.net.http.headers\2.2.0\lib\netstandard2.0\Microsoft.Net.Http.Headers.dll'
             C:\Users\emili\.nuget\packages\microsoft.sqlserver.server\1.0.0\lib\netstandard2.0\Microsoft.SqlServer.Server.dll
                 Private = 'false'
                 HintPath = 'C:\Users\emili\.nuget\packages\microsoft.sqlserver.server\1.0.0\lib\netstandard2.0\Microsoft.SqlServer.Server.dll'
             C:\Users\emili\.nuget\packages\microsoft.win32.systemevents\6.0.0\lib\net6.0\Microsoft.Win32.SystemEvents.dll
                 Private = 'false'
                 HintPath = 'C:\Users\emili\.nuget\packages\microsoft.win32.systemevents\6.0.0\lib\net6.0\Microsoft.Win32.SystemEvents.dll'
             C:\Users\emili\.nuget\packages\system.drawing.common\6.0.0\lib\net6.0\System.Drawing.Common.dll
                 Private = 'false'
                 HintPath = 'C:\Users\emili\.nuget\packages\system.drawing.common\6.0.0\lib\net6.0\System.Drawing.Common.dll'
             C:\Users\emili\.nuget\packages\system.identitymodel.tokens.jwt\6.24.0\lib\net6.0\System.IdentityModel.Tokens.Jwt.dll
                 Private = 'false'
                 HintPath = 'C:\Users\emili\.nuget\packages\system.identitymodel.tokens.jwt\6.24.0\lib\net6.0\System.IdentityModel.Tokens.Jwt.dll'
             C:\Users\emili\.nuget\packages\system.memory.data\1.0.2\lib\netstandard2.0\System.Memory.Data.dll
                 Private = 'false'
                 HintPath = 'C:\Users\emili\.nuget\packages\system.memory.data\1.0.2\lib\netstandard2.0\System.Memory.Data.dll'
             C:\Users\emili\.nuget\packages\system.security.cryptography.protecteddata\6.0.0\lib\net6.0\System.Security.Cryptography.ProtectedData.dll
                 Private = 'false'
                 HintPath = 'C:\Users\emili\.nuget\packages\system.security.cryptography.protecteddata\6.0.0\lib\net6.0\System.Security.Cryptography.ProtectedData.dll'
             C:\Users\emili\.nuget\packages\system.security.cryptography.xml\4.5.0\ref\netstandard2.0\System.Security.Cryptography.Xml.dll
                 Private = 'false'
                 HintPath = 'C:\Users\emili\.nuget\packages\system.security.cryptography.xml\4.5.0\ref\netstandard2.0\System.Security.Cryptography.Xml.dll'
             C:\Users\emili\.nuget\packages\system.security.permissions\6.0.0\lib\net6.0\System.Security.Permissions.dll
                 Private = 'false'
                 HintPath = 'C:\Users\emili\.nuget\packages\system.security.permissions\6.0.0\lib\net6.0\System.Security.Permissions.dll'
             C:\Users\emili\.nuget\packages\system.windows.extensions\6.0.0\lib\net6.0\System.Windows.Extensions.dll
                 Private = 'false'
                 HintPath = 'C:\Users\emili\.nuget\packages\system.windows.extensions\6.0.0\lib\net6.0\System.Windows.Extensions.dll'
             C:\Program Files\dotnet\packs\Microsoft.NETCore.App.Ref\8.0.1\ref/net8.0/Microsoft.CSharp.dll
                 Private = 'false'
             C:\Program Files\dotnet\packs\Microsoft.NETCore.App.Ref\8.0.1\ref/net8.0/Microsoft.VisualBasic.Core.dll
                 Private = 'false'
             C:\Program Files\dotnet\packs\Microsoft.NETCore.App.Ref\8.0.1\ref/net8.0/Microsoft.VisualBasic.dll
                 Private = 'false'
             C:\Program Files\dotnet\packs\Microsoft.NETCore.App.Ref\8.0.1\ref/net8.0/Microsoft.Win32.Primitives.dll
                 Private = 'false'
             C:\Program Files\dotnet\packs\Microsoft.NETCore.App.Ref\8.0.1\ref/net8.0/Microsoft.Win32.Registry.dll
                 Private = 'false'
             C:\Program Files\dotnet\packs\Microsoft.NETCore.App.Ref\8.0.1\ref/net8.0/System.AppContext.dll
                 Private = 'false'
             C:\Program Files\dotnet\packs\Microsoft.NETCore.App.Ref\8.0.1\ref/net8.0/System.Buffers.dll
                 Private = 'false'
             C:\Program Files\dotnet\packs\Microsoft.NETCore.App.Ref\8.0.1\ref/net8.0/System.Collections.Concurrent.dll
                 Private = 'false'
             C:\Program Files\dotnet\packs\Microsoft.NETCore.App.Ref\8.0.1\ref/net8.0/System.Collections.Immutable.dll
                 Private = 'false'
             C:\Program Files\dotnet\packs\Microsoft.NETCore.App.Ref\8.0.1\ref/net8.0/System.Collections.NonGeneric.dll
                 Private = 'false'
             C:\Program Files\dotnet\packs\Microsoft.NETCore.App.Ref\8.0.1\ref/net8.0/System.Collections.Specialized.dll
                 Private = 'false'
             C:\Program Files\dotnet\packs\Microsoft.NETCore.App.Ref\8.0.1\ref/net8.0/System.Collections.dll
                 Private = 'false'
             C:\Program Files\dotnet\packs\Microsoft.NETCore.App.Ref\8.0.1\ref/net8.0/System.ComponentModel.Annotations.dll
                 Private = 'false'
             C:\Program Files\dotnet\packs\Microsoft.NETCore.App.Ref\8.0.1\ref/net8.0/System.ComponentModel.DataAnnotations.dll
                 Private = 'false'
             C:\Program Files\dotnet\packs\Microsoft.NETCore.App.Ref\8.0.1\ref/net8.0/System.ComponentModel.EventBasedAsync.dll
                 Private = 'false'
             C:\Program Files\dotnet\packs\Microsoft.NETCore.App.Ref\8.0.1\ref/net8.0/System.ComponentModel.Primitives.dll
                 Private = 'false'
             C:\Program Files\dotnet\packs\Microsoft.NETCore.App.Ref\8.0.1\ref/net8.0/System.ComponentModel.TypeConverter.dll
                 Private = 'false'
             C:\Program Files\dotnet\packs\Microsoft.NETCore.App.Ref\8.0.1\ref/net8.0/System.ComponentModel.dll
                 Private = 'false'
             C:\Program Files\dotnet\packs\Microsoft.NETCore.App.Ref\8.0.1\ref/net8.0/System.Configuration.dll
                 Private = 'false'
             C:\Program Files\dotnet\packs\Microsoft.NETCore.App.Ref\8.0.1\ref/net8.0/System.Console.dll
                 Private = 'false'
             C:\Program Files\dotnet\packs\Microsoft.NETCore.App.Ref\8.0.1\ref/net8.0/System.Core.dll
                 Private = 'false'
             C:\Program Files\dotnet\packs\Microsoft.NETCore.App.Ref\8.0.1\ref/net8.0/System.Data.Common.dll
                 Private = 'false'
             C:\Program Files\dotnet\packs\Microsoft.NETCore.App.Ref\8.0.1\ref/net8.0/System.Data.DataSetExtensions.dll
                 Private = 'false'
             C:\Program Files\dotnet\packs\Microsoft.NETCore.App.Ref\8.0.1\ref/net8.0/System.Data.dll
                 Private = 'false'
             C:\Program Files\dotnet\packs\Microsoft.NETCore.App.Ref\8.0.1\ref/net8.0/System.Diagnostics.Contracts.dll
                 Private = 'false'
             C:\Program Files\dotnet\packs\Microsoft.NETCore.App.Ref\8.0.1\ref/net8.0/System.Diagnostics.Debug.dll
                 Private = 'false'
             C:\Program Files\dotnet\packs\Microsoft.NETCore.App.Ref\8.0.1\ref/net8.0/System.Diagnostics.DiagnosticSource.dll
                 Private = 'false'
             C:\Program Files\dotnet\packs\Microsoft.NETCore.App.Ref\8.0.1\ref/net8.0/System.Diagnostics.FileVersionInfo.dll
                 Private = 'false'
             C:\Program Files\dotnet\packs\Microsoft.NETCore.App.Ref\8.0.1\ref/net8.0/System.Diagnostics.Process.dll
                 Private = 'false'
             C:\Program Files\dotnet\packs\Microsoft.NETCore.App.Ref\8.0.1\ref/net8.0/System.Diagnostics.StackTrace.dll
                 Private = 'false'
             C:\Program Files\dotnet\packs\Microsoft.NETCore.App.Ref\8.0.1\ref/net8.0/System.Diagnostics.TextWriterTraceListener.dll
                 Private = 'false'
             C:\Program Files\dotnet\packs\Microsoft.NETCore.App.Ref\8.0.1\ref/net8.0/System.Diagnostics.Tools.dll
                 Private = 'false'
             C:\Program Files\dotnet\packs\Microsoft.NETCore.App.Ref\8.0.1\ref/net8.0/System.Diagnostics.TraceSource.dll
                 Private = 'false'
             C:\Program Files\dotnet\packs\Microsoft.NETCore.App.Ref\8.0.1\ref/net8.0/System.Diagnostics.Tracing.dll
                 Private = 'false'
             C:\Program Files\dotnet\packs\Microsoft.NETCore.App.Ref\8.0.1\ref/net8.0/System.Drawing.Primitives.dll
                 Private = 'false'
             C:\Program Files\dotnet\packs\Microsoft.NETCore.App.Ref\8.0.1\ref/net8.0/System.Drawing.dll
                 Private = 'false'
             C:\Program Files\dotnet\packs\Microsoft.NETCore.App.Ref\8.0.1\ref/net8.0/System.Dynamic.Runtime.dll
                 Private = 'false'
             C:\Program Files\dotnet\packs\Microsoft.NETCore.App.Ref\8.0.1\ref/net8.0/System.Formats.Asn1.dll
                 Private = 'false'
             C:\Program Files\dotnet\packs\Microsoft.NETCore.App.Ref\8.0.1\ref/net8.0/System.Formats.Tar.dll
                 Private = 'false'
             C:\Program Files\dotnet\packs\Microsoft.NETCore.App.Ref\8.0.1\ref/net8.0/System.Globalization.Calendars.dll
                 Private = 'false'
             C:\Program Files\dotnet\packs\Microsoft.NETCore.App.Ref\8.0.1\ref/net8.0/System.Globalization.Extensions.dll
                 Private = 'false'
             C:\Program Files\dotnet\packs\Microsoft.NETCore.App.Ref\8.0.1\ref/net8.0/System.Globalization.dll
                 Private = 'false'
             C:\Program Files\dotnet\packs\Microsoft.NETCore.App.Ref\8.0.1\ref/net8.0/System.IO.Compression.Brotli.dll
                 Private = 'false'
             C:\Program Files\dotnet\packs\Microsoft.NETCore.App.Ref\8.0.1\ref/net8.0/System.IO.Compression.FileSystem.dll
                 Private = 'false'
             C:\Program Files\dotnet\packs\Microsoft.NETCore.App.Ref\8.0.1\ref/net8.0/System.IO.Compression.ZipFile.dll
                 Private = 'false'
             C:\Program Files\dotnet\packs\Microsoft.NETCore.App.Ref\8.0.1\ref/net8.0/System.IO.Compression.dll
                 Private = 'false'
             C:\Program Files\dotnet\packs\Microsoft.NETCore.App.Ref\8.0.1\ref/net8.0/System.IO.FileSystem.AccessControl.dll
                 Private = 'false'
             C:\Program Files\dotnet\packs\Microsoft.NETCore.App.Ref\8.0.1\ref/net8.0/System.IO.FileSystem.DriveInfo.dll
                 Private = 'false'
             C:\Program Files\dotnet\packs\Microsoft.NETCore.App.Ref\8.0.1\ref/net8.0/System.IO.FileSystem.Primitives.dll
                 Private = 'false'
             C:\Program Files\dotnet\packs\Microsoft.NETCore.App.Ref\8.0.1\ref/net8.0/System.IO.FileSystem.Watcher.dll
                 Private = 'false'
             C:\Program Files\dotnet\packs\Microsoft.NETCore.App.Ref\8.0.1\ref/net8.0/System.IO.FileSystem.dll
                 Private = 'false'
             C:\Program Files\dotnet\packs\Microsoft.NETCore.App.Ref\8.0.1\ref/net8.0/System.IO.IsolatedStorage.dll
                 Private = 'false'
             C:\Program Files\dotnet\packs\Microsoft.NETCore.App.Ref\8.0.1\ref/net8.0/System.IO.MemoryMappedFiles.dll
                 Private = 'false'
             C:\Program Files\dotnet\packs\Microsoft.NETCore.App.Ref\8.0.1\ref/net8.0/System.IO.Pipes.AccessControl.dll
                 Private = 'false'
             C:\Program Files\dotnet\packs\Microsoft.NETCore.App.Ref\8.0.1\ref/net8.0/System.IO.Pipes.dll
                 Private = 'false'
             C:\Program Files\dotnet\packs\Microsoft.NETCore.App.Ref\8.0.1\ref/net8.0/System.IO.UnmanagedMemoryStream.dll
                 Private = 'false'
             C:\Program Files\dotnet\packs\Microsoft.NETCore.App.Ref\8.0.1\ref/net8.0/System.IO.dll
                 Private = 'false'
             C:\Program Files\dotnet\packs\Microsoft.NETCore.App.Ref\8.0.1\ref/net8.0/System.Linq.Expressions.dll
                 Private = 'false'
             C:\Program Files\dotnet\packs\Microsoft.NETCore.App.Ref\8.0.1\ref/net8.0/System.Linq.Parallel.dll
                 Private = 'false'
             C:\Program Files\dotnet\packs\Microsoft.NETCore.App.Ref\8.0.1\ref/net8.0/System.Linq.Queryable.dll
                 Private = 'false'
             C:\Program Files\dotnet\packs\Microsoft.NETCore.App.Ref\8.0.1\ref/net8.0/System.Linq.dll
                 Private = 'false'
             C:\Program Files\dotnet\packs\Microsoft.NETCore.App.Ref\8.0.1\ref/net8.0/System.Memory.dll
                 Private = 'false'
             C:\Program Files\dotnet\packs\Microsoft.NETCore.App.Ref\8.0.1\ref/net8.0/System.Net.Http.Json.dll
                 Private = 'false'
             C:\Program Files\dotnet\packs\Microsoft.NETCore.App.Ref\8.0.1\ref/net8.0/System.Net.Http.dll
                 Private = 'false'
             C:\Program Files\dotnet\packs\Microsoft.NETCore.App.Ref\8.0.1\ref/net8.0/System.Net.HttpListener.dll
                 Private = 'false'
             C:\Program Files\dotnet\packs\Microsoft.NETCore.App.Ref\8.0.1\ref/net8.0/System.Net.Mail.dll
                 Private = 'false'
             C:\Program Files\dotnet\packs\Microsoft.NETCore.App.Ref\8.0.1\ref/net8.0/System.Net.NameResolution.dll
                 Private = 'false'
             C:\Program Files\dotnet\packs\Microsoft.NETCore.App.Ref\8.0.1\ref/net8.0/System.Net.NetworkInformation.dll
                 Private = 'false'
             C:\Program Files\dotnet\packs\Microsoft.NETCore.App.Ref\8.0.1\ref/net8.0/System.Net.Ping.dll
                 Private = 'false'
             C:\Program Files\dotnet\packs\Microsoft.NETCore.App.Ref\8.0.1\ref/net8.0/System.Net.Primitives.dll
                 Private = 'false'
             C:\Program Files\dotnet\packs\Microsoft.NETCore.App.Ref\8.0.1\ref/net8.0/System.Net.Quic.dll
                 Private = 'false'
             C:\Program Files\dotnet\packs\Microsoft.NETCore.App.Ref\8.0.1\ref/net8.0/System.Net.Requests.dll
                 Private = 'false'
             C:\Program Files\dotnet\packs\Microsoft.NETCore.App.Ref\8.0.1\ref/net8.0/System.Net.Security.dll
                 Private = 'false'
             C:\Program Files\dotnet\packs\Microsoft.NETCore.App.Ref\8.0.1\ref/net8.0/System.Net.ServicePoint.dll
                 Private = 'false'
             C:\Program Files\dotnet\packs\Microsoft.NETCore.App.Ref\8.0.1\ref/net8.0/System.Net.Sockets.dll
                 Private = 'false'
             C:\Program Files\dotnet\packs\Microsoft.NETCore.App.Ref\8.0.1\ref/net8.0/System.Net.WebClient.dll
                 Private = 'false'
             C:\Program Files\dotnet\packs\Microsoft.NETCore.App.Ref\8.0.1\ref/net8.0/System.Net.WebHeaderCollection.dll
                 Private = 'false'
             C:\Program Files\dotnet\packs\Microsoft.NETCore.App.Ref\8.0.1\ref/net8.0/System.Net.WebProxy.dll
                 Private = 'false'
             C:\Program Files\dotnet\packs\Microsoft.NETCore.App.Ref\8.0.1\ref/net8.0/System.Net.WebSockets.Client.dll
                 Private = 'false'
             C:\Program Files\dotnet\packs\Microsoft.NETCore.App.Ref\8.0.1\ref/net8.0/System.Net.WebSockets.dll
                 Private = 'false'
             C:\Program Files\dotnet\packs\Microsoft.NETCore.App.Ref\8.0.1\ref/net8.0/System.Net.dll
                 Private = 'false'
             C:\Program Files\dotnet\packs\Microsoft.NETCore.App.Ref\8.0.1\ref/net8.0/System.Numerics.Vectors.dll
                 Private = 'false'
             C:\Program Files\dotnet\packs\Microsoft.NETCore.App.Ref\8.0.1\ref/net8.0/System.Numerics.dll
                 Private = 'false'
             C:\Program Files\dotnet\packs\Microsoft.NETCore.App.Ref\8.0.1\ref/net8.0/System.ObjectModel.dll
                 Private = 'false'
             C:\Program Files\dotnet\packs\Microsoft.NETCore.App.Ref\8.0.1\ref/net8.0/System.Reflection.DispatchProxy.dll
                 Private = 'false'
             C:\Program Files\dotnet\packs\Microsoft.NETCore.App.Ref\8.0.1\ref/net8.0/System.Reflection.Emit.ILGeneration.dll
                 Private = 'false'
             C:\Program Files\dotnet\packs\Microsoft.NETCore.App.Ref\8.0.1\ref/net8.0/System.Reflection.Emit.Lightweight.dll
                 Private = 'false'
             C:\Program Files\dotnet\packs\Microsoft.NETCore.App.Ref\8.0.1\ref/net8.0/System.Reflection.Emit.dll
                 Private = 'false'
             C:\Program Files\dotnet\packs\Microsoft.NETCore.App.Ref\8.0.1\ref/net8.0/System.Reflection.Extensions.dll
                 Private = 'false'
             C:\Program Files\dotnet\packs\Microsoft.NETCore.App.Ref\8.0.1\ref/net8.0/System.Reflection.Metadata.dll
                 Private = 'false'
             C:\Program Files\dotnet\packs\Microsoft.NETCore.App.Ref\8.0.1\ref/net8.0/System.Reflection.Primitives.dll
                 Private = 'false'
             C:\Program Files\dotnet\packs\Microsoft.NETCore.App.Ref\8.0.1\ref/net8.0/System.Reflection.TypeExtensions.dll
                 Private = 'false'
             C:\Program Files\dotnet\packs\Microsoft.NETCore.App.Ref\8.0.1\ref/net8.0/System.Reflection.dll
                 Private = 'false'
             C:\Program Files\dotnet\packs\Microsoft.NETCore.App.Ref\8.0.1\ref/net8.0/System.Resources.Reader.dll
                 Private = 'false'
             C:\Program Files\dotnet\packs\Microsoft.NETCore.App.Ref\8.0.1\ref/net8.0/System.Resources.ResourceManager.dll
                 Private = 'false'
             C:\Program Files\dotnet\packs\Microsoft.NETCore.App.Ref\8.0.1\ref/net8.0/System.Resources.Writer.dll
                 Private = 'false'
             C:\Program Files\dotnet\packs\Microsoft.NETCore.App.Ref\8.0.1\ref/net8.0/System.Runtime.CompilerServices.Unsafe.dll
                 Private = 'false'
             C:\Program Files\dotnet\packs\Microsoft.NETCore.App.Ref\8.0.1\ref/net8.0/System.Runtime.CompilerServices.VisualC.dll
                 Private = 'false'
             C:\Program Files\dotnet\packs\Microsoft.NETCore.App.Ref\8.0.1\ref/net8.0/System.Runtime.Extensions.dll
                 Private = 'false'
             C:\Program Files\dotnet\packs\Microsoft.NETCore.App.Ref\8.0.1\ref/net8.0/System.Runtime.Handles.dll
                 Private = 'false'
             C:\Program Files\dotnet\packs\Microsoft.NETCore.App.Ref\8.0.1\ref/net8.0/System.Runtime.InteropServices.JavaScript.dll
                 Private = 'false'
             C:\Program Files\dotnet\packs\Microsoft.NETCore.App.Ref\8.0.1\ref/net8.0/System.Runtime.InteropServices.RuntimeInformation.dll
                 Private = 'false'
             C:\Program Files\dotnet\packs\Microsoft.NETCore.App.Ref\8.0.1\ref/net8.0/System.Runtime.InteropServices.dll
                 Private = 'false'
             C:\Program Files\dotnet\packs\Microsoft.NETCore.App.Ref\8.0.1\ref/net8.0/System.Runtime.Intrinsics.dll
                 Private = 'false'
             C:\Program Files\dotnet\packs\Microsoft.NETCore.App.Ref\8.0.1\ref/net8.0/System.Runtime.Loader.dll
                 Private = 'false'
             C:\Program Files\dotnet\packs\Microsoft.NETCore.App.Ref\8.0.1\ref/net8.0/System.Runtime.Numerics.dll
                 Private = 'false'
             C:\Program Files\dotnet\packs\Microsoft.NETCore.App.Ref\8.0.1\ref/net8.0/System.Runtime.Serialization.Formatters.dll
                 Private = 'false'
             C:\Program Files\dotnet\packs\Microsoft.NETCore.App.Ref\8.0.1\ref/net8.0/System.Runtime.Serialization.Json.dll
                 Private = 'false'
             C:\Program Files\dotnet\packs\Microsoft.NETCore.App.Ref\8.0.1\ref/net8.0/System.Runtime.Serialization.Primitives.dll
                 Private = 'false'
             C:\Program Files\dotnet\packs\Microsoft.NETCore.App.Ref\8.0.1\ref/net8.0/System.Runtime.Serialization.Xml.dll
                 Private = 'false'
             C:\Program Files\dotnet\packs\Microsoft.NETCore.App.Ref\8.0.1\ref/net8.0/System.Runtime.Serialization.dll
                 Private = 'false'
             C:\Program Files\dotnet\packs\Microsoft.NETCore.App.Ref\8.0.1\ref/net8.0/System.Runtime.dll
                 Private = 'false'
             C:\Program Files\dotnet\packs\Microsoft.NETCore.App.Ref\8.0.1\ref/net8.0/System.Security.AccessControl.dll
                 Private = 'false'
             C:\Program Files\dotnet\packs\Microsoft.NETCore.App.Ref\8.0.1\ref/net8.0/System.Security.Claims.dll
                 Private = 'false'
             C:\Program Files\dotnet\packs\Microsoft.NETCore.App.Ref\8.0.1\ref/net8.0/System.Security.Cryptography.Algorithms.dll
                 Private = 'false'
             C:\Program Files\dotnet\packs\Microsoft.NETCore.App.Ref\8.0.1\ref/net8.0/System.Security.Cryptography.Cng.dll
                 Private = 'false'
             C:\Program Files\dotnet\packs\Microsoft.NETCore.App.Ref\8.0.1\ref/net8.0/System.Security.Cryptography.Csp.dll
                 Private = 'false'
             C:\Program Files\dotnet\packs\Microsoft.NETCore.App.Ref\8.0.1\ref/net8.0/System.Security.Cryptography.Encoding.dll
                 Private = 'false'
             C:\Program Files\dotnet\packs\Microsoft.NETCore.App.Ref\8.0.1\ref/net8.0/System.Security.Cryptography.OpenSsl.dll
                 Private = 'false'
             C:\Program Files\dotnet\packs\Microsoft.NETCore.App.Ref\8.0.1\ref/net8.0/System.Security.Cryptography.Primitives.dll
                 Private = 'false'
             C:\Program Files\dotnet\packs\Microsoft.NETCore.App.Ref\8.0.1\ref/net8.0/System.Security.Cryptography.X509Certificates.dll
                 Private = 'false'
             C:\Program Files\dotnet\packs\Microsoft.NETCore.App.Ref\8.0.1\ref/net8.0/System.Security.Cryptography.dll
                 Private = 'false'
             C:\Program Files\dotnet\packs\Microsoft.NETCore.App.Ref\8.0.1\ref/net8.0/System.Security.Principal.Windows.dll
                 Private = 'false'
             C:\Program Files\dotnet\packs\Microsoft.NETCore.App.Ref\8.0.1\ref/net8.0/System.Security.Principal.dll
                 Private = 'false'
             C:\Program Files\dotnet\packs\Microsoft.NETCore.App.Ref\8.0.1\ref/net8.0/System.Security.SecureString.dll
                 Private = 'false'
             C:\Program Files\dotnet\packs\Microsoft.NETCore.App.Ref\8.0.1\ref/net8.0/System.Security.dll
                 Private = 'false'
             C:\Program Files\dotnet\packs\Microsoft.NETCore.App.Ref\8.0.1\ref/net8.0/System.ServiceModel.Web.dll
                 Private = 'false'
             C:\Program Files\dotnet\packs\Microsoft.NETCore.App.Ref\8.0.1\ref/net8.0/System.ServiceProcess.dll
                 Private = 'false'
             C:\Program Files\dotnet\packs\Microsoft.NETCore.App.Ref\8.0.1\ref/net8.0/System.Text.Encoding.CodePages.dll
                 Private = 'false'
             C:\Program Files\dotnet\packs\Microsoft.NETCore.App.Ref\8.0.1\ref/net8.0/System.Text.Encoding.Extensions.dll
                 Private = 'false'
             C:\Program Files\dotnet\packs\Microsoft.NETCore.App.Ref\8.0.1\ref/net8.0/System.Text.Encoding.dll
                 Private = 'false'
             C:\Program Files\dotnet\packs\Microsoft.NETCore.App.Ref\8.0.1\ref/net8.0/System.Text.Encodings.Web.dll
                 Private = 'false'
             C:\Program Files\dotnet\packs\Microsoft.NETCore.App.Ref\8.0.1\ref/net8.0/System.Text.Json.dll
                 Private = 'false'
             C:\Program Files\dotnet\packs\Microsoft.NETCore.App.Ref\8.0.1\ref/net8.0/System.Text.RegularExpressions.dll
                 Private = 'false'
             C:\Program Files\dotnet\packs\Microsoft.NETCore.App.Ref\8.0.1\ref/net8.0/System.Threading.Channels.dll
                 Private = 'false'
             C:\Program Files\dotnet\packs\Microsoft.NETCore.App.Ref\8.0.1\ref/net8.0/System.Threading.Overlapped.dll
                 Private = 'false'
             C:\Program Files\dotnet\packs\Microsoft.NETCore.App.Ref\8.0.1\ref/net8.0/System.Threading.Tasks.Dataflow.dll
                 Private = 'false'
             C:\Program Files\dotnet\packs\Microsoft.NETCore.App.Ref\8.0.1\ref/net8.0/System.Threading.Tasks.Extensions.dll
                 Private = 'false'
             C:\Program Files\dotnet\packs\Microsoft.NETCore.App.Ref\8.0.1\ref/net8.0/System.Threading.Tasks.Parallel.dll
                 Private = 'false'
             C:\Program Files\dotnet\packs\Microsoft.NETCore.App.Ref\8.0.1\ref/net8.0/System.Threading.Tasks.dll
                 Private = 'false'
             C:\Program Files\dotnet\packs\Microsoft.NETCore.App.Ref\8.0.1\ref/net8.0/System.Threading.Thread.dll
                 Private = 'false'
             C:\Program Files\dotnet\packs\Microsoft.NETCore.App.Ref\8.0.1\ref/net8.0/System.Threading.ThreadPool.dll
                 Private = 'false'
             C:\Program Files\dotnet\packs\Microsoft.NETCore.App.Ref\8.0.1\ref/net8.0/System.Threading.Timer.dll
                 Private = 'false'
             C:\Program Files\dotnet\packs\Microsoft.NETCore.App.Ref\8.0.1\ref/net8.0/System.Threading.dll
                 Private = 'false'
             C:\Program Files\dotnet\packs\Microsoft.NETCore.App.Ref\8.0.1\ref/net8.0/System.Transactions.Local.dll
                 Private = 'false'
             C:\Program Files\dotnet\packs\Microsoft.NETCore.App.Ref\8.0.1\ref/net8.0/System.Transactions.dll
                 Private = 'false'
             C:\Program Files\dotnet\packs\Microsoft.NETCore.App.Ref\8.0.1\ref/net8.0/System.ValueTuple.dll
                 Private = 'false'
             C:\Program Files\dotnet\packs\Microsoft.NETCore.App.Ref\8.0.1\ref/net8.0/System.Web.HttpUtility.dll
                 Private = 'false'
             C:\Program Files\dotnet\packs\Microsoft.NETCore.App.Ref\8.0.1\ref/net8.0/System.Web.dll
                 Private = 'false'
             C:\Program Files\dotnet\packs\Microsoft.NETCore.App.Ref\8.0.1\ref/net8.0/System.Windows.dll
                 Private = 'false'
             C:\Program Files\dotnet\packs\Microsoft.NETCore.App.Ref\8.0.1\ref/net8.0/System.Xml.Linq.dll
                 Private = 'false'
             C:\Program Files\dotnet\packs\Microsoft.NETCore.App.Ref\8.0.1\ref/net8.0/System.Xml.ReaderWriter.dll
                 Private = 'false'
             C:\Program Files\dotnet\packs\Microsoft.NETCore.App.Ref\8.0.1\ref/net8.0/System.Xml.Serialization.dll
                 Private = 'false'
             C:\Program Files\dotnet\packs\Microsoft.NETCore.App.Ref\8.0.1\ref/net8.0/System.Xml.XDocument.dll
                 Private = 'false'
             C:\Program Files\dotnet\packs\Microsoft.NETCore.App.Ref\8.0.1\ref/net8.0/System.Xml.XPath.XDocument.dll
                 Private = 'false'
             C:\Program Files\dotnet\packs\Microsoft.NETCore.App.Ref\8.0.1\ref/net8.0/System.Xml.XPath.dll
                 Private = 'false'
             C:\Program Files\dotnet\packs\Microsoft.NETCore.App.Ref\8.0.1\ref/net8.0/System.Xml.XmlDocument.dll
                 Private = 'false'
             C:\Program Files\dotnet\packs\Microsoft.NETCore.App.Ref\8.0.1\ref/net8.0/System.Xml.XmlSerializer.dll
                 Private = 'false'
             C:\Program Files\dotnet\packs\Microsoft.NETCore.App.Ref\8.0.1\ref/net8.0/System.Xml.dll
                 Private = 'false'
             C:\Program Files\dotnet\packs\Microsoft.NETCore.App.Ref\8.0.1\ref/net8.0/System.dll
                 Private = 'false'
             C:\Program Files\dotnet\packs\Microsoft.NETCore.App.Ref\8.0.1\ref/net8.0/WindowsBase.dll
                 Private = 'false'
             C:\Program Files\dotnet\packs\Microsoft.NETCore.App.Ref\8.0.1\ref/net8.0/mscorlib.dll
                 Private = 'false'
             C:\Program Files\dotnet\packs\Microsoft.NETCore.App.Ref\8.0.1\ref/net8.0/netstandard.dll
                 Private = 'false'
         AssemblyFiles:
             C:\Users\emili\CascadeProjects\PhotoStudioManager\PhotoStudioManager.Core\bin\Debug\net8.0\PhotoStudioManager.Core.dll
         CandidateAssemblyFiles:
         TargetFrameworkDirectories:
             
         InstalledAssemblyTables:
         IgnoreInstalledAssemblyTable:
             False
         SearchPaths:
             {CandidateAssemblyFiles}
             {HintPathFromItem}
             {TargetFrameworkDirectory}
             {RawFileName}
         AllowedAssemblyExtensions:
             .winmd
             .dll
             .exe
         AllowedRelatedFileExtensions:
             .pdb
             .xml
             .pri
             .dll.config
             .exe.config
         AppConfigFile:
             
         AutoUnify:
             True
         CopyLocalDependenciesWhenParentReferenceInGac:
             True
         FindDependencies:
             True
         TargetProcessorArchitecture:
             msil
         StateFile:
             obj\Debug\net8.0\PhotoStudioManager.Infrastructure.csproj.AssemblyReference.cache
         InstalledAssemblySubsetTables:
         IgnoreInstalledAssemblySubsetTable:
             False
         TargetFrameworkSubsets:
         FullTargetFrameworkSubsetNames:
             Full
         ProfileName:
             
         FullFrameworkFolders:
         LatestTargetFrameworkDirectories:
         ProfileTablesLocation:
         Odwo┼éanie podstawowe ÔÇ×PhotoStudioManager.Core, Version=1.0.0.0, Culture=neutral, PublicKeyToken=nullÔÇŁ.
             Rozpoznana ┼Ťcie┼╝ka pliku: ÔÇ×C:\Users\emili\CascadeProjects\PhotoStudioManager\PhotoStudioManager.Core\bin\Debug\net8.0\PhotoStudioManager.Core.dllÔÇŁ.
             Znaleziono odwo┼éanie w lokalizacji ┼Ťcie┼╝ki wyszukiwania ÔÇ×C:\Users\emili\CascadeProjects\PhotoStudioManager\PhotoStudioManager.Core\bin\Debug\net8.0\PhotoStudioManager.Core.dllÔÇŁ.
             Odnaleziono plik, do kt├│rego jest odwo┼éanie ÔÇ×C:\Users\emili\CascadeProjects\PhotoStudioManager\PhotoStudioManager.Core\bin\Debug\net8.0\PhotoStudioManager.Core.pdbÔÇŁ.
         Odwo┼éanie podstawowe ÔÇ×Azure.Core, Version=1.25.0.0, Culture=neutral, PublicKeyToken=92742159e12e44c8ÔÇŁ.
             Rozpoznana ┼Ťcie┼╝ka pliku: ÔÇ×C:\Users\emili\.nuget\packages\azure.core\1.25.0\lib\net5.0\Azure.Core.dllÔÇŁ.
             Znaleziono odwo┼éanie w lokalizacji ┼Ťcie┼╝ki wyszukiwania ÔÇ×{HintPathFromItem}ÔÇŁ.
             To odwo┼éanie nie ma parametru CopyLocal, poniewa┼╝ co najmniej jeden element ┼║r├│d┼éowy ma parametr Private ustawiony na warto┼Ť─ç false, a ┼╝aden z element├│w ┼║r├│d┼éowych nie ma parametru Private ustawionego na warto┼Ť─ç true.
         Odwo┼éanie podstawowe ÔÇ×Azure.Identity, Version=1.7.0.0, Culture=neutral, PublicKeyToken=92742159e12e44c8ÔÇŁ.
             Rozpoznana ┼Ťcie┼╝ka pliku: ÔÇ×C:\Users\emili\.nuget\packages\azure.identity\1.7.0\lib\netstandard2.0\Azure.Identity.dllÔÇŁ.
             Znaleziono odwo┼éanie w lokalizacji ┼Ťcie┼╝ki wyszukiwania ÔÇ×{HintPathFromItem}ÔÇŁ.
             To odwo┼éanie nie ma parametru CopyLocal, poniewa┼╝ co najmniej jeden element ┼║r├│d┼éowy ma parametr Private ustawiony na warto┼Ť─ç false, a ┼╝aden z element├│w ┼║r├│d┼éowych nie ma parametru Private ustawionego na warto┼Ť─ç true.
         Odwo┼éanie podstawowe ÔÇ×Microsoft.AspNetCore.Authentication, Version=2.2.0.0, Culture=neutral, PublicKeyToken=adb9793829ddae60ÔÇŁ.
             Rozpoznana ┼Ťcie┼╝ka pliku: ÔÇ×C:\Users\emili\.nuget\packages\microsoft.aspnetcore.authentication\2.2.0\lib\netstandard2.0\Microsoft.AspNetCore.Authentication.dllÔÇŁ.
             Znaleziono odwo┼éanie w lokalizacji ┼Ťcie┼╝ki wyszukiwania ÔÇ×{HintPathFromItem}ÔÇŁ.
             To odwo┼éanie nie ma parametru CopyLocal, poniewa┼╝ co najmniej jeden element ┼║r├│d┼éowy ma parametr Private ustawiony na warto┼Ť─ç false, a ┼╝aden z element├│w ┼║r├│d┼éowych nie ma parametru Private ustawionego na warto┼Ť─ç true.
         Odwo┼éanie podstawowe ÔÇ×Microsoft.AspNetCore.Authentication.Abstractions, Version=2.2.0.0, Culture=neutral, PublicKeyToken=adb9793829ddae60ÔÇŁ.
             Rozpoznana ┼Ťcie┼╝ka pliku: ÔÇ×C:\Users\emili\.nuget\packages\microsoft.aspnetcore.authentication.abstractions\2.2.0\lib\netstandard2.0\Microsoft.AspNetCore.Authentication.Abstractions.dllÔÇŁ.
             Znaleziono odwo┼éanie w lokalizacji ┼Ťcie┼╝ki wyszukiwania ÔÇ×{HintPathFromItem}ÔÇŁ.
             To odwo┼éanie nie ma parametru CopyLocal, poniewa┼╝ co najmniej jeden element ┼║r├│d┼éowy ma parametr Private ustawiony na warto┼Ť─ç false, a ┼╝aden z element├│w ┼║r├│d┼éowych nie ma parametru Private ustawionego na warto┼Ť─ç true.
         Odwo┼éanie podstawowe ÔÇ×Microsoft.AspNetCore.Authentication.Cookies, Version=2.2.0.0, Culture=neutral, PublicKeyToken=adb9793829ddae60ÔÇŁ.
             Rozpoznana ┼Ťcie┼╝ka pliku: ÔÇ×C:\Users\emili\.nuget\packages\microsoft.aspnetcore.authentication.cookies\2.2.0\lib\netstandard2.0\Microsoft.AspNetCore.Authentication.Cookies.dllÔÇŁ.
             Znaleziono odwo┼éanie w lokalizacji ┼Ťcie┼╝ki wyszukiwania ÔÇ×{HintPathFromItem}ÔÇŁ.
             To odwo┼éanie nie ma parametru CopyLocal, poniewa┼╝ co najmniej jeden element ┼║r├│d┼éowy ma parametr Private ustawiony na warto┼Ť─ç false, a ┼╝aden z element├│w ┼║r├│d┼éowych nie ma parametru Private ustawionego na warto┼Ť─ç true.
         Odwo┼éanie podstawowe ÔÇ×Microsoft.AspNetCore.Authentication.Core, Version=2.2.0.0, Culture=neutral, PublicKeyToken=adb9793829ddae60ÔÇŁ.
             Rozpoznana ┼Ťcie┼╝ka pliku: ÔÇ×C:\Users\emili\.nuget\packages\microsoft.aspnetcore.authentication.core\2.2.0\lib\netstandard2.0\Microsoft.AspNetCore.Authentication.Core.dllÔÇŁ.
             Znaleziono odwo┼éanie w lokalizacji ┼Ťcie┼╝ki wyszukiwania ÔÇ×{HintPathFromItem}ÔÇŁ.
             To odwo┼éanie nie ma parametru CopyLocal, poniewa┼╝ co najmniej jeden element ┼║r├│d┼éowy ma parametr Private ustawiony na warto┼Ť─ç false, a ┼╝aden z element├│w ┼║r├│d┼éowych nie ma parametru Private ustawionego na warto┼Ť─ç true.
         Odwo┼éanie podstawowe ÔÇ×Microsoft.AspNetCore.Cryptography.Internal, Version=8.0.0.0, Culture=neutral, PublicKeyToken=adb9793829ddae60ÔÇŁ.
             Rozpoznana ┼Ťcie┼╝ka pliku: ÔÇ×C:\Users\emili\.nuget\packages\microsoft.aspnetcore.cryptography.internal\8.0.1\lib\net8.0\Microsoft.AspNetCore.Cryptography.Internal.dllÔÇŁ.
             Znaleziono odwo┼éanie w lokalizacji ┼Ťcie┼╝ki wyszukiwania ÔÇ×{HintPathFromItem}ÔÇŁ.
             To odwo┼éanie nie ma parametru CopyLocal, poniewa┼╝ co najmniej jeden element ┼║r├│d┼éowy ma parametr Private ustawiony na warto┼Ť─ç false, a ┼╝aden z element├│w ┼║r├│d┼éowych nie ma parametru Private ustawionego na warto┼Ť─ç true.
         Odwo┼éanie podstawowe ÔÇ×Microsoft.AspNetCore.Cryptography.KeyDerivation, Version=8.0.0.0, Culture=neutral, PublicKeyToken=adb9793829ddae60ÔÇŁ.
             Rozpoznana ┼Ťcie┼╝ka pliku: ÔÇ×C:\Users\emili\.nuget\packages\microsoft.aspnetcore.cryptography.keyderivation\8.0.1\lib\net8.0\Microsoft.AspNetCore.Cryptography.KeyDerivation.dllÔÇŁ.
             Znaleziono odwo┼éanie w lokalizacji ┼Ťcie┼╝ki wyszukiwania ÔÇ×{HintPathFromItem}ÔÇŁ.
             To odwo┼éanie nie ma parametru CopyLocal, poniewa┼╝ co najmniej jeden element ┼║r├│d┼éowy ma parametr Private ustawiony na warto┼Ť─ç false, a ┼╝aden z element├│w ┼║r├│d┼éowych nie ma parametru Private ustawionego na warto┼Ť─ç true.
         Odwo┼éanie podstawowe ÔÇ×Microsoft.AspNetCore.DataProtection, Version=2.2.0.0, Culture=neutral, PublicKeyToken=adb9793829ddae60ÔÇŁ.
             Rozpoznana ┼Ťcie┼╝ka pliku: ÔÇ×C:\Users\emili\.nuget\packages\microsoft.aspnetcore.dataprotection\2.2.0\lib\netstandard2.0\Microsoft.AspNetCore.DataProtection.dllÔÇŁ.
             Znaleziono odwo┼éanie w lokalizacji ┼Ťcie┼╝ki wyszukiwania ÔÇ×{HintPathFromItem}ÔÇŁ.
             To odwo┼éanie nie ma parametru CopyLocal, poniewa┼╝ co najmniej jeden element ┼║r├│d┼éowy ma parametr Private ustawiony na warto┼Ť─ç false, a ┼╝aden z element├│w ┼║r├│d┼éowych nie ma parametru Private ustawionego na warto┼Ť─ç true.
         Odwo┼éanie podstawowe ÔÇ×Microsoft.AspNetCore.DataProtection.Abstractions, Version=2.2.0.0, Culture=neutral, PublicKeyToken=adb9793829ddae60ÔÇŁ.
             Rozpoznana ┼Ťcie┼╝ka pliku: ÔÇ×C:\Users\emili\.nuget\packages\microsoft.aspnetcore.dataprotection.abstractions\2.2.0\lib\netstandard2.0\Microsoft.AspNetCore.DataProtection.Abstractions.dllÔÇŁ.
             Znaleziono odwo┼éanie w lokalizacji ┼Ťcie┼╝ki wyszukiwania ÔÇ×{HintPathFromItem}ÔÇŁ.
             To odwo┼éanie nie ma parametru CopyLocal, poniewa┼╝ co najmniej jeden element ┼║r├│d┼éowy ma parametr Private ustawiony na warto┼Ť─ç false, a ┼╝aden z element├│w ┼║r├│d┼éowych nie ma parametru Private ustawionego na warto┼Ť─ç true.
         Odwo┼éanie podstawowe ÔÇ×Microsoft.AspNetCore.Hosting.Abstractions, Version=2.2.0.0, Culture=neutral, PublicKeyToken=adb9793829ddae60ÔÇŁ.
             Rozpoznana ┼Ťcie┼╝ka pliku: ÔÇ×C:\Users\emili\.nuget\packages\microsoft.aspnetcore.hosting.abstractions\2.2.0\lib\netstandard2.0\Microsoft.AspNetCore.Hosting.Abstractions.dllÔÇŁ.
             Znaleziono odwo┼éanie w lokalizacji ┼Ťcie┼╝ki wyszukiwania ÔÇ×{HintPathFromItem}ÔÇŁ.
             To odwo┼éanie nie ma parametru CopyLocal, poniewa┼╝ co najmniej jeden element ┼║r├│d┼éowy ma parametr Private ustawiony na warto┼Ť─ç false, a ┼╝aden z element├│w ┼║r├│d┼éowych nie ma parametru Private ustawionego na warto┼Ť─ç true.
         Odwo┼éanie podstawowe ÔÇ×Microsoft.AspNetCore.Hosting.Server.Abstractions, Version=2.2.0.0, Culture=neutral, PublicKeyToken=adb9793829ddae60ÔÇŁ.
             Rozpoznana ┼Ťcie┼╝ka pliku: ÔÇ×C:\Users\emili\.nuget\packages\microsoft.aspnetcore.hosting.server.abstractions\2.2.0\lib\netstandard2.0\Microsoft.AspNetCore.Hosting.Server.Abstractions.dllÔÇŁ.
             Znaleziono odwo┼éanie w lokalizacji ┼Ťcie┼╝ki wyszukiwania ÔÇ×{HintPathFromItem}ÔÇŁ.
             To odwo┼éanie nie ma parametru CopyLocal, poniewa┼╝ co najmniej jeden element ┼║r├│d┼éowy ma parametr Private ustawiony na warto┼Ť─ç false, a ┼╝aden z element├│w ┼║r├│d┼éowych nie ma parametru Private ustawionego na warto┼Ť─ç true.
         Odwo┼éanie podstawowe ÔÇ×Microsoft.AspNetCore.Http, Version=2.2.0.0, Culture=neutral, PublicKeyToken=adb9793829ddae60ÔÇŁ.
             Rozpoznana ┼Ťcie┼╝ka pliku: ÔÇ×C:\Users\emili\.nuget\packages\microsoft.aspnetcore.http\2.2.0\lib\netstandard2.0\Microsoft.AspNetCore.Http.dllÔÇŁ.
             Znaleziono odwo┼éanie w lokalizacji ┼Ťcie┼╝ki wyszukiwania ÔÇ×{HintPathFromItem}ÔÇŁ.
             To odwo┼éanie nie ma parametru CopyLocal, poniewa┼╝ co najmniej jeden element ┼║r├│d┼éowy ma parametr Private ustawiony na warto┼Ť─ç false, a ┼╝aden z element├│w ┼║r├│d┼éowych nie ma parametru Private ustawionego na warto┼Ť─ç true.
         Odwo┼éanie podstawowe ÔÇ×Microsoft.AspNetCore.Http.Abstractions, Version=2.2.0.0, Culture=neutral, PublicKeyToken=adb9793829ddae60ÔÇŁ.
             Rozpoznana ┼Ťcie┼╝ka pliku: ÔÇ×C:\Users\emili\.nuget\packages\microsoft.aspnetcore.http.abstractions\2.2.0\lib\netstandard2.0\Microsoft.AspNetCore.Http.Abstractions.dllÔÇŁ.
             Znaleziono odwo┼éanie w lokalizacji ┼Ťcie┼╝ki wyszukiwania ÔÇ×{HintPathFromItem}ÔÇŁ.
             To odwo┼éanie nie ma parametru CopyLocal, poniewa┼╝ co najmniej jeden element ┼║r├│d┼éowy ma parametr Private ustawiony na warto┼Ť─ç false, a ┼╝aden z element├│w ┼║r├│d┼éowych nie ma parametru Private ustawionego na warto┼Ť─ç true.
         Odwo┼éanie podstawowe ÔÇ×Microsoft.AspNetCore.Http.Extensions, Version=2.2.0.0, Culture=neutral, PublicKeyToken=adb9793829ddae60ÔÇŁ.
             Rozpoznana ┼Ťcie┼╝ka pliku: ÔÇ×C:\Users\emili\.nuget\packages\microsoft.aspnetcore.http.extensions\2.2.0\lib\netstandard2.0\Microsoft.AspNetCore.Http.Extensions.dllÔÇŁ.
             Znaleziono odwo┼éanie w lokalizacji ┼Ťcie┼╝ki wyszukiwania ÔÇ×{HintPathFromItem}ÔÇŁ.
             To odwo┼éanie nie ma parametru CopyLocal, poniewa┼╝ co najmniej jeden element ┼║r├│d┼éowy ma parametr Private ustawiony na warto┼Ť─ç false, a ┼╝aden z element├│w ┼║r├│d┼éowych nie ma parametru Private ustawionego na warto┼Ť─ç true.
         Odwo┼éanie podstawowe ÔÇ×Microsoft.AspNetCore.Http.Features, Version=2.2.0.0, Culture=neutral, PublicKeyToken=adb9793829ddae60ÔÇŁ.
             Rozpoznana ┼Ťcie┼╝ka pliku: ÔÇ×C:\Users\emili\.nuget\packages\microsoft.aspnetcore.http.features\2.2.0\lib\netstandard2.0\Microsoft.AspNetCore.Http.Features.dllÔÇŁ.
             Znaleziono odwo┼éanie w lokalizacji ┼Ťcie┼╝ki wyszukiwania ÔÇ×{HintPathFromItem}ÔÇŁ.
             To odwo┼éanie nie ma parametru CopyLocal, poniewa┼╝ co najmniej jeden element ┼║r├│d┼éowy ma parametr Private ustawiony na warto┼Ť─ç false, a ┼╝aden z element├│w ┼║r├│d┼éowych nie ma parametru Private ustawionego na warto┼Ť─ç true.
         Odwo┼éanie podstawowe ÔÇ×Microsoft.AspNetCore.Identity, Version=2.2.0.0, Culture=neutral, PublicKeyToken=adb9793829ddae60ÔÇŁ.
             Rozpoznana ┼Ťcie┼╝ka pliku: ÔÇ×C:\Users\emili\.nuget\packages\microsoft.aspnetcore.identity\2.2.0\lib\netstandard2.0\Microsoft.AspNetCore.Identity.dllÔÇŁ.
             Znaleziono odwo┼éanie w lokalizacji ┼Ťcie┼╝ki wyszukiwania ÔÇ×{HintPathFromItem}ÔÇŁ.
             To odwo┼éanie nie ma parametru CopyLocal, poniewa┼╝ co najmniej jeden element ┼║r├│d┼éowy ma parametr Private ustawiony na warto┼Ť─ç false, a ┼╝aden z element├│w ┼║r├│d┼éowych nie ma parametru Private ustawionego na warto┼Ť─ç true.
         Odwo┼éanie podstawowe ÔÇ×Microsoft.AspNetCore.Identity.EntityFrameworkCore, Version=8.0.1.0, Culture=neutral, PublicKeyToken=adb9793829ddae60ÔÇŁ.
             Rozpoznana ┼Ťcie┼╝ka pliku: ÔÇ×C:\Users\emili\.nuget\packages\microsoft.aspnetcore.identity.entityframeworkcore\8.0.1\lib\net8.0\Microsoft.AspNetCore.Identity.EntityFrameworkCore.dllÔÇŁ.
             Znaleziono odwo┼éanie w lokalizacji ┼Ťcie┼╝ki wyszukiwania ÔÇ×{HintPathFromItem}ÔÇŁ.
             To odwo┼éanie nie ma parametru CopyLocal, poniewa┼╝ co najmniej jeden element ┼║r├│d┼éowy ma parametr Private ustawiony na warto┼Ť─ç false, a ┼╝aden z element├│w ┼║r├│d┼éowych nie ma parametru Private ustawionego na warto┼Ť─ç true.
         Odwo┼éanie podstawowe ÔÇ×Microsoft.AspNetCore.WebUtilities, Version=2.2.0.0, Culture=neutral, PublicKeyToken=adb9793829ddae60ÔÇŁ.
             Rozpoznana ┼Ťcie┼╝ka pliku: ÔÇ×C:\Users\emili\.nuget\packages\microsoft.aspnetcore.webutilities\2.2.0\lib\netstandard2.0\Microsoft.AspNetCore.WebUtilities.dllÔÇŁ.
             Znaleziono odwo┼éanie w lokalizacji ┼Ťcie┼╝ki wyszukiwania ÔÇ×{HintPathFromItem}ÔÇŁ.
             To odwo┼éanie nie ma parametru CopyLocal, poniewa┼╝ co najmniej jeden element ┼║r├│d┼éowy ma parametr Private ustawiony na warto┼Ť─ç false, a ┼╝aden z element├│w ┼║r├│d┼éowych nie ma parametru Private ustawionego na warto┼Ť─ç true.
         Odwo┼éanie podstawowe ÔÇ×Microsoft.Bcl.AsyncInterfaces, Version=6.0.0.0, Culture=neutral, PublicKeyToken=cc7b13ffcd2ddd51ÔÇŁ.
             Rozpoznana ┼Ťcie┼╝ka pliku: ÔÇ×C:\Users\emili\.nuget\packages\microsoft.bcl.asyncinterfaces\6.0.0\lib\netstandard2.1\Microsoft.Bcl.AsyncInterfaces.dllÔÇŁ.
             Znaleziono odwo┼éanie w lokalizacji ┼Ťcie┼╝ki wyszukiwania ÔÇ×{HintPathFromItem}ÔÇŁ.
             To odwo┼éanie nie ma parametru CopyLocal, poniewa┼╝ co najmniej jeden element ┼║r├│d┼éowy ma parametr Private ustawiony na warto┼Ť─ç false, a ┼╝aden z element├│w ┼║r├│d┼éowych nie ma parametru Private ustawionego na warto┼Ť─ç true.
         Odwo┼éanie podstawowe ÔÇ×Microsoft.Data.SqlClient, Version=5.0.0.0, Culture=neutral, PublicKeyToken=23ec7fc2d6eaa4a5ÔÇŁ.
             Rozpoznana ┼Ťcie┼╝ka pliku: ÔÇ×C:\Users\emili\.nuget\packages\microsoft.data.sqlclient\5.1.1\ref\net6.0\Microsoft.Data.SqlClient.dllÔÇŁ.
             Znaleziono odwo┼éanie w lokalizacji ┼Ťcie┼╝ki wyszukiwania ÔÇ×{HintPathFromItem}ÔÇŁ.
             To odwo┼éanie nie ma parametru CopyLocal, poniewa┼╝ co najmniej jeden element ┼║r├│d┼éowy ma parametr Private ustawiony na warto┼Ť─ç false, a ┼╝aden z element├│w ┼║r├│d┼éowych nie ma parametru Private ustawionego na warto┼Ť─ç true.
         Odwo┼éanie podstawowe ÔÇ×Microsoft.EntityFrameworkCore, Version=8.0.1.0, Culture=neutral, PublicKeyToken=adb9793829ddae60ÔÇŁ.
             Rozpoznana ┼Ťcie┼╝ka pliku: ÔÇ×C:\Users\emili\.nuget\packages\microsoft.entityframeworkcore\8.0.1\lib\net8.0\Microsoft.EntityFrameworkCore.dllÔÇŁ.
             Znaleziono odwo┼éanie w lokalizacji ┼Ťcie┼╝ki wyszukiwania ÔÇ×{HintPathFromItem}ÔÇŁ.
             To odwo┼éanie nie ma parametru CopyLocal, poniewa┼╝ co najmniej jeden element ┼║r├│d┼éowy ma parametr Private ustawiony na warto┼Ť─ç false, a ┼╝aden z element├│w ┼║r├│d┼éowych nie ma parametru Private ustawionego na warto┼Ť─ç true.
         Odwo┼éanie podstawowe ÔÇ×Microsoft.EntityFrameworkCore.Abstractions, Version=8.0.1.0, Culture=neutral, PublicKeyToken=adb9793829ddae60ÔÇŁ.
             Rozpoznana ┼Ťcie┼╝ka pliku: ÔÇ×C:\Users\emili\.nuget\packages\microsoft.entityframeworkcore.abstractions\8.0.1\lib\net8.0\Microsoft.EntityFrameworkCore.Abstractions.dllÔÇŁ.
             Znaleziono odwo┼éanie w lokalizacji ┼Ťcie┼╝ki wyszukiwania ÔÇ×{HintPathFromItem}ÔÇŁ.
             To odwo┼éanie nie ma parametru CopyLocal, poniewa┼╝ co najmniej jeden element ┼║r├│d┼éowy ma parametr Private ustawiony na warto┼Ť─ç false, a ┼╝aden z element├│w ┼║r├│d┼éowych nie ma parametru Private ustawionego na warto┼Ť─ç true.
         Odwo┼éanie podstawowe ÔÇ×Microsoft.EntityFrameworkCore.Relational, Version=8.0.1.0, Culture=neutral, PublicKeyToken=adb9793829ddae60ÔÇŁ.
             Rozpoznana ┼Ťcie┼╝ka pliku: ÔÇ×C:\Users\emili\.nuget\packages\microsoft.entityframeworkcore.relational\8.0.1\lib\net8.0\Microsoft.EntityFrameworkCore.Relational.dllÔÇŁ.
             Znaleziono odwo┼éanie w lokalizacji ┼Ťcie┼╝ki wyszukiwania ÔÇ×{HintPathFromItem}ÔÇŁ.
             To odwo┼éanie nie ma parametru CopyLocal, poniewa┼╝ co najmniej jeden element ┼║r├│d┼éowy ma parametr Private ustawiony na warto┼Ť─ç false, a ┼╝aden z element├│w ┼║r├│d┼éowych nie ma parametru Private ustawionego na warto┼Ť─ç true.
         Odwo┼éanie podstawowe ÔÇ×Microsoft.EntityFrameworkCore.SqlServer, Version=8.0.1.0, Culture=neutral, PublicKeyToken=adb9793829ddae60ÔÇŁ.
             Rozpoznana ┼Ťcie┼╝ka pliku: ÔÇ×C:\Users\emili\.nuget\packages\microsoft.entityframeworkcore.sqlserver\8.0.1\lib\net8.0\Microsoft.EntityFrameworkCore.SqlServer.dllÔÇŁ.
             Znaleziono odwo┼éanie w lokalizacji ┼Ťcie┼╝ki wyszukiwania ÔÇ×{HintPathFromItem}ÔÇŁ.
             To odwo┼éanie nie ma parametru CopyLocal, poniewa┼╝ co najmniej jeden element ┼║r├│d┼éowy ma parametr Private ustawiony na warto┼Ť─ç false, a ┼╝aden z element├│w ┼║r├│d┼éowych nie ma parametru Private ustawionego na warto┼Ť─ç true.
         Odwo┼éanie podstawowe ÔÇ×Microsoft.Extensions.Caching.Abstractions, Version=8.0.0.0, Culture=neutral, PublicKeyToken=adb9793829ddae60ÔÇŁ.
             Rozpoznana ┼Ťcie┼╝ka pliku: ÔÇ×C:\Users\emili\.nuget\packages\microsoft.extensions.caching.abstractions\8.0.0\lib\net8.0\Microsoft.Extensions.Caching.Abstractions.dllÔÇŁ.
             Znaleziono odwo┼éanie w lokalizacji ┼Ťcie┼╝ki wyszukiwania ÔÇ×{HintPathFromItem}ÔÇŁ.
             To odwo┼éanie nie ma parametru CopyLocal, poniewa┼╝ co najmniej jeden element ┼║r├│d┼éowy ma parametr Private ustawiony na warto┼Ť─ç false, a ┼╝aden z element├│w ┼║r├│d┼éowych nie ma parametru Private ustawionego na warto┼Ť─ç true.
         Odwo┼éanie podstawowe ÔÇ×Microsoft.Extensions.Caching.Memory, Version=8.0.0.0, Culture=neutral, PublicKeyToken=adb9793829ddae60ÔÇŁ.
             Rozpoznana ┼Ťcie┼╝ka pliku: ÔÇ×C:\Users\emili\.nuget\packages\microsoft.extensions.caching.memory\8.0.0\lib\net8.0\Microsoft.Extensions.Caching.Memory.dllÔÇŁ.
             Znaleziono odwo┼éanie w lokalizacji ┼Ťcie┼╝ki wyszukiwania ÔÇ×{HintPathFromItem}ÔÇŁ.
             To odwo┼éanie nie ma parametru CopyLocal, poniewa┼╝ co najmniej jeden element ┼║r├│d┼éowy ma parametr Private ustawiony na warto┼Ť─ç false, a ┼╝aden z element├│w ┼║r├│d┼éowych nie ma parametru Private ustawionego na warto┼Ť─ç true.
         Odwo┼éanie podstawowe ÔÇ×Microsoft.Extensions.Configuration.Abstractions, Version=8.0.0.0, Culture=neutral, PublicKeyToken=adb9793829ddae60ÔÇŁ.
             Rozpoznana ┼Ťcie┼╝ka pliku: ÔÇ×C:\Users\emili\.nuget\packages\microsoft.extensions.configuration.abstractions\8.0.0\lib\net8.0\Microsoft.Extensions.Configuration.Abstractions.dllÔÇŁ.
             Znaleziono odwo┼éanie w lokalizacji ┼Ťcie┼╝ki wyszukiwania ÔÇ×{HintPathFromItem}ÔÇŁ.
             To odwo┼éanie nie ma parametru CopyLocal, poniewa┼╝ co najmniej jeden element ┼║r├│d┼éowy ma parametr Private ustawiony na warto┼Ť─ç false, a ┼╝aden z element├│w ┼║r├│d┼éowych nie ma parametru Private ustawionego na warto┼Ť─ç true.
         Odwo┼éanie podstawowe ÔÇ×Microsoft.Extensions.DependencyInjection, Version=8.0.0.0, Culture=neutral, PublicKeyToken=adb9793829ddae60ÔÇŁ.
             Rozpoznana ┼Ťcie┼╝ka pliku: ÔÇ×C:\Users\emili\.nuget\packages\microsoft.extensions.dependencyinjection\8.0.0\lib\net8.0\Microsoft.Extensions.DependencyInjection.dllÔÇŁ.
             Znaleziono odwo┼éanie w lokalizacji ┼Ťcie┼╝ki wyszukiwania ÔÇ×{HintPathFromItem}ÔÇŁ.
             To odwo┼éanie nie ma parametru CopyLocal, poniewa┼╝ co najmniej jeden element ┼║r├│d┼éowy ma parametr Private ustawiony na warto┼Ť─ç false, a ┼╝aden z element├│w ┼║r├│d┼éowych nie ma parametru Private ustawionego na warto┼Ť─ç true.
         Odwo┼éanie podstawowe ÔÇ×Microsoft.Extensions.DependencyInjection.Abstractions, Version=8.0.0.0, Culture=neutral, PublicKeyToken=adb9793829ddae60ÔÇŁ.
             Rozpoznana ┼Ťcie┼╝ka pliku: ÔÇ×C:\Users\emili\.nuget\packages\microsoft.extensions.dependencyinjection.abstractions\8.0.0\lib\net8.0\Microsoft.Extensions.DependencyInjection.Abstractions.dllÔÇŁ.
             Znaleziono odwo┼éanie w lokalizacji ┼Ťcie┼╝ki wyszukiwania ÔÇ×{HintPathFromItem}ÔÇŁ.
             To odwo┼éanie nie ma parametru CopyLocal, poniewa┼╝ co najmniej jeden element ┼║r├│d┼éowy ma parametr Private ustawiony na warto┼Ť─ç false, a ┼╝aden z element├│w ┼║r├│d┼éowych nie ma parametru Private ustawionego na warto┼Ť─ç true.
         Odwo┼éanie podstawowe ÔÇ×Microsoft.Extensions.FileProviders.Abstractions, Version=2.2.0.0, Culture=neutral, PublicKeyToken=adb9793829ddae60ÔÇŁ.
             Rozpoznana ┼Ťcie┼╝ka pliku: ÔÇ×C:\Users\emili\.nuget\packages\microsoft.extensions.fileproviders.abstractions\2.2.0\lib\netstandard2.0\Microsoft.Extensions.FileProviders.Abstractions.dllÔÇŁ.
             Znaleziono odwo┼éanie w lokalizacji ┼Ťcie┼╝ki wyszukiwania ÔÇ×{HintPathFromItem}ÔÇŁ.
             To odwo┼éanie nie ma parametru CopyLocal, poniewa┼╝ co najmniej jeden element ┼║r├│d┼éowy ma parametr Private ustawiony na warto┼Ť─ç false, a ┼╝aden z element├│w ┼║r├│d┼éowych nie ma parametru Private ustawionego na warto┼Ť─ç true.
         Odwo┼éanie podstawowe ÔÇ×Microsoft.Extensions.Hosting.Abstractions, Version=2.2.0.0, Culture=neutral, PublicKeyToken=adb9793829ddae60ÔÇŁ.
             Rozpoznana ┼Ťcie┼╝ka pliku: ÔÇ×C:\Users\emili\.nuget\packages\microsoft.extensions.hosting.abstractions\2.2.0\lib\netstandard2.0\Microsoft.Extensions.Hosting.Abstractions.dllÔÇŁ.
             Znaleziono odwo┼éanie w lokalizacji ┼Ťcie┼╝ki wyszukiwania ÔÇ×{HintPathFromItem}ÔÇŁ.
             To odwo┼éanie nie ma parametru CopyLocal, poniewa┼╝ co najmniej jeden element ┼║r├│d┼éowy ma parametr Private ustawiony na warto┼Ť─ç false, a ┼╝aden z element├│w ┼║r├│d┼éowych nie ma parametru Private ustawionego na warto┼Ť─ç true.
         Odwo┼éanie podstawowe ÔÇ×Microsoft.Extensions.Identity.Core, Version=8.0.0.0, Culture=neutral, PublicKeyToken=adb9793829ddae60ÔÇŁ.
             Rozpoznana ┼Ťcie┼╝ka pliku: ÔÇ×C:\Users\emili\.nuget\packages\microsoft.extensions.identity.core\8.0.1\lib\net8.0\Microsoft.Extensions.Identity.Core.dllÔÇŁ.
             Znaleziono odwo┼éanie w lokalizacji ┼Ťcie┼╝ki wyszukiwania ÔÇ×{HintPathFromItem}ÔÇŁ.
             To odwo┼éanie nie ma parametru CopyLocal, poniewa┼╝ co najmniej jeden element ┼║r├│d┼éowy ma parametr Private ustawiony na warto┼Ť─ç false, a ┼╝aden z element├│w ┼║r├│d┼éowych nie ma parametru Private ustawionego na warto┼Ť─ç true.
         Odwo┼éanie podstawowe ÔÇ×Microsoft.Extensions.Identity.Stores, Version=8.0.0.0, Culture=neutral, PublicKeyToken=adb9793829ddae60ÔÇŁ.
             Rozpoznana ┼Ťcie┼╝ka pliku: ÔÇ×C:\Users\emili\.nuget\packages\microsoft.extensions.identity.stores\8.0.1\lib\net8.0\Microsoft.Extensions.Identity.Stores.dllÔÇŁ.
             Znaleziono odwo┼éanie w lokalizacji ┼Ťcie┼╝ki wyszukiwania ÔÇ×{HintPathFromItem}ÔÇŁ.
             To odwo┼éanie nie ma parametru CopyLocal, poniewa┼╝ co najmniej jeden element ┼║r├│d┼éowy ma parametr Private ustawiony na warto┼Ť─ç false, a ┼╝aden z element├│w ┼║r├│d┼éowych nie ma parametru Private ustawionego na warto┼Ť─ç true.
         Odwo┼éanie podstawowe ÔÇ×Microsoft.Extensions.Logging, Version=8.0.0.0, Culture=neutral, PublicKeyToken=adb9793829ddae60ÔÇŁ.
             Rozpoznana ┼Ťcie┼╝ka pliku: ÔÇ×C:\Users\emili\.nuget\packages\microsoft.extensions.logging\8.0.0\lib\net8.0\Microsoft.Extensions.Logging.dllÔÇŁ.
             Znaleziono odwo┼éanie w lokalizacji ┼Ťcie┼╝ki wyszukiwania ÔÇ×{HintPathFromItem}ÔÇŁ.
             To odwo┼éanie nie ma parametru CopyLocal, poniewa┼╝ co najmniej jeden element ┼║r├│d┼éowy ma parametr Private ustawiony na warto┼Ť─ç false, a ┼╝aden z element├│w ┼║r├│d┼éowych nie ma parametru Private ustawionego na warto┼Ť─ç true.
         Odwo┼éanie podstawowe ÔÇ×Microsoft.Extensions.Logging.Abstractions, Version=8.0.0.0, Culture=neutral, PublicKeyToken=adb9793829ddae60ÔÇŁ.
             Rozpoznana ┼Ťcie┼╝ka pliku: ÔÇ×C:\Users\emili\.nuget\packages\microsoft.extensions.logging.abstractions\8.0.0\lib\net8.0\Microsoft.Extensions.Logging.Abstractions.dllÔÇŁ.
             Znaleziono odwo┼éanie w lokalizacji ┼Ťcie┼╝ki wyszukiwania ÔÇ×{HintPathFromItem}ÔÇŁ.
             To odwo┼éanie nie ma parametru CopyLocal, poniewa┼╝ co najmniej jeden element ┼║r├│d┼éowy ma parametr Private ustawiony na warto┼Ť─ç false, a ┼╝aden z element├│w ┼║r├│d┼éowych nie ma parametru Private ustawionego na warto┼Ť─ç true.
         Odwo┼éanie podstawowe ÔÇ×Microsoft.Extensions.ObjectPool, Version=2.2.0.0, Culture=neutral, PublicKeyToken=adb9793829ddae60ÔÇŁ.
             Rozpoznana ┼Ťcie┼╝ka pliku: ÔÇ×C:\Users\emili\.nuget\packages\microsoft.extensions.objectpool\2.2.0\lib\netstandard2.0\Microsoft.Extensions.ObjectPool.dllÔÇŁ.
             Znaleziono odwo┼éanie w lokalizacji ┼Ťcie┼╝ki wyszukiwania ÔÇ×{HintPathFromItem}ÔÇŁ.
             To odwo┼éanie nie ma parametru CopyLocal, poniewa┼╝ co najmniej jeden element ┼║r├│d┼éowy ma parametr Private ustawiony na warto┼Ť─ç false, a ┼╝aden z element├│w ┼║r├│d┼éowych nie ma parametru Private ustawionego na warto┼Ť─ç true.
         Odwo┼éanie podstawowe ÔÇ×Microsoft.Extensions.Options, Version=8.0.0.0, Culture=neutral, PublicKeyToken=adb9793829ddae60ÔÇŁ.
             Rozpoznana ┼Ťcie┼╝ka pliku: ÔÇ×C:\Users\emili\.nuget\packages\microsoft.extensions.options\8.0.1\lib\net8.0\Microsoft.Extensions.Options.dllÔÇŁ.
             Znaleziono odwo┼éanie w lokalizacji ┼Ťcie┼╝ki wyszukiwania ÔÇ×{HintPathFromItem}ÔÇŁ.
             To odwo┼éanie nie ma parametru CopyLocal, poniewa┼╝ co najmniej jeden element ┼║r├│d┼éowy ma parametr Private ustawiony na warto┼Ť─ç false, a ┼╝aden z element├│w ┼║r├│d┼éowych nie ma parametru Private ustawionego na warto┼Ť─ç true.
         Odwo┼éanie podstawowe ÔÇ×Microsoft.Extensions.Primitives, Version=8.0.0.0, Culture=neutral, PublicKeyToken=adb9793829ddae60ÔÇŁ.
             Rozpoznana ┼Ťcie┼╝ka pliku: ÔÇ×C:\Users\emili\.nuget\packages\microsoft.extensions.primitives\8.0.0\lib\net8.0\Microsoft.Extensions.Primitives.dllÔÇŁ.
             Znaleziono odwo┼éanie w lokalizacji ┼Ťcie┼╝ki wyszukiwania ÔÇ×{HintPathFromItem}ÔÇŁ.
             To odwo┼éanie nie ma parametru CopyLocal, poniewa┼╝ co najmniej jeden element ┼║r├│d┼éowy ma parametr Private ustawiony na warto┼Ť─ç false, a ┼╝aden z element├│w ┼║r├│d┼éowych nie ma parametru Private ustawionego na warto┼Ť─ç true.
         Odwo┼éanie podstawowe ÔÇ×Microsoft.Extensions.WebEncoders, Version=2.2.0.0, Culture=neutral, PublicKeyToken=adb9793829ddae60ÔÇŁ.
             Rozpoznana ┼Ťcie┼╝ka pliku: ÔÇ×C:\Users\emili\.nuget\packages\microsoft.extensions.webencoders\2.2.0\lib\netstandard2.0\Microsoft.Extensions.WebEncoders.dllÔÇŁ.
             Znaleziono odwo┼éanie w lokalizacji ┼Ťcie┼╝ki wyszukiwania ÔÇ×{HintPathFromItem}ÔÇŁ.
             To odwo┼éanie nie ma parametru CopyLocal, poniewa┼╝ co najmniej jeden element ┼║r├│d┼éowy ma parametr Private ustawiony na warto┼Ť─ç false, a ┼╝aden z element├│w ┼║r├│d┼éowych nie ma parametru Private ustawionego na warto┼Ť─ç true.
         Odwo┼éanie podstawowe ÔÇ×Microsoft.Identity.Client, Version=4.47.2.0, Culture=neutral, PublicKeyToken=0a613f4dd989e8aeÔÇŁ.
             Rozpoznana ┼Ťcie┼╝ka pliku: ÔÇ×C:\Users\emili\.nuget\packages\microsoft.identity.client\4.47.2\lib\netcoreapp2.1\Microsoft.Identity.Client.dllÔÇŁ.
             Znaleziono odwo┼éanie w lokalizacji ┼Ťcie┼╝ki wyszukiwania ÔÇ×{HintPathFromItem}ÔÇŁ.
             To odwo┼éanie nie ma parametru CopyLocal, poniewa┼╝ co najmniej jeden element ┼║r├│d┼éowy ma parametr Private ustawiony na warto┼Ť─ç false, a ┼╝aden z element├│w ┼║r├│d┼éowych nie ma parametru Private ustawionego na warto┼Ť─ç true.
         Odwo┼éanie podstawowe ÔÇ×Microsoft.Identity.Client.Extensions.Msal, Version=2.19.3.0, Culture=neutral, PublicKeyToken=0a613f4dd989e8aeÔÇŁ.
             Rozpoznana ┼Ťcie┼╝ka pliku: ÔÇ×C:\Users\emili\.nuget\packages\microsoft.identity.client.extensions.msal\2.19.3\lib\netcoreapp2.1\Microsoft.Identity.Client.Extensions.Msal.dllÔÇŁ.
             Znaleziono odwo┼éanie w lokalizacji ┼Ťcie┼╝ki wyszukiwania ÔÇ×{HintPathFromItem}ÔÇŁ.
             To odwo┼éanie nie ma parametru CopyLocal, poniewa┼╝ co najmniej jeden element ┼║r├│d┼éowy ma parametr Private ustawiony na warto┼Ť─ç false, a ┼╝aden z element├│w ┼║r├│d┼éowych nie ma parametru Private ustawionego na warto┼Ť─ç true.
         Odwo┼éanie podstawowe ÔÇ×Microsoft.IdentityModel.Abstractions, Version=6.24.0.0, Culture=neutral, PublicKeyToken=31bf3856ad364e35ÔÇŁ.
             Rozpoznana ┼Ťcie┼╝ka pliku: ÔÇ×C:\Users\emili\.nuget\packages\microsoft.identitymodel.abstractions\6.24.0\lib\net6.0\Microsoft.IdentityModel.Abstractions.dllÔÇŁ.
             Znaleziono odwo┼éanie w lokalizacji ┼Ťcie┼╝ki wyszukiwania ÔÇ×{HintPathFromItem}ÔÇŁ.
             To odwo┼éanie nie ma parametru CopyLocal, poniewa┼╝ co najmniej jeden element ┼║r├│d┼éowy ma parametr Private ustawiony na warto┼Ť─ç false, a ┼╝aden z element├│w ┼║r├│d┼éowych nie ma parametru Private ustawionego na warto┼Ť─ç true.
         Odwo┼éanie podstawowe ÔÇ×Microsoft.IdentityModel.JsonWebTokens, Version=6.24.0.0, Culture=neutral, PublicKeyToken=31bf3856ad364e35ÔÇŁ.
             Rozpoznana ┼Ťcie┼╝ka pliku: ÔÇ×C:\Users\emili\.nuget\packages\microsoft.identitymodel.jsonwebtokens\6.24.0\lib\net6.0\Microsoft.IdentityModel.JsonWebTokens.dllÔÇŁ.
             Znaleziono odwo┼éanie w lokalizacji ┼Ťcie┼╝ki wyszukiwania ÔÇ×{HintPathFromItem}ÔÇŁ.
             To odwo┼éanie nie ma parametru CopyLocal, poniewa┼╝ co najmniej jeden element ┼║r├│d┼éowy ma parametr Private ustawiony na warto┼Ť─ç false, a ┼╝aden z element├│w ┼║r├│d┼éowych nie ma parametru Private ustawionego na warto┼Ť─ç true.
         Odwo┼éanie podstawowe ÔÇ×Microsoft.IdentityModel.Logging, Version=6.24.0.0, Culture=neutral, PublicKeyToken=31bf3856ad364e35ÔÇŁ.
             Rozpoznana ┼Ťcie┼╝ka pliku: ÔÇ×C:\Users\emili\.nuget\packages\microsoft.identitymodel.logging\6.24.0\lib\net6.0\Microsoft.IdentityModel.Logging.dllÔÇŁ.
             Znaleziono odwo┼éanie w lokalizacji ┼Ťcie┼╝ki wyszukiwania ÔÇ×{HintPathFromItem}ÔÇŁ.
             To odwo┼éanie nie ma parametru CopyLocal, poniewa┼╝ co najmniej jeden element ┼║r├│d┼éowy ma parametr Private ustawiony na warto┼Ť─ç false, a ┼╝aden z element├│w ┼║r├│d┼éowych nie ma parametru Private ustawionego na warto┼Ť─ç true.
         Odwo┼éanie podstawowe ÔÇ×Microsoft.IdentityModel.Protocols, Version=6.24.0.0, Culture=neutral, PublicKeyToken=31bf3856ad364e35ÔÇŁ.
             Rozpoznana ┼Ťcie┼╝ka pliku: ÔÇ×C:\Users\emili\.nuget\packages\microsoft.identitymodel.protocols\6.24.0\lib\net6.0\Microsoft.IdentityModel.Protocols.dllÔÇŁ.
             Znaleziono odwo┼éanie w lokalizacji ┼Ťcie┼╝ki wyszukiwania ÔÇ×{HintPathFromItem}ÔÇŁ.
             To odwo┼éanie nie ma parametru CopyLocal, poniewa┼╝ co najmniej jeden element ┼║r├│d┼éowy ma parametr Private ustawiony na warto┼Ť─ç false, a ┼╝aden z element├│w ┼║r├│d┼éowych nie ma parametru Private ustawionego na warto┼Ť─ç true.
         Odwo┼éanie podstawowe ÔÇ×Microsoft.IdentityModel.Protocols.OpenIdConnect, Version=6.24.0.0, Culture=neutral, PublicKeyToken=31bf3856ad364e35ÔÇŁ.
             Rozpoznana ┼Ťcie┼╝ka pliku: ÔÇ×C:\Users\emili\.nuget\packages\microsoft.identitymodel.protocols.openidconnect\6.24.0\lib\net6.0\Microsoft.IdentityModel.Protocols.OpenIdConnect.dllÔÇŁ.
             Znaleziono odwo┼éanie w lokalizacji ┼Ťcie┼╝ki wyszukiwania ÔÇ×{HintPathFromItem}ÔÇŁ.
             To odwo┼éanie nie ma parametru CopyLocal, poniewa┼╝ co najmniej jeden element ┼║r├│d┼éowy ma parametr Private ustawiony na warto┼Ť─ç false, a ┼╝aden z element├│w ┼║r├│d┼éowych nie ma parametru Private ustawionego na warto┼Ť─ç true.
         Odwo┼éanie podstawowe ÔÇ×Microsoft.IdentityModel.Tokens, Version=6.24.0.0, Culture=neutral, PublicKeyToken=31bf3856ad364e35ÔÇŁ.
             Rozpoznana ┼Ťcie┼╝ka pliku: ÔÇ×C:\Users\emili\.nuget\packages\microsoft.identitymodel.tokens\6.24.0\lib\net6.0\Microsoft.IdentityModel.Tokens.dllÔÇŁ.
             Znaleziono odwo┼éanie w lokalizacji ┼Ťcie┼╝ki wyszukiwania ÔÇ×{HintPathFromItem}ÔÇŁ.
             To odwo┼éanie nie ma parametru CopyLocal, poniewa┼╝ co najmniej jeden element ┼║r├│d┼éowy ma parametr Private ustawiony na warto┼Ť─ç false, a ┼╝aden z element├│w ┼║r├│d┼éowych nie ma parametru Private ustawionego na warto┼Ť─ç true.
         Odwo┼éanie podstawowe ÔÇ×Microsoft.Net.Http.Headers, Version=2.2.0.0, Culture=neutral, PublicKeyToken=adb9793829ddae60ÔÇŁ.
             Rozpoznana ┼Ťcie┼╝ka pliku: ÔÇ×C:\Users\emili\.nuget\packages\microsoft.net.http.headers\2.2.0\lib\netstandard2.0\Microsoft.Net.Http.Headers.dllÔÇŁ.
             Znaleziono odwo┼éanie w lokalizacji ┼Ťcie┼╝ki wyszukiwania ÔÇ×{HintPathFromItem}ÔÇŁ.
             To odwo┼éanie nie ma parametru CopyLocal, poniewa┼╝ co najmniej jeden element ┼║r├│d┼éowy ma parametr Private ustawiony na warto┼Ť─ç false, a ┼╝aden z element├│w ┼║r├│d┼éowych nie ma parametru Private ustawionego na warto┼Ť─ç true.
         Odwo┼éanie podstawowe ÔÇ×Microsoft.SqlServer.Server, Version=1.0.0.0, Culture=neutral, PublicKeyToken=23ec7fc2d6eaa4a5ÔÇŁ.
             Rozpoznana ┼Ťcie┼╝ka pliku: ÔÇ×C:\Users\emili\.nuget\packages\microsoft.sqlserver.server\1.0.0\lib\netstandard2.0\Microsoft.SqlServer.Server.dllÔÇŁ.
             Znaleziono odwo┼éanie w lokalizacji ┼Ťcie┼╝ki wyszukiwania ÔÇ×{HintPathFromItem}ÔÇŁ.
             To odwo┼éanie nie ma parametru CopyLocal, poniewa┼╝ co najmniej jeden element ┼║r├│d┼éowy ma parametr Private ustawiony na warto┼Ť─ç false, a ┼╝aden z element├│w ┼║r├│d┼éowych nie ma parametru Private ustawionego na warto┼Ť─ç true.
         Odwo┼éanie podstawowe ÔÇ×Microsoft.Win32.SystemEvents, Version=6.0.0.0, Culture=neutral, PublicKeyToken=cc7b13ffcd2ddd51ÔÇŁ.
             Rozpoznana ┼Ťcie┼╝ka pliku: ÔÇ×C:\Users\emili\.nuget\packages\microsoft.win32.systemevents\6.0.0\lib\net6.0\Microsoft.Win32.SystemEvents.dllÔÇŁ.
             Znaleziono odwo┼éanie w lokalizacji ┼Ťcie┼╝ki wyszukiwania ÔÇ×{HintPathFromItem}ÔÇŁ.
             To odwo┼éanie nie ma parametru CopyLocal, poniewa┼╝ co najmniej jeden element ┼║r├│d┼éowy ma parametr Private ustawiony na warto┼Ť─ç false, a ┼╝aden z element├│w ┼║r├│d┼éowych nie ma parametru Private ustawionego na warto┼Ť─ç true.
         Odwo┼éanie podstawowe ÔÇ×System.Drawing.Common, Version=6.0.0.0, Culture=neutral, PublicKeyToken=cc7b13ffcd2ddd51ÔÇŁ.
             Rozpoznana ┼Ťcie┼╝ka pliku: ÔÇ×C:\Users\emili\.nuget\packages\system.drawing.common\6.0.0\lib\net6.0\System.Drawing.Common.dllÔÇŁ.
             Znaleziono odwo┼éanie w lokalizacji ┼Ťcie┼╝ki wyszukiwania ÔÇ×{HintPathFromItem}ÔÇŁ.
             To odwo┼éanie nie ma parametru CopyLocal, poniewa┼╝ co najmniej jeden element ┼║r├│d┼éowy ma parametr Private ustawiony na warto┼Ť─ç false, a ┼╝aden z element├│w ┼║r├│d┼éowych nie ma parametru Private ustawionego na warto┼Ť─ç true.
         Odwo┼éanie podstawowe ÔÇ×System.IdentityModel.Tokens.Jwt, Version=6.24.0.0, Culture=neutral, PublicKeyToken=31bf3856ad364e35ÔÇŁ.
             Rozpoznana ┼Ťcie┼╝ka pliku: ÔÇ×C:\Users\emili\.nuget\packages\system.identitymodel.tokens.jwt\6.24.0\lib\net6.0\System.IdentityModel.Tokens.Jwt.dllÔÇŁ.
             Znaleziono odwo┼éanie w lokalizacji ┼Ťcie┼╝ki wyszukiwania ÔÇ×{HintPathFromItem}ÔÇŁ.
             To odwo┼éanie nie ma parametru CopyLocal, poniewa┼╝ co najmniej jeden element ┼║r├│d┼éowy ma parametr Private ustawiony na warto┼Ť─ç false, a ┼╝aden z element├│w ┼║r├│d┼éowych nie ma parametru Private ustawionego na warto┼Ť─ç true.
         Odwo┼éanie podstawowe ÔÇ×System.Memory.Data, Version=1.0.2.0, Culture=neutral, PublicKeyToken=cc7b13ffcd2ddd51ÔÇŁ.
             Rozpoznana ┼Ťcie┼╝ka pliku: ÔÇ×C:\Users\emili\.nuget\packages\system.memory.data\1.0.2\lib\netstandard2.0\System.Memory.Data.dllÔÇŁ.
             Znaleziono odwo┼éanie w lokalizacji ┼Ťcie┼╝ki wyszukiwania ÔÇ×{HintPathFromItem}ÔÇŁ.
             To odwo┼éanie nie ma parametru CopyLocal, poniewa┼╝ co najmniej jeden element ┼║r├│d┼éowy ma parametr Private ustawiony na warto┼Ť─ç false, a ┼╝aden z element├│w ┼║r├│d┼éowych nie ma parametru Private ustawionego na warto┼Ť─ç true.
         Odwo┼éanie podstawowe ÔÇ×System.Security.Cryptography.ProtectedData, Version=6.0.0.0, Culture=neutral, PublicKeyToken=b03f5f7f11d50a3aÔÇŁ.
             Rozpoznana ┼Ťcie┼╝ka pliku: ÔÇ×C:\Users\emili\.nuget\packages\system.security.cryptography.protecteddata\6.0.0\lib\net6.0\System.Security.Cryptography.ProtectedData.dllÔÇŁ.
             Znaleziono odwo┼éanie w lokalizacji ┼Ťcie┼╝ki wyszukiwania ÔÇ×{HintPathFromItem}ÔÇŁ.
             To odwo┼éanie nie ma parametru CopyLocal, poniewa┼╝ co najmniej jeden element ┼║r├│d┼éowy ma parametr Private ustawiony na warto┼Ť─ç false, a ┼╝aden z element├│w ┼║r├│d┼éowych nie ma parametru Private ustawionego na warto┼Ť─ç true.
         Odwo┼éanie podstawowe ÔÇ×System.Security.Cryptography.Xml, Version=4.0.1.0, Culture=neutral, PublicKeyToken=cc7b13ffcd2ddd51ÔÇŁ.
             Rozpoznana ┼Ťcie┼╝ka pliku: ÔÇ×C:\Users\emili\.nuget\packages\system.security.cryptography.xml\4.5.0\ref\netstandard2.0\System.Security.Cryptography.Xml.dllÔÇŁ.
             Znaleziono odwo┼éanie w lokalizacji ┼Ťcie┼╝ki wyszukiwania ÔÇ×{HintPathFromItem}ÔÇŁ.
             To odwo┼éanie nie ma parametru CopyLocal, poniewa┼╝ co najmniej jeden element ┼║r├│d┼éowy ma parametr Private ustawiony na warto┼Ť─ç false, a ┼╝aden z element├│w ┼║r├│d┼éowych nie ma parametru Private ustawionego na warto┼Ť─ç true.
         Odwo┼éanie podstawowe ÔÇ×System.Security.Permissions, Version=6.0.0.0, Culture=neutral, PublicKeyToken=cc7b13ffcd2ddd51ÔÇŁ.
             Rozpoznana ┼Ťcie┼╝ka pliku: ÔÇ×C:\Users\emili\.nuget\packages\system.security.permissions\6.0.0\lib\net6.0\System.Security.Permissions.dllÔÇŁ.
             Znaleziono odwo┼éanie w lokalizacji ┼Ťcie┼╝ki wyszukiwania ÔÇ×{HintPathFromItem}ÔÇŁ.
             To odwo┼éanie nie ma parametru CopyLocal, poniewa┼╝ co najmniej jeden element ┼║r├│d┼éowy ma parametr Private ustawiony na warto┼Ť─ç false, a ┼╝aden z element├│w ┼║r├│d┼éowych nie ma parametru Private ustawionego na warto┼Ť─ç true.
         Odwo┼éanie podstawowe ÔÇ×System.Windows.Extensions, Version=6.0.0.0, Culture=neutral, PublicKeyToken=cc7b13ffcd2ddd51ÔÇŁ.
             Rozpoznana ┼Ťcie┼╝ka pliku: ÔÇ×C:\Users\emili\.nuget\packages\system.windows.extensions\6.0.0\lib\net6.0\System.Windows.Extensions.dllÔÇŁ.
             Znaleziono odwo┼éanie w lokalizacji ┼Ťcie┼╝ki wyszukiwania ÔÇ×{HintPathFromItem}ÔÇŁ.
             To odwo┼éanie nie ma parametru CopyLocal, poniewa┼╝ co najmniej jeden element ┼║r├│d┼éowy ma parametr Private ustawiony na warto┼Ť─ç false, a ┼╝aden z element├│w ┼║r├│d┼éowych nie ma parametru Private ustawionego na warto┼Ť─ç true.
         Odwo┼éanie podstawowe ÔÇ×Microsoft.CSharp, Version=8.0.0.0, Culture=neutral, PublicKeyToken=b03f5f7f11d50a3aÔÇŁ.
             Rozpoznana ┼Ťcie┼╝ka pliku: ÔÇ×C:\Program Files\dotnet\packs\Microsoft.NETCore.App.Ref\8.0.1\ref\net8.0\Microsoft.CSharp.dllÔÇŁ.
             Znaleziono odwo┼éanie w lokalizacji ┼Ťcie┼╝ki wyszukiwania ÔÇ×{RawFileName}ÔÇŁ.
             To odwo┼éanie nie ma parametru CopyLocal, poniewa┼╝ co najmniej jeden element ┼║r├│d┼éowy ma parametr Private ustawiony na warto┼Ť─ç false, a ┼╝aden z element├│w ┼║r├│d┼éowych nie ma parametru Private ustawionego na warto┼Ť─ç true.
         Odwo┼éanie podstawowe ÔÇ×Microsoft.VisualBasic.Core, Version=13.0.0.0, Culture=neutral, PublicKeyToken=b03f5f7f11d50a3aÔÇŁ.
             Rozpoznana ┼Ťcie┼╝ka pliku: ÔÇ×C:\Program Files\dotnet\packs\Microsoft.NETCore.App.Ref\8.0.1\ref\net8.0\Microsoft.VisualBasic.Core.dllÔÇŁ.
             Znaleziono odwo┼éanie w lokalizacji ┼Ťcie┼╝ki wyszukiwania ÔÇ×{RawFileName}ÔÇŁ.
             To odwo┼éanie nie ma parametru CopyLocal, poniewa┼╝ co najmniej jeden element ┼║r├│d┼éowy ma parametr Private ustawiony na warto┼Ť─ç false, a ┼╝aden z element├│w ┼║r├│d┼éowych nie ma parametru Private ustawionego na warto┼Ť─ç true.
         Odwo┼éanie podstawowe ÔÇ×Microsoft.VisualBasic, Version=10.0.0.0, Culture=neutral, PublicKeyToken=b03f5f7f11d50a3aÔÇŁ.
             Rozpoznana ┼Ťcie┼╝ka pliku: ÔÇ×C:\Program Files\dotnet\packs\Microsoft.NETCore.App.Ref\8.0.1\ref\net8.0\Microsoft.VisualBasic.dllÔÇŁ.
             Znaleziono odwo┼éanie w lokalizacji ┼Ťcie┼╝ki wyszukiwania ÔÇ×{RawFileName}ÔÇŁ.
             To odwo┼éanie nie ma parametru CopyLocal, poniewa┼╝ co najmniej jeden element ┼║r├│d┼éowy ma parametr Private ustawiony na warto┼Ť─ç false, a ┼╝aden z element├│w ┼║r├│d┼éowych nie ma parametru Private ustawionego na warto┼Ť─ç true.
         Odwo┼éanie podstawowe ÔÇ×Microsoft.Win32.Primitives, Version=8.0.0.0, Culture=neutral, PublicKeyToken=b03f5f7f11d50a3aÔÇŁ.
             Rozpoznana ┼Ťcie┼╝ka pliku: ÔÇ×C:\Program Files\dotnet\packs\Microsoft.NETCore.App.Ref\8.0.1\ref\net8.0\Microsoft.Win32.Primitives.dllÔÇŁ.
             Znaleziono odwo┼éanie w lokalizacji ┼Ťcie┼╝ki wyszukiwania ÔÇ×{RawFileName}ÔÇŁ.
             To odwo┼éanie nie ma parametru CopyLocal, poniewa┼╝ co najmniej jeden element ┼║r├│d┼éowy ma parametr Private ustawiony na warto┼Ť─ç false, a ┼╝aden z element├│w ┼║r├│d┼éowych nie ma parametru Private ustawionego na warto┼Ť─ç true.
         Odwo┼éanie podstawowe ÔÇ×Microsoft.Win32.Registry, Version=8.0.0.0, Culture=neutral, PublicKeyToken=b03f5f7f11d50a3aÔÇŁ.
             Rozpoznana ┼Ťcie┼╝ka pliku: ÔÇ×C:\Program Files\dotnet\packs\Microsoft.NETCore.App.Ref\8.0.1\ref\net8.0\Microsoft.Win32.Registry.dllÔÇŁ.
             Znaleziono odwo┼éanie w lokalizacji ┼Ťcie┼╝ki wyszukiwania ÔÇ×{RawFileName}ÔÇŁ.
             To odwo┼éanie nie ma parametru CopyLocal, poniewa┼╝ co najmniej jeden element ┼║r├│d┼éowy ma parametr Private ustawiony na warto┼Ť─ç false, a ┼╝aden z element├│w ┼║r├│d┼éowych nie ma parametru Private ustawionego na warto┼Ť─ç true.
         Odwo┼éanie podstawowe ÔÇ×System.AppContext, Version=8.0.0.0, Culture=neutral, PublicKeyToken=b03f5f7f11d50a3aÔÇŁ.
             Rozpoznana ┼Ťcie┼╝ka pliku: ÔÇ×C:\Program Files\dotnet\packs\Microsoft.NETCore.App.Ref\8.0.1\ref\net8.0\System.AppContext.dllÔÇŁ.
             Znaleziono odwo┼éanie w lokalizacji ┼Ťcie┼╝ki wyszukiwania ÔÇ×{RawFileName}ÔÇŁ.
             To odwo┼éanie nie ma parametru CopyLocal, poniewa┼╝ co najmniej jeden element ┼║r├│d┼éowy ma parametr Private ustawiony na warto┼Ť─ç false, a ┼╝aden z element├│w ┼║r├│d┼éowych nie ma parametru Private ustawionego na warto┼Ť─ç true.
         Odwo┼éanie podstawowe ÔÇ×System.Buffers, Version=8.0.0.0, Culture=neutral, PublicKeyToken=cc7b13ffcd2ddd51ÔÇŁ.
             Rozpoznana ┼Ťcie┼╝ka pliku: ÔÇ×C:\Program Files\dotnet\packs\Microsoft.NETCore.App.Ref\8.0.1\ref\net8.0\System.Buffers.dllÔÇŁ.
             Znaleziono odwo┼éanie w lokalizacji ┼Ťcie┼╝ki wyszukiwania ÔÇ×{RawFileName}ÔÇŁ.
             To odwo┼éanie nie ma parametru CopyLocal, poniewa┼╝ co najmniej jeden element ┼║r├│d┼éowy ma parametr Private ustawiony na warto┼Ť─ç false, a ┼╝aden z element├│w ┼║r├│d┼éowych nie ma parametru Private ustawionego na warto┼Ť─ç true.
         Odwo┼éanie podstawowe ÔÇ×System.Collections.Concurrent, Version=8.0.0.0, Culture=neutral, PublicKeyToken=b03f5f7f11d50a3aÔÇŁ.
             Rozpoznana ┼Ťcie┼╝ka pliku: ÔÇ×C:\Program Files\dotnet\packs\Microsoft.NETCore.App.Ref\8.0.1\ref\net8.0\System.Collections.Concurrent.dllÔÇŁ.
             Znaleziono odwo┼éanie w lokalizacji ┼Ťcie┼╝ki wyszukiwania ÔÇ×{RawFileName}ÔÇŁ.
             To odwo┼éanie nie ma parametru CopyLocal, poniewa┼╝ co najmniej jeden element ┼║r├│d┼éowy ma parametr Private ustawiony na warto┼Ť─ç false, a ┼╝aden z element├│w ┼║r├│d┼éowych nie ma parametru Private ustawionego na warto┼Ť─ç true.
         Odwo┼éanie podstawowe ÔÇ×System.Collections.Immutable, Version=8.0.0.0, Culture=neutral, PublicKeyToken=b03f5f7f11d50a3aÔÇŁ.
             Rozpoznana ┼Ťcie┼╝ka pliku: ÔÇ×C:\Program Files\dotnet\packs\Microsoft.NETCore.App.Ref\8.0.1\ref\net8.0\System.Collections.Immutable.dllÔÇŁ.
             Znaleziono odwo┼éanie w lokalizacji ┼Ťcie┼╝ki wyszukiwania ÔÇ×{RawFileName}ÔÇŁ.
             To odwo┼éanie nie ma parametru CopyLocal, poniewa┼╝ co najmniej jeden element ┼║r├│d┼éowy ma parametr Private ustawiony na warto┼Ť─ç false, a ┼╝aden z element├│w ┼║r├│d┼éowych nie ma parametru Private ustawionego na warto┼Ť─ç true.
         Odwo┼éanie podstawowe ÔÇ×System.Collections.NonGeneric, Version=8.0.0.0, Culture=neutral, PublicKeyToken=b03f5f7f11d50a3aÔÇŁ.
             Rozpoznana ┼Ťcie┼╝ka pliku: ÔÇ×C:\Program Files\dotnet\packs\Microsoft.NETCore.App.Ref\8.0.1\ref\net8.0\System.Collections.NonGeneric.dllÔÇŁ.
             Znaleziono odwo┼éanie w lokalizacji ┼Ťcie┼╝ki wyszukiwania ÔÇ×{RawFileName}ÔÇŁ.
             To odwo┼éanie nie ma parametru CopyLocal, poniewa┼╝ co najmniej jeden element ┼║r├│d┼éowy ma parametr Private ustawiony na warto┼Ť─ç false, a ┼╝aden z element├│w ┼║r├│d┼éowych nie ma parametru Private ustawionego na warto┼Ť─ç true.
         Odwo┼éanie podstawowe ÔÇ×System.Collections.Specialized, Version=8.0.0.0, Culture=neutral, PublicKeyToken=b03f5f7f11d50a3aÔÇŁ.
             Rozpoznana ┼Ťcie┼╝ka pliku: ÔÇ×C:\Program Files\dotnet\packs\Microsoft.NETCore.App.Ref\8.0.1\ref\net8.0\System.Collections.Specialized.dllÔÇŁ.
             Znaleziono odwo┼éanie w lokalizacji ┼Ťcie┼╝ki wyszukiwania ÔÇ×{RawFileName}ÔÇŁ.
             To odwo┼éanie nie ma parametru CopyLocal, poniewa┼╝ co najmniej jeden element ┼║r├│d┼éowy ma parametr Private ustawiony na warto┼Ť─ç false, a ┼╝aden z element├│w ┼║r├│d┼éowych nie ma parametru Private ustawionego na warto┼Ť─ç true.
         Odwo┼éanie podstawowe ÔÇ×System.Collections, Version=8.0.0.0, Culture=neutral, PublicKeyToken=b03f5f7f11d50a3aÔÇŁ.
             Rozpoznana ┼Ťcie┼╝ka pliku: ÔÇ×C:\Program Files\dotnet\packs\Microsoft.NETCore.App.Ref\8.0.1\ref\net8.0\System.Collections.dllÔÇŁ.
             Znaleziono odwo┼éanie w lokalizacji ┼Ťcie┼╝ki wyszukiwania ÔÇ×{RawFileName}ÔÇŁ.
             To odwo┼éanie nie ma parametru CopyLocal, poniewa┼╝ co najmniej jeden element ┼║r├│d┼éowy ma parametr Private ustawiony na warto┼Ť─ç false, a ┼╝aden z element├│w ┼║r├│d┼éowych nie ma parametru Private ustawionego na warto┼Ť─ç true.
         Odwo┼éanie podstawowe ÔÇ×System.ComponentModel.Annotations, Version=8.0.0.0, Culture=neutral, PublicKeyToken=b03f5f7f11d50a3aÔÇŁ.
             Rozpoznana ┼Ťcie┼╝ka pliku: ÔÇ×C:\Program Files\dotnet\packs\Microsoft.NETCore.App.Ref\8.0.1\ref\net8.0\System.ComponentModel.Annotations.dllÔÇŁ.
             Znaleziono odwo┼éanie w lokalizacji ┼Ťcie┼╝ki wyszukiwania ÔÇ×{RawFileName}ÔÇŁ.
             To odwo┼éanie nie ma parametru CopyLocal, poniewa┼╝ co najmniej jeden element ┼║r├│d┼éowy ma parametr Private ustawiony na warto┼Ť─ç false, a ┼╝aden z element├│w ┼║r├│d┼éowych nie ma parametru Private ustawionego na warto┼Ť─ç true.
         Odwo┼éanie podstawowe ÔÇ×System.ComponentModel.DataAnnotations, Version=4.0.0.0, Culture=neutral, PublicKeyToken=31bf3856ad364e35ÔÇŁ.
             Rozpoznana ┼Ťcie┼╝ka pliku: ÔÇ×C:\Program Files\dotnet\packs\Microsoft.NETCore.App.Ref\8.0.1\ref\net8.0\System.ComponentModel.DataAnnotations.dllÔÇŁ.
             Znaleziono odwo┼éanie w lokalizacji ┼Ťcie┼╝ki wyszukiwania ÔÇ×{RawFileName}ÔÇŁ.
             To odwo┼éanie nie ma parametru CopyLocal, poniewa┼╝ co najmniej jeden element ┼║r├│d┼éowy ma parametr Private ustawiony na warto┼Ť─ç false, a ┼╝aden z element├│w ┼║r├│d┼éowych nie ma parametru Private ustawionego na warto┼Ť─ç true.
         Odwo┼éanie podstawowe ÔÇ×System.ComponentModel.EventBasedAsync, Version=8.0.0.0, Culture=neutral, PublicKeyToken=b03f5f7f11d50a3aÔÇŁ.
             Rozpoznana ┼Ťcie┼╝ka pliku: ÔÇ×C:\Program Files\dotnet\packs\Microsoft.NETCore.App.Ref\8.0.1\ref\net8.0\System.ComponentModel.EventBasedAsync.dllÔÇŁ.
             Znaleziono odwo┼éanie w lokalizacji ┼Ťcie┼╝ki wyszukiwania ÔÇ×{RawFileName}ÔÇŁ.
             To odwo┼éanie nie ma parametru CopyLocal, poniewa┼╝ co najmniej jeden element ┼║r├│d┼éowy ma parametr Private ustawiony na warto┼Ť─ç false, a ┼╝aden z element├│w ┼║r├│d┼éowych nie ma parametru Private ustawionego na warto┼Ť─ç true.
         Odwo┼éanie podstawowe ÔÇ×System.ComponentModel.Primitives, Version=8.0.0.0, Culture=neutral, PublicKeyToken=b03f5f7f11d50a3aÔÇŁ.
             Rozpoznana ┼Ťcie┼╝ka pliku: ÔÇ×C:\Program Files\dotnet\packs\Microsoft.NETCore.App.Ref\8.0.1\ref\net8.0\System.ComponentModel.Primitives.dllÔÇŁ.
             Znaleziono odwo┼éanie w lokalizacji ┼Ťcie┼╝ki wyszukiwania ÔÇ×{RawFileName}ÔÇŁ.
             To odwo┼éanie nie ma parametru CopyLocal, poniewa┼╝ co najmniej jeden element ┼║r├│d┼éowy ma parametr Private ustawiony na warto┼Ť─ç false, a ┼╝aden z element├│w ┼║r├│d┼éowych nie ma parametru Private ustawionego na warto┼Ť─ç true.
         Odwo┼éanie podstawowe ÔÇ×System.ComponentModel.TypeConverter, Version=8.0.0.0, Culture=neutral, PublicKeyToken=b03f5f7f11d50a3aÔÇŁ.
             Rozpoznana ┼Ťcie┼╝ka pliku: ÔÇ×C:\Program Files\dotnet\packs\Microsoft.NETCore.App.Ref\8.0.1\ref\net8.0\System.ComponentModel.TypeConverter.dllÔÇŁ.
             Znaleziono odwo┼éanie w lokalizacji ┼Ťcie┼╝ki wyszukiwania ÔÇ×{RawFileName}ÔÇŁ.
             To odwo┼éanie nie ma parametru CopyLocal, poniewa┼╝ co najmniej jeden element ┼║r├│d┼éowy ma parametr Private ustawiony na warto┼Ť─ç false, a ┼╝aden z element├│w ┼║r├│d┼éowych nie ma parametru Private ustawionego na warto┼Ť─ç true.
         Odwo┼éanie podstawowe ÔÇ×System.ComponentModel, Version=8.0.0.0, Culture=neutral, PublicKeyToken=b03f5f7f11d50a3aÔÇŁ.
             Rozpoznana ┼Ťcie┼╝ka pliku: ÔÇ×C:\Program Files\dotnet\packs\Microsoft.NETCore.App.Ref\8.0.1\ref\net8.0\System.ComponentModel.dllÔÇŁ.
             Znaleziono odwo┼éanie w lokalizacji ┼Ťcie┼╝ki wyszukiwania ÔÇ×{RawFileName}ÔÇŁ.
             To odwo┼éanie nie ma parametru CopyLocal, poniewa┼╝ co najmniej jeden element ┼║r├│d┼éowy ma parametr Private ustawiony na warto┼Ť─ç false, a ┼╝aden z element├│w ┼║r├│d┼éowych nie ma parametru Private ustawionego na warto┼Ť─ç true.
         Odwo┼éanie podstawowe ÔÇ×System.Configuration, Version=4.0.0.0, Culture=neutral, PublicKeyToken=b03f5f7f11d50a3aÔÇŁ.
             Rozpoznana ┼Ťcie┼╝ka pliku: ÔÇ×C:\Program Files\dotnet\packs\Microsoft.NETCore.App.Ref\8.0.1\ref\net8.0\System.Configuration.dllÔÇŁ.
             Znaleziono odwo┼éanie w lokalizacji ┼Ťcie┼╝ki wyszukiwania ÔÇ×{RawFileName}ÔÇŁ.
             To odwo┼éanie nie ma parametru CopyLocal, poniewa┼╝ co najmniej jeden element ┼║r├│d┼éowy ma parametr Private ustawiony na warto┼Ť─ç false, a ┼╝aden z element├│w ┼║r├│d┼éowych nie ma parametru Private ustawionego na warto┼Ť─ç true.
         Odwo┼éanie podstawowe ÔÇ×System.Console, Version=8.0.0.0, Culture=neutral, PublicKeyToken=b03f5f7f11d50a3aÔÇŁ.
             Rozpoznana ┼Ťcie┼╝ka pliku: ÔÇ×C:\Program Files\dotnet\packs\Microsoft.NETCore.App.Ref\8.0.1\ref\net8.0\System.Console.dllÔÇŁ.
             Znaleziono odwo┼éanie w lokalizacji ┼Ťcie┼╝ki wyszukiwania ÔÇ×{RawFileName}ÔÇŁ.
             To odwo┼éanie nie ma parametru CopyLocal, poniewa┼╝ co najmniej jeden element ┼║r├│d┼éowy ma parametr Private ustawiony na warto┼Ť─ç false, a ┼╝aden z element├│w ┼║r├│d┼éowych nie ma parametru Private ustawionego na warto┼Ť─ç true.
         Odwo┼éanie podstawowe ÔÇ×System.Core, Version=4.0.0.0, Culture=neutral, PublicKeyToken=b77a5c561934e089ÔÇŁ.
             Rozpoznana ┼Ťcie┼╝ka pliku: ÔÇ×C:\Program Files\dotnet\packs\Microsoft.NETCore.App.Ref\8.0.1\ref\net8.0\System.Core.dllÔÇŁ.
             Znaleziono odwo┼éanie w lokalizacji ┼Ťcie┼╝ki wyszukiwania ÔÇ×{RawFileName}ÔÇŁ.
             To odwo┼éanie nie ma parametru CopyLocal, poniewa┼╝ co najmniej jeden element ┼║r├│d┼éowy ma parametr Private ustawiony na warto┼Ť─ç false, a ┼╝aden z element├│w ┼║r├│d┼éowych nie ma parametru Private ustawionego na warto┼Ť─ç true.
         Odwo┼éanie podstawowe ÔÇ×System.Data.Common, Version=8.0.0.0, Culture=neutral, PublicKeyToken=b03f5f7f11d50a3aÔÇŁ.
             Rozpoznana ┼Ťcie┼╝ka pliku: ÔÇ×C:\Program Files\dotnet\packs\Microsoft.NETCore.App.Ref\8.0.1\ref\net8.0\System.Data.Common.dllÔÇŁ.
             Znaleziono odwo┼éanie w lokalizacji ┼Ťcie┼╝ki wyszukiwania ÔÇ×{RawFileName}ÔÇŁ.
             To odwo┼éanie nie ma parametru CopyLocal, poniewa┼╝ co najmniej jeden element ┼║r├│d┼éowy ma parametr Private ustawiony na warto┼Ť─ç false, a ┼╝aden z element├│w ┼║r├│d┼éowych nie ma parametru Private ustawionego na warto┼Ť─ç true.
         Odwo┼éanie podstawowe ÔÇ×System.Data.DataSetExtensions, Version=8.0.0.0, Culture=neutral, PublicKeyToken=b77a5c561934e089ÔÇŁ.
             Rozpoznana ┼Ťcie┼╝ka pliku: ÔÇ×C:\Program Files\dotnet\packs\Microsoft.NETCore.App.Ref\8.0.1\ref\net8.0\System.Data.DataSetExtensions.dllÔÇŁ.
             Znaleziono odwo┼éanie w lokalizacji ┼Ťcie┼╝ki wyszukiwania ÔÇ×{RawFileName}ÔÇŁ.
             To odwo┼éanie nie ma parametru CopyLocal, poniewa┼╝ co najmniej jeden element ┼║r├│d┼éowy ma parametr Private ustawiony na warto┼Ť─ç false, a ┼╝aden z element├│w ┼║r├│d┼éowych nie ma parametru Private ustawionego na warto┼Ť─ç true.
         Odwo┼éanie podstawowe ÔÇ×System.Data, Version=4.0.0.0, Culture=neutral, PublicKeyToken=b77a5c561934e089ÔÇŁ.
             Rozpoznana ┼Ťcie┼╝ka pliku: ÔÇ×C:\Program Files\dotnet\packs\Microsoft.NETCore.App.Ref\8.0.1\ref\net8.0\System.Data.dllÔÇŁ.
             Znaleziono odwo┼éanie w lokalizacji ┼Ťcie┼╝ki wyszukiwania ÔÇ×{RawFileName}ÔÇŁ.
             To odwo┼éanie nie ma parametru CopyLocal, poniewa┼╝ co najmniej jeden element ┼║r├│d┼éowy ma parametr Private ustawiony na warto┼Ť─ç false, a ┼╝aden z element├│w ┼║r├│d┼éowych nie ma parametru Private ustawionego na warto┼Ť─ç true.
         Odwo┼éanie podstawowe ÔÇ×System.Diagnostics.Contracts, Version=8.0.0.0, Culture=neutral, PublicKeyToken=b03f5f7f11d50a3aÔÇŁ.
             Rozpoznana ┼Ťcie┼╝ka pliku: ÔÇ×C:\Program Files\dotnet\packs\Microsoft.NETCore.App.Ref\8.0.1\ref\net8.0\System.Diagnostics.Contracts.dllÔÇŁ.
             Znaleziono odwo┼éanie w lokalizacji ┼Ťcie┼╝ki wyszukiwania ÔÇ×{RawFileName}ÔÇŁ.
             To odwo┼éanie nie ma parametru CopyLocal, poniewa┼╝ co najmniej jeden element ┼║r├│d┼éowy ma parametr Private ustawiony na warto┼Ť─ç false, a ┼╝aden z element├│w ┼║r├│d┼éowych nie ma parametru Private ustawionego na warto┼Ť─ç true.
         Odwo┼éanie podstawowe ÔÇ×System.Diagnostics.Debug, Version=8.0.0.0, Culture=neutral, PublicKeyToken=b03f5f7f11d50a3aÔÇŁ.
             Rozpoznana ┼Ťcie┼╝ka pliku: ÔÇ×C:\Program Files\dotnet\packs\Microsoft.NETCore.App.Ref\8.0.1\ref\net8.0\System.Diagnostics.Debug.dllÔÇŁ.
             Znaleziono odwo┼éanie w lokalizacji ┼Ťcie┼╝ki wyszukiwania ÔÇ×{RawFileName}ÔÇŁ.
             To odwo┼éanie nie ma parametru CopyLocal, poniewa┼╝ co najmniej jeden element ┼║r├│d┼éowy ma parametr Private ustawiony na warto┼Ť─ç false, a ┼╝aden z element├│w ┼║r├│d┼éowych nie ma parametru Private ustawionego na warto┼Ť─ç true.
         Odwo┼éanie podstawowe ÔÇ×System.Diagnostics.DiagnosticSource, Version=8.0.0.0, Culture=neutral, PublicKeyToken=cc7b13ffcd2ddd51ÔÇŁ.
             Rozpoznana ┼Ťcie┼╝ka pliku: ÔÇ×C:\Program Files\dotnet\packs\Microsoft.NETCore.App.Ref\8.0.1\ref\net8.0\System.Diagnostics.DiagnosticSource.dllÔÇŁ.
             Znaleziono odwo┼éanie w lokalizacji ┼Ťcie┼╝ki wyszukiwania ÔÇ×{RawFileName}ÔÇŁ.
             To odwo┼éanie nie ma parametru CopyLocal, poniewa┼╝ co najmniej jeden element ┼║r├│d┼éowy ma parametr Private ustawiony na warto┼Ť─ç false, a ┼╝aden z element├│w ┼║r├│d┼éowych nie ma parametru Private ustawionego na warto┼Ť─ç true.
         Odwo┼éanie podstawowe ÔÇ×System.Diagnostics.FileVersionInfo, Version=8.0.0.0, Culture=neutral, PublicKeyToken=b03f5f7f11d50a3aÔÇŁ.
             Rozpoznana ┼Ťcie┼╝ka pliku: ÔÇ×C:\Program Files\dotnet\packs\Microsoft.NETCore.App.Ref\8.0.1\ref\net8.0\System.Diagnostics.FileVersionInfo.dllÔÇŁ.
             Znaleziono odwo┼éanie w lokalizacji ┼Ťcie┼╝ki wyszukiwania ÔÇ×{RawFileName}ÔÇŁ.
             To odwo┼éanie nie ma parametru CopyLocal, poniewa┼╝ co najmniej jeden element ┼║r├│d┼éowy ma parametr Private ustawiony na warto┼Ť─ç false, a ┼╝aden z element├│w ┼║r├│d┼éowych nie ma parametru Private ustawionego na warto┼Ť─ç true.
         Odwo┼éanie podstawowe ÔÇ×System.Diagnostics.Process, Version=8.0.0.0, Culture=neutral, PublicKeyToken=b03f5f7f11d50a3aÔÇŁ.
             Rozpoznana ┼Ťcie┼╝ka pliku: ÔÇ×C:\Program Files\dotnet\packs\Microsoft.NETCore.App.Ref\8.0.1\ref\net8.0\System.Diagnostics.Process.dllÔÇŁ.
             Znaleziono odwo┼éanie w lokalizacji ┼Ťcie┼╝ki wyszukiwania ÔÇ×{RawFileName}ÔÇŁ.
             To odwo┼éanie nie ma parametru CopyLocal, poniewa┼╝ co najmniej jeden element ┼║r├│d┼éowy ma parametr Private ustawiony na warto┼Ť─ç false, a ┼╝aden z element├│w ┼║r├│d┼éowych nie ma parametru Private ustawionego na warto┼Ť─ç true.
         Odwo┼éanie podstawowe ÔÇ×System.Diagnostics.StackTrace, Version=8.0.0.0, Culture=neutral, PublicKeyToken=b03f5f7f11d50a3aÔÇŁ.
             Rozpoznana ┼Ťcie┼╝ka pliku: ÔÇ×C:\Program Files\dotnet\packs\Microsoft.NETCore.App.Ref\8.0.1\ref\net8.0\System.Diagnostics.StackTrace.dllÔÇŁ.
             Znaleziono odwo┼éanie w lokalizacji ┼Ťcie┼╝ki wyszukiwania ÔÇ×{RawFileName}ÔÇŁ.
             To odwo┼éanie nie ma parametru CopyLocal, poniewa┼╝ co najmniej jeden element ┼║r├│d┼éowy ma parametr Private ustawiony na warto┼Ť─ç false, a ┼╝aden z element├│w ┼║r├│d┼éowych nie ma parametru Private ustawionego na warto┼Ť─ç true.
         Odwo┼éanie podstawowe ÔÇ×System.Diagnostics.TextWriterTraceListener, Version=8.0.0.0, Culture=neutral, PublicKeyToken=b03f5f7f11d50a3aÔÇŁ.
             Rozpoznana ┼Ťcie┼╝ka pliku: ÔÇ×C:\Program Files\dotnet\packs\Microsoft.NETCore.App.Ref\8.0.1\ref\net8.0\System.Diagnostics.TextWriterTraceListener.dllÔÇŁ.
             Znaleziono odwo┼éanie w lokalizacji ┼Ťcie┼╝ki wyszukiwania ÔÇ×{RawFileName}ÔÇŁ.
             To odwo┼éanie nie ma parametru CopyLocal, poniewa┼╝ co najmniej jeden element ┼║r├│d┼éowy ma parametr Private ustawiony na warto┼Ť─ç false, a ┼╝aden z element├│w ┼║r├│d┼éowych nie ma parametru Private ustawionego na warto┼Ť─ç true.
         Odwo┼éanie podstawowe ÔÇ×System.Diagnostics.Tools, Version=8.0.0.0, Culture=neutral, PublicKeyToken=b03f5f7f11d50a3aÔÇŁ.
             Rozpoznana ┼Ťcie┼╝ka pliku: ÔÇ×C:\Program Files\dotnet\packs\Microsoft.NETCore.App.Ref\8.0.1\ref\net8.0\System.Diagnostics.Tools.dllÔÇŁ.
             Znaleziono odwo┼éanie w lokalizacji ┼Ťcie┼╝ki wyszukiwania ÔÇ×{RawFileName}ÔÇŁ.
             To odwo┼éanie nie ma parametru CopyLocal, poniewa┼╝ co najmniej jeden element ┼║r├│d┼éowy ma parametr Private ustawiony na warto┼Ť─ç false, a ┼╝aden z element├│w ┼║r├│d┼éowych nie ma parametru Private ustawionego na warto┼Ť─ç true.
         Odwo┼éanie podstawowe ÔÇ×System.Diagnostics.TraceSource, Version=8.0.0.0, Culture=neutral, PublicKeyToken=b03f5f7f11d50a3aÔÇŁ.
             Rozpoznana ┼Ťcie┼╝ka pliku: ÔÇ×C:\Program Files\dotnet\packs\Microsoft.NETCore.App.Ref\8.0.1\ref\net8.0\System.Diagnostics.TraceSource.dllÔÇŁ.
             Znaleziono odwo┼éanie w lokalizacji ┼Ťcie┼╝ki wyszukiwania ÔÇ×{RawFileName}ÔÇŁ.
             To odwo┼éanie nie ma parametru CopyLocal, poniewa┼╝ co najmniej jeden element ┼║r├│d┼éowy ma parametr Private ustawiony na warto┼Ť─ç false, a ┼╝aden z element├│w ┼║r├│d┼éowych nie ma parametru Private ustawionego na warto┼Ť─ç true.
         Odwo┼éanie podstawowe ÔÇ×System.Diagnostics.Tracing, Version=8.0.0.0, Culture=neutral, PublicKeyToken=b03f5f7f11d50a3aÔÇŁ.
             Rozpoznana ┼Ťcie┼╝ka pliku: ÔÇ×C:\Program Files\dotnet\packs\Microsoft.NETCore.App.Ref\8.0.1\ref\net8.0\System.Diagnostics.Tracing.dllÔÇŁ.
             Znaleziono odwo┼éanie w lokalizacji ┼Ťcie┼╝ki wyszukiwania ÔÇ×{RawFileName}ÔÇŁ.
             To odwo┼éanie nie ma parametru CopyLocal, poniewa┼╝ co najmniej jeden element ┼║r├│d┼éowy ma parametr Private ustawiony na warto┼Ť─ç false, a ┼╝aden z element├│w ┼║r├│d┼éowych nie ma parametru Private ustawionego na warto┼Ť─ç true.
         Odwo┼éanie podstawowe ÔÇ×System.Drawing.Primitives, Version=8.0.0.0, Culture=neutral, PublicKeyToken=b03f5f7f11d50a3aÔÇŁ.
             Rozpoznana ┼Ťcie┼╝ka pliku: ÔÇ×C:\Program Files\dotnet\packs\Microsoft.NETCore.App.Ref\8.0.1\ref\net8.0\System.Drawing.Primitives.dllÔÇŁ.
             Znaleziono odwo┼éanie w lokalizacji ┼Ťcie┼╝ki wyszukiwania ÔÇ×{RawFileName}ÔÇŁ.
             To odwo┼éanie nie ma parametru CopyLocal, poniewa┼╝ co najmniej jeden element ┼║r├│d┼éowy ma parametr Private ustawiony na warto┼Ť─ç false, a ┼╝aden z element├│w ┼║r├│d┼éowych nie ma parametru Private ustawionego na warto┼Ť─ç true.
         Odwo┼éanie podstawowe ÔÇ×System.Drawing, Version=4.0.0.0, Culture=neutral, PublicKeyToken=b03f5f7f11d50a3aÔÇŁ.
             Rozpoznana ┼Ťcie┼╝ka pliku: ÔÇ×C:\Program Files\dotnet\packs\Microsoft.NETCore.App.Ref\8.0.1\ref\net8.0\System.Drawing.dllÔÇŁ.
             Znaleziono odwo┼éanie w lokalizacji ┼Ťcie┼╝ki wyszukiwania ÔÇ×{RawFileName}ÔÇŁ.
             To odwo┼éanie nie ma parametru CopyLocal, poniewa┼╝ co najmniej jeden element ┼║r├│d┼éowy ma parametr Private ustawiony na warto┼Ť─ç false, a ┼╝aden z element├│w ┼║r├│d┼éowych nie ma parametru Private ustawionego na warto┼Ť─ç true.
         Odwo┼éanie podstawowe ÔÇ×System.Dynamic.Runtime, Version=8.0.0.0, Culture=neutral, PublicKeyToken=b03f5f7f11d50a3aÔÇŁ.
             Rozpoznana ┼Ťcie┼╝ka pliku: ÔÇ×C:\Program Files\dotnet\packs\Microsoft.NETCore.App.Ref\8.0.1\ref\net8.0\System.Dynamic.Runtime.dllÔÇŁ.
             Znaleziono odwo┼éanie w lokalizacji ┼Ťcie┼╝ki wyszukiwania ÔÇ×{RawFileName}ÔÇŁ.
             To odwo┼éanie nie ma parametru CopyLocal, poniewa┼╝ co najmniej jeden element ┼║r├│d┼éowy ma parametr Private ustawiony na warto┼Ť─ç false, a ┼╝aden z element├│w ┼║r├│d┼éowych nie ma parametru Private ustawionego na warto┼Ť─ç true.
         Odwo┼éanie podstawowe ÔÇ×System.Formats.Asn1, Version=8.0.0.0, Culture=neutral, PublicKeyToken=cc7b13ffcd2ddd51ÔÇŁ.
             Rozpoznana ┼Ťcie┼╝ka pliku: ÔÇ×C:\Program Files\dotnet\packs\Microsoft.NETCore.App.Ref\8.0.1\ref\net8.0\System.Formats.Asn1.dllÔÇŁ.
             Znaleziono odwo┼éanie w lokalizacji ┼Ťcie┼╝ki wyszukiwania ÔÇ×{RawFileName}ÔÇŁ.
             To odwo┼éanie nie ma parametru CopyLocal, poniewa┼╝ co najmniej jeden element ┼║r├│d┼éowy ma parametr Private ustawiony na warto┼Ť─ç false, a ┼╝aden z element├│w ┼║r├│d┼éowych nie ma parametru Private ustawionego na warto┼Ť─ç true.
         Odwo┼éanie podstawowe ÔÇ×System.Formats.Tar, Version=8.0.0.0, Culture=neutral, PublicKeyToken=cc7b13ffcd2ddd51ÔÇŁ.
             Rozpoznana ┼Ťcie┼╝ka pliku: ÔÇ×C:\Program Files\dotnet\packs\Microsoft.NETCore.App.Ref\8.0.1\ref\net8.0\System.Formats.Tar.dllÔÇŁ.
             Znaleziono odwo┼éanie w lokalizacji ┼Ťcie┼╝ki wyszukiwania ÔÇ×{RawFileName}ÔÇŁ.
             To odwo┼éanie nie ma parametru CopyLocal, poniewa┼╝ co najmniej jeden element ┼║r├│d┼éowy ma parametr Private ustawiony na warto┼Ť─ç false, a ┼╝aden z element├│w ┼║r├│d┼éowych nie ma parametru Private ustawionego na warto┼Ť─ç true.
         Odwo┼éanie podstawowe ÔÇ×System.Globalization.Calendars, Version=8.0.0.0, Culture=neutral, PublicKeyToken=b03f5f7f11d50a3aÔÇŁ.
             Rozpoznana ┼Ťcie┼╝ka pliku: ÔÇ×C:\Program Files\dotnet\packs\Microsoft.NETCore.App.Ref\8.0.1\ref\net8.0\System.Globalization.Calendars.dllÔÇŁ.
             Znaleziono odwo┼éanie w lokalizacji ┼Ťcie┼╝ki wyszukiwania ÔÇ×{RawFileName}ÔÇŁ.
             To odwo┼éanie nie ma parametru CopyLocal, poniewa┼╝ co najmniej jeden element ┼║r├│d┼éowy ma parametr Private ustawiony na warto┼Ť─ç false, a ┼╝aden z element├│w ┼║r├│d┼éowych nie ma parametru Private ustawionego na warto┼Ť─ç true.
         Odwo┼éanie podstawowe ÔÇ×System.Globalization.Extensions, Version=8.0.0.0, Culture=neutral, PublicKeyToken=b03f5f7f11d50a3aÔÇŁ.
             Rozpoznana ┼Ťcie┼╝ka pliku: ÔÇ×C:\Program Files\dotnet\packs\Microsoft.NETCore.App.Ref\8.0.1\ref\net8.0\System.Globalization.Extensions.dllÔÇŁ.
             Znaleziono odwo┼éanie w lokalizacji ┼Ťcie┼╝ki wyszukiwania ÔÇ×{RawFileName}ÔÇŁ.
             To odwo┼éanie nie ma parametru CopyLocal, poniewa┼╝ co najmniej jeden element ┼║r├│d┼éowy ma parametr Private ustawiony na warto┼Ť─ç false, a ┼╝aden z element├│w ┼║r├│d┼éowych nie ma parametru Private ustawionego na warto┼Ť─ç true.
         Odwo┼éanie podstawowe ÔÇ×System.Globalization, Version=8.0.0.0, Culture=neutral, PublicKeyToken=b03f5f7f11d50a3aÔÇŁ.
             Rozpoznana ┼Ťcie┼╝ka pliku: ÔÇ×C:\Program Files\dotnet\packs\Microsoft.NETCore.App.Ref\8.0.1\ref\net8.0\System.Globalization.dllÔÇŁ.
             Znaleziono odwo┼éanie w lokalizacji ┼Ťcie┼╝ki wyszukiwania ÔÇ×{RawFileName}ÔÇŁ.
             To odwo┼éanie nie ma parametru CopyLocal, poniewa┼╝ co najmniej jeden element ┼║r├│d┼éowy ma parametr Private ustawiony na warto┼Ť─ç false, a ┼╝aden z element├│w ┼║r├│d┼éowych nie ma parametru Private ustawionego na warto┼Ť─ç true.
         Odwo┼éanie podstawowe ÔÇ×System.IO.Compression.Brotli, Version=8.0.0.0, Culture=neutral, PublicKeyToken=b77a5c561934e089ÔÇŁ.
             Rozpoznana ┼Ťcie┼╝ka pliku: ÔÇ×C:\Program Files\dotnet\packs\Microsoft.NETCore.App.Ref\8.0.1\ref\net8.0\System.IO.Compression.Brotli.dllÔÇŁ.
             Znaleziono odwo┼éanie w lokalizacji ┼Ťcie┼╝ki wyszukiwania ÔÇ×{RawFileName}ÔÇŁ.
             To odwo┼éanie nie ma parametru CopyLocal, poniewa┼╝ co najmniej jeden element ┼║r├│d┼éowy ma parametr Private ustawiony na warto┼Ť─ç false, a ┼╝aden z element├│w ┼║r├│d┼éowych nie ma parametru Private ustawionego na warto┼Ť─ç true.
         Odwo┼éanie podstawowe ÔÇ×System.IO.Compression.FileSystem, Version=4.0.0.0, Culture=neutral, PublicKeyToken=b77a5c561934e089ÔÇŁ.
             Rozpoznana ┼Ťcie┼╝ka pliku: ÔÇ×C:\Program Files\dotnet\packs\Microsoft.NETCore.App.Ref\8.0.1\ref\net8.0\System.IO.Compression.FileSystem.dllÔÇŁ.
             Znaleziono odwo┼éanie w lokalizacji ┼Ťcie┼╝ki wyszukiwania ÔÇ×{RawFileName}ÔÇŁ.
             To odwo┼éanie nie ma parametru CopyLocal, poniewa┼╝ co najmniej jeden element ┼║r├│d┼éowy ma parametr Private ustawiony na warto┼Ť─ç false, a ┼╝aden z element├│w ┼║r├│d┼éowych nie ma parametru Private ustawionego na warto┼Ť─ç true.
         Odwo┼éanie podstawowe ÔÇ×System.IO.Compression.ZipFile, Version=8.0.0.0, Culture=neutral, PublicKeyToken=b77a5c561934e089ÔÇŁ.
             Rozpoznana ┼Ťcie┼╝ka pliku: ÔÇ×C:\Program Files\dotnet\packs\Microsoft.NETCore.App.Ref\8.0.1\ref\net8.0\System.IO.Compression.ZipFile.dllÔÇŁ.
             Znaleziono odwo┼éanie w lokalizacji ┼Ťcie┼╝ki wyszukiwania ÔÇ×{RawFileName}ÔÇŁ.
             To odwo┼éanie nie ma parametru CopyLocal, poniewa┼╝ co najmniej jeden element ┼║r├│d┼éowy ma parametr Private ustawiony na warto┼Ť─ç false, a ┼╝aden z element├│w ┼║r├│d┼éowych nie ma parametru Private ustawionego na warto┼Ť─ç true.
         Odwo┼éanie podstawowe ÔÇ×System.IO.Compression, Version=8.0.0.0, Culture=neutral, PublicKeyToken=b77a5c561934e089ÔÇŁ.
             Rozpoznana ┼Ťcie┼╝ka pliku: ÔÇ×C:\Program Files\dotnet\packs\Microsoft.NETCore.App.Ref\8.0.1\ref\net8.0\System.IO.Compression.dllÔÇŁ.
             Znaleziono odwo┼éanie w lokalizacji ┼Ťcie┼╝ki wyszukiwania ÔÇ×{RawFileName}ÔÇŁ.
             To odwo┼éanie nie ma parametru CopyLocal, poniewa┼╝ co najmniej jeden element ┼║r├│d┼éowy ma parametr Private ustawiony na warto┼Ť─ç false, a ┼╝aden z element├│w ┼║r├│d┼éowych nie ma parametru Private ustawionego na warto┼Ť─ç true.
         Odwo┼éanie podstawowe ÔÇ×System.IO.FileSystem.AccessControl, Version=8.0.0.0, Culture=neutral, PublicKeyToken=b03f5f7f11d50a3aÔÇŁ.
             Rozpoznana ┼Ťcie┼╝ka pliku: ÔÇ×C:\Program Files\dotnet\packs\Microsoft.NETCore.App.Ref\8.0.1\ref\net8.0\System.IO.FileSystem.AccessControl.dllÔÇŁ.
             Znaleziono odwo┼éanie w lokalizacji ┼Ťcie┼╝ki wyszukiwania ÔÇ×{RawFileName}ÔÇŁ.
             To odwo┼éanie nie ma parametru CopyLocal, poniewa┼╝ co najmniej jeden element ┼║r├│d┼éowy ma parametr Private ustawiony na warto┼Ť─ç false, a ┼╝aden z element├│w ┼║r├│d┼éowych nie ma parametru Private ustawionego na warto┼Ť─ç true.
         Odwo┼éanie podstawowe ÔÇ×System.IO.FileSystem.DriveInfo, Version=8.0.0.0, Culture=neutral, PublicKeyToken=b03f5f7f11d50a3aÔÇŁ.
             Rozpoznana ┼Ťcie┼╝ka pliku: ÔÇ×C:\Program Files\dotnet\packs\Microsoft.NETCore.App.Ref\8.0.1\ref\net8.0\System.IO.FileSystem.DriveInfo.dllÔÇŁ.
             Znaleziono odwo┼éanie w lokalizacji ┼Ťcie┼╝ki wyszukiwania ÔÇ×{RawFileName}ÔÇŁ.
             To odwo┼éanie nie ma parametru CopyLocal, poniewa┼╝ co najmniej jeden element ┼║r├│d┼éowy ma parametr Private ustawiony na warto┼Ť─ç false, a ┼╝aden z element├│w ┼║r├│d┼éowych nie ma parametru Private ustawionego na warto┼Ť─ç true.
         Odwo┼éanie podstawowe ÔÇ×System.IO.FileSystem.Primitives, Version=8.0.0.0, Culture=neutral, PublicKeyToken=b03f5f7f11d50a3aÔÇŁ.
             Rozpoznana ┼Ťcie┼╝ka pliku: ÔÇ×C:\Program Files\dotnet\packs\Microsoft.NETCore.App.Ref\8.0.1\ref\net8.0\System.IO.FileSystem.Primitives.dllÔÇŁ.
             Znaleziono odwo┼éanie w lokalizacji ┼Ťcie┼╝ki wyszukiwania ÔÇ×{RawFileName}ÔÇŁ.
             To odwo┼éanie nie ma parametru CopyLocal, poniewa┼╝ co najmniej jeden element ┼║r├│d┼éowy ma parametr Private ustawiony na warto┼Ť─ç false, a ┼╝aden z element├│w ┼║r├│d┼éowych nie ma parametru Private ustawionego na warto┼Ť─ç true.
         Odwo┼éanie podstawowe ÔÇ×System.IO.FileSystem.Watcher, Version=8.0.0.0, Culture=neutral, PublicKeyToken=b03f5f7f11d50a3aÔÇŁ.
             Rozpoznana ┼Ťcie┼╝ka pliku: ÔÇ×C:\Program Files\dotnet\packs\Microsoft.NETCore.App.Ref\8.0.1\ref\net8.0\System.IO.FileSystem.Watcher.dllÔÇŁ.
             Znaleziono odwo┼éanie w lokalizacji ┼Ťcie┼╝ki wyszukiwania ÔÇ×{RawFileName}ÔÇŁ.
             To odwo┼éanie nie ma parametru CopyLocal, poniewa┼╝ co najmniej jeden element ┼║r├│d┼éowy ma parametr Private ustawiony na warto┼Ť─ç false, a ┼╝aden z element├│w ┼║r├│d┼éowych nie ma parametru Private ustawionego na warto┼Ť─ç true.
         Odwo┼éanie podstawowe ÔÇ×System.IO.FileSystem, Version=8.0.0.0, Culture=neutral, PublicKeyToken=b03f5f7f11d50a3aÔÇŁ.
             Rozpoznana ┼Ťcie┼╝ka pliku: ÔÇ×C:\Program Files\dotnet\packs\Microsoft.NETCore.App.Ref\8.0.1\ref\net8.0\System.IO.FileSystem.dllÔÇŁ.
             Znaleziono odwo┼éanie w lokalizacji ┼Ťcie┼╝ki wyszukiwania ÔÇ×{RawFileName}ÔÇŁ.
             To odwo┼éanie nie ma parametru CopyLocal, poniewa┼╝ co najmniej jeden element ┼║r├│d┼éowy ma parametr Private ustawiony na warto┼Ť─ç false, a ┼╝aden z element├│w ┼║r├│d┼éowych nie ma parametru Private ustawionego na warto┼Ť─ç true.
         Odwo┼éanie podstawowe ÔÇ×System.IO.IsolatedStorage, Version=8.0.0.0, Culture=neutral, PublicKeyToken=b03f5f7f11d50a3aÔÇŁ.
             Rozpoznana ┼Ťcie┼╝ka pliku: ÔÇ×C:\Program Files\dotnet\packs\Microsoft.NETCore.App.Ref\8.0.1\ref\net8.0\System.IO.IsolatedStorage.dllÔÇŁ.
             Znaleziono odwo┼éanie w lokalizacji ┼Ťcie┼╝ki wyszukiwania ÔÇ×{RawFileName}ÔÇŁ.
             To odwo┼éanie nie ma parametru CopyLocal, poniewa┼╝ co najmniej jeden element ┼║r├│d┼éowy ma parametr Private ustawiony na warto┼Ť─ç false, a ┼╝aden z element├│w ┼║r├│d┼éowych nie ma parametru Private ustawionego na warto┼Ť─ç true.
         Odwo┼éanie podstawowe ÔÇ×System.IO.MemoryMappedFiles, Version=8.0.0.0, Culture=neutral, PublicKeyToken=b03f5f7f11d50a3aÔÇŁ.
             Rozpoznana ┼Ťcie┼╝ka pliku: ÔÇ×C:\Program Files\dotnet\packs\Microsoft.NETCore.App.Ref\8.0.1\ref\net8.0\System.IO.MemoryMappedFiles.dllÔÇŁ.
             Znaleziono odwo┼éanie w lokalizacji ┼Ťcie┼╝ki wyszukiwania ÔÇ×{RawFileName}ÔÇŁ.
             To odwo┼éanie nie ma parametru CopyLocal, poniewa┼╝ co najmniej jeden element ┼║r├│d┼éowy ma parametr Private ustawiony na warto┼Ť─ç false, a ┼╝aden z element├│w ┼║r├│d┼éowych nie ma parametru Private ustawionego na warto┼Ť─ç true.
         Odwo┼éanie podstawowe ÔÇ×System.IO.Pipes.AccessControl, Version=8.0.0.0, Culture=neutral, PublicKeyToken=b03f5f7f11d50a3aÔÇŁ.
             Rozpoznana ┼Ťcie┼╝ka pliku: ÔÇ×C:\Program Files\dotnet\packs\Microsoft.NETCore.App.Ref\8.0.1\ref\net8.0\System.IO.Pipes.AccessControl.dllÔÇŁ.
             Znaleziono odwo┼éanie w lokalizacji ┼Ťcie┼╝ki wyszukiwania ÔÇ×{RawFileName}ÔÇŁ.
             To odwo┼éanie nie ma parametru CopyLocal, poniewa┼╝ co najmniej jeden element ┼║r├│d┼éowy ma parametr Private ustawiony na warto┼Ť─ç false, a ┼╝aden z element├│w ┼║r├│d┼éowych nie ma parametru Private ustawionego na warto┼Ť─ç true.
         Odwo┼éanie podstawowe ÔÇ×System.IO.Pipes, Version=8.0.0.0, Culture=neutral, PublicKeyToken=b03f5f7f11d50a3aÔÇŁ.
             Rozpoznana ┼Ťcie┼╝ka pliku: ÔÇ×C:\Program Files\dotnet\packs\Microsoft.NETCore.App.Ref\8.0.1\ref\net8.0\System.IO.Pipes.dllÔÇŁ.
             Znaleziono odwo┼éanie w lokalizacji ┼Ťcie┼╝ki wyszukiwania ÔÇ×{RawFileName}ÔÇŁ.
             To odwo┼éanie nie ma parametru CopyLocal, poniewa┼╝ co najmniej jeden element ┼║r├│d┼éowy ma parametr Private ustawiony na warto┼Ť─ç false, a ┼╝aden z element├│w ┼║r├│d┼éowych nie ma parametru Private ustawionego na warto┼Ť─ç true.
         Odwo┼éanie podstawowe ÔÇ×System.IO.UnmanagedMemoryStream, Version=8.0.0.0, Culture=neutral, PublicKeyToken=b03f5f7f11d50a3aÔÇŁ.
             Rozpoznana ┼Ťcie┼╝ka pliku: ÔÇ×C:\Program Files\dotnet\packs\Microsoft.NETCore.App.Ref\8.0.1\ref\net8.0\System.IO.UnmanagedMemoryStream.dllÔÇŁ.
             Znaleziono odwo┼éanie w lokalizacji ┼Ťcie┼╝ki wyszukiwania ÔÇ×{RawFileName}ÔÇŁ.
             To odwo┼éanie nie ma parametru CopyLocal, poniewa┼╝ co najmniej jeden element ┼║r├│d┼éowy ma parametr Private ustawiony na warto┼Ť─ç false, a ┼╝aden z element├│w ┼║r├│d┼éowych nie ma parametru Private ustawionego na warto┼Ť─ç true.
         Odwo┼éanie podstawowe ÔÇ×System.IO, Version=8.0.0.0, Culture=neutral, PublicKeyToken=b03f5f7f11d50a3aÔÇŁ.
             Rozpoznana ┼Ťcie┼╝ka pliku: ÔÇ×C:\Program Files\dotnet\packs\Microsoft.NETCore.App.Ref\8.0.1\ref\net8.0\System.IO.dllÔÇŁ.
             Znaleziono odwo┼éanie w lokalizacji ┼Ťcie┼╝ki wyszukiwania ÔÇ×{RawFileName}ÔÇŁ.
             To odwo┼éanie nie ma parametru CopyLocal, poniewa┼╝ co najmniej jeden element ┼║r├│d┼éowy ma parametr Private ustawiony na warto┼Ť─ç false, a ┼╝aden z element├│w ┼║r├│d┼éowych nie ma parametru Private ustawionego na warto┼Ť─ç true.
         Odwo┼éanie podstawowe ÔÇ×System.Linq.Expressions, Version=8.0.0.0, Culture=neutral, PublicKeyToken=b03f5f7f11d50a3aÔÇŁ.
             Rozpoznana ┼Ťcie┼╝ka pliku: ÔÇ×C:\Program Files\dotnet\packs\Microsoft.NETCore.App.Ref\8.0.1\ref\net8.0\System.Linq.Expressions.dllÔÇŁ.
             Znaleziono odwo┼éanie w lokalizacji ┼Ťcie┼╝ki wyszukiwania ÔÇ×{RawFileName}ÔÇŁ.
             To odwo┼éanie nie ma parametru CopyLocal, poniewa┼╝ co najmniej jeden element ┼║r├│d┼éowy ma parametr Private ustawiony na warto┼Ť─ç false, a ┼╝aden z element├│w ┼║r├│d┼éowych nie ma parametru Private ustawionego na warto┼Ť─ç true.
         Odwo┼éanie podstawowe ÔÇ×System.Linq.Parallel, Version=8.0.0.0, Culture=neutral, PublicKeyToken=b03f5f7f11d50a3aÔÇŁ.
             Rozpoznana ┼Ťcie┼╝ka pliku: ÔÇ×C:\Program Files\dotnet\packs\Microsoft.NETCore.App.Ref\8.0.1\ref\net8.0\System.Linq.Parallel.dllÔÇŁ.
             Znaleziono odwo┼éanie w lokalizacji ┼Ťcie┼╝ki wyszukiwania ÔÇ×{RawFileName}ÔÇŁ.
             To odwo┼éanie nie ma parametru CopyLocal, poniewa┼╝ co najmniej jeden element ┼║r├│d┼éowy ma parametr Private ustawiony na warto┼Ť─ç false, a ┼╝aden z element├│w ┼║r├│d┼éowych nie ma parametru Private ustawionego na warto┼Ť─ç true.
         Odwo┼éanie podstawowe ÔÇ×System.Linq.Queryable, Version=8.0.0.0, Culture=neutral, PublicKeyToken=b03f5f7f11d50a3aÔÇŁ.
             Rozpoznana ┼Ťcie┼╝ka pliku: ÔÇ×C:\Program Files\dotnet\packs\Microsoft.NETCore.App.Ref\8.0.1\ref\net8.0\System.Linq.Queryable.dllÔÇŁ.
             Znaleziono odwo┼éanie w lokalizacji ┼Ťcie┼╝ki wyszukiwania ÔÇ×{RawFileName}ÔÇŁ.
             To odwo┼éanie nie ma parametru CopyLocal, poniewa┼╝ co najmniej jeden element ┼║r├│d┼éowy ma parametr Private ustawiony na warto┼Ť─ç false, a ┼╝aden z element├│w ┼║r├│d┼éowych nie ma parametru Private ustawionego na warto┼Ť─ç true.
         Odwo┼éanie podstawowe ÔÇ×System.Linq, Version=8.0.0.0, Culture=neutral, PublicKeyToken=b03f5f7f11d50a3aÔÇŁ.
             Rozpoznana ┼Ťcie┼╝ka pliku: ÔÇ×C:\Program Files\dotnet\packs\Microsoft.NETCore.App.Ref\8.0.1\ref\net8.0\System.Linq.dllÔÇŁ.
             Znaleziono odwo┼éanie w lokalizacji ┼Ťcie┼╝ki wyszukiwania ÔÇ×{RawFileName}ÔÇŁ.
             To odwo┼éanie nie ma parametru CopyLocal, poniewa┼╝ co najmniej jeden element ┼║r├│d┼éowy ma parametr Private ustawiony na warto┼Ť─ç false, a ┼╝aden z element├│w ┼║r├│d┼éowych nie ma parametru Private ustawionego na warto┼Ť─ç true.
         Odwo┼éanie podstawowe ÔÇ×System.Memory, Version=8.0.0.0, Culture=neutral, PublicKeyToken=cc7b13ffcd2ddd51ÔÇŁ.
             Rozpoznana ┼Ťcie┼╝ka pliku: ÔÇ×C:\Program Files\dotnet\packs\Microsoft.NETCore.App.Ref\8.0.1\ref\net8.0\System.Memory.dllÔÇŁ.
             Znaleziono odwo┼éanie w lokalizacji ┼Ťcie┼╝ki wyszukiwania ÔÇ×{RawFileName}ÔÇŁ.
             To odwo┼éanie nie ma parametru CopyLocal, poniewa┼╝ co najmniej jeden element ┼║r├│d┼éowy ma parametr Private ustawiony na warto┼Ť─ç false, a ┼╝aden z element├│w ┼║r├│d┼éowych nie ma parametru Private ustawionego na warto┼Ť─ç true.
         Odwo┼éanie podstawowe ÔÇ×System.Net.Http.Json, Version=8.0.0.0, Culture=neutral, PublicKeyToken=cc7b13ffcd2ddd51ÔÇŁ.
             Rozpoznana ┼Ťcie┼╝ka pliku: ÔÇ×C:\Program Files\dotnet\packs\Microsoft.NETCore.App.Ref\8.0.1\ref\net8.0\System.Net.Http.Json.dllÔÇŁ.
             Znaleziono odwo┼éanie w lokalizacji ┼Ťcie┼╝ki wyszukiwania ÔÇ×{RawFileName}ÔÇŁ.
             To odwo┼éanie nie ma parametru CopyLocal, poniewa┼╝ co najmniej jeden element ┼║r├│d┼éowy ma parametr Private ustawiony na warto┼Ť─ç false, a ┼╝aden z element├│w ┼║r├│d┼éowych nie ma parametru Private ustawionego na warto┼Ť─ç true.
         Odwo┼éanie podstawowe ÔÇ×System.Net.Http, Version=8.0.0.0, Culture=neutral, PublicKeyToken=b03f5f7f11d50a3aÔÇŁ.
             Rozpoznana ┼Ťcie┼╝ka pliku: ÔÇ×C:\Program Files\dotnet\packs\Microsoft.NETCore.App.Ref\8.0.1\ref\net8.0\System.Net.Http.dllÔÇŁ.
             Znaleziono odwo┼éanie w lokalizacji ┼Ťcie┼╝ki wyszukiwania ÔÇ×{RawFileName}ÔÇŁ.
             To odwo┼éanie nie ma parametru CopyLocal, poniewa┼╝ co najmniej jeden element ┼║r├│d┼éowy ma parametr Private ustawiony na warto┼Ť─ç false, a ┼╝aden z element├│w ┼║r├│d┼éowych nie ma parametru Private ustawionego na warto┼Ť─ç true.
         Odwo┼éanie podstawowe ÔÇ×System.Net.HttpListener, Version=8.0.0.0, Culture=neutral, PublicKeyToken=cc7b13ffcd2ddd51ÔÇŁ.
             Rozpoznana ┼Ťcie┼╝ka pliku: ÔÇ×C:\Program Files\dotnet\packs\Microsoft.NETCore.App.Ref\8.0.1\ref\net8.0\System.Net.HttpListener.dllÔÇŁ.
             Znaleziono odwo┼éanie w lokalizacji ┼Ťcie┼╝ki wyszukiwania ÔÇ×{RawFileName}ÔÇŁ.
             To odwo┼éanie nie ma parametru CopyLocal, poniewa┼╝ co najmniej jeden element ┼║r├│d┼éowy ma parametr Private ustawiony na warto┼Ť─ç false, a ┼╝aden z element├│w ┼║r├│d┼éowych nie ma parametru Private ustawionego na warto┼Ť─ç true.
         Odwo┼éanie podstawowe ÔÇ×System.Net.Mail, Version=8.0.0.0, Culture=neutral, PublicKeyToken=cc7b13ffcd2ddd51ÔÇŁ.
             Rozpoznana ┼Ťcie┼╝ka pliku: ÔÇ×C:\Program Files\dotnet\packs\Microsoft.NETCore.App.Ref\8.0.1\ref\net8.0\System.Net.Mail.dllÔÇŁ.
             Znaleziono odwo┼éanie w lokalizacji ┼Ťcie┼╝ki wyszukiwania ÔÇ×{RawFileName}ÔÇŁ.
             To odwo┼éanie nie ma parametru CopyLocal, poniewa┼╝ co najmniej jeden element ┼║r├│d┼éowy ma parametr Private ustawiony na warto┼Ť─ç false, a ┼╝aden z element├│w ┼║r├│d┼éowych nie ma parametru Private ustawionego na warto┼Ť─ç true.
         Odwo┼éanie podstawowe ÔÇ×System.Net.NameResolution, Version=8.0.0.0, Culture=neutral, PublicKeyToken=b03f5f7f11d50a3aÔÇŁ.
             Rozpoznana ┼Ťcie┼╝ka pliku: ÔÇ×C:\Program Files\dotnet\packs\Microsoft.NETCore.App.Ref\8.0.1\ref\net8.0\System.Net.NameResolution.dllÔÇŁ.
             Znaleziono odwo┼éanie w lokalizacji ┼Ťcie┼╝ki wyszukiwania ÔÇ×{RawFileName}ÔÇŁ.
             To odwo┼éanie nie ma parametru CopyLocal, poniewa┼╝ co najmniej jeden element ┼║r├│d┼éowy ma parametr Private ustawiony na warto┼Ť─ç false, a ┼╝aden z element├│w ┼║r├│d┼éowych nie ma parametru Private ustawionego na warto┼Ť─ç true.
         Odwo┼éanie podstawowe ÔÇ×System.Net.NetworkInformation, Version=8.0.0.0, Culture=neutral, PublicKeyToken=b03f5f7f11d50a3aÔÇŁ.
             Rozpoznana ┼Ťcie┼╝ka pliku: ÔÇ×C:\Program Files\dotnet\packs\Microsoft.NETCore.App.Ref\8.0.1\ref\net8.0\System.Net.NetworkInformation.dllÔÇŁ.
             Znaleziono odwo┼éanie w lokalizacji ┼Ťcie┼╝ki wyszukiwania ÔÇ×{RawFileName}ÔÇŁ.
             To odwo┼éanie nie ma parametru CopyLocal, poniewa┼╝ co najmniej jeden element ┼║r├│d┼éowy ma parametr Private ustawiony na warto┼Ť─ç false, a ┼╝aden z element├│w ┼║r├│d┼éowych nie ma parametru Private ustawionego na warto┼Ť─ç true.
         Odwo┼éanie podstawowe ÔÇ×System.Net.Ping, Version=8.0.0.0, Culture=neutral, PublicKeyToken=b03f5f7f11d50a3aÔÇŁ.
             Rozpoznana ┼Ťcie┼╝ka pliku: ÔÇ×C:\Program Files\dotnet\packs\Microsoft.NETCore.App.Ref\8.0.1\ref\net8.0\System.Net.Ping.dllÔÇŁ.
             Znaleziono odwo┼éanie w lokalizacji ┼Ťcie┼╝ki wyszukiwania ÔÇ×{RawFileName}ÔÇŁ.
             To odwo┼éanie nie ma parametru CopyLocal, poniewa┼╝ co najmniej jeden element ┼║r├│d┼éowy ma parametr Private ustawiony na warto┼Ť─ç false, a ┼╝aden z element├│w ┼║r├│d┼éowych nie ma parametru Private ustawionego na warto┼Ť─ç true.
         Odwo┼éanie podstawowe ÔÇ×System.Net.Primitives, Version=8.0.0.0, Culture=neutral, PublicKeyToken=b03f5f7f11d50a3aÔÇŁ.
             Rozpoznana ┼Ťcie┼╝ka pliku: ÔÇ×C:\Program Files\dotnet\packs\Microsoft.NETCore.App.Ref\8.0.1\ref\net8.0\System.Net.Primitives.dllÔÇŁ.
             Znaleziono odwo┼éanie w lokalizacji ┼Ťcie┼╝ki wyszukiwania ÔÇ×{RawFileName}ÔÇŁ.
             To odwo┼éanie nie ma parametru CopyLocal, poniewa┼╝ co najmniej jeden element ┼║r├│d┼éowy ma parametr Private ustawiony na warto┼Ť─ç false, a ┼╝aden z element├│w ┼║r├│d┼éowych nie ma parametru Private ustawionego na warto┼Ť─ç true.
         Odwo┼éanie podstawowe ÔÇ×System.Net.Quic, Version=8.0.0.0, Culture=neutral, PublicKeyToken=b03f5f7f11d50a3aÔÇŁ.
             Rozpoznana ┼Ťcie┼╝ka pliku: ÔÇ×C:\Program Files\dotnet\packs\Microsoft.NETCore.App.Ref\8.0.1\ref\net8.0\System.Net.Quic.dllÔÇŁ.
             Znaleziono odwo┼éanie w lokalizacji ┼Ťcie┼╝ki wyszukiwania ÔÇ×{RawFileName}ÔÇŁ.
             To odwo┼éanie nie ma parametru CopyLocal, poniewa┼╝ co najmniej jeden element ┼║r├│d┼éowy ma parametr Private ustawiony na warto┼Ť─ç false, a ┼╝aden z element├│w ┼║r├│d┼éowych nie ma parametru Private ustawionego na warto┼Ť─ç true.
         Odwo┼éanie podstawowe ÔÇ×System.Net.Requests, Version=8.0.0.0, Culture=neutral, PublicKeyToken=b03f5f7f11d50a3aÔÇŁ.
             Rozpoznana ┼Ťcie┼╝ka pliku: ÔÇ×C:\Program Files\dotnet\packs\Microsoft.NETCore.App.Ref\8.0.1\ref\net8.0\System.Net.Requests.dllÔÇŁ.
             Znaleziono odwo┼éanie w lokalizacji ┼Ťcie┼╝ki wyszukiwania ÔÇ×{RawFileName}ÔÇŁ.
             To odwo┼éanie nie ma parametru CopyLocal, poniewa┼╝ co najmniej jeden element ┼║r├│d┼éowy ma parametr Private ustawiony na warto┼Ť─ç false, a ┼╝aden z element├│w ┼║r├│d┼éowych nie ma parametru Private ustawionego na warto┼Ť─ç true.
         Odwo┼éanie podstawowe ÔÇ×System.Net.Security, Version=8.0.0.0, Culture=neutral, PublicKeyToken=b03f5f7f11d50a3aÔÇŁ.
             Rozpoznana ┼Ťcie┼╝ka pliku: ÔÇ×C:\Program Files\dotnet\packs\Microsoft.NETCore.App.Ref\8.0.1\ref\net8.0\System.Net.Security.dllÔÇŁ.
             Znaleziono odwo┼éanie w lokalizacji ┼Ťcie┼╝ki wyszukiwania ÔÇ×{RawFileName}ÔÇŁ.
             To odwo┼éanie nie ma parametru CopyLocal, poniewa┼╝ co najmniej jeden element ┼║r├│d┼éowy ma parametr Private ustawiony na warto┼Ť─ç false, a ┼╝aden z element├│w ┼║r├│d┼éowych nie ma parametru Private ustawionego na warto┼Ť─ç true.
         Odwo┼éanie podstawowe ÔÇ×System.Net.ServicePoint, Version=8.0.0.0, Culture=neutral, PublicKeyToken=cc7b13ffcd2ddd51ÔÇŁ.
             Rozpoznana ┼Ťcie┼╝ka pliku: ÔÇ×C:\Program Files\dotnet\packs\Microsoft.NETCore.App.Ref\8.0.1\ref\net8.0\System.Net.ServicePoint.dllÔÇŁ.
             Znaleziono odwo┼éanie w lokalizacji ┼Ťcie┼╝ki wyszukiwania ÔÇ×{RawFileName}ÔÇŁ.
             To odwo┼éanie nie ma parametru CopyLocal, poniewa┼╝ co najmniej jeden element ┼║r├│d┼éowy ma parametr Private ustawiony na warto┼Ť─ç false, a ┼╝aden z element├│w ┼║r├│d┼éowych nie ma parametru Private ustawionego na warto┼Ť─ç true.
         Odwo┼éanie podstawowe ÔÇ×System.Net.Sockets, Version=8.0.0.0, Culture=neutral, PublicKeyToken=b03f5f7f11d50a3aÔÇŁ.
             Rozpoznana ┼Ťcie┼╝ka pliku: ÔÇ×C:\Program Files\dotnet\packs\Microsoft.NETCore.App.Ref\8.0.1\ref\net8.0\System.Net.Sockets.dllÔÇŁ.
             Znaleziono odwo┼éanie w lokalizacji ┼Ťcie┼╝ki wyszukiwania ÔÇ×{RawFileName}ÔÇŁ.
             To odwo┼éanie nie ma parametru CopyLocal, poniewa┼╝ co najmniej jeden element ┼║r├│d┼éowy ma parametr Private ustawiony na warto┼Ť─ç false, a ┼╝aden z element├│w ┼║r├│d┼éowych nie ma parametru Private ustawionego na warto┼Ť─ç true.
         Odwo┼éanie podstawowe ÔÇ×System.Net.WebClient, Version=8.0.0.0, Culture=neutral, PublicKeyToken=cc7b13ffcd2ddd51ÔÇŁ.
             Rozpoznana ┼Ťcie┼╝ka pliku: ÔÇ×C:\Program Files\dotnet\packs\Microsoft.NETCore.App.Ref\8.0.1\ref\net8.0\System.Net.WebClient.dllÔÇŁ.
             Znaleziono odwo┼éanie w lokalizacji ┼Ťcie┼╝ki wyszukiwania ÔÇ×{RawFileName}ÔÇŁ.
             To odwo┼éanie nie ma parametru CopyLocal, poniewa┼╝ co najmniej jeden element ┼║r├│d┼éowy ma parametr Private ustawiony na warto┼Ť─ç false, a ┼╝aden z element├│w ┼║r├│d┼éowych nie ma parametru Private ustawionego na warto┼Ť─ç true.
         Odwo┼éanie podstawowe ÔÇ×System.Net.WebHeaderCollection, Version=8.0.0.0, Culture=neutral, PublicKeyToken=b03f5f7f11d50a3aÔÇŁ.
             Rozpoznana ┼Ťcie┼╝ka pliku: ÔÇ×C:\Program Files\dotnet\packs\Microsoft.NETCore.App.Ref\8.0.1\ref\net8.0\System.Net.WebHeaderCollection.dllÔÇŁ.
             Znaleziono odwo┼éanie w lokalizacji ┼Ťcie┼╝ki wyszukiwania ÔÇ×{RawFileName}ÔÇŁ.
             To odwo┼éanie nie ma parametru CopyLocal, poniewa┼╝ co najmniej jeden element ┼║r├│d┼éowy ma parametr Private ustawiony na warto┼Ť─ç false, a ┼╝aden z element├│w ┼║r├│d┼éowych nie ma parametru Private ustawionego na warto┼Ť─ç true.
         Odwo┼éanie podstawowe ÔÇ×System.Net.WebProxy, Version=8.0.0.0, Culture=neutral, PublicKeyToken=cc7b13ffcd2ddd51ÔÇŁ.
             Rozpoznana ┼Ťcie┼╝ka pliku: ÔÇ×C:\Program Files\dotnet\packs\Microsoft.NETCore.App.Ref\8.0.1\ref\net8.0\System.Net.WebProxy.dllÔÇŁ.
             Znaleziono odwo┼éanie w lokalizacji ┼Ťcie┼╝ki wyszukiwania ÔÇ×{RawFileName}ÔÇŁ.
             To odwo┼éanie nie ma parametru CopyLocal, poniewa┼╝ co najmniej jeden element ┼║r├│d┼éowy ma parametr Private ustawiony na warto┼Ť─ç false, a ┼╝aden z element├│w ┼║r├│d┼éowych nie ma parametru Private ustawionego na warto┼Ť─ç true.
         Odwo┼éanie podstawowe ÔÇ×System.Net.WebSockets.Client, Version=8.0.0.0, Culture=neutral, PublicKeyToken=b03f5f7f11d50a3aÔÇŁ.
             Rozpoznana ┼Ťcie┼╝ka pliku: ÔÇ×C:\Program Files\dotnet\packs\Microsoft.NETCore.App.Ref\8.0.1\ref\net8.0\System.Net.WebSockets.Client.dllÔÇŁ.
             Znaleziono odwo┼éanie w lokalizacji ┼Ťcie┼╝ki wyszukiwania ÔÇ×{RawFileName}ÔÇŁ.
             To odwo┼éanie nie ma parametru CopyLocal, poniewa┼╝ co najmniej jeden element ┼║r├│d┼éowy ma parametr Private ustawiony na warto┼Ť─ç false, a ┼╝aden z element├│w ┼║r├│d┼éowych nie ma parametru Private ustawionego na warto┼Ť─ç true.
         Odwo┼éanie podstawowe ÔÇ×System.Net.WebSockets, Version=8.0.0.0, Culture=neutral, PublicKeyToken=b03f5f7f11d50a3aÔÇŁ.
             Rozpoznana ┼Ťcie┼╝ka pliku: ÔÇ×C:\Program Files\dotnet\packs\Microsoft.NETCore.App.Ref\8.0.1\ref\net8.0\System.Net.WebSockets.dllÔÇŁ.
             Znaleziono odwo┼éanie w lokalizacji ┼Ťcie┼╝ki wyszukiwania ÔÇ×{RawFileName}ÔÇŁ.
             To odwo┼éanie nie ma parametru CopyLocal, poniewa┼╝ co najmniej jeden element ┼║r├│d┼éowy ma parametr Private ustawiony na warto┼Ť─ç false, a ┼╝aden z element├│w ┼║r├│d┼éowych nie ma parametru Private ustawionego na warto┼Ť─ç true.
         Odwo┼éanie podstawowe ÔÇ×System.Net, Version=4.0.0.0, Culture=neutral, PublicKeyToken=b03f5f7f11d50a3aÔÇŁ.
             Rozpoznana ┼Ťcie┼╝ka pliku: ÔÇ×C:\Program Files\dotnet\packs\Microsoft.NETCore.App.Ref\8.0.1\ref\net8.0\System.Net.dllÔÇŁ.
             Znaleziono odwo┼éanie w lokalizacji ┼Ťcie┼╝ki wyszukiwania ÔÇ×{RawFileName}ÔÇŁ.
             To odwo┼éanie nie ma parametru CopyLocal, poniewa┼╝ co najmniej jeden element ┼║r├│d┼éowy ma parametr Private ustawiony na warto┼Ť─ç false, a ┼╝aden z element├│w ┼║r├│d┼éowych nie ma parametru Private ustawionego na warto┼Ť─ç true.
         Odwo┼éanie podstawowe ÔÇ×System.Numerics.Vectors, Version=8.0.0.0, Culture=neutral, PublicKeyToken=b03f5f7f11d50a3aÔÇŁ.
             Rozpoznana ┼Ťcie┼╝ka pliku: ÔÇ×C:\Program Files\dotnet\packs\Microsoft.NETCore.App.Ref\8.0.1\ref\net8.0\System.Numerics.Vectors.dllÔÇŁ.
             Znaleziono odwo┼éanie w lokalizacji ┼Ťcie┼╝ki wyszukiwania ÔÇ×{RawFileName}ÔÇŁ.
             To odwo┼éanie nie ma parametru CopyLocal, poniewa┼╝ co najmniej jeden element ┼║r├│d┼éowy ma parametr Private ustawiony na warto┼Ť─ç false, a ┼╝aden z element├│w ┼║r├│d┼éowych nie ma parametru Private ustawionego na warto┼Ť─ç true.
         Odwo┼éanie podstawowe ÔÇ×System.Numerics, Version=4.0.0.0, Culture=neutral, PublicKeyToken=b77a5c561934e089ÔÇŁ.
             Rozpoznana ┼Ťcie┼╝ka pliku: ÔÇ×C:\Program Files\dotnet\packs\Microsoft.NETCore.App.Ref\8.0.1\ref\net8.0\System.Numerics.dllÔÇŁ.
             Znaleziono odwo┼éanie w lokalizacji ┼Ťcie┼╝ki wyszukiwania ÔÇ×{RawFileName}ÔÇŁ.
             To odwo┼éanie nie ma parametru CopyLocal, poniewa┼╝ co najmniej jeden element ┼║r├│d┼éowy ma parametr Private ustawiony na warto┼Ť─ç false, a ┼╝aden z element├│w ┼║r├│d┼éowych nie ma parametru Private ustawionego na warto┼Ť─ç true.
         Odwo┼éanie podstawowe ÔÇ×System.ObjectModel, Version=8.0.0.0, Culture=neutral, PublicKeyToken=b03f5f7f11d50a3aÔÇŁ.
             Rozpoznana ┼Ťcie┼╝ka pliku: ÔÇ×C:\Program Files\dotnet\packs\Microsoft.NETCore.App.Ref\8.0.1\ref\net8.0\System.ObjectModel.dllÔÇŁ.
             Znaleziono odwo┼éanie w lokalizacji ┼Ťcie┼╝ki wyszukiwania ÔÇ×{RawFileName}ÔÇŁ.
             To odwo┼éanie nie ma parametru CopyLocal, poniewa┼╝ co najmniej jeden element ┼║r├│d┼éowy ma parametr Private ustawiony na warto┼Ť─ç false, a ┼╝aden z element├│w ┼║r├│d┼éowych nie ma parametru Private ustawionego na warto┼Ť─ç true.
         Odwo┼éanie podstawowe ÔÇ×System.Reflection.DispatchProxy, Version=8.0.0.0, Culture=neutral, PublicKeyToken=b03f5f7f11d50a3aÔÇŁ.
             Rozpoznana ┼Ťcie┼╝ka pliku: ÔÇ×C:\Program Files\dotnet\packs\Microsoft.NETCore.App.Ref\8.0.1\ref\net8.0\System.Reflection.DispatchProxy.dllÔÇŁ.
             Znaleziono odwo┼éanie w lokalizacji ┼Ťcie┼╝ki wyszukiwania ÔÇ×{RawFileName}ÔÇŁ.
             To odwo┼éanie nie ma parametru CopyLocal, poniewa┼╝ co najmniej jeden element ┼║r├│d┼éowy ma parametr Private ustawiony na warto┼Ť─ç false, a ┼╝aden z element├│w ┼║r├│d┼éowych nie ma parametru Private ustawionego na warto┼Ť─ç true.
         Odwo┼éanie podstawowe ÔÇ×System.Reflection.Emit.ILGeneration, Version=8.0.0.0, Culture=neutral, PublicKeyToken=b03f5f7f11d50a3aÔÇŁ.
             Rozpoznana ┼Ťcie┼╝ka pliku: ÔÇ×C:\Program Files\dotnet\packs\Microsoft.NETCore.App.Ref\8.0.1\ref\net8.0\System.Reflection.Emit.ILGeneration.dllÔÇŁ.
             Znaleziono odwo┼éanie w lokalizacji ┼Ťcie┼╝ki wyszukiwania ÔÇ×{RawFileName}ÔÇŁ.
             To odwo┼éanie nie ma parametru CopyLocal, poniewa┼╝ co najmniej jeden element ┼║r├│d┼éowy ma parametr Private ustawiony na warto┼Ť─ç false, a ┼╝aden z element├│w ┼║r├│d┼éowych nie ma parametru Private ustawionego na warto┼Ť─ç true.
         Odwo┼éanie podstawowe ÔÇ×System.Reflection.Emit.Lightweight, Version=8.0.0.0, Culture=neutral, PublicKeyToken=b03f5f7f11d50a3aÔÇŁ.
             Rozpoznana ┼Ťcie┼╝ka pliku: ÔÇ×C:\Program Files\dotnet\packs\Microsoft.NETCore.App.Ref\8.0.1\ref\net8.0\System.Reflection.Emit.Lightweight.dllÔÇŁ.
             Znaleziono odwo┼éanie w lokalizacji ┼Ťcie┼╝ki wyszukiwania ÔÇ×{RawFileName}ÔÇŁ.
             To odwo┼éanie nie ma parametru CopyLocal, poniewa┼╝ co najmniej jeden element ┼║r├│d┼éowy ma parametr Private ustawiony na warto┼Ť─ç false, a ┼╝aden z element├│w ┼║r├│d┼éowych nie ma parametru Private ustawionego na warto┼Ť─ç true.
         Odwo┼éanie podstawowe ÔÇ×System.Reflection.Emit, Version=8.0.0.0, Culture=neutral, PublicKeyToken=b03f5f7f11d50a3aÔÇŁ.
             Rozpoznana ┼Ťcie┼╝ka pliku: ÔÇ×C:\Program Files\dotnet\packs\Microsoft.NETCore.App.Ref\8.0.1\ref\net8.0\System.Reflection.Emit.dllÔÇŁ.
             Znaleziono odwo┼éanie w lokalizacji ┼Ťcie┼╝ki wyszukiwania ÔÇ×{RawFileName}ÔÇŁ.
             To odwo┼éanie nie ma parametru CopyLocal, poniewa┼╝ co najmniej jeden element ┼║r├│d┼éowy ma parametr Private ustawiony na warto┼Ť─ç false, a ┼╝aden z element├│w ┼║r├│d┼éowych nie ma parametru Private ustawionego na warto┼Ť─ç true.
         Odwo┼éanie podstawowe ÔÇ×System.Reflection.Extensions, Version=8.0.0.0, Culture=neutral, PublicKeyToken=b03f5f7f11d50a3aÔÇŁ.
             Rozpoznana ┼Ťcie┼╝ka pliku: ÔÇ×C:\Program Files\dotnet\packs\Microsoft.NETCore.App.Ref\8.0.1\ref\net8.0\System.Reflection.Extensions.dllÔÇŁ.
             Znaleziono odwo┼éanie w lokalizacji ┼Ťcie┼╝ki wyszukiwania ÔÇ×{RawFileName}ÔÇŁ.
             To odwo┼éanie nie ma parametru CopyLocal, poniewa┼╝ co najmniej jeden element ┼║r├│d┼éowy ma parametr Private ustawiony na warto┼Ť─ç false, a ┼╝aden z element├│w ┼║r├│d┼éowych nie ma parametru Private ustawionego na warto┼Ť─ç true.
         Odwo┼éanie podstawowe ÔÇ×System.Reflection.Metadata, Version=8.0.0.0, Culture=neutral, PublicKeyToken=b03f5f7f11d50a3aÔÇŁ.
             Rozpoznana ┼Ťcie┼╝ka pliku: ÔÇ×C:\Program Files\dotnet\packs\Microsoft.NETCore.App.Ref\8.0.1\ref\net8.0\System.Reflection.Metadata.dllÔÇŁ.
             Znaleziono odwo┼éanie w lokalizacji ┼Ťcie┼╝ki wyszukiwania ÔÇ×{RawFileName}ÔÇŁ.
             To odwo┼éanie nie ma parametru CopyLocal, poniewa┼╝ co najmniej jeden element ┼║r├│d┼éowy ma parametr Private ustawiony na warto┼Ť─ç false, a ┼╝aden z element├│w ┼║r├│d┼éowych nie ma parametru Private ustawionego na warto┼Ť─ç true.
         Odwo┼éanie podstawowe ÔÇ×System.Reflection.Primitives, Version=8.0.0.0, Culture=neutral, PublicKeyToken=b03f5f7f11d50a3aÔÇŁ.
             Rozpoznana ┼Ťcie┼╝ka pliku: ÔÇ×C:\Program Files\dotnet\packs\Microsoft.NETCore.App.Ref\8.0.1\ref\net8.0\System.Reflection.Primitives.dllÔÇŁ.
             Znaleziono odwo┼éanie w lokalizacji ┼Ťcie┼╝ki wyszukiwania ÔÇ×{RawFileName}ÔÇŁ.
             To odwo┼éanie nie ma parametru CopyLocal, poniewa┼╝ co najmniej jeden element ┼║r├│d┼éowy ma parametr Private ustawiony na warto┼Ť─ç false, a ┼╝aden z element├│w ┼║r├│d┼éowych nie ma parametru Private ustawionego na warto┼Ť─ç true.
         Odwo┼éanie podstawowe ÔÇ×System.Reflection.TypeExtensions, Version=8.0.0.0, Culture=neutral, PublicKeyToken=b03f5f7f11d50a3aÔÇŁ.
             Rozpoznana ┼Ťcie┼╝ka pliku: ÔÇ×C:\Program Files\dotnet\packs\Microsoft.NETCore.App.Ref\8.0.1\ref\net8.0\System.Reflection.TypeExtensions.dllÔÇŁ.
             Znaleziono odwo┼éanie w lokalizacji ┼Ťcie┼╝ki wyszukiwania ÔÇ×{RawFileName}ÔÇŁ.
             To odwo┼éanie nie ma parametru CopyLocal, poniewa┼╝ co najmniej jeden element ┼║r├│d┼éowy ma parametr Private ustawiony na warto┼Ť─ç false, a ┼╝aden z element├│w ┼║r├│d┼éowych nie ma parametru Private ustawionego na warto┼Ť─ç true.
         Odwo┼éanie podstawowe ÔÇ×System.Reflection, Version=8.0.0.0, Culture=neutral, PublicKeyToken=b03f5f7f11d50a3aÔÇŁ.
             Rozpoznana ┼Ťcie┼╝ka pliku: ÔÇ×C:\Program Files\dotnet\packs\Microsoft.NETCore.App.Ref\8.0.1\ref\net8.0\System.Reflection.dllÔÇŁ.
             Znaleziono odwo┼éanie w lokalizacji ┼Ťcie┼╝ki wyszukiwania ÔÇ×{RawFileName}ÔÇŁ.
             To odwo┼éanie nie ma parametru CopyLocal, poniewa┼╝ co najmniej jeden element ┼║r├│d┼éowy ma parametr Private ustawiony na warto┼Ť─ç false, a ┼╝aden z element├│w ┼║r├│d┼éowych nie ma parametru Private ustawionego na warto┼Ť─ç true.
         Odwo┼éanie podstawowe ÔÇ×System.Resources.Reader, Version=8.0.0.0, Culture=neutral, PublicKeyToken=b03f5f7f11d50a3aÔÇŁ.
             Rozpoznana ┼Ťcie┼╝ka pliku: ÔÇ×C:\Program Files\dotnet\packs\Microsoft.NETCore.App.Ref\8.0.1\ref\net8.0\System.Resources.Reader.dllÔÇŁ.
             Znaleziono odwo┼éanie w lokalizacji ┼Ťcie┼╝ki wyszukiwania ÔÇ×{RawFileName}ÔÇŁ.
             To odwo┼éanie nie ma parametru CopyLocal, poniewa┼╝ co najmniej jeden element ┼║r├│d┼éowy ma parametr Private ustawiony na warto┼Ť─ç false, a ┼╝aden z element├│w ┼║r├│d┼éowych nie ma parametru Private ustawionego na warto┼Ť─ç true.
         Odwo┼éanie podstawowe ÔÇ×System.Resources.ResourceManager, Version=8.0.0.0, Culture=neutral, PublicKeyToken=b03f5f7f11d50a3aÔÇŁ.
             Rozpoznana ┼Ťcie┼╝ka pliku: ÔÇ×C:\Program Files\dotnet\packs\Microsoft.NETCore.App.Ref\8.0.1\ref\net8.0\System.Resources.ResourceManager.dllÔÇŁ.
             Znaleziono odwo┼éanie w lokalizacji ┼Ťcie┼╝ki wyszukiwania ÔÇ×{RawFileName}ÔÇŁ.
             To odwo┼éanie nie ma parametru CopyLocal, poniewa┼╝ co najmniej jeden element ┼║r├│d┼éowy ma parametr Private ustawiony na warto┼Ť─ç false, a ┼╝aden z element├│w ┼║r├│d┼éowych nie ma parametru Private ustawionego na warto┼Ť─ç true.
         Odwo┼éanie podstawowe ÔÇ×System.Resources.Writer, Version=8.0.0.0, Culture=neutral, PublicKeyToken=b03f5f7f11d50a3aÔÇŁ.
             Rozpoznana ┼Ťcie┼╝ka pliku: ÔÇ×C:\Program Files\dotnet\packs\Microsoft.NETCore.App.Ref\8.0.1\ref\net8.0\System.Resources.Writer.dllÔÇŁ.
             Znaleziono odwo┼éanie w lokalizacji ┼Ťcie┼╝ki wyszukiwania ÔÇ×{RawFileName}ÔÇŁ.
             To odwo┼éanie nie ma parametru CopyLocal, poniewa┼╝ co najmniej jeden element ┼║r├│d┼éowy ma parametr Private ustawiony na warto┼Ť─ç false, a ┼╝aden z element├│w ┼║r├│d┼éowych nie ma parametru Private ustawionego na warto┼Ť─ç true.
         Odwo┼éanie podstawowe ÔÇ×System.Runtime.CompilerServices.Unsafe, Version=8.0.0.0, Culture=neutral, PublicKeyToken=b03f5f7f11d50a3aÔÇŁ.
             Rozpoznana ┼Ťcie┼╝ka pliku: ÔÇ×C:\Program Files\dotnet\packs\Microsoft.NETCore.App.Ref\8.0.1\ref\net8.0\System.Runtime.CompilerServices.Unsafe.dllÔÇŁ.
             Znaleziono odwo┼éanie w lokalizacji ┼Ťcie┼╝ki wyszukiwania ÔÇ×{RawFileName}ÔÇŁ.
             To odwo┼éanie nie ma parametru CopyLocal, poniewa┼╝ co najmniej jeden element ┼║r├│d┼éowy ma parametr Private ustawiony na warto┼Ť─ç false, a ┼╝aden z element├│w ┼║r├│d┼éowych nie ma parametru Private ustawionego na warto┼Ť─ç true.
         Odwo┼éanie podstawowe ÔÇ×System.Runtime.CompilerServices.VisualC, Version=8.0.0.0, Culture=neutral, PublicKeyToken=b03f5f7f11d50a3aÔÇŁ.
             Rozpoznana ┼Ťcie┼╝ka pliku: ÔÇ×C:\Program Files\dotnet\packs\Microsoft.NETCore.App.Ref\8.0.1\ref\net8.0\System.Runtime.CompilerServices.VisualC.dllÔÇŁ.
             Znaleziono odwo┼éanie w lokalizacji ┼Ťcie┼╝ki wyszukiwania ÔÇ×{RawFileName}ÔÇŁ.
             To odwo┼éanie nie ma parametru CopyLocal, poniewa┼╝ co najmniej jeden element ┼║r├│d┼éowy ma parametr Private ustawiony na warto┼Ť─ç false, a ┼╝aden z element├│w ┼║r├│d┼éowych nie ma parametru Private ustawionego na warto┼Ť─ç true.
         Odwo┼éanie podstawowe ÔÇ×System.Runtime.Extensions, Version=8.0.0.0, Culture=neutral, PublicKeyToken=b03f5f7f11d50a3aÔÇŁ.
             Rozpoznana ┼Ťcie┼╝ka pliku: ÔÇ×C:\Program Files\dotnet\packs\Microsoft.NETCore.App.Ref\8.0.1\ref\net8.0\System.Runtime.Extensions.dllÔÇŁ.
             Znaleziono odwo┼éanie w lokalizacji ┼Ťcie┼╝ki wyszukiwania ÔÇ×{RawFileName}ÔÇŁ.
             To odwo┼éanie nie ma parametru CopyLocal, poniewa┼╝ co najmniej jeden element ┼║r├│d┼éowy ma parametr Private ustawiony na warto┼Ť─ç false, a ┼╝aden z element├│w ┼║r├│d┼éowych nie ma parametru Private ustawionego na warto┼Ť─ç true.
         Odwo┼éanie podstawowe ÔÇ×System.Runtime.Handles, Version=8.0.0.0, Culture=neutral, PublicKeyToken=b03f5f7f11d50a3aÔÇŁ.
             Rozpoznana ┼Ťcie┼╝ka pliku: ÔÇ×C:\Program Files\dotnet\packs\Microsoft.NETCore.App.Ref\8.0.1\ref\net8.0\System.Runtime.Handles.dllÔÇŁ.
             Znaleziono odwo┼éanie w lokalizacji ┼Ťcie┼╝ki wyszukiwania ÔÇ×{RawFileName}ÔÇŁ.
             To odwo┼éanie nie ma parametru CopyLocal, poniewa┼╝ co najmniej jeden element ┼║r├│d┼éowy ma parametr Private ustawiony na warto┼Ť─ç false, a ┼╝aden z element├│w ┼║r├│d┼éowych nie ma parametru Private ustawionego na warto┼Ť─ç true.
         Odwo┼éanie podstawowe ÔÇ×System.Runtime.InteropServices.JavaScript, Version=8.0.0.0, Culture=neutral, PublicKeyToken=b03f5f7f11d50a3aÔÇŁ.
             Rozpoznana ┼Ťcie┼╝ka pliku: ÔÇ×C:\Program Files\dotnet\packs\Microsoft.NETCore.App.Ref\8.0.1\ref\net8.0\System.Runtime.InteropServices.JavaScript.dllÔÇŁ.
             Znaleziono odwo┼éanie w lokalizacji ┼Ťcie┼╝ki wyszukiwania ÔÇ×{RawFileName}ÔÇŁ.
             To odwo┼éanie nie ma parametru CopyLocal, poniewa┼╝ co najmniej jeden element ┼║r├│d┼éowy ma parametr Private ustawiony na warto┼Ť─ç false, a ┼╝aden z element├│w ┼║r├│d┼éowych nie ma parametru Private ustawionego na warto┼Ť─ç true.
         Odwo┼éanie podstawowe ÔÇ×System.Runtime.InteropServices.RuntimeInformation, Version=8.0.0.0, Culture=neutral, PublicKeyToken=b03f5f7f11d50a3aÔÇŁ.
             Rozpoznana ┼Ťcie┼╝ka pliku: ÔÇ×C:\Program Files\dotnet\packs\Microsoft.NETCore.App.Ref\8.0.1\ref\net8.0\System.Runtime.InteropServices.RuntimeInformation.dllÔÇŁ.
             Znaleziono odwo┼éanie w lokalizacji ┼Ťcie┼╝ki wyszukiwania ÔÇ×{RawFileName}ÔÇŁ.
             To odwo┼éanie nie ma parametru CopyLocal, poniewa┼╝ co najmniej jeden element ┼║r├│d┼éowy ma parametr Private ustawiony na warto┼Ť─ç false, a ┼╝aden z element├│w ┼║r├│d┼éowych nie ma parametru Private ustawionego na warto┼Ť─ç true.
         Odwo┼éanie podstawowe ÔÇ×System.Runtime.InteropServices, Version=8.0.0.0, Culture=neutral, PublicKeyToken=b03f5f7f11d50a3aÔÇŁ.
             Rozpoznana ┼Ťcie┼╝ka pliku: ÔÇ×C:\Program Files\dotnet\packs\Microsoft.NETCore.App.Ref\8.0.1\ref\net8.0\System.Runtime.InteropServices.dllÔÇŁ.
             Znaleziono odwo┼éanie w lokalizacji ┼Ťcie┼╝ki wyszukiwania ÔÇ×{RawFileName}ÔÇŁ.
             To odwo┼éanie nie ma parametru CopyLocal, poniewa┼╝ co najmniej jeden element ┼║r├│d┼éowy ma parametr Private ustawiony na warto┼Ť─ç false, a ┼╝aden z element├│w ┼║r├│d┼éowych nie ma parametru Private ustawionego na warto┼Ť─ç true.
         Odwo┼éanie podstawowe ÔÇ×System.Runtime.Intrinsics, Version=8.0.0.0, Culture=neutral, PublicKeyToken=cc7b13ffcd2ddd51ÔÇŁ.
             Rozpoznana ┼Ťcie┼╝ka pliku: ÔÇ×C:\Program Files\dotnet\packs\Microsoft.NETCore.App.Ref\8.0.1\ref\net8.0\System.Runtime.Intrinsics.dllÔÇŁ.
             Znaleziono odwo┼éanie w lokalizacji ┼Ťcie┼╝ki wyszukiwania ÔÇ×{RawFileName}ÔÇŁ.
             To odwo┼éanie nie ma parametru CopyLocal, poniewa┼╝ co najmniej jeden element ┼║r├│d┼éowy ma parametr Private ustawiony na warto┼Ť─ç false, a ┼╝aden z element├│w ┼║r├│d┼éowych nie ma parametru Private ustawionego na warto┼Ť─ç true.
         Odwo┼éanie podstawowe ÔÇ×System.Runtime.Loader, Version=8.0.0.0, Culture=neutral, PublicKeyToken=b03f5f7f11d50a3aÔÇŁ.
             Rozpoznana ┼Ťcie┼╝ka pliku: ÔÇ×C:\Program Files\dotnet\packs\Microsoft.NETCore.App.Ref\8.0.1\ref\net8.0\System.Runtime.Loader.dllÔÇŁ.
             Znaleziono odwo┼éanie w lokalizacji ┼Ťcie┼╝ki wyszukiwania ÔÇ×{RawFileName}ÔÇŁ.
             To odwo┼éanie nie ma parametru CopyLocal, poniewa┼╝ co najmniej jeden element ┼║r├│d┼éowy ma parametr Private ustawiony na warto┼Ť─ç false, a ┼╝aden z element├│w ┼║r├│d┼éowych nie ma parametru Private ustawionego na warto┼Ť─ç true.
         Odwo┼éanie podstawowe ÔÇ×System.Runtime.Numerics, Version=8.0.0.0, Culture=neutral, PublicKeyToken=b03f5f7f11d50a3aÔÇŁ.
             Rozpoznana ┼Ťcie┼╝ka pliku: ÔÇ×C:\Program Files\dotnet\packs\Microsoft.NETCore.App.Ref\8.0.1\ref\net8.0\System.Runtime.Numerics.dllÔÇŁ.
             Znaleziono odwo┼éanie w lokalizacji ┼Ťcie┼╝ki wyszukiwania ÔÇ×{RawFileName}ÔÇŁ.
             To odwo┼éanie nie ma parametru CopyLocal, poniewa┼╝ co najmniej jeden element ┼║r├│d┼éowy ma parametr Private ustawiony na warto┼Ť─ç false, a ┼╝aden z element├│w ┼║r├│d┼éowych nie ma parametru Private ustawionego na warto┼Ť─ç true.
         Odwo┼éanie podstawowe ÔÇ×System.Runtime.Serialization.Formatters, Version=8.0.0.0, Culture=neutral, PublicKeyToken=b03f5f7f11d50a3aÔÇŁ.
             Rozpoznana ┼Ťcie┼╝ka pliku: ÔÇ×C:\Program Files\dotnet\packs\Microsoft.NETCore.App.Ref\8.0.1\ref\net8.0\System.Runtime.Serialization.Formatters.dllÔÇŁ.
             Znaleziono odwo┼éanie w lokalizacji ┼Ťcie┼╝ki wyszukiwania ÔÇ×{RawFileName}ÔÇŁ.
             To odwo┼éanie nie ma parametru CopyLocal, poniewa┼╝ co najmniej jeden element ┼║r├│d┼éowy ma parametr Private ustawiony na warto┼Ť─ç false, a ┼╝aden z element├│w ┼║r├│d┼éowych nie ma parametru Private ustawionego na warto┼Ť─ç true.
         Odwo┼éanie podstawowe ÔÇ×System.Runtime.Serialization.Json, Version=8.0.0.0, Culture=neutral, PublicKeyToken=b03f5f7f11d50a3aÔÇŁ.
             Rozpoznana ┼Ťcie┼╝ka pliku: ÔÇ×C:\Program Files\dotnet\packs\Microsoft.NETCore.App.Ref\8.0.1\ref\net8.0\System.Runtime.Serialization.Json.dllÔÇŁ.
             Znaleziono odwo┼éanie w lokalizacji ┼Ťcie┼╝ki wyszukiwania ÔÇ×{RawFileName}ÔÇŁ.
             To odwo┼éanie nie ma parametru CopyLocal, poniewa┼╝ co najmniej jeden element ┼║r├│d┼éowy ma parametr Private ustawiony na warto┼Ť─ç false, a ┼╝aden z element├│w ┼║r├│d┼éowych nie ma parametru Private ustawionego na warto┼Ť─ç true.
         Odwo┼éanie podstawowe ÔÇ×System.Runtime.Serialization.Primitives, Version=8.0.0.0, Culture=neutral, PublicKeyToken=b03f5f7f11d50a3aÔÇŁ.
             Rozpoznana ┼Ťcie┼╝ka pliku: ÔÇ×C:\Program Files\dotnet\packs\Microsoft.NETCore.App.Ref\8.0.1\ref\net8.0\System.Runtime.Serialization.Primitives.dllÔÇŁ.
             Znaleziono odwo┼éanie w lokalizacji ┼Ťcie┼╝ki wyszukiwania ÔÇ×{RawFileName}ÔÇŁ.
             To odwo┼éanie nie ma parametru CopyLocal, poniewa┼╝ co najmniej jeden element ┼║r├│d┼éowy ma parametr Private ustawiony na warto┼Ť─ç false, a ┼╝aden z element├│w ┼║r├│d┼éowych nie ma parametru Private ustawionego na warto┼Ť─ç true.
         Odwo┼éanie podstawowe ÔÇ×System.Runtime.Serialization.Xml, Version=8.0.0.0, Culture=neutral, PublicKeyToken=b03f5f7f11d50a3aÔÇŁ.
             Rozpoznana ┼Ťcie┼╝ka pliku: ÔÇ×C:\Program Files\dotnet\packs\Microsoft.NETCore.App.Ref\8.0.1\ref\net8.0\System.Runtime.Serialization.Xml.dllÔÇŁ.
             Znaleziono odwo┼éanie w lokalizacji ┼Ťcie┼╝ki wyszukiwania ÔÇ×{RawFileName}ÔÇŁ.
             To odwo┼éanie nie ma parametru CopyLocal, poniewa┼╝ co najmniej jeden element ┼║r├│d┼éowy ma parametr Private ustawiony na warto┼Ť─ç false, a ┼╝aden z element├│w ┼║r├│d┼éowych nie ma parametru Private ustawionego na warto┼Ť─ç true.
         Odwo┼éanie podstawowe ÔÇ×System.Runtime.Serialization, Version=4.0.0.0, Culture=neutral, PublicKeyToken=b77a5c561934e089ÔÇŁ.
             Rozpoznana ┼Ťcie┼╝ka pliku: ÔÇ×C:\Program Files\dotnet\packs\Microsoft.NETCore.App.Ref\8.0.1\ref\net8.0\System.Runtime.Serialization.dllÔÇŁ.
             Znaleziono odwo┼éanie w lokalizacji ┼Ťcie┼╝ki wyszukiwania ÔÇ×{RawFileName}ÔÇŁ.
             To odwo┼éanie nie ma parametru CopyLocal, poniewa┼╝ co najmniej jeden element ┼║r├│d┼éowy ma parametr Private ustawiony na warto┼Ť─ç false, a ┼╝aden z element├│w ┼║r├│d┼éowych nie ma parametru Private ustawionego na warto┼Ť─ç true.
         Odwo┼éanie podstawowe ÔÇ×System.Runtime, Version=8.0.0.0, Culture=neutral, PublicKeyToken=b03f5f7f11d50a3aÔÇŁ.
             Rozpoznana ┼Ťcie┼╝ka pliku: ÔÇ×C:\Program Files\dotnet\packs\Microsoft.NETCore.App.Ref\8.0.1\ref\net8.0\System.Runtime.dllÔÇŁ.
             Znaleziono odwo┼éanie w lokalizacji ┼Ťcie┼╝ki wyszukiwania ÔÇ×{RawFileName}ÔÇŁ.
             To odwo┼éanie nie ma parametru CopyLocal, poniewa┼╝ co najmniej jeden element ┼║r├│d┼éowy ma parametr Private ustawiony na warto┼Ť─ç false, a ┼╝aden z element├│w ┼║r├│d┼éowych nie ma parametru Private ustawionego na warto┼Ť─ç true.
         Odwo┼éanie podstawowe ÔÇ×System.Security.AccessControl, Version=8.0.0.0, Culture=neutral, PublicKeyToken=b03f5f7f11d50a3aÔÇŁ.
             Rozpoznana ┼Ťcie┼╝ka pliku: ÔÇ×C:\Program Files\dotnet\packs\Microsoft.NETCore.App.Ref\8.0.1\ref\net8.0\System.Security.AccessControl.dllÔÇŁ.
             Znaleziono odwo┼éanie w lokalizacji ┼Ťcie┼╝ki wyszukiwania ÔÇ×{RawFileName}ÔÇŁ.
             To odwo┼éanie nie ma parametru CopyLocal, poniewa┼╝ co najmniej jeden element ┼║r├│d┼éowy ma parametr Private ustawiony na warto┼Ť─ç false, a ┼╝aden z element├│w ┼║r├│d┼éowych nie ma parametru Private ustawionego na warto┼Ť─ç true.
         Odwo┼éanie podstawowe ÔÇ×System.Security.Claims, Version=8.0.0.0, Culture=neutral, PublicKeyToken=b03f5f7f11d50a3aÔÇŁ.
             Rozpoznana ┼Ťcie┼╝ka pliku: ÔÇ×C:\Program Files\dotnet\packs\Microsoft.NETCore.App.Ref\8.0.1\ref\net8.0\System.Security.Claims.dllÔÇŁ.
             Znaleziono odwo┼éanie w lokalizacji ┼Ťcie┼╝ki wyszukiwania ÔÇ×{RawFileName}ÔÇŁ.
             To odwo┼éanie nie ma parametru CopyLocal, poniewa┼╝ co najmniej jeden element ┼║r├│d┼éowy ma parametr Private ustawiony na warto┼Ť─ç false, a ┼╝aden z element├│w ┼║r├│d┼éowych nie ma parametru Private ustawionego na warto┼Ť─ç true.
         Odwo┼éanie podstawowe ÔÇ×System.Security.Cryptography.Algorithms, Version=8.0.0.0, Culture=neutral, PublicKeyToken=b03f5f7f11d50a3aÔÇŁ.
             Rozpoznana ┼Ťcie┼╝ka pliku: ÔÇ×C:\Program Files\dotnet\packs\Microsoft.NETCore.App.Ref\8.0.1\ref\net8.0\System.Security.Cryptography.Algorithms.dllÔÇŁ.
             Znaleziono odwo┼éanie w lokalizacji ┼Ťcie┼╝ki wyszukiwania ÔÇ×{RawFileName}ÔÇŁ.
             To odwo┼éanie nie ma parametru CopyLocal, poniewa┼╝ co najmniej jeden element ┼║r├│d┼éowy ma parametr Private ustawiony na warto┼Ť─ç false, a ┼╝aden z element├│w ┼║r├│d┼éowych nie ma parametru Private ustawionego na warto┼Ť─ç true.
         Odwo┼éanie podstawowe ÔÇ×System.Security.Cryptography.Cng, Version=8.0.0.0, Culture=neutral, PublicKeyToken=b03f5f7f11d50a3aÔÇŁ.
             Rozpoznana ┼Ťcie┼╝ka pliku: ÔÇ×C:\Program Files\dotnet\packs\Microsoft.NETCore.App.Ref\8.0.1\ref\net8.0\System.Security.Cryptography.Cng.dllÔÇŁ.
             Znaleziono odwo┼éanie w lokalizacji ┼Ťcie┼╝ki wyszukiwania ÔÇ×{RawFileName}ÔÇŁ.
             To odwo┼éanie nie ma parametru CopyLocal, poniewa┼╝ co najmniej jeden element ┼║r├│d┼éowy ma parametr Private ustawiony na warto┼Ť─ç false, a ┼╝aden z element├│w ┼║r├│d┼éowych nie ma parametru Private ustawionego na warto┼Ť─ç true.
         Odwo┼éanie podstawowe ÔÇ×System.Security.Cryptography.Csp, Version=8.0.0.0, Culture=neutral, PublicKeyToken=b03f5f7f11d50a3aÔÇŁ.
             Rozpoznana ┼Ťcie┼╝ka pliku: ÔÇ×C:\Program Files\dotnet\packs\Microsoft.NETCore.App.Ref\8.0.1\ref\net8.0\System.Security.Cryptography.Csp.dllÔÇŁ.
             Znaleziono odwo┼éanie w lokalizacji ┼Ťcie┼╝ki wyszukiwania ÔÇ×{RawFileName}ÔÇŁ.
             To odwo┼éanie nie ma parametru CopyLocal, poniewa┼╝ co najmniej jeden element ┼║r├│d┼éowy ma parametr Private ustawiony na warto┼Ť─ç false, a ┼╝aden z element├│w ┼║r├│d┼éowych nie ma parametru Private ustawionego na warto┼Ť─ç true.
         Odwo┼éanie podstawowe ÔÇ×System.Security.Cryptography.Encoding, Version=8.0.0.0, Culture=neutral, PublicKeyToken=b03f5f7f11d50a3aÔÇŁ.
             Rozpoznana ┼Ťcie┼╝ka pliku: ÔÇ×C:\Program Files\dotnet\packs\Microsoft.NETCore.App.Ref\8.0.1\ref\net8.0\System.Security.Cryptography.Encoding.dllÔÇŁ.
             Znaleziono odwo┼éanie w lokalizacji ┼Ťcie┼╝ki wyszukiwania ÔÇ×{RawFileName}ÔÇŁ.
             To odwo┼éanie nie ma parametru CopyLocal, poniewa┼╝ co najmniej jeden element ┼║r├│d┼éowy ma parametr Private ustawiony na warto┼Ť─ç false, a ┼╝aden z element├│w ┼║r├│d┼éowych nie ma parametru Private ustawionego na warto┼Ť─ç true.
         Odwo┼éanie podstawowe ÔÇ×System.Security.Cryptography.OpenSsl, Version=8.0.0.0, Culture=neutral, PublicKeyToken=b03f5f7f11d50a3aÔÇŁ.
             Rozpoznana ┼Ťcie┼╝ka pliku: ÔÇ×C:\Program Files\dotnet\packs\Microsoft.NETCore.App.Ref\8.0.1\ref\net8.0\System.Security.Cryptography.OpenSsl.dllÔÇŁ.
             Znaleziono odwo┼éanie w lokalizacji ┼Ťcie┼╝ki wyszukiwania ÔÇ×{RawFileName}ÔÇŁ.
             To odwo┼éanie nie ma parametru CopyLocal, poniewa┼╝ co najmniej jeden element ┼║r├│d┼éowy ma parametr Private ustawiony na warto┼Ť─ç false, a ┼╝aden z element├│w ┼║r├│d┼éowych nie ma parametru Private ustawionego na warto┼Ť─ç true.
         Odwo┼éanie podstawowe ÔÇ×System.Security.Cryptography.Primitives, Version=8.0.0.0, Culture=neutral, PublicKeyToken=b03f5f7f11d50a3aÔÇŁ.
             Rozpoznana ┼Ťcie┼╝ka pliku: ÔÇ×C:\Program Files\dotnet\packs\Microsoft.NETCore.App.Ref\8.0.1\ref\net8.0\System.Security.Cryptography.Primitives.dllÔÇŁ.
             Znaleziono odwo┼éanie w lokalizacji ┼Ťcie┼╝ki wyszukiwania ÔÇ×{RawFileName}ÔÇŁ.
             To odwo┼éanie nie ma parametru CopyLocal, poniewa┼╝ co najmniej jeden element ┼║r├│d┼éowy ma parametr Private ustawiony na warto┼Ť─ç false, a ┼╝aden z element├│w ┼║r├│d┼éowych nie ma parametru Private ustawionego na warto┼Ť─ç true.
         Odwo┼éanie podstawowe ÔÇ×System.Security.Cryptography.X509Certificates, Version=8.0.0.0, Culture=neutral, PublicKeyToken=b03f5f7f11d50a3aÔÇŁ.
             Rozpoznana ┼Ťcie┼╝ka pliku: ÔÇ×C:\Program Files\dotnet\packs\Microsoft.NETCore.App.Ref\8.0.1\ref\net8.0\System.Security.Cryptography.X509Certificates.dllÔÇŁ.
             Znaleziono odwo┼éanie w lokalizacji ┼Ťcie┼╝ki wyszukiwania ÔÇ×{RawFileName}ÔÇŁ.
             To odwo┼éanie nie ma parametru CopyLocal, poniewa┼╝ co najmniej jeden element ┼║r├│d┼éowy ma parametr Private ustawiony na warto┼Ť─ç false, a ┼╝aden z element├│w ┼║r├│d┼éowych nie ma parametru Private ustawionego na warto┼Ť─ç true.
         Odwo┼éanie podstawowe ÔÇ×System.Security.Cryptography, Version=8.0.0.0, Culture=neutral, PublicKeyToken=b03f5f7f11d50a3aÔÇŁ.
             Rozpoznana ┼Ťcie┼╝ka pliku: ÔÇ×C:\Program Files\dotnet\packs\Microsoft.NETCore.App.Ref\8.0.1\ref\net8.0\System.Security.Cryptography.dllÔÇŁ.
             Znaleziono odwo┼éanie w lokalizacji ┼Ťcie┼╝ki wyszukiwania ÔÇ×{RawFileName}ÔÇŁ.
             To odwo┼éanie nie ma parametru CopyLocal, poniewa┼╝ co najmniej jeden element ┼║r├│d┼éowy ma parametr Private ustawiony na warto┼Ť─ç false, a ┼╝aden z element├│w ┼║r├│d┼éowych nie ma parametru Private ustawionego na warto┼Ť─ç true.
         Odwo┼éanie podstawowe ÔÇ×System.Security.Principal.Windows, Version=8.0.0.0, Culture=neutral, PublicKeyToken=b03f5f7f11d50a3aÔÇŁ.
             Rozpoznana ┼Ťcie┼╝ka pliku: ÔÇ×C:\Program Files\dotnet\packs\Microsoft.NETCore.App.Ref\8.0.1\ref\net8.0\System.Security.Principal.Windows.dllÔÇŁ.
             Znaleziono odwo┼éanie w lokalizacji ┼Ťcie┼╝ki wyszukiwania ÔÇ×{RawFileName}ÔÇŁ.
             To odwo┼éanie nie ma parametru CopyLocal, poniewa┼╝ co najmniej jeden element ┼║r├│d┼éowy ma parametr Private ustawiony na warto┼Ť─ç false, a ┼╝aden z element├│w ┼║r├│d┼éowych nie ma parametru Private ustawionego na warto┼Ť─ç true.
         Odwo┼éanie podstawowe ÔÇ×System.Security.Principal, Version=8.0.0.0, Culture=neutral, PublicKeyToken=b03f5f7f11d50a3aÔÇŁ.
             Rozpoznana ┼Ťcie┼╝ka pliku: ÔÇ×C:\Program Files\dotnet\packs\Microsoft.NETCore.App.Ref\8.0.1\ref\net8.0\System.Security.Principal.dllÔÇŁ.
             Znaleziono odwo┼éanie w lokalizacji ┼Ťcie┼╝ki wyszukiwania ÔÇ×{RawFileName}ÔÇŁ.
             To odwo┼éanie nie ma parametru CopyLocal, poniewa┼╝ co najmniej jeden element ┼║r├│d┼éowy ma parametr Private ustawiony na warto┼Ť─ç false, a ┼╝aden z element├│w ┼║r├│d┼éowych nie ma parametru Private ustawionego na warto┼Ť─ç true.
         Odwo┼éanie podstawowe ÔÇ×System.Security.SecureString, Version=8.0.0.0, Culture=neutral, PublicKeyToken=b03f5f7f11d50a3aÔÇŁ.
             Rozpoznana ┼Ťcie┼╝ka pliku: ÔÇ×C:\Program Files\dotnet\packs\Microsoft.NETCore.App.Ref\8.0.1\ref\net8.0\System.Security.SecureString.dllÔÇŁ.
             Znaleziono odwo┼éanie w lokalizacji ┼Ťcie┼╝ki wyszukiwania ÔÇ×{RawFileName}ÔÇŁ.
             To odwo┼éanie nie ma parametru CopyLocal, poniewa┼╝ co najmniej jeden element ┼║r├│d┼éowy ma parametr Private ustawiony na warto┼Ť─ç false, a ┼╝aden z element├│w ┼║r├│d┼éowych nie ma parametru Private ustawionego na warto┼Ť─ç true.
         Odwo┼éanie podstawowe ÔÇ×System.Security, Version=4.0.0.0, Culture=neutral, PublicKeyToken=b03f5f7f11d50a3aÔÇŁ.
             Rozpoznana ┼Ťcie┼╝ka pliku: ÔÇ×C:\Program Files\dotnet\packs\Microsoft.NETCore.App.Ref\8.0.1\ref\net8.0\System.Security.dllÔÇŁ.
             Znaleziono odwo┼éanie w lokalizacji ┼Ťcie┼╝ki wyszukiwania ÔÇ×{RawFileName}ÔÇŁ.
             To odwo┼éanie nie ma parametru CopyLocal, poniewa┼╝ co najmniej jeden element ┼║r├│d┼éowy ma parametr Private ustawiony na warto┼Ť─ç false, a ┼╝aden z element├│w ┼║r├│d┼éowych nie ma parametru Private ustawionego na warto┼Ť─ç true.
         Odwo┼éanie podstawowe ÔÇ×System.ServiceModel.Web, Version=4.0.0.0, Culture=neutral, PublicKeyToken=31bf3856ad364e35ÔÇŁ.
             Rozpoznana ┼Ťcie┼╝ka pliku: ÔÇ×C:\Program Files\dotnet\packs\Microsoft.NETCore.App.Ref\8.0.1\ref\net8.0\System.ServiceModel.Web.dllÔÇŁ.
             Znaleziono odwo┼éanie w lokalizacji ┼Ťcie┼╝ki wyszukiwania ÔÇ×{RawFileName}ÔÇŁ.
             To odwo┼éanie nie ma parametru CopyLocal, poniewa┼╝ co najmniej jeden element ┼║r├│d┼éowy ma parametr Private ustawiony na warto┼Ť─ç false, a ┼╝aden z element├│w ┼║r├│d┼éowych nie ma parametru Private ustawionego na warto┼Ť─ç true.
         Odwo┼éanie podstawowe ÔÇ×System.ServiceProcess, Version=4.0.0.0, Culture=neutral, PublicKeyToken=b03f5f7f11d50a3aÔÇŁ.
             Rozpoznana ┼Ťcie┼╝ka pliku: ÔÇ×C:\Program Files\dotnet\packs\Microsoft.NETCore.App.Ref\8.0.1\ref\net8.0\System.ServiceProcess.dllÔÇŁ.
             Znaleziono odwo┼éanie w lokalizacji ┼Ťcie┼╝ki wyszukiwania ÔÇ×{RawFileName}ÔÇŁ.
             To odwo┼éanie nie ma parametru CopyLocal, poniewa┼╝ co najmniej jeden element ┼║r├│d┼éowy ma parametr Private ustawiony na warto┼Ť─ç false, a ┼╝aden z element├│w ┼║r├│d┼éowych nie ma parametru Private ustawionego na warto┼Ť─ç true.
         Odwo┼éanie podstawowe ÔÇ×System.Text.Encoding.CodePages, Version=8.0.0.0, Culture=neutral, PublicKeyToken=b03f5f7f11d50a3aÔÇŁ.
             Rozpoznana ┼Ťcie┼╝ka pliku: ÔÇ×C:\Program Files\dotnet\packs\Microsoft.NETCore.App.Ref\8.0.1\ref\net8.0\System.Text.Encoding.CodePages.dllÔÇŁ.
             Znaleziono odwo┼éanie w lokalizacji ┼Ťcie┼╝ki wyszukiwania ÔÇ×{RawFileName}ÔÇŁ.
             To odwo┼éanie nie ma parametru CopyLocal, poniewa┼╝ co najmniej jeden element ┼║r├│d┼éowy ma parametr Private ustawiony na warto┼Ť─ç false, a ┼╝aden z element├│w ┼║r├│d┼éowych nie ma parametru Private ustawionego na warto┼Ť─ç true.
         Odwo┼éanie podstawowe ÔÇ×System.Text.Encoding.Extensions, Version=8.0.0.0, Culture=neutral, PublicKeyToken=b03f5f7f11d50a3aÔÇŁ.
             Rozpoznana ┼Ťcie┼╝ka pliku: ÔÇ×C:\Program Files\dotnet\packs\Microsoft.NETCore.App.Ref\8.0.1\ref\net8.0\System.Text.Encoding.Extensions.dllÔÇŁ.
             Znaleziono odwo┼éanie w lokalizacji ┼Ťcie┼╝ki wyszukiwania ÔÇ×{RawFileName}ÔÇŁ.
             To odwo┼éanie nie ma parametru CopyLocal, poniewa┼╝ co najmniej jeden element ┼║r├│d┼éowy ma parametr Private ustawiony na warto┼Ť─ç false, a ┼╝aden z element├│w ┼║r├│d┼éowych nie ma parametru Private ustawionego na warto┼Ť─ç true.
         Odwo┼éanie podstawowe ÔÇ×System.Text.Encoding, Version=8.0.0.0, Culture=neutral, PublicKeyToken=b03f5f7f11d50a3aÔÇŁ.
             Rozpoznana ┼Ťcie┼╝ka pliku: ÔÇ×C:\Program Files\dotnet\packs\Microsoft.NETCore.App.Ref\8.0.1\ref\net8.0\System.Text.Encoding.dllÔÇŁ.
             Znaleziono odwo┼éanie w lokalizacji ┼Ťcie┼╝ki wyszukiwania ÔÇ×{RawFileName}ÔÇŁ.
             To odwo┼éanie nie ma parametru CopyLocal, poniewa┼╝ co najmniej jeden element ┼║r├│d┼éowy ma parametr Private ustawiony na warto┼Ť─ç false, a ┼╝aden z element├│w ┼║r├│d┼éowych nie ma parametru Private ustawionego na warto┼Ť─ç true.
         Odwo┼éanie podstawowe ÔÇ×System.Text.Encodings.Web, Version=8.0.0.0, Culture=neutral, PublicKeyToken=cc7b13ffcd2ddd51ÔÇŁ.
             Rozpoznana ┼Ťcie┼╝ka pliku: ÔÇ×C:\Program Files\dotnet\packs\Microsoft.NETCore.App.Ref\8.0.1\ref\net8.0\System.Text.Encodings.Web.dllÔÇŁ.
             Znaleziono odwo┼éanie w lokalizacji ┼Ťcie┼╝ki wyszukiwania ÔÇ×{RawFileName}ÔÇŁ.
             To odwo┼éanie nie ma parametru CopyLocal, poniewa┼╝ co najmniej jeden element ┼║r├│d┼éowy ma parametr Private ustawiony na warto┼Ť─ç false, a ┼╝aden z element├│w ┼║r├│d┼éowych nie ma parametru Private ustawionego na warto┼Ť─ç true.
         Odwo┼éanie podstawowe ÔÇ×System.Text.Json, Version=8.0.0.0, Culture=neutral, PublicKeyToken=cc7b13ffcd2ddd51ÔÇŁ.
             Rozpoznana ┼Ťcie┼╝ka pliku: ÔÇ×C:\Program Files\dotnet\packs\Microsoft.NETCore.App.Ref\8.0.1\ref\net8.0\System.Text.Json.dllÔÇŁ.
             Znaleziono odwo┼éanie w lokalizacji ┼Ťcie┼╝ki wyszukiwania ÔÇ×{RawFileName}ÔÇŁ.
             To odwo┼éanie nie ma parametru CopyLocal, poniewa┼╝ co najmniej jeden element ┼║r├│d┼éowy ma parametr Private ustawiony na warto┼Ť─ç false, a ┼╝aden z element├│w ┼║r├│d┼éowych nie ma parametru Private ustawionego na warto┼Ť─ç true.
         Odwo┼éanie podstawowe ÔÇ×System.Text.RegularExpressions, Version=8.0.0.0, Culture=neutral, PublicKeyToken=b03f5f7f11d50a3aÔÇŁ.
             Rozpoznana ┼Ťcie┼╝ka pliku: ÔÇ×C:\Program Files\dotnet\packs\Microsoft.NETCore.App.Ref\8.0.1\ref\net8.0\System.Text.RegularExpressions.dllÔÇŁ.
             Znaleziono odwo┼éanie w lokalizacji ┼Ťcie┼╝ki wyszukiwania ÔÇ×{RawFileName}ÔÇŁ.
             To odwo┼éanie nie ma parametru CopyLocal, poniewa┼╝ co najmniej jeden element ┼║r├│d┼éowy ma parametr Private ustawiony na warto┼Ť─ç false, a ┼╝aden z element├│w ┼║r├│d┼éowych nie ma parametru Private ustawionego na warto┼Ť─ç true.
         Odwo┼éanie podstawowe ÔÇ×System.Threading.Channels, Version=8.0.0.0, Culture=neutral, PublicKeyToken=cc7b13ffcd2ddd51ÔÇŁ.
             Rozpoznana ┼Ťcie┼╝ka pliku: ÔÇ×C:\Program Files\dotnet\packs\Microsoft.NETCore.App.Ref\8.0.1\ref\net8.0\System.Threading.Channels.dllÔÇŁ.
             Znaleziono odwo┼éanie w lokalizacji ┼Ťcie┼╝ki wyszukiwania ÔÇ×{RawFileName}ÔÇŁ.
             To odwo┼éanie nie ma parametru CopyLocal, poniewa┼╝ co najmniej jeden element ┼║r├│d┼éowy ma parametr Private ustawiony na warto┼Ť─ç false, a ┼╝aden z element├│w ┼║r├│d┼éowych nie ma parametru Private ustawionego na warto┼Ť─ç true.
         Odwo┼éanie podstawowe ÔÇ×System.Threading.Overlapped, Version=8.0.0.0, Culture=neutral, PublicKeyToken=b03f5f7f11d50a3aÔÇŁ.
             Rozpoznana ┼Ťcie┼╝ka pliku: ÔÇ×C:\Program Files\dotnet\packs\Microsoft.NETCore.App.Ref\8.0.1\ref\net8.0\System.Threading.Overlapped.dllÔÇŁ.
             Znaleziono odwo┼éanie w lokalizacji ┼Ťcie┼╝ki wyszukiwania ÔÇ×{RawFileName}ÔÇŁ.
             To odwo┼éanie nie ma parametru CopyLocal, poniewa┼╝ co najmniej jeden element ┼║r├│d┼éowy ma parametr Private ustawiony na warto┼Ť─ç false, a ┼╝aden z element├│w ┼║r├│d┼éowych nie ma parametru Private ustawionego na warto┼Ť─ç true.
         Odwo┼éanie podstawowe ÔÇ×System.Threading.Tasks.Dataflow, Version=8.0.0.0, Culture=neutral, PublicKeyToken=b03f5f7f11d50a3aÔÇŁ.
             Rozpoznana ┼Ťcie┼╝ka pliku: ÔÇ×C:\Program Files\dotnet\packs\Microsoft.NETCore.App.Ref\8.0.1\ref\net8.0\System.Threading.Tasks.Dataflow.dllÔÇŁ.
             Znaleziono odwo┼éanie w lokalizacji ┼Ťcie┼╝ki wyszukiwania ÔÇ×{RawFileName}ÔÇŁ.
             To odwo┼éanie nie ma parametru CopyLocal, poniewa┼╝ co najmniej jeden element ┼║r├│d┼éowy ma parametr Private ustawiony na warto┼Ť─ç false, a ┼╝aden z element├│w ┼║r├│d┼éowych nie ma parametru Private ustawionego na warto┼Ť─ç true.
         Odwo┼éanie podstawowe ÔÇ×System.Threading.Tasks.Extensions, Version=8.0.0.0, Culture=neutral, PublicKeyToken=cc7b13ffcd2ddd51ÔÇŁ.
             Rozpoznana ┼Ťcie┼╝ka pliku: ÔÇ×C:\Program Files\dotnet\packs\Microsoft.NETCore.App.Ref\8.0.1\ref\net8.0\System.Threading.Tasks.Extensions.dllÔÇŁ.
             Znaleziono odwo┼éanie w lokalizacji ┼Ťcie┼╝ki wyszukiwania ÔÇ×{RawFileName}ÔÇŁ.
             To odwo┼éanie nie ma parametru CopyLocal, poniewa┼╝ co najmniej jeden element ┼║r├│d┼éowy ma parametr Private ustawiony na warto┼Ť─ç false, a ┼╝aden z element├│w ┼║r├│d┼éowych nie ma parametru Private ustawionego na warto┼Ť─ç true.
         Odwo┼éanie podstawowe ÔÇ×System.Threading.Tasks.Parallel, Version=8.0.0.0, Culture=neutral, PublicKeyToken=b03f5f7f11d50a3aÔÇŁ.
             Rozpoznana ┼Ťcie┼╝ka pliku: ÔÇ×C:\Program Files\dotnet\packs\Microsoft.NETCore.App.Ref\8.0.1\ref\net8.0\System.Threading.Tasks.Parallel.dllÔÇŁ.
             Znaleziono odwo┼éanie w lokalizacji ┼Ťcie┼╝ki wyszukiwania ÔÇ×{RawFileName}ÔÇŁ.
             To odwo┼éanie nie ma parametru CopyLocal, poniewa┼╝ co najmniej jeden element ┼║r├│d┼éowy ma parametr Private ustawiony na warto┼Ť─ç false, a ┼╝aden z element├│w ┼║r├│d┼éowych nie ma parametru Private ustawionego na warto┼Ť─ç true.
         Odwo┼éanie podstawowe ÔÇ×System.Threading.Tasks, Version=8.0.0.0, Culture=neutral, PublicKeyToken=b03f5f7f11d50a3aÔÇŁ.
             Rozpoznana ┼Ťcie┼╝ka pliku: ÔÇ×C:\Program Files\dotnet\packs\Microsoft.NETCore.App.Ref\8.0.1\ref\net8.0\System.Threading.Tasks.dllÔÇŁ.
             Znaleziono odwo┼éanie w lokalizacji ┼Ťcie┼╝ki wyszukiwania ÔÇ×{RawFileName}ÔÇŁ.
             To odwo┼éanie nie ma parametru CopyLocal, poniewa┼╝ co najmniej jeden element ┼║r├│d┼éowy ma parametr Private ustawiony na warto┼Ť─ç false, a ┼╝aden z element├│w ┼║r├│d┼éowych nie ma parametru Private ustawionego na warto┼Ť─ç true.
         Odwo┼éanie podstawowe ÔÇ×System.Threading.Thread, Version=8.0.0.0, Culture=neutral, PublicKeyToken=b03f5f7f11d50a3aÔÇŁ.
             Rozpoznana ┼Ťcie┼╝ka pliku: ÔÇ×C:\Program Files\dotnet\packs\Microsoft.NETCore.App.Ref\8.0.1\ref\net8.0\System.Threading.Thread.dllÔÇŁ.
             Znaleziono odwo┼éanie w lokalizacji ┼Ťcie┼╝ki wyszukiwania ÔÇ×{RawFileName}ÔÇŁ.
             To odwo┼éanie nie ma parametru CopyLocal, poniewa┼╝ co najmniej jeden element ┼║r├│d┼éowy ma parametr Private ustawiony na warto┼Ť─ç false, a ┼╝aden z element├│w ┼║r├│d┼éowych nie ma parametru Private ustawionego na warto┼Ť─ç true.
         Odwo┼éanie podstawowe ÔÇ×System.Threading.ThreadPool, Version=8.0.0.0, Culture=neutral, PublicKeyToken=b03f5f7f11d50a3aÔÇŁ.
             Rozpoznana ┼Ťcie┼╝ka pliku: ÔÇ×C:\Program Files\dotnet\packs\Microsoft.NETCore.App.Ref\8.0.1\ref\net8.0\System.Threading.ThreadPool.dllÔÇŁ.
             Znaleziono odwo┼éanie w lokalizacji ┼Ťcie┼╝ki wyszukiwania ÔÇ×{RawFileName}ÔÇŁ.
             To odwo┼éanie nie ma parametru CopyLocal, poniewa┼╝ co najmniej jeden element ┼║r├│d┼éowy ma parametr Private ustawiony na warto┼Ť─ç false, a ┼╝aden z element├│w ┼║r├│d┼éowych nie ma parametru Private ustawionego na warto┼Ť─ç true.
         Odwo┼éanie podstawowe ÔÇ×System.Threading.Timer, Version=8.0.0.0, Culture=neutral, PublicKeyToken=b03f5f7f11d50a3aÔÇŁ.
             Rozpoznana ┼Ťcie┼╝ka pliku: ÔÇ×C:\Program Files\dotnet\packs\Microsoft.NETCore.App.Ref\8.0.1\ref\net8.0\System.Threading.Timer.dllÔÇŁ.
             Znaleziono odwo┼éanie w lokalizacji ┼Ťcie┼╝ki wyszukiwania ÔÇ×{RawFileName}ÔÇŁ.
             To odwo┼éanie nie ma parametru CopyLocal, poniewa┼╝ co najmniej jeden element ┼║r├│d┼éowy ma parametr Private ustawiony na warto┼Ť─ç false, a ┼╝aden z element├│w ┼║r├│d┼éowych nie ma parametru Private ustawionego na warto┼Ť─ç true.
         Odwo┼éanie podstawowe ÔÇ×System.Threading, Version=8.0.0.0, Culture=neutral, PublicKeyToken=b03f5f7f11d50a3aÔÇŁ.
             Rozpoznana ┼Ťcie┼╝ka pliku: ÔÇ×C:\Program Files\dotnet\packs\Microsoft.NETCore.App.Ref\8.0.1\ref\net8.0\System.Threading.dllÔÇŁ.
             Znaleziono odwo┼éanie w lokalizacji ┼Ťcie┼╝ki wyszukiwania ÔÇ×{RawFileName}ÔÇŁ.
             To odwo┼éanie nie ma parametru CopyLocal, poniewa┼╝ co najmniej jeden element ┼║r├│d┼éowy ma parametr Private ustawiony na warto┼Ť─ç false, a ┼╝aden z element├│w ┼║r├│d┼éowych nie ma parametru Private ustawionego na warto┼Ť─ç true.
         Odwo┼éanie podstawowe ÔÇ×System.Transactions.Local, Version=8.0.0.0, Culture=neutral, PublicKeyToken=cc7b13ffcd2ddd51ÔÇŁ.
             Rozpoznana ┼Ťcie┼╝ka pliku: ÔÇ×C:\Program Files\dotnet\packs\Microsoft.NETCore.App.Ref\8.0.1\ref\net8.0\System.Transactions.Local.dllÔÇŁ.
             Znaleziono odwo┼éanie w lokalizacji ┼Ťcie┼╝ki wyszukiwania ÔÇ×{RawFileName}ÔÇŁ.
             To odwo┼éanie nie ma parametru CopyLocal, poniewa┼╝ co najmniej jeden element ┼║r├│d┼éowy ma parametr Private ustawiony na warto┼Ť─ç false, a ┼╝aden z element├│w ┼║r├│d┼éowych nie ma parametru Private ustawionego na warto┼Ť─ç true.
         Odwo┼éanie podstawowe ÔÇ×System.Transactions, Version=4.0.0.0, Culture=neutral, PublicKeyToken=b77a5c561934e089ÔÇŁ.
             Rozpoznana ┼Ťcie┼╝ka pliku: ÔÇ×C:\Program Files\dotnet\packs\Microsoft.NETCore.App.Ref\8.0.1\ref\net8.0\System.Transactions.dllÔÇŁ.
             Znaleziono odwo┼éanie w lokalizacji ┼Ťcie┼╝ki wyszukiwania ÔÇ×{RawFileName}ÔÇŁ.
             To odwo┼éanie nie ma parametru CopyLocal, poniewa┼╝ co najmniej jeden element ┼║r├│d┼éowy ma parametr Private ustawiony na warto┼Ť─ç false, a ┼╝aden z element├│w ┼║r├│d┼éowych nie ma parametru Private ustawionego na warto┼Ť─ç true.
         Odwo┼éanie podstawowe ÔÇ×System.ValueTuple, Version=8.0.0.0, Culture=neutral, PublicKeyToken=cc7b13ffcd2ddd51ÔÇŁ.
             Rozpoznana ┼Ťcie┼╝ka pliku: ÔÇ×C:\Program Files\dotnet\packs\Microsoft.NETCore.App.Ref\8.0.1\ref\net8.0\System.ValueTuple.dllÔÇŁ.
             Znaleziono odwo┼éanie w lokalizacji ┼Ťcie┼╝ki wyszukiwania ÔÇ×{RawFileName}ÔÇŁ.
             To odwo┼éanie nie ma parametru CopyLocal, poniewa┼╝ co najmniej jeden element ┼║r├│d┼éowy ma parametr Private ustawiony na warto┼Ť─ç false, a ┼╝aden z element├│w ┼║r├│d┼éowych nie ma parametru Private ustawionego na warto┼Ť─ç true.
         Odwo┼éanie podstawowe ÔÇ×System.Web.HttpUtility, Version=8.0.0.0, Culture=neutral, PublicKeyToken=cc7b13ffcd2ddd51ÔÇŁ.
             Rozpoznana ┼Ťcie┼╝ka pliku: ÔÇ×C:\Program Files\dotnet\packs\Microsoft.NETCore.App.Ref\8.0.1\ref\net8.0\System.Web.HttpUtility.dllÔÇŁ.
             Znaleziono odwo┼éanie w lokalizacji ┼Ťcie┼╝ki wyszukiwania ÔÇ×{RawFileName}ÔÇŁ.
             To odwo┼éanie nie ma parametru CopyLocal, poniewa┼╝ co najmniej jeden element ┼║r├│d┼éowy ma parametr Private ustawiony na warto┼Ť─ç false, a ┼╝aden z element├│w ┼║r├│d┼éowych nie ma parametru Private ustawionego na warto┼Ť─ç true.
         Odwo┼éanie podstawowe ÔÇ×System.Web, Version=4.0.0.0, Culture=neutral, PublicKeyToken=b03f5f7f11d50a3aÔÇŁ.
             Rozpoznana ┼Ťcie┼╝ka pliku: ÔÇ×C:\Program Files\dotnet\packs\Microsoft.NETCore.App.Ref\8.0.1\ref\net8.0\System.Web.dllÔÇŁ.
             Znaleziono odwo┼éanie w lokalizacji ┼Ťcie┼╝ki wyszukiwania ÔÇ×{RawFileName}ÔÇŁ.
             To odwo┼éanie nie ma parametru CopyLocal, poniewa┼╝ co najmniej jeden element ┼║r├│d┼éowy ma parametr Private ustawiony na warto┼Ť─ç false, a ┼╝aden z element├│w ┼║r├│d┼éowych nie ma parametru Private ustawionego na warto┼Ť─ç true.
         Odwo┼éanie podstawowe ÔÇ×System.Windows, Version=4.0.0.0, Culture=neutral, PublicKeyToken=b03f5f7f11d50a3aÔÇŁ.
             Rozpoznana ┼Ťcie┼╝ka pliku: ÔÇ×C:\Program Files\dotnet\packs\Microsoft.NETCore.App.Ref\8.0.1\ref\net8.0\System.Windows.dllÔÇŁ.
             Znaleziono odwo┼éanie w lokalizacji ┼Ťcie┼╝ki wyszukiwania ÔÇ×{RawFileName}ÔÇŁ.
             To odwo┼éanie nie ma parametru CopyLocal, poniewa┼╝ co najmniej jeden element ┼║r├│d┼éowy ma parametr Private ustawiony na warto┼Ť─ç false, a ┼╝aden z element├│w ┼║r├│d┼éowych nie ma parametru Private ustawionego na warto┼Ť─ç true.
         Odwo┼éanie podstawowe ÔÇ×System.Xml.Linq, Version=4.0.0.0, Culture=neutral, PublicKeyToken=b77a5c561934e089ÔÇŁ.
             Rozpoznana ┼Ťcie┼╝ka pliku: ÔÇ×C:\Program Files\dotnet\packs\Microsoft.NETCore.App.Ref\8.0.1\ref\net8.0\System.Xml.Linq.dllÔÇŁ.
             Znaleziono odwo┼éanie w lokalizacji ┼Ťcie┼╝ki wyszukiwania ÔÇ×{RawFileName}ÔÇŁ.
             To odwo┼éanie nie ma parametru CopyLocal, poniewa┼╝ co najmniej jeden element ┼║r├│d┼éowy ma parametr Private ustawiony na warto┼Ť─ç false, a ┼╝aden z element├│w ┼║r├│d┼éowych nie ma parametru Private ustawionego na warto┼Ť─ç true.
         Odwo┼éanie podstawowe ÔÇ×System.Xml.ReaderWriter, Version=8.0.0.0, Culture=neutral, PublicKeyToken=b03f5f7f11d50a3aÔÇŁ.
             Rozpoznana ┼Ťcie┼╝ka pliku: ÔÇ×C:\Program Files\dotnet\packs\Microsoft.NETCore.App.Ref\8.0.1\ref\net8.0\System.Xml.ReaderWriter.dllÔÇŁ.
             Znaleziono odwo┼éanie w lokalizacji ┼Ťcie┼╝ki wyszukiwania ÔÇ×{RawFileName}ÔÇŁ.
             To odwo┼éanie nie ma parametru CopyLocal, poniewa┼╝ co najmniej jeden element ┼║r├│d┼éowy ma parametr Private ustawiony na warto┼Ť─ç false, a ┼╝aden z element├│w ┼║r├│d┼éowych nie ma parametru Private ustawionego na warto┼Ť─ç true.
         Odwo┼éanie podstawowe ÔÇ×System.Xml.Serialization, Version=4.0.0.0, Culture=neutral, PublicKeyToken=b77a5c561934e089ÔÇŁ.
             Rozpoznana ┼Ťcie┼╝ka pliku: ÔÇ×C:\Program Files\dotnet\packs\Microsoft.NETCore.App.Ref\8.0.1\ref\net8.0\System.Xml.Serialization.dllÔÇŁ.
             Znaleziono odwo┼éanie w lokalizacji ┼Ťcie┼╝ki wyszukiwania ÔÇ×{RawFileName}ÔÇŁ.
             To odwo┼éanie nie ma parametru CopyLocal, poniewa┼╝ co najmniej jeden element ┼║r├│d┼éowy ma parametr Private ustawiony na warto┼Ť─ç false, a ┼╝aden z element├│w ┼║r├│d┼éowych nie ma parametru Private ustawionego na warto┼Ť─ç true.
         Odwo┼éanie podstawowe ÔÇ×System.Xml.XDocument, Version=8.0.0.0, Culture=neutral, PublicKeyToken=b03f5f7f11d50a3aÔÇŁ.
             Rozpoznana ┼Ťcie┼╝ka pliku: ÔÇ×C:\Program Files\dotnet\packs\Microsoft.NETCore.App.Ref\8.0.1\ref\net8.0\System.Xml.XDocument.dllÔÇŁ.
             Znaleziono odwo┼éanie w lokalizacji ┼Ťcie┼╝ki wyszukiwania ÔÇ×{RawFileName}ÔÇŁ.
             To odwo┼éanie nie ma parametru CopyLocal, poniewa┼╝ co najmniej jeden element ┼║r├│d┼éowy ma parametr Private ustawiony na warto┼Ť─ç false, a ┼╝aden z element├│w ┼║r├│d┼éowych nie ma parametru Private ustawionego na warto┼Ť─ç true.
         Odwo┼éanie podstawowe ÔÇ×System.Xml.XPath.XDocument, Version=8.0.0.0, Culture=neutral, PublicKeyToken=b03f5f7f11d50a3aÔÇŁ.
             Rozpoznana ┼Ťcie┼╝ka pliku: ÔÇ×C:\Program Files\dotnet\packs\Microsoft.NETCore.App.Ref\8.0.1\ref\net8.0\System.Xml.XPath.XDocument.dllÔÇŁ.
             Znaleziono odwo┼éanie w lokalizacji ┼Ťcie┼╝ki wyszukiwania ÔÇ×{RawFileName}ÔÇŁ.
             To odwo┼éanie nie ma parametru CopyLocal, poniewa┼╝ co najmniej jeden element ┼║r├│d┼éowy ma parametr Private ustawiony na warto┼Ť─ç false, a ┼╝aden z element├│w ┼║r├│d┼éowych nie ma parametru Private ustawionego na warto┼Ť─ç true.
         Odwo┼éanie podstawowe ÔÇ×System.Xml.XPath, Version=8.0.0.0, Culture=neutral, PublicKeyToken=b03f5f7f11d50a3aÔÇŁ.
             Rozpoznana ┼Ťcie┼╝ka pliku: ÔÇ×C:\Program Files\dotnet\packs\Microsoft.NETCore.App.Ref\8.0.1\ref\net8.0\System.Xml.XPath.dllÔÇŁ.
             Znaleziono odwo┼éanie w lokalizacji ┼Ťcie┼╝ki wyszukiwania ÔÇ×{RawFileName}ÔÇŁ.
             To odwo┼éanie nie ma parametru CopyLocal, poniewa┼╝ co najmniej jeden element ┼║r├│d┼éowy ma parametr Private ustawiony na warto┼Ť─ç false, a ┼╝aden z element├│w ┼║r├│d┼éowych nie ma parametru Private ustawionego na warto┼Ť─ç true.
         Odwo┼éanie podstawowe ÔÇ×System.Xml.XmlDocument, Version=8.0.0.0, Culture=neutral, PublicKeyToken=b03f5f7f11d50a3aÔÇŁ.
             Rozpoznana ┼Ťcie┼╝ka pliku: ÔÇ×C:\Program Files\dotnet\packs\Microsoft.NETCore.App.Ref\8.0.1\ref\net8.0\System.Xml.XmlDocument.dllÔÇŁ.
             Znaleziono odwo┼éanie w lokalizacji ┼Ťcie┼╝ki wyszukiwania ÔÇ×{RawFileName}ÔÇŁ.
             To odwo┼éanie nie ma parametru CopyLocal, poniewa┼╝ co najmniej jeden element ┼║r├│d┼éowy ma parametr Private ustawiony na warto┼Ť─ç false, a ┼╝aden z element├│w ┼║r├│d┼éowych nie ma parametru Private ustawionego na warto┼Ť─ç true.
         Odwo┼éanie podstawowe ÔÇ×System.Xml.XmlSerializer, Version=8.0.0.0, Culture=neutral, PublicKeyToken=b03f5f7f11d50a3aÔÇŁ.
             Rozpoznana ┼Ťcie┼╝ka pliku: ÔÇ×C:\Program Files\dotnet\packs\Microsoft.NETCore.App.Ref\8.0.1\ref\net8.0\System.Xml.XmlSerializer.dllÔÇŁ.
             Znaleziono odwo┼éanie w lokalizacji ┼Ťcie┼╝ki wyszukiwania ÔÇ×{RawFileName}ÔÇŁ.
             To odwo┼éanie nie ma parametru CopyLocal, poniewa┼╝ co najmniej jeden element ┼║r├│d┼éowy ma parametr Private ustawiony na warto┼Ť─ç false, a ┼╝aden z element├│w ┼║r├│d┼éowych nie ma parametru Private ustawionego na warto┼Ť─ç true.
         Odwo┼éanie podstawowe ÔÇ×System.Xml, Version=4.0.0.0, Culture=neutral, PublicKeyToken=b77a5c561934e089ÔÇŁ.
             Rozpoznana ┼Ťcie┼╝ka pliku: ÔÇ×C:\Program Files\dotnet\packs\Microsoft.NETCore.App.Ref\8.0.1\ref\net8.0\System.Xml.dllÔÇŁ.
             Znaleziono odwo┼éanie w lokalizacji ┼Ťcie┼╝ki wyszukiwania ÔÇ×{RawFileName}ÔÇŁ.
             To odwo┼éanie nie ma parametru CopyLocal, poniewa┼╝ co najmniej jeden element ┼║r├│d┼éowy ma parametr Private ustawiony na warto┼Ť─ç false, a ┼╝aden z element├│w ┼║r├│d┼éowych nie ma parametru Private ustawionego na warto┼Ť─ç true.
         Odwo┼éanie podstawowe ÔÇ×System, Version=4.0.0.0, Culture=neutral, PublicKeyToken=b77a5c561934e089ÔÇŁ.
             Rozpoznana ┼Ťcie┼╝ka pliku: ÔÇ×C:\Program Files\dotnet\packs\Microsoft.NETCore.App.Ref\8.0.1\ref\net8.0\System.dllÔÇŁ.
             Znaleziono odwo┼éanie w lokalizacji ┼Ťcie┼╝ki wyszukiwania ÔÇ×{RawFileName}ÔÇŁ.
             To odwo┼éanie nie ma parametru CopyLocal, poniewa┼╝ co najmniej jeden element ┼║r├│d┼éowy ma parametr Private ustawiony na warto┼Ť─ç false, a ┼╝aden z element├│w ┼║r├│d┼éowych nie ma parametru Private ustawionego na warto┼Ť─ç true.
         Odwo┼éanie podstawowe ÔÇ×WindowsBase, Version=4.0.0.0, Culture=neutral, PublicKeyToken=31bf3856ad364e35ÔÇŁ.
             Rozpoznana ┼Ťcie┼╝ka pliku: ÔÇ×C:\Program Files\dotnet\packs\Microsoft.NETCore.App.Ref\8.0.1\ref\net8.0\WindowsBase.dllÔÇŁ.
             Znaleziono odwo┼éanie w lokalizacji ┼Ťcie┼╝ki wyszukiwania ÔÇ×{RawFileName}ÔÇŁ.
             To odwo┼éanie nie ma parametru CopyLocal, poniewa┼╝ co najmniej jeden element ┼║r├│d┼éowy ma parametr Private ustawiony na warto┼Ť─ç false, a ┼╝aden z element├│w ┼║r├│d┼éowych nie ma parametru Private ustawionego na warto┼Ť─ç true.
         Odwo┼éanie podstawowe ÔÇ×mscorlib, Version=4.0.0.0, Culture=neutral, PublicKeyToken=b77a5c561934e089ÔÇŁ.
             Rozpoznana ┼Ťcie┼╝ka pliku: ÔÇ×C:\Program Files\dotnet\packs\Microsoft.NETCore.App.Ref\8.0.1\ref\net8.0\mscorlib.dllÔÇŁ.
             Znaleziono odwo┼éanie w lokalizacji ┼Ťcie┼╝ki wyszukiwania ÔÇ×{RawFileName}ÔÇŁ.
             To odwo┼éanie nie ma parametru CopyLocal, poniewa┼╝ co najmniej jeden element ┼║r├│d┼éowy ma parametr Private ustawiony na warto┼Ť─ç false, a ┼╝aden z element├│w ┼║r├│d┼éowych nie ma parametru Private ustawionego na warto┼Ť─ç true.
         Odwo┼éanie podstawowe ÔÇ×netstandard, Version=2.1.0.0, Culture=neutral, PublicKeyToken=cc7b13ffcd2ddd51ÔÇŁ.
             Rozpoznana ┼Ťcie┼╝ka pliku: ÔÇ×C:\Program Files\dotnet\packs\Microsoft.NETCore.App.Ref\8.0.1\ref\net8.0\netstandard.dllÔÇŁ.
             Znaleziono odwo┼éanie w lokalizacji ┼Ťcie┼╝ki wyszukiwania ÔÇ×{RawFileName}ÔÇŁ.
             To odwo┼éanie nie ma parametru CopyLocal, poniewa┼╝ co najmniej jeden element ┼║r├│d┼éowy ma parametr Private ustawiony na warto┼Ť─ç false, a ┼╝aden z element├│w ┼║r├│d┼éowych nie ma parametru Private ustawionego na warto┼Ť─ç true.
       Wykonywanie zadania ÔÇ×ResolveAssemblyReferenceÔÇŁ zako┼äczone.
   3:6>Wykonano kompilowanie elementu docelowego ÔÇ×ResolveAssemblyReferencesÔÇŁ w projekcie ÔÇ×PhotoStudioManager.Infrastructure.csprojÔÇŁ.
       Pomini─Öto element docelowy ÔÇ×GenerateBindingRedirectsÔÇŁ z powodu fa┼észywego warunku; ('$(AutoGenerateBindingRedirects)' == 'true' and '$(GenerateBindingRedirectsOutputType)' == 'true' and '@(SuggestedBindingRedirects)' != '' and '$(DesignTimeBuild)' != 'true' and '$(BuildingProject)' == 'true') oszacowano jako ('' == 'true' and '' == 'true' and '' != '' and '' != 'true' and 'true' == 'true').
       Pomini─Öto element docelowy ÔÇ×GenerateSupportedRuntimeÔÇŁ z powodu fa┼észywego warunku; ('$(GenerateSupportedRuntime)' != 'false' and '$(TargetFrameworkIdentifier)' == '.NETFramework' and '$(HasRuntimeOutput)' == 'true') oszacowano jako ('' != 'false' and '.NETCoreApp' == '.NETFramework' and '' == 'true').
       Pomini─Öto element docelowy ÔÇ×GenerateBindingRedirectsUpdateAppConfigÔÇŁ z powodu fa┼észywego warunku; ('$(AutoGenerateBindingRedirects)' == 'true' and '$(GenerateBindingRedirectsOutputType)' == 'true') oszacowano jako ('' == 'true' and '' == 'true').
       Pomini─Öto element docelowy ÔÇ×ResolveComReferencesÔÇŁ z powodu fa┼észywego warunku; ('@(COMReference)'!='' or '@(COMFileReference)'!='') oszacowano jako (''!='' or ''!='').
   3:6>Element docelowy ÔÇ×AfterResolveReferencesÔÇŁ w pliku ÔÇ×C:\Program Files\dotnet\sdk\8.0.101\Microsoft.Common.CurrentVersion.targetsÔÇŁ z projektu ÔÇ×C:\Users\emili\CascadeProjects\PhotoStudioManager\PhotoStudioManager.Infrastructure\PhotoStudioManager.Infrastructure.csprojÔÇŁ (zale┼╝y od niego element docelowy ÔÇ×ResolveReferencesÔÇŁ):
   3:6>Wykonano kompilowanie elementu docelowego ÔÇ×AfterResolveReferencesÔÇŁ w projekcie ÔÇ×PhotoStudioManager.Infrastructure.csprojÔÇŁ.
   3:6>Element docelowy ÔÇ×ResolveReferencesÔÇŁ w pliku ÔÇ×C:\Program Files\dotnet\sdk\8.0.101\Microsoft.Common.CurrentVersion.targetsÔÇŁ z projektu ÔÇ×C:\Users\emili\CascadeProjects\PhotoStudioManager\PhotoStudioManager.Infrastructure\PhotoStudioManager.Infrastructure.csprojÔÇŁ (zale┼╝y od niego element docelowy ÔÇ×_BlockWinMDsOnUnsupportedTFMsÔÇŁ):
   3:6>Wykonano kompilowanie elementu docelowego ÔÇ×ResolveReferencesÔÇŁ w projekcie ÔÇ×PhotoStudioManager.Infrastructure.csprojÔÇŁ.
   3:6>Element docelowy ÔÇ×_BlockWinMDsOnUnsupportedTFMsÔÇŁ w pliku ÔÇ×C:\Program Files\dotnet\sdk\8.0.101\Sdks\Microsoft.NET.Sdk\targets\Microsoft.NET.Sdk.targetsÔÇŁ z projektu ÔÇ×C:\Users\emili\CascadeProjects\PhotoStudioManager\PhotoStudioManager.Infrastructure\PhotoStudioManager.Infrastructure.csprojÔÇŁ (zale┼╝y od niego element docelowy ÔÇ×CoreBuildÔÇŁ):
       U┼╝ywanie zadania ÔÇ×CheckForUnsupportedWinMDReferencesÔÇŁ z zestawu ÔÇ×C:\Program Files\dotnet\sdk\8.0.101\Sdks\Microsoft.NET.Sdk\targets\..\tools\net8.0\Microsoft.NET.Build.Tasks.dllÔÇŁ.
       Zadanie ÔÇ×CheckForUnsupportedWinMDReferencesÔÇŁ
       Wykonywanie zadania ÔÇ×CheckForUnsupportedWinMDReferencesÔÇŁ zako┼äczone.
       Pomini─Öto zadanie ÔÇ×NETSdkErrorÔÇŁ z powodu fa┼észywego warunku; ('$(OutputType)' == 'winmdobj') oszacowano jako ('Library' == 'winmdobj').
   3:6>Wykonano kompilowanie elementu docelowego ÔÇ×_BlockWinMDsOnUnsupportedTFMsÔÇŁ w projekcie ÔÇ×PhotoStudioManager.Infrastructure.csprojÔÇŁ.
       Pomini─Öto element docelowy ÔÇ×ResolveReferencesÔÇŁ. Wcze┼Ťniejsza kompilacja powiod┼éa si─Ö.
       Pomini─Öto element docelowy ÔÇ×ResolvePackageDependenciesForBuildÔÇŁ. Wcze┼Ťniejsza kompilacja powiod┼éa si─Ö.
       Pomini─Öto element docelowy ÔÇ×_HandlePackageFileConflictsÔÇŁ. Wcze┼Ťniejsza kompilacja powiod┼éa si─Ö.
   3:6>Element docelowy ÔÇ×CopyAdditionalFilesÔÇŁ w pliku ÔÇ×C:\Program Files\dotnet\sdk\8.0.101\Roslyn\Microsoft.Managed.Core.targetsÔÇŁ z projektu ÔÇ×C:\Users\emili\CascadeProjects\PhotoStudioManager\PhotoStudioManager.Infrastructure\PhotoStudioManager.Infrastructure.csprojÔÇŁ (zale┼╝y od niego element docelowy ÔÇ×AssignTargetPathsÔÇŁ):
   3:6>Wykonano kompilowanie elementu docelowego ÔÇ×CopyAdditionalFilesÔÇŁ w projekcie ÔÇ×PhotoStudioManager.Infrastructure.csprojÔÇŁ.
       Pomini─Öto element docelowy ÔÇ×_ChooseAppHostÔÇŁ z powodu fa┼észywego warunku; ('$(UseAppHost)' == 'true' and '$(_IsExecutable)' == 'true') oszacowano jako ('' == 'true' and '' == 'true').
       Pomini─Öto element docelowy ÔÇ×_GetComHostPathsÔÇŁ z powodu fa┼észywego warunku; ('$(EnableComHosting)' == 'true' and '$(_IsExecutable)' != 'true') oszacowano jako ('' == 'true' and '' != 'true').
       Pomini─Öto element docelowy ÔÇ×_GetIjwHostPathsÔÇŁ z powodu fa┼észywego warunku; ('$(UseIJWHost)' == 'true') oszacowano jako ('' == 'true').
   3:6>Element docelowy ÔÇ×_ComputeNETCoreBuildOutputFilesÔÇŁ w pliku ÔÇ×C:\Program Files\dotnet\sdk\8.0.101\Sdks\Microsoft.NET.Sdk\targets\Microsoft.NET.Sdk.targetsÔÇŁ z projektu ÔÇ×C:\Users\emili\CascadeProjects\PhotoStudioManager\PhotoStudioManager.Infrastructure\PhotoStudioManager.Infrastructure.csprojÔÇŁ (zale┼╝y od niego element docelowy ÔÇ×AssignTargetPathsÔÇŁ):
   3:6>Wykonano kompilowanie elementu docelowego ÔÇ×_ComputeNETCoreBuildOutputFilesÔÇŁ w projekcie ÔÇ×PhotoStudioManager.Infrastructure.csprojÔÇŁ.
   3:6>Element docelowy ÔÇ×AssignTargetPathsÔÇŁ w pliku ÔÇ×C:\Program Files\dotnet\sdk\8.0.101\Microsoft.Common.CurrentVersion.targetsÔÇŁ z projektu ÔÇ×C:\Users\emili\CascadeProjects\PhotoStudioManager\PhotoStudioManager.Infrastructure\PhotoStudioManager.Infrastructure.csprojÔÇŁ (zale┼╝y od niego element docelowy ÔÇ×PrepareResourceNamesÔÇŁ):
       U┼╝ywanie zadania ÔÇ×AssignTargetPathÔÇŁ z zestawu ÔÇ×Microsoft.Build.Tasks.Core, Version=15.1.0.0, Culture=neutral, PublicKeyToken=b03f5f7f11d50a3aÔÇŁ.
       Zadanie ÔÇ×AssignTargetPathÔÇŁ
       Wykonywanie zadania ÔÇ×AssignTargetPathÔÇŁ zako┼äczone.
       Zadanie ÔÇ×AssignTargetPathÔÇŁ
       Wykonywanie zadania ÔÇ×AssignTargetPathÔÇŁ zako┼äczone.
       Zadanie ÔÇ×AssignTargetPathÔÇŁ
       Wykonywanie zadania ÔÇ×AssignTargetPathÔÇŁ zako┼äczone.
       Zadanie ÔÇ×AssignTargetPathÔÇŁ
       Wykonywanie zadania ÔÇ×AssignTargetPathÔÇŁ zako┼äczone.
       Pomini─Öto zadanie ÔÇ×AssignTargetPathÔÇŁ z powodu fa┼észywego warunku; ('@(_DeploymentBaseManifestWithTargetPath)'=='' and '%(None.Extension)'=='.manifest') oszacowano jako (''=='' and ''=='.manifest').
   3:6>Wykonano kompilowanie elementu docelowego ÔÇ×AssignTargetPathsÔÇŁ w projekcie ÔÇ×PhotoStudioManager.Infrastructure.csprojÔÇŁ.
       Pomini─Öto element docelowy ÔÇ×AssignTargetPathsÔÇŁ. Wcze┼Ťniejsza kompilacja powiod┼éa si─Ö.
   3:6>Element docelowy ÔÇ×SplitResourcesByCultureÔÇŁ w pliku ÔÇ×C:\Program Files\dotnet\sdk\8.0.101\Microsoft.Common.CurrentVersion.targetsÔÇŁ z projektu ÔÇ×C:\Users\emili\CascadeProjects\PhotoStudioManager\PhotoStudioManager.Infrastructure\PhotoStudioManager.Infrastructure.csprojÔÇŁ (zale┼╝y od niego element docelowy ÔÇ×PrepareResourceNamesÔÇŁ):
       Pomini─Öto zadanie ÔÇ×WarningÔÇŁ z powodu fa┼észywego warunku; ('@(ResxWithNoCulture)'!='') oszacowano jako (''!='').
       Pomini─Öto zadanie ÔÇ×WarningÔÇŁ z powodu fa┼észywego warunku; ('@(ResxWithCulture)'!='') oszacowano jako (''!='').
       Pomini─Öto zadanie ÔÇ×WarningÔÇŁ z powodu fa┼észywego warunku; ('@(NonResxWithCulture)'!='') oszacowano jako (''!='').
       Pomini─Öto zadanie ÔÇ×WarningÔÇŁ z powodu fa┼észywego warunku; ('@(NonResxWithNoCulture)'!='') oszacowano jako (''!='').
       U┼╝ywanie zadania ÔÇ×AssignCultureÔÇŁ z zestawu ÔÇ×Microsoft.Build.Tasks.Core, Version=15.1.0.0, Culture=neutral, PublicKeyToken=b03f5f7f11d50a3aÔÇŁ.
       Zadanie ÔÇ×AssignCultureÔÇŁ
       Wykonywanie zadania ÔÇ×AssignCultureÔÇŁ zako┼äczone.
   3:6>Wykonano kompilowanie elementu docelowego ÔÇ×SplitResourcesByCultureÔÇŁ w projekcie ÔÇ×PhotoStudioManager.Infrastructure.csprojÔÇŁ.
       Pomini─Öto element docelowy ÔÇ×CreateManifestResourceNamesÔÇŁ z powodu fa┼észywego warunku; ('@(EmbeddedResource)' != '') oszacowano jako ('' != '').
   3:6>Element docelowy ÔÇ×CreateCustomManifestResourceNamesÔÇŁ w pliku ÔÇ×C:\Program Files\dotnet\sdk\8.0.101\Microsoft.Common.CurrentVersion.targetsÔÇŁ z projektu ÔÇ×C:\Users\emili\CascadeProjects\PhotoStudioManager\PhotoStudioManager.Infrastructure\PhotoStudioManager.Infrastructure.csprojÔÇŁ (zale┼╝y od niego element docelowy ÔÇ×PrepareResourceNamesÔÇŁ):
   3:6>Wykonano kompilowanie elementu docelowego ÔÇ×CreateCustomManifestResourceNamesÔÇŁ w projekcie ÔÇ×PhotoStudioManager.Infrastructure.csprojÔÇŁ.
   3:6>Element docelowy ÔÇ×PrepareResourceNamesÔÇŁ w pliku ÔÇ×C:\Program Files\dotnet\sdk\8.0.101\Microsoft.Common.CurrentVersion.targetsÔÇŁ z projektu ÔÇ×C:\Users\emili\CascadeProjects\PhotoStudioManager\PhotoStudioManager.Infrastructure\PhotoStudioManager.Infrastructure.csprojÔÇŁ (zale┼╝y od niego element docelowy ÔÇ×PrepareResourcesÔÇŁ):
   3:6>Wykonano kompilowanie elementu docelowego ÔÇ×PrepareResourceNamesÔÇŁ w projekcie ÔÇ×PhotoStudioManager.Infrastructure.csprojÔÇŁ.
       Pomini─Öto element docelowy ÔÇ×ResolveAssemblyReferencesÔÇŁ. Wcze┼Ťniejsza kompilacja powiod┼éa si─Ö.
       Pomini─Öto element docelowy ÔÇ×SplitResourcesByCultureÔÇŁ. Wcze┼Ťniejsza kompilacja powiod┼éa si─Ö.
   3:6>Element docelowy ÔÇ×BeforeResGenÔÇŁ w pliku ÔÇ×C:\Program Files\dotnet\sdk\8.0.101\Microsoft.Common.CurrentVersion.targetsÔÇŁ z projektu ÔÇ×C:\Users\emili\CascadeProjects\PhotoStudioManager\PhotoStudioManager.Infrastructure\PhotoStudioManager.Infrastructure.csprojÔÇŁ (zale┼╝y od niego element docelowy ÔÇ×ResGenÔÇŁ):
   3:6>Wykonano kompilowanie elementu docelowego ÔÇ×BeforeResGenÔÇŁ w projekcie ÔÇ×PhotoStudioManager.Infrastructure.csprojÔÇŁ.
       Pomini─Öto element docelowy ÔÇ×ResolveReferencesÔÇŁ. Wcze┼Ťniejsza kompilacja powiod┼éa si─Ö.
   3:6>Element docelowy ÔÇ×FindReferenceAssembliesForReferencesÔÇŁ w pliku ÔÇ×C:\Program Files\dotnet\sdk\8.0.101\Microsoft.Common.CurrentVersion.targetsÔÇŁ z projektu ÔÇ×C:\Users\emili\CascadeProjects\PhotoStudioManager\PhotoStudioManager.Infrastructure\PhotoStudioManager.Infrastructure.csprojÔÇŁ (zale┼╝y od niego element docelowy ÔÇ×CoreResGenÔÇŁ):
   3:6>Wykonano kompilowanie elementu docelowego ÔÇ×FindReferenceAssembliesForReferencesÔÇŁ w projekcie ÔÇ×PhotoStudioManager.Infrastructure.csprojÔÇŁ.
   3:6>Element docelowy ÔÇ×CoreResGenÔÇŁ w pliku ÔÇ×C:\Program Files\dotnet\sdk\8.0.101\Microsoft.Common.CurrentVersion.targetsÔÇŁ z projektu ÔÇ×C:\Users\emili\CascadeProjects\PhotoStudioManager\PhotoStudioManager.Infrastructure\PhotoStudioManager.Infrastructure.csprojÔÇŁ (zale┼╝y od niego element docelowy ÔÇ×ResGenÔÇŁ):
       Pomini─Öto zadanie ÔÇ×GenerateResourceÔÇŁ z powodu fa┼észywego warunku; ('%(EmbeddedResource.Type)' == 'Resx' and '%(EmbeddedResource.GenerateResource)' != 'false' and '$(GenerateResourceMSBuildRuntime)' != 'CLR2') oszacowano jako ('' == 'Resx' and '' != 'false' and 'CurrentRuntime' != 'CLR2').
       Pomini─Öto zadanie ÔÇ×GenerateResourceÔÇŁ z powodu fa┼észywego warunku; ('%(EmbeddedResource.Type)' == 'Resx' and '%(EmbeddedResource.GenerateResource)' != 'false' and '$(GenerateResourceMSBuildRuntime)' == 'CLR2') oszacowano jako ('' == 'Resx' and '' != 'false' and 'CurrentRuntime' == 'CLR2').
   3:6>Wykonano kompilowanie elementu docelowego ÔÇ×CoreResGenÔÇŁ w projekcie ÔÇ×PhotoStudioManager.Infrastructure.csprojÔÇŁ.
   3:6>Element docelowy ÔÇ×AfterResGenÔÇŁ w pliku ÔÇ×C:\Program Files\dotnet\sdk\8.0.101\Microsoft.Common.CurrentVersion.targetsÔÇŁ z projektu ÔÇ×C:\Users\emili\CascadeProjects\PhotoStudioManager\PhotoStudioManager.Infrastructure\PhotoStudioManager.Infrastructure.csprojÔÇŁ (zale┼╝y od niego element docelowy ÔÇ×ResGenÔÇŁ):
   3:6>Wykonano kompilowanie elementu docelowego ÔÇ×AfterResGenÔÇŁ w projekcie ÔÇ×PhotoStudioManager.Infrastructure.csprojÔÇŁ.
   3:6>Element docelowy ÔÇ×ResGenÔÇŁ w pliku ÔÇ×C:\Program Files\dotnet\sdk\8.0.101\Microsoft.Common.CurrentVersion.targetsÔÇŁ z projektu ÔÇ×C:\Users\emili\CascadeProjects\PhotoStudioManager\PhotoStudioManager.Infrastructure\PhotoStudioManager.Infrastructure.csprojÔÇŁ (zale┼╝y od niego element docelowy ÔÇ×PrepareResourcesÔÇŁ):
   3:6>Wykonano kompilowanie elementu docelowego ÔÇ×ResGenÔÇŁ w projekcie ÔÇ×PhotoStudioManager.Infrastructure.csprojÔÇŁ.
       Pomini─Öto element docelowy ÔÇ×CompileLicxFilesÔÇŁ z powodu fa┼észywego warunku; ('@(_LicxFile)'!='') oszacowano jako (''!='').
   3:6>Element docelowy ÔÇ×PrepareResourcesÔÇŁ w pliku ÔÇ×C:\Program Files\dotnet\sdk\8.0.101\Microsoft.Common.CurrentVersion.targetsÔÇŁ z projektu ÔÇ×C:\Users\emili\CascadeProjects\PhotoStudioManager\PhotoStudioManager.Infrastructure\PhotoStudioManager.Infrastructure.csprojÔÇŁ (zale┼╝y od niego element docelowy ÔÇ×CoreBuildÔÇŁ):
   3:6>Wykonano kompilowanie elementu docelowego ÔÇ×PrepareResourcesÔÇŁ w projekcie ÔÇ×PhotoStudioManager.Infrastructure.csprojÔÇŁ.
       Pomini─Öto element docelowy ÔÇ×ResolveKeySourceÔÇŁ z powodu fa┼észywego warunku; ($(SignManifests) == 'true' or $(SignAssembly) == 'true') oszacowano jako ( == 'true' or false == 'true').
       Pomini─Öto element docelowy ÔÇ×ResolveReferencesÔÇŁ. Wcze┼Ťniejsza kompilacja powiod┼éa si─Ö.
       Pomini─Öto element docelowy ÔÇ×ResolveKeySourceÔÇŁ z powodu fa┼észywego warunku; ($(SignManifests) == 'true' or $(SignAssembly) == 'true') oszacowano jako ( == 'true' or false == 'true').
       Pomini─Öto element docelowy ÔÇ×ResolveComReferencesÔÇŁ z powodu fa┼észywego warunku; ('@(COMReference)'!='' or '@(COMFileReference)'!='') oszacowano jako (''!='' or ''!='').
       Pomini─Öto element docelowy ÔÇ×ResolveNativeReferencesÔÇŁ z powodu fa┼észywego warunku; ('@(NativeReference)'!='') oszacowano jako (''!='').
       Pomini─Öto element docelowy ÔÇ×_SetExternalWin32ManifestPropertiesÔÇŁ z powodu fa┼észywego warunku; ('$(GenerateClickOnceManifests)'=='true' or '@(NativeReference)'!='' or '@(ResolvedIsolatedComModules)'!='') oszacowano jako (''=='true' or ''!='' or ''!='').
   3:6>Element docelowy ÔÇ×_SetEmbeddedWin32ManifestPropertiesÔÇŁ w pliku ÔÇ×C:\Program Files\dotnet\sdk\8.0.101\Microsoft.Common.CurrentVersion.targetsÔÇŁ z projektu ÔÇ×C:\Users\emili\CascadeProjects\PhotoStudioManager\PhotoStudioManager.Infrastructure\PhotoStudioManager.Infrastructure.csprojÔÇŁ (zale┼╝y od niego element docelowy ÔÇ×SetWin32ManifestPropertiesÔÇŁ):
       U┼╝ywanie zadania ÔÇ×GetFrameworkPathÔÇŁ z zestawu ÔÇ×Microsoft.Build.Tasks.Core, Version=15.1.0.0, Culture=neutral, PublicKeyToken=b03f5f7f11d50a3aÔÇŁ.
       Zadanie ÔÇ×GetFrameworkPathÔÇŁ
       Wykonywanie zadania ÔÇ×GetFrameworkPathÔÇŁ zako┼äczone.
   3:6>Wykonano kompilowanie elementu docelowego ÔÇ×_SetEmbeddedWin32ManifestPropertiesÔÇŁ w projekcie ÔÇ×PhotoStudioManager.Infrastructure.csprojÔÇŁ.
   3:6>Element docelowy ÔÇ×SetWin32ManifestPropertiesÔÇŁ w pliku ÔÇ×C:\Program Files\dotnet\sdk\8.0.101\Microsoft.Common.CurrentVersion.targetsÔÇŁ z projektu ÔÇ×C:\Users\emili\CascadeProjects\PhotoStudioManager\PhotoStudioManager.Infrastructure\PhotoStudioManager.Infrastructure.csprojÔÇŁ (zale┼╝y od niego element docelowy ÔÇ×CompileÔÇŁ):
   3:6>Wykonano kompilowanie elementu docelowego ÔÇ×SetWin32ManifestPropertiesÔÇŁ w projekcie ÔÇ×PhotoStudioManager.Infrastructure.csprojÔÇŁ.
       Pomini─Öto element docelowy ÔÇ×FindReferenceAssembliesForReferencesÔÇŁ. Wcze┼Ťniejsza kompilacja powiod┼éa si─Ö.
   3:6>Element docelowy ÔÇ×_GenerateCompileInputsÔÇŁ w pliku ÔÇ×C:\Program Files\dotnet\sdk\8.0.101\Microsoft.Common.CurrentVersion.targetsÔÇŁ z projektu ÔÇ×C:\Users\emili\CascadeProjects\PhotoStudioManager\PhotoStudioManager.Infrastructure\PhotoStudioManager.Infrastructure.csprojÔÇŁ (zale┼╝y od niego element docelowy ÔÇ×CompileÔÇŁ):
       Pomini─Öto zadanie ÔÇ×WarningÔÇŁ z powodu fa┼észywego warunku; ('@(ManifestResourceWithNoCulture)'!='' and '%(ManifestResourceWithNoCulture.EmittedForCompatibilityOnly)'=='') oszacowano jako (''!='' and ''=='').
       Pomini─Öto zadanie ÔÇ×WarningÔÇŁ z powodu fa┼észywego warunku; ('@(ManifestNonResxWithNoCultureOnDisk)'!='' and '%(ManifestNonResxWithNoCultureOnDisk.EmittedForCompatibilityOnly)'=='') oszacowano jako (''!='' and ''=='').
   3:6>Wykonano kompilowanie elementu docelowego ÔÇ×_GenerateCompileInputsÔÇŁ w projekcie ÔÇ×PhotoStudioManager.Infrastructure.csprojÔÇŁ.
       Pomini─Öto element docelowy ÔÇ×PrepareForBuildÔÇŁ. Wcze┼Ťniejsza kompilacja powiod┼éa si─Ö.
   3:6>Element docelowy ÔÇ×GenerateMSBuildEditorConfigFileShouldRunÔÇŁ w pliku ÔÇ×C:\Program Files\dotnet\sdk\8.0.101\Roslyn\Microsoft.Managed.Core.targetsÔÇŁ z projektu ÔÇ×C:\Users\emili\CascadeProjects\PhotoStudioManager\PhotoStudioManager.Infrastructure\PhotoStudioManager.Infrastructure.csprojÔÇŁ (zale┼╝y od niego element docelowy ÔÇ×GenerateMSBuildEditorConfigFileÔÇŁ):
   3:6>Wykonano kompilowanie elementu docelowego ÔÇ×GenerateMSBuildEditorConfigFileShouldRunÔÇŁ w projekcie ÔÇ×PhotoStudioManager.Infrastructure.csprojÔÇŁ.
   3:6>Element docelowy ÔÇ×GenerateMSBuildEditorConfigFileCoreÔÇŁ w pliku ÔÇ×C:\Program Files\dotnet\sdk\8.0.101\Roslyn\Microsoft.Managed.Core.targetsÔÇŁ z projektu ÔÇ×C:\Users\emili\CascadeProjects\PhotoStudioManager\PhotoStudioManager.Infrastructure\PhotoStudioManager.Infrastructure.csprojÔÇŁ (zale┼╝y od niego element docelowy ÔÇ×GenerateMSBuildEditorConfigFileÔÇŁ):
       Uko┼äczono kompilowanie elementu docelowego ÔÇ×GenerateMSBuildEditorConfigFileCoreÔÇŁ.
       Nie okre┼Ťlono plik├│w wej┼Ťciowych.
       U┼╝ywanie zadania ÔÇ×GenerateMSBuildEditorConfigÔÇŁ z zestawu ÔÇ×C:\Program Files\dotnet\sdk\8.0.101\Roslyn\Microsoft.Build.Tasks.CodeAnalysis.dllÔÇŁ.
       Zadanie ÔÇ×GenerateMSBuildEditorConfigÔÇŁ
       Wykonywanie zadania ÔÇ×GenerateMSBuildEditorConfigÔÇŁ zako┼äczone.
   3:6>Wykonano kompilowanie elementu docelowego ÔÇ×GenerateMSBuildEditorConfigFileCoreÔÇŁ w projekcie ÔÇ×PhotoStudioManager.Infrastructure.csprojÔÇŁ.
   3:6>Element docelowy ÔÇ×GenerateMSBuildEditorConfigFileÔÇŁ w pliku ÔÇ×C:\Program Files\dotnet\sdk\8.0.101\Roslyn\Microsoft.Managed.Core.targetsÔÇŁ z projektu ÔÇ×C:\Users\emili\CascadeProjects\PhotoStudioManager\PhotoStudioManager.Infrastructure\PhotoStudioManager.Infrastructure.csprojÔÇŁ (zale┼╝y od niego element docelowy ÔÇ×BeforeCompileÔÇŁ):
   3:6>Wykonano kompilowanie elementu docelowego ÔÇ×GenerateMSBuildEditorConfigFileÔÇŁ w projekcie ÔÇ×PhotoStudioManager.Infrastructure.csprojÔÇŁ.
       Pomini─Öto element docelowy ÔÇ×PrepareForBuildÔÇŁ. Wcze┼Ťniejsza kompilacja powiod┼éa si─Ö.
       Pomini─Öto element docelowy ÔÇ×GetReferenceAssemblyPathsÔÇŁ. Wcze┼Ťniejsza kompilacja powiod┼éa si─Ö.
   3:6>Element docelowy ÔÇ×_SetTargetFrameworkMonikerAttributeÔÇŁ w pliku ÔÇ×C:\Program Files\dotnet\sdk\8.0.101\Microsoft.CSharp.CurrentVersion.targetsÔÇŁ z projektu ÔÇ×C:\Users\emili\CascadeProjects\PhotoStudioManager\PhotoStudioManager.Infrastructure\PhotoStudioManager.Infrastructure.csprojÔÇŁ (zale┼╝y od niego element docelowy ÔÇ×GenerateTargetFrameworkMonikerAttributeÔÇŁ):
   3:6>Wykonano kompilowanie elementu docelowego ÔÇ×_SetTargetFrameworkMonikerAttributeÔÇŁ w projekcie ÔÇ×PhotoStudioManager.Infrastructure.csprojÔÇŁ.
   3:6>Element docelowy ÔÇ×GenerateTargetFrameworkMonikerAttributeÔÇŁ w pliku ÔÇ×C:\Program Files\dotnet\sdk\8.0.101\Microsoft.Common.CurrentVersion.targetsÔÇŁ z projektu ÔÇ×C:\Users\emili\CascadeProjects\PhotoStudioManager\PhotoStudioManager.Infrastructure\PhotoStudioManager.Infrastructure.csprojÔÇŁ (zale┼╝y od niego element docelowy ÔÇ×BeforeCompileÔÇŁ):
       Pomijanie elementu docelowego ÔÇ×GenerateTargetFrameworkMonikerAttributeÔÇŁ, poniewa┼╝ wszystkie pliki wyj┼Ťciowe s─ů aktualne w por├│wnaniu z plikami wej┼Ťciowymi.
       Pliki wej┼Ťciowe: C:\Program Files\dotnet\sdk\8.0.101\Microsoft.Common.targets
       Pliki wyj┼Ťciowe: obj\Debug\net8.0\.NETCoreApp,Version=v8.0.AssemblyAttributes.cs
   3:6>Wykonano kompilowanie elementu docelowego ÔÇ×GenerateTargetFrameworkMonikerAttributeÔÇŁ w projekcie ÔÇ×PhotoStudioManager.Infrastructure.csprojÔÇŁ.
       Pomini─Öto element docelowy ÔÇ×GenerateAdditionalSourcesÔÇŁ z powodu fa┼észywego warunku; ('@(AssemblyAttributes)' != '' and '$(GenerateAdditionalSources)' == 'true') oszacowano jako ('' != '' and '' == 'true').
       Pomini─Öto element docelowy ÔÇ×PrepareForBuildÔÇŁ. Wcze┼Ťniejsza kompilacja powiod┼éa si─Ö.
   3:6>Element docelowy ÔÇ×GetAssemblyVersionÔÇŁ w pliku ÔÇ×C:\Program Files\dotnet\sdk\8.0.101\Sdks\Microsoft.NET.Sdk\targets\Microsoft.NET.GenerateAssemblyInfo.targetsÔÇŁ z projektu ÔÇ×C:\Users\emili\CascadeProjects\PhotoStudioManager\PhotoStudioManager.Infrastructure\PhotoStudioManager.Infrastructure.csprojÔÇŁ (zale┼╝y od niego element docelowy ÔÇ×GetAssemblyAttributesÔÇŁ):
       U┼╝ywanie zadania ÔÇ×GetAssemblyVersionÔÇŁ z zestawu ÔÇ×C:\Program Files\dotnet\sdk\8.0.101\Sdks\Microsoft.NET.Sdk\targets\..\tools\net8.0\Microsoft.NET.Build.Tasks.dllÔÇŁ.
       Zadanie ÔÇ×GetAssemblyVersionÔÇŁ
       Wykonywanie zadania ÔÇ×GetAssemblyVersionÔÇŁ zako┼äczone.
   3:6>Wykonano kompilowanie elementu docelowego ÔÇ×GetAssemblyVersionÔÇŁ w projekcie ÔÇ×PhotoStudioManager.Infrastructure.csprojÔÇŁ.
       Pomini─Öto element docelowy ÔÇ×GetAssemblyVersionÔÇŁ. Wcze┼Ťniejsza kompilacja powiod┼éa si─Ö.
   3:6>Element docelowy ÔÇ×InitializeSourceControlInformationFromSourceControlManagerÔÇŁ w pliku ÔÇ×C:\Program Files\dotnet\sdk\8.0.101\Sdks\Microsoft.Build.Tasks.Git\build\Microsoft.Build.Tasks.Git.targetsÔÇŁ z projektu ÔÇ×C:\Users\emili\CascadeProjects\PhotoStudioManager\PhotoStudioManager.Infrastructure\PhotoStudioManager.Infrastructure.csprojÔÇŁ (zale┼╝y od niego element docelowy ÔÇ×_InitializeSourceControlInformationFromSourceControlManagerÔÇŁ):
       U┼╝ywanie zadania ÔÇ×Microsoft.Build.Tasks.Git.LocateRepositoryÔÇŁ z zestawu ÔÇ×C:\Program Files\dotnet\sdk\8.0.101\Sdks\Microsoft.Build.Tasks.Git\build\..\tools\core\Microsoft.Build.Tasks.Git.dllÔÇŁ.
       Zadanie ÔÇ×Microsoft.Build.Tasks.Git.LocateRepositoryÔÇŁ
       Wykonywanie zadania ÔÇ×Microsoft.Build.Tasks.Git.LocateRepositoryÔÇŁ zako┼äczone.
   3:6>Wykonano kompilowanie elementu docelowego ÔÇ×InitializeSourceControlInformationFromSourceControlManagerÔÇŁ w projekcie ÔÇ×PhotoStudioManager.Infrastructure.csprojÔÇŁ.
   3:6>Element docelowy ÔÇ×_SourceLinkHasSingleProviderÔÇŁ w pliku ÔÇ×C:\Program Files\dotnet\sdk\8.0.101\Sdks\Microsoft.SourceLink.Common\build\InitializeSourceControlInformation.targetsÔÇŁ z projektu ÔÇ×C:\Users\emili\CascadeProjects\PhotoStudioManager\PhotoStudioManager.Infrastructure\PhotoStudioManager.Infrastructure.csprojÔÇŁ (zale┼╝y od niego element docelowy ÔÇ×_InitializeSourceControlInformationFromSourceControlManagerÔÇŁ):
       Za┼éadowano zestaw podczas TaskRun: Microsoft.SourceLink.Common, Version=8.0.9.7801, Culture=neutral, PublicKeyToken=31bf3856ad364e35 (lokalizacja: C:\Program Files\dotnet\sdk\8.0.101\Sdks\Microsoft.SourceLink.Common\tools\core\Microsoft.SourceLink.Common.dll, MVID: 4d67bb3c-a5b1-4a43-8172-6b6b233ebc68, domena aplikacji: [Default])
       U┼╝ywanie zadania ÔÇ×Microsoft.SourceLink.Common.SourceLinkHasSingleProviderÔÇŁ z zestawu ÔÇ×C:\Program Files\dotnet\sdk\8.0.101\Sdks\Microsoft.SourceLink.Common\build\..\tools\core\Microsoft.SourceLink.Common.dllÔÇŁ.
       Zadanie ÔÇ×Microsoft.SourceLink.Common.SourceLinkHasSingleProviderÔÇŁ
       Wykonywanie zadania ÔÇ×Microsoft.SourceLink.Common.SourceLinkHasSingleProviderÔÇŁ zako┼äczone.
   3:6>Wykonano kompilowanie elementu docelowego ÔÇ×_SourceLinkHasSingleProviderÔÇŁ w projekcie ÔÇ×PhotoStudioManager.Infrastructure.csprojÔÇŁ.
   3:6>Element docelowy ÔÇ×TranslateGitHubUrlsInSourceControlInformationÔÇŁ w pliku ÔÇ×C:\Program Files\dotnet\sdk\8.0.101\Sdks\Microsoft.SourceLink.GitHub\build\Microsoft.SourceLink.GitHub.targetsÔÇŁ z projektu ÔÇ×C:\Users\emili\CascadeProjects\PhotoStudioManager\PhotoStudioManager.Infrastructure\PhotoStudioManager.Infrastructure.csprojÔÇŁ (zale┼╝y od niego element docelowy ÔÇ×_InitializeSourceControlInformationFromSourceControlManagerÔÇŁ):
       Za┼éadowano zestaw podczas TaskRun: Microsoft.SourceLink.GitHub, Version=8.0.9.7801, Culture=neutral, PublicKeyToken=31bf3856ad364e35 (lokalizacja: C:\Program Files\dotnet\sdk\8.0.101\Sdks\Microsoft.SourceLink.GitHub\tools\core\Microsoft.SourceLink.GitHub.dll, MVID: 53434a26-61da-4e2c-ae03-9e79af13261f, domena aplikacji: [Default])
       U┼╝ywanie zadania ÔÇ×Microsoft.SourceLink.GitHub.TranslateRepositoryUrlsÔÇŁ z zestawu ÔÇ×C:\Program Files\dotnet\sdk\8.0.101\Sdks\Microsoft.SourceLink.GitHub\build\..\tools\core\Microsoft.SourceLink.GitHub.dllÔÇŁ.
       Zadanie ÔÇ×Microsoft.SourceLink.GitHub.TranslateRepositoryUrlsÔÇŁ
       Wykonywanie zadania ÔÇ×Microsoft.SourceLink.GitHub.TranslateRepositoryUrlsÔÇŁ zako┼äczone.
   3:6>Wykonano kompilowanie elementu docelowego ÔÇ×TranslateGitHubUrlsInSourceControlInformationÔÇŁ w projekcie ÔÇ×PhotoStudioManager.Infrastructure.csprojÔÇŁ.
   3:6>Element docelowy ÔÇ×TranslateGitLabUrlsInSourceControlInformationÔÇŁ w pliku ÔÇ×C:\Program Files\dotnet\sdk\8.0.101\Sdks\Microsoft.SourceLink.GitLab\build\Microsoft.SourceLink.GitLab.targetsÔÇŁ z projektu ÔÇ×C:\Users\emili\CascadeProjects\PhotoStudioManager\PhotoStudioManager.Infrastructure\PhotoStudioManager.Infrastructure.csprojÔÇŁ (zale┼╝y od niego element docelowy ÔÇ×_InitializeSourceControlInformationFromSourceControlManagerÔÇŁ):
       Za┼éadowano zestaw podczas TaskRun: Microsoft.SourceLink.GitLab, Version=8.0.9.7801, Culture=neutral, PublicKeyToken=31bf3856ad364e35 (lokalizacja: C:\Program Files\dotnet\sdk\8.0.101\Sdks\Microsoft.SourceLink.GitLab\tools\core\Microsoft.SourceLink.GitLab.dll, MVID: 1c0e499c-36f9-4df3-aacc-36da0b1cb162, domena aplikacji: [Default])
       U┼╝ywanie zadania ÔÇ×Microsoft.SourceLink.GitLab.TranslateRepositoryUrlsÔÇŁ z zestawu ÔÇ×C:\Program Files\dotnet\sdk\8.0.101\Sdks\Microsoft.SourceLink.GitLab\build\..\tools\core\Microsoft.SourceLink.GitLab.dllÔÇŁ.
       Zadanie ÔÇ×Microsoft.SourceLink.GitLab.TranslateRepositoryUrlsÔÇŁ
       Wykonywanie zadania ÔÇ×Microsoft.SourceLink.GitLab.TranslateRepositoryUrlsÔÇŁ zako┼äczone.
   3:6>Wykonano kompilowanie elementu docelowego ÔÇ×TranslateGitLabUrlsInSourceControlInformationÔÇŁ w projekcie ÔÇ×PhotoStudioManager.Infrastructure.csprojÔÇŁ.
   3:6>Element docelowy ÔÇ×TranslateAzureReposGitUrlsInSourceControlInformationÔÇŁ w pliku ÔÇ×C:\Program Files\dotnet\sdk\8.0.101\Sdks\Microsoft.SourceLink.AzureRepos.Git\build\Microsoft.SourceLink.AzureRepos.Git.targetsÔÇŁ z projektu ÔÇ×C:\Users\emili\CascadeProjects\PhotoStudioManager\PhotoStudioManager.Infrastructure\PhotoStudioManager.Infrastructure.csprojÔÇŁ (zale┼╝y od niego element docelowy ÔÇ×_InitializeSourceControlInformationFromSourceControlManagerÔÇŁ):
       Za┼éadowano zestaw podczas TaskRun: Microsoft.SourceLink.AzureRepos.Git, Version=8.0.9.7801, Culture=neutral, PublicKeyToken=31bf3856ad364e35 (lokalizacja: C:\Program Files\dotnet\sdk\8.0.101\Sdks\Microsoft.SourceLink.AzureRepos.Git\tools\core\Microsoft.SourceLink.AzureRepos.Git.dll, MVID: a8fad0db-7eb8-481c-b40a-cac38ec7e362, domena aplikacji: [Default])
       U┼╝ywanie zadania ÔÇ×Microsoft.SourceLink.AzureRepos.Git.TranslateRepositoryUrlsÔÇŁ z zestawu ÔÇ×C:\Program Files\dotnet\sdk\8.0.101\Sdks\Microsoft.SourceLink.AzureRepos.Git\build\..\tools\core\Microsoft.SourceLink.AzureRepos.Git.dllÔÇŁ.
       Zadanie ÔÇ×Microsoft.SourceLink.AzureRepos.Git.TranslateRepositoryUrlsÔÇŁ
       Wykonywanie zadania ÔÇ×Microsoft.SourceLink.AzureRepos.Git.TranslateRepositoryUrlsÔÇŁ zako┼äczone.
   3:6>Wykonano kompilowanie elementu docelowego ÔÇ×TranslateAzureReposGitUrlsInSourceControlInformationÔÇŁ w projekcie ÔÇ×PhotoStudioManager.Infrastructure.csprojÔÇŁ.
   3:6>Element docelowy ÔÇ×TranslateBitbucketGitUrlsInSourceControlInformationÔÇŁ w pliku ÔÇ×C:\Program Files\dotnet\sdk\8.0.101\Sdks\Microsoft.SourceLink.Bitbucket.Git\build\Microsoft.SourceLink.Bitbucket.Git.targetsÔÇŁ z projektu ÔÇ×C:\Users\emili\CascadeProjects\PhotoStudioManager\PhotoStudioManager.Infrastructure\PhotoStudioManager.Infrastructure.csprojÔÇŁ (zale┼╝y od niego element docelowy ÔÇ×_InitializeSourceControlInformationFromSourceControlManagerÔÇŁ):
       Za┼éadowano zestaw podczas TaskRun: Microsoft.SourceLink.Bitbucket.Git, Version=8.0.9.7801, Culture=neutral, PublicKeyToken=31bf3856ad364e35 (lokalizacja: C:\Program Files\dotnet\sdk\8.0.101\Sdks\Microsoft.SourceLink.Bitbucket.Git\tools\core\Microsoft.SourceLink.Bitbucket.Git.dll, MVID: 05a70ebb-1384-4e55-b4cc-5c9da398b78a, domena aplikacji: [Default])
       U┼╝ywanie zadania ÔÇ×Microsoft.SourceLink.Bitbucket.Git.TranslateRepositoryUrlsÔÇŁ z zestawu ÔÇ×C:\Program Files\dotnet\sdk\8.0.101\Sdks\Microsoft.SourceLink.Bitbucket.Git\build\..\tools\core\Microsoft.SourceLink.Bitbucket.Git.dllÔÇŁ.
       Zadanie ÔÇ×Microsoft.SourceLink.Bitbucket.Git.TranslateRepositoryUrlsÔÇŁ
       Wykonywanie zadania ÔÇ×Microsoft.SourceLink.Bitbucket.Git.TranslateRepositoryUrlsÔÇŁ zako┼äczone.
   3:6>Wykonano kompilowanie elementu docelowego ÔÇ×TranslateBitbucketGitUrlsInSourceControlInformationÔÇŁ w projekcie ÔÇ×PhotoStudioManager.Infrastructure.csprojÔÇŁ.
   3:6>Element docelowy ÔÇ×SourceControlManagerPublishTranslatedUrlsÔÇŁ w pliku ÔÇ×C:\Program Files\dotnet\sdk\8.0.101\Sdks\Microsoft.SourceLink.Common\build\InitializeSourceControlInformation.targetsÔÇŁ z projektu ÔÇ×C:\Users\emili\CascadeProjects\PhotoStudioManager\PhotoStudioManager.Infrastructure\PhotoStudioManager.Infrastructure.csprojÔÇŁ (zale┼╝y od niego element docelowy ÔÇ×_InitializeSourceControlInformationFromSourceControlManagerÔÇŁ):
   3:6>Wykonano kompilowanie elementu docelowego ÔÇ×SourceControlManagerPublishTranslatedUrlsÔÇŁ w projekcie ÔÇ×PhotoStudioManager.Infrastructure.csprojÔÇŁ.
   3:6>Element docelowy ÔÇ×_InitializeSourceControlInformationFromSourceControlManagerÔÇŁ w pliku ÔÇ×C:\Program Files\dotnet\sdk\8.0.101\Sdks\Microsoft.SourceLink.Common\build\InitializeSourceControlInformation.targetsÔÇŁ z projektu ÔÇ×C:\Users\emili\CascadeProjects\PhotoStudioManager\PhotoStudioManager.Infrastructure\PhotoStudioManager.Infrastructure.csprojÔÇŁ (zale┼╝y od niego element docelowy ÔÇ×InitializeSourceControlInformationÔÇŁ):
   3:6>Wykonano kompilowanie elementu docelowego ÔÇ×_InitializeSourceControlInformationFromSourceControlManagerÔÇŁ w projekcie ÔÇ×PhotoStudioManager.Infrastructure.csprojÔÇŁ.
   3:6>Element docelowy ÔÇ×InitializeSourceControlInformationÔÇŁ w pliku ÔÇ×C:\Program Files\dotnet\sdk\8.0.101\Microsoft.Common.CurrentVersion.targetsÔÇŁ z projektu ÔÇ×C:\Users\emili\CascadeProjects\PhotoStudioManager\PhotoStudioManager.Infrastructure\PhotoStudioManager.Infrastructure.csprojÔÇŁ (zale┼╝y od niego element docelowy ÔÇ×AddSourceRevisionToInformationalVersionÔÇŁ):
   3:6>Wykonano kompilowanie elementu docelowego ÔÇ×InitializeSourceControlInformationÔÇŁ w projekcie ÔÇ×PhotoStudioManager.Infrastructure.csprojÔÇŁ.
   3:6>Element docelowy ÔÇ×AddSourceRevisionToInformationalVersionÔÇŁ w pliku ÔÇ×C:\Program Files\dotnet\sdk\8.0.101\Sdks\Microsoft.NET.Sdk\targets\Microsoft.NET.GenerateAssemblyInfo.targetsÔÇŁ z projektu ÔÇ×C:\Users\emili\CascadeProjects\PhotoStudioManager\PhotoStudioManager.Infrastructure\PhotoStudioManager.Infrastructure.csprojÔÇŁ (zale┼╝y od niego element docelowy ÔÇ×GetAssemblyAttributesÔÇŁ):
   3:6>Wykonano kompilowanie elementu docelowego ÔÇ×AddSourceRevisionToInformationalVersionÔÇŁ w projekcie ÔÇ×PhotoStudioManager.Infrastructure.csprojÔÇŁ.
       Pomini─Öto element docelowy ÔÇ×_GetUserSecretsAssemblyAttributeÔÇŁ z powodu fa┼észywego warunku; ( '$(UserSecretsId)' != '' AND '$(GenerateUserSecretsAttribute)' != 'false' AND '$(GeneratedUserSecretsAttributeFile)' == '' ) oszacowano jako ( '' != '' AND '' != 'false' AND '' == '' ).
   3:6>Element docelowy ÔÇ×GetAssemblyAttributesÔÇŁ w pliku ÔÇ×C:\Program Files\dotnet\sdk\8.0.101\Sdks\Microsoft.NET.Sdk\targets\Microsoft.NET.GenerateAssemblyInfo.targetsÔÇŁ z projektu ÔÇ×C:\Users\emili\CascadeProjects\PhotoStudioManager\PhotoStudioManager.Infrastructure\PhotoStudioManager.Infrastructure.csprojÔÇŁ (zale┼╝y od niego element docelowy ÔÇ×CreateGeneratedAssemblyInfoInputsCacheFileÔÇŁ):
   3:6>Wykonano kompilowanie elementu docelowego ÔÇ×GetAssemblyAttributesÔÇŁ w projekcie ÔÇ×PhotoStudioManager.Infrastructure.csprojÔÇŁ.
   3:6>Element docelowy ÔÇ×CreateGeneratedAssemblyInfoInputsCacheFileÔÇŁ w pliku ÔÇ×C:\Program Files\dotnet\sdk\8.0.101\Sdks\Microsoft.NET.Sdk\targets\Microsoft.NET.GenerateAssemblyInfo.targetsÔÇŁ z projektu ÔÇ×C:\Users\emili\CascadeProjects\PhotoStudioManager\PhotoStudioManager.Infrastructure\PhotoStudioManager.Infrastructure.csprojÔÇŁ (zale┼╝y od niego element docelowy ÔÇ×CoreGenerateAssemblyInfoÔÇŁ):
       U┼╝ywanie zadania ÔÇ×HashÔÇŁ z zestawu ÔÇ×Microsoft.Build.Tasks.Core, Version=15.1.0.0, Culture=neutral, PublicKeyToken=b03f5f7f11d50a3aÔÇŁ.
       Zadanie ÔÇ×HashÔÇŁ
       Wykonywanie zadania ÔÇ×HashÔÇŁ zako┼äczone.
       Zadanie ÔÇ×WriteLinesToFileÔÇŁ
         Pomijanie zapisu w pliku ÔÇ×obj\Debug\net8.0\PhotoStudioManager.Infrastructure.AssemblyInfoInputs.cacheÔÇŁ, poniewa┼╝ jego zawarto┼Ť─ç nie uleg┼éaby zmianie.
       Wykonywanie zadania ÔÇ×WriteLinesToFileÔÇŁ zako┼äczone.
   3:6>Wykonano kompilowanie elementu docelowego ÔÇ×CreateGeneratedAssemblyInfoInputsCacheFileÔÇŁ w projekcie ÔÇ×PhotoStudioManager.Infrastructure.csprojÔÇŁ.
   3:6>Element docelowy ÔÇ×CoreGenerateAssemblyInfoÔÇŁ w pliku ÔÇ×C:\Program Files\dotnet\sdk\8.0.101\Sdks\Microsoft.NET.Sdk\targets\Microsoft.NET.GenerateAssemblyInfo.targetsÔÇŁ z projektu ÔÇ×C:\Users\emili\CascadeProjects\PhotoStudioManager\PhotoStudioManager.Infrastructure\PhotoStudioManager.Infrastructure.csprojÔÇŁ (zale┼╝y od niego element docelowy ÔÇ×GenerateAssemblyInfoÔÇŁ):
       Pomijanie elementu docelowego ÔÇ×CoreGenerateAssemblyInfoÔÇŁ, poniewa┼╝ wszystkie pliki wyj┼Ťciowe s─ů aktualne w por├│wnaniu z plikami wej┼Ťciowymi.
       Pliki wej┼Ťciowe: obj\Debug\net8.0\PhotoStudioManager.Infrastructure.AssemblyInfoInputs.cache
       Pliki wyj┼Ťciowe: obj\Debug\net8.0\PhotoStudioManager.Infrastructure.AssemblyInfo.cs
   3:6>Wykonano kompilowanie elementu docelowego ÔÇ×CoreGenerateAssemblyInfoÔÇŁ w projekcie ÔÇ×PhotoStudioManager.Infrastructure.csprojÔÇŁ.
   3:6>Element docelowy ÔÇ×GenerateAssemblyInfoÔÇŁ w pliku ÔÇ×C:\Program Files\dotnet\sdk\8.0.101\Sdks\Microsoft.NET.Sdk\targets\Microsoft.NET.GenerateAssemblyInfo.targetsÔÇŁ z projektu ÔÇ×C:\Users\emili\CascadeProjects\PhotoStudioManager\PhotoStudioManager.Infrastructure\PhotoStudioManager.Infrastructure.csprojÔÇŁ (zale┼╝y od niego element docelowy ÔÇ×BeforeCompileÔÇŁ):
   3:6>Wykonano kompilowanie elementu docelowego ÔÇ×GenerateAssemblyInfoÔÇŁ w projekcie ÔÇ×PhotoStudioManager.Infrastructure.csprojÔÇŁ.
   3:6>Element docelowy ÔÇ×BeforeCompileÔÇŁ w pliku ÔÇ×C:\Program Files\dotnet\sdk\8.0.101\Microsoft.Common.CurrentVersion.targetsÔÇŁ z projektu ÔÇ×C:\Users\emili\CascadeProjects\PhotoStudioManager\PhotoStudioManager.Infrastructure\PhotoStudioManager.Infrastructure.csprojÔÇŁ (zale┼╝y od niego element docelowy ÔÇ×CompileÔÇŁ):
   3:6>Wykonano kompilowanie elementu docelowego ÔÇ×BeforeCompileÔÇŁ w projekcie ÔÇ×PhotoStudioManager.Infrastructure.csprojÔÇŁ.
       Pomini─Öto element docelowy ÔÇ×_TimeStampBeforeCompileÔÇŁ z powodu fa┼észywego warunku; ('$(RunPostBuildEvent)'=='OnOutputUpdated' or ('$(RegisterForComInterop)'=='true' and '$(OutputType)'=='library')) oszacowano jako (''=='OnOutputUpdated' or (''=='true' and 'Library'=='library')).
       Pomini─Öto element docelowy ÔÇ×ResolveAssemblyReferencesÔÇŁ. Wcze┼Ťniejsza kompilacja powiod┼éa si─Ö.
   3:6>Element docelowy ÔÇ×_GenerateCompileDependencyCacheÔÇŁ w pliku ÔÇ×C:\Program Files\dotnet\sdk\8.0.101\Microsoft.Common.CurrentVersion.targetsÔÇŁ z projektu ÔÇ×C:\Users\emili\CascadeProjects\PhotoStudioManager\PhotoStudioManager.Infrastructure\PhotoStudioManager.Infrastructure.csprojÔÇŁ (zale┼╝y od niego element docelowy ÔÇ×CompileÔÇŁ):
       Zadanie ÔÇ×HashÔÇŁ
       Wykonywanie zadania ÔÇ×HashÔÇŁ zako┼äczone.
       Zadanie ÔÇ×WriteLinesToFileÔÇŁ
         Pomijanie zapisu w pliku ÔÇ×obj\Debug\net8.0\PhotoStudioManager.Infrastructure.csproj.CoreCompileInputs.cacheÔÇŁ, poniewa┼╝ jego zawarto┼Ť─ç nie uleg┼éaby zmianie.
       Wykonywanie zadania ÔÇ×WriteLinesToFileÔÇŁ zako┼äczone.
   3:6>Wykonano kompilowanie elementu docelowego ÔÇ×_GenerateCompileDependencyCacheÔÇŁ w projekcie ÔÇ×PhotoStudioManager.Infrastructure.csprojÔÇŁ.
       Pomini─Öto element docelowy ÔÇ×_ComputeNonExistentFilePropertyÔÇŁ z powodu fa┼észywego warunku; (('$(BuildingInsideVisualStudio)' == 'true') and ('$(BuildingOutOfProcess)' != 'true') and (('$(BuildingProject)' == 'false') or ('$(UseHostCompilerIfAvailable)' == 'true'))) oszacowano jako (('' == 'true') and ('' != 'true') and (('true' == 'false') or ('true' == 'true'))).
       Pomini─Öto element docelowy ÔÇ×ResolveCodeAnalysisRuleSetÔÇŁ z powodu fa┼észywego warunku; ('$(CodeAnalysisRuleSet)' != '') oszacowano jako ('' != '').
       Pomini─Öto element docelowy ÔÇ×ShimReferencePathsWhenCommonTargetsDoesNotUnderstandReferenceAssembliesÔÇŁ z powodu fa┼észywego warunku; ('@(ReferencePathWithRefAssemblies)' == '') oszacowano jako ('C:\Users\emili\.nuget\packages\azure.core\1.25.0\lib\net5.0\Azure.Core.dll;C:\Users\emili\.nuget\packages\azure.identity\1.7.0\lib\netstandard2.0\Azure.Identity.dll;C:\Users\emili\.nuget\packages\microsoft.aspnetcore.authentication.abstractions\2.2.0\lib\netstandard2.0\Microsoft.AspNetCore.Authentication.Abstractions.dll;...' == '').
   3:6>Element docelowy ÔÇ×_BeforeVBCSCoreCompileÔÇŁ w pliku ÔÇ×C:\Program Files\dotnet\sdk\8.0.101\Roslyn\Microsoft.Managed.Core.targetsÔÇŁ z projektu ÔÇ×C:\Users\emili\CascadeProjects\PhotoStudioManager\PhotoStudioManager.Infrastructure\PhotoStudioManager.Infrastructure.csprojÔÇŁ (zale┼╝y od niego element docelowy ÔÇ×CoreCompileÔÇŁ):
   3:6>Wykonano kompilowanie elementu docelowego ÔÇ×_BeforeVBCSCoreCompileÔÇŁ w projekcie ÔÇ×PhotoStudioManager.Infrastructure.csprojÔÇŁ.
       Pomini─Öto element docelowy ÔÇ×AdjustDefaultPlatformTargetForNetFrameworkExeWithNoNativeCopyLocalItemsÔÇŁ z powodu fa┼észywego warunku; ('$(_UsingDefaultPlatformTarget)' == 'true' and
                            '$(_UsingDefaultRuntimeIdentifier)' == 'true') oszacowano jako ('true' == 'true' and
                            '' == 'true').
       Pomini─Öto element docelowy ÔÇ×_DisableDiagnosticTracingÔÇŁ z powodu fa┼észywego warunku; ('$(DisableDiagnosticTracing)' == 'true') oszacowano jako ('' == 'true').
       Pomini─Öto element docelowy ÔÇ×GenerateTargetPlatformDefineConstantsÔÇŁ z powodu fa┼észywego warunku; ( '$(DisableImplicitFrameworkDefines)' != 'true' and '$(TargetPlatformIdentifier)' != '' and '$(TargetFrameworkIdentifier)' == '.NETCoreApp' and $([MSBuild]::VersionGreaterThanOrEquals($(TargetFrameworkVersion), 5.0)) ) oszacowano jako ( '' != 'true' and '' != '' and '.NETCoreApp' == '.NETCoreApp' and True ).
   3:6>Element docelowy ÔÇ×GenerateNETCompatibleDefineConstantsÔÇŁ w pliku ÔÇ×C:\Program Files\dotnet\sdk\8.0.101\Sdks\Microsoft.NET.Sdk\targets\Microsoft.NET.Sdk.BeforeCommon.targetsÔÇŁ z projektu ÔÇ×C:\Users\emili\CascadeProjects\PhotoStudioManager\PhotoStudioManager.Infrastructure\PhotoStudioManager.Infrastructure.csprojÔÇŁ (zale┼╝y od niego element docelowy ÔÇ×AddImplicitDefineConstantsÔÇŁ):
   3:6>Wykonano kompilowanie elementu docelowego ÔÇ×GenerateNETCompatibleDefineConstantsÔÇŁ w projekcie ÔÇ×PhotoStudioManager.Infrastructure.csprojÔÇŁ.
       Pomini─Öto element docelowy ÔÇ×GeneratePlatformCompatibleDefineConstantsÔÇŁ z powodu fa┼észywego warunku; ( '$(DisableImplicitFrameworkDefines)' != 'true' and '$(TargetPlatformIdentifier)' != '' and '$(TargetFrameworkIdentifier)' == '.NETCoreApp' and $([MSBuild]::VersionGreaterThanOrEquals($(TargetFrameworkVersion), 5.0)) ) oszacowano jako ( '' != 'true' and '' != '' and '.NETCoreApp' == '.NETCoreApp' and True ).
       Pomini─Öto element docelowy ÔÇ×_DisableDiagnosticTracingÔÇŁ z powodu fa┼észywego warunku; ('$(DisableDiagnosticTracing)' == 'true') oszacowano jako ('' == 'true').
   3:6>Element docelowy ÔÇ×AddImplicitDefineConstantsÔÇŁ w pliku ÔÇ×C:\Program Files\dotnet\sdk\8.0.101\Sdks\Microsoft.NET.Sdk\targets\Microsoft.NET.Sdk.BeforeCommon.targetsÔÇŁ z projektu ÔÇ×C:\Users\emili\CascadeProjects\PhotoStudioManager\PhotoStudioManager.Infrastructure\PhotoStudioManager.Infrastructure.csprojÔÇŁ (zale┼╝y od niego element docelowy ÔÇ×CoreCompileÔÇŁ):
   3:6>Wykonano kompilowanie elementu docelowego ÔÇ×AddImplicitDefineConstantsÔÇŁ w projekcie ÔÇ×PhotoStudioManager.Infrastructure.csprojÔÇŁ.
       Pomini─Öto element docelowy ÔÇ×ShimReferencePathsWhenCommonTargetsDoesNotUnderstandReferenceAssembliesÔÇŁ z powodu fa┼észywego warunku; ('@(ReferencePathWithRefAssemblies)' == '') oszacowano jako ('C:\Users\emili\.nuget\packages\azure.core\1.25.0\lib\net5.0\Azure.Core.dll;C:\Users\emili\.nuget\packages\azure.identity\1.7.0\lib\netstandard2.0\Azure.Identity.dll;C:\Users\emili\.nuget\packages\microsoft.aspnetcore.authentication.abstractions\2.2.0\lib\netstandard2.0\Microsoft.AspNetCore.Authentication.Abstractions.dll;...' == '').
   3:6>Element docelowy ÔÇ×_ComputeSkipAnalyzersÔÇŁ w pliku ÔÇ×C:\Program Files\dotnet\sdk\8.0.101\Roslyn\Microsoft.Managed.Core.targetsÔÇŁ z projektu ÔÇ×C:\Users\emili\CascadeProjects\PhotoStudioManager\PhotoStudioManager.Infrastructure\PhotoStudioManager.Infrastructure.csprojÔÇŁ (zale┼╝y od niego element docelowy ÔÇ×CoreCompileÔÇŁ):
       Pomini─Öto zadanie ÔÇ×ShowMessageForImplicitlySkipAnalyzersÔÇŁ z powodu fa┼észywego warunku; ('$(_ImplicitlySkipAnalyzers)' == 'true') oszacowano jako ('' == 'true').
   3:6>Wykonano kompilowanie elementu docelowego ÔÇ×_ComputeSkipAnalyzersÔÇŁ w projekcie ÔÇ×PhotoStudioManager.Infrastructure.csprojÔÇŁ.
       Pomini─Öto element docelowy ÔÇ×_SetPathMapFromSourceRootsÔÇŁ z powodu fa┼észywego warunku; ('$(DeterministicSourcePaths)' == 'true') oszacowano jako ('' == 'true').
       Pomini─Öto element docelowy ÔÇ×CreateCompilerGeneratedFilesOutputPathÔÇŁ z powodu fa┼észywego warunku; ('$(EmitCompilerGeneratedFiles)' == 'true' and !('$(DesignTimeBuild)' == 'true' OR '$(BuildingProject)' != 'true')) oszacowano jako ('false' == 'true' and !('' == 'true' OR 'true' != 'true')).
       Pomini─Öto element docelowy ÔÇ×BeforeCompileÔÇŁ. Wcze┼Ťniejsza kompilacja powiod┼éa si─Ö.
       Pomini─Öto element docelowy ÔÇ×InitializeSourceControlInformationFromSourceControlManagerÔÇŁ. Wcze┼Ťniejsza kompilacja powiod┼éa si─Ö.
   3:6>Element docelowy ÔÇ×SetEmbeddedFilesFromSourceControlManagerUntrackedFilesÔÇŁ w pliku ÔÇ×C:\Program Files\dotnet\sdk\8.0.101\Sdks\Microsoft.Build.Tasks.Git\build\Microsoft.Build.Tasks.Git.targetsÔÇŁ z projektu ÔÇ×C:\Users\emili\CascadeProjects\PhotoStudioManager\PhotoStudioManager.Infrastructure\PhotoStudioManager.Infrastructure.csprojÔÇŁ (zale┼╝y od niego element docelowy ÔÇ×_SetEmbeddedFilesFromSourceControlManagerUntrackedFilesÔÇŁ):
       Pomini─Öto zadanie ÔÇ×Microsoft.Build.Tasks.Git.GetUntrackedFilesÔÇŁ z powodu fa┼észywego warunku; ('$(_GitRepositoryId)' != '') oszacowano jako ('' != '').
   3:6>Wykonano kompilowanie elementu docelowego ÔÇ×SetEmbeddedFilesFromSourceControlManagerUntrackedFilesÔÇŁ w projekcie ÔÇ×PhotoStudioManager.Infrastructure.csprojÔÇŁ.
   3:6>Element docelowy ÔÇ×_SetEmbeddedFilesFromSourceControlManagerUntrackedFilesÔÇŁ w pliku ÔÇ×C:\Program Files\dotnet\sdk\8.0.101\Sdks\Microsoft.SourceLink.Common\build\Microsoft.SourceLink.Common.targetsÔÇŁ z projektu ÔÇ×C:\Users\emili\CascadeProjects\PhotoStudioManager\PhotoStudioManager.Infrastructure\PhotoStudioManager.Infrastructure.csprojÔÇŁ (zale┼╝y od niego element docelowy ÔÇ×CoreCompileÔÇŁ):
   3:6>Wykonano kompilowanie elementu docelowego ÔÇ×_SetEmbeddedFilesFromSourceControlManagerUntrackedFilesÔÇŁ w projekcie ÔÇ×PhotoStudioManager.Infrastructure.csprojÔÇŁ.
       Pomini─Öto element docelowy ÔÇ×InitializeSourceControlInformationÔÇŁ. Wcze┼Ťniejsza kompilacja powiod┼éa si─Ö.
   3:6>Element docelowy ÔÇ×_SetSourceLinkFilePathÔÇŁ w pliku ÔÇ×C:\Program Files\dotnet\sdk\8.0.101\Sdks\Microsoft.SourceLink.Common\build\Microsoft.SourceLink.Common.targetsÔÇŁ z projektu ÔÇ×C:\Users\emili\CascadeProjects\PhotoStudioManager\PhotoStudioManager.Infrastructure\PhotoStudioManager.Infrastructure.csprojÔÇŁ (zale┼╝y od niego element docelowy ÔÇ×_GenerateSourceLinkFileÔÇŁ):
   3:6>Wykonano kompilowanie elementu docelowego ÔÇ×_SetSourceLinkFilePathÔÇŁ w projekcie ÔÇ×PhotoStudioManager.Infrastructure.csprojÔÇŁ.
       Pomini─Öto element docelowy ÔÇ×InitializeSourceControlInformationÔÇŁ. Wcze┼Ťniejsza kompilacja powiod┼éa si─Ö.
   3:6>Element docelowy ÔÇ×_InitializeSourceRootMappedPathsFromSourceControlÔÇŁ w pliku ÔÇ×C:\Program Files\dotnet\sdk\8.0.101\Roslyn\Microsoft.Managed.Core.targetsÔÇŁ z projektu ÔÇ×C:\Users\emili\CascadeProjects\PhotoStudioManager\PhotoStudioManager.Infrastructure\PhotoStudioManager.Infrastructure.csprojÔÇŁ (zale┼╝y od niego element docelowy ÔÇ×InitializeSourceRootMappedPathsÔÇŁ):
   3:6>Wykonano kompilowanie elementu docelowego ÔÇ×_InitializeSourceRootMappedPathsFromSourceControlÔÇŁ w projekcie ÔÇ×PhotoStudioManager.Infrastructure.csprojÔÇŁ.
   3:6>Element docelowy ÔÇ×InitializeSourceRootMappedPathsÔÇŁ w pliku ÔÇ×C:\Program Files\dotnet\sdk\8.0.101\Roslyn\Microsoft.Managed.Core.targetsÔÇŁ z projektu ÔÇ×C:\Users\emili\CascadeProjects\PhotoStudioManager\PhotoStudioManager.Infrastructure\PhotoStudioManager.Infrastructure.csprojÔÇŁ (zale┼╝y od niego element docelowy ÔÇ×_InitializeSourceRootMappedPathsOptÔÇŁ):
       U┼╝ywanie zadania ÔÇ×Microsoft.CodeAnalysis.BuildTasks.MapSourceRootsÔÇŁ z zestawu ÔÇ×C:\Program Files\dotnet\sdk\8.0.101\Roslyn\Microsoft.Build.Tasks.CodeAnalysis.dllÔÇŁ.
       Zadanie ÔÇ×Microsoft.CodeAnalysis.BuildTasks.MapSourceRootsÔÇŁ
       Wykonywanie zadania ÔÇ×Microsoft.CodeAnalysis.BuildTasks.MapSourceRootsÔÇŁ zako┼äczone.
   3:6>Wykonano kompilowanie elementu docelowego ÔÇ×InitializeSourceRootMappedPathsÔÇŁ w projekcie ÔÇ×PhotoStudioManager.Infrastructure.csprojÔÇŁ.
   3:6>Element docelowy ÔÇ×_InitializeSourceRootMappedPathsOptÔÇŁ w pliku ÔÇ×C:\Program Files\dotnet\sdk\8.0.101\Sdks\Microsoft.SourceLink.Common\build\Microsoft.SourceLink.Common.targetsÔÇŁ z projektu ÔÇ×C:\Users\emili\CascadeProjects\PhotoStudioManager\PhotoStudioManager.Infrastructure\PhotoStudioManager.Infrastructure.csprojÔÇŁ (zale┼╝y od niego element docelowy ÔÇ×_GenerateSourceLinkFileÔÇŁ):
   3:6>Wykonano kompilowanie elementu docelowego ÔÇ×_InitializeSourceRootMappedPathsOptÔÇŁ w projekcie ÔÇ×PhotoStudioManager.Infrastructure.csprojÔÇŁ.
   3:6>Element docelowy ÔÇ×_InitializeGitHubSourceLinkUrlÔÇŁ w pliku ÔÇ×C:\Program Files\dotnet\sdk\8.0.101\Sdks\Microsoft.SourceLink.GitHub\build\Microsoft.SourceLink.GitHub.targetsÔÇŁ z projektu ÔÇ×C:\Users\emili\CascadeProjects\PhotoStudioManager\PhotoStudioManager.Infrastructure\PhotoStudioManager.Infrastructure.csprojÔÇŁ (zale┼╝y od niego element docelowy ÔÇ×_GenerateSourceLinkFileÔÇŁ):
       Uko┼äczono kompilowanie elementu docelowego ÔÇ×_InitializeGitHubSourceLinkUrlÔÇŁ.
       Nie okre┼Ťlono plik├│w wej┼Ťciowych.
       U┼╝ywanie zadania ÔÇ×Microsoft.SourceLink.GitHub.GetSourceLinkUrlÔÇŁ z zestawu ÔÇ×C:\Program Files\dotnet\sdk\8.0.101\Sdks\Microsoft.SourceLink.GitHub\build\..\tools\core\Microsoft.SourceLink.GitHub.dllÔÇŁ.
       Zadanie ÔÇ×Microsoft.SourceLink.GitHub.GetSourceLinkUrlÔÇŁ
       Wykonywanie zadania ÔÇ×Microsoft.SourceLink.GitHub.GetSourceLinkUrlÔÇŁ zako┼äczone.
   3:6>Wykonano kompilowanie elementu docelowego ÔÇ×_InitializeGitHubSourceLinkUrlÔÇŁ w projekcie ÔÇ×PhotoStudioManager.Infrastructure.csprojÔÇŁ.
   3:6>Element docelowy ÔÇ×_InitializeGitHubSourceLinkUrlÔÇŁ w pliku ÔÇ×C:\Program Files\dotnet\sdk\8.0.101\Sdks\Microsoft.SourceLink.GitHub\build\Microsoft.SourceLink.GitHub.targetsÔÇŁ z projektu ÔÇ×C:\Users\emili\CascadeProjects\PhotoStudioManager\PhotoStudioManager.Infrastructure\PhotoStudioManager.Infrastructure.csprojÔÇŁ (zale┼╝y od niego element docelowy ÔÇ×_GenerateSourceLinkFileÔÇŁ):
       Uko┼äczono kompilowanie elementu docelowego ÔÇ×_InitializeGitHubSourceLinkUrlÔÇŁ.
       Nie okre┼Ťlono plik├│w wej┼Ťciowych.
       Zadanie ÔÇ×Microsoft.SourceLink.GitHub.GetSourceLinkUrlÔÇŁ
       Wykonywanie zadania ÔÇ×Microsoft.SourceLink.GitHub.GetSourceLinkUrlÔÇŁ zako┼äczone.
   3:6>Wykonano kompilowanie elementu docelowego ÔÇ×_InitializeGitHubSourceLinkUrlÔÇŁ w projekcie ÔÇ×PhotoStudioManager.Infrastructure.csprojÔÇŁ.
   3:6>Element docelowy ÔÇ×_InitializeGitLabSourceLinkUrlÔÇŁ w pliku ÔÇ×C:\Program Files\dotnet\sdk\8.0.101\Sdks\Microsoft.SourceLink.GitLab\build\Microsoft.SourceLink.GitLab.targetsÔÇŁ z projektu ÔÇ×C:\Users\emili\CascadeProjects\PhotoStudioManager\PhotoStudioManager.Infrastructure\PhotoStudioManager.Infrastructure.csprojÔÇŁ (zale┼╝y od niego element docelowy ÔÇ×_GenerateSourceLinkFileÔÇŁ):
       Uko┼äczono kompilowanie elementu docelowego ÔÇ×_InitializeGitLabSourceLinkUrlÔÇŁ.
       Nie okre┼Ťlono plik├│w wej┼Ťciowych.
       U┼╝ywanie zadania ÔÇ×Microsoft.SourceLink.GitLab.GetSourceLinkUrlÔÇŁ z zestawu ÔÇ×C:\Program Files\dotnet\sdk\8.0.101\Sdks\Microsoft.SourceLink.GitLab\build\..\tools\core\Microsoft.SourceLink.GitLab.dllÔÇŁ.
       Zadanie ÔÇ×Microsoft.SourceLink.GitLab.GetSourceLinkUrlÔÇŁ
       Wykonywanie zadania ÔÇ×Microsoft.SourceLink.GitLab.GetSourceLinkUrlÔÇŁ zako┼äczone.
   3:6>Wykonano kompilowanie elementu docelowego ÔÇ×_InitializeGitLabSourceLinkUrlÔÇŁ w projekcie ÔÇ×PhotoStudioManager.Infrastructure.csprojÔÇŁ.
   3:6>Element docelowy ÔÇ×_InitializeGitLabSourceLinkUrlÔÇŁ w pliku ÔÇ×C:\Program Files\dotnet\sdk\8.0.101\Sdks\Microsoft.SourceLink.GitLab\build\Microsoft.SourceLink.GitLab.targetsÔÇŁ z projektu ÔÇ×C:\Users\emili\CascadeProjects\PhotoStudioManager\PhotoStudioManager.Infrastructure\PhotoStudioManager.Infrastructure.csprojÔÇŁ (zale┼╝y od niego element docelowy ÔÇ×_GenerateSourceLinkFileÔÇŁ):
       Uko┼äczono kompilowanie elementu docelowego ÔÇ×_InitializeGitLabSourceLinkUrlÔÇŁ.
       Nie okre┼Ťlono plik├│w wej┼Ťciowych.
       Zadanie ÔÇ×Microsoft.SourceLink.GitLab.GetSourceLinkUrlÔÇŁ
       Wykonywanie zadania ÔÇ×Microsoft.SourceLink.GitLab.GetSourceLinkUrlÔÇŁ zako┼äczone.
   3:6>Wykonano kompilowanie elementu docelowego ÔÇ×_InitializeGitLabSourceLinkUrlÔÇŁ w projekcie ÔÇ×PhotoStudioManager.Infrastructure.csprojÔÇŁ.
   3:6>Element docelowy ÔÇ×_InitializeAzureReposGitSourceLinkUrlÔÇŁ w pliku ÔÇ×C:\Program Files\dotnet\sdk\8.0.101\Sdks\Microsoft.SourceLink.AzureRepos.Git\build\Microsoft.SourceLink.AzureRepos.Git.targetsÔÇŁ z projektu ÔÇ×C:\Users\emili\CascadeProjects\PhotoStudioManager\PhotoStudioManager.Infrastructure\PhotoStudioManager.Infrastructure.csprojÔÇŁ (zale┼╝y od niego element docelowy ÔÇ×_GenerateSourceLinkFileÔÇŁ):
       Uko┼äczono kompilowanie elementu docelowego ÔÇ×_InitializeAzureReposGitSourceLinkUrlÔÇŁ.
       Nie okre┼Ťlono plik├│w wej┼Ťciowych.
       U┼╝ywanie zadania ÔÇ×Microsoft.SourceLink.AzureRepos.Git.GetSourceLinkUrlÔÇŁ z zestawu ÔÇ×C:\Program Files\dotnet\sdk\8.0.101\Sdks\Microsoft.SourceLink.AzureRepos.Git\build\..\tools\core\Microsoft.SourceLink.AzureRepos.Git.dllÔÇŁ.
       Zadanie ÔÇ×Microsoft.SourceLink.AzureRepos.Git.GetSourceLinkUrlÔÇŁ
       Wykonywanie zadania ÔÇ×Microsoft.SourceLink.AzureRepos.Git.GetSourceLinkUrlÔÇŁ zako┼äczone.
   3:6>Wykonano kompilowanie elementu docelowego ÔÇ×_InitializeAzureReposGitSourceLinkUrlÔÇŁ w projekcie ÔÇ×PhotoStudioManager.Infrastructure.csprojÔÇŁ.
   3:6>Element docelowy ÔÇ×_InitializeAzureReposGitSourceLinkUrlÔÇŁ w pliku ÔÇ×C:\Program Files\dotnet\sdk\8.0.101\Sdks\Microsoft.SourceLink.AzureRepos.Git\build\Microsoft.SourceLink.AzureRepos.Git.targetsÔÇŁ z projektu ÔÇ×C:\Users\emili\CascadeProjects\PhotoStudioManager\PhotoStudioManager.Infrastructure\PhotoStudioManager.Infrastructure.csprojÔÇŁ (zale┼╝y od niego element docelowy ÔÇ×_GenerateSourceLinkFileÔÇŁ):
       Uko┼äczono kompilowanie elementu docelowego ÔÇ×_InitializeAzureReposGitSourceLinkUrlÔÇŁ.
       Nie okre┼Ťlono plik├│w wej┼Ťciowych.
       Zadanie ÔÇ×Microsoft.SourceLink.AzureRepos.Git.GetSourceLinkUrlÔÇŁ
       Wykonywanie zadania ÔÇ×Microsoft.SourceLink.AzureRepos.Git.GetSourceLinkUrlÔÇŁ zako┼äczone.
   3:6>Wykonano kompilowanie elementu docelowego ÔÇ×_InitializeAzureReposGitSourceLinkUrlÔÇŁ w projekcie ÔÇ×PhotoStudioManager.Infrastructure.csprojÔÇŁ.
   3:6>Element docelowy ÔÇ×_InitializeBitbucketGitSourceLinkUrlÔÇŁ w pliku ÔÇ×C:\Program Files\dotnet\sdk\8.0.101\Sdks\Microsoft.SourceLink.Bitbucket.Git\build\Microsoft.SourceLink.Bitbucket.Git.targetsÔÇŁ z projektu ÔÇ×C:\Users\emili\CascadeProjects\PhotoStudioManager\PhotoStudioManager.Infrastructure\PhotoStudioManager.Infrastructure.csprojÔÇŁ (zale┼╝y od niego element docelowy ÔÇ×_GenerateSourceLinkFileÔÇŁ):
       Uko┼äczono kompilowanie elementu docelowego ÔÇ×_InitializeBitbucketGitSourceLinkUrlÔÇŁ.
       Nie okre┼Ťlono plik├│w wej┼Ťciowych.
       U┼╝ywanie zadania ÔÇ×Microsoft.SourceLink.Bitbucket.Git.GetSourceLinkUrlÔÇŁ z zestawu ÔÇ×C:\Program Files\dotnet\sdk\8.0.101\Sdks\Microsoft.SourceLink.Bitbucket.Git\build\..\tools\core\Microsoft.SourceLink.Bitbucket.Git.dllÔÇŁ.
       Zadanie ÔÇ×Microsoft.SourceLink.Bitbucket.Git.GetSourceLinkUrlÔÇŁ
       Wykonywanie zadania ÔÇ×Microsoft.SourceLink.Bitbucket.Git.GetSourceLinkUrlÔÇŁ zako┼äczone.
   3:6>Wykonano kompilowanie elementu docelowego ÔÇ×_InitializeBitbucketGitSourceLinkUrlÔÇŁ w projekcie ÔÇ×PhotoStudioManager.Infrastructure.csprojÔÇŁ.
   3:6>Element docelowy ÔÇ×_InitializeBitbucketGitSourceLinkUrlÔÇŁ w pliku ÔÇ×C:\Program Files\dotnet\sdk\8.0.101\Sdks\Microsoft.SourceLink.Bitbucket.Git\build\Microsoft.SourceLink.Bitbucket.Git.targetsÔÇŁ z projektu ÔÇ×C:\Users\emili\CascadeProjects\PhotoStudioManager\PhotoStudioManager.Infrastructure\PhotoStudioManager.Infrastructure.csprojÔÇŁ (zale┼╝y od niego element docelowy ÔÇ×_GenerateSourceLinkFileÔÇŁ):
       Uko┼äczono kompilowanie elementu docelowego ÔÇ×_InitializeBitbucketGitSourceLinkUrlÔÇŁ.
       Nie okre┼Ťlono plik├│w wej┼Ťciowych.
       Zadanie ÔÇ×Microsoft.SourceLink.Bitbucket.Git.GetSourceLinkUrlÔÇŁ
       Wykonywanie zadania ÔÇ×Microsoft.SourceLink.Bitbucket.Git.GetSourceLinkUrlÔÇŁ zako┼äczone.
   3:6>Wykonano kompilowanie elementu docelowego ÔÇ×_InitializeBitbucketGitSourceLinkUrlÔÇŁ w projekcie ÔÇ×PhotoStudioManager.Infrastructure.csprojÔÇŁ.
   3:6>Element docelowy ÔÇ×_GenerateSourceLinkFileÔÇŁ w pliku ÔÇ×C:\Program Files\dotnet\sdk\8.0.101\Sdks\Microsoft.SourceLink.Common\build\Microsoft.SourceLink.Common.targetsÔÇŁ z projektu ÔÇ×C:\Users\emili\CascadeProjects\PhotoStudioManager\PhotoStudioManager.Infrastructure\PhotoStudioManager.Infrastructure.csprojÔÇŁ (zale┼╝y od niego element docelowy ÔÇ×GenerateSourceLinkFileÔÇŁ):
       Uko┼äczono kompilowanie elementu docelowego ÔÇ×_GenerateSourceLinkFileÔÇŁ.
       Nie okre┼Ťlono plik├│w wej┼Ťciowych.
       U┼╝ywanie zadania ÔÇ×Microsoft.SourceLink.Common.GenerateSourceLinkFileÔÇŁ z zestawu ÔÇ×C:\Program Files\dotnet\sdk\8.0.101\Sdks\Microsoft.SourceLink.Common\build\..\tools\core\Microsoft.SourceLink.Common.dllÔÇŁ.
       Zadanie ÔÇ×Microsoft.SourceLink.Common.GenerateSourceLinkFileÔÇŁ
         Za┼éadowano zestaw podczas TaskRun (Microsoft.SourceLink.Common.GenerateSourceLinkFile): Microsoft.SourceLink.Common.resources, Version=8.0.9.7801, Culture=pl, PublicKeyToken=31bf3856ad364e35 (lokalizacja: C:\Program Files\dotnet\sdk\8.0.101\Sdks\Microsoft.SourceLink.Common\tools\core\pl\Microsoft.SourceLink.Common.resources.dll, MVID: 05e5d1d2-e070-4c2b-b133-b2c965df5c84, domena aplikacji: [Default])
         Source Link jest pusty, plik ÔÇ×obj\Debug\net8.0\PhotoStudioManager.Infrastructure.sourcelink.jsonÔÇŁ nie istnieje.
       Wykonywanie zadania ÔÇ×Microsoft.SourceLink.Common.GenerateSourceLinkFileÔÇŁ zako┼äczone.
   3:6>Wykonano kompilowanie elementu docelowego ÔÇ×_GenerateSourceLinkFileÔÇŁ w projekcie ÔÇ×PhotoStudioManager.Infrastructure.csprojÔÇŁ.
   3:6>Element docelowy ÔÇ×GenerateSourceLinkFileÔÇŁ w pliku ÔÇ×C:\Program Files\dotnet\sdk\8.0.101\Sdks\Microsoft.SourceLink.Common\build\Microsoft.SourceLink.Common.targetsÔÇŁ z projektu ÔÇ×C:\Users\emili\CascadeProjects\PhotoStudioManager\PhotoStudioManager.Infrastructure\PhotoStudioManager.Infrastructure.csprojÔÇŁ (zale┼╝y od niego element docelowy ÔÇ×CoreCompileÔÇŁ):
   3:6>Wykonano kompilowanie elementu docelowego ÔÇ×GenerateSourceLinkFileÔÇŁ w projekcie ÔÇ×PhotoStudioManager.Infrastructure.csprojÔÇŁ.
   3:6>Element docelowy ÔÇ×AddGlobalAnalyzerConfigForPackage_MicrosoftCodeAnalysisNetAnalyzersÔÇŁ w pliku ÔÇ×C:\Program Files\dotnet\sdk\8.0.101\Sdks\Microsoft.NET.Sdk\analyzers\build\Microsoft.CodeAnalysis.NetAnalyzers.targetsÔÇŁ z projektu ÔÇ×C:\Users\emili\CascadeProjects\PhotoStudioManager\PhotoStudioManager.Infrastructure\PhotoStudioManager.Infrastructure.csprojÔÇŁ (zale┼╝y od niego element docelowy ÔÇ×CoreCompileÔÇŁ):
   3:6>Wykonano kompilowanie elementu docelowego ÔÇ×AddGlobalAnalyzerConfigForPackage_MicrosoftCodeAnalysisNetAnalyzersÔÇŁ w projekcie ÔÇ×PhotoStudioManager.Infrastructure.csprojÔÇŁ.
       Pomini─Öto element docelowy ÔÇ×AddGlobalAnalyzerConfigForPackage_MicrosoftCodeAnalysisNetAnalyzersDesignÔÇŁ z powodu fa┼észywego warunku; ('$(SkipGlobalAnalyzerConfigForPackage)' != 'true' and ('$(AnalysisLevelDesign)' != '' or '$(AnalysisModeDesign)' != '')) oszacowano jako ('' != 'true' and ('' != '' or '' != '')).
       Pomini─Öto element docelowy ÔÇ×AddGlobalAnalyzerConfigForPackage_MicrosoftCodeAnalysisNetAnalyzersDocumentationÔÇŁ z powodu fa┼észywego warunku; ('$(SkipGlobalAnalyzerConfigForPackage)' != 'true' and ('$(AnalysisLevelDocumentation)' != '' or '$(AnalysisModeDocumentation)' != '')) oszacowano jako ('' != 'true' and ('' != '' or '' != '')).
       Pomini─Öto element docelowy ÔÇ×AddGlobalAnalyzerConfigForPackage_MicrosoftCodeAnalysisNetAnalyzersGlobalizationÔÇŁ z powodu fa┼észywego warunku; ('$(SkipGlobalAnalyzerConfigForPackage)' != 'true' and ('$(AnalysisLevelGlobalization)' != '' or '$(AnalysisModeGlobalization)' != '')) oszacowano jako ('' != 'true' and ('' != '' or '' != '')).
       Pomini─Öto element docelowy ÔÇ×AddGlobalAnalyzerConfigForPackage_MicrosoftCodeAnalysisNetAnalyzersInteroperabilityÔÇŁ z powodu fa┼észywego warunku; ('$(SkipGlobalAnalyzerConfigForPackage)' != 'true' and ('$(AnalysisLevelInteroperability)' != '' or '$(AnalysisModeInteroperability)' != '')) oszacowano jako ('' != 'true' and ('' != '' or '' != '')).
       Pomini─Öto element docelowy ÔÇ×AddGlobalAnalyzerConfigForPackage_MicrosoftCodeAnalysisNetAnalyzersMaintainabilityÔÇŁ z powodu fa┼észywego warunku; ('$(SkipGlobalAnalyzerConfigForPackage)' != 'true' and ('$(AnalysisLevelMaintainability)' != '' or '$(AnalysisModeMaintainability)' != '')) oszacowano jako ('' != 'true' and ('' != '' or '' != '')).
       Pomini─Öto element docelowy ÔÇ×AddGlobalAnalyzerConfigForPackage_MicrosoftCodeAnalysisNetAnalyzersNamingÔÇŁ z powodu fa┼észywego warunku; ('$(SkipGlobalAnalyzerConfigForPackage)' != 'true' and ('$(AnalysisLevelNaming)' != '' or '$(AnalysisModeNaming)' != '')) oszacowano jako ('' != 'true' and ('' != '' or '' != '')).
       Pomini─Öto element docelowy ÔÇ×AddGlobalAnalyzerConfigForPackage_MicrosoftCodeAnalysisNetAnalyzersPerformanceÔÇŁ z powodu fa┼észywego warunku; ('$(SkipGlobalAnalyzerConfigForPackage)' != 'true' and ('$(AnalysisLevelPerformance)' != '' or '$(AnalysisModePerformance)' != '')) oszacowano jako ('' != 'true' and ('' != '' or '' != '')).
       Pomini─Öto element docelowy ÔÇ×AddGlobalAnalyzerConfigForPackage_MicrosoftCodeAnalysisNetAnalyzersReliabilityÔÇŁ z powodu fa┼észywego warunku; ('$(SkipGlobalAnalyzerConfigForPackage)' != 'true' and ('$(AnalysisLevelReliability)' != '' or '$(AnalysisModeReliability)' != '')) oszacowano jako ('' != 'true' and ('' != '' or '' != '')).
       Pomini─Öto element docelowy ÔÇ×AddGlobalAnalyzerConfigForPackage_MicrosoftCodeAnalysisNetAnalyzersSecurityÔÇŁ z powodu fa┼észywego warunku; ('$(SkipGlobalAnalyzerConfigForPackage)' != 'true' and ('$(AnalysisLevelSecurity)' != '' or '$(AnalysisModeSecurity)' != '')) oszacowano jako ('' != 'true' and ('' != '' or '' != '')).
       Pomini─Öto element docelowy ÔÇ×AddGlobalAnalyzerConfigForPackage_MicrosoftCodeAnalysisNetAnalyzersUsageÔÇŁ z powodu fa┼észywego warunku; ('$(SkipGlobalAnalyzerConfigForPackage)' != 'true' and ('$(AnalysisLevelUsage)' != '' or '$(AnalysisModeUsage)' != '')) oszacowano jako ('' != 'true' and ('' != '' or '' != '')).
       Pomini─Öto element docelowy ÔÇ×_CodeAnalysisTreatWarningsAsErrorsÔÇŁ z powodu fa┼észywego warunku; ('$(DesignTimeBuild)' == 'true' OR '$(BuildingProject)' != 'true') oszacowano jako ('' == 'true' OR 'true' != 'true').
   3:6>Element docelowy ÔÇ×_ReportUpgradeNetAnalyzersNuGetWarningÔÇŁ w pliku ÔÇ×C:\Program Files\dotnet\sdk\8.0.101\Sdks\Microsoft.NET.Sdk\analyzers\build\Microsoft.CodeAnalysis.NetAnalyzers.targetsÔÇŁ z projektu ÔÇ×C:\Users\emili\CascadeProjects\PhotoStudioManager\PhotoStudioManager.Infrastructure\PhotoStudioManager.Infrastructure.csprojÔÇŁ (zale┼╝y od niego element docelowy ÔÇ×CoreCompileÔÇŁ):
       Pomini─Öto zadanie ÔÇ×WarningÔÇŁ z powodu fa┼észywego warunku; ('$(_NETAnalyzersNuGetAssemblyVersion)' != '' AND
                                '$(_NETAnalyzersSDKAssemblyVersion)' != '' AND
                                 $(_NETAnalyzersNuGetAssemblyVersion) < $(_NETAnalyzersSDKAssemblyVersion)) oszacowano jako ('' != '' AND
                                '8.0.0' != '' AND
                                  < 8.0.0).
   3:6>Wykonano kompilowanie elementu docelowego ÔÇ×_ReportUpgradeNetAnalyzersNuGetWarningÔÇŁ w projekcie ÔÇ×PhotoStudioManager.Infrastructure.csprojÔÇŁ.
   3:6>Element docelowy ÔÇ×CoreCompileÔÇŁ w pliku ÔÇ×C:\Program Files\dotnet\sdk\8.0.101\Roslyn\Microsoft.CSharp.Core.targetsÔÇŁ z projektu ÔÇ×C:\Users\emili\CascadeProjects\PhotoStudioManager\PhotoStudioManager.Infrastructure\PhotoStudioManager.Infrastructure.csprojÔÇŁ (zale┼╝y od niego element docelowy ÔÇ×CompileÔÇŁ):
       Pomijanie elementu docelowego ÔÇ×CoreCompileÔÇŁ, poniewa┼╝ wszystkie pliki wyj┼Ťciowe s─ů aktualne w por├│wnaniu z plikami wej┼Ťciowymi.
       Pliki wej┼Ťciowe: 
           Class1.cs
           Data\ApplicationDbContext.cs
           Migrations\20250308160716_InitialCreate.cs
           Migrations\20250308160716_InitialCreate.Designer.cs
           Migrations\20250308162042_AddIdentityAndNewEntities.cs
           Migrations\20250308162042_AddIdentityAndNewEntities.Designer.cs
           Migrations\ApplicationDbContextModelSnapshot.cs
           Services\AuthService.cs
           Services\EmailService.cs
           Services\JwtService.cs
           obj\Debug\net8.0\PhotoStudioManager.Infrastructure.GlobalUsings.g.cs
           obj\Debug\net8.0\.NETCoreApp,Version=v8.0.AssemblyAttributes.cs
           obj\Debug\net8.0\PhotoStudioManager.Infrastructure.AssemblyInfo.cs
           C:\Users\emili\.nuget\packages\azure.core\1.25.0\lib\net5.0\Azure.Core.dll
           C:\Users\emili\.nuget\packages\azure.identity\1.7.0\lib\netstandard2.0\Azure.Identity.dll
           C:\Users\emili\.nuget\packages\microsoft.aspnetcore.authentication.abstractions\2.2.0\lib\netstandard2.0\Microsoft.AspNetCore.Authentication.Abstractions.dll
           C:\Users\emili\.nuget\packages\microsoft.aspnetcore.authentication.cookies\2.2.0\lib\netstandard2.0\Microsoft.AspNetCore.Authentication.Cookies.dll
           C:\Users\emili\.nuget\packages\microsoft.aspnetcore.authentication.core\2.2.0\lib\netstandard2.0\Microsoft.AspNetCore.Authentication.Core.dll
           C:\Users\emili\.nuget\packages\microsoft.aspnetcore.authentication\2.2.0\lib\netstandard2.0\Microsoft.AspNetCore.Authentication.dll
           C:\Users\emili\.nuget\packages\microsoft.aspnetcore.cryptography.internal\8.0.1\lib\net8.0\Microsoft.AspNetCore.Cryptography.Internal.dll
           C:\Users\emili\.nuget\packages\microsoft.aspnetcore.cryptography.keyderivation\8.0.1\lib\net8.0\Microsoft.AspNetCore.Cryptography.KeyDerivation.dll
           C:\Users\emili\.nuget\packages\microsoft.aspnetcore.dataprotection.abstractions\2.2.0\lib\netstandard2.0\Microsoft.AspNetCore.DataProtection.Abstractions.dll
           C:\Users\emili\.nuget\packages\microsoft.aspnetcore.dataprotection\2.2.0\lib\netstandard2.0\Microsoft.AspNetCore.DataProtection.dll
           C:\Users\emili\.nuget\packages\microsoft.aspnetcore.hosting.abstractions\2.2.0\lib\netstandard2.0\Microsoft.AspNetCore.Hosting.Abstractions.dll
           C:\Users\emili\.nuget\packages\microsoft.aspnetcore.hosting.server.abstractions\2.2.0\lib\netstandard2.0\Microsoft.AspNetCore.Hosting.Server.Abstractions.dll
           C:\Users\emili\.nuget\packages\microsoft.aspnetcore.http.abstractions\2.2.0\lib\netstandard2.0\Microsoft.AspNetCore.Http.Abstractions.dll
           C:\Users\emili\.nuget\packages\microsoft.aspnetcore.http\2.2.0\lib\netstandard2.0\Microsoft.AspNetCore.Http.dll
           C:\Users\emili\.nuget\packages\microsoft.aspnetcore.http.extensions\2.2.0\lib\netstandard2.0\Microsoft.AspNetCore.Http.Extensions.dll
           C:\Users\emili\.nuget\packages\microsoft.aspnetcore.http.features\2.2.0\lib\netstandard2.0\Microsoft.AspNetCore.Http.Features.dll
           C:\Users\emili\.nuget\packages\microsoft.aspnetcore.identity\2.2.0\lib\netstandard2.0\Microsoft.AspNetCore.Identity.dll
           C:\Users\emili\.nuget\packages\microsoft.aspnetcore.identity.entityframeworkcore\8.0.1\lib\net8.0\Microsoft.AspNetCore.Identity.EntityFrameworkCore.dll
           C:\Users\emili\.nuget\packages\microsoft.aspnetcore.webutilities\2.2.0\lib\netstandard2.0\Microsoft.AspNetCore.WebUtilities.dll
           C:\Users\emili\.nuget\packages\microsoft.bcl.asyncinterfaces\6.0.0\lib\netstandard2.1\Microsoft.Bcl.AsyncInterfaces.dll
           C:\Program Files\dotnet\packs\Microsoft.NETCore.App.Ref\8.0.1\ref\net8.0\Microsoft.CSharp.dll
           C:\Users\emili\.nuget\packages\microsoft.data.sqlclient\5.1.1\ref\net6.0\Microsoft.Data.SqlClient.dll
           C:\Users\emili\.nuget\packages\microsoft.entityframeworkcore.abstractions\8.0.1\lib\net8.0\Microsoft.EntityFrameworkCore.Abstractions.dll
           C:\Users\emili\.nuget\packages\microsoft.entityframeworkcore\8.0.1\lib\net8.0\Microsoft.EntityFrameworkCore.dll
           C:\Users\emili\.nuget\packages\microsoft.entityframeworkcore.relational\8.0.1\lib\net8.0\Microsoft.EntityFrameworkCore.Relational.dll
           C:\Users\emili\.nuget\packages\microsoft.entityframeworkcore.sqlserver\8.0.1\lib\net8.0\Microsoft.EntityFrameworkCore.SqlServer.dll
           C:\Users\emili\.nuget\packages\microsoft.extensions.caching.abstractions\8.0.0\lib\net8.0\Microsoft.Extensions.Caching.Abstractions.dll
           C:\Users\emili\.nuget\packages\microsoft.extensions.caching.memory\8.0.0\lib\net8.0\Microsoft.Extensions.Caching.Memory.dll
           C:\Users\emili\.nuget\packages\microsoft.extensions.configuration.abstractions\8.0.0\lib\net8.0\Microsoft.Extensions.Configuration.Abstractions.dll
           C:\Users\emili\.nuget\packages\microsoft.extensions.dependencyinjection.abstractions\8.0.0\lib\net8.0\Microsoft.Extensions.DependencyInjection.Abstractions.dll
           C:\Users\emili\.nuget\packages\microsoft.extensions.dependencyinjection\8.0.0\lib\net8.0\Microsoft.Extensions.DependencyInjection.dll
           C:\Users\emili\.nuget\packages\microsoft.extensions.fileproviders.abstractions\2.2.0\lib\netstandard2.0\Microsoft.Extensions.FileProviders.Abstractions.dll
           C:\Users\emili\.nuget\packages\microsoft.extensions.hosting.abstractions\2.2.0\lib\netstandard2.0\Microsoft.Extensions.Hosting.Abstractions.dll
           C:\Users\emili\.nuget\packages\microsoft.extensions.identity.core\8.0.1\lib\net8.0\Microsoft.Extensions.Identity.Core.dll
           C:\Users\emili\.nuget\packages\microsoft.extensions.identity.stores\8.0.1\lib\net8.0\Microsoft.Extensions.Identity.Stores.dll
           C:\Users\emili\.nuget\packages\microsoft.extensions.logging.abstractions\8.0.0\lib\net8.0\Microsoft.Extensions.Logging.Abstractions.dll
           C:\Users\emili\.nuget\packages\microsoft.extensions.logging\8.0.0\lib\net8.0\Microsoft.Extensions.Logging.dll
           C:\Users\emili\.nuget\packages\microsoft.extensions.objectpool\2.2.0\lib\netstandard2.0\Microsoft.Extensions.ObjectPool.dll
           C:\Users\emili\.nuget\packages\microsoft.extensions.options\8.0.1\lib\net8.0\Microsoft.Extensions.Options.dll
           C:\Users\emili\.nuget\packages\microsoft.extensions.primitives\8.0.0\lib\net8.0\Microsoft.Extensions.Primitives.dll
           C:\Users\emili\.nuget\packages\microsoft.extensions.webencoders\2.2.0\lib\netstandard2.0\Microsoft.Extensions.WebEncoders.dll
           C:\Users\emili\.nuget\packages\microsoft.identity.client\4.47.2\lib\netcoreapp2.1\Microsoft.Identity.Client.dll
           C:\Users\emili\.nuget\packages\microsoft.identity.client.extensions.msal\2.19.3\lib\netcoreapp2.1\Microsoft.Identity.Client.Extensions.Msal.dll
           C:\Users\emili\.nuget\packages\microsoft.identitymodel.abstractions\6.24.0\lib\net6.0\Microsoft.IdentityModel.Abstractions.dll
           C:\Users\emili\.nuget\packages\microsoft.identitymodel.jsonwebtokens\6.24.0\lib\net6.0\Microsoft.IdentityModel.JsonWebTokens.dll
           C:\Users\emili\.nuget\packages\microsoft.identitymodel.logging\6.24.0\lib\net6.0\Microsoft.IdentityModel.Logging.dll
           C:\Users\emili\.nuget\packages\microsoft.identitymodel.protocols\6.24.0\lib\net6.0\Microsoft.IdentityModel.Protocols.dll
           C:\Users\emili\.nuget\packages\microsoft.identitymodel.protocols.openidconnect\6.24.0\lib\net6.0\Microsoft.IdentityModel.Protocols.OpenIdConnect.dll
           C:\Users\emili\.nuget\packages\microsoft.identitymodel.tokens\6.24.0\lib\net6.0\Microsoft.IdentityModel.Tokens.dll
           C:\Users\emili\.nuget\packages\microsoft.net.http.headers\2.2.0\lib\netstandard2.0\Microsoft.Net.Http.Headers.dll
           C:\Users\emili\.nuget\packages\microsoft.sqlserver.server\1.0.0\lib\netstandard2.0\Microsoft.SqlServer.Server.dll
           C:\Program Files\dotnet\packs\Microsoft.NETCore.App.Ref\8.0.1\ref\net8.0\Microsoft.VisualBasic.Core.dll
           C:\Program Files\dotnet\packs\Microsoft.NETCore.App.Ref\8.0.1\ref\net8.0\Microsoft.VisualBasic.dll
           C:\Program Files\dotnet\packs\Microsoft.NETCore.App.Ref\8.0.1\ref\net8.0\Microsoft.Win32.Primitives.dll
           C:\Program Files\dotnet\packs\Microsoft.NETCore.App.Ref\8.0.1\ref\net8.0\Microsoft.Win32.Registry.dll
           C:\Users\emili\.nuget\packages\microsoft.win32.systemevents\6.0.0\lib\net6.0\Microsoft.Win32.SystemEvents.dll
           C:\Program Files\dotnet\packs\Microsoft.NETCore.App.Ref\8.0.1\ref\net8.0\mscorlib.dll
           C:\Program Files\dotnet\packs\Microsoft.NETCore.App.Ref\8.0.1\ref\net8.0\netstandard.dll
           C:\Users\emili\CascadeProjects\PhotoStudioManager\PhotoStudioManager.Core\obj\Debug\net8.0\ref\PhotoStudioManager.Core.dll
           C:\Program Files\dotnet\packs\Microsoft.NETCore.App.Ref\8.0.1\ref\net8.0\System.AppContext.dll
           C:\Program Files\dotnet\packs\Microsoft.NETCore.App.Ref\8.0.1\ref\net8.0\System.Buffers.dll
           C:\Program Files\dotnet\packs\Microsoft.NETCore.App.Ref\8.0.1\ref\net8.0\System.Collections.Concurrent.dll
           C:\Program Files\dotnet\packs\Microsoft.NETCore.App.Ref\8.0.1\ref\net8.0\System.Collections.dll
           C:\Program Files\dotnet\packs\Microsoft.NETCore.App.Ref\8.0.1\ref\net8.0\System.Collections.Immutable.dll
           C:\Program Files\dotnet\packs\Microsoft.NETCore.App.Ref\8.0.1\ref\net8.0\System.Collections.NonGeneric.dll
           C:\Program Files\dotnet\packs\Microsoft.NETCore.App.Ref\8.0.1\ref\net8.0\System.Collections.Specialized.dll
           C:\Program Files\dotnet\packs\Microsoft.NETCore.App.Ref\8.0.1\ref\net8.0\System.ComponentModel.Annotations.dll
           C:\Program Files\dotnet\packs\Microsoft.NETCore.App.Ref\8.0.1\ref\net8.0\System.ComponentModel.DataAnnotations.dll
           C:\Program Files\dotnet\packs\Microsoft.NETCore.App.Ref\8.0.1\ref\net8.0\System.ComponentModel.dll
           C:\Program Files\dotnet\packs\Microsoft.NETCore.App.Ref\8.0.1\ref\net8.0\System.ComponentModel.EventBasedAsync.dll
           C:\Program Files\dotnet\packs\Microsoft.NETCore.App.Ref\8.0.1\ref\net8.0\System.ComponentModel.Primitives.dll
           C:\Program Files\dotnet\packs\Microsoft.NETCore.App.Ref\8.0.1\ref\net8.0\System.ComponentModel.TypeConverter.dll
           C:\Program Files\dotnet\packs\Microsoft.NETCore.App.Ref\8.0.1\ref\net8.0\System.Configuration.dll
           C:\Program Files\dotnet\packs\Microsoft.NETCore.App.Ref\8.0.1\ref\net8.0\System.Console.dll
           C:\Program Files\dotnet\packs\Microsoft.NETCore.App.Ref\8.0.1\ref\net8.0\System.Core.dll
           C:\Program Files\dotnet\packs\Microsoft.NETCore.App.Ref\8.0.1\ref\net8.0\System.Data.Common.dll
           C:\Program Files\dotnet\packs\Microsoft.NETCore.App.Ref\8.0.1\ref\net8.0\System.Data.DataSetExtensions.dll
           C:\Program Files\dotnet\packs\Microsoft.NETCore.App.Ref\8.0.1\ref\net8.0\System.Data.dll
           C:\Program Files\dotnet\packs\Microsoft.NETCore.App.Ref\8.0.1\ref\net8.0\System.Diagnostics.Contracts.dll
           C:\Program Files\dotnet\packs\Microsoft.NETCore.App.Ref\8.0.1\ref\net8.0\System.Diagnostics.Debug.dll
           C:\Program Files\dotnet\packs\Microsoft.NETCore.App.Ref\8.0.1\ref\net8.0\System.Diagnostics.DiagnosticSource.dll
           C:\Program Files\dotnet\packs\Microsoft.NETCore.App.Ref\8.0.1\ref\net8.0\System.Diagnostics.FileVersionInfo.dll
           C:\Program Files\dotnet\packs\Microsoft.NETCore.App.Ref\8.0.1\ref\net8.0\System.Diagnostics.Process.dll
           C:\Program Files\dotnet\packs\Microsoft.NETCore.App.Ref\8.0.1\ref\net8.0\System.Diagnostics.StackTrace.dll
           C:\Program Files\dotnet\packs\Microsoft.NETCore.App.Ref\8.0.1\ref\net8.0\System.Diagnostics.TextWriterTraceListener.dll
           C:\Program Files\dotnet\packs\Microsoft.NETCore.App.Ref\8.0.1\ref\net8.0\System.Diagnostics.Tools.dll
           C:\Program Files\dotnet\packs\Microsoft.NETCore.App.Ref\8.0.1\ref\net8.0\System.Diagnostics.TraceSource.dll
           C:\Program Files\dotnet\packs\Microsoft.NETCore.App.Ref\8.0.1\ref\net8.0\System.Diagnostics.Tracing.dll
           C:\Program Files\dotnet\packs\Microsoft.NETCore.App.Ref\8.0.1\ref\net8.0\System.dll
           C:\Users\emili\.nuget\packages\system.drawing.common\6.0.0\lib\net6.0\System.Drawing.Common.dll
           C:\Program Files\dotnet\packs\Microsoft.NETCore.App.Ref\8.0.1\ref\net8.0\System.Drawing.dll
           C:\Program Files\dotnet\packs\Microsoft.NETCore.App.Ref\8.0.1\ref\net8.0\System.Drawing.Primitives.dll
           C:\Program Files\dotnet\packs\Microsoft.NETCore.App.Ref\8.0.1\ref\net8.0\System.Dynamic.Runtime.dll
           C:\Program Files\dotnet\packs\Microsoft.NETCore.App.Ref\8.0.1\ref\net8.0\System.Formats.Asn1.dll
           C:\Program Files\dotnet\packs\Microsoft.NETCore.App.Ref\8.0.1\ref\net8.0\System.Formats.Tar.dll
           C:\Program Files\dotnet\packs\Microsoft.NETCore.App.Ref\8.0.1\ref\net8.0\System.Globalization.Calendars.dll
           C:\Program Files\dotnet\packs\Microsoft.NETCore.App.Ref\8.0.1\ref\net8.0\System.Globalization.dll
           C:\Program Files\dotnet\packs\Microsoft.NETCore.App.Ref\8.0.1\ref\net8.0\System.Globalization.Extensions.dll
           C:\Users\emili\.nuget\packages\system.identitymodel.tokens.jwt\6.24.0\lib\net6.0\System.IdentityModel.Tokens.Jwt.dll
           C:\Program Files\dotnet\packs\Microsoft.NETCore.App.Ref\8.0.1\ref\net8.0\System.IO.Compression.Brotli.dll
           C:\Program Files\dotnet\packs\Microsoft.NETCore.App.Ref\8.0.1\ref\net8.0\System.IO.Compression.dll
           C:\Program Files\dotnet\packs\Microsoft.NETCore.App.Ref\8.0.1\ref\net8.0\System.IO.Compression.FileSystem.dll
           C:\Program Files\dotnet\packs\Microsoft.NETCore.App.Ref\8.0.1\ref\net8.0\System.IO.Compression.ZipFile.dll
           C:\Program Files\dotnet\packs\Microsoft.NETCore.App.Ref\8.0.1\ref\net8.0\System.IO.dll
           C:\Program Files\dotnet\packs\Microsoft.NETCore.App.Ref\8.0.1\ref\net8.0\System.IO.FileSystem.AccessControl.dll
           C:\Program Files\dotnet\packs\Microsoft.NETCore.App.Ref\8.0.1\ref\net8.0\System.IO.FileSystem.dll
           C:\Program Files\dotnet\packs\Microsoft.NETCore.App.Ref\8.0.1\ref\net8.0\System.IO.FileSystem.DriveInfo.dll
           C:\Program Files\dotnet\packs\Microsoft.NETCore.App.Ref\8.0.1\ref\net8.0\System.IO.FileSystem.Primitives.dll
           C:\Program Files\dotnet\packs\Microsoft.NETCore.App.Ref\8.0.1\ref\net8.0\System.IO.FileSystem.Watcher.dll
           C:\Program Files\dotnet\packs\Microsoft.NETCore.App.Ref\8.0.1\ref\net8.0\System.IO.IsolatedStorage.dll
           C:\Program Files\dotnet\packs\Microsoft.NETCore.App.Ref\8.0.1\ref\net8.0\System.IO.MemoryMappedFiles.dll
           C:\Program Files\dotnet\packs\Microsoft.NETCore.App.Ref\8.0.1\ref\net8.0\System.IO.Pipes.AccessControl.dll
           C:\Program Files\dotnet\packs\Microsoft.NETCore.App.Ref\8.0.1\ref\net8.0\System.IO.Pipes.dll
           C:\Program Files\dotnet\packs\Microsoft.NETCore.App.Ref\8.0.1\ref\net8.0\System.IO.UnmanagedMemoryStream.dll
           C:\Program Files\dotnet\packs\Microsoft.NETCore.App.Ref\8.0.1\ref\net8.0\System.Linq.dll
           C:\Program Files\dotnet\packs\Microsoft.NETCore.App.Ref\8.0.1\ref\net8.0\System.Linq.Expressions.dll
           C:\Program Files\dotnet\packs\Microsoft.NETCore.App.Ref\8.0.1\ref\net8.0\System.Linq.Parallel.dll
           C:\Program Files\dotnet\packs\Microsoft.NETCore.App.Ref\8.0.1\ref\net8.0\System.Linq.Queryable.dll
           C:\Users\emili\.nuget\packages\system.memory.data\1.0.2\lib\netstandard2.0\System.Memory.Data.dll
           C:\Program Files\dotnet\packs\Microsoft.NETCore.App.Ref\8.0.1\ref\net8.0\System.Memory.dll
           C:\Program Files\dotnet\packs\Microsoft.NETCore.App.Ref\8.0.1\ref\net8.0\System.Net.dll
           C:\Program Files\dotnet\packs\Microsoft.NETCore.App.Ref\8.0.1\ref\net8.0\System.Net.Http.dll
           C:\Program Files\dotnet\packs\Microsoft.NETCore.App.Ref\8.0.1\ref\net8.0\System.Net.Http.Json.dll
           C:\Program Files\dotnet\packs\Microsoft.NETCore.App.Ref\8.0.1\ref\net8.0\System.Net.HttpListener.dll
           C:\Program Files\dotnet\packs\Microsoft.NETCore.App.Ref\8.0.1\ref\net8.0\System.Net.Mail.dll
           C:\Program Files\dotnet\packs\Microsoft.NETCore.App.Ref\8.0.1\ref\net8.0\System.Net.NameResolution.dll
           C:\Program Files\dotnet\packs\Microsoft.NETCore.App.Ref\8.0.1\ref\net8.0\System.Net.NetworkInformation.dll
           C:\Program Files\dotnet\packs\Microsoft.NETCore.App.Ref\8.0.1\ref\net8.0\System.Net.Ping.dll
           C:\Program Files\dotnet\packs\Microsoft.NETCore.App.Ref\8.0.1\ref\net8.0\System.Net.Primitives.dll
           C:\Program Files\dotnet\packs\Microsoft.NETCore.App.Ref\8.0.1\ref\net8.0\System.Net.Quic.dll
           C:\Program Files\dotnet\packs\Microsoft.NETCore.App.Ref\8.0.1\ref\net8.0\System.Net.Requests.dll
           C:\Program Files\dotnet\packs\Microsoft.NETCore.App.Ref\8.0.1\ref\net8.0\System.Net.Security.dll
           C:\Program Files\dotnet\packs\Microsoft.NETCore.App.Ref\8.0.1\ref\net8.0\System.Net.ServicePoint.dll
           C:\Program Files\dotnet\packs\Microsoft.NETCore.App.Ref\8.0.1\ref\net8.0\System.Net.Sockets.dll
           C:\Program Files\dotnet\packs\Microsoft.NETCore.App.Ref\8.0.1\ref\net8.0\System.Net.WebClient.dll
           C:\Program Files\dotnet\packs\Microsoft.NETCore.App.Ref\8.0.1\ref\net8.0\System.Net.WebHeaderCollection.dll
           C:\Program Files\dotnet\packs\Microsoft.NETCore.App.Ref\8.0.1\ref\net8.0\System.Net.WebProxy.dll
           C:\Program Files\dotnet\packs\Microsoft.NETCore.App.Ref\8.0.1\ref\net8.0\System.Net.WebSockets.Client.dll
           C:\Program Files\dotnet\packs\Microsoft.NETCore.App.Ref\8.0.1\ref\net8.0\System.Net.WebSockets.dll
           C:\Program Files\dotnet\packs\Microsoft.NETCore.App.Ref\8.0.1\ref\net8.0\System.Numerics.dll
           C:\Program Files\dotnet\packs\Microsoft.NETCore.App.Ref\8.0.1\ref\net8.0\System.Numerics.Vectors.dll
           C:\Program Files\dotnet\packs\Microsoft.NETCore.App.Ref\8.0.1\ref\net8.0\System.ObjectModel.dll
           C:\Program Files\dotnet\packs\Microsoft.NETCore.App.Ref\8.0.1\ref\net8.0\System.Reflection.DispatchProxy.dll
           C:\Program Files\dotnet\packs\Microsoft.NETCore.App.Ref\8.0.1\ref\net8.0\System.Reflection.dll
           C:\Program Files\dotnet\packs\Microsoft.NETCore.App.Ref\8.0.1\ref\net8.0\System.Reflection.Emit.dll
           C:\Program Files\dotnet\packs\Microsoft.NETCore.App.Ref\8.0.1\ref\net8.0\System.Reflection.Emit.ILGeneration.dll
           C:\Program Files\dotnet\packs\Microsoft.NETCore.App.Ref\8.0.1\ref\net8.0\System.Reflection.Emit.Lightweight.dll
           C:\Program Files\dotnet\packs\Microsoft.NETCore.App.Ref\8.0.1\ref\net8.0\System.Reflection.Extensions.dll
           C:\Program Files\dotnet\packs\Microsoft.NETCore.App.Ref\8.0.1\ref\net8.0\System.Reflection.Metadata.dll
           C:\Program Files\dotnet\packs\Microsoft.NETCore.App.Ref\8.0.1\ref\net8.0\System.Reflection.Primitives.dll
           C:\Program Files\dotnet\packs\Microsoft.NETCore.App.Ref\8.0.1\ref\net8.0\System.Reflection.TypeExtensions.dll
           C:\Program Files\dotnet\packs\Microsoft.NETCore.App.Ref\8.0.1\ref\net8.0\System.Resources.Reader.dll
           C:\Program Files\dotnet\packs\Microsoft.NETCore.App.Ref\8.0.1\ref\net8.0\System.Resources.ResourceManager.dll
           C:\Program Files\dotnet\packs\Microsoft.NETCore.App.Ref\8.0.1\ref\net8.0\System.Resources.Writer.dll
           C:\Program Files\dotnet\packs\Microsoft.NETCore.App.Ref\8.0.1\ref\net8.0\System.Runtime.CompilerServices.Unsafe.dll
           C:\Program Files\dotnet\packs\Microsoft.NETCore.App.Ref\8.0.1\ref\net8.0\System.Runtime.CompilerServices.VisualC.dll
           C:\Program Files\dotnet\packs\Microsoft.NETCore.App.Ref\8.0.1\ref\net8.0\System.Runtime.dll
           C:\Program Files\dotnet\packs\Microsoft.NETCore.App.Ref\8.0.1\ref\net8.0\System.Runtime.Extensions.dll
           C:\Program Files\dotnet\packs\Microsoft.NETCore.App.Ref\8.0.1\ref\net8.0\System.Runtime.Handles.dll
           C:\Program Files\dotnet\packs\Microsoft.NETCore.App.Ref\8.0.1\ref\net8.0\System.Runtime.InteropServices.dll
           C:\Program Files\dotnet\packs\Microsoft.NETCore.App.Ref\8.0.1\ref\net8.0\System.Runtime.InteropServices.JavaScript.dll
           C:\Program Files\dotnet\packs\Microsoft.NETCore.App.Ref\8.0.1\ref\net8.0\System.Runtime.InteropServices.RuntimeInformation.dll
           C:\Program Files\dotnet\packs\Microsoft.NETCore.App.Ref\8.0.1\ref\net8.0\System.Runtime.Intrinsics.dll
           C:\Program Files\dotnet\packs\Microsoft.NETCore.App.Ref\8.0.1\ref\net8.0\System.Runtime.Loader.dll
           C:\Program Files\dotnet\packs\Microsoft.NETCore.App.Ref\8.0.1\ref\net8.0\System.Runtime.Numerics.dll
           C:\Program Files\dotnet\packs\Microsoft.NETCore.App.Ref\8.0.1\ref\net8.0\System.Runtime.Serialization.dll
           C:\Program Files\dotnet\packs\Microsoft.NETCore.App.Ref\8.0.1\ref\net8.0\System.Runtime.Serialization.Formatters.dll
           C:\Program Files\dotnet\packs\Microsoft.NETCore.App.Ref\8.0.1\ref\net8.0\System.Runtime.Serialization.Json.dll
           C:\Program Files\dotnet\packs\Microsoft.NETCore.App.Ref\8.0.1\ref\net8.0\System.Runtime.Serialization.Primitives.dll
           C:\Program Files\dotnet\packs\Microsoft.NETCore.App.Ref\8.0.1\ref\net8.0\System.Runtime.Serialization.Xml.dll
           C:\Program Files\dotnet\packs\Microsoft.NETCore.App.Ref\8.0.1\ref\net8.0\System.Security.AccessControl.dll
           C:\Program Files\dotnet\packs\Microsoft.NETCore.App.Ref\8.0.1\ref\net8.0\System.Security.Claims.dll
           C:\Program Files\dotnet\packs\Microsoft.NETCore.App.Ref\8.0.1\ref\net8.0\System.Security.Cryptography.Algorithms.dll
           C:\Program Files\dotnet\packs\Microsoft.NETCore.App.Ref\8.0.1\ref\net8.0\System.Security.Cryptography.Cng.dll
           C:\Program Files\dotnet\packs\Microsoft.NETCore.App.Ref\8.0.1\ref\net8.0\System.Security.Cryptography.Csp.dll
           C:\Program Files\dotnet\packs\Microsoft.NETCore.App.Ref\8.0.1\ref\net8.0\System.Security.Cryptography.dll
           C:\Program Files\dotnet\packs\Microsoft.NETCore.App.Ref\8.0.1\ref\net8.0\System.Security.Cryptography.Encoding.dll
           C:\Program Files\dotnet\packs\Microsoft.NETCore.App.Ref\8.0.1\ref\net8.0\System.Security.Cryptography.OpenSsl.dll
           C:\Program Files\dotnet\packs\Microsoft.NETCore.App.Ref\8.0.1\ref\net8.0\System.Security.Cryptography.Primitives.dll
           C:\Users\emili\.nuget\packages\system.security.cryptography.protecteddata\6.0.0\lib\net6.0\System.Security.Cryptography.ProtectedData.dll
           C:\Program Files\dotnet\packs\Microsoft.NETCore.App.Ref\8.0.1\ref\net8.0\System.Security.Cryptography.X509Certificates.dll
           C:\Users\emili\.nuget\packages\system.security.cryptography.xml\4.5.0\ref\netstandard2.0\System.Security.Cryptography.Xml.dll
           C:\Program Files\dotnet\packs\Microsoft.NETCore.App.Ref\8.0.1\ref\net8.0\System.Security.dll
           C:\Users\emili\.nuget\packages\system.security.permissions\6.0.0\lib\net6.0\System.Security.Permissions.dll
           C:\Program Files\dotnet\packs\Microsoft.NETCore.App.Ref\8.0.1\ref\net8.0\System.Security.Principal.dll
           C:\Program Files\dotnet\packs\Microsoft.NETCore.App.Ref\8.0.1\ref\net8.0\System.Security.Principal.Windows.dll
           C:\Program Files\dotnet\packs\Microsoft.NETCore.App.Ref\8.0.1\ref\net8.0\System.Security.SecureString.dll
           C:\Program Files\dotnet\packs\Microsoft.NETCore.App.Ref\8.0.1\ref\net8.0\System.ServiceModel.Web.dll
           C:\Program Files\dotnet\packs\Microsoft.NETCore.App.Ref\8.0.1\ref\net8.0\System.ServiceProcess.dll
           C:\Program Files\dotnet\packs\Microsoft.NETCore.App.Ref\8.0.1\ref\net8.0\System.Text.Encoding.CodePages.dll
           C:\Program Files\dotnet\packs\Microsoft.NETCore.App.Ref\8.0.1\ref\net8.0\System.Text.Encoding.dll
           C:\Program Files\dotnet\packs\Microsoft.NETCore.App.Ref\8.0.1\ref\net8.0\System.Text.Encoding.Extensions.dll
           C:\Program Files\dotnet\packs\Microsoft.NETCore.App.Ref\8.0.1\ref\net8.0\System.Text.Encodings.Web.dll
           C:\Program Files\dotnet\packs\Microsoft.NETCore.App.Ref\8.0.1\ref\net8.0\System.Text.Json.dll
           C:\Program Files\dotnet\packs\Microsoft.NETCore.App.Ref\8.0.1\ref\net8.0\System.Text.RegularExpressions.dll
           C:\Program Files\dotnet\packs\Microsoft.NETCore.App.Ref\8.0.1\ref\net8.0\System.Threading.Channels.dll
           C:\Program Files\dotnet\packs\Microsoft.NETCore.App.Ref\8.0.1\ref\net8.0\System.Threading.dll
           C:\Program Files\dotnet\packs\Microsoft.NETCore.App.Ref\8.0.1\ref\net8.0\System.Threading.Overlapped.dll
           C:\Program Files\dotnet\packs\Microsoft.NETCore.App.Ref\8.0.1\ref\net8.0\System.Threading.Tasks.Dataflow.dll
           C:\Program Files\dotnet\packs\Microsoft.NETCore.App.Ref\8.0.1\ref\net8.0\System.Threading.Tasks.dll
           C:\Program Files\dotnet\packs\Microsoft.NETCore.App.Ref\8.0.1\ref\net8.0\System.Threading.Tasks.Extensions.dll
           C:\Program Files\dotnet\packs\Microsoft.NETCore.App.Ref\8.0.1\ref\net8.0\System.Threading.Tasks.Parallel.dll
           C:\Program Files\dotnet\packs\Microsoft.NETCore.App.Ref\8.0.1\ref\net8.0\System.Threading.Thread.dll
           C:\Program Files\dotnet\packs\Microsoft.NETCore.App.Ref\8.0.1\ref\net8.0\System.Threading.ThreadPool.dll
           C:\Program Files\dotnet\packs\Microsoft.NETCore.App.Ref\8.0.1\ref\net8.0\System.Threading.Timer.dll
           C:\Program Files\dotnet\packs\Microsoft.NETCore.App.Ref\8.0.1\ref\net8.0\System.Transactions.dll
           C:\Program Files\dotnet\packs\Microsoft.NETCore.App.Ref\8.0.1\ref\net8.0\System.Transactions.Local.dll
           C:\Program Files\dotnet\packs\Microsoft.NETCore.App.Ref\8.0.1\ref\net8.0\System.ValueTuple.dll
           C:\Program Files\dotnet\packs\Microsoft.NETCore.App.Ref\8.0.1\ref\net8.0\System.Web.dll
           C:\Program Files\dotnet\packs\Microsoft.NETCore.App.Ref\8.0.1\ref\net8.0\System.Web.HttpUtility.dll
           C:\Program Files\dotnet\packs\Microsoft.NETCore.App.Ref\8.0.1\ref\net8.0\System.Windows.dll
           C:\Users\emili\.nuget\packages\system.windows.extensions\6.0.0\lib\net6.0\System.Windows.Extensions.dll
           C:\Program Files\dotnet\packs\Microsoft.NETCore.App.Ref\8.0.1\ref\net8.0\System.Xml.dll
           C:\Program Files\dotnet\packs\Microsoft.NETCore.App.Ref\8.0.1\ref\net8.0\System.Xml.Linq.dll
           C:\Program Files\dotnet\packs\Microsoft.NETCore.App.Ref\8.0.1\ref\net8.0\System.Xml.ReaderWriter.dll
           C:\Program Files\dotnet\packs\Microsoft.NETCore.App.Ref\8.0.1\ref\net8.0\System.Xml.Serialization.dll
           C:\Program Files\dotnet\packs\Microsoft.NETCore.App.Ref\8.0.1\ref\net8.0\System.Xml.XDocument.dll
           C:\Program Files\dotnet\packs\Microsoft.NETCore.App.Ref\8.0.1\ref\net8.0\System.Xml.XmlDocument.dll
           C:\Program Files\dotnet\packs\Microsoft.NETCore.App.Ref\8.0.1\ref\net8.0\System.Xml.XmlSerializer.dll
           C:\Program Files\dotnet\packs\Microsoft.NETCore.App.Ref\8.0.1\ref\net8.0\System.Xml.XPath.dll
           C:\Program Files\dotnet\packs\Microsoft.NETCore.App.Ref\8.0.1\ref\net8.0\System.Xml.XPath.XDocument.dll
           C:\Program Files\dotnet\packs\Microsoft.NETCore.App.Ref\8.0.1\ref\net8.0\WindowsBase.dll
           obj\Debug\net8.0\PhotoStudioManager.Infrastructure.csproj.CoreCompileInputs.cache
           C:\Program Files\dotnet\sdk\8.0.101\Sdks\Microsoft.NET.Sdk\targets\..\analyzers\Microsoft.CodeAnalysis.CSharp.NetAnalyzers.dll
           C:\Program Files\dotnet\sdk\8.0.101\Sdks\Microsoft.NET.Sdk\targets\..\analyzers\Microsoft.CodeAnalysis.NetAnalyzers.dll
           C:\Users\emili\.nuget\packages\microsoft.codeanalysis.analyzers\3.3.3\analyzers\dotnet\cs\Microsoft.CodeAnalysis.Analyzers.dll
           C:\Users\emili\.nuget\packages\microsoft.codeanalysis.analyzers\3.3.3\analyzers\dotnet\cs\Microsoft.CodeAnalysis.CSharp.Analyzers.dll
           C:\Users\emili\.nuget\packages\microsoft.entityframeworkcore.analyzers\8.0.1\analyzers\dotnet\cs\Microsoft.EntityFrameworkCore.Analyzers.dll
           C:\Users\emili\.nuget\packages\microsoft.extensions.logging.abstractions\8.0.0\analyzers\dotnet\roslyn4.4\cs\Microsoft.Extensions.Logging.Generators.dll
           C:\Users\emili\.nuget\packages\microsoft.extensions.options\8.0.1\analyzers\dotnet\roslyn4.4\cs\Microsoft.Extensions.Options.SourceGeneration.dll
           C:\Program Files\dotnet\packs\Microsoft.NETCore.App.Ref\8.0.1\analyzers/dotnet/cs/Microsoft.Interop.ComInterfaceGenerator.dll
           C:\Program Files\dotnet\packs\Microsoft.NETCore.App.Ref\8.0.1\analyzers/dotnet/cs/Microsoft.Interop.JavaScript.JSImportGenerator.dll
           C:\Program Files\dotnet\packs\Microsoft.NETCore.App.Ref\8.0.1\analyzers/dotnet/cs/Microsoft.Interop.LibraryImportGenerator.dll
           C:\Program Files\dotnet\packs\Microsoft.NETCore.App.Ref\8.0.1\analyzers/dotnet/cs/Microsoft.Interop.SourceGeneration.dll
           C:\Program Files\dotnet\packs\Microsoft.NETCore.App.Ref\8.0.1\analyzers/dotnet/cs/System.Text.Json.SourceGeneration.dll
           C:\Program Files\dotnet\packs\Microsoft.NETCore.App.Ref\8.0.1\analyzers/dotnet/cs/System.Text.RegularExpressions.Generator.dll
           obj\Debug\net8.0\PhotoStudioManager.Infrastructure.GeneratedMSBuildEditorConfig.editorconfig
           C:\Program Files\dotnet\sdk\8.0.101\Sdks\Microsoft.NET.Sdk\analyzers\build\config\analysislevel_8_default.globalconfig
           C:\Users\emili\CascadeProjects\PhotoStudioManager\PhotoStudioManager.Infrastructure\PhotoStudioManager.Infrastructure.csproj
           C:\Program Files\dotnet\sdk\8.0.101\Current\Microsoft.Common.targets\ImportAfter\Microsoft.TestPlatform.ImportAfter.targets
       Pliki wyj┼Ťciowe: 
           obj\Debug\net8.0\PhotoStudioManager.Infrastructure.dll
           obj\Debug\net8.0\refint\PhotoStudioManager.Infrastructure.dll
           obj\Debug\net8.0\PhotoStudioManager.Infrastructure.pdb
   3:6>Wykonano kompilowanie elementu docelowego ÔÇ×CoreCompileÔÇŁ w projekcie ÔÇ×PhotoStudioManager.Infrastructure.csprojÔÇŁ.
       Pomini─Öto element docelowy ÔÇ×_TouchLastBuildWithSkipAnalyzersÔÇŁ z powodu fa┼észywego warunku; ('$(_SkipAnalyzers)' == 'true') oszacowano jako ('' == 'true').
       Pomini─Öto element docelowy ÔÇ×_TimeStampAfterCompileÔÇŁ z powodu fa┼észywego warunku; ('$(RunPostBuildEvent)'=='OnOutputUpdated' or ('$(RegisterForComInterop)'=='true' and '$(OutputType)'=='library')) oszacowano jako (''=='OnOutputUpdated' or (''=='true' and 'Library'=='library')).
   3:6>Element docelowy ÔÇ×AfterCompileÔÇŁ w pliku ÔÇ×C:\Program Files\dotnet\sdk\8.0.101\Microsoft.Common.CurrentVersion.targetsÔÇŁ z projektu ÔÇ×C:\Users\emili\CascadeProjects\PhotoStudioManager\PhotoStudioManager.Infrastructure\PhotoStudioManager.Infrastructure.csprojÔÇŁ (zale┼╝y od niego element docelowy ÔÇ×CompileÔÇŁ):
   3:6>Wykonano kompilowanie elementu docelowego ÔÇ×AfterCompileÔÇŁ w projekcie ÔÇ×PhotoStudioManager.Infrastructure.csprojÔÇŁ.
       Pomini─Öto element docelowy ÔÇ×_CreateAppHostÔÇŁ z powodu fa┼észywego warunku; ('$(ComputeNETCoreBuildOutputFiles)' == 'true' and
                            '$(AppHostSourcePath)' != '' and
                            Exists('@(IntermediateAssembly)') and
                            Exists('$(AppHostSourcePath)')) oszacowano jako ('true' == 'true' and
                            '' != '' and
                            Exists('obj\Debug\net8.0\PhotoStudioManager.Infrastructure.dll') and
                            Exists('')).
       Pomini─Öto element docelowy ÔÇ×_CreateComHostÔÇŁ z powodu fa┼észywego warunku; ('$(ComputeNETCoreBuildOutputFiles)' == 'true' and
                            '$(ComHostIntermediatePath)' != '' and
                            Exists('@(IntermediateAssembly)') and
                            Exists('$(ComHostSourcePath)')) oszacowano jako ('true' == 'true' and
                            '' != '' and
                            Exists('obj\Debug\net8.0\PhotoStudioManager.Infrastructure.dll') and
                            Exists('')).
       Pomini─Öto element docelowy ÔÇ×_GetIjwHostPathsÔÇŁ z powodu fa┼észywego warunku; ('$(UseIJWHost)' == 'true') oszacowano jako ('' == 'true').
   3:6>Element docelowy ÔÇ×CompileÔÇŁ w pliku ÔÇ×C:\Program Files\dotnet\sdk\8.0.101\Microsoft.Common.CurrentVersion.targetsÔÇŁ z projektu ÔÇ×C:\Users\emili\CascadeProjects\PhotoStudioManager\PhotoStudioManager.Infrastructure\PhotoStudioManager.Infrastructure.csprojÔÇŁ (zale┼╝y od niego element docelowy ÔÇ×CoreBuildÔÇŁ):
   3:6>Wykonano kompilowanie elementu docelowego ÔÇ×CompileÔÇŁ w projekcie ÔÇ×PhotoStudioManager.Infrastructure.csprojÔÇŁ.
       Pomini─Öto element docelowy ÔÇ×ExportWindowsMDFileÔÇŁ z powodu fa┼észywego warunku; ('$(ExportWinMDFile)' == 'true') oszacowano jako ('' == 'true').
       Pomini─Öto element docelowy ÔÇ×UnmanagedUnregistrationÔÇŁ z powodu fa┼észywego warunku; ((('$(_AssemblyTimestampBeforeCompile)' != '$(_AssemblyTimestampAfterCompile)' or '$(RegisterForComInterop)' != 'true' or '$(OutputType)' != 'library') or
                           ('$(_AssemblyTimestampBeforeCompile)' == '')) and
                          Exists('@(_UnmanagedRegistrationCache)')) oszacowano jako ((('' != '' or '' != 'true' or 'Library' != 'library') or
                           ('' == '')) and
                          Exists('obj\PhotoStudioManager.Infrastructure.csproj.UnmanagedRegistration.cache')).
       Pomini─Öto element docelowy ÔÇ×GenerateSerializationAssembliesÔÇŁ z powodu fa┼észywego warunku; ('$(_SGenGenerateSerializationAssembliesConfig)' == 'On' or ('@(WebReferenceUrl)'!='' and '$(_SGenGenerateSerializationAssembliesConfig)' == 'Auto')) oszacowano jako ('Off' == 'On' or (''!='' and 'Off' == 'Auto')).
   3:6>Element docelowy ÔÇ×_GenerateSatelliteAssemblyInputsÔÇŁ w pliku ÔÇ×C:\Program Files\dotnet\sdk\8.0.101\Microsoft.Common.CurrentVersion.targetsÔÇŁ z projektu ÔÇ×C:\Users\emili\CascadeProjects\PhotoStudioManager\PhotoStudioManager.Infrastructure\PhotoStudioManager.Infrastructure.csprojÔÇŁ (zale┼╝y od niego element docelowy ÔÇ×CreateSatelliteAssembliesÔÇŁ):
       Pomini─Öto zadanie ÔÇ×WarningÔÇŁ z powodu fa┼észywego warunku; ('@(ManifestResourceWithCulture)'!='' and '%(ManifestResourceWithCulture.EmittedForCompatibilityOnly)'=='') oszacowano jako (''!='' and ''=='').
       Pomini─Öto zadanie ÔÇ×WarningÔÇŁ z powodu fa┼észywego warunku; ('@(ManifestNonResxWithCultureOnDisk)'!='' and '%(ManifestNonResxWithCultureOnDisk.EmittedForCompatibilityOnly)'=='') oszacowano jako (''!='' and ''=='').
   3:6>Wykonano kompilowanie elementu docelowego ÔÇ×_GenerateSatelliteAssemblyInputsÔÇŁ w projekcie ÔÇ×PhotoStudioManager.Infrastructure.csprojÔÇŁ.
       Pomini─Öto element docelowy ÔÇ×ComputeIntermediateSatelliteAssembliesÔÇŁ z powodu fa┼észywego warunku; (@(EmbeddedResource->'%(WithCulture)') != '') oszacowano jako ( != '').
       Pomini─Öto element docelowy ÔÇ×GenerateSatelliteAssembliesÔÇŁ z powodu fa┼észywego warunku; ('@(_SatelliteAssemblyResourceInputs)' != '' and '$(GenerateSatelliteAssembliesForCore)' != 'true') oszacowano jako ('' != '' and 'true' != 'true').
       Pomini─Öto element docelowy ÔÇ×CoreGenerateSatelliteAssembliesÔÇŁ z powodu fa┼észywego warunku; ('@(_SatelliteAssemblyResourceInputs)' != ''  and '$(GenerateSatelliteAssembliesForCore)' == 'true' ) oszacowano jako ('' != ''  and 'true' == 'true' ).
   3:6>Element docelowy ÔÇ×CreateSatelliteAssembliesÔÇŁ w pliku ÔÇ×C:\Program Files\dotnet\sdk\8.0.101\Microsoft.Common.CurrentVersion.targetsÔÇŁ z projektu ÔÇ×C:\Users\emili\CascadeProjects\PhotoStudioManager\PhotoStudioManager.Infrastructure\PhotoStudioManager.Infrastructure.csprojÔÇŁ (zale┼╝y od niego element docelowy ÔÇ×CoreBuildÔÇŁ):
   3:6>Wykonano kompilowanie elementu docelowego ÔÇ×CreateSatelliteAssembliesÔÇŁ w projekcie ÔÇ×PhotoStudioManager.Infrastructure.csprojÔÇŁ.
       Pomini─Öto element docelowy ÔÇ×GenerateManifestsÔÇŁ z powodu fa┼észywego warunku; ('$(GenerateClickOnceManifests)'=='true' or '@(NativeReference)'!='' or '@(ResolvedIsolatedComModules)'!='' or '$(GenerateAppxManifest)' == 'true') oszacowano jako (''=='true' or ''!='' or ''!='' or '' == 'true').
   3:6>Element docelowy ÔÇ×GetTargetPathWithTargetPlatformMonikerÔÇŁ w pliku ÔÇ×C:\Program Files\dotnet\sdk\8.0.101\Microsoft.Common.CurrentVersion.targetsÔÇŁ z projektu ÔÇ×C:\Users\emili\CascadeProjects\PhotoStudioManager\PhotoStudioManager.Infrastructure\PhotoStudioManager.Infrastructure.csprojÔÇŁ (zale┼╝y od niego element docelowy ÔÇ×GetTargetPathÔÇŁ):
   3:6>Wykonano kompilowanie elementu docelowego ÔÇ×GetTargetPathWithTargetPlatformMonikerÔÇŁ w projekcie ÔÇ×PhotoStudioManager.Infrastructure.csprojÔÇŁ.
   3:6>Element docelowy ÔÇ×GetTargetPathÔÇŁ w pliku ÔÇ×C:\Program Files\dotnet\sdk\8.0.101\Microsoft.Common.CurrentVersion.targetsÔÇŁ z projektu ÔÇ×C:\Users\emili\CascadeProjects\PhotoStudioManager\PhotoStudioManager.Infrastructure\PhotoStudioManager.Infrastructure.csprojÔÇŁ (zale┼╝y od niego element docelowy ÔÇ×CoreBuildÔÇŁ):
   3:6>Wykonano kompilowanie elementu docelowego ÔÇ×GetTargetPathÔÇŁ w projekcie ÔÇ×PhotoStudioManager.Infrastructure.csprojÔÇŁ.
       Pomini─Öto element docelowy ÔÇ×ComputeIntermediateSatelliteAssembliesÔÇŁ z powodu fa┼észywego warunku; (@(EmbeddedResource->'%(WithCulture)') != '') oszacowano jako ( != '').
   3:6>Element docelowy ÔÇ×_CopyFilesMarkedCopyLocalÔÇŁ w pliku ÔÇ×C:\Program Files\dotnet\sdk\8.0.101\Microsoft.Common.CurrentVersion.targetsÔÇŁ z projektu ÔÇ×C:\Users\emili\CascadeProjects\PhotoStudioManager\PhotoStudioManager.Infrastructure\PhotoStudioManager.Infrastructure.csprojÔÇŁ (zale┼╝y od niego element docelowy ÔÇ×CopyFilesToOutputDirectoryÔÇŁ):
       U┼╝ywanie zadania ÔÇ×CopyÔÇŁ z zestawu ÔÇ×Microsoft.Build.Tasks.Core, Version=15.1.0.0, Culture=neutral, PublicKeyToken=b03f5f7f11d50a3aÔÇŁ.
       Zadanie ÔÇ×CopyÔÇŁ
         Nie wykonano kopiowania z pliku ÔÇ×C:\Users\emili\CascadeProjects\PhotoStudioManager\PhotoStudioManager.Core\bin\Debug\net8.0\PhotoStudioManager.Core.dllÔÇŁ do pliku ÔÇ×bin\Debug\net8.0\PhotoStudioManager.Core.dllÔÇŁ, poniewa┼╝ parametr ÔÇ×SkipUnchangedFilesÔÇŁ w projekcie zosta┼é ustawiony na warto┼Ť─ç ÔÇ×trueÔÇŁ, a rozmiary plik├│w i sygnatury czasowe pasuj─ů do siebie.
         Nie wykonano kopiowania z pliku ÔÇ×C:\Users\emili\CascadeProjects\PhotoStudioManager\PhotoStudioManager.Core\bin\Debug\net8.0\PhotoStudioManager.Core.pdbÔÇŁ do pliku ÔÇ×bin\Debug\net8.0\PhotoStudioManager.Core.pdbÔÇŁ, poniewa┼╝ parametr ÔÇ×SkipUnchangedFilesÔÇŁ w projekcie zosta┼é ustawiony na warto┼Ť─ç ÔÇ×trueÔÇŁ, a rozmiary plik├│w i sygnatury czasowe pasuj─ů do siebie.
       Wykonywanie zadania ÔÇ×CopyÔÇŁ zako┼äczone.
       Pomini─Öto zadanie ÔÇ×TouchÔÇŁ z powodu fa┼észywego warunku; ('@(ReferencesCopiedInThisBuild)' != '' and '$(WroteAtLeastOneFile)' == 'true') oszacowano jako ('bin\Debug\net8.0\PhotoStudioManager.Core.dll;bin\Debug\net8.0\PhotoStudioManager.Core.pdb' != '' and 'False' == 'true').
   3:6>Wykonano kompilowanie elementu docelowego ÔÇ×_CopyFilesMarkedCopyLocalÔÇŁ w projekcie ÔÇ×PhotoStudioManager.Infrastructure.csprojÔÇŁ.
       Pomini─Öto element docelowy ÔÇ×AssignTargetPathsÔÇŁ. Wcze┼Ťniejsza kompilacja powiod┼éa si─Ö.
       Pomini─Öto element docelowy ÔÇ×AssignProjectConfigurationÔÇŁ. Wcze┼Ťniejsza kompilacja powiod┼éa si─Ö.
       Pomini─Öto element docelowy ÔÇ×_SplitProjectReferencesByFileExistenceÔÇŁ. Wcze┼Ťniejsza kompilacja powiod┼éa si─Ö.
       Pomini─Öto element docelowy ÔÇ×_GetProjectReferenceTargetFrameworkPropertiesÔÇŁ. Wcze┼Ťniejsza kompilacja powiod┼éa si─Ö.
   3:6>Element docelowy ÔÇ×_PopulateCommonStateForGetCopyToOutputDirectoryItemsÔÇŁ w pliku ÔÇ×C:\Program Files\dotnet\sdk\8.0.101\Microsoft.Common.CurrentVersion.targetsÔÇŁ z projektu ÔÇ×C:\Users\emili\CascadeProjects\PhotoStudioManager\PhotoStudioManager.Infrastructure\PhotoStudioManager.Infrastructure.csprojÔÇŁ (zale┼╝y od niego element docelowy ÔÇ×GetCopyToOutputDirectoryItemsÔÇŁ):
   3:6>Wykonano kompilowanie elementu docelowego ÔÇ×_PopulateCommonStateForGetCopyToOutputDirectoryItemsÔÇŁ w projekcie ÔÇ×PhotoStudioManager.Infrastructure.csprojÔÇŁ.
       Pomini─Öto element docelowy ÔÇ×AddDepsJsonAndRuntimeConfigToCopyItemsForReferencingProjectsÔÇŁ z powodu fa┼észywego warunku; ('$(HasRuntimeOutput)' == 'true') oszacowano jako ('' == 'true').
   3:6>Element docelowy ÔÇ×GetCopyToOutputDirectoryItemsÔÇŁ w pliku ÔÇ×C:\Program Files\dotnet\sdk\8.0.101\Microsoft.Common.CurrentVersion.targetsÔÇŁ z projektu ÔÇ×C:\Users\emili\CascadeProjects\PhotoStudioManager\PhotoStudioManager.Infrastructure\PhotoStudioManager.Infrastructure.csprojÔÇŁ (zale┼╝y od niego element docelowy ÔÇ×_CopySourceItemsToOutputDirectoryÔÇŁ):
       U┼╝ywanie zadania ÔÇ×CallTargetÔÇŁ z zestawu ÔÇ×Microsoft.Build.Tasks.Core, Version=15.1.0.0, Culture=neutral, PublicKeyToken=b03f5f7f11d50a3aÔÇŁ.
       Zadanie ÔÇ×CallTargetÔÇŁ
       Pomini─Öto element docelowy ÔÇ×_PopulateCommonStateForGetCopyToOutputDirectoryItemsÔÇŁ. Wcze┼Ťniejsza kompilacja powiod┼éa si─Ö.
       Pomini─Öto element docelowy ÔÇ×_AddOutputPathToGlobalPropertiesToRemoveÔÇŁ. Wcze┼Ťniejsza kompilacja powiod┼éa si─Ö.
   3:6>Element docelowy ÔÇ×_GetCopyToOutputDirectoryItemsFromTransitiveProjectReferencesÔÇŁ w pliku ÔÇ×C:\Program Files\dotnet\sdk\8.0.101\Microsoft.Common.CurrentVersion.targetsÔÇŁ z projektu ÔÇ×C:\Users\emili\CascadeProjects\PhotoStudioManager\PhotoStudioManager.Infrastructure\PhotoStudioManager.Infrastructure.csprojÔÇŁ (zale┼╝y od niego element docelowy ÔÇ×GetCopyToOutputDirectoryItemsÔÇŁ):
       Zadanie ÔÇ×MSBuildÔÇŁ
         Usuwanie w┼éa┼Ťciwo┼Ťci projektu ..\PhotoStudioManager.Core\PhotoStudioManager.Core.csproj:
           TargetFramework
           RuntimeIdentifier
           SelfContained
   3:6>Projekt ÔÇ×C:\Users\emili\CascadeProjects\PhotoStudioManager\PhotoStudioManager.Infrastructure\PhotoStudioManager.Infrastructure.csprojÔÇŁ (3:6) kompiluje ÔÇ×C:\Users\emili\CascadeProjects\PhotoStudioManager\PhotoStudioManager.Core\PhotoStudioManager.Core.csprojÔÇŁ (2:11) w w─Ö┼║le 2 (elementy docelowe: GetCopyToOutputDirectoryItems).
  2:11>Pomini─Öto element docelowy ÔÇ×GetCopyToOutputDirectoryItemsÔÇŁ. Wcze┼Ťniejsza kompilacja powiod┼éa si─Ö.
  2:11>Kompilowanie projektu ÔÇ×C:\Users\emili\CascadeProjects\PhotoStudioManager\PhotoStudioManager.Core\PhotoStudioManager.Core.csprojÔÇŁ wykonane (elementy docelowe: GetCopyToOutputDirectoryItems).
   3:6>Wykonywanie zadania ÔÇ×MSBuildÔÇŁ zako┼äczone.
       Zadanie ÔÇ×AssignTargetPathÔÇŁ
       Wykonywanie zadania ÔÇ×AssignTargetPathÔÇŁ zako┼äczone.
   3:6>Wykonano kompilowanie elementu docelowego ÔÇ×_GetCopyToOutputDirectoryItemsFromTransitiveProjectReferencesÔÇŁ w projekcie ÔÇ×PhotoStudioManager.Infrastructure.csprojÔÇŁ.
       Wykonywanie zadania ÔÇ×CallTargetÔÇŁ zako┼äczone.
       Zadanie ÔÇ×CallTargetÔÇŁ
       Pomini─Öto element docelowy ÔÇ×AssignTargetPathsÔÇŁ. Wcze┼Ťniejsza kompilacja powiod┼éa si─Ö.
       Pomini─Öto element docelowy ÔÇ×_PopulateCommonStateForGetCopyToOutputDirectoryItemsÔÇŁ. Wcze┼Ťniejsza kompilacja powiod┼éa si─Ö.
       Pomini─Öto element docelowy ÔÇ×AddDepsJsonAndRuntimeConfigToCopyItemsForReferencingProjectsÔÇŁ z powodu fa┼észywego warunku; ('$(HasRuntimeOutput)' == 'true') oszacowano jako ('' == 'true').
   3:6>Element docelowy ÔÇ×_GetCopyToOutputDirectoryItemsFromThisProjectÔÇŁ w pliku ÔÇ×C:\Program Files\dotnet\sdk\8.0.101\Microsoft.Common.CurrentVersion.targetsÔÇŁ z projektu ÔÇ×C:\Users\emili\CascadeProjects\PhotoStudioManager\PhotoStudioManager.Infrastructure\PhotoStudioManager.Infrastructure.csprojÔÇŁ (zale┼╝y od niego element docelowy ÔÇ×GetCopyToOutputDirectoryItemsÔÇŁ):
       Zadanie ÔÇ×AssignTargetPathÔÇŁ
       Wykonywanie zadania ÔÇ×AssignTargetPathÔÇŁ zako┼äczone.
   3:6>Wykonano kompilowanie elementu docelowego ÔÇ×_GetCopyToOutputDirectoryItemsFromThisProjectÔÇŁ w projekcie ÔÇ×PhotoStudioManager.Infrastructure.csprojÔÇŁ.
       Wykonywanie zadania ÔÇ×CallTargetÔÇŁ zako┼äczone.
   3:6>Wykonano kompilowanie elementu docelowego ÔÇ×GetCopyToOutputDirectoryItemsÔÇŁ w projekcie ÔÇ×PhotoStudioManager.Infrastructure.csprojÔÇŁ.
       Pomini─Öto element docelowy ÔÇ×_CopyOutOfDateSourceItemsToOutputDirectoryÔÇŁ z powodu fa┼észywego warunku; ( '@(_SourceItemsToCopyToOutputDirectory)' != '' ) oszacowano jako ( '' != '' ).
       Pomini─Öto element docelowy ÔÇ×_CopyOutOfDateSourceItemsToOutputDirectoryAlwaysÔÇŁ z powodu fa┼észywego warunku; ( '@(_SourceItemsToCopyToOutputDirectoryAlways)' != '' ) oszacowano jako ( '' != '' ).
   3:6>Element docelowy ÔÇ×_CopySourceItemsToOutputDirectoryÔÇŁ w pliku ÔÇ×C:\Program Files\dotnet\sdk\8.0.101\Microsoft.Common.CurrentVersion.targetsÔÇŁ z projektu ÔÇ×C:\Users\emili\CascadeProjects\PhotoStudioManager\PhotoStudioManager.Infrastructure\PhotoStudioManager.Infrastructure.csprojÔÇŁ (zale┼╝y od niego element docelowy ÔÇ×CopyFilesToOutputDirectoryÔÇŁ):
   3:6>Wykonano kompilowanie elementu docelowego ÔÇ×_CopySourceItemsToOutputDirectoryÔÇŁ w projekcie ÔÇ×PhotoStudioManager.Infrastructure.csprojÔÇŁ.
       Pomini─Öto element docelowy ÔÇ×_CopyAppConfigFileÔÇŁ z powodu fa┼észywego warunku; ( '@(AppConfigWithTargetPath)' != '' ) oszacowano jako ( '' != '' ).
       Pomini─Öto element docelowy ÔÇ×_CopyManifestFilesÔÇŁ z powodu fa┼észywego warunku; ( '$(_DeploymentCopyApplicationManifest)'=='true' or '$(GenerateClickOnceManifests)'=='true' ) oszacowano jako ( ''=='true' or ''=='true' ).
   3:6>Element docelowy ÔÇ×_CheckForCompileOutputsÔÇŁ w pliku ÔÇ×C:\Program Files\dotnet\sdk\8.0.101\Microsoft.Common.CurrentVersion.targetsÔÇŁ z projektu ÔÇ×C:\Users\emili\CascadeProjects\PhotoStudioManager\PhotoStudioManager.Infrastructure\PhotoStudioManager.Infrastructure.csprojÔÇŁ (zale┼╝y od niego element docelowy ÔÇ×CopyFilesToOutputDirectoryÔÇŁ):
   3:6>Wykonano kompilowanie elementu docelowego ÔÇ×_CheckForCompileOutputsÔÇŁ w projekcie ÔÇ×PhotoStudioManager.Infrastructure.csprojÔÇŁ.
       Pomini─Öto element docelowy ÔÇ×_SGenCheckForOutputsÔÇŁ z powodu fa┼észywego warunku; ('$(_SGenGenerateSerializationAssembliesConfig)' == 'On' or ('@(WebReferenceUrl)'!='' and '$(_SGenGenerateSerializationAssembliesConfig)' == 'Auto')) oszacowano jako ('Off' == 'On' or (''!='' and 'Off' == 'Auto')).
       Pomini─Öto element docelowy ÔÇ×_DefaultMicrosoftNETPlatformLibraryÔÇŁ. Wcze┼Ťniejsza kompilacja powiod┼éa si─Ö.
       Pomini─Öto element docelowy ÔÇ×_HandlePackageFileConflictsÔÇŁ. Wcze┼Ťniejsza kompilacja powiod┼éa si─Ö.
       Pomini─Öto element docelowy ÔÇ×ResolveAssemblyReferencesÔÇŁ. Wcze┼Ťniejsza kompilacja powiod┼éa si─Ö.
   3:6>Element docelowy ÔÇ×_ComputeReferenceAssembliesÔÇŁ w pliku ÔÇ×C:\Program Files\dotnet\sdk\8.0.101\Sdks\Microsoft.NET.Sdk\targets\Microsoft.NET.Sdk.targetsÔÇŁ z projektu ÔÇ×C:\Users\emili\CascadeProjects\PhotoStudioManager\PhotoStudioManager.Infrastructure\PhotoStudioManager.Infrastructure.csprojÔÇŁ (zale┼╝y od niego element docelowy ÔÇ×GenerateBuildDependencyFileÔÇŁ):
   3:6>Wykonano kompilowanie elementu docelowego ÔÇ×_ComputeReferenceAssembliesÔÇŁ w projekcie ÔÇ×PhotoStudioManager.Infrastructure.csprojÔÇŁ.
   3:6>Element docelowy ÔÇ×_ComputeUserRuntimeAssembliesÔÇŁ w pliku ÔÇ×C:\Program Files\dotnet\sdk\8.0.101\Sdks\Microsoft.NET.Sdk\targets\Microsoft.NET.Sdk.targetsÔÇŁ z projektu ÔÇ×C:\Users\emili\CascadeProjects\PhotoStudioManager\PhotoStudioManager.Infrastructure\PhotoStudioManager.Infrastructure.csprojÔÇŁ (zale┼╝y od niego element docelowy ÔÇ×GenerateBuildDependencyFileÔÇŁ):
   3:6>Wykonano kompilowanie elementu docelowego ÔÇ×_ComputeUserRuntimeAssembliesÔÇŁ w projekcie ÔÇ×PhotoStudioManager.Infrastructure.csprojÔÇŁ.
       Pomini─Öto element docelowy ÔÇ×ResolveRuntimePackAssetsÔÇŁ z powodu fa┼észywego warunku; ('@(RuntimePack)' != '') oszacowano jako ('' != '').
       Pomini─Öto element docelowy ÔÇ×_ComputePackageReferencePublishÔÇŁ. Wcze┼Ťniejsza kompilacja powiod┼éa si─Ö.
       Pomini─Öto element docelowy ÔÇ×ComputeDependencyFileCompilerOptionsÔÇŁ z powodu fa┼észywego warunku; ('$(PreserveCompilationContext)' == 'true') oszacowano jako ('' == 'true').
   3:6>Element docelowy ÔÇ×GenerateBuildDependencyFileÔÇŁ w pliku ÔÇ×C:\Program Files\dotnet\sdk\8.0.101\Sdks\Microsoft.NET.Sdk\targets\Microsoft.NET.Sdk.targetsÔÇŁ z projektu ÔÇ×C:\Users\emili\CascadeProjects\PhotoStudioManager\PhotoStudioManager.Infrastructure\PhotoStudioManager.Infrastructure.csprojÔÇŁ (zale┼╝y od niego element docelowy ÔÇ×CopyFilesToOutputDirectoryÔÇŁ):
       Pomijanie elementu docelowego ÔÇ×GenerateBuildDependencyFileÔÇŁ, poniewa┼╝ wszystkie pliki wyj┼Ťciowe s─ů aktualne w por├│wnaniu z plikami wej┼Ťciowymi.
       Pliki wej┼Ťciowe: 
           C:\Users\emili\CascadeProjects\PhotoStudioManager\PhotoStudioManager.Infrastructure\obj\project.assets.json
           C:\Users\emili\CascadeProjects\PhotoStudioManager\PhotoStudioManager.Infrastructure\obj\Debug\net8.0\PhotoStudioManager.Infrastructure.assets.cache
           C:\Users\emili\CascadeProjects\PhotoStudioManager\PhotoStudioManager.Infrastructure\PhotoStudioManager.Infrastructure.csproj
           C:\Program Files\dotnet\sdk\8.0.101\Current\Microsoft.Common.targets\ImportAfter\Microsoft.TestPlatform.ImportAfter.targets
       Pliki wyj┼Ťciowe: C:\Users\emili\CascadeProjects\PhotoStudioManager\PhotoStudioManager.Infrastructure\bin\Debug\net8.0\PhotoStudioManager.Infrastructure.deps.json
   3:6>Wykonano kompilowanie elementu docelowego ÔÇ×GenerateBuildDependencyFileÔÇŁ w projekcie ÔÇ×PhotoStudioManager.Infrastructure.csprojÔÇŁ.
       Pomini─Öto element docelowy ÔÇ×_DefaultMicrosoftNETPlatformLibraryÔÇŁ. Wcze┼Ťniejsza kompilacja powiod┼éa si─Ö.
   3:6>Element docelowy ÔÇ×_GenerateRuntimeConfigurationFilesInputCacheÔÇŁ w pliku ÔÇ×C:\Program Files\dotnet\sdk\8.0.101\Sdks\Microsoft.NET.Sdk\targets\Microsoft.NET.Sdk.targetsÔÇŁ z projektu ÔÇ×C:\Users\emili\CascadeProjects\PhotoStudioManager\PhotoStudioManager.Infrastructure\PhotoStudioManager.Infrastructure.csprojÔÇŁ (zale┼╝y od niego element docelowy ÔÇ×GenerateBuildRuntimeConfigurationFilesÔÇŁ):
       Zadanie ÔÇ×HashÔÇŁ
       Wykonywanie zadania ÔÇ×HashÔÇŁ zako┼äczone.
       Zadanie ÔÇ×WriteLinesToFileÔÇŁ
         Pomijanie zapisu w pliku ÔÇ×C:\Users\emili\CascadeProjects\PhotoStudioManager\PhotoStudioManager.Infrastructure\obj\Debug\net8.0\PhotoStudioManager.Infrastructure.genruntimeconfig.cacheÔÇŁ, poniewa┼╝ jego zawarto┼Ť─ç nie uleg┼éaby zmianie.
       Wykonywanie zadania ÔÇ×WriteLinesToFileÔÇŁ zako┼äczone.
   3:6>Wykonano kompilowanie elementu docelowego ÔÇ×_GenerateRuntimeConfigurationFilesInputCacheÔÇŁ w projekcie ÔÇ×PhotoStudioManager.Infrastructure.csprojÔÇŁ.
   3:6>Element docelowy ÔÇ×GenerateBuildRuntimeConfigurationFilesÔÇŁ w pliku ÔÇ×C:\Program Files\dotnet\sdk\8.0.101\Sdks\Microsoft.NET.Sdk\targets\Microsoft.NET.Sdk.targetsÔÇŁ z projektu ÔÇ×C:\Users\emili\CascadeProjects\PhotoStudioManager\PhotoStudioManager.Infrastructure\PhotoStudioManager.Infrastructure.csprojÔÇŁ (zale┼╝y od niego element docelowy ÔÇ×CopyFilesToOutputDirectoryÔÇŁ):
       Pomijanie elementu docelowego ÔÇ×GenerateBuildRuntimeConfigurationFilesÔÇŁ, poniewa┼╝ wszystkie pliki wyj┼Ťciowe s─ů aktualne w por├│wnaniu z plikami wej┼Ťciowymi.
       Pliki wej┼Ťciowe: 
           C:\Users\emili\CascadeProjects\PhotoStudioManager\PhotoStudioManager.Infrastructure\obj\project.assets.json
           C:\Users\emili\CascadeProjects\PhotoStudioManager\PhotoStudioManager.Infrastructure\obj\Debug\net8.0\PhotoStudioManager.Infrastructure.assets.cache
           C:\Users\emili\CascadeProjects\PhotoStudioManager\PhotoStudioManager.Infrastructure\obj\Debug\net8.0\PhotoStudioManager.Infrastructure.genruntimeconfig.cache
       Pliki wyj┼Ťciowe: C:\Users\emili\CascadeProjects\PhotoStudioManager\PhotoStudioManager.Infrastructure\bin\Debug\net8.0\PhotoStudioManager.Infrastructure.runtimeconfig.json
   3:6>Wykonano kompilowanie elementu docelowego ÔÇ×GenerateBuildRuntimeConfigurationFilesÔÇŁ w projekcie ÔÇ×PhotoStudioManager.Infrastructure.csprojÔÇŁ.
       Pomini─Öto element docelowy ÔÇ×GenerateShimsAssetsÔÇŁ z powodu fa┼észywego warunku; ('$(PackAsTool)' == 'true' and $(PackAsToolShimRuntimeIdentifiers) != '' ) oszacowano jako ('' == 'true' and  != '' ).
   3:6>Element docelowy ÔÇ×CopyFilesToOutputDirectoryÔÇŁ w pliku ÔÇ×C:\Program Files\dotnet\sdk\8.0.101\Microsoft.Common.CurrentVersion.targetsÔÇŁ z projektu ÔÇ×C:\Users\emili\CascadeProjects\PhotoStudioManager\PhotoStudioManager.Infrastructure\PhotoStudioManager.Infrastructure.csprojÔÇŁ (zale┼╝y od niego element docelowy ÔÇ×PrepareForRunÔÇŁ):
       Zadanie ÔÇ×CopyÔÇŁ
         Nie wykonano kopiowania z pliku ÔÇ×obj\Debug\net8.0\PhotoStudioManager.Infrastructure.dllÔÇŁ do pliku ÔÇ×bin\Debug\net8.0\PhotoStudioManager.Infrastructure.dllÔÇŁ, poniewa┼╝ parametr ÔÇ×SkipUnchangedFilesÔÇŁ w projekcie zosta┼é ustawiony na warto┼Ť─ç ÔÇ×trueÔÇŁ, a rozmiary plik├│w i sygnatury czasowe pasuj─ů do siebie.
       Wykonywanie zadania ÔÇ×CopyÔÇŁ zako┼äczone.
       U┼╝ywanie zadania ÔÇ×CopyRefAssemblyÔÇŁ z zestawu ÔÇ×C:\Program Files\dotnet\sdk\8.0.101\Roslyn\Microsoft.Build.Tasks.CodeAnalysis.dllÔÇŁ.
       Zadanie ÔÇ×CopyRefAssemblyÔÇŁ
         Za┼éadowano zestaw podczas TaskRun (Microsoft.CodeAnalysis.BuildTasks.CopyRefAssembly): Microsoft.Build.Tasks.CodeAnalysis.resources, Version=4.8.9.7201, Culture=pl, PublicKeyToken=31bf3856ad364e35 (lokalizacja: C:\Program Files\dotnet\sdk\8.0.101\Roslyn\pl\Microsoft.Build.Tasks.CodeAnalysis.resources.dll, MVID: 0efde34f-e08e-4554-b24b-22b39f8db4e6, domena aplikacji: [Default])
         Zestaw odwo┼éania ÔÇ×C:\Users\emili\CascadeProjects\PhotoStudioManager\PhotoStudioManager.Infrastructure\obj\Debug\net8.0\ref\PhotoStudioManager.Infrastructure.dllÔÇŁ ju┼╝ zawiera najnowsze informacje. Nie modyfikuj go.
       Wykonywanie zadania ÔÇ×CopyRefAssemblyÔÇŁ zako┼äczone.
       Zadanie ÔÇ×MessageÔÇŁ
         PhotoStudioManager.Infrastructure -> C:\Users\emili\CascadeProjects\PhotoStudioManager\PhotoStudioManager.Infrastructure\bin\Debug\net8.0\PhotoStudioManager.Infrastructure.dll
       Wykonywanie zadania ÔÇ×MessageÔÇŁ zako┼äczone.
       Pomini─Öto zadanie ÔÇ×CopyÔÇŁ z powodu fa┼észywego warunku; ('@(AddModules)' != '') oszacowano jako ('' != '').
       Pomini─Öto zadanie ÔÇ×CopyÔÇŁ z powodu fa┼észywego warunku; ('$(_SGenDllCreated)'=='true') oszacowano jako ('false'=='true').
       Zadanie ÔÇ×CopyÔÇŁ
         Nie wykonano kopiowania z pliku ÔÇ×obj\Debug\net8.0\PhotoStudioManager.Infrastructure.pdbÔÇŁ do pliku ÔÇ×bin\Debug\net8.0\PhotoStudioManager.Infrastructure.pdbÔÇŁ, poniewa┼╝ parametr ÔÇ×SkipUnchangedFilesÔÇŁ w projekcie zosta┼é ustawiony na warto┼Ť─ç ÔÇ×trueÔÇŁ, a rozmiary plik├│w i sygnatury czasowe pasuj─ů do siebie.
       Wykonywanie zadania ÔÇ×CopyÔÇŁ zako┼äczone.
       Pomini─Öto zadanie ÔÇ×CopyÔÇŁ z powodu fa┼észywego warunku; ('$(_DocumentationFileProduced)'=='true' and '$(CopyDocumentationFileToOutputDirectory)'=='true') oszacowano jako ('false'=='true' and 'true'=='true').
       Pomini─Öto zadanie ÔÇ×CopyÔÇŁ z powodu fa┼észywego warunku; ('@(IntermediateSatelliteAssembliesWithTargetPath)' != '') oszacowano jako ('' != '').
       Pomini─Öto zadanie ÔÇ×CopyÔÇŁ z powodu fa┼észywego warunku; ('@(ReferenceComWrappersToCopyLocal)' != '' or '@(ResolvedIsolatedComModules)' != '' or '@(_DeploymentLooseManifestFile)' != '' or '@(NativeReferenceFile)' != '' ) oszacowano jako ('' != '' or '' != '' or '' != '' or '' != '' ).
       Pomini─Öto zadanie ÔÇ×CopyÔÇŁ z powodu fa┼észywego warunku; ('$(SkipCopyWinMDArtifact)' != 'true' and '@(WinMDExpArtifacts)' != '') oszacowano jako ('' != 'true' and '' != '').
       Pomini─Öto zadanie ÔÇ×MessageÔÇŁ z powodu fa┼észywego warunku; ('$(SkipCopyWinMDArtifact)' != 'true' and '$(_WindowsMetadataOutputPath)' != '') oszacowano jako ('' != 'true' and '' != '').
   3:6>Wykonano kompilowanie elementu docelowego ÔÇ×CopyFilesToOutputDirectoryÔÇŁ w projekcie ÔÇ×PhotoStudioManager.Infrastructure.csprojÔÇŁ.
       Pomini─Öto element docelowy ÔÇ×_CopyReferenceOnlyAssembliesForBuildÔÇŁ z powodu fa┼észywego warunku; ('$(PreserveCompilationReferences)' == 'true') oszacowano jako ('' == 'true').
   3:6>Element docelowy ÔÇ×PrepareForRunÔÇŁ w pliku ÔÇ×C:\Program Files\dotnet\sdk\8.0.101\Microsoft.Common.CurrentVersion.targetsÔÇŁ z projektu ÔÇ×C:\Users\emili\CascadeProjects\PhotoStudioManager\PhotoStudioManager.Infrastructure\PhotoStudioManager.Infrastructure.csprojÔÇŁ (zale┼╝y od niego element docelowy ÔÇ×CoreBuildÔÇŁ):
   3:6>Wykonano kompilowanie elementu docelowego ÔÇ×PrepareForRunÔÇŁ w projekcie ÔÇ×PhotoStudioManager.Infrastructure.csprojÔÇŁ.
       Pomini─Öto element docelowy ÔÇ×UnmanagedRegistrationÔÇŁ z powodu fa┼észywego warunku; ('$(RegisterForComInterop)'=='true' and '$(OutputType)'=='library') oszacowano jako (''=='true' and 'Library'=='library').
       Pomini─Öto element docelowy ÔÇ×_CheckForCompileOutputsÔÇŁ. Wcze┼Ťniejsza kompilacja powiod┼éa si─Ö.
       Pomini─Öto element docelowy ÔÇ×_SGenCheckForOutputsÔÇŁ z powodu fa┼észywego warunku; ('$(_SGenGenerateSerializationAssembliesConfig)' == 'On' or ('@(WebReferenceUrl)'!='' and '$(_SGenGenerateSerializationAssembliesConfig)' == 'Auto')) oszacowano jako ('Off' == 'On' or (''!='' and 'Off' == 'Auto')).
   3:6>Element docelowy ÔÇ×_CleanGetCurrentAndPriorFileWritesÔÇŁ w pliku ÔÇ×C:\Program Files\dotnet\sdk\8.0.101\Microsoft.Common.CurrentVersion.targetsÔÇŁ z projektu ÔÇ×C:\Users\emili\CascadeProjects\PhotoStudioManager\PhotoStudioManager.Infrastructure\PhotoStudioManager.Infrastructure.csprojÔÇŁ (zale┼╝y od niego element docelowy ÔÇ×IncrementalCleanÔÇŁ):
       U┼╝ywanie zadania ÔÇ×ReadLinesFromFileÔÇŁ z zestawu ÔÇ×Microsoft.Build.Tasks.Core, Version=15.1.0.0, Culture=neutral, PublicKeyToken=b03f5f7f11d50a3aÔÇŁ.
       Zadanie ÔÇ×ReadLinesFromFileÔÇŁ
       Wykonywanie zadania ÔÇ×ReadLinesFromFileÔÇŁ zako┼äczone.
       Zadanie ÔÇ×ConvertToAbsolutePathÔÇŁ
       Wykonywanie zadania ÔÇ×ConvertToAbsolutePathÔÇŁ zako┼äczone.
       U┼╝ywanie zadania ÔÇ×FindUnderPathÔÇŁ z zestawu ÔÇ×Microsoft.Build.Tasks.Core, Version=15.1.0.0, Culture=neutral, PublicKeyToken=b03f5f7f11d50a3aÔÇŁ.
       Zadanie ÔÇ×FindUnderPathÔÇŁ
         ┼Ücie┼╝ka por├│wnania: ÔÇ×C:\Users\emili\CascadeProjects\PhotoStudioManager\PhotoStudioManager.InfrastructureÔÇŁ.
       Wykonywanie zadania ÔÇ×FindUnderPathÔÇŁ zako┼äczone.
       Zadanie ÔÇ×FindUnderPathÔÇŁ
         ┼Ücie┼╝ka por├│wnania: ÔÇ×bin\Debug\net8.0\ÔÇŁ.
       Wykonywanie zadania ÔÇ×FindUnderPathÔÇŁ zako┼äczone.
       Zadanie ÔÇ×FindUnderPathÔÇŁ
         ┼Ücie┼╝ka por├│wnania: ÔÇ×obj\Debug\net8.0\ÔÇŁ.
       Wykonywanie zadania ÔÇ×FindUnderPathÔÇŁ zako┼äczone.
       Zadanie ÔÇ×RemoveDuplicatesÔÇŁ
       Wykonywanie zadania ÔÇ×RemoveDuplicatesÔÇŁ zako┼äczone.
   3:6>Wykonano kompilowanie elementu docelowego ÔÇ×_CleanGetCurrentAndPriorFileWritesÔÇŁ w projekcie ÔÇ×PhotoStudioManager.Infrastructure.csprojÔÇŁ.
   3:6>Element docelowy ÔÇ×IncrementalCleanÔÇŁ w pliku ÔÇ×C:\Program Files\dotnet\sdk\8.0.101\Microsoft.Common.CurrentVersion.targetsÔÇŁ z projektu ÔÇ×C:\Users\emili\CascadeProjects\PhotoStudioManager\PhotoStudioManager.Infrastructure\PhotoStudioManager.Infrastructure.csprojÔÇŁ (zale┼╝y od niego element docelowy ÔÇ×CoreBuildÔÇŁ):
       Zadanie ÔÇ×FindUnderPathÔÇŁ
         ┼Ücie┼╝ka por├│wnania: ÔÇ×bin\Debug\net8.0\ÔÇŁ.
       Wykonywanie zadania ÔÇ×FindUnderPathÔÇŁ zako┼äczone.
       Zadanie ÔÇ×FindUnderPathÔÇŁ
         ┼Ücie┼╝ka por├│wnania: ÔÇ×obj\Debug\net8.0\ÔÇŁ.
       Wykonywanie zadania ÔÇ×FindUnderPathÔÇŁ zako┼äczone.
       U┼╝ywanie zadania ÔÇ×DeleteÔÇŁ z zestawu ÔÇ×Microsoft.Build.Tasks.Core, Version=15.1.0.0, Culture=neutral, PublicKeyToken=b03f5f7f11d50a3aÔÇŁ.
       Zadanie ÔÇ×DeleteÔÇŁ
       Wykonywanie zadania ÔÇ×DeleteÔÇŁ zako┼äczone.
       Zadanie ÔÇ×RemoveDuplicatesÔÇŁ
       Wykonywanie zadania ÔÇ×RemoveDuplicatesÔÇŁ zako┼äczone.
       Pomini─Öto zadanie ÔÇ×WriteLinesToFileÔÇŁ z powodu fa┼észywego warunku; ('@(_CleanUnfilteredPriorFileWrites)'!='@(_CleanUniqueRemainingFileWritesAfterIncrementalClean)') oszacowano jako ('C:\Users\emili\CascadeProjects\PhotoStudioManager\PhotoStudioManager.Infrastructure\bin\Debug\net8.0\PhotoStudioManager.Infrastructure.deps.json;C:\Users\emili\CascadeProjects\PhotoStudioManager\PhotoStudioManager.Infrastructure\bin\Debug\net8.0\PhotoStudioManager.Infrastructure.runtimeconfig.json;C:\Users\emili\CascadeProjects\PhotoStudioManager\PhotoStudioManager.Infrastructure\bin\Debug\net8.0\PhotoStudioManager.Infrastructure.dll;...'!='C:\Users\emili\CascadeProjects\PhotoStudioManager\PhotoStudioManager.Infrastructure\bin\Debug\net8.0\PhotoStudioManager.Infrastructure.deps.json;C:\Users\emili\CascadeProjects\PhotoStudioManager\PhotoStudioManager.Infrastructure\bin\Debug\net8.0\PhotoStudioManager.Infrastructure.runtimeconfig.json;C:\Users\emili\CascadeProjects\PhotoStudioManager\PhotoStudioManager.Infrastructure\bin\Debug\net8.0\PhotoStudioManager.Infrastructure.dll;...').
   3:6>Wykonano kompilowanie elementu docelowego ÔÇ×IncrementalCleanÔÇŁ w projekcie ÔÇ×PhotoStudioManager.Infrastructure.csprojÔÇŁ.
       Pomini─Öto element docelowy ÔÇ×PostBuildEventÔÇŁ z powodu fa┼észywego warunku; ('$(PostBuildEvent)' != '' and ('$(RunPostBuildEvent)' != 'OnOutputUpdated' or '$(_AssemblyTimestampBeforeCompile)' != '$(_AssemblyTimestampAfterCompile)')) oszacowano jako ('' != '' and ('' != 'OnOutputUpdated' or '' != '')).
       Pomini─Öto element docelowy ÔÇ×GenerateBuildDependencyFileÔÇŁ. Wcze┼Ťniejsza kompilacja powiod┼éa si─Ö.
       Pomini─Öto element docelowy ÔÇ×GenerateBuildRuntimeConfigurationFilesÔÇŁ. Wcze┼Ťniejsza kompilacja powiod┼éa si─Ö.
   3:6>Element docelowy ÔÇ×CoreBuildÔÇŁ w pliku ÔÇ×C:\Program Files\dotnet\sdk\8.0.101\Microsoft.Common.CurrentVersion.targetsÔÇŁ z projektu ÔÇ×C:\Users\emili\CascadeProjects\PhotoStudioManager\PhotoStudioManager.Infrastructure\PhotoStudioManager.Infrastructure.csprojÔÇŁ (zale┼╝y od niego element docelowy ÔÇ×BuildÔÇŁ):
   3:6>Wykonano kompilowanie elementu docelowego ÔÇ×CoreBuildÔÇŁ w projekcie ÔÇ×PhotoStudioManager.Infrastructure.csprojÔÇŁ.
   3:6>Element docelowy ÔÇ×AfterBuildÔÇŁ w pliku ÔÇ×C:\Program Files\dotnet\sdk\8.0.101\Microsoft.Common.CurrentVersion.targetsÔÇŁ z projektu ÔÇ×C:\Users\emili\CascadeProjects\PhotoStudioManager\PhotoStudioManager.Infrastructure\PhotoStudioManager.Infrastructure.csprojÔÇŁ (zale┼╝y od niego element docelowy ÔÇ×BuildÔÇŁ):
   3:6>Wykonano kompilowanie elementu docelowego ÔÇ×AfterBuildÔÇŁ w projekcie ÔÇ×PhotoStudioManager.Infrastructure.csprojÔÇŁ.
       Pomini─Öto element docelowy ÔÇ×_CheckBrowserWorkloadNeededButNotAvailableÔÇŁ z powodu fa┼észywego warunku; ('$(RuntimeIdentifier)' == 'browser-wasm' and '$(_BrowserWorkloadDisabled)' != 'true' and '$(WasmNativeWorkloadAvailable)' != 'true') oszacowano jako ('' == 'browser-wasm' and '' != 'true' and '' != 'true').
       Pomini─Öto element docelowy ÔÇ×_ErrorWorkloadDisabledForTFMLessThan6ÔÇŁ z powodu fa┼észywego warunku; ('$(_BrowserWorkloadNotSupportedForTFM)' == 'true') oszacowano jako ('' == 'true').
       Pomini─Öto element docelowy ÔÇ×_ErrorDualWasmThreadPropsOn7ÔÇŁ z powodu fa┼észywego warunku; ('$(TargetsNet7)' == 'true' and '$(RuntimeIdentifier)' == 'browser-wasm' and
           '$(BrowserWorkloadDisabled)' != 'true' and '$(WasmEnableThreads)' == 'true' and '$(WasmEnablePerfTrace)' == 'true') oszacowano jako ('' == 'true' and '' == 'browser-wasm' and
           '' != 'true' and '' == 'true' and '' == 'true').
       Pomini─Öto element docelowy ÔÇ×_CheckForInvalidConfigurationAndPlatformÔÇŁ. Wcze┼Ťniejsza kompilacja powiod┼éa si─Ö.
       Pomini─Öto element docelowy ÔÇ×_CheckForInvalidConfigurationAndPlatformÔÇŁ. Wcze┼Ťniejsza kompilacja powiod┼éa si─Ö.
   3:6>Element docelowy ÔÇ×BuildÔÇŁ w pliku ÔÇ×C:\Program Files\dotnet\sdk\8.0.101\Microsoft.Common.CurrentVersion.targetsÔÇŁ z projektu ÔÇ×C:\Users\emili\CascadeProjects\PhotoStudioManager\PhotoStudioManager.Infrastructure\PhotoStudioManager.Infrastructure.csprojÔÇŁ (punkt wej┼Ťcia):
   3:6>Wykonano kompilowanie elementu docelowego ÔÇ×BuildÔÇŁ w projekcie ÔÇ×PhotoStudioManager.Infrastructure.csprojÔÇŁ.
       Pomini─Öto element docelowy ÔÇ×_PackAsBuildAfterTargetÔÇŁ z powodu fa┼észywego warunku; ('$(GeneratePackageOnBuild)' == 'true' AND '$(IsInnerBuild)' != 'true') oszacowano jako ('false' == 'true' AND '' != 'true').
   3:6>Kompilowanie projektu ÔÇ×C:\Users\emili\CascadeProjects\PhotoStudioManager\PhotoStudioManager.Infrastructure\PhotoStudioManager.Infrastructure.csprojÔÇŁ wykonane (domy┼Ťlne elementy docelowe).
   1:7>Wykonywanie zadania ÔÇ×MSBuildÔÇŁ zako┼äczone.
       Zadanie ÔÇ×MSBuildÔÇŁ
         Usuwanie w┼éa┼Ťciwo┼Ťci:
           WebPublishProfileFile
         Usuwanie w┼éa┼Ťciwo┼Ťci projektu ..\PhotoStudioManager.Core\PhotoStudioManager.Core.csproj:
           TargetFramework
           RuntimeIdentifier
           SelfContained
         Usuwanie w┼éa┼Ťciwo┼Ťci projektu ..\PhotoStudioManager.Infrastructure\PhotoStudioManager.Infrastructure.csproj:
           TargetFramework
           RuntimeIdentifier
           SelfContained
   1:7>Projekt ÔÇ×C:\Users\emili\CascadeProjects\PhotoStudioManager\PhotoStudioManager.API\PhotoStudioManager.API.csprojÔÇŁ (1:7) kompiluje ÔÇ×C:\Users\emili\CascadeProjects\PhotoStudioManager\PhotoStudioManager.Core\PhotoStudioManager.Core.csprojÔÇŁ (2:12) w w─Ö┼║le 2 (elementy docelowe: GetNativeManifest).
  2:12>Pomini─Öto element docelowy ÔÇ×GetNativeManifestÔÇŁ. Wcze┼Ťniejsza kompilacja powiod┼éa si─Ö.
  2:12>Kompilowanie projektu ÔÇ×C:\Users\emili\CascadeProjects\PhotoStudioManager\PhotoStudioManager.Core\PhotoStudioManager.Core.csprojÔÇŁ wykonane (elementy docelowe: GetNativeManifest).
   1:7>Projekt ÔÇ×C:\Users\emili\CascadeProjects\PhotoStudioManager\PhotoStudioManager.API\PhotoStudioManager.API.csprojÔÇŁ (1:7) kompiluje ÔÇ×C:\Users\emili\CascadeProjects\PhotoStudioManager\PhotoStudioManager.Infrastructure\PhotoStudioManager.Infrastructure.csprojÔÇŁ (3:7) w w─Ö┼║le 1 (elementy docelowe: GetNativeManifest).
   3:7>Element docelowy ÔÇ×GetNativeManifestÔÇŁ w pliku ÔÇ×C:\Program Files\dotnet\sdk\8.0.101\Microsoft.Common.CurrentVersion.targetsÔÇŁ z projektu ÔÇ×C:\Users\emili\CascadeProjects\PhotoStudioManager\PhotoStudioManager.Infrastructure\PhotoStudioManager.Infrastructure.csprojÔÇŁ (punkt wej┼Ťcia):
   3:7>Wykonano kompilowanie elementu docelowego ÔÇ×GetNativeManifestÔÇŁ w projekcie ÔÇ×PhotoStudioManager.Infrastructure.csprojÔÇŁ.
   3:7>Kompilowanie projektu ÔÇ×C:\Users\emili\CascadeProjects\PhotoStudioManager\PhotoStudioManager.Infrastructure\PhotoStudioManager.Infrastructure.csprojÔÇŁ wykonane (elementy docelowe: GetNativeManifest).
   1:7>Wykonywanie zadania ÔÇ×MSBuildÔÇŁ zako┼äczone.
       Pomini─Öto zadanie ÔÇ×WarningÔÇŁ z powodu fa┼észywego warunku; ('@(ProjectReferenceWithConfiguration)' != '' and '@(_MSBuildProjectReferenceNonexistent)' != '') oszacowano jako ('..\PhotoStudioManager.Core\PhotoStudioManager.Core.csproj;..\PhotoStudioManager.Infrastructure\PhotoStudioManager.Infrastructure.csproj' != '' and '' != '').
   1:7>Wykonano kompilowanie elementu docelowego ÔÇ×ResolveProjectReferencesÔÇŁ w projekcie ÔÇ×PhotoStudioManager.API.csprojÔÇŁ.
       Pomini─Öto element docelowy ÔÇ×FindInvalidProjectReferencesÔÇŁ z powodu fa┼észywego warunku; ('$(FindInvalidProjectReferences)' == 'true') oszacowano jako ('' == 'true').
       Pomini─Öto element docelowy ÔÇ×ResolveNativeReferencesÔÇŁ z powodu fa┼észywego warunku; ('@(NativeReference)'!='') oszacowano jako (''!='').
       Pomini─Öto element docelowy ÔÇ×ResolveProjectReferencesÔÇŁ. Wcze┼Ťniejsza kompilacja powiod┼éa si─Ö.
       Pomini─Öto element docelowy ÔÇ×FindInvalidProjectReferencesÔÇŁ z powodu fa┼észywego warunku; ('$(FindInvalidProjectReferences)' == 'true') oszacowano jako ('' == 'true').
       Pomini─Öto element docelowy ÔÇ×GetFrameworkPathsÔÇŁ. Wcze┼Ťniejsza kompilacja powiod┼éa si─Ö.
       Pomini─Öto element docelowy ÔÇ×GetReferenceAssemblyPathsÔÇŁ. Wcze┼Ťniejsza kompilacja powiod┼éa si─Ö.
       Pomini─Öto element docelowy ÔÇ×PrepareForBuildÔÇŁ. Wcze┼Ťniejsza kompilacja powiod┼éa si─Ö.
       Pomini─Öto element docelowy ÔÇ×GetInstalledSDKLocationsÔÇŁ z powodu fa┼észywego warunku; ('@(SDKReference)' != '') oszacowano jako ('' != '').
   1:7>Element docelowy ÔÇ×ResolveSDKReferencesÔÇŁ w pliku ÔÇ×C:\Program Files\dotnet\sdk\8.0.101\Microsoft.Common.CurrentVersion.targetsÔÇŁ z projektu ÔÇ×C:\Users\emili\CascadeProjects\PhotoStudioManager\PhotoStudioManager.API\PhotoStudioManager.API.csprojÔÇŁ (zale┼╝y od niego element docelowy ÔÇ×ResolveAssemblyReferencesÔÇŁ):
       Pomini─Öto zadanie ÔÇ×ResolveSDKReferenceÔÇŁ z powodu fa┼észywego warunku; ('@(SDKReference)'!='') oszacowano jako (''!='').
   1:7>Wykonano kompilowanie elementu docelowego ÔÇ×ResolveSDKReferencesÔÇŁ w projekcie ÔÇ×PhotoStudioManager.API.csprojÔÇŁ.
       Pomini─Öto element docelowy ÔÇ×ResolveSDKReferencesÔÇŁ. Wcze┼Ťniejsza kompilacja powiod┼éa si─Ö.
   1:7>Element docelowy ÔÇ×ExpandSDKReferencesÔÇŁ w pliku ÔÇ×C:\Program Files\dotnet\sdk\8.0.101\Microsoft.Common.CurrentVersion.targetsÔÇŁ z projektu ÔÇ×C:\Users\emili\CascadeProjects\PhotoStudioManager\PhotoStudioManager.API\PhotoStudioManager.API.csprojÔÇŁ (zale┼╝y od niego element docelowy ÔÇ×ResolveAssemblyReferencesÔÇŁ):
       Pomini─Öto zadanie ÔÇ×GetSDKReferenceFilesÔÇŁ z powodu fa┼észywego warunku; ('@(ResolvedSDKReference)'!='') oszacowano jako (''!='').
   1:7>Wykonano kompilowanie elementu docelowego ÔÇ×ExpandSDKReferencesÔÇŁ w projekcie ÔÇ×PhotoStudioManager.API.csprojÔÇŁ.
       Pomini─Öto element docelowy ÔÇ×ResolvePackageDependenciesForBuildÔÇŁ. Wcze┼Ťniejsza kompilacja powiod┼éa si─Ö.
       Pomini─Öto element docelowy ÔÇ×GetFrameworkPathsÔÇŁ. Wcze┼Ťniejsza kompilacja powiod┼éa si─Ö.
       Pomini─Öto element docelowy ÔÇ×GetReferenceAssemblyPathsÔÇŁ. Wcze┼Ťniejsza kompilacja powiod┼éa si─Ö.
       Pomini─Öto element docelowy ÔÇ×ProcessFrameworkReferencesÔÇŁ. Wcze┼Ťniejsza kompilacja powiod┼éa si─Ö.
       Pomini─Öto element docelowy ÔÇ×ResolvePackageAssetsÔÇŁ. Wcze┼Ťniejsza kompilacja powiod┼éa si─Ö.
   1:7>Element docelowy ÔÇ×ResolveFrameworkReferencesÔÇŁ w pliku ÔÇ×C:\Program Files\dotnet\sdk\8.0.101\Sdks\Microsoft.NET.Sdk\targets\Microsoft.NET.Sdk.FrameworkReferenceResolution.targetsÔÇŁ z projektu ÔÇ×C:\Users\emili\CascadeProjects\PhotoStudioManager\PhotoStudioManager.API\PhotoStudioManager.API.csprojÔÇŁ (zale┼╝y od niego element docelowy ÔÇ×ResolveTargetingPackAssetsÔÇŁ):
       U┼╝ywanie zadania ÔÇ×GetPackageDirectoryÔÇŁ z zestawu ÔÇ×C:\Program Files\dotnet\sdk\8.0.101\Sdks\Microsoft.NET.Sdk\targets\..\tools\net8.0\Microsoft.NET.Build.Tasks.dllÔÇŁ.
       Zadanie ÔÇ×GetPackageDirectoryÔÇŁ
       Wykonywanie zadania ÔÇ×GetPackageDirectoryÔÇŁ zako┼äczone.
       Zadanie ÔÇ×GetPackageDirectoryÔÇŁ
       Wykonywanie zadania ÔÇ×GetPackageDirectoryÔÇŁ zako┼äczone.
       Zadanie ÔÇ×GetPackageDirectoryÔÇŁ
       Wykonywanie zadania ÔÇ×GetPackageDirectoryÔÇŁ zako┼äczone.
       Zadanie ÔÇ×GetPackageDirectoryÔÇŁ
       Wykonywanie zadania ÔÇ×GetPackageDirectoryÔÇŁ zako┼äczone.
       Zadanie ÔÇ×GetPackageDirectoryÔÇŁ
       Wykonywanie zadania ÔÇ×GetPackageDirectoryÔÇŁ zako┼äczone.
       Zadanie ÔÇ×GetPackageDirectoryÔÇŁ
       Wykonywanie zadania ÔÇ×GetPackageDirectoryÔÇŁ zako┼äczone.
       Zadanie ÔÇ×GetPackageDirectoryÔÇŁ
       Wykonywanie zadania ÔÇ×GetPackageDirectoryÔÇŁ zako┼äczone.
       Zadanie ÔÇ×GetPackageDirectoryÔÇŁ
       Wykonywanie zadania ÔÇ×GetPackageDirectoryÔÇŁ zako┼äczone.
       Zadanie ÔÇ×GetPackageDirectoryÔÇŁ
       Wykonywanie zadania ÔÇ×GetPackageDirectoryÔÇŁ zako┼äczone.
       Zadanie ÔÇ×GetPackageDirectoryÔÇŁ
       Wykonywanie zadania ÔÇ×GetPackageDirectoryÔÇŁ zako┼äczone.
       U┼╝ywanie zadania ÔÇ×ResolveFrameworkReferencesÔÇŁ z zestawu ÔÇ×C:\Program Files\dotnet\sdk\8.0.101\Sdks\Microsoft.NET.Sdk\targets\..\tools\net8.0\Microsoft.NET.Build.Tasks.dllÔÇŁ.
       Zadanie ÔÇ×ResolveFrameworkReferencesÔÇŁ
       Wykonywanie zadania ÔÇ×ResolveFrameworkReferencesÔÇŁ zako┼äczone.
   1:7>Wykonano kompilowanie elementu docelowego ÔÇ×ResolveFrameworkReferencesÔÇŁ w projekcie ÔÇ×PhotoStudioManager.API.csprojÔÇŁ.
   1:7>Element docelowy ÔÇ×ResolveTargetingPackAssetsÔÇŁ w pliku ÔÇ×C:\Program Files\dotnet\sdk\8.0.101\Sdks\Microsoft.NET.Sdk\targets\Microsoft.NET.Sdk.FrameworkReferenceResolution.targetsÔÇŁ z projektu ÔÇ×C:\Users\emili\CascadeProjects\PhotoStudioManager\PhotoStudioManager.API\PhotoStudioManager.API.csprojÔÇŁ (zale┼╝y od niego element docelowy ÔÇ×_HandlePackageFileConflictsÔÇŁ):
       U┼╝ywanie zadania ÔÇ×ResolveTargetingPackAssetsÔÇŁ z zestawu ÔÇ×C:\Program Files\dotnet\sdk\8.0.101\Sdks\Microsoft.NET.Sdk\targets\..\tools\net8.0\Microsoft.NET.Build.Tasks.dllÔÇŁ.
       Zadanie ÔÇ×ResolveTargetingPackAssetsÔÇŁ
       Wykonywanie zadania ÔÇ×ResolveTargetingPackAssetsÔÇŁ zako┼äczone.
   1:7>Wykonano kompilowanie elementu docelowego ÔÇ×ResolveTargetingPackAssetsÔÇŁ w projekcie ÔÇ×PhotoStudioManager.API.csprojÔÇŁ.
   1:7>Element docelowy ÔÇ×ResolveOffByDefaultAnalyzersÔÇŁ w pliku ÔÇ×C:\Program Files\dotnet\sdk\8.0.101\Sdks\Microsoft.NET.Sdk\targets\Microsoft.NET.Sdk.FrameworkReferenceResolution.targetsÔÇŁ z projektu ÔÇ×C:\Users\emili\CascadeProjects\PhotoStudioManager\PhotoStudioManager.API\PhotoStudioManager.API.csprojÔÇŁ (zale┼╝y od niego element docelowy ÔÇ×_HandlePackageFileConflictsÔÇŁ):
   1:7>Wykonano kompilowanie elementu docelowego ÔÇ×ResolveOffByDefaultAnalyzersÔÇŁ w projekcie ÔÇ×PhotoStudioManager.API.csprojÔÇŁ.
   1:7>Element docelowy ÔÇ×_HandlePackageFileConflictsÔÇŁ w pliku ÔÇ×C:\Program Files\dotnet\sdk\8.0.101\Sdks\Microsoft.NET.Sdk\targets\Microsoft.NET.ConflictResolution.targetsÔÇŁ z projektu ÔÇ×C:\Users\emili\CascadeProjects\PhotoStudioManager\PhotoStudioManager.API\PhotoStudioManager.API.csprojÔÇŁ (zale┼╝y od niego element docelowy ÔÇ×ResolveAssemblyReferencesÔÇŁ):
       U┼╝ywanie zadania ÔÇ×ResolvePackageFileConflictsÔÇŁ z zestawu ÔÇ×C:\Program Files\dotnet\sdk\8.0.101\Sdks\Microsoft.NET.Sdk\targets\..\tools\net8.0\Microsoft.NET.Build.Tasks.dllÔÇŁ.
       Zadanie ÔÇ×ResolvePackageFileConflictsÔÇŁ
         Napotkano konflikt mi─Ödzy elementem ÔÇ×Reference:C:\Users\emili\.nuget\packages\microsoft.win32.registry\4.5.0\ref\netstandard2.0\Microsoft.Win32.Registry.dllÔÇŁ i ÔÇ×Reference:C:\Program Files\dotnet\packs\Microsoft.NETCore.App.Ref\8.0.1\ref/net8.0/Microsoft.Win32.Registry.dllÔÇŁ. Zostanie wybrany element ÔÇ×Reference:C:\Program Files\dotnet\packs\Microsoft.NETCore.App.Ref\8.0.1\ref/net8.0/Microsoft.Win32.Registry.dllÔÇŁ, poniewa┼╝ warto┼Ť─ç atrybutu AssemblyVersion ÔÇ×8.0.0.0ÔÇŁ jest wi─Öksza ni┼╝ ÔÇ×4.1.1.0ÔÇŁ.
         Napotkano konflikt mi─Ödzy elementem ÔÇ×Reference:C:\Users\emili\.nuget\packages\system.diagnostics.diagnosticsource\6.0.0\lib\net6.0\System.Diagnostics.DiagnosticSource.dllÔÇŁ i ÔÇ×Reference:C:\Program Files\dotnet\packs\Microsoft.NETCore.App.Ref\8.0.1\ref/net8.0/System.Diagnostics.DiagnosticSource.dllÔÇŁ. Zostanie wybrany element ÔÇ×Reference:C:\Program Files\dotnet\packs\Microsoft.NETCore.App.Ref\8.0.1\ref/net8.0/System.Diagnostics.DiagnosticSource.dllÔÇŁ, poniewa┼╝ warto┼Ť─ç atrybutu AssemblyVersion ÔÇ×8.0.0.0ÔÇŁ jest wi─Öksza ni┼╝ ÔÇ×6.0.0.0ÔÇŁ.
         Napotkano konflikt mi─Ödzy elementem ÔÇ×Reference:C:\Users\emili\.nuget\packages\system.runtime.compilerservices.unsafe\6.0.0\lib\net6.0\System.Runtime.CompilerServices.Unsafe.dllÔÇŁ i ÔÇ×Reference:C:\Program Files\dotnet\packs\Microsoft.NETCore.App.Ref\8.0.1\ref/net8.0/System.Runtime.CompilerServices.Unsafe.dllÔÇŁ. Zostanie wybrany element ÔÇ×Reference:C:\Program Files\dotnet\packs\Microsoft.NETCore.App.Ref\8.0.1\ref/net8.0/System.Runtime.CompilerServices.Unsafe.dllÔÇŁ, poniewa┼╝ warto┼Ť─ç atrybutu AssemblyVersion ÔÇ×8.0.0.0ÔÇŁ jest wi─Öksza ni┼╝ ÔÇ×6.0.0.0ÔÇŁ.
         Napotkano konflikt mi─Ödzy elementem ÔÇ×Reference:C:\Users\emili\.nuget\packages\system.security.accesscontrol\6.0.0\lib\net6.0\System.Security.AccessControl.dllÔÇŁ i ÔÇ×Reference:C:\Program Files\dotnet\packs\Microsoft.NETCore.App.Ref\8.0.1\ref/net8.0/System.Security.AccessControl.dllÔÇŁ. Zostanie wybrany element ÔÇ×Reference:C:\Program Files\dotnet\packs\Microsoft.NETCore.App.Ref\8.0.1\ref/net8.0/System.Security.AccessControl.dllÔÇŁ, poniewa┼╝ warto┼Ť─ç atrybutu AssemblyVersion ÔÇ×8.0.0.0ÔÇŁ jest wi─Öksza ni┼╝ ÔÇ×6.0.0.0ÔÇŁ.
         Napotkano konflikt mi─Ödzy elementem ÔÇ×Reference:C:\Users\emili\.nuget\packages\system.security.cryptography.cng\5.0.0\ref\netcoreapp3.0\System.Security.Cryptography.Cng.dllÔÇŁ i ÔÇ×Reference:C:\Program Files\dotnet\packs\Microsoft.NETCore.App.Ref\8.0.1\ref/net8.0/System.Security.Cryptography.Cng.dllÔÇŁ. Zostanie wybrany element ÔÇ×Reference:C:\Program Files\dotnet\packs\Microsoft.NETCore.App.Ref\8.0.1\ref/net8.0/System.Security.Cryptography.Cng.dllÔÇŁ, poniewa┼╝ warto┼Ť─ç atrybutu AssemblyVersion ÔÇ×8.0.0.0ÔÇŁ jest wi─Öksza ni┼╝ ÔÇ×5.0.0.0ÔÇŁ.
         Napotkano konflikt mi─Ödzy elementem ÔÇ×Reference:C:\Users\emili\.nuget\packages\system.security.principal.windows\5.0.0\ref\netcoreapp3.0\System.Security.Principal.Windows.dllÔÇŁ i ÔÇ×Reference:C:\Program Files\dotnet\packs\Microsoft.NETCore.App.Ref\8.0.1\ref/net8.0/System.Security.Principal.Windows.dllÔÇŁ. Zostanie wybrany element ÔÇ×Reference:C:\Program Files\dotnet\packs\Microsoft.NETCore.App.Ref\8.0.1\ref/net8.0/System.Security.Principal.Windows.dllÔÇŁ, poniewa┼╝ warto┼Ť─ç atrybutu AssemblyVersion ÔÇ×8.0.0.0ÔÇŁ jest wi─Öksza ni┼╝ ÔÇ×5.0.0.0ÔÇŁ.
         Napotkano konflikt mi─Ödzy elementem ÔÇ×Reference:C:\Users\emili\.nuget\packages\system.text.encodings.web\8.0.0\lib\net8.0\System.Text.Encodings.Web.dllÔÇŁ i ÔÇ×Reference:C:\Program Files\dotnet\packs\Microsoft.NETCore.App.Ref\8.0.1\ref/net8.0/System.Text.Encodings.Web.dllÔÇŁ. Zostanie wybrany element ÔÇ×Reference:C:\Program Files\dotnet\packs\Microsoft.NETCore.App.Ref\8.0.1\ref/net8.0/System.Text.Encodings.Web.dllÔÇŁ, poniewa┼╝ wersja pliku ÔÇ×8.0.123.58001ÔÇŁ jest nowsza ni┼╝ ÔÇ×8.0.23.53103ÔÇŁ.
         Napotkano konflikt mi─Ödzy elementem ÔÇ×Reference:C:\Users\emili\.nuget\packages\system.text.json\8.0.0\lib\net8.0\System.Text.Json.dllÔÇŁ i ÔÇ×Reference:C:\Program Files\dotnet\packs\Microsoft.NETCore.App.Ref\8.0.1\ref/net8.0/System.Text.Json.dllÔÇŁ. Zostanie wybrany element ÔÇ×Reference:C:\Program Files\dotnet\packs\Microsoft.NETCore.App.Ref\8.0.1\ref/net8.0/System.Text.Json.dllÔÇŁ, poniewa┼╝ wersja pliku ÔÇ×8.0.123.58001ÔÇŁ jest nowsza ni┼╝ ÔÇ×8.0.23.53103ÔÇŁ.
         Napotkano konflikt mi─Ödzy elementem ÔÇ×Reference:C:\Users\emili\.nuget\packages\microsoft.aspnetcore.cryptography.internal\8.0.1\lib\net8.0\Microsoft.AspNetCore.Cryptography.Internal.dllÔÇŁ i ÔÇ×Reference:C:\Program Files\dotnet\packs\Microsoft.AspNetCore.App.Ref\8.0.1\ref\net8.0\Microsoft.AspNetCore.Cryptography.Internal.dllÔÇŁ. Zostanie wybrany element ÔÇ×Reference:C:\Program Files\dotnet\packs\Microsoft.AspNetCore.App.Ref\8.0.1\ref\net8.0\Microsoft.AspNetCore.Cryptography.Internal.dllÔÇŁ, poniewa┼╝ pochodzi on z preferowanego pakietu.
         Napotkano konflikt mi─Ödzy elementem ÔÇ×Reference:C:\Users\emili\.nuget\packages\microsoft.aspnetcore.cryptography.keyderivation\8.0.1\lib\net8.0\Microsoft.AspNetCore.Cryptography.KeyDerivation.dllÔÇŁ i ÔÇ×Reference:C:\Program Files\dotnet\packs\Microsoft.AspNetCore.App.Ref\8.0.1\ref\net8.0\Microsoft.AspNetCore.Cryptography.KeyDerivation.dllÔÇŁ. Zostanie wybrany element ÔÇ×Reference:C:\Program Files\dotnet\packs\Microsoft.AspNetCore.App.Ref\8.0.1\ref\net8.0\Microsoft.AspNetCore.Cryptography.KeyDerivation.dllÔÇŁ, poniewa┼╝ pochodzi on z preferowanego pakietu.
         Napotkano konflikt mi─Ödzy elementem ÔÇ×Reference:C:\Users\emili\.nuget\packages\microsoft.extensions.identity.core\8.0.1\lib\net8.0\Microsoft.Extensions.Identity.Core.dllÔÇŁ i ÔÇ×Reference:C:\Program Files\dotnet\packs\Microsoft.AspNetCore.App.Ref\8.0.1\ref\net8.0\Microsoft.Extensions.Identity.Core.dllÔÇŁ. Zostanie wybrany element ÔÇ×Reference:C:\Program Files\dotnet\packs\Microsoft.AspNetCore.App.Ref\8.0.1\ref\net8.0\Microsoft.Extensions.Identity.Core.dllÔÇŁ, poniewa┼╝ pochodzi on z preferowanego pakietu.
         Napotkano konflikt mi─Ödzy elementem ÔÇ×Reference:C:\Users\emili\.nuget\packages\microsoft.extensions.identity.stores\8.0.1\lib\net8.0\Microsoft.Extensions.Identity.Stores.dllÔÇŁ i ÔÇ×Reference:C:\Program Files\dotnet\packs\Microsoft.AspNetCore.App.Ref\8.0.1\ref\net8.0\Microsoft.Extensions.Identity.Stores.dllÔÇŁ. Zostanie wybrany element ÔÇ×Reference:C:\Program Files\dotnet\packs\Microsoft.AspNetCore.App.Ref\8.0.1\ref\net8.0\Microsoft.Extensions.Identity.Stores.dllÔÇŁ, poniewa┼╝ pochodzi on z preferowanego pakietu.
         Napotkano konflikt mi─Ödzy elementem ÔÇ×Reference:C:\Users\emili\.nuget\packages\microsoft.extensions.options\8.0.1\lib\net8.0\Microsoft.Extensions.Options.dllÔÇŁ i ÔÇ×Reference:C:\Program Files\dotnet\packs\Microsoft.AspNetCore.App.Ref\8.0.1\ref\net8.0\Microsoft.Extensions.Options.dllÔÇŁ. Zostanie wybrany element ÔÇ×Reference:C:\Program Files\dotnet\packs\Microsoft.AspNetCore.App.Ref\8.0.1\ref\net8.0\Microsoft.Extensions.Options.dllÔÇŁ, poniewa┼╝ pochodzi on z preferowanego pakietu.
         Napotkano konflikt mi─Ödzy elementem ÔÇ×Analyzer:C:\Users\emili\.nuget\packages\system.text.json\8.0.0\analyzers\dotnet\roslyn4.4\cs\System.Text.Json.SourceGeneration.dllÔÇŁ i ÔÇ×Analyzer:C:\Program Files\dotnet\packs\Microsoft.NETCore.App.Ref\8.0.1\analyzers/dotnet/cs/System.Text.Json.SourceGeneration.dllÔÇŁ. Zostanie wybrany element ÔÇ×Analyzer:C:\Program Files\dotnet\packs\Microsoft.NETCore.App.Ref\8.0.1\analyzers/dotnet/cs/System.Text.Json.SourceGeneration.dllÔÇŁ, poniewa┼╝ warto┼Ť─ç atrybutu AssemblyVersion ÔÇ×8.0.9.8001ÔÇŁ jest wi─Öksza ni┼╝ ÔÇ×8.0.9.3103ÔÇŁ.
         Napotkano konflikt mi─Ödzy elementem ÔÇ×Analyzer:C:\Users\emili\.nuget\packages\microsoft.extensions.options\8.0.1\analyzers\dotnet\roslyn4.4\cs\Microsoft.Extensions.Options.SourceGeneration.dllÔÇŁ i ÔÇ×Analyzer:C:\Program Files\dotnet\packs\Microsoft.AspNetCore.App.Ref\8.0.1\analyzers/dotnet/roslyn4.4/cs/Microsoft.Extensions.Options.SourceGeneration.dllÔÇŁ. Zostanie wybrany element ÔÇ×Analyzer:C:\Program Files\dotnet\packs\Microsoft.AspNetCore.App.Ref\8.0.1\analyzers/dotnet/roslyn4.4/cs/Microsoft.Extensions.Options.SourceGeneration.dllÔÇŁ, poniewa┼╝ pochodzi on z preferowanego pakietu.
         Napotkano konflikt mi─Ödzy elementem ÔÇ×Platform:Microsoft.AspNetCore.Cryptography.Internal.dllÔÇŁ i ÔÇ×CopyLocal:C:\Users\emili\.nuget\packages\microsoft.aspnetcore.cryptography.internal\8.0.1\lib\net8.0\Microsoft.AspNetCore.Cryptography.Internal.dllÔÇŁ. Zostanie wybrany element ÔÇ×CopyLocal:C:\Users\emili\.nuget\packages\microsoft.aspnetcore.cryptography.internal\8.0.1\lib\net8.0\Microsoft.AspNetCore.Cryptography.Internal.dllÔÇŁ, poniewa┼╝ wersja pliku ÔÇ×8.0.123.58008ÔÇŁ jest nowsza ni┼╝ ÔÇ×8.0.23.53112ÔÇŁ.
         Napotkano konflikt mi─Ödzy elementem ÔÇ×Platform:Microsoft.AspNetCore.Cryptography.KeyDerivation.dllÔÇŁ i ÔÇ×CopyLocal:C:\Users\emili\.nuget\packages\microsoft.aspnetcore.cryptography.keyderivation\8.0.1\lib\net8.0\Microsoft.AspNetCore.Cryptography.KeyDerivation.dllÔÇŁ. Zostanie wybrany element ÔÇ×CopyLocal:C:\Users\emili\.nuget\packages\microsoft.aspnetcore.cryptography.keyderivation\8.0.1\lib\net8.0\Microsoft.AspNetCore.Cryptography.KeyDerivation.dllÔÇŁ, poniewa┼╝ wersja pliku ÔÇ×8.0.123.58008ÔÇŁ jest nowsza ni┼╝ ÔÇ×8.0.23.53112ÔÇŁ.
         Napotkano konflikt mi─Ödzy elementem ÔÇ×Platform:Microsoft.Extensions.Identity.Core.dllÔÇŁ i ÔÇ×CopyLocal:C:\Users\emili\.nuget\packages\microsoft.extensions.identity.core\8.0.1\lib\net8.0\Microsoft.Extensions.Identity.Core.dllÔÇŁ. Zostanie wybrany element ÔÇ×CopyLocal:C:\Users\emili\.nuget\packages\microsoft.extensions.identity.core\8.0.1\lib\net8.0\Microsoft.Extensions.Identity.Core.dllÔÇŁ, poniewa┼╝ wersja pliku ÔÇ×8.0.123.58008ÔÇŁ jest nowsza ni┼╝ ÔÇ×8.0.23.53112ÔÇŁ.
         Napotkano konflikt mi─Ödzy elementem ÔÇ×Platform:Microsoft.Extensions.Identity.Stores.dllÔÇŁ i ÔÇ×CopyLocal:C:\Users\emili\.nuget\packages\microsoft.extensions.identity.stores\8.0.1\lib\net8.0\Microsoft.Extensions.Identity.Stores.dllÔÇŁ. Zostanie wybrany element ÔÇ×CopyLocal:C:\Users\emili\.nuget\packages\microsoft.extensions.identity.stores\8.0.1\lib\net8.0\Microsoft.Extensions.Identity.Stores.dllÔÇŁ, poniewa┼╝ wersja pliku ÔÇ×8.0.123.58008ÔÇŁ jest nowsza ni┼╝ ÔÇ×8.0.23.53112ÔÇŁ.
         Napotkano konflikt mi─Ödzy elementem ÔÇ×Platform:Microsoft.Extensions.Options.dllÔÇŁ i ÔÇ×CopyLocal:C:\Users\emili\.nuget\packages\microsoft.extensions.options\8.0.1\lib\net8.0\Microsoft.Extensions.Options.dllÔÇŁ. Zostanie wybrany element ÔÇ×CopyLocal:C:\Users\emili\.nuget\packages\microsoft.extensions.options\8.0.1\lib\net8.0\Microsoft.Extensions.Options.dllÔÇŁ, poniewa┼╝ wersja pliku ÔÇ×8.0.123.58001ÔÇŁ jest nowsza ni┼╝ ÔÇ×8.0.23.53103ÔÇŁ.
         Napotkano konflikt mi─Ödzy elementem ÔÇ×Platform:Microsoft.Win32.Registry.dllÔÇŁ i ÔÇ×CopyLocal:C:\Users\emili\.nuget\packages\microsoft.win32.registry\4.5.0\lib\netstandard2.0\Microsoft.Win32.Registry.dllÔÇŁ. Zostanie wybrany element ÔÇ×Platform:Microsoft.Win32.Registry.dllÔÇŁ, poniewa┼╝ warto┼Ť─ç atrybutu AssemblyVersion ÔÇ×8.0.0.0ÔÇŁ jest wi─Öksza ni┼╝ ÔÇ×4.1.1.0ÔÇŁ.
         Napotkano konflikt mi─Ödzy elementem ÔÇ×Platform:System.Collections.Immutable.dllÔÇŁ i ÔÇ×CopyLocal:C:\Users\emili\.nuget\packages\system.collections.immutable\6.0.0\lib\net6.0\System.Collections.Immutable.dllÔÇŁ. Zostanie wybrany element ÔÇ×Platform:System.Collections.Immutable.dllÔÇŁ, poniewa┼╝ warto┼Ť─ç atrybutu AssemblyVersion ÔÇ×8.0.0.0ÔÇŁ jest wi─Öksza ni┼╝ ÔÇ×6.0.0.0ÔÇŁ.
         Napotkano konflikt mi─Ödzy elementem ÔÇ×Platform:System.Diagnostics.DiagnosticSource.dllÔÇŁ i ÔÇ×CopyLocal:C:\Users\emili\.nuget\packages\system.diagnostics.diagnosticsource\6.0.0\lib\net6.0\System.Diagnostics.DiagnosticSource.dllÔÇŁ. Zostanie wybrany element ÔÇ×Platform:System.Diagnostics.DiagnosticSource.dllÔÇŁ, poniewa┼╝ warto┼Ť─ç atrybutu AssemblyVersion ÔÇ×8.0.0.0ÔÇŁ jest wi─Öksza ni┼╝ ÔÇ×6.0.0.0ÔÇŁ.
         Napotkano konflikt mi─Ödzy elementem ÔÇ×Platform:System.Formats.Asn1.dllÔÇŁ i ÔÇ×CopyLocal:C:\Users\emili\.nuget\packages\system.formats.asn1\5.0.0\lib\netstandard2.0\System.Formats.Asn1.dllÔÇŁ. Zostanie wybrany element ÔÇ×Platform:System.Formats.Asn1.dllÔÇŁ, poniewa┼╝ warto┼Ť─ç atrybutu AssemblyVersion ÔÇ×8.0.0.0ÔÇŁ jest wi─Öksza ni┼╝ ÔÇ×5.0.0.0ÔÇŁ.
         Napotkano konflikt mi─Ödzy elementem ÔÇ×Platform:System.Reflection.Metadata.dllÔÇŁ i ÔÇ×CopyLocal:C:\Users\emili\.nuget\packages\system.reflection.metadata\6.0.1\lib\net6.0\System.Reflection.Metadata.dllÔÇŁ. Zostanie wybrany element ÔÇ×Platform:System.Reflection.Metadata.dllÔÇŁ, poniewa┼╝ warto┼Ť─ç atrybutu AssemblyVersion ÔÇ×8.0.0.0ÔÇŁ jest wi─Öksza ni┼╝ ÔÇ×6.0.0.0ÔÇŁ.
         Napotkano konflikt mi─Ödzy elementem ÔÇ×Platform:System.Runtime.CompilerServices.Unsafe.dllÔÇŁ i ÔÇ×CopyLocal:C:\Users\emili\.nuget\packages\system.runtime.compilerservices.unsafe\6.0.0\lib\net6.0\System.Runtime.CompilerServices.Unsafe.dllÔÇŁ. Zostanie wybrany element ÔÇ×Platform:System.Runtime.CompilerServices.Unsafe.dllÔÇŁ, poniewa┼╝ warto┼Ť─ç atrybutu AssemblyVersion ÔÇ×8.0.0.0ÔÇŁ jest wi─Öksza ni┼╝ ÔÇ×6.0.0.0ÔÇŁ.
         Napotkano konflikt mi─Ödzy elementem ÔÇ×Platform:System.Security.AccessControl.dllÔÇŁ i ÔÇ×CopyLocal:C:\Users\emili\.nuget\packages\system.security.accesscontrol\6.0.0\lib\net6.0\System.Security.AccessControl.dllÔÇŁ. Zostanie wybrany element ÔÇ×Platform:System.Security.AccessControl.dllÔÇŁ, poniewa┼╝ warto┼Ť─ç atrybutu AssemblyVersion ÔÇ×8.0.0.0ÔÇŁ jest wi─Öksza ni┼╝ ÔÇ×6.0.0.0ÔÇŁ.
         Napotkano konflikt mi─Ödzy elementem ÔÇ×Platform:System.Security.Cryptography.Cng.dllÔÇŁ i ÔÇ×CopyLocal:C:\Users\emili\.nuget\packages\system.security.cryptography.cng\5.0.0\lib\netcoreapp3.0\System.Security.Cryptography.Cng.dllÔÇŁ. Zostanie wybrany element ÔÇ×Platform:System.Security.Cryptography.Cng.dllÔÇŁ, poniewa┼╝ warto┼Ť─ç atrybutu AssemblyVersion ÔÇ×8.0.0.0ÔÇŁ jest wi─Öksza ni┼╝ ÔÇ×5.0.0.0ÔÇŁ.
         Napotkano konflikt mi─Ödzy elementem ÔÇ×Platform:System.Security.Cryptography.Pkcs.dllÔÇŁ i ÔÇ×CopyLocal:C:\Users\emili\.nuget\packages\system.security.cryptography.pkcs\4.5.0\lib\netcoreapp2.1\System.Security.Cryptography.Pkcs.dllÔÇŁ. Zostanie wybrany element ÔÇ×Platform:System.Security.Cryptography.Pkcs.dllÔÇŁ, poniewa┼╝ warto┼Ť─ç atrybutu AssemblyVersion ÔÇ×8.0.0.0ÔÇŁ jest wi─Öksza ni┼╝ ÔÇ×4.0.3.0ÔÇŁ.
         Napotkano konflikt mi─Ödzy elementem ÔÇ×Platform:System.Security.Principal.Windows.dllÔÇŁ i ÔÇ×CopyLocal:C:\Users\emili\.nuget\packages\system.security.principal.windows\5.0.0\lib\netstandard2.0\System.Security.Principal.Windows.dllÔÇŁ. Zostanie wybrany element ÔÇ×Platform:System.Security.Principal.Windows.dllÔÇŁ, poniewa┼╝ warto┼Ť─ç atrybutu AssemblyVersion ÔÇ×8.0.0.0ÔÇŁ jest wi─Öksza ni┼╝ ÔÇ×5.0.0.0ÔÇŁ.
         Napotkano konflikt mi─Ödzy elementem ÔÇ×Platform:System.Text.Encoding.CodePages.dllÔÇŁ i ÔÇ×CopyLocal:C:\Users\emili\.nuget\packages\system.text.encoding.codepages\6.0.0\lib\net6.0\System.Text.Encoding.CodePages.dllÔÇŁ. Zostanie wybrany element ÔÇ×Platform:System.Text.Encoding.CodePages.dllÔÇŁ, poniewa┼╝ warto┼Ť─ç atrybutu AssemblyVersion ÔÇ×8.0.0.0ÔÇŁ jest wi─Öksza ni┼╝ ÔÇ×6.0.0.0ÔÇŁ.
         Napotkano konflikt mi─Ödzy elementem ÔÇ×Platform:System.Text.Encodings.Web.dllÔÇŁ i ÔÇ×CopyLocal:C:\Users\emili\.nuget\packages\system.text.encodings.web\8.0.0\lib\net8.0\System.Text.Encodings.Web.dllÔÇŁ. Zostanie wybrany element ÔÇ×Platform:System.Text.Encodings.Web.dllÔÇŁ, poniewa┼╝ wersja pliku ÔÇ×8.0.123.58001ÔÇŁ jest nowsza ni┼╝ ÔÇ×8.0.23.53103ÔÇŁ.
         Napotkano konflikt mi─Ödzy elementem ÔÇ×Platform:System.Text.Json.dllÔÇŁ i ÔÇ×CopyLocal:C:\Users\emili\.nuget\packages\system.text.json\8.0.0\lib\net8.0\System.Text.Json.dllÔÇŁ. Zostanie wybrany element ÔÇ×Platform:System.Text.Json.dllÔÇŁ, poniewa┼╝ wersja pliku ÔÇ×8.0.123.58001ÔÇŁ jest nowsza ni┼╝ ÔÇ×8.0.23.53103ÔÇŁ.
         Napotkano konflikt mi─Ödzy elementem ÔÇ×Platform:System.Threading.Channels.dllÔÇŁ i ÔÇ×CopyLocal:C:\Users\emili\.nuget\packages\system.threading.channels\6.0.0\lib\net6.0\System.Threading.Channels.dllÔÇŁ. Zostanie wybrany element ÔÇ×Platform:System.Threading.Channels.dllÔÇŁ, poniewa┼╝ warto┼Ť─ç atrybutu AssemblyVersion ÔÇ×8.0.0.0ÔÇŁ jest wi─Öksza ni┼╝ ÔÇ×6.0.0.0ÔÇŁ.
         Napotkano konflikt mi─Ödzy elementem ÔÇ×Platform:Microsoft.Win32.Registry.dllÔÇŁ i ÔÇ×CopyLocal:C:\Users\emili\.nuget\packages\microsoft.win32.registry\4.5.0\runtimes\unix\lib\netstandard2.0\Microsoft.Win32.Registry.dllÔÇŁ. Zostanie wybrany element ÔÇ×Platform:Microsoft.Win32.Registry.dllÔÇŁ, poniewa┼╝ warto┼Ť─ç atrybutu AssemblyVersion ÔÇ×8.0.0.0ÔÇŁ jest wi─Öksza ni┼╝ ÔÇ×4.1.1.0ÔÇŁ.
         Napotkano konflikt mi─Ödzy elementem ÔÇ×Platform:Microsoft.Win32.Registry.dllÔÇŁ i ÔÇ×CopyLocal:C:\Users\emili\.nuget\packages\microsoft.win32.registry\4.5.0\runtimes\win\lib\netstandard2.0\Microsoft.Win32.Registry.dllÔÇŁ. Zostanie wybrany element ÔÇ×Platform:Microsoft.Win32.Registry.dllÔÇŁ, poniewa┼╝ warto┼Ť─ç atrybutu AssemblyVersion ÔÇ×8.0.0.0ÔÇŁ jest wi─Öksza ni┼╝ ÔÇ×4.1.1.0ÔÇŁ.
         Napotkano konflikt mi─Ödzy elementem ÔÇ×Platform:System.Security.AccessControl.dllÔÇŁ i ÔÇ×CopyLocal:C:\Users\emili\.nuget\packages\system.security.accesscontrol\6.0.0\runtimes\win\lib\net6.0\System.Security.AccessControl.dllÔÇŁ. Zostanie wybrany element ÔÇ×Platform:System.Security.AccessControl.dllÔÇŁ, poniewa┼╝ warto┼Ť─ç atrybutu AssemblyVersion ÔÇ×8.0.0.0ÔÇŁ jest wi─Öksza ni┼╝ ÔÇ×6.0.0.0ÔÇŁ.
         Napotkano konflikt mi─Ödzy elementem ÔÇ×Platform:System.Security.Cryptography.Cng.dllÔÇŁ i ÔÇ×CopyLocal:C:\Users\emili\.nuget\packages\system.security.cryptography.cng\5.0.0\runtimes\win\lib\netcoreapp3.0\System.Security.Cryptography.Cng.dllÔÇŁ. Zostanie wybrany element ÔÇ×Platform:System.Security.Cryptography.Cng.dllÔÇŁ, poniewa┼╝ warto┼Ť─ç atrybutu AssemblyVersion ÔÇ×8.0.0.0ÔÇŁ jest wi─Öksza ni┼╝ ÔÇ×5.0.0.0ÔÇŁ.
         Napotkano konflikt mi─Ödzy elementem ÔÇ×Platform:System.Security.Cryptography.Pkcs.dllÔÇŁ i ÔÇ×CopyLocal:C:\Users\emili\.nuget\packages\system.security.cryptography.pkcs\4.5.0\runtimes\win\lib\netcoreapp2.1\System.Security.Cryptography.Pkcs.dllÔÇŁ. Zostanie wybrany element ÔÇ×Platform:System.Security.Cryptography.Pkcs.dllÔÇŁ, poniewa┼╝ warto┼Ť─ç atrybutu AssemblyVersion ÔÇ×8.0.0.0ÔÇŁ jest wi─Öksza ni┼╝ ÔÇ×4.0.3.0ÔÇŁ.
         Napotkano konflikt mi─Ödzy elementem ÔÇ×Platform:System.Security.Principal.Windows.dllÔÇŁ i ÔÇ×CopyLocal:C:\Users\emili\.nuget\packages\system.security.principal.windows\5.0.0\runtimes\unix\lib\netcoreapp2.1\System.Security.Principal.Windows.dllÔÇŁ. Zostanie wybrany element ÔÇ×Platform:System.Security.Principal.Windows.dllÔÇŁ, poniewa┼╝ warto┼Ť─ç atrybutu AssemblyVersion ÔÇ×8.0.0.0ÔÇŁ jest wi─Öksza ni┼╝ ÔÇ×5.0.0.0ÔÇŁ.
         Napotkano konflikt mi─Ödzy elementem ÔÇ×Platform:System.Security.Principal.Windows.dllÔÇŁ i ÔÇ×CopyLocal:C:\Users\emili\.nuget\packages\system.security.principal.windows\5.0.0\runtimes\win\lib\netcoreapp2.1\System.Security.Principal.Windows.dllÔÇŁ. Zostanie wybrany element ÔÇ×Platform:System.Security.Principal.Windows.dllÔÇŁ, poniewa┼╝ warto┼Ť─ç atrybutu AssemblyVersion ÔÇ×8.0.0.0ÔÇŁ jest wi─Öksza ni┼╝ ÔÇ×5.0.0.0ÔÇŁ.
         Napotkano konflikt mi─Ödzy elementem ÔÇ×Platform:System.Text.Encoding.CodePages.dllÔÇŁ i ÔÇ×CopyLocal:C:\Users\emili\.nuget\packages\system.text.encoding.codepages\6.0.0\runtimes\win\lib\net6.0\System.Text.Encoding.CodePages.dllÔÇŁ. Zostanie wybrany element ÔÇ×Platform:System.Text.Encoding.CodePages.dllÔÇŁ, poniewa┼╝ warto┼Ť─ç atrybutu AssemblyVersion ÔÇ×8.0.0.0ÔÇŁ jest wi─Öksza ni┼╝ ÔÇ×6.0.0.0ÔÇŁ.
         Napotkano konflikt mi─Ödzy elementem ÔÇ×Platform:System.Text.Encodings.Web.dllÔÇŁ i ÔÇ×CopyLocal:C:\Users\emili\.nuget\packages\system.text.encodings.web\8.0.0\runtimes\browser\lib\net8.0\System.Text.Encodings.Web.dllÔÇŁ. Zostanie wybrany element ÔÇ×Platform:System.Text.Encodings.Web.dllÔÇŁ, poniewa┼╝ wersja pliku ÔÇ×8.0.123.58001ÔÇŁ jest nowsza ni┼╝ ÔÇ×8.0.23.53103ÔÇŁ.
         Napotkano konflikt mi─Ödzy elementem ÔÇ×Platform:mscorlib.dllÔÇŁ i ÔÇ×Platform:mscorlib.dllÔÇŁ. Nie mo┼╝na okre┼Ťli─ç wyniku z powodu takich samych wersji pliku i zestawu.
         Napotkano konflikt mi─Ödzy elementem ÔÇ×Platform:Microsoft.VisualBasic.dllÔÇŁ i ÔÇ×Platform:Microsoft.VisualBasic.dllÔÇŁ. Nie mo┼╝na okre┼Ťli─ç wyniku z powodu takich samych wersji pliku i zestawu.
         Napotkano konflikt mi─Ödzy elementem ÔÇ×Platform:System.dllÔÇŁ i ÔÇ×Platform:System.dllÔÇŁ. Nie mo┼╝na okre┼Ťli─ç wyniku z powodu takich samych wersji pliku i zestawu.
         Napotkano konflikt mi─Ödzy elementem ÔÇ×Platform:System.ComponentModel.DataAnnotations.dllÔÇŁ i ÔÇ×Platform:System.ComponentModel.DataAnnotations.dllÔÇŁ. Nie mo┼╝na okre┼Ťli─ç wyniku z powodu takich samych wersji pliku i zestawu.
         Napotkano konflikt mi─Ödzy elementem ÔÇ×Platform:System.Configuration.dllÔÇŁ i ÔÇ×Platform:System.Configuration.dllÔÇŁ. Nie mo┼╝na okre┼Ťli─ç wyniku z powodu takich samych wersji pliku i zestawu.
         Napotkano konflikt mi─Ödzy elementem ÔÇ×Platform:System.Core.dllÔÇŁ i ÔÇ×Platform:System.Core.dllÔÇŁ. Nie mo┼╝na okre┼Ťli─ç wyniku z powodu takich samych wersji pliku i zestawu.
         Napotkano konflikt mi─Ödzy elementem ÔÇ×Platform:System.Data.dllÔÇŁ i ÔÇ×Platform:System.Data.dllÔÇŁ. Nie mo┼╝na okre┼Ťli─ç wyniku z powodu takich samych wersji pliku i zestawu.
         Napotkano konflikt mi─Ödzy elementem ÔÇ×Platform:System.Drawing.dllÔÇŁ i ÔÇ×Platform:System.Drawing.dllÔÇŁ. Nie mo┼╝na okre┼Ťli─ç wyniku z powodu takich samych wersji pliku i zestawu.
         Napotkano konflikt mi─Ödzy elementem ÔÇ×Platform:System.IO.Compression.FileSystem.dllÔÇŁ i ÔÇ×Platform:System.IO.Compression.FileSystem.dllÔÇŁ. Nie mo┼╝na okre┼Ťli─ç wyniku z powodu takich samych wersji pliku i zestawu.
         Napotkano konflikt mi─Ödzy elementem ÔÇ×Platform:System.Net.dllÔÇŁ i ÔÇ×Platform:System.Net.dllÔÇŁ. Nie mo┼╝na okre┼Ťli─ç wyniku z powodu takich samych wersji pliku i zestawu.
         Napotkano konflikt mi─Ödzy elementem ÔÇ×Platform:System.Numerics.dllÔÇŁ i ÔÇ×Platform:System.Numerics.dllÔÇŁ. Nie mo┼╝na okre┼Ťli─ç wyniku z powodu takich samych wersji pliku i zestawu.
         Napotkano konflikt mi─Ödzy elementem ÔÇ×Platform:System.Runtime.Serialization.dllÔÇŁ i ÔÇ×Platform:System.Runtime.Serialization.dllÔÇŁ. Nie mo┼╝na okre┼Ťli─ç wyniku z powodu takich samych wersji pliku i zestawu.
         Napotkano konflikt mi─Ödzy elementem ÔÇ×Platform:System.Security.dllÔÇŁ i ÔÇ×Platform:System.Security.dllÔÇŁ. Nie mo┼╝na okre┼Ťli─ç wyniku z powodu takich samych wersji pliku i zestawu.
         Napotkano konflikt mi─Ödzy elementem ÔÇ×Platform:System.ServiceProcess.dllÔÇŁ i ÔÇ×Platform:System.ServiceProcess.dllÔÇŁ. Nie mo┼╝na okre┼Ťli─ç wyniku z powodu takich samych wersji pliku i zestawu.
         Napotkano konflikt mi─Ödzy elementem ÔÇ×Platform:System.ServiceModel.Web.dllÔÇŁ i ÔÇ×Platform:System.ServiceModel.Web.dllÔÇŁ. Nie mo┼╝na okre┼Ťli─ç wyniku z powodu takich samych wersji pliku i zestawu.
         Napotkano konflikt mi─Ödzy elementem ÔÇ×Platform:System.Transactions.dllÔÇŁ i ÔÇ×Platform:System.Transactions.dllÔÇŁ. Nie mo┼╝na okre┼Ťli─ç wyniku z powodu takich samych wersji pliku i zestawu.
         Napotkano konflikt mi─Ödzy elementem ÔÇ×Platform:System.Web.dllÔÇŁ i ÔÇ×Platform:System.Web.dllÔÇŁ. Nie mo┼╝na okre┼Ťli─ç wyniku z powodu takich samych wersji pliku i zestawu.
         Napotkano konflikt mi─Ödzy elementem ÔÇ×Platform:System.Windows.dllÔÇŁ i ÔÇ×Platform:System.Windows.dllÔÇŁ. Nie mo┼╝na okre┼Ťli─ç wyniku z powodu takich samych wersji pliku i zestawu.
         Napotkano konflikt mi─Ödzy elementem ÔÇ×Platform:System.Xml.dllÔÇŁ i ÔÇ×Platform:System.Xml.dllÔÇŁ. Nie mo┼╝na okre┼Ťli─ç wyniku z powodu takich samych wersji pliku i zestawu.
         Napotkano konflikt mi─Ödzy elementem ÔÇ×Platform:System.Xml.Serialization.dllÔÇŁ i ÔÇ×Platform:System.Xml.Serialization.dllÔÇŁ. Nie mo┼╝na okre┼Ťli─ç wyniku z powodu takich samych wersji pliku i zestawu.
         Napotkano konflikt mi─Ödzy elementem ÔÇ×Platform:System.Xml.Linq.dllÔÇŁ i ÔÇ×Platform:System.Xml.Linq.dllÔÇŁ. Nie mo┼╝na okre┼Ťli─ç wyniku z powodu takich samych wersji pliku i zestawu.
         Napotkano konflikt mi─Ödzy elementem ÔÇ×Platform:WindowsBase.dllÔÇŁ i ÔÇ×Platform:WindowsBase.dllÔÇŁ. Nie mo┼╝na okre┼Ťli─ç wyniku z powodu takich samych wersji pliku i zestawu.
         Napotkano konflikt mi─Ödzy elementem ÔÇ×Platform:netstandard.dllÔÇŁ i ÔÇ×Platform:netstandard.dllÔÇŁ. Nie mo┼╝na okre┼Ťli─ç wyniku z powodu takich samych wersji pliku i zestawu.
         Napotkano konflikt mi─Ödzy elementem ÔÇ×Platform:System.Private.CoreLib.dllÔÇŁ i ÔÇ×Platform:System.Private.CoreLib.dllÔÇŁ. Nie mo┼╝na okre┼Ťli─ç wyniku z powodu takich samych wersji pliku i zestawu.
         Napotkano konflikt mi─Ödzy elementem ÔÇ×Platform:System.Private.DataContractSerialization.dllÔÇŁ i ÔÇ×Platform:System.Private.DataContractSerialization.dllÔÇŁ. Nie mo┼╝na okre┼Ťli─ç wyniku z powodu takich samych wersji pliku i zestawu.
         Napotkano konflikt mi─Ödzy elementem ÔÇ×Platform:System.Private.Uri.dllÔÇŁ i ÔÇ×Platform:System.Private.Uri.dllÔÇŁ. Nie mo┼╝na okre┼Ťli─ç wyniku z powodu takich samych wersji pliku i zestawu.
         Napotkano konflikt mi─Ödzy elementem ÔÇ×Platform:System.Private.Xml.dllÔÇŁ i ÔÇ×Platform:System.Private.Xml.dllÔÇŁ. Nie mo┼╝na okre┼Ťli─ç wyniku z powodu takich samych wersji pliku i zestawu.
         Napotkano konflikt mi─Ödzy elementem ÔÇ×Platform:System.Private.Xml.Linq.dllÔÇŁ i ÔÇ×Platform:System.Private.Xml.Linq.dllÔÇŁ. Nie mo┼╝na okre┼Ťli─ç wyniku z powodu takich samych wersji pliku i zestawu.
         Napotkano konflikt mi─Ödzy elementem ÔÇ×Platform:mscordaccore_amd64_amd64_8.0.123.58001.dllÔÇŁ i ÔÇ×Platform:mscordaccore_amd64_amd64_8.0.123.58001.dllÔÇŁ. Nie mo┼╝na okre┼Ťli─ç wyniku z powodu takich samych wersji pliku i zestawu.
       Wykonywanie zadania ÔÇ×ResolvePackageFileConflictsÔÇŁ zako┼äczone.
   1:7>Wykonano kompilowanie elementu docelowego ÔÇ×_HandlePackageFileConflictsÔÇŁ w projekcie ÔÇ×PhotoStudioManager.API.csprojÔÇŁ.
       Pomini─Öto element docelowy ÔÇ×ResolveTargetingPackAssetsÔÇŁ. Wcze┼Ťniejsza kompilacja powiod┼éa si─Ö.
   1:7>Element docelowy ÔÇ×ResolveAssemblyReferencesÔÇŁ w pliku ÔÇ×C:\Program Files\dotnet\sdk\8.0.101\Microsoft.Common.CurrentVersion.targetsÔÇŁ z projektu ÔÇ×C:\Users\emili\CascadeProjects\PhotoStudioManager\PhotoStudioManager.API\PhotoStudioManager.API.csprojÔÇŁ (zale┼╝y od niego element docelowy ÔÇ×ResolveReferencesÔÇŁ):
       Zadanie ÔÇ×ResolveAssemblyReferenceÔÇŁ
         TargetFrameworkMoniker:
             .NETCoreApp,Version=v8.0
         TargetFrameworkMonikerDisplayName:
             .NET 8.0
         TargetedRuntimeVersion:
             
         Assemblies:
             C:\Users\emili\.nuget\packages\azure.core\1.25.0\lib\net5.0\Azure.Core.dll
                 Private = 'false'
                 HintPath = 'C:\Users\emili\.nuget\packages\azure.core\1.25.0\lib\net5.0\Azure.Core.dll'
             C:\Users\emili\.nuget\packages\azure.identity\1.7.0\lib\netstandard2.0\Azure.Identity.dll
                 Private = 'false'
                 HintPath = 'C:\Users\emili\.nuget\packages\azure.identity\1.7.0\lib\netstandard2.0\Azure.Identity.dll'
             C:\Users\emili\.nuget\packages\microsoft.aspnetcore.authentication.jwtbearer\8.0.1\lib\net8.0\Microsoft.AspNetCore.Authentication.JwtBearer.dll
                 Private = 'false'
                 HintPath = 'C:\Users\emili\.nuget\packages\microsoft.aspnetcore.authentication.jwtbearer\8.0.1\lib\net8.0\Microsoft.AspNetCore.Authentication.JwtBearer.dll'
             C:\Users\emili\.nuget\packages\microsoft.aspnetcore.identity.entityframeworkcore\8.0.1\lib\net8.0\Microsoft.AspNetCore.Identity.EntityFrameworkCore.dll
                 Private = 'false'
                 HintPath = 'C:\Users\emili\.nuget\packages\microsoft.aspnetcore.identity.entityframeworkcore\8.0.1\lib\net8.0\Microsoft.AspNetCore.Identity.EntityFrameworkCore.dll'
             C:\Users\emili\.nuget\packages\microsoft.bcl.asyncinterfaces\6.0.0\lib\netstandard2.1\Microsoft.Bcl.AsyncInterfaces.dll
                 Private = 'false'
                 HintPath = 'C:\Users\emili\.nuget\packages\microsoft.bcl.asyncinterfaces\6.0.0\lib\netstandard2.1\Microsoft.Bcl.AsyncInterfaces.dll'
             C:\Users\emili\.nuget\packages\microsoft.data.sqlclient\5.1.1\ref\net6.0\Microsoft.Data.SqlClient.dll
                 Private = 'false'
                 HintPath = 'C:\Users\emili\.nuget\packages\microsoft.data.sqlclient\5.1.1\ref\net6.0\Microsoft.Data.SqlClient.dll'
             C:\Users\emili\.nuget\packages\microsoft.entityframeworkcore\8.0.1\lib\net8.0\Microsoft.EntityFrameworkCore.dll
                 Private = 'false'
                 HintPath = 'C:\Users\emili\.nuget\packages\microsoft.entityframeworkcore\8.0.1\lib\net8.0\Microsoft.EntityFrameworkCore.dll'
             C:\Users\emili\.nuget\packages\microsoft.entityframeworkcore.abstractions\8.0.1\lib\net8.0\Microsoft.EntityFrameworkCore.Abstractions.dll
                 Private = 'false'
                 HintPath = 'C:\Users\emili\.nuget\packages\microsoft.entityframeworkcore.abstractions\8.0.1\lib\net8.0\Microsoft.EntityFrameworkCore.Abstractions.dll'
             C:\Users\emili\.nuget\packages\microsoft.entityframeworkcore.relational\8.0.1\lib\net8.0\Microsoft.EntityFrameworkCore.Relational.dll
                 Private = 'false'
                 HintPath = 'C:\Users\emili\.nuget\packages\microsoft.entityframeworkcore.relational\8.0.1\lib\net8.0\Microsoft.EntityFrameworkCore.Relational.dll'
             C:\Users\emili\.nuget\packages\microsoft.entityframeworkcore.sqlserver\8.0.1\lib\net8.0\Microsoft.EntityFrameworkCore.SqlServer.dll
                 Private = 'false'
                 HintPath = 'C:\Users\emili\.nuget\packages\microsoft.entityframeworkcore.sqlserver\8.0.1\lib\net8.0\Microsoft.EntityFrameworkCore.SqlServer.dll'
             C:\Users\emili\.nuget\packages\microsoft.identity.client\4.47.2\lib\netcoreapp2.1\Microsoft.Identity.Client.dll
                 Private = 'false'
                 HintPath = 'C:\Users\emili\.nuget\packages\microsoft.identity.client\4.47.2\lib\netcoreapp2.1\Microsoft.Identity.Client.dll'
             C:\Users\emili\.nuget\packages\microsoft.identity.client.extensions.msal\2.19.3\lib\netcoreapp2.1\Microsoft.Identity.Client.Extensions.Msal.dll
                 Private = 'false'
                 HintPath = 'C:\Users\emili\.nuget\packages\microsoft.identity.client.extensions.msal\2.19.3\lib\netcoreapp2.1\Microsoft.Identity.Client.Extensions.Msal.dll'
             C:\Users\emili\.nuget\packages\microsoft.identitymodel.abstractions\7.1.2\lib\net8.0\Microsoft.IdentityModel.Abstractions.dll
                 Private = 'false'
                 HintPath = 'C:\Users\emili\.nuget\packages\microsoft.identitymodel.abstractions\7.1.2\lib\net8.0\Microsoft.IdentityModel.Abstractions.dll'
             C:\Users\emili\.nuget\packages\microsoft.identitymodel.jsonwebtokens\7.1.2\lib\net8.0\Microsoft.IdentityModel.JsonWebTokens.dll
                 Private = 'false'
                 HintPath = 'C:\Users\emili\.nuget\packages\microsoft.identitymodel.jsonwebtokens\7.1.2\lib\net8.0\Microsoft.IdentityModel.JsonWebTokens.dll'
             C:\Users\emili\.nuget\packages\microsoft.identitymodel.logging\7.1.2\lib\net8.0\Microsoft.IdentityModel.Logging.dll
                 Private = 'false'
                 HintPath = 'C:\Users\emili\.nuget\packages\microsoft.identitymodel.logging\7.1.2\lib\net8.0\Microsoft.IdentityModel.Logging.dll'
             C:\Users\emili\.nuget\packages\microsoft.identitymodel.protocols\7.1.2\lib\net8.0\Microsoft.IdentityModel.Protocols.dll
                 Private = 'false'
                 HintPath = 'C:\Users\emili\.nuget\packages\microsoft.identitymodel.protocols\7.1.2\lib\net8.0\Microsoft.IdentityModel.Protocols.dll'
             C:\Users\emili\.nuget\packages\microsoft.identitymodel.protocols.openidconnect\7.1.2\lib\net8.0\Microsoft.IdentityModel.Protocols.OpenIdConnect.dll
                 Private = 'false'
                 HintPath = 'C:\Users\emili\.nuget\packages\microsoft.identitymodel.protocols.openidconnect\7.1.2\lib\net8.0\Microsoft.IdentityModel.Protocols.OpenIdConnect.dll'
             C:\Users\emili\.nuget\packages\microsoft.identitymodel.tokens\7.1.2\lib\net8.0\Microsoft.IdentityModel.Tokens.dll
                 Private = 'false'
                 HintPath = 'C:\Users\emili\.nuget\packages\microsoft.identitymodel.tokens\7.1.2\lib\net8.0\Microsoft.IdentityModel.Tokens.dll'
             C:\Users\emili\.nuget\packages\microsoft.openapi\1.2.3\lib\netstandard2.0\Microsoft.OpenApi.dll
                 Private = 'false'
                 HintPath = 'C:\Users\emili\.nuget\packages\microsoft.openapi\1.2.3\lib\netstandard2.0\Microsoft.OpenApi.dll'
             C:\Users\emili\.nuget\packages\microsoft.sqlserver.server\1.0.0\lib\netstandard2.0\Microsoft.SqlServer.Server.dll
                 Private = 'false'
                 HintPath = 'C:\Users\emili\.nuget\packages\microsoft.sqlserver.server\1.0.0\lib\netstandard2.0\Microsoft.SqlServer.Server.dll'
             C:\Users\emili\.nuget\packages\microsoft.win32.systemevents\6.0.0\lib\net6.0\Microsoft.Win32.SystemEvents.dll
                 Private = 'false'
                 HintPath = 'C:\Users\emili\.nuget\packages\microsoft.win32.systemevents\6.0.0\lib\net6.0\Microsoft.Win32.SystemEvents.dll'
             C:\Users\emili\.nuget\packages\swashbuckle.aspnetcore.swagger\6.5.0\lib\net7.0\Swashbuckle.AspNetCore.Swagger.dll
                 Private = 'false'
                 HintPath = 'C:\Users\emili\.nuget\packages\swashbuckle.aspnetcore.swagger\6.5.0\lib\net7.0\Swashbuckle.AspNetCore.Swagger.dll'
             C:\Users\emili\.nuget\packages\swashbuckle.aspnetcore.swaggergen\6.5.0\lib\net7.0\Swashbuckle.AspNetCore.SwaggerGen.dll
                 Private = 'false'
                 HintPath = 'C:\Users\emili\.nuget\packages\swashbuckle.aspnetcore.swaggergen\6.5.0\lib\net7.0\Swashbuckle.AspNetCore.SwaggerGen.dll'
             C:\Users\emili\.nuget\packages\swashbuckle.aspnetcore.swaggerui\6.5.0\lib\net7.0\Swashbuckle.AspNetCore.SwaggerUI.dll
                 Private = 'false'
                 HintPath = 'C:\Users\emili\.nuget\packages\swashbuckle.aspnetcore.swaggerui\6.5.0\lib\net7.0\Swashbuckle.AspNetCore.SwaggerUI.dll'
             C:\Users\emili\.nuget\packages\system.drawing.common\6.0.0\lib\net6.0\System.Drawing.Common.dll
                 Private = 'false'
                 HintPath = 'C:\Users\emili\.nuget\packages\system.drawing.common\6.0.0\lib\net6.0\System.Drawing.Common.dll'
             C:\Users\emili\.nuget\packages\system.identitymodel.tokens.jwt\7.1.2\lib\net8.0\System.IdentityModel.Tokens.Jwt.dll
                 Private = 'false'
                 HintPath = 'C:\Users\emili\.nuget\packages\system.identitymodel.tokens.jwt\7.1.2\lib\net8.0\System.IdentityModel.Tokens.Jwt.dll'
             C:\Users\emili\.nuget\packages\system.memory.data\1.0.2\lib\netstandard2.0\System.Memory.Data.dll
                 Private = 'false'
                 HintPath = 'C:\Users\emili\.nuget\packages\system.memory.data\1.0.2\lib\netstandard2.0\System.Memory.Data.dll'
             C:\Users\emili\.nuget\packages\system.security.cryptography.protecteddata\6.0.0\lib\net6.0\System.Security.Cryptography.ProtectedData.dll
                 Private = 'false'
                 HintPath = 'C:\Users\emili\.nuget\packages\system.security.cryptography.protecteddata\6.0.0\lib\net6.0\System.Security.Cryptography.ProtectedData.dll'
             C:\Users\emili\.nuget\packages\system.security.permissions\6.0.0\lib\net6.0\System.Security.Permissions.dll
                 Private = 'false'
                 HintPath = 'C:\Users\emili\.nuget\packages\system.security.permissions\6.0.0\lib\net6.0\System.Security.Permissions.dll'
             C:\Users\emili\.nuget\packages\system.windows.extensions\6.0.0\lib\net6.0\System.Windows.Extensions.dll
                 Private = 'false'
                 HintPath = 'C:\Users\emili\.nuget\packages\system.windows.extensions\6.0.0\lib\net6.0\System.Windows.Extensions.dll'
             C:\Program Files\dotnet\packs\Microsoft.NETCore.App.Ref\8.0.1\ref/net8.0/Microsoft.CSharp.dll
                 Private = 'false'
             C:\Program Files\dotnet\packs\Microsoft.NETCore.App.Ref\8.0.1\ref/net8.0/Microsoft.VisualBasic.Core.dll
                 Private = 'false'
             C:\Program Files\dotnet\packs\Microsoft.NETCore.App.Ref\8.0.1\ref/net8.0/Microsoft.VisualBasic.dll
                 Private = 'false'
             C:\Program Files\dotnet\packs\Microsoft.NETCore.App.Ref\8.0.1\ref/net8.0/Microsoft.Win32.Primitives.dll
                 Private = 'false'
             C:\Program Files\dotnet\packs\Microsoft.NETCore.App.Ref\8.0.1\ref/net8.0/Microsoft.Win32.Registry.dll
                 Private = 'false'
             C:\Program Files\dotnet\packs\Microsoft.NETCore.App.Ref\8.0.1\ref/net8.0/System.AppContext.dll
                 Private = 'false'
             C:\Program Files\dotnet\packs\Microsoft.NETCore.App.Ref\8.0.1\ref/net8.0/System.Buffers.dll
                 Private = 'false'
             C:\Program Files\dotnet\packs\Microsoft.NETCore.App.Ref\8.0.1\ref/net8.0/System.Collections.Concurrent.dll
                 Private = 'false'
             C:\Program Files\dotnet\packs\Microsoft.NETCore.App.Ref\8.0.1\ref/net8.0/System.Collections.Immutable.dll
                 Private = 'false'
             C:\Program Files\dotnet\packs\Microsoft.NETCore.App.Ref\8.0.1\ref/net8.0/System.Collections.NonGeneric.dll
                 Private = 'false'
             C:\Program Files\dotnet\packs\Microsoft.NETCore.App.Ref\8.0.1\ref/net8.0/System.Collections.Specialized.dll
                 Private = 'false'
             C:\Program Files\dotnet\packs\Microsoft.NETCore.App.Ref\8.0.1\ref/net8.0/System.Collections.dll
                 Private = 'false'
             C:\Program Files\dotnet\packs\Microsoft.NETCore.App.Ref\8.0.1\ref/net8.0/System.ComponentModel.Annotations.dll
                 Private = 'false'
             C:\Program Files\dotnet\packs\Microsoft.NETCore.App.Ref\8.0.1\ref/net8.0/System.ComponentModel.DataAnnotations.dll
                 Private = 'false'
             C:\Program Files\dotnet\packs\Microsoft.NETCore.App.Ref\8.0.1\ref/net8.0/System.ComponentModel.EventBasedAsync.dll
                 Private = 'false'
             C:\Program Files\dotnet\packs\Microsoft.NETCore.App.Ref\8.0.1\ref/net8.0/System.ComponentModel.Primitives.dll
                 Private = 'false'
             C:\Program Files\dotnet\packs\Microsoft.NETCore.App.Ref\8.0.1\ref/net8.0/System.ComponentModel.TypeConverter.dll
                 Private = 'false'
             C:\Program Files\dotnet\packs\Microsoft.NETCore.App.Ref\8.0.1\ref/net8.0/System.ComponentModel.dll
                 Private = 'false'
             C:\Program Files\dotnet\packs\Microsoft.NETCore.App.Ref\8.0.1\ref/net8.0/System.Configuration.dll
                 Private = 'false'
             C:\Program Files\dotnet\packs\Microsoft.NETCore.App.Ref\8.0.1\ref/net8.0/System.Console.dll
                 Private = 'false'
             C:\Program Files\dotnet\packs\Microsoft.NETCore.App.Ref\8.0.1\ref/net8.0/System.Core.dll
                 Private = 'false'
             C:\Program Files\dotnet\packs\Microsoft.NETCore.App.Ref\8.0.1\ref/net8.0/System.Data.Common.dll
                 Private = 'false'
             C:\Program Files\dotnet\packs\Microsoft.NETCore.App.Ref\8.0.1\ref/net8.0/System.Data.DataSetExtensions.dll
                 Private = 'false'
             C:\Program Files\dotnet\packs\Microsoft.NETCore.App.Ref\8.0.1\ref/net8.0/System.Data.dll
                 Private = 'false'
             C:\Program Files\dotnet\packs\Microsoft.NETCore.App.Ref\8.0.1\ref/net8.0/System.Diagnostics.Contracts.dll
                 Private = 'false'
             C:\Program Files\dotnet\packs\Microsoft.NETCore.App.Ref\8.0.1\ref/net8.0/System.Diagnostics.Debug.dll
                 Private = 'false'
             C:\Program Files\dotnet\packs\Microsoft.NETCore.App.Ref\8.0.1\ref/net8.0/System.Diagnostics.DiagnosticSource.dll
                 Private = 'false'
             C:\Program Files\dotnet\packs\Microsoft.NETCore.App.Ref\8.0.1\ref/net8.0/System.Diagnostics.FileVersionInfo.dll
                 Private = 'false'
             C:\Program Files\dotnet\packs\Microsoft.NETCore.App.Ref\8.0.1\ref/net8.0/System.Diagnostics.Process.dll
                 Private = 'false'
             C:\Program Files\dotnet\packs\Microsoft.NETCore.App.Ref\8.0.1\ref/net8.0/System.Diagnostics.StackTrace.dll
                 Private = 'false'
             C:\Program Files\dotnet\packs\Microsoft.NETCore.App.Ref\8.0.1\ref/net8.0/System.Diagnostics.TextWriterTraceListener.dll
                 Private = 'false'
             C:\Program Files\dotnet\packs\Microsoft.NETCore.App.Ref\8.0.1\ref/net8.0/System.Diagnostics.Tools.dll
                 Private = 'false'
             C:\Program Files\dotnet\packs\Microsoft.NETCore.App.Ref\8.0.1\ref/net8.0/System.Diagnostics.TraceSource.dll
                 Private = 'false'
             C:\Program Files\dotnet\packs\Microsoft.NETCore.App.Ref\8.0.1\ref/net8.0/System.Diagnostics.Tracing.dll
                 Private = 'false'
             C:\Program Files\dotnet\packs\Microsoft.NETCore.App.Ref\8.0.1\ref/net8.0/System.Drawing.Primitives.dll
                 Private = 'false'
             C:\Program Files\dotnet\packs\Microsoft.NETCore.App.Ref\8.0.1\ref/net8.0/System.Drawing.dll
                 Private = 'false'
             C:\Program Files\dotnet\packs\Microsoft.NETCore.App.Ref\8.0.1\ref/net8.0/System.Dynamic.Runtime.dll
                 Private = 'false'
             C:\Program Files\dotnet\packs\Microsoft.NETCore.App.Ref\8.0.1\ref/net8.0/System.Formats.Asn1.dll
                 Private = 'false'
             C:\Program Files\dotnet\packs\Microsoft.NETCore.App.Ref\8.0.1\ref/net8.0/System.Formats.Tar.dll
                 Private = 'false'
             C:\Program Files\dotnet\packs\Microsoft.NETCore.App.Ref\8.0.1\ref/net8.0/System.Globalization.Calendars.dll
                 Private = 'false'
             C:\Program Files\dotnet\packs\Microsoft.NETCore.App.Ref\8.0.1\ref/net8.0/System.Globalization.Extensions.dll
                 Private = 'false'
             C:\Program Files\dotnet\packs\Microsoft.NETCore.App.Ref\8.0.1\ref/net8.0/System.Globalization.dll
                 Private = 'false'
             C:\Program Files\dotnet\packs\Microsoft.NETCore.App.Ref\8.0.1\ref/net8.0/System.IO.Compression.Brotli.dll
                 Private = 'false'
             C:\Program Files\dotnet\packs\Microsoft.NETCore.App.Ref\8.0.1\ref/net8.0/System.IO.Compression.FileSystem.dll
                 Private = 'false'
             C:\Program Files\dotnet\packs\Microsoft.NETCore.App.Ref\8.0.1\ref/net8.0/System.IO.Compression.ZipFile.dll
                 Private = 'false'
             C:\Program Files\dotnet\packs\Microsoft.NETCore.App.Ref\8.0.1\ref/net8.0/System.IO.Compression.dll
                 Private = 'false'
             C:\Program Files\dotnet\packs\Microsoft.NETCore.App.Ref\8.0.1\ref/net8.0/System.IO.FileSystem.AccessControl.dll
                 Private = 'false'
             C:\Program Files\dotnet\packs\Microsoft.NETCore.App.Ref\8.0.1\ref/net8.0/System.IO.FileSystem.DriveInfo.dll
                 Private = 'false'
             C:\Program Files\dotnet\packs\Microsoft.NETCore.App.Ref\8.0.1\ref/net8.0/System.IO.FileSystem.Primitives.dll
                 Private = 'false'
             C:\Program Files\dotnet\packs\Microsoft.NETCore.App.Ref\8.0.1\ref/net8.0/System.IO.FileSystem.Watcher.dll
                 Private = 'false'
             C:\Program Files\dotnet\packs\Microsoft.NETCore.App.Ref\8.0.1\ref/net8.0/System.IO.FileSystem.dll
                 Private = 'false'
             C:\Program Files\dotnet\packs\Microsoft.NETCore.App.Ref\8.0.1\ref/net8.0/System.IO.IsolatedStorage.dll
                 Private = 'false'
             C:\Program Files\dotnet\packs\Microsoft.NETCore.App.Ref\8.0.1\ref/net8.0/System.IO.MemoryMappedFiles.dll
                 Private = 'false'
             C:\Program Files\dotnet\packs\Microsoft.NETCore.App.Ref\8.0.1\ref/net8.0/System.IO.Pipes.AccessControl.dll
                 Private = 'false'
             C:\Program Files\dotnet\packs\Microsoft.NETCore.App.Ref\8.0.1\ref/net8.0/System.IO.Pipes.dll
                 Private = 'false'
             C:\Program Files\dotnet\packs\Microsoft.NETCore.App.Ref\8.0.1\ref/net8.0/System.IO.UnmanagedMemoryStream.dll
                 Private = 'false'
             C:\Program Files\dotnet\packs\Microsoft.NETCore.App.Ref\8.0.1\ref/net8.0/System.IO.dll
                 Private = 'false'
             C:\Program Files\dotnet\packs\Microsoft.NETCore.App.Ref\8.0.1\ref/net8.0/System.Linq.Expressions.dll
                 Private = 'false'
             C:\Program Files\dotnet\packs\Microsoft.NETCore.App.Ref\8.0.1\ref/net8.0/System.Linq.Parallel.dll
                 Private = 'false'
             C:\Program Files\dotnet\packs\Microsoft.NETCore.App.Ref\8.0.1\ref/net8.0/System.Linq.Queryable.dll
                 Private = 'false'
             C:\Program Files\dotnet\packs\Microsoft.NETCore.App.Ref\8.0.1\ref/net8.0/System.Linq.dll
                 Private = 'false'
             C:\Program Files\dotnet\packs\Microsoft.NETCore.App.Ref\8.0.1\ref/net8.0/System.Memory.dll
                 Private = 'false'
             C:\Program Files\dotnet\packs\Microsoft.NETCore.App.Ref\8.0.1\ref/net8.0/System.Net.Http.Json.dll
                 Private = 'false'
             C:\Program Files\dotnet\packs\Microsoft.NETCore.App.Ref\8.0.1\ref/net8.0/System.Net.Http.dll
                 Private = 'false'
             C:\Program Files\dotnet\packs\Microsoft.NETCore.App.Ref\8.0.1\ref/net8.0/System.Net.HttpListener.dll
                 Private = 'false'
             C:\Program Files\dotnet\packs\Microsoft.NETCore.App.Ref\8.0.1\ref/net8.0/System.Net.Mail.dll
                 Private = 'false'
             C:\Program Files\dotnet\packs\Microsoft.NETCore.App.Ref\8.0.1\ref/net8.0/System.Net.NameResolution.dll
                 Private = 'false'
             C:\Program Files\dotnet\packs\Microsoft.NETCore.App.Ref\8.0.1\ref/net8.0/System.Net.NetworkInformation.dll
                 Private = 'false'
             C:\Program Files\dotnet\packs\Microsoft.NETCore.App.Ref\8.0.1\ref/net8.0/System.Net.Ping.dll
                 Private = 'false'
             C:\Program Files\dotnet\packs\Microsoft.NETCore.App.Ref\8.0.1\ref/net8.0/System.Net.Primitives.dll
                 Private = 'false'
             C:\Program Files\dotnet\packs\Microsoft.NETCore.App.Ref\8.0.1\ref/net8.0/System.Net.Quic.dll
                 Private = 'false'
             C:\Program Files\dotnet\packs\Microsoft.NETCore.App.Ref\8.0.1\ref/net8.0/System.Net.Requests.dll
                 Private = 'false'
             C:\Program Files\dotnet\packs\Microsoft.NETCore.App.Ref\8.0.1\ref/net8.0/System.Net.Security.dll
                 Private = 'false'
             C:\Program Files\dotnet\packs\Microsoft.NETCore.App.Ref\8.0.1\ref/net8.0/System.Net.ServicePoint.dll
                 Private = 'false'
             C:\Program Files\dotnet\packs\Microsoft.NETCore.App.Ref\8.0.1\ref/net8.0/System.Net.Sockets.dll
                 Private = 'false'
             C:\Program Files\dotnet\packs\Microsoft.NETCore.App.Ref\8.0.1\ref/net8.0/System.Net.WebClient.dll
                 Private = 'false'
             C:\Program Files\dotnet\packs\Microsoft.NETCore.App.Ref\8.0.1\ref/net8.0/System.Net.WebHeaderCollection.dll
                 Private = 'false'
             C:\Program Files\dotnet\packs\Microsoft.NETCore.App.Ref\8.0.1\ref/net8.0/System.Net.WebProxy.dll
                 Private = 'false'
             C:\Program Files\dotnet\packs\Microsoft.NETCore.App.Ref\8.0.1\ref/net8.0/System.Net.WebSockets.Client.dll
                 Private = 'false'
             C:\Program Files\dotnet\packs\Microsoft.NETCore.App.Ref\8.0.1\ref/net8.0/System.Net.WebSockets.dll
                 Private = 'false'
             C:\Program Files\dotnet\packs\Microsoft.NETCore.App.Ref\8.0.1\ref/net8.0/System.Net.dll
                 Private = 'false'
             C:\Program Files\dotnet\packs\Microsoft.NETCore.App.Ref\8.0.1\ref/net8.0/System.Numerics.Vectors.dll
                 Private = 'false'
             C:\Program Files\dotnet\packs\Microsoft.NETCore.App.Ref\8.0.1\ref/net8.0/System.Numerics.dll
                 Private = 'false'
             C:\Program Files\dotnet\packs\Microsoft.NETCore.App.Ref\8.0.1\ref/net8.0/System.ObjectModel.dll
                 Private = 'false'
             C:\Program Files\dotnet\packs\Microsoft.NETCore.App.Ref\8.0.1\ref/net8.0/System.Reflection.DispatchProxy.dll
                 Private = 'false'
             C:\Program Files\dotnet\packs\Microsoft.NETCore.App.Ref\8.0.1\ref/net8.0/System.Reflection.Emit.ILGeneration.dll
                 Private = 'false'
             C:\Program Files\dotnet\packs\Microsoft.NETCore.App.Ref\8.0.1\ref/net8.0/System.Reflection.Emit.Lightweight.dll
                 Private = 'false'
             C:\Program Files\dotnet\packs\Microsoft.NETCore.App.Ref\8.0.1\ref/net8.0/System.Reflection.Emit.dll
                 Private = 'false'
             C:\Program Files\dotnet\packs\Microsoft.NETCore.App.Ref\8.0.1\ref/net8.0/System.Reflection.Extensions.dll
                 Private = 'false'
             C:\Program Files\dotnet\packs\Microsoft.NETCore.App.Ref\8.0.1\ref/net8.0/System.Reflection.Metadata.dll
                 Private = 'false'
             C:\Program Files\dotnet\packs\Microsoft.NETCore.App.Ref\8.0.1\ref/net8.0/System.Reflection.Primitives.dll
                 Private = 'false'
             C:\Program Files\dotnet\packs\Microsoft.NETCore.App.Ref\8.0.1\ref/net8.0/System.Reflection.TypeExtensions.dll
                 Private = 'false'
             C:\Program Files\dotnet\packs\Microsoft.NETCore.App.Ref\8.0.1\ref/net8.0/System.Reflection.dll
                 Private = 'false'
             C:\Program Files\dotnet\packs\Microsoft.NETCore.App.Ref\8.0.1\ref/net8.0/System.Resources.Reader.dll
                 Private = 'false'
             C:\Program Files\dotnet\packs\Microsoft.NETCore.App.Ref\8.0.1\ref/net8.0/System.Resources.ResourceManager.dll
                 Private = 'false'
             C:\Program Files\dotnet\packs\Microsoft.NETCore.App.Ref\8.0.1\ref/net8.0/System.Resources.Writer.dll
                 Private = 'false'
             C:\Program Files\dotnet\packs\Microsoft.NETCore.App.Ref\8.0.1\ref/net8.0/System.Runtime.CompilerServices.Unsafe.dll
                 Private = 'false'
             C:\Program Files\dotnet\packs\Microsoft.NETCore.App.Ref\8.0.1\ref/net8.0/System.Runtime.CompilerServices.VisualC.dll
                 Private = 'false'
             C:\Program Files\dotnet\packs\Microsoft.NETCore.App.Ref\8.0.1\ref/net8.0/System.Runtime.Extensions.dll
                 Private = 'false'
             C:\Program Files\dotnet\packs\Microsoft.NETCore.App.Ref\8.0.1\ref/net8.0/System.Runtime.Handles.dll
                 Private = 'false'
             C:\Program Files\dotnet\packs\Microsoft.NETCore.App.Ref\8.0.1\ref/net8.0/System.Runtime.InteropServices.JavaScript.dll
                 Private = 'false'
             C:\Program Files\dotnet\packs\Microsoft.NETCore.App.Ref\8.0.1\ref/net8.0/System.Runtime.InteropServices.RuntimeInformation.dll
                 Private = 'false'
             C:\Program Files\dotnet\packs\Microsoft.NETCore.App.Ref\8.0.1\ref/net8.0/System.Runtime.InteropServices.dll
                 Private = 'false'
             C:\Program Files\dotnet\packs\Microsoft.NETCore.App.Ref\8.0.1\ref/net8.0/System.Runtime.Intrinsics.dll
                 Private = 'false'
             C:\Program Files\dotnet\packs\Microsoft.NETCore.App.Ref\8.0.1\ref/net8.0/System.Runtime.Loader.dll
                 Private = 'false'
             C:\Program Files\dotnet\packs\Microsoft.NETCore.App.Ref\8.0.1\ref/net8.0/System.Runtime.Numerics.dll
                 Private = 'false'
             C:\Program Files\dotnet\packs\Microsoft.NETCore.App.Ref\8.0.1\ref/net8.0/System.Runtime.Serialization.Formatters.dll
                 Private = 'false'
             C:\Program Files\dotnet\packs\Microsoft.NETCore.App.Ref\8.0.1\ref/net8.0/System.Runtime.Serialization.Json.dll
                 Private = 'false'
             C:\Program Files\dotnet\packs\Microsoft.NETCore.App.Ref\8.0.1\ref/net8.0/System.Runtime.Serialization.Primitives.dll
                 Private = 'false'
             C:\Program Files\dotnet\packs\Microsoft.NETCore.App.Ref\8.0.1\ref/net8.0/System.Runtime.Serialization.Xml.dll
                 Private = 'false'
             C:\Program Files\dotnet\packs\Microsoft.NETCore.App.Ref\8.0.1\ref/net8.0/System.Runtime.Serialization.dll
                 Private = 'false'
             C:\Program Files\dotnet\packs\Microsoft.NETCore.App.Ref\8.0.1\ref/net8.0/System.Runtime.dll
                 Private = 'false'
             C:\Program Files\dotnet\packs\Microsoft.NETCore.App.Ref\8.0.1\ref/net8.0/System.Security.AccessControl.dll
                 Private = 'false'
             C:\Program Files\dotnet\packs\Microsoft.NETCore.App.Ref\8.0.1\ref/net8.0/System.Security.Claims.dll
                 Private = 'false'
             C:\Program Files\dotnet\packs\Microsoft.NETCore.App.Ref\8.0.1\ref/net8.0/System.Security.Cryptography.Algorithms.dll
                 Private = 'false'
             C:\Program Files\dotnet\packs\Microsoft.NETCore.App.Ref\8.0.1\ref/net8.0/System.Security.Cryptography.Cng.dll
                 Private = 'false'
             C:\Program Files\dotnet\packs\Microsoft.NETCore.App.Ref\8.0.1\ref/net8.0/System.Security.Cryptography.Csp.dll
                 Private = 'false'
             C:\Program Files\dotnet\packs\Microsoft.NETCore.App.Ref\8.0.1\ref/net8.0/System.Security.Cryptography.Encoding.dll
                 Private = 'false'
             C:\Program Files\dotnet\packs\Microsoft.NETCore.App.Ref\8.0.1\ref/net8.0/System.Security.Cryptography.OpenSsl.dll
                 Private = 'false'
             C:\Program Files\dotnet\packs\Microsoft.NETCore.App.Ref\8.0.1\ref/net8.0/System.Security.Cryptography.Primitives.dll
                 Private = 'false'
             C:\Program Files\dotnet\packs\Microsoft.NETCore.App.Ref\8.0.1\ref/net8.0/System.Security.Cryptography.X509Certificates.dll
                 Private = 'false'
             C:\Program Files\dotnet\packs\Microsoft.NETCore.App.Ref\8.0.1\ref/net8.0/System.Security.Cryptography.dll
                 Private = 'false'
             C:\Program Files\dotnet\packs\Microsoft.NETCore.App.Ref\8.0.1\ref/net8.0/System.Security.Principal.Windows.dll
                 Private = 'false'
             C:\Program Files\dotnet\packs\Microsoft.NETCore.App.Ref\8.0.1\ref/net8.0/System.Security.Principal.dll
                 Private = 'false'
             C:\Program Files\dotnet\packs\Microsoft.NETCore.App.Ref\8.0.1\ref/net8.0/System.Security.SecureString.dll
                 Private = 'false'
             C:\Program Files\dotnet\packs\Microsoft.NETCore.App.Ref\8.0.1\ref/net8.0/System.Security.dll
                 Private = 'false'
             C:\Program Files\dotnet\packs\Microsoft.NETCore.App.Ref\8.0.1\ref/net8.0/System.ServiceModel.Web.dll
                 Private = 'false'
             C:\Program Files\dotnet\packs\Microsoft.NETCore.App.Ref\8.0.1\ref/net8.0/System.ServiceProcess.dll
                 Private = 'false'
             C:\Program Files\dotnet\packs\Microsoft.NETCore.App.Ref\8.0.1\ref/net8.0/System.Text.Encoding.CodePages.dll
                 Private = 'false'
             C:\Program Files\dotnet\packs\Microsoft.NETCore.App.Ref\8.0.1\ref/net8.0/System.Text.Encoding.Extensions.dll
                 Private = 'false'
             C:\Program Files\dotnet\packs\Microsoft.NETCore.App.Ref\8.0.1\ref/net8.0/System.Text.Encoding.dll
                 Private = 'false'
             C:\Program Files\dotnet\packs\Microsoft.NETCore.App.Ref\8.0.1\ref/net8.0/System.Text.Encodings.Web.dll
                 Private = 'false'
             C:\Program Files\dotnet\packs\Microsoft.NETCore.App.Ref\8.0.1\ref/net8.0/System.Text.Json.dll
                 Private = 'false'
             C:\Program Files\dotnet\packs\Microsoft.NETCore.App.Ref\8.0.1\ref/net8.0/System.Text.RegularExpressions.dll
                 Private = 'false'
             C:\Program Files\dotnet\packs\Microsoft.NETCore.App.Ref\8.0.1\ref/net8.0/System.Threading.Channels.dll
                 Private = 'false'
             C:\Program Files\dotnet\packs\Microsoft.NETCore.App.Ref\8.0.1\ref/net8.0/System.Threading.Overlapped.dll
                 Private = 'false'
             C:\Program Files\dotnet\packs\Microsoft.NETCore.App.Ref\8.0.1\ref/net8.0/System.Threading.Tasks.Dataflow.dll
                 Private = 'false'
             C:\Program Files\dotnet\packs\Microsoft.NETCore.App.Ref\8.0.1\ref/net8.0/System.Threading.Tasks.Extensions.dll
                 Private = 'false'
             C:\Program Files\dotnet\packs\Microsoft.NETCore.App.Ref\8.0.1\ref/net8.0/System.Threading.Tasks.Parallel.dll
                 Private = 'false'
             C:\Program Files\dotnet\packs\Microsoft.NETCore.App.Ref\8.0.1\ref/net8.0/System.Threading.Tasks.dll
                 Private = 'false'
             C:\Program Files\dotnet\packs\Microsoft.NETCore.App.Ref\8.0.1\ref/net8.0/System.Threading.Thread.dll
                 Private = 'false'
             C:\Program Files\dotnet\packs\Microsoft.NETCore.App.Ref\8.0.1\ref/net8.0/System.Threading.ThreadPool.dll
                 Private = 'false'
             C:\Program Files\dotnet\packs\Microsoft.NETCore.App.Ref\8.0.1\ref/net8.0/System.Threading.Timer.dll
                 Private = 'false'
             C:\Program Files\dotnet\packs\Microsoft.NETCore.App.Ref\8.0.1\ref/net8.0/System.Threading.dll
                 Private = 'false'
             C:\Program Files\dotnet\packs\Microsoft.NETCore.App.Ref\8.0.1\ref/net8.0/System.Transactions.Local.dll
                 Private = 'false'
             C:\Program Files\dotnet\packs\Microsoft.NETCore.App.Ref\8.0.1\ref/net8.0/System.Transactions.dll
                 Private = 'false'
             C:\Program Files\dotnet\packs\Microsoft.NETCore.App.Ref\8.0.1\ref/net8.0/System.ValueTuple.dll
                 Private = 'false'
             C:\Program Files\dotnet\packs\Microsoft.NETCore.App.Ref\8.0.1\ref/net8.0/System.Web.HttpUtility.dll
                 Private = 'false'
             C:\Program Files\dotnet\packs\Microsoft.NETCore.App.Ref\8.0.1\ref/net8.0/System.Web.dll
                 Private = 'false'
             C:\Program Files\dotnet\packs\Microsoft.NETCore.App.Ref\8.0.1\ref/net8.0/System.Windows.dll
                 Private = 'false'
             C:\Program Files\dotnet\packs\Microsoft.NETCore.App.Ref\8.0.1\ref/net8.0/System.Xml.Linq.dll
                 Private = 'false'
             C:\Program Files\dotnet\packs\Microsoft.NETCore.App.Ref\8.0.1\ref/net8.0/System.Xml.ReaderWriter.dll
                 Private = 'false'
             C:\Program Files\dotnet\packs\Microsoft.NETCore.App.Ref\8.0.1\ref/net8.0/System.Xml.Serialization.dll
                 Private = 'false'
             C:\Program Files\dotnet\packs\Microsoft.NETCore.App.Ref\8.0.1\ref/net8.0/System.Xml.XDocument.dll
                 Private = 'false'
             C:\Program Files\dotnet\packs\Microsoft.NETCore.App.Ref\8.0.1\ref/net8.0/System.Xml.XPath.XDocument.dll
                 Private = 'false'
             C:\Program Files\dotnet\packs\Microsoft.NETCore.App.Ref\8.0.1\ref/net8.0/System.Xml.XPath.dll
                 Private = 'false'
             C:\Program Files\dotnet\packs\Microsoft.NETCore.App.Ref\8.0.1\ref/net8.0/System.Xml.XmlDocument.dll
                 Private = 'false'
             C:\Program Files\dotnet\packs\Microsoft.NETCore.App.Ref\8.0.1\ref/net8.0/System.Xml.XmlSerializer.dll
                 Private = 'false'
             C:\Program Files\dotnet\packs\Microsoft.NETCore.App.Ref\8.0.1\ref/net8.0/System.Xml.dll
                 Private = 'false'
             C:\Program Files\dotnet\packs\Microsoft.NETCore.App.Ref\8.0.1\ref/net8.0/System.dll
                 Private = 'false'
             C:\Program Files\dotnet\packs\Microsoft.NETCore.App.Ref\8.0.1\ref/net8.0/WindowsBase.dll
                 Private = 'false'
             C:\Program Files\dotnet\packs\Microsoft.NETCore.App.Ref\8.0.1\ref/net8.0/mscorlib.dll
                 Private = 'false'
             C:\Program Files\dotnet\packs\Microsoft.NETCore.App.Ref\8.0.1\ref/net8.0/netstandard.dll
                 Private = 'false'
             C:\Program Files\dotnet\packs\Microsoft.AspNetCore.App.Ref\8.0.1\ref\net8.0\Microsoft.AspNetCore.Antiforgery.dll
                 Private = 'false'
             C:\Program Files\dotnet\packs\Microsoft.AspNetCore.App.Ref\8.0.1\ref\net8.0\Microsoft.AspNetCore.Authentication.Abstractions.dll
                 Private = 'false'
             C:\Program Files\dotnet\packs\Microsoft.AspNetCore.App.Ref\8.0.1\ref\net8.0\Microsoft.AspNetCore.Authentication.BearerToken.dll
                 Private = 'false'
             C:\Program Files\dotnet\packs\Microsoft.AspNetCore.App.Ref\8.0.1\ref\net8.0\Microsoft.AspNetCore.Authentication.Cookies.dll
                 Private = 'false'
             C:\Program Files\dotnet\packs\Microsoft.AspNetCore.App.Ref\8.0.1\ref\net8.0\Microsoft.AspNetCore.Authentication.Core.dll
                 Private = 'false'
             C:\Program Files\dotnet\packs\Microsoft.AspNetCore.App.Ref\8.0.1\ref\net8.0\Microsoft.AspNetCore.Authentication.OAuth.dll
                 Private = 'false'
             C:\Program Files\dotnet\packs\Microsoft.AspNetCore.App.Ref\8.0.1\ref\net8.0\Microsoft.AspNetCore.Authentication.dll
                 Private = 'false'
             C:\Program Files\dotnet\packs\Microsoft.AspNetCore.App.Ref\8.0.1\ref\net8.0\Microsoft.AspNetCore.Authorization.Policy.dll
                 Private = 'false'
             C:\Program Files\dotnet\packs\Microsoft.AspNetCore.App.Ref\8.0.1\ref\net8.0\Microsoft.AspNetCore.Authorization.dll
                 Private = 'false'
             C:\Program Files\dotnet\packs\Microsoft.AspNetCore.App.Ref\8.0.1\ref\net8.0\Microsoft.AspNetCore.Components.Authorization.dll
                 Private = 'false'
             C:\Program Files\dotnet\packs\Microsoft.AspNetCore.App.Ref\8.0.1\ref\net8.0\Microsoft.AspNetCore.Components.Endpoints.dll
                 Private = 'false'
             C:\Program Files\dotnet\packs\Microsoft.AspNetCore.App.Ref\8.0.1\ref\net8.0\Microsoft.AspNetCore.Components.Forms.dll
                 Private = 'false'
             C:\Program Files\dotnet\packs\Microsoft.AspNetCore.App.Ref\8.0.1\ref\net8.0\Microsoft.AspNetCore.Components.Server.dll
                 Private = 'false'
             C:\Program Files\dotnet\packs\Microsoft.AspNetCore.App.Ref\8.0.1\ref\net8.0\Microsoft.AspNetCore.Components.Web.dll
                 Private = 'false'
             C:\Program Files\dotnet\packs\Microsoft.AspNetCore.App.Ref\8.0.1\ref\net8.0\Microsoft.AspNetCore.Components.dll
                 Private = 'false'
             C:\Program Files\dotnet\packs\Microsoft.AspNetCore.App.Ref\8.0.1\ref\net8.0\Microsoft.AspNetCore.Connections.Abstractions.dll
                 Private = 'false'
             C:\Program Files\dotnet\packs\Microsoft.AspNetCore.App.Ref\8.0.1\ref\net8.0\Microsoft.AspNetCore.CookiePolicy.dll
                 Private = 'false'
             C:\Program Files\dotnet\packs\Microsoft.AspNetCore.App.Ref\8.0.1\ref\net8.0\Microsoft.AspNetCore.Cors.dll
                 Private = 'false'
             C:\Program Files\dotnet\packs\Microsoft.AspNetCore.App.Ref\8.0.1\ref\net8.0\Microsoft.AspNetCore.Cryptography.Internal.dll
                 Private = 'false'
             C:\Program Files\dotnet\packs\Microsoft.AspNetCore.App.Ref\8.0.1\ref\net8.0\Microsoft.AspNetCore.Cryptography.KeyDerivation.dll
                 Private = 'false'
             C:\Program Files\dotnet\packs\Microsoft.AspNetCore.App.Ref\8.0.1\ref\net8.0\Microsoft.AspNetCore.DataProtection.Abstractions.dll
                 Private = 'false'
             C:\Program Files\dotnet\packs\Microsoft.AspNetCore.App.Ref\8.0.1\ref\net8.0\Microsoft.AspNetCore.DataProtection.Extensions.dll
                 Private = 'false'
             C:\Program Files\dotnet\packs\Microsoft.AspNetCore.App.Ref\8.0.1\ref\net8.0\Microsoft.AspNetCore.DataProtection.dll
                 Private = 'false'
             C:\Program Files\dotnet\packs\Microsoft.AspNetCore.App.Ref\8.0.1\ref\net8.0\Microsoft.AspNetCore.Diagnostics.Abstractions.dll
                 Private = 'false'
             C:\Program Files\dotnet\packs\Microsoft.AspNetCore.App.Ref\8.0.1\ref\net8.0\Microsoft.AspNetCore.Diagnostics.HealthChecks.dll
                 Private = 'false'
             C:\Program Files\dotnet\packs\Microsoft.AspNetCore.App.Ref\8.0.1\ref\net8.0\Microsoft.AspNetCore.Diagnostics.dll
                 Private = 'false'
             C:\Program Files\dotnet\packs\Microsoft.AspNetCore.App.Ref\8.0.1\ref\net8.0\Microsoft.AspNetCore.HostFiltering.dll
                 Private = 'false'
             C:\Program Files\dotnet\packs\Microsoft.AspNetCore.App.Ref\8.0.1\ref\net8.0\Microsoft.AspNetCore.Hosting.Abstractions.dll
                 Private = 'false'
             C:\Program Files\dotnet\packs\Microsoft.AspNetCore.App.Ref\8.0.1\ref\net8.0\Microsoft.AspNetCore.Hosting.Server.Abstractions.dll
                 Private = 'false'
             C:\Program Files\dotnet\packs\Microsoft.AspNetCore.App.Ref\8.0.1\ref\net8.0\Microsoft.AspNetCore.Hosting.dll
                 Private = 'false'
             C:\Program Files\dotnet\packs\Microsoft.AspNetCore.App.Ref\8.0.1\ref\net8.0\Microsoft.AspNetCore.Html.Abstractions.dll
                 Private = 'false'
             C:\Program Files\dotnet\packs\Microsoft.AspNetCore.App.Ref\8.0.1\ref\net8.0\Microsoft.AspNetCore.Http.Abstractions.dll
                 Private = 'false'
             C:\Program Files\dotnet\packs\Microsoft.AspNetCore.App.Ref\8.0.1\ref\net8.0\Microsoft.AspNetCore.Http.Connections.Common.dll
                 Private = 'false'
             C:\Program Files\dotnet\packs\Microsoft.AspNetCore.App.Ref\8.0.1\ref\net8.0\Microsoft.AspNetCore.Http.Connections.dll
                 Private = 'false'
             C:\Program Files\dotnet\packs\Microsoft.AspNetCore.App.Ref\8.0.1\ref\net8.0\Microsoft.AspNetCore.Http.Extensions.dll
                 Private = 'false'
             C:\Program Files\dotnet\packs\Microsoft.AspNetCore.App.Ref\8.0.1\ref\net8.0\Microsoft.AspNetCore.Http.Features.dll
                 Private = 'false'
             C:\Program Files\dotnet\packs\Microsoft.AspNetCore.App.Ref\8.0.1\ref\net8.0\Microsoft.AspNetCore.Http.Results.dll
                 Private = 'false'
             C:\Program Files\dotnet\packs\Microsoft.AspNetCore.App.Ref\8.0.1\ref\net8.0\Microsoft.AspNetCore.Http.dll
                 Private = 'false'
             C:\Program Files\dotnet\packs\Microsoft.AspNetCore.App.Ref\8.0.1\ref\net8.0\Microsoft.AspNetCore.HttpLogging.dll
                 Private = 'false'
             C:\Program Files\dotnet\packs\Microsoft.AspNetCore.App.Ref\8.0.1\ref\net8.0\Microsoft.AspNetCore.HttpOverrides.dll
                 Private = 'false'
             C:\Program Files\dotnet\packs\Microsoft.AspNetCore.App.Ref\8.0.1\ref\net8.0\Microsoft.AspNetCore.HttpsPolicy.dll
                 Private = 'false'
             C:\Program Files\dotnet\packs\Microsoft.AspNetCore.App.Ref\8.0.1\ref\net8.0\Microsoft.AspNetCore.Identity.dll
                 Private = 'false'
             C:\Program Files\dotnet\packs\Microsoft.AspNetCore.App.Ref\8.0.1\ref\net8.0\Microsoft.AspNetCore.Localization.Routing.dll
                 Private = 'false'
             C:\Program Files\dotnet\packs\Microsoft.AspNetCore.App.Ref\8.0.1\ref\net8.0\Microsoft.AspNetCore.Localization.dll
                 Private = 'false'
             C:\Program Files\dotnet\packs\Microsoft.AspNetCore.App.Ref\8.0.1\ref\net8.0\Microsoft.AspNetCore.Metadata.dll
                 Private = 'false'
             C:\Program Files\dotnet\packs\Microsoft.AspNetCore.App.Ref\8.0.1\ref\net8.0\Microsoft.AspNetCore.Mvc.Abstractions.dll
                 Private = 'false'
             C:\Program Files\dotnet\packs\Microsoft.AspNetCore.App.Ref\8.0.1\ref\net8.0\Microsoft.AspNetCore.Mvc.ApiExplorer.dll
                 Private = 'false'
             C:\Program Files\dotnet\packs\Microsoft.AspNetCore.App.Ref\8.0.1\ref\net8.0\Microsoft.AspNetCore.Mvc.Core.dll
                 Private = 'false'
             C:\Program Files\dotnet\packs\Microsoft.AspNetCore.App.Ref\8.0.1\ref\net8.0\Microsoft.AspNetCore.Mvc.Cors.dll
                 Private = 'false'
             C:\Program Files\dotnet\packs\Microsoft.AspNetCore.App.Ref\8.0.1\ref\net8.0\Microsoft.AspNetCore.Mvc.DataAnnotations.dll
                 Private = 'false'
             C:\Program Files\dotnet\packs\Microsoft.AspNetCore.App.Ref\8.0.1\ref\net8.0\Microsoft.AspNetCore.Mvc.Formatters.Json.dll
                 Private = 'false'
             C:\Program Files\dotnet\packs\Microsoft.AspNetCore.App.Ref\8.0.1\ref\net8.0\Microsoft.AspNetCore.Mvc.Formatters.Xml.dll
                 Private = 'false'
             C:\Program Files\dotnet\packs\Microsoft.AspNetCore.App.Ref\8.0.1\ref\net8.0\Microsoft.AspNetCore.Mvc.Localization.dll
                 Private = 'false'
             C:\Program Files\dotnet\packs\Microsoft.AspNetCore.App.Ref\8.0.1\ref\net8.0\Microsoft.AspNetCore.Mvc.Razor.dll
                 Private = 'false'
             C:\Program Files\dotnet\packs\Microsoft.AspNetCore.App.Ref\8.0.1\ref\net8.0\Microsoft.AspNetCore.Mvc.RazorPages.dll
                 Private = 'false'
             C:\Program Files\dotnet\packs\Microsoft.AspNetCore.App.Ref\8.0.1\ref\net8.0\Microsoft.AspNetCore.Mvc.TagHelpers.dll
                 Private = 'false'
             C:\Program Files\dotnet\packs\Microsoft.AspNetCore.App.Ref\8.0.1\ref\net8.0\Microsoft.AspNetCore.Mvc.ViewFeatures.dll
                 Private = 'false'
             C:\Program Files\dotnet\packs\Microsoft.AspNetCore.App.Ref\8.0.1\ref\net8.0\Microsoft.AspNetCore.Mvc.dll
                 Private = 'false'
             C:\Program Files\dotnet\packs\Microsoft.AspNetCore.App.Ref\8.0.1\ref\net8.0\Microsoft.AspNetCore.OutputCaching.dll
                 Private = 'false'
             C:\Program Files\dotnet\packs\Microsoft.AspNetCore.App.Ref\8.0.1\ref\net8.0\Microsoft.AspNetCore.RateLimiting.dll
                 Private = 'false'
             C:\Program Files\dotnet\packs\Microsoft.AspNetCore.App.Ref\8.0.1\ref\net8.0\Microsoft.AspNetCore.Razor.Runtime.dll
                 Private = 'false'
             C:\Program Files\dotnet\packs\Microsoft.AspNetCore.App.Ref\8.0.1\ref\net8.0\Microsoft.AspNetCore.Razor.dll
                 Private = 'false'
             C:\Program Files\dotnet\packs\Microsoft.AspNetCore.App.Ref\8.0.1\ref\net8.0\Microsoft.AspNetCore.RequestDecompression.dll
                 Private = 'false'
             C:\Program Files\dotnet\packs\Microsoft.AspNetCore.App.Ref\8.0.1\ref\net8.0\Microsoft.AspNetCore.ResponseCaching.Abstractions.dll
                 Private = 'false'
             C:\Program Files\dotnet\packs\Microsoft.AspNetCore.App.Ref\8.0.1\ref\net8.0\Microsoft.AspNetCore.ResponseCaching.dll
                 Private = 'false'
             C:\Program Files\dotnet\packs\Microsoft.AspNetCore.App.Ref\8.0.1\ref\net8.0\Microsoft.AspNetCore.ResponseCompression.dll
                 Private = 'false'
             C:\Program Files\dotnet\packs\Microsoft.AspNetCore.App.Ref\8.0.1\ref\net8.0\Microsoft.AspNetCore.Rewrite.dll
                 Private = 'false'
             C:\Program Files\dotnet\packs\Microsoft.AspNetCore.App.Ref\8.0.1\ref\net8.0\Microsoft.AspNetCore.Routing.Abstractions.dll
                 Private = 'false'
             C:\Program Files\dotnet\packs\Microsoft.AspNetCore.App.Ref\8.0.1\ref\net8.0\Microsoft.AspNetCore.Routing.dll
                 Private = 'false'
             C:\Program Files\dotnet\packs\Microsoft.AspNetCore.App.Ref\8.0.1\ref\net8.0\Microsoft.AspNetCore.Server.HttpSys.dll
                 Private = 'false'
             C:\Program Files\dotnet\packs\Microsoft.AspNetCore.App.Ref\8.0.1\ref\net8.0\Microsoft.AspNetCore.Server.IIS.dll
                 Private = 'false'
             C:\Program Files\dotnet\packs\Microsoft.AspNetCore.App.Ref\8.0.1\ref\net8.0\Microsoft.AspNetCore.Server.IISIntegration.dll
                 Private = 'false'
             C:\Program Files\dotnet\packs\Microsoft.AspNetCore.App.Ref\8.0.1\ref\net8.0\Microsoft.AspNetCore.Server.Kestrel.Core.dll
                 Private = 'false'
             C:\Program Files\dotnet\packs\Microsoft.AspNetCore.App.Ref\8.0.1\ref\net8.0\Microsoft.AspNetCore.Server.Kestrel.Transport.NamedPipes.dll
                 Private = 'false'
             C:\Program Files\dotnet\packs\Microsoft.AspNetCore.App.Ref\8.0.1\ref\net8.0\Microsoft.AspNetCore.Server.Kestrel.Transport.Quic.dll
                 Private = 'false'
             C:\Program Files\dotnet\packs\Microsoft.AspNetCore.App.Ref\8.0.1\ref\net8.0\Microsoft.AspNetCore.Server.Kestrel.Transport.Sockets.dll
                 Private = 'false'
             C:\Program Files\dotnet\packs\Microsoft.AspNetCore.App.Ref\8.0.1\ref\net8.0\Microsoft.AspNetCore.Server.Kestrel.dll
                 Private = 'false'
             C:\Program Files\dotnet\packs\Microsoft.AspNetCore.App.Ref\8.0.1\ref\net8.0\Microsoft.AspNetCore.Session.dll
                 Private = 'false'
             C:\Program Files\dotnet\packs\Microsoft.AspNetCore.App.Ref\8.0.1\ref\net8.0\Microsoft.AspNetCore.SignalR.Common.dll
                 Private = 'false'
             C:\Program Files\dotnet\packs\Microsoft.AspNetCore.App.Ref\8.0.1\ref\net8.0\Microsoft.AspNetCore.SignalR.Core.dll
                 Private = 'false'
             C:\Program Files\dotnet\packs\Microsoft.AspNetCore.App.Ref\8.0.1\ref\net8.0\Microsoft.AspNetCore.SignalR.Protocols.Json.dll
                 Private = 'false'
             C:\Program Files\dotnet\packs\Microsoft.AspNetCore.App.Ref\8.0.1\ref\net8.0\Microsoft.AspNetCore.SignalR.dll
                 Private = 'false'
             C:\Program Files\dotnet\packs\Microsoft.AspNetCore.App.Ref\8.0.1\ref\net8.0\Microsoft.AspNetCore.StaticFiles.dll
                 Private = 'false'
             C:\Program Files\dotnet\packs\Microsoft.AspNetCore.App.Ref\8.0.1\ref\net8.0\Microsoft.AspNetCore.WebSockets.dll
                 Private = 'false'
             C:\Program Files\dotnet\packs\Microsoft.AspNetCore.App.Ref\8.0.1\ref\net8.0\Microsoft.AspNetCore.WebUtilities.dll
                 Private = 'false'
             C:\Program Files\dotnet\packs\Microsoft.AspNetCore.App.Ref\8.0.1\ref\net8.0\Microsoft.AspNetCore.dll
                 Private = 'false'
             C:\Program Files\dotnet\packs\Microsoft.AspNetCore.App.Ref\8.0.1\ref\net8.0\Microsoft.Extensions.Caching.Abstractions.dll
                 Private = 'false'
             C:\Program Files\dotnet\packs\Microsoft.AspNetCore.App.Ref\8.0.1\ref\net8.0\Microsoft.Extensions.Caching.Memory.dll
                 Private = 'false'
             C:\Program Files\dotnet\packs\Microsoft.AspNetCore.App.Ref\8.0.1\ref\net8.0\Microsoft.Extensions.Configuration.Abstractions.dll
                 Private = 'false'
             C:\Program Files\dotnet\packs\Microsoft.AspNetCore.App.Ref\8.0.1\ref\net8.0\Microsoft.Extensions.Configuration.Binder.dll
                 Private = 'false'
             C:\Program Files\dotnet\packs\Microsoft.AspNetCore.App.Ref\8.0.1\ref\net8.0\Microsoft.Extensions.Configuration.CommandLine.dll
                 Private = 'false'
             C:\Program Files\dotnet\packs\Microsoft.AspNetCore.App.Ref\8.0.1\ref\net8.0\Microsoft.Extensions.Configuration.EnvironmentVariables.dll
                 Private = 'false'
             C:\Program Files\dotnet\packs\Microsoft.AspNetCore.App.Ref\8.0.1\ref\net8.0\Microsoft.Extensions.Configuration.FileExtensions.dll
                 Private = 'false'
             C:\Program Files\dotnet\packs\Microsoft.AspNetCore.App.Ref\8.0.1\ref\net8.0\Microsoft.Extensions.Configuration.Ini.dll
                 Private = 'false'
             C:\Program Files\dotnet\packs\Microsoft.AspNetCore.App.Ref\8.0.1\ref\net8.0\Microsoft.Extensions.Configuration.Json.dll
                 Private = 'false'
             C:\Program Files\dotnet\packs\Microsoft.AspNetCore.App.Ref\8.0.1\ref\net8.0\Microsoft.Extensions.Configuration.KeyPerFile.dll
                 Private = 'false'
             C:\Program Files\dotnet\packs\Microsoft.AspNetCore.App.Ref\8.0.1\ref\net8.0\Microsoft.Extensions.Configuration.UserSecrets.dll
                 Private = 'false'
             C:\Program Files\dotnet\packs\Microsoft.AspNetCore.App.Ref\8.0.1\ref\net8.0\Microsoft.Extensions.Configuration.Xml.dll
                 Private = 'false'
             C:\Program Files\dotnet\packs\Microsoft.AspNetCore.App.Ref\8.0.1\ref\net8.0\Microsoft.Extensions.Configuration.dll
                 Private = 'false'
             C:\Program Files\dotnet\packs\Microsoft.AspNetCore.App.Ref\8.0.1\ref\net8.0\Microsoft.Extensions.DependencyInjection.Abstractions.dll
                 Private = 'false'
             C:\Program Files\dotnet\packs\Microsoft.AspNetCore.App.Ref\8.0.1\ref\net8.0\Microsoft.Extensions.DependencyInjection.dll
                 Private = 'false'
             C:\Program Files\dotnet\packs\Microsoft.AspNetCore.App.Ref\8.0.1\ref\net8.0\Microsoft.Extensions.Diagnostics.Abstractions.dll
                 Private = 'false'
             C:\Program Files\dotnet\packs\Microsoft.AspNetCore.App.Ref\8.0.1\ref\net8.0\Microsoft.Extensions.Diagnostics.HealthChecks.Abstractions.dll
                 Private = 'false'
             C:\Program Files\dotnet\packs\Microsoft.AspNetCore.App.Ref\8.0.1\ref\net8.0\Microsoft.Extensions.Diagnostics.HealthChecks.dll
                 Private = 'false'
             C:\Program Files\dotnet\packs\Microsoft.AspNetCore.App.Ref\8.0.1\ref\net8.0\Microsoft.Extensions.Diagnostics.dll
                 Private = 'false'
             C:\Program Files\dotnet\packs\Microsoft.AspNetCore.App.Ref\8.0.1\ref\net8.0\Microsoft.Extensions.Features.dll
                 Private = 'false'
             C:\Program Files\dotnet\packs\Microsoft.AspNetCore.App.Ref\8.0.1\ref\net8.0\Microsoft.Extensions.FileProviders.Abstractions.dll
                 Private = 'false'
             C:\Program Files\dotnet\packs\Microsoft.AspNetCore.App.Ref\8.0.1\ref\net8.0\Microsoft.Extensions.FileProviders.Composite.dll
                 Private = 'false'
             C:\Program Files\dotnet\packs\Microsoft.AspNetCore.App.Ref\8.0.1\ref\net8.0\Microsoft.Extensions.FileProviders.Embedded.dll
                 Private = 'false'
             C:\Program Files\dotnet\packs\Microsoft.AspNetCore.App.Ref\8.0.1\ref\net8.0\Microsoft.Extensions.FileProviders.Physical.dll
                 Private = 'false'
             C:\Program Files\dotnet\packs\Microsoft.AspNetCore.App.Ref\8.0.1\ref\net8.0\Microsoft.Extensions.FileSystemGlobbing.dll
                 Private = 'false'
             C:\Program Files\dotnet\packs\Microsoft.AspNetCore.App.Ref\8.0.1\ref\net8.0\Microsoft.Extensions.Hosting.Abstractions.dll
                 Private = 'false'
             C:\Program Files\dotnet\packs\Microsoft.AspNetCore.App.Ref\8.0.1\ref\net8.0\Microsoft.Extensions.Hosting.dll
                 Private = 'false'
             C:\Program Files\dotnet\packs\Microsoft.AspNetCore.App.Ref\8.0.1\ref\net8.0\Microsoft.Extensions.Http.dll
                 Private = 'false'
             C:\Program Files\dotnet\packs\Microsoft.AspNetCore.App.Ref\8.0.1\ref\net8.0\Microsoft.Extensions.Identity.Core.dll
                 Private = 'false'
             C:\Program Files\dotnet\packs\Microsoft.AspNetCore.App.Ref\8.0.1\ref\net8.0\Microsoft.Extensions.Identity.Stores.dll
                 Private = 'false'
             C:\Program Files\dotnet\packs\Microsoft.AspNetCore.App.Ref\8.0.1\ref\net8.0\Microsoft.Extensions.Localization.Abstractions.dll
                 Private = 'false'
             C:\Program Files\dotnet\packs\Microsoft.AspNetCore.App.Ref\8.0.1\ref\net8.0\Microsoft.Extensions.Localization.dll
                 Private = 'false'
             C:\Program Files\dotnet\packs\Microsoft.AspNetCore.App.Ref\8.0.1\ref\net8.0\Microsoft.Extensions.Logging.Abstractions.dll
                 Private = 'false'
             C:\Program Files\dotnet\packs\Microsoft.AspNetCore.App.Ref\8.0.1\ref\net8.0\Microsoft.Extensions.Logging.Configuration.dll
                 Private = 'false'
             C:\Program Files\dotnet\packs\Microsoft.AspNetCore.App.Ref\8.0.1\ref\net8.0\Microsoft.Extensions.Logging.Console.dll
                 Private = 'false'
             C:\Program Files\dotnet\packs\Microsoft.AspNetCore.App.Ref\8.0.1\ref\net8.0\Microsoft.Extensions.Logging.Debug.dll
                 Private = 'false'
             C:\Program Files\dotnet\packs\Microsoft.AspNetCore.App.Ref\8.0.1\ref\net8.0\Microsoft.Extensions.Logging.EventLog.dll
                 Private = 'false'
             C:\Program Files\dotnet\packs\Microsoft.AspNetCore.App.Ref\8.0.1\ref\net8.0\Microsoft.Extensions.Logging.EventSource.dll
                 Private = 'false'
             C:\Program Files\dotnet\packs\Microsoft.AspNetCore.App.Ref\8.0.1\ref\net8.0\Microsoft.Extensions.Logging.TraceSource.dll
                 Private = 'false'
             C:\Program Files\dotnet\packs\Microsoft.AspNetCore.App.Ref\8.0.1\ref\net8.0\Microsoft.Extensions.Logging.dll
                 Private = 'false'
             C:\Program Files\dotnet\packs\Microsoft.AspNetCore.App.Ref\8.0.1\ref\net8.0\Microsoft.Extensions.ObjectPool.dll
                 Private = 'false'
             C:\Program Files\dotnet\packs\Microsoft.AspNetCore.App.Ref\8.0.1\ref\net8.0\Microsoft.Extensions.Options.ConfigurationExtensions.dll
                 Private = 'false'
             C:\Program Files\dotnet\packs\Microsoft.AspNetCore.App.Ref\8.0.1\ref\net8.0\Microsoft.Extensions.Options.DataAnnotations.dll
                 Private = 'false'
             C:\Program Files\dotnet\packs\Microsoft.AspNetCore.App.Ref\8.0.1\ref\net8.0\Microsoft.Extensions.Options.dll
                 Private = 'false'
             C:\Program Files\dotnet\packs\Microsoft.AspNetCore.App.Ref\8.0.1\ref\net8.0\Microsoft.Extensions.Primitives.dll
                 Private = 'false'
             C:\Program Files\dotnet\packs\Microsoft.AspNetCore.App.Ref\8.0.1\ref\net8.0\Microsoft.Extensions.WebEncoders.dll
                 Private = 'false'
             C:\Program Files\dotnet\packs\Microsoft.AspNetCore.App.Ref\8.0.1\ref\net8.0\Microsoft.JSInterop.dll
                 Private = 'false'
             C:\Program Files\dotnet\packs\Microsoft.AspNetCore.App.Ref\8.0.1\ref\net8.0\Microsoft.Net.Http.Headers.dll
                 Private = 'false'
             C:\Program Files\dotnet\packs\Microsoft.AspNetCore.App.Ref\8.0.1\ref\net8.0\System.Diagnostics.EventLog.dll
                 Private = 'false'
             C:\Program Files\dotnet\packs\Microsoft.AspNetCore.App.Ref\8.0.1\ref\net8.0\System.IO.Pipelines.dll
                 Private = 'false'
             C:\Program Files\dotnet\packs\Microsoft.AspNetCore.App.Ref\8.0.1\ref\net8.0\System.Security.Cryptography.Xml.dll
                 Private = 'false'
             C:\Program Files\dotnet\packs\Microsoft.AspNetCore.App.Ref\8.0.1\ref\net8.0\System.Threading.RateLimiting.dll
                 Private = 'false'
         AssemblyFiles:
             C:\Users\emili\CascadeProjects\PhotoStudioManager\PhotoStudioManager.Core\bin\Debug\net8.0\PhotoStudioManager.Core.dll
             C:\Users\emili\CascadeProjects\PhotoStudioManager\PhotoStudioManager.Infrastructure\bin\Debug\net8.0\PhotoStudioManager.Infrastructure.dll
         CandidateAssemblyFiles:
         TargetFrameworkDirectories:
             
         InstalledAssemblyTables:
         IgnoreInstalledAssemblyTable:
             False
         SearchPaths:
             {CandidateAssemblyFiles}
             {HintPathFromItem}
             {TargetFrameworkDirectory}
             {RawFileName}
         AllowedAssemblyExtensions:
             .winmd
             .dll
             .exe
         AllowedRelatedFileExtensions:
             .pdb
             .xml
             .pri
             .dll.config
             .exe.config
         AppConfigFile:
             
         AutoUnify:
             True
         CopyLocalDependenciesWhenParentReferenceInGac:
             True
         FindDependencies:
             True
         TargetProcessorArchitecture:
             msil
         StateFile:
             obj\Debug\net8.0\PhotoStudioManager.API.csproj.AssemblyReference.cache
         InstalledAssemblySubsetTables:
         IgnoreInstalledAssemblySubsetTable:
             False
         TargetFrameworkSubsets:
         FullTargetFrameworkSubsetNames:
             Full
         ProfileName:
             
         FullFrameworkFolders:
         LatestTargetFrameworkDirectories:
         ProfileTablesLocation:
         Odwo┼éanie podstawowe ÔÇ×PhotoStudioManager.Core, Version=1.0.0.0, Culture=neutral, PublicKeyToken=nullÔÇŁ.
             Rozpoznana ┼Ťcie┼╝ka pliku: ÔÇ×C:\Users\emili\CascadeProjects\PhotoStudioManager\PhotoStudioManager.Core\bin\Debug\net8.0\PhotoStudioManager.Core.dllÔÇŁ.
             Znaleziono odwo┼éanie w lokalizacji ┼Ťcie┼╝ki wyszukiwania ÔÇ×C:\Users\emili\CascadeProjects\PhotoStudioManager\PhotoStudioManager.Core\bin\Debug\net8.0\PhotoStudioManager.Core.dllÔÇŁ.
             Odnaleziono plik, do kt├│rego jest odwo┼éanie ÔÇ×C:\Users\emili\CascadeProjects\PhotoStudioManager\PhotoStudioManager.Core\bin\Debug\net8.0\PhotoStudioManager.Core.pdbÔÇŁ.
         Odwo┼éanie podstawowe ÔÇ×PhotoStudioManager.Infrastructure, Version=1.0.0.0, Culture=neutral, PublicKeyToken=nullÔÇŁ.
             Rozpoznana ┼Ťcie┼╝ka pliku: ÔÇ×C:\Users\emili\CascadeProjects\PhotoStudioManager\PhotoStudioManager.Infrastructure\bin\Debug\net8.0\PhotoStudioManager.Infrastructure.dllÔÇŁ.
             Znaleziono odwo┼éanie w lokalizacji ┼Ťcie┼╝ki wyszukiwania ÔÇ×C:\Users\emili\CascadeProjects\PhotoStudioManager\PhotoStudioManager.Infrastructure\bin\Debug\net8.0\PhotoStudioManager.Infrastructure.dllÔÇŁ.
             Odnaleziono plik, do kt├│rego jest odwo┼éanie ÔÇ×C:\Users\emili\CascadeProjects\PhotoStudioManager\PhotoStudioManager.Infrastructure\bin\Debug\net8.0\PhotoStudioManager.Infrastructure.pdbÔÇŁ.
         Odwo┼éanie podstawowe ÔÇ×Azure.Core, Version=1.25.0.0, Culture=neutral, PublicKeyToken=92742159e12e44c8ÔÇŁ.
             Rozpoznana ┼Ťcie┼╝ka pliku: ÔÇ×C:\Users\emili\.nuget\packages\azure.core\1.25.0\lib\net5.0\Azure.Core.dllÔÇŁ.
             Znaleziono odwo┼éanie w lokalizacji ┼Ťcie┼╝ki wyszukiwania ÔÇ×{HintPathFromItem}ÔÇŁ.
             To odwo┼éanie nie ma parametru CopyLocal, poniewa┼╝ co najmniej jeden element ┼║r├│d┼éowy ma parametr Private ustawiony na warto┼Ť─ç false, a ┼╝aden z element├│w ┼║r├│d┼éowych nie ma parametru Private ustawionego na warto┼Ť─ç true.
         Odwo┼éanie podstawowe ÔÇ×Azure.Identity, Version=1.7.0.0, Culture=neutral, PublicKeyToken=92742159e12e44c8ÔÇŁ.
             Rozpoznana ┼Ťcie┼╝ka pliku: ÔÇ×C:\Users\emili\.nuget\packages\azure.identity\1.7.0\lib\netstandard2.0\Azure.Identity.dllÔÇŁ.
             Znaleziono odwo┼éanie w lokalizacji ┼Ťcie┼╝ki wyszukiwania ÔÇ×{HintPathFromItem}ÔÇŁ.
             To odwo┼éanie nie ma parametru CopyLocal, poniewa┼╝ co najmniej jeden element ┼║r├│d┼éowy ma parametr Private ustawiony na warto┼Ť─ç false, a ┼╝aden z element├│w ┼║r├│d┼éowych nie ma parametru Private ustawionego na warto┼Ť─ç true.
         Odwo┼éanie podstawowe ÔÇ×Microsoft.AspNetCore.Authentication.JwtBearer, Version=8.0.1.0, Culture=neutral, PublicKeyToken=adb9793829ddae60ÔÇŁ.
             Rozpoznana ┼Ťcie┼╝ka pliku: ÔÇ×C:\Users\emili\.nuget\packages\microsoft.aspnetcore.authentication.jwtbearer\8.0.1\lib\net8.0\Microsoft.AspNetCore.Authentication.JwtBearer.dllÔÇŁ.
             Znaleziono odwo┼éanie w lokalizacji ┼Ťcie┼╝ki wyszukiwania ÔÇ×{HintPathFromItem}ÔÇŁ.
             To odwo┼éanie nie ma parametru CopyLocal, poniewa┼╝ co najmniej jeden element ┼║r├│d┼éowy ma parametr Private ustawiony na warto┼Ť─ç false, a ┼╝aden z element├│w ┼║r├│d┼éowych nie ma parametru Private ustawionego na warto┼Ť─ç true.
         Odwo┼éanie podstawowe ÔÇ×Microsoft.AspNetCore.Identity.EntityFrameworkCore, Version=8.0.1.0, Culture=neutral, PublicKeyToken=adb9793829ddae60ÔÇŁ.
             Rozpoznana ┼Ťcie┼╝ka pliku: ÔÇ×C:\Users\emili\.nuget\packages\microsoft.aspnetcore.identity.entityframeworkcore\8.0.1\lib\net8.0\Microsoft.AspNetCore.Identity.EntityFrameworkCore.dllÔÇŁ.
             Znaleziono odwo┼éanie w lokalizacji ┼Ťcie┼╝ki wyszukiwania ÔÇ×{HintPathFromItem}ÔÇŁ.
             To odwo┼éanie nie ma parametru CopyLocal, poniewa┼╝ co najmniej jeden element ┼║r├│d┼éowy ma parametr Private ustawiony na warto┼Ť─ç false, a ┼╝aden z element├│w ┼║r├│d┼éowych nie ma parametru Private ustawionego na warto┼Ť─ç true.
         Odwo┼éanie podstawowe ÔÇ×Microsoft.Bcl.AsyncInterfaces, Version=6.0.0.0, Culture=neutral, PublicKeyToken=cc7b13ffcd2ddd51ÔÇŁ.
             Rozpoznana ┼Ťcie┼╝ka pliku: ÔÇ×C:\Users\emili\.nuget\packages\microsoft.bcl.asyncinterfaces\6.0.0\lib\netstandard2.1\Microsoft.Bcl.AsyncInterfaces.dllÔÇŁ.
             Znaleziono odwo┼éanie w lokalizacji ┼Ťcie┼╝ki wyszukiwania ÔÇ×{HintPathFromItem}ÔÇŁ.
             To odwo┼éanie nie ma parametru CopyLocal, poniewa┼╝ co najmniej jeden element ┼║r├│d┼éowy ma parametr Private ustawiony na warto┼Ť─ç false, a ┼╝aden z element├│w ┼║r├│d┼éowych nie ma parametru Private ustawionego na warto┼Ť─ç true.
         Odwo┼éanie podstawowe ÔÇ×Microsoft.Data.SqlClient, Version=5.0.0.0, Culture=neutral, PublicKeyToken=23ec7fc2d6eaa4a5ÔÇŁ.
             Rozpoznana ┼Ťcie┼╝ka pliku: ÔÇ×C:\Users\emili\.nuget\packages\microsoft.data.sqlclient\5.1.1\ref\net6.0\Microsoft.Data.SqlClient.dllÔÇŁ.
             Znaleziono odwo┼éanie w lokalizacji ┼Ťcie┼╝ki wyszukiwania ÔÇ×{HintPathFromItem}ÔÇŁ.
             To odwo┼éanie nie ma parametru CopyLocal, poniewa┼╝ co najmniej jeden element ┼║r├│d┼éowy ma parametr Private ustawiony na warto┼Ť─ç false, a ┼╝aden z element├│w ┼║r├│d┼éowych nie ma parametru Private ustawionego na warto┼Ť─ç true.
         Odwo┼éanie podstawowe ÔÇ×Microsoft.EntityFrameworkCore, Version=8.0.1.0, Culture=neutral, PublicKeyToken=adb9793829ddae60ÔÇŁ.
             Rozpoznana ┼Ťcie┼╝ka pliku: ÔÇ×C:\Users\emili\.nuget\packages\microsoft.entityframeworkcore\8.0.1\lib\net8.0\Microsoft.EntityFrameworkCore.dllÔÇŁ.
             Znaleziono odwo┼éanie w lokalizacji ┼Ťcie┼╝ki wyszukiwania ÔÇ×{HintPathFromItem}ÔÇŁ.
             To odwo┼éanie nie ma parametru CopyLocal, poniewa┼╝ co najmniej jeden element ┼║r├│d┼éowy ma parametr Private ustawiony na warto┼Ť─ç false, a ┼╝aden z element├│w ┼║r├│d┼éowych nie ma parametru Private ustawionego na warto┼Ť─ç true.
         Odwo┼éanie podstawowe ÔÇ×Microsoft.EntityFrameworkCore.Abstractions, Version=8.0.1.0, Culture=neutral, PublicKeyToken=adb9793829ddae60ÔÇŁ.
             Rozpoznana ┼Ťcie┼╝ka pliku: ÔÇ×C:\Users\emili\.nuget\packages\microsoft.entityframeworkcore.abstractions\8.0.1\lib\net8.0\Microsoft.EntityFrameworkCore.Abstractions.dllÔÇŁ.
             Znaleziono odwo┼éanie w lokalizacji ┼Ťcie┼╝ki wyszukiwania ÔÇ×{HintPathFromItem}ÔÇŁ.
             To odwo┼éanie nie ma parametru CopyLocal, poniewa┼╝ co najmniej jeden element ┼║r├│d┼éowy ma parametr Private ustawiony na warto┼Ť─ç false, a ┼╝aden z element├│w ┼║r├│d┼éowych nie ma parametru Private ustawionego na warto┼Ť─ç true.
         Odwo┼éanie podstawowe ÔÇ×Microsoft.EntityFrameworkCore.Relational, Version=8.0.1.0, Culture=neutral, PublicKeyToken=adb9793829ddae60ÔÇŁ.
             Rozpoznana ┼Ťcie┼╝ka pliku: ÔÇ×C:\Users\emili\.nuget\packages\microsoft.entityframeworkcore.relational\8.0.1\lib\net8.0\Microsoft.EntityFrameworkCore.Relational.dllÔÇŁ.
             Znaleziono odwo┼éanie w lokalizacji ┼Ťcie┼╝ki wyszukiwania ÔÇ×{HintPathFromItem}ÔÇŁ.
             To odwo┼éanie nie ma parametru CopyLocal, poniewa┼╝ co najmniej jeden element ┼║r├│d┼éowy ma parametr Private ustawiony na warto┼Ť─ç false, a ┼╝aden z element├│w ┼║r├│d┼éowych nie ma parametru Private ustawionego na warto┼Ť─ç true.
         Odwo┼éanie podstawowe ÔÇ×Microsoft.EntityFrameworkCore.SqlServer, Version=8.0.1.0, Culture=neutral, PublicKeyToken=adb9793829ddae60ÔÇŁ.
             Rozpoznana ┼Ťcie┼╝ka pliku: ÔÇ×C:\Users\emili\.nuget\packages\microsoft.entityframeworkcore.sqlserver\8.0.1\lib\net8.0\Microsoft.EntityFrameworkCore.SqlServer.dllÔÇŁ.
             Znaleziono odwo┼éanie w lokalizacji ┼Ťcie┼╝ki wyszukiwania ÔÇ×{HintPathFromItem}ÔÇŁ.
             To odwo┼éanie nie ma parametru CopyLocal, poniewa┼╝ co najmniej jeden element ┼║r├│d┼éowy ma parametr Private ustawiony na warto┼Ť─ç false, a ┼╝aden z element├│w ┼║r├│d┼éowych nie ma parametru Private ustawionego na warto┼Ť─ç true.
         Odwo┼éanie podstawowe ÔÇ×Microsoft.Identity.Client, Version=4.47.2.0, Culture=neutral, PublicKeyToken=0a613f4dd989e8aeÔÇŁ.
             Rozpoznana ┼Ťcie┼╝ka pliku: ÔÇ×C:\Users\emili\.nuget\packages\microsoft.identity.client\4.47.2\lib\netcoreapp2.1\Microsoft.Identity.Client.dllÔÇŁ.
             Znaleziono odwo┼éanie w lokalizacji ┼Ťcie┼╝ki wyszukiwania ÔÇ×{HintPathFromItem}ÔÇŁ.
             To odwo┼éanie nie ma parametru CopyLocal, poniewa┼╝ co najmniej jeden element ┼║r├│d┼éowy ma parametr Private ustawiony na warto┼Ť─ç false, a ┼╝aden z element├│w ┼║r├│d┼éowych nie ma parametru Private ustawionego na warto┼Ť─ç true.
         Odwo┼éanie podstawowe ÔÇ×Microsoft.Identity.Client.Extensions.Msal, Version=2.19.3.0, Culture=neutral, PublicKeyToken=0a613f4dd989e8aeÔÇŁ.
             Rozpoznana ┼Ťcie┼╝ka pliku: ÔÇ×C:\Users\emili\.nuget\packages\microsoft.identity.client.extensions.msal\2.19.3\lib\netcoreapp2.1\Microsoft.Identity.Client.Extensions.Msal.dllÔÇŁ.
             Znaleziono odwo┼éanie w lokalizacji ┼Ťcie┼╝ki wyszukiwania ÔÇ×{HintPathFromItem}ÔÇŁ.
             To odwo┼éanie nie ma parametru CopyLocal, poniewa┼╝ co najmniej jeden element ┼║r├│d┼éowy ma parametr Private ustawiony na warto┼Ť─ç false, a ┼╝aden z element├│w ┼║r├│d┼éowych nie ma parametru Private ustawionego na warto┼Ť─ç true.
         Odwo┼éanie podstawowe ÔÇ×Microsoft.IdentityModel.Abstractions, Version=7.1.2.0, Culture=neutral, PublicKeyToken=31bf3856ad364e35ÔÇŁ.
             Rozpoznana ┼Ťcie┼╝ka pliku: ÔÇ×C:\Users\emili\.nuget\packages\microsoft.identitymodel.abstractions\7.1.2\lib\net8.0\Microsoft.IdentityModel.Abstractions.dllÔÇŁ.
             Znaleziono odwo┼éanie w lokalizacji ┼Ťcie┼╝ki wyszukiwania ÔÇ×{HintPathFromItem}ÔÇŁ.
             To odwo┼éanie nie ma parametru CopyLocal, poniewa┼╝ co najmniej jeden element ┼║r├│d┼éowy ma parametr Private ustawiony na warto┼Ť─ç false, a ┼╝aden z element├│w ┼║r├│d┼éowych nie ma parametru Private ustawionego na warto┼Ť─ç true.
         Odwo┼éanie podstawowe ÔÇ×Microsoft.IdentityModel.JsonWebTokens, Version=7.1.2.0, Culture=neutral, PublicKeyToken=31bf3856ad364e35ÔÇŁ.
             Rozpoznana ┼Ťcie┼╝ka pliku: ÔÇ×C:\Users\emili\.nuget\packages\microsoft.identitymodel.jsonwebtokens\7.1.2\lib\net8.0\Microsoft.IdentityModel.JsonWebTokens.dllÔÇŁ.
             Znaleziono odwo┼éanie w lokalizacji ┼Ťcie┼╝ki wyszukiwania ÔÇ×{HintPathFromItem}ÔÇŁ.
             To odwo┼éanie nie ma parametru CopyLocal, poniewa┼╝ co najmniej jeden element ┼║r├│d┼éowy ma parametr Private ustawiony na warto┼Ť─ç false, a ┼╝aden z element├│w ┼║r├│d┼éowych nie ma parametru Private ustawionego na warto┼Ť─ç true.
         Odwo┼éanie podstawowe ÔÇ×Microsoft.IdentityModel.Logging, Version=7.1.2.0, Culture=neutral, PublicKeyToken=31bf3856ad364e35ÔÇŁ.
             Rozpoznana ┼Ťcie┼╝ka pliku: ÔÇ×C:\Users\emili\.nuget\packages\microsoft.identitymodel.logging\7.1.2\lib\net8.0\Microsoft.IdentityModel.Logging.dllÔÇŁ.
             Znaleziono odwo┼éanie w lokalizacji ┼Ťcie┼╝ki wyszukiwania ÔÇ×{HintPathFromItem}ÔÇŁ.
             To odwo┼éanie nie ma parametru CopyLocal, poniewa┼╝ co najmniej jeden element ┼║r├│d┼éowy ma parametr Private ustawiony na warto┼Ť─ç false, a ┼╝aden z element├│w ┼║r├│d┼éowych nie ma parametru Private ustawionego na warto┼Ť─ç true.
         Odwo┼éanie podstawowe ÔÇ×Microsoft.IdentityModel.Protocols, Version=7.1.2.0, Culture=neutral, PublicKeyToken=31bf3856ad364e35ÔÇŁ.
             Rozpoznana ┼Ťcie┼╝ka pliku: ÔÇ×C:\Users\emili\.nuget\packages\microsoft.identitymodel.protocols\7.1.2\lib\net8.0\Microsoft.IdentityModel.Protocols.dllÔÇŁ.
             Znaleziono odwo┼éanie w lokalizacji ┼Ťcie┼╝ki wyszukiwania ÔÇ×{HintPathFromItem}ÔÇŁ.
             To odwo┼éanie nie ma parametru CopyLocal, poniewa┼╝ co najmniej jeden element ┼║r├│d┼éowy ma parametr Private ustawiony na warto┼Ť─ç false, a ┼╝aden z element├│w ┼║r├│d┼éowych nie ma parametru Private ustawionego na warto┼Ť─ç true.
         Odwo┼éanie podstawowe ÔÇ×Microsoft.IdentityModel.Protocols.OpenIdConnect, Version=7.1.2.0, Culture=neutral, PublicKeyToken=31bf3856ad364e35ÔÇŁ.
             Rozpoznana ┼Ťcie┼╝ka pliku: ÔÇ×C:\Users\emili\.nuget\packages\microsoft.identitymodel.protocols.openidconnect\7.1.2\lib\net8.0\Microsoft.IdentityModel.Protocols.OpenIdConnect.dllÔÇŁ.
             Znaleziono odwo┼éanie w lokalizacji ┼Ťcie┼╝ki wyszukiwania ÔÇ×{HintPathFromItem}ÔÇŁ.
             To odwo┼éanie nie ma parametru CopyLocal, poniewa┼╝ co najmniej jeden element ┼║r├│d┼éowy ma parametr Private ustawiony na warto┼Ť─ç false, a ┼╝aden z element├│w ┼║r├│d┼éowych nie ma parametru Private ustawionego na warto┼Ť─ç true.
         Zunifikowane odwo┼éanie podstawowe ÔÇ×Microsoft.IdentityModel.Tokens, Version=7.1.2.0, Culture=neutral, PublicKeyToken=31bf3856ad364e35ÔÇŁ.
             U┼╝ywanie tej wersji zamiast wersji oryginalnej w ÔÇ×6.24.0.0ÔÇŁ w ÔÇ×C:\Users\emili\CascadeProjects\PhotoStudioManager\PhotoStudioManager.Infrastructure\bin\Debug\net8.0\PhotoStudioManager.Infrastructure.dllÔÇŁ poniewa┼╝ w┼éa┼Ťciwo┼Ť─ç AutoUnify ma warto┼Ť─ç true.
             Rozpoznana ┼Ťcie┼╝ka pliku: ÔÇ×C:\Users\emili\.nuget\packages\microsoft.identitymodel.tokens\7.1.2\lib\net8.0\Microsoft.IdentityModel.Tokens.dllÔÇŁ.
             Znaleziono odwo┼éanie w lokalizacji ┼Ťcie┼╝ki wyszukiwania ÔÇ×{HintPathFromItem}ÔÇŁ.
             To odwo┼éanie nie ma parametru CopyLocal, poniewa┼╝ co najmniej jeden element ┼║r├│d┼éowy ma parametr Private ustawiony na warto┼Ť─ç false, a ┼╝aden z element├│w ┼║r├│d┼éowych nie ma parametru Private ustawionego na warto┼Ť─ç true.
         Odwo┼éanie podstawowe ÔÇ×Microsoft.OpenApi, Version=1.2.3.0, Culture=neutral, PublicKeyToken=3f5743946376f042ÔÇŁ.
             Rozpoznana ┼Ťcie┼╝ka pliku: ÔÇ×C:\Users\emili\.nuget\packages\microsoft.openapi\1.2.3\lib\netstandard2.0\Microsoft.OpenApi.dllÔÇŁ.
             Znaleziono odwo┼éanie w lokalizacji ┼Ťcie┼╝ki wyszukiwania ÔÇ×{HintPathFromItem}ÔÇŁ.
             To odwo┼éanie nie ma parametru CopyLocal, poniewa┼╝ co najmniej jeden element ┼║r├│d┼éowy ma parametr Private ustawiony na warto┼Ť─ç false, a ┼╝aden z element├│w ┼║r├│d┼éowych nie ma parametru Private ustawionego na warto┼Ť─ç true.
         Odwo┼éanie podstawowe ÔÇ×Microsoft.SqlServer.Server, Version=1.0.0.0, Culture=neutral, PublicKeyToken=23ec7fc2d6eaa4a5ÔÇŁ.
             Rozpoznana ┼Ťcie┼╝ka pliku: ÔÇ×C:\Users\emili\.nuget\packages\microsoft.sqlserver.server\1.0.0\lib\netstandard2.0\Microsoft.SqlServer.Server.dllÔÇŁ.
             Znaleziono odwo┼éanie w lokalizacji ┼Ťcie┼╝ki wyszukiwania ÔÇ×{HintPathFromItem}ÔÇŁ.
             To odwo┼éanie nie ma parametru CopyLocal, poniewa┼╝ co najmniej jeden element ┼║r├│d┼éowy ma parametr Private ustawiony na warto┼Ť─ç false, a ┼╝aden z element├│w ┼║r├│d┼éowych nie ma parametru Private ustawionego na warto┼Ť─ç true.
         Odwo┼éanie podstawowe ÔÇ×Microsoft.Win32.SystemEvents, Version=6.0.0.0, Culture=neutral, PublicKeyToken=cc7b13ffcd2ddd51ÔÇŁ.
             Rozpoznana ┼Ťcie┼╝ka pliku: ÔÇ×C:\Users\emili\.nuget\packages\microsoft.win32.systemevents\6.0.0\lib\net6.0\Microsoft.Win32.SystemEvents.dllÔÇŁ.
             Znaleziono odwo┼éanie w lokalizacji ┼Ťcie┼╝ki wyszukiwania ÔÇ×{HintPathFromItem}ÔÇŁ.
             To odwo┼éanie nie ma parametru CopyLocal, poniewa┼╝ co najmniej jeden element ┼║r├│d┼éowy ma parametr Private ustawiony na warto┼Ť─ç false, a ┼╝aden z element├│w ┼║r├│d┼éowych nie ma parametru Private ustawionego na warto┼Ť─ç true.
         Odwo┼éanie podstawowe ÔÇ×Swashbuckle.AspNetCore.Swagger, Version=6.5.0.0, Culture=neutral, PublicKeyToken=62657d7474907593ÔÇŁ.
             Rozpoznana ┼Ťcie┼╝ka pliku: ÔÇ×C:\Users\emili\.nuget\packages\swashbuckle.aspnetcore.swagger\6.5.0\lib\net7.0\Swashbuckle.AspNetCore.Swagger.dllÔÇŁ.
             Znaleziono odwo┼éanie w lokalizacji ┼Ťcie┼╝ki wyszukiwania ÔÇ×{HintPathFromItem}ÔÇŁ.
             To odwo┼éanie nie ma parametru CopyLocal, poniewa┼╝ co najmniej jeden element ┼║r├│d┼éowy ma parametr Private ustawiony na warto┼Ť─ç false, a ┼╝aden z element├│w ┼║r├│d┼éowych nie ma parametru Private ustawionego na warto┼Ť─ç true.
         Odwo┼éanie podstawowe ÔÇ×Swashbuckle.AspNetCore.SwaggerGen, Version=6.5.0.0, Culture=neutral, PublicKeyToken=d84d99fb0135530aÔÇŁ.
             Rozpoznana ┼Ťcie┼╝ka pliku: ÔÇ×C:\Users\emili\.nuget\packages\swashbuckle.aspnetcore.swaggergen\6.5.0\lib\net7.0\Swashbuckle.AspNetCore.SwaggerGen.dllÔÇŁ.
             Znaleziono odwo┼éanie w lokalizacji ┼Ťcie┼╝ki wyszukiwania ÔÇ×{HintPathFromItem}ÔÇŁ.
             To odwo┼éanie nie ma parametru CopyLocal, poniewa┼╝ co najmniej jeden element ┼║r├│d┼éowy ma parametr Private ustawiony na warto┼Ť─ç false, a ┼╝aden z element├│w ┼║r├│d┼éowych nie ma parametru Private ustawionego na warto┼Ť─ç true.
         Odwo┼éanie podstawowe ÔÇ×Swashbuckle.AspNetCore.SwaggerUI, Version=6.5.0.0, Culture=neutral, PublicKeyToken=4232c99127b3c254ÔÇŁ.
             Rozpoznana ┼Ťcie┼╝ka pliku: ÔÇ×C:\Users\emili\.nuget\packages\swashbuckle.aspnetcore.swaggerui\6.5.0\lib\net7.0\Swashbuckle.AspNetCore.SwaggerUI.dllÔÇŁ.
             Znaleziono odwo┼éanie w lokalizacji ┼Ťcie┼╝ki wyszukiwania ÔÇ×{HintPathFromItem}ÔÇŁ.
             To odwo┼éanie nie ma parametru CopyLocal, poniewa┼╝ co najmniej jeden element ┼║r├│d┼éowy ma parametr Private ustawiony na warto┼Ť─ç false, a ┼╝aden z element├│w ┼║r├│d┼éowych nie ma parametru Private ustawionego na warto┼Ť─ç true.
         Odwo┼éanie podstawowe ÔÇ×System.Drawing.Common, Version=6.0.0.0, Culture=neutral, PublicKeyToken=cc7b13ffcd2ddd51ÔÇŁ.
             Rozpoznana ┼Ťcie┼╝ka pliku: ÔÇ×C:\Users\emili\.nuget\packages\system.drawing.common\6.0.0\lib\net6.0\System.Drawing.Common.dllÔÇŁ.
             Znaleziono odwo┼éanie w lokalizacji ┼Ťcie┼╝ki wyszukiwania ÔÇ×{HintPathFromItem}ÔÇŁ.
             To odwo┼éanie nie ma parametru CopyLocal, poniewa┼╝ co najmniej jeden element ┼║r├│d┼éowy ma parametr Private ustawiony na warto┼Ť─ç false, a ┼╝aden z element├│w ┼║r├│d┼éowych nie ma parametru Private ustawionego na warto┼Ť─ç true.
         Zunifikowane odwo┼éanie podstawowe ÔÇ×System.IdentityModel.Tokens.Jwt, Version=7.1.2.0, Culture=neutral, PublicKeyToken=31bf3856ad364e35ÔÇŁ.
             U┼╝ywanie tej wersji zamiast wersji oryginalnej w ÔÇ×6.24.0.0ÔÇŁ w ÔÇ×C:\Users\emili\CascadeProjects\PhotoStudioManager\PhotoStudioManager.Infrastructure\bin\Debug\net8.0\PhotoStudioManager.Infrastructure.dllÔÇŁ poniewa┼╝ w┼éa┼Ťciwo┼Ť─ç AutoUnify ma warto┼Ť─ç true.
             Rozpoznana ┼Ťcie┼╝ka pliku: ÔÇ×C:\Users\emili\.nuget\packages\system.identitymodel.tokens.jwt\7.1.2\lib\net8.0\System.IdentityModel.Tokens.Jwt.dllÔÇŁ.
             Znaleziono odwo┼éanie w lokalizacji ┼Ťcie┼╝ki wyszukiwania ÔÇ×{HintPathFromItem}ÔÇŁ.
             To odwo┼éanie nie ma parametru CopyLocal, poniewa┼╝ co najmniej jeden element ┼║r├│d┼éowy ma parametr Private ustawiony na warto┼Ť─ç false, a ┼╝aden z element├│w ┼║r├│d┼éowych nie ma parametru Private ustawionego na warto┼Ť─ç true.
         Odwo┼éanie podstawowe ÔÇ×System.Memory.Data, Version=1.0.2.0, Culture=neutral, PublicKeyToken=cc7b13ffcd2ddd51ÔÇŁ.
             Rozpoznana ┼Ťcie┼╝ka pliku: ÔÇ×C:\Users\emili\.nuget\packages\system.memory.data\1.0.2\lib\netstandard2.0\System.Memory.Data.dllÔÇŁ.
             Znaleziono odwo┼éanie w lokalizacji ┼Ťcie┼╝ki wyszukiwania ÔÇ×{HintPathFromItem}ÔÇŁ.
             To odwo┼éanie nie ma parametru CopyLocal, poniewa┼╝ co najmniej jeden element ┼║r├│d┼éowy ma parametr Private ustawiony na warto┼Ť─ç false, a ┼╝aden z element├│w ┼║r├│d┼éowych nie ma parametru Private ustawionego na warto┼Ť─ç true.
         Odwo┼éanie podstawowe ÔÇ×System.Security.Cryptography.ProtectedData, Version=6.0.0.0, Culture=neutral, PublicKeyToken=b03f5f7f11d50a3aÔÇŁ.
             Rozpoznana ┼Ťcie┼╝ka pliku: ÔÇ×C:\Users\emili\.nuget\packages\system.security.cryptography.protecteddata\6.0.0\lib\net6.0\System.Security.Cryptography.ProtectedData.dllÔÇŁ.
             Znaleziono odwo┼éanie w lokalizacji ┼Ťcie┼╝ki wyszukiwania ÔÇ×{HintPathFromItem}ÔÇŁ.
             To odwo┼éanie nie ma parametru CopyLocal, poniewa┼╝ co najmniej jeden element ┼║r├│d┼éowy ma parametr Private ustawiony na warto┼Ť─ç false, a ┼╝aden z element├│w ┼║r├│d┼éowych nie ma parametru Private ustawionego na warto┼Ť─ç true.
         Odwo┼éanie podstawowe ÔÇ×System.Security.Permissions, Version=6.0.0.0, Culture=neutral, PublicKeyToken=cc7b13ffcd2ddd51ÔÇŁ.
             Rozpoznana ┼Ťcie┼╝ka pliku: ÔÇ×C:\Users\emili\.nuget\packages\system.security.permissions\6.0.0\lib\net6.0\System.Security.Permissions.dllÔÇŁ.
             Znaleziono odwo┼éanie w lokalizacji ┼Ťcie┼╝ki wyszukiwania ÔÇ×{HintPathFromItem}ÔÇŁ.
             To odwo┼éanie nie ma parametru CopyLocal, poniewa┼╝ co najmniej jeden element ┼║r├│d┼éowy ma parametr Private ustawiony na warto┼Ť─ç false, a ┼╝aden z element├│w ┼║r├│d┼éowych nie ma parametru Private ustawionego na warto┼Ť─ç true.
         Odwo┼éanie podstawowe ÔÇ×System.Windows.Extensions, Version=6.0.0.0, Culture=neutral, PublicKeyToken=cc7b13ffcd2ddd51ÔÇŁ.
             Rozpoznana ┼Ťcie┼╝ka pliku: ÔÇ×C:\Users\emili\.nuget\packages\system.windows.extensions\6.0.0\lib\net6.0\System.Windows.Extensions.dllÔÇŁ.
             Znaleziono odwo┼éanie w lokalizacji ┼Ťcie┼╝ki wyszukiwania ÔÇ×{HintPathFromItem}ÔÇŁ.
             To odwo┼éanie nie ma parametru CopyLocal, poniewa┼╝ co najmniej jeden element ┼║r├│d┼éowy ma parametr Private ustawiony na warto┼Ť─ç false, a ┼╝aden z element├│w ┼║r├│d┼éowych nie ma parametru Private ustawionego na warto┼Ť─ç true.
         Odwo┼éanie podstawowe ÔÇ×Microsoft.CSharp, Version=8.0.0.0, Culture=neutral, PublicKeyToken=b03f5f7f11d50a3aÔÇŁ.
             Rozpoznana ┼Ťcie┼╝ka pliku: ÔÇ×C:\Program Files\dotnet\packs\Microsoft.NETCore.App.Ref\8.0.1\ref\net8.0\Microsoft.CSharp.dllÔÇŁ.
             Znaleziono odwo┼éanie w lokalizacji ┼Ťcie┼╝ki wyszukiwania ÔÇ×{RawFileName}ÔÇŁ.
             To odwo┼éanie nie ma parametru CopyLocal, poniewa┼╝ co najmniej jeden element ┼║r├│d┼éowy ma parametr Private ustawiony na warto┼Ť─ç false, a ┼╝aden z element├│w ┼║r├│d┼éowych nie ma parametru Private ustawionego na warto┼Ť─ç true.
         Odwo┼éanie podstawowe ÔÇ×Microsoft.VisualBasic.Core, Version=13.0.0.0, Culture=neutral, PublicKeyToken=b03f5f7f11d50a3aÔÇŁ.
             Rozpoznana ┼Ťcie┼╝ka pliku: ÔÇ×C:\Program Files\dotnet\packs\Microsoft.NETCore.App.Ref\8.0.1\ref\net8.0\Microsoft.VisualBasic.Core.dllÔÇŁ.
             Znaleziono odwo┼éanie w lokalizacji ┼Ťcie┼╝ki wyszukiwania ÔÇ×{RawFileName}ÔÇŁ.
             To odwo┼éanie nie ma parametru CopyLocal, poniewa┼╝ co najmniej jeden element ┼║r├│d┼éowy ma parametr Private ustawiony na warto┼Ť─ç false, a ┼╝aden z element├│w ┼║r├│d┼éowych nie ma parametru Private ustawionego na warto┼Ť─ç true.
         Odwo┼éanie podstawowe ÔÇ×Microsoft.VisualBasic, Version=10.0.0.0, Culture=neutral, PublicKeyToken=b03f5f7f11d50a3aÔÇŁ.
             Rozpoznana ┼Ťcie┼╝ka pliku: ÔÇ×C:\Program Files\dotnet\packs\Microsoft.NETCore.App.Ref\8.0.1\ref\net8.0\Microsoft.VisualBasic.dllÔÇŁ.
             Znaleziono odwo┼éanie w lokalizacji ┼Ťcie┼╝ki wyszukiwania ÔÇ×{RawFileName}ÔÇŁ.
             To odwo┼éanie nie ma parametru CopyLocal, poniewa┼╝ co najmniej jeden element ┼║r├│d┼éowy ma parametr Private ustawiony na warto┼Ť─ç false, a ┼╝aden z element├│w ┼║r├│d┼éowych nie ma parametru Private ustawionego na warto┼Ť─ç true.
         Odwo┼éanie podstawowe ÔÇ×Microsoft.Win32.Primitives, Version=8.0.0.0, Culture=neutral, PublicKeyToken=b03f5f7f11d50a3aÔÇŁ.
             Rozpoznana ┼Ťcie┼╝ka pliku: ÔÇ×C:\Program Files\dotnet\packs\Microsoft.NETCore.App.Ref\8.0.1\ref\net8.0\Microsoft.Win32.Primitives.dllÔÇŁ.
             Znaleziono odwo┼éanie w lokalizacji ┼Ťcie┼╝ki wyszukiwania ÔÇ×{RawFileName}ÔÇŁ.
             To odwo┼éanie nie ma parametru CopyLocal, poniewa┼╝ co najmniej jeden element ┼║r├│d┼éowy ma parametr Private ustawiony na warto┼Ť─ç false, a ┼╝aden z element├│w ┼║r├│d┼éowych nie ma parametru Private ustawionego na warto┼Ť─ç true.
         Odwo┼éanie podstawowe ÔÇ×Microsoft.Win32.Registry, Version=8.0.0.0, Culture=neutral, PublicKeyToken=b03f5f7f11d50a3aÔÇŁ.
             Rozpoznana ┼Ťcie┼╝ka pliku: ÔÇ×C:\Program Files\dotnet\packs\Microsoft.NETCore.App.Ref\8.0.1\ref\net8.0\Microsoft.Win32.Registry.dllÔÇŁ.
             Znaleziono odwo┼éanie w lokalizacji ┼Ťcie┼╝ki wyszukiwania ÔÇ×{RawFileName}ÔÇŁ.
             To odwo┼éanie nie ma parametru CopyLocal, poniewa┼╝ co najmniej jeden element ┼║r├│d┼éowy ma parametr Private ustawiony na warto┼Ť─ç false, a ┼╝aden z element├│w ┼║r├│d┼éowych nie ma parametru Private ustawionego na warto┼Ť─ç true.
         Odwo┼éanie podstawowe ÔÇ×System.AppContext, Version=8.0.0.0, Culture=neutral, PublicKeyToken=b03f5f7f11d50a3aÔÇŁ.
             Rozpoznana ┼Ťcie┼╝ka pliku: ÔÇ×C:\Program Files\dotnet\packs\Microsoft.NETCore.App.Ref\8.0.1\ref\net8.0\System.AppContext.dllÔÇŁ.
             Znaleziono odwo┼éanie w lokalizacji ┼Ťcie┼╝ki wyszukiwania ÔÇ×{RawFileName}ÔÇŁ.
             To odwo┼éanie nie ma parametru CopyLocal, poniewa┼╝ co najmniej jeden element ┼║r├│d┼éowy ma parametr Private ustawiony na warto┼Ť─ç false, a ┼╝aden z element├│w ┼║r├│d┼éowych nie ma parametru Private ustawionego na warto┼Ť─ç true.
         Odwo┼éanie podstawowe ÔÇ×System.Buffers, Version=8.0.0.0, Culture=neutral, PublicKeyToken=cc7b13ffcd2ddd51ÔÇŁ.
             Rozpoznana ┼Ťcie┼╝ka pliku: ÔÇ×C:\Program Files\dotnet\packs\Microsoft.NETCore.App.Ref\8.0.1\ref\net8.0\System.Buffers.dllÔÇŁ.
             Znaleziono odwo┼éanie w lokalizacji ┼Ťcie┼╝ki wyszukiwania ÔÇ×{RawFileName}ÔÇŁ.
             To odwo┼éanie nie ma parametru CopyLocal, poniewa┼╝ co najmniej jeden element ┼║r├│d┼éowy ma parametr Private ustawiony na warto┼Ť─ç false, a ┼╝aden z element├│w ┼║r├│d┼éowych nie ma parametru Private ustawionego na warto┼Ť─ç true.
         Odwo┼éanie podstawowe ÔÇ×System.Collections.Concurrent, Version=8.0.0.0, Culture=neutral, PublicKeyToken=b03f5f7f11d50a3aÔÇŁ.
             Rozpoznana ┼Ťcie┼╝ka pliku: ÔÇ×C:\Program Files\dotnet\packs\Microsoft.NETCore.App.Ref\8.0.1\ref\net8.0\System.Collections.Concurrent.dllÔÇŁ.
             Znaleziono odwo┼éanie w lokalizacji ┼Ťcie┼╝ki wyszukiwania ÔÇ×{RawFileName}ÔÇŁ.
             To odwo┼éanie nie ma parametru CopyLocal, poniewa┼╝ co najmniej jeden element ┼║r├│d┼éowy ma parametr Private ustawiony na warto┼Ť─ç false, a ┼╝aden z element├│w ┼║r├│d┼éowych nie ma parametru Private ustawionego na warto┼Ť─ç true.
         Odwo┼éanie podstawowe ÔÇ×System.Collections.Immutable, Version=8.0.0.0, Culture=neutral, PublicKeyToken=b03f5f7f11d50a3aÔÇŁ.
             Rozpoznana ┼Ťcie┼╝ka pliku: ÔÇ×C:\Program Files\dotnet\packs\Microsoft.NETCore.App.Ref\8.0.1\ref\net8.0\System.Collections.Immutable.dllÔÇŁ.
             Znaleziono odwo┼éanie w lokalizacji ┼Ťcie┼╝ki wyszukiwania ÔÇ×{RawFileName}ÔÇŁ.
             To odwo┼éanie nie ma parametru CopyLocal, poniewa┼╝ co najmniej jeden element ┼║r├│d┼éowy ma parametr Private ustawiony na warto┼Ť─ç false, a ┼╝aden z element├│w ┼║r├│d┼éowych nie ma parametru Private ustawionego na warto┼Ť─ç true.
         Odwo┼éanie podstawowe ÔÇ×System.Collections.NonGeneric, Version=8.0.0.0, Culture=neutral, PublicKeyToken=b03f5f7f11d50a3aÔÇŁ.
             Rozpoznana ┼Ťcie┼╝ka pliku: ÔÇ×C:\Program Files\dotnet\packs\Microsoft.NETCore.App.Ref\8.0.1\ref\net8.0\System.Collections.NonGeneric.dllÔÇŁ.
             Znaleziono odwo┼éanie w lokalizacji ┼Ťcie┼╝ki wyszukiwania ÔÇ×{RawFileName}ÔÇŁ.
             To odwo┼éanie nie ma parametru CopyLocal, poniewa┼╝ co najmniej jeden element ┼║r├│d┼éowy ma parametr Private ustawiony na warto┼Ť─ç false, a ┼╝aden z element├│w ┼║r├│d┼éowych nie ma parametru Private ustawionego na warto┼Ť─ç true.
         Odwo┼éanie podstawowe ÔÇ×System.Collections.Specialized, Version=8.0.0.0, Culture=neutral, PublicKeyToken=b03f5f7f11d50a3aÔÇŁ.
             Rozpoznana ┼Ťcie┼╝ka pliku: ÔÇ×C:\Program Files\dotnet\packs\Microsoft.NETCore.App.Ref\8.0.1\ref\net8.0\System.Collections.Specialized.dllÔÇŁ.
             Znaleziono odwo┼éanie w lokalizacji ┼Ťcie┼╝ki wyszukiwania ÔÇ×{RawFileName}ÔÇŁ.
             To odwo┼éanie nie ma parametru CopyLocal, poniewa┼╝ co najmniej jeden element ┼║r├│d┼éowy ma parametr Private ustawiony na warto┼Ť─ç false, a ┼╝aden z element├│w ┼║r├│d┼éowych nie ma parametru Private ustawionego na warto┼Ť─ç true.
         Odwo┼éanie podstawowe ÔÇ×System.Collections, Version=8.0.0.0, Culture=neutral, PublicKeyToken=b03f5f7f11d50a3aÔÇŁ.
             Rozpoznana ┼Ťcie┼╝ka pliku: ÔÇ×C:\Program Files\dotnet\packs\Microsoft.NETCore.App.Ref\8.0.1\ref\net8.0\System.Collections.dllÔÇŁ.
             Znaleziono odwo┼éanie w lokalizacji ┼Ťcie┼╝ki wyszukiwania ÔÇ×{RawFileName}ÔÇŁ.
             To odwo┼éanie nie ma parametru CopyLocal, poniewa┼╝ co najmniej jeden element ┼║r├│d┼éowy ma parametr Private ustawiony na warto┼Ť─ç false, a ┼╝aden z element├│w ┼║r├│d┼éowych nie ma parametru Private ustawionego na warto┼Ť─ç true.
         Odwo┼éanie podstawowe ÔÇ×System.ComponentModel.Annotations, Version=8.0.0.0, Culture=neutral, PublicKeyToken=b03f5f7f11d50a3aÔÇŁ.
             Rozpoznana ┼Ťcie┼╝ka pliku: ÔÇ×C:\Program Files\dotnet\packs\Microsoft.NETCore.App.Ref\8.0.1\ref\net8.0\System.ComponentModel.Annotations.dllÔÇŁ.
             Znaleziono odwo┼éanie w lokalizacji ┼Ťcie┼╝ki wyszukiwania ÔÇ×{RawFileName}ÔÇŁ.
             To odwo┼éanie nie ma parametru CopyLocal, poniewa┼╝ co najmniej jeden element ┼║r├│d┼éowy ma parametr Private ustawiony na warto┼Ť─ç false, a ┼╝aden z element├│w ┼║r├│d┼éowych nie ma parametru Private ustawionego na warto┼Ť─ç true.
         Odwo┼éanie podstawowe ÔÇ×System.ComponentModel.DataAnnotations, Version=4.0.0.0, Culture=neutral, PublicKeyToken=31bf3856ad364e35ÔÇŁ.
             Rozpoznana ┼Ťcie┼╝ka pliku: ÔÇ×C:\Program Files\dotnet\packs\Microsoft.NETCore.App.Ref\8.0.1\ref\net8.0\System.ComponentModel.DataAnnotations.dllÔÇŁ.
             Znaleziono odwo┼éanie w lokalizacji ┼Ťcie┼╝ki wyszukiwania ÔÇ×{RawFileName}ÔÇŁ.
             To odwo┼éanie nie ma parametru CopyLocal, poniewa┼╝ co najmniej jeden element ┼║r├│d┼éowy ma parametr Private ustawiony na warto┼Ť─ç false, a ┼╝aden z element├│w ┼║r├│d┼éowych nie ma parametru Private ustawionego na warto┼Ť─ç true.
         Odwo┼éanie podstawowe ÔÇ×System.ComponentModel.EventBasedAsync, Version=8.0.0.0, Culture=neutral, PublicKeyToken=b03f5f7f11d50a3aÔÇŁ.
             Rozpoznana ┼Ťcie┼╝ka pliku: ÔÇ×C:\Program Files\dotnet\packs\Microsoft.NETCore.App.Ref\8.0.1\ref\net8.0\System.ComponentModel.EventBasedAsync.dllÔÇŁ.
             Znaleziono odwo┼éanie w lokalizacji ┼Ťcie┼╝ki wyszukiwania ÔÇ×{RawFileName}ÔÇŁ.
             To odwo┼éanie nie ma parametru CopyLocal, poniewa┼╝ co najmniej jeden element ┼║r├│d┼éowy ma parametr Private ustawiony na warto┼Ť─ç false, a ┼╝aden z element├│w ┼║r├│d┼éowych nie ma parametru Private ustawionego na warto┼Ť─ç true.
         Odwo┼éanie podstawowe ÔÇ×System.ComponentModel.Primitives, Version=8.0.0.0, Culture=neutral, PublicKeyToken=b03f5f7f11d50a3aÔÇŁ.
             Rozpoznana ┼Ťcie┼╝ka pliku: ÔÇ×C:\Program Files\dotnet\packs\Microsoft.NETCore.App.Ref\8.0.1\ref\net8.0\System.ComponentModel.Primitives.dllÔÇŁ.
             Znaleziono odwo┼éanie w lokalizacji ┼Ťcie┼╝ki wyszukiwania ÔÇ×{RawFileName}ÔÇŁ.
             To odwo┼éanie nie ma parametru CopyLocal, poniewa┼╝ co najmniej jeden element ┼║r├│d┼éowy ma parametr Private ustawiony na warto┼Ť─ç false, a ┼╝aden z element├│w ┼║r├│d┼éowych nie ma parametru Private ustawionego na warto┼Ť─ç true.
         Odwo┼éanie podstawowe ÔÇ×System.ComponentModel.TypeConverter, Version=8.0.0.0, Culture=neutral, PublicKeyToken=b03f5f7f11d50a3aÔÇŁ.
             Rozpoznana ┼Ťcie┼╝ka pliku: ÔÇ×C:\Program Files\dotnet\packs\Microsoft.NETCore.App.Ref\8.0.1\ref\net8.0\System.ComponentModel.TypeConverter.dllÔÇŁ.
             Znaleziono odwo┼éanie w lokalizacji ┼Ťcie┼╝ki wyszukiwania ÔÇ×{RawFileName}ÔÇŁ.
             To odwo┼éanie nie ma parametru CopyLocal, poniewa┼╝ co najmniej jeden element ┼║r├│d┼éowy ma parametr Private ustawiony na warto┼Ť─ç false, a ┼╝aden z element├│w ┼║r├│d┼éowych nie ma parametru Private ustawionego na warto┼Ť─ç true.
         Odwo┼éanie podstawowe ÔÇ×System.ComponentModel, Version=8.0.0.0, Culture=neutral, PublicKeyToken=b03f5f7f11d50a3aÔÇŁ.
             Rozpoznana ┼Ťcie┼╝ka pliku: ÔÇ×C:\Program Files\dotnet\packs\Microsoft.NETCore.App.Ref\8.0.1\ref\net8.0\System.ComponentModel.dllÔÇŁ.
             Znaleziono odwo┼éanie w lokalizacji ┼Ťcie┼╝ki wyszukiwania ÔÇ×{RawFileName}ÔÇŁ.
             To odwo┼éanie nie ma parametru CopyLocal, poniewa┼╝ co najmniej jeden element ┼║r├│d┼éowy ma parametr Private ustawiony na warto┼Ť─ç false, a ┼╝aden z element├│w ┼║r├│d┼éowych nie ma parametru Private ustawionego na warto┼Ť─ç true.
         Odwo┼éanie podstawowe ÔÇ×System.Configuration, Version=4.0.0.0, Culture=neutral, PublicKeyToken=b03f5f7f11d50a3aÔÇŁ.
             Rozpoznana ┼Ťcie┼╝ka pliku: ÔÇ×C:\Program Files\dotnet\packs\Microsoft.NETCore.App.Ref\8.0.1\ref\net8.0\System.Configuration.dllÔÇŁ.
             Znaleziono odwo┼éanie w lokalizacji ┼Ťcie┼╝ki wyszukiwania ÔÇ×{RawFileName}ÔÇŁ.
             To odwo┼éanie nie ma parametru CopyLocal, poniewa┼╝ co najmniej jeden element ┼║r├│d┼éowy ma parametr Private ustawiony na warto┼Ť─ç false, a ┼╝aden z element├│w ┼║r├│d┼éowych nie ma parametru Private ustawionego na warto┼Ť─ç true.
         Odwo┼éanie podstawowe ÔÇ×System.Console, Version=8.0.0.0, Culture=neutral, PublicKeyToken=b03f5f7f11d50a3aÔÇŁ.
             Rozpoznana ┼Ťcie┼╝ka pliku: ÔÇ×C:\Program Files\dotnet\packs\Microsoft.NETCore.App.Ref\8.0.1\ref\net8.0\System.Console.dllÔÇŁ.
             Znaleziono odwo┼éanie w lokalizacji ┼Ťcie┼╝ki wyszukiwania ÔÇ×{RawFileName}ÔÇŁ.
             To odwo┼éanie nie ma parametru CopyLocal, poniewa┼╝ co najmniej jeden element ┼║r├│d┼éowy ma parametr Private ustawiony na warto┼Ť─ç false, a ┼╝aden z element├│w ┼║r├│d┼éowych nie ma parametru Private ustawionego na warto┼Ť─ç true.
         Odwo┼éanie podstawowe ÔÇ×System.Core, Version=4.0.0.0, Culture=neutral, PublicKeyToken=b77a5c561934e089ÔÇŁ.
             Rozpoznana ┼Ťcie┼╝ka pliku: ÔÇ×C:\Program Files\dotnet\packs\Microsoft.NETCore.App.Ref\8.0.1\ref\net8.0\System.Core.dllÔÇŁ.
             Znaleziono odwo┼éanie w lokalizacji ┼Ťcie┼╝ki wyszukiwania ÔÇ×{RawFileName}ÔÇŁ.
             To odwo┼éanie nie ma parametru CopyLocal, poniewa┼╝ co najmniej jeden element ┼║r├│d┼éowy ma parametr Private ustawiony na warto┼Ť─ç false, a ┼╝aden z element├│w ┼║r├│d┼éowych nie ma parametru Private ustawionego na warto┼Ť─ç true.
         Odwo┼éanie podstawowe ÔÇ×System.Data.Common, Version=8.0.0.0, Culture=neutral, PublicKeyToken=b03f5f7f11d50a3aÔÇŁ.
             Rozpoznana ┼Ťcie┼╝ka pliku: ÔÇ×C:\Program Files\dotnet\packs\Microsoft.NETCore.App.Ref\8.0.1\ref\net8.0\System.Data.Common.dllÔÇŁ.
             Znaleziono odwo┼éanie w lokalizacji ┼Ťcie┼╝ki wyszukiwania ÔÇ×{RawFileName}ÔÇŁ.
             To odwo┼éanie nie ma parametru CopyLocal, poniewa┼╝ co najmniej jeden element ┼║r├│d┼éowy ma parametr Private ustawiony na warto┼Ť─ç false, a ┼╝aden z element├│w ┼║r├│d┼éowych nie ma parametru Private ustawionego na warto┼Ť─ç true.
         Odwo┼éanie podstawowe ÔÇ×System.Data.DataSetExtensions, Version=8.0.0.0, Culture=neutral, PublicKeyToken=b77a5c561934e089ÔÇŁ.
             Rozpoznana ┼Ťcie┼╝ka pliku: ÔÇ×C:\Program Files\dotnet\packs\Microsoft.NETCore.App.Ref\8.0.1\ref\net8.0\System.Data.DataSetExtensions.dllÔÇŁ.
             Znaleziono odwo┼éanie w lokalizacji ┼Ťcie┼╝ki wyszukiwania ÔÇ×{RawFileName}ÔÇŁ.
             To odwo┼éanie nie ma parametru CopyLocal, poniewa┼╝ co najmniej jeden element ┼║r├│d┼éowy ma parametr Private ustawiony na warto┼Ť─ç false, a ┼╝aden z element├│w ┼║r├│d┼éowych nie ma parametru Private ustawionego na warto┼Ť─ç true.
         Odwo┼éanie podstawowe ÔÇ×System.Data, Version=4.0.0.0, Culture=neutral, PublicKeyToken=b77a5c561934e089ÔÇŁ.
             Rozpoznana ┼Ťcie┼╝ka pliku: ÔÇ×C:\Program Files\dotnet\packs\Microsoft.NETCore.App.Ref\8.0.1\ref\net8.0\System.Data.dllÔÇŁ.
             Znaleziono odwo┼éanie w lokalizacji ┼Ťcie┼╝ki wyszukiwania ÔÇ×{RawFileName}ÔÇŁ.
             To odwo┼éanie nie ma parametru CopyLocal, poniewa┼╝ co najmniej jeden element ┼║r├│d┼éowy ma parametr Private ustawiony na warto┼Ť─ç false, a ┼╝aden z element├│w ┼║r├│d┼éowych nie ma parametru Private ustawionego na warto┼Ť─ç true.
         Odwo┼éanie podstawowe ÔÇ×System.Diagnostics.Contracts, Version=8.0.0.0, Culture=neutral, PublicKeyToken=b03f5f7f11d50a3aÔÇŁ.
             Rozpoznana ┼Ťcie┼╝ka pliku: ÔÇ×C:\Program Files\dotnet\packs\Microsoft.NETCore.App.Ref\8.0.1\ref\net8.0\System.Diagnostics.Contracts.dllÔÇŁ.
             Znaleziono odwo┼éanie w lokalizacji ┼Ťcie┼╝ki wyszukiwania ÔÇ×{RawFileName}ÔÇŁ.
             To odwo┼éanie nie ma parametru CopyLocal, poniewa┼╝ co najmniej jeden element ┼║r├│d┼éowy ma parametr Private ustawiony na warto┼Ť─ç false, a ┼╝aden z element├│w ┼║r├│d┼éowych nie ma parametru Private ustawionego na warto┼Ť─ç true.
         Odwo┼éanie podstawowe ÔÇ×System.Diagnostics.Debug, Version=8.0.0.0, Culture=neutral, PublicKeyToken=b03f5f7f11d50a3aÔÇŁ.
             Rozpoznana ┼Ťcie┼╝ka pliku: ÔÇ×C:\Program Files\dotnet\packs\Microsoft.NETCore.App.Ref\8.0.1\ref\net8.0\System.Diagnostics.Debug.dllÔÇŁ.
             Znaleziono odwo┼éanie w lokalizacji ┼Ťcie┼╝ki wyszukiwania ÔÇ×{RawFileName}ÔÇŁ.
             To odwo┼éanie nie ma parametru CopyLocal, poniewa┼╝ co najmniej jeden element ┼║r├│d┼éowy ma parametr Private ustawiony na warto┼Ť─ç false, a ┼╝aden z element├│w ┼║r├│d┼éowych nie ma parametru Private ustawionego na warto┼Ť─ç true.
         Odwo┼éanie podstawowe ÔÇ×System.Diagnostics.DiagnosticSource, Version=8.0.0.0, Culture=neutral, PublicKeyToken=cc7b13ffcd2ddd51ÔÇŁ.
             Rozpoznana ┼Ťcie┼╝ka pliku: ÔÇ×C:\Program Files\dotnet\packs\Microsoft.NETCore.App.Ref\8.0.1\ref\net8.0\System.Diagnostics.DiagnosticSource.dllÔÇŁ.
             Znaleziono odwo┼éanie w lokalizacji ┼Ťcie┼╝ki wyszukiwania ÔÇ×{RawFileName}ÔÇŁ.
             To odwo┼éanie nie ma parametru CopyLocal, poniewa┼╝ co najmniej jeden element ┼║r├│d┼éowy ma parametr Private ustawiony na warto┼Ť─ç false, a ┼╝aden z element├│w ┼║r├│d┼éowych nie ma parametru Private ustawionego na warto┼Ť─ç true.
         Odwo┼éanie podstawowe ÔÇ×System.Diagnostics.FileVersionInfo, Version=8.0.0.0, Culture=neutral, PublicKeyToken=b03f5f7f11d50a3aÔÇŁ.
             Rozpoznana ┼Ťcie┼╝ka pliku: ÔÇ×C:\Program Files\dotnet\packs\Microsoft.NETCore.App.Ref\8.0.1\ref\net8.0\System.Diagnostics.FileVersionInfo.dllÔÇŁ.
             Znaleziono odwo┼éanie w lokalizacji ┼Ťcie┼╝ki wyszukiwania ÔÇ×{RawFileName}ÔÇŁ.
             To odwo┼éanie nie ma parametru CopyLocal, poniewa┼╝ co najmniej jeden element ┼║r├│d┼éowy ma parametr Private ustawiony na warto┼Ť─ç false, a ┼╝aden z element├│w ┼║r├│d┼éowych nie ma parametru Private ustawionego na warto┼Ť─ç true.
         Odwo┼éanie podstawowe ÔÇ×System.Diagnostics.Process, Version=8.0.0.0, Culture=neutral, PublicKeyToken=b03f5f7f11d50a3aÔÇŁ.
             Rozpoznana ┼Ťcie┼╝ka pliku: ÔÇ×C:\Program Files\dotnet\packs\Microsoft.NETCore.App.Ref\8.0.1\ref\net8.0\System.Diagnostics.Process.dllÔÇŁ.
             Znaleziono odwo┼éanie w lokalizacji ┼Ťcie┼╝ki wyszukiwania ÔÇ×{RawFileName}ÔÇŁ.
             To odwo┼éanie nie ma parametru CopyLocal, poniewa┼╝ co najmniej jeden element ┼║r├│d┼éowy ma parametr Private ustawiony na warto┼Ť─ç false, a ┼╝aden z element├│w ┼║r├│d┼éowych nie ma parametru Private ustawionego na warto┼Ť─ç true.
         Odwo┼éanie podstawowe ÔÇ×System.Diagnostics.StackTrace, Version=8.0.0.0, Culture=neutral, PublicKeyToken=b03f5f7f11d50a3aÔÇŁ.
             Rozpoznana ┼Ťcie┼╝ka pliku: ÔÇ×C:\Program Files\dotnet\packs\Microsoft.NETCore.App.Ref\8.0.1\ref\net8.0\System.Diagnostics.StackTrace.dllÔÇŁ.
             Znaleziono odwo┼éanie w lokalizacji ┼Ťcie┼╝ki wyszukiwania ÔÇ×{RawFileName}ÔÇŁ.
             To odwo┼éanie nie ma parametru CopyLocal, poniewa┼╝ co najmniej jeden element ┼║r├│d┼éowy ma parametr Private ustawiony na warto┼Ť─ç false, a ┼╝aden z element├│w ┼║r├│d┼éowych nie ma parametru Private ustawionego na warto┼Ť─ç true.
         Odwo┼éanie podstawowe ÔÇ×System.Diagnostics.TextWriterTraceListener, Version=8.0.0.0, Culture=neutral, PublicKeyToken=b03f5f7f11d50a3aÔÇŁ.
             Rozpoznana ┼Ťcie┼╝ka pliku: ÔÇ×C:\Program Files\dotnet\packs\Microsoft.NETCore.App.Ref\8.0.1\ref\net8.0\System.Diagnostics.TextWriterTraceListener.dllÔÇŁ.
             Znaleziono odwo┼éanie w lokalizacji ┼Ťcie┼╝ki wyszukiwania ÔÇ×{RawFileName}ÔÇŁ.
             To odwo┼éanie nie ma parametru CopyLocal, poniewa┼╝ co najmniej jeden element ┼║r├│d┼éowy ma parametr Private ustawiony na warto┼Ť─ç false, a ┼╝aden z element├│w ┼║r├│d┼éowych nie ma parametru Private ustawionego na warto┼Ť─ç true.
         Odwo┼éanie podstawowe ÔÇ×System.Diagnostics.Tools, Version=8.0.0.0, Culture=neutral, PublicKeyToken=b03f5f7f11d50a3aÔÇŁ.
             Rozpoznana ┼Ťcie┼╝ka pliku: ÔÇ×C:\Program Files\dotnet\packs\Microsoft.NETCore.App.Ref\8.0.1\ref\net8.0\System.Diagnostics.Tools.dllÔÇŁ.
             Znaleziono odwo┼éanie w lokalizacji ┼Ťcie┼╝ki wyszukiwania ÔÇ×{RawFileName}ÔÇŁ.
             To odwo┼éanie nie ma parametru CopyLocal, poniewa┼╝ co najmniej jeden element ┼║r├│d┼éowy ma parametr Private ustawiony na warto┼Ť─ç false, a ┼╝aden z element├│w ┼║r├│d┼éowych nie ma parametru Private ustawionego na warto┼Ť─ç true.
         Odwo┼éanie podstawowe ÔÇ×System.Diagnostics.TraceSource, Version=8.0.0.0, Culture=neutral, PublicKeyToken=b03f5f7f11d50a3aÔÇŁ.
             Rozpoznana ┼Ťcie┼╝ka pliku: ÔÇ×C:\Program Files\dotnet\packs\Microsoft.NETCore.App.Ref\8.0.1\ref\net8.0\System.Diagnostics.TraceSource.dllÔÇŁ.
             Znaleziono odwo┼éanie w lokalizacji ┼Ťcie┼╝ki wyszukiwania ÔÇ×{RawFileName}ÔÇŁ.
             To odwo┼éanie nie ma parametru CopyLocal, poniewa┼╝ co najmniej jeden element ┼║r├│d┼éowy ma parametr Private ustawiony na warto┼Ť─ç false, a ┼╝aden z element├│w ┼║r├│d┼éowych nie ma parametru Private ustawionego na warto┼Ť─ç true.
         Odwo┼éanie podstawowe ÔÇ×System.Diagnostics.Tracing, Version=8.0.0.0, Culture=neutral, PublicKeyToken=b03f5f7f11d50a3aÔÇŁ.
             Rozpoznana ┼Ťcie┼╝ka pliku: ÔÇ×C:\Program Files\dotnet\packs\Microsoft.NETCore.App.Ref\8.0.1\ref\net8.0\System.Diagnostics.Tracing.dllÔÇŁ.
             Znaleziono odwo┼éanie w lokalizacji ┼Ťcie┼╝ki wyszukiwania ÔÇ×{RawFileName}ÔÇŁ.
             To odwo┼éanie nie ma parametru CopyLocal, poniewa┼╝ co najmniej jeden element ┼║r├│d┼éowy ma parametr Private ustawiony na warto┼Ť─ç false, a ┼╝aden z element├│w ┼║r├│d┼éowych nie ma parametru Private ustawionego na warto┼Ť─ç true.
         Odwo┼éanie podstawowe ÔÇ×System.Drawing.Primitives, Version=8.0.0.0, Culture=neutral, PublicKeyToken=b03f5f7f11d50a3aÔÇŁ.
             Rozpoznana ┼Ťcie┼╝ka pliku: ÔÇ×C:\Program Files\dotnet\packs\Microsoft.NETCore.App.Ref\8.0.1\ref\net8.0\System.Drawing.Primitives.dllÔÇŁ.
             Znaleziono odwo┼éanie w lokalizacji ┼Ťcie┼╝ki wyszukiwania ÔÇ×{RawFileName}ÔÇŁ.
             To odwo┼éanie nie ma parametru CopyLocal, poniewa┼╝ co najmniej jeden element ┼║r├│d┼éowy ma parametr Private ustawiony na warto┼Ť─ç false, a ┼╝aden z element├│w ┼║r├│d┼éowych nie ma parametru Private ustawionego na warto┼Ť─ç true.
         Odwo┼éanie podstawowe ÔÇ×System.Drawing, Version=4.0.0.0, Culture=neutral, PublicKeyToken=b03f5f7f11d50a3aÔÇŁ.
             Rozpoznana ┼Ťcie┼╝ka pliku: ÔÇ×C:\Program Files\dotnet\packs\Microsoft.NETCore.App.Ref\8.0.1\ref\net8.0\System.Drawing.dllÔÇŁ.
             Znaleziono odwo┼éanie w lokalizacji ┼Ťcie┼╝ki wyszukiwania ÔÇ×{RawFileName}ÔÇŁ.
             To odwo┼éanie nie ma parametru CopyLocal, poniewa┼╝ co najmniej jeden element ┼║r├│d┼éowy ma parametr Private ustawiony na warto┼Ť─ç false, a ┼╝aden z element├│w ┼║r├│d┼éowych nie ma parametru Private ustawionego na warto┼Ť─ç true.
         Odwo┼éanie podstawowe ÔÇ×System.Dynamic.Runtime, Version=8.0.0.0, Culture=neutral, PublicKeyToken=b03f5f7f11d50a3aÔÇŁ.
             Rozpoznana ┼Ťcie┼╝ka pliku: ÔÇ×C:\Program Files\dotnet\packs\Microsoft.NETCore.App.Ref\8.0.1\ref\net8.0\System.Dynamic.Runtime.dllÔÇŁ.
             Znaleziono odwo┼éanie w lokalizacji ┼Ťcie┼╝ki wyszukiwania ÔÇ×{RawFileName}ÔÇŁ.
             To odwo┼éanie nie ma parametru CopyLocal, poniewa┼╝ co najmniej jeden element ┼║r├│d┼éowy ma parametr Private ustawiony na warto┼Ť─ç false, a ┼╝aden z element├│w ┼║r├│d┼éowych nie ma parametru Private ustawionego na warto┼Ť─ç true.
         Odwo┼éanie podstawowe ÔÇ×System.Formats.Asn1, Version=8.0.0.0, Culture=neutral, PublicKeyToken=cc7b13ffcd2ddd51ÔÇŁ.
             Rozpoznana ┼Ťcie┼╝ka pliku: ÔÇ×C:\Program Files\dotnet\packs\Microsoft.NETCore.App.Ref\8.0.1\ref\net8.0\System.Formats.Asn1.dllÔÇŁ.
             Znaleziono odwo┼éanie w lokalizacji ┼Ťcie┼╝ki wyszukiwania ÔÇ×{RawFileName}ÔÇŁ.
             To odwo┼éanie nie ma parametru CopyLocal, poniewa┼╝ co najmniej jeden element ┼║r├│d┼éowy ma parametr Private ustawiony na warto┼Ť─ç false, a ┼╝aden z element├│w ┼║r├│d┼éowych nie ma parametru Private ustawionego na warto┼Ť─ç true.
         Odwo┼éanie podstawowe ÔÇ×System.Formats.Tar, Version=8.0.0.0, Culture=neutral, PublicKeyToken=cc7b13ffcd2ddd51ÔÇŁ.
             Rozpoznana ┼Ťcie┼╝ka pliku: ÔÇ×C:\Program Files\dotnet\packs\Microsoft.NETCore.App.Ref\8.0.1\ref\net8.0\System.Formats.Tar.dllÔÇŁ.
             Znaleziono odwo┼éanie w lokalizacji ┼Ťcie┼╝ki wyszukiwania ÔÇ×{RawFileName}ÔÇŁ.
             To odwo┼éanie nie ma parametru CopyLocal, poniewa┼╝ co najmniej jeden element ┼║r├│d┼éowy ma parametr Private ustawiony na warto┼Ť─ç false, a ┼╝aden z element├│w ┼║r├│d┼éowych nie ma parametru Private ustawionego na warto┼Ť─ç true.
         Odwo┼éanie podstawowe ÔÇ×System.Globalization.Calendars, Version=8.0.0.0, Culture=neutral, PublicKeyToken=b03f5f7f11d50a3aÔÇŁ.
             Rozpoznana ┼Ťcie┼╝ka pliku: ÔÇ×C:\Program Files\dotnet\packs\Microsoft.NETCore.App.Ref\8.0.1\ref\net8.0\System.Globalization.Calendars.dllÔÇŁ.
             Znaleziono odwo┼éanie w lokalizacji ┼Ťcie┼╝ki wyszukiwania ÔÇ×{RawFileName}ÔÇŁ.
             To odwo┼éanie nie ma parametru CopyLocal, poniewa┼╝ co najmniej jeden element ┼║r├│d┼éowy ma parametr Private ustawiony na warto┼Ť─ç false, a ┼╝aden z element├│w ┼║r├│d┼éowych nie ma parametru Private ustawionego na warto┼Ť─ç true.
         Odwo┼éanie podstawowe ÔÇ×System.Globalization.Extensions, Version=8.0.0.0, Culture=neutral, PublicKeyToken=b03f5f7f11d50a3aÔÇŁ.
             Rozpoznana ┼Ťcie┼╝ka pliku: ÔÇ×C:\Program Files\dotnet\packs\Microsoft.NETCore.App.Ref\8.0.1\ref\net8.0\System.Globalization.Extensions.dllÔÇŁ.
             Znaleziono odwo┼éanie w lokalizacji ┼Ťcie┼╝ki wyszukiwania ÔÇ×{RawFileName}ÔÇŁ.
             To odwo┼éanie nie ma parametru CopyLocal, poniewa┼╝ co najmniej jeden element ┼║r├│d┼éowy ma parametr Private ustawiony na warto┼Ť─ç false, a ┼╝aden z element├│w ┼║r├│d┼éowych nie ma parametru Private ustawionego na warto┼Ť─ç true.
         Odwo┼éanie podstawowe ÔÇ×System.Globalization, Version=8.0.0.0, Culture=neutral, PublicKeyToken=b03f5f7f11d50a3aÔÇŁ.
             Rozpoznana ┼Ťcie┼╝ka pliku: ÔÇ×C:\Program Files\dotnet\packs\Microsoft.NETCore.App.Ref\8.0.1\ref\net8.0\System.Globalization.dllÔÇŁ.
             Znaleziono odwo┼éanie w lokalizacji ┼Ťcie┼╝ki wyszukiwania ÔÇ×{RawFileName}ÔÇŁ.
             To odwo┼éanie nie ma parametru CopyLocal, poniewa┼╝ co najmniej jeden element ┼║r├│d┼éowy ma parametr Private ustawiony na warto┼Ť─ç false, a ┼╝aden z element├│w ┼║r├│d┼éowych nie ma parametru Private ustawionego na warto┼Ť─ç true.
         Odwo┼éanie podstawowe ÔÇ×System.IO.Compression.Brotli, Version=8.0.0.0, Culture=neutral, PublicKeyToken=b77a5c561934e089ÔÇŁ.
             Rozpoznana ┼Ťcie┼╝ka pliku: ÔÇ×C:\Program Files\dotnet\packs\Microsoft.NETCore.App.Ref\8.0.1\ref\net8.0\System.IO.Compression.Brotli.dllÔÇŁ.
             Znaleziono odwo┼éanie w lokalizacji ┼Ťcie┼╝ki wyszukiwania ÔÇ×{RawFileName}ÔÇŁ.
             To odwo┼éanie nie ma parametru CopyLocal, poniewa┼╝ co najmniej jeden element ┼║r├│d┼éowy ma parametr Private ustawiony na warto┼Ť─ç false, a ┼╝aden z element├│w ┼║r├│d┼éowych nie ma parametru Private ustawionego na warto┼Ť─ç true.
         Odwo┼éanie podstawowe ÔÇ×System.IO.Compression.FileSystem, Version=4.0.0.0, Culture=neutral, PublicKeyToken=b77a5c561934e089ÔÇŁ.
             Rozpoznana ┼Ťcie┼╝ka pliku: ÔÇ×C:\Program Files\dotnet\packs\Microsoft.NETCore.App.Ref\8.0.1\ref\net8.0\System.IO.Compression.FileSystem.dllÔÇŁ.
             Znaleziono odwo┼éanie w lokalizacji ┼Ťcie┼╝ki wyszukiwania ÔÇ×{RawFileName}ÔÇŁ.
             To odwo┼éanie nie ma parametru CopyLocal, poniewa┼╝ co najmniej jeden element ┼║r├│d┼éowy ma parametr Private ustawiony na warto┼Ť─ç false, a ┼╝aden z element├│w ┼║r├│d┼éowych nie ma parametru Private ustawionego na warto┼Ť─ç true.
         Odwo┼éanie podstawowe ÔÇ×System.IO.Compression.ZipFile, Version=8.0.0.0, Culture=neutral, PublicKeyToken=b77a5c561934e089ÔÇŁ.
             Rozpoznana ┼Ťcie┼╝ka pliku: ÔÇ×C:\Program Files\dotnet\packs\Microsoft.NETCore.App.Ref\8.0.1\ref\net8.0\System.IO.Compression.ZipFile.dllÔÇŁ.
             Znaleziono odwo┼éanie w lokalizacji ┼Ťcie┼╝ki wyszukiwania ÔÇ×{RawFileName}ÔÇŁ.
             To odwo┼éanie nie ma parametru CopyLocal, poniewa┼╝ co najmniej jeden element ┼║r├│d┼éowy ma parametr Private ustawiony na warto┼Ť─ç false, a ┼╝aden z element├│w ┼║r├│d┼éowych nie ma parametru Private ustawionego na warto┼Ť─ç true.
         Odwo┼éanie podstawowe ÔÇ×System.IO.Compression, Version=8.0.0.0, Culture=neutral, PublicKeyToken=b77a5c561934e089ÔÇŁ.
             Rozpoznana ┼Ťcie┼╝ka pliku: ÔÇ×C:\Program Files\dotnet\packs\Microsoft.NETCore.App.Ref\8.0.1\ref\net8.0\System.IO.Compression.dllÔÇŁ.
             Znaleziono odwo┼éanie w lokalizacji ┼Ťcie┼╝ki wyszukiwania ÔÇ×{RawFileName}ÔÇŁ.
             To odwo┼éanie nie ma parametru CopyLocal, poniewa┼╝ co najmniej jeden element ┼║r├│d┼éowy ma parametr Private ustawiony na warto┼Ť─ç false, a ┼╝aden z element├│w ┼║r├│d┼éowych nie ma parametru Private ustawionego na warto┼Ť─ç true.
         Odwo┼éanie podstawowe ÔÇ×System.IO.FileSystem.AccessControl, Version=8.0.0.0, Culture=neutral, PublicKeyToken=b03f5f7f11d50a3aÔÇŁ.
             Rozpoznana ┼Ťcie┼╝ka pliku: ÔÇ×C:\Program Files\dotnet\packs\Microsoft.NETCore.App.Ref\8.0.1\ref\net8.0\System.IO.FileSystem.AccessControl.dllÔÇŁ.
             Znaleziono odwo┼éanie w lokalizacji ┼Ťcie┼╝ki wyszukiwania ÔÇ×{RawFileName}ÔÇŁ.
             To odwo┼éanie nie ma parametru CopyLocal, poniewa┼╝ co najmniej jeden element ┼║r├│d┼éowy ma parametr Private ustawiony na warto┼Ť─ç false, a ┼╝aden z element├│w ┼║r├│d┼éowych nie ma parametru Private ustawionego na warto┼Ť─ç true.
         Odwo┼éanie podstawowe ÔÇ×System.IO.FileSystem.DriveInfo, Version=8.0.0.0, Culture=neutral, PublicKeyToken=b03f5f7f11d50a3aÔÇŁ.
             Rozpoznana ┼Ťcie┼╝ka pliku: ÔÇ×C:\Program Files\dotnet\packs\Microsoft.NETCore.App.Ref\8.0.1\ref\net8.0\System.IO.FileSystem.DriveInfo.dllÔÇŁ.
             Znaleziono odwo┼éanie w lokalizacji ┼Ťcie┼╝ki wyszukiwania ÔÇ×{RawFileName}ÔÇŁ.
             To odwo┼éanie nie ma parametru CopyLocal, poniewa┼╝ co najmniej jeden element ┼║r├│d┼éowy ma parametr Private ustawiony na warto┼Ť─ç false, a ┼╝aden z element├│w ┼║r├│d┼éowych nie ma parametru Private ustawionego na warto┼Ť─ç true.
         Odwo┼éanie podstawowe ÔÇ×System.IO.FileSystem.Primitives, Version=8.0.0.0, Culture=neutral, PublicKeyToken=b03f5f7f11d50a3aÔÇŁ.
             Rozpoznana ┼Ťcie┼╝ka pliku: ÔÇ×C:\Program Files\dotnet\packs\Microsoft.NETCore.App.Ref\8.0.1\ref\net8.0\System.IO.FileSystem.Primitives.dllÔÇŁ.
             Znaleziono odwo┼éanie w lokalizacji ┼Ťcie┼╝ki wyszukiwania ÔÇ×{RawFileName}ÔÇŁ.
             To odwo┼éanie nie ma parametru CopyLocal, poniewa┼╝ co najmniej jeden element ┼║r├│d┼éowy ma parametr Private ustawiony na warto┼Ť─ç false, a ┼╝aden z element├│w ┼║r├│d┼éowych nie ma parametru Private ustawionego na warto┼Ť─ç true.
         Odwo┼éanie podstawowe ÔÇ×System.IO.FileSystem.Watcher, Version=8.0.0.0, Culture=neutral, PublicKeyToken=b03f5f7f11d50a3aÔÇŁ.
             Rozpoznana ┼Ťcie┼╝ka pliku: ÔÇ×C:\Program Files\dotnet\packs\Microsoft.NETCore.App.Ref\8.0.1\ref\net8.0\System.IO.FileSystem.Watcher.dllÔÇŁ.
             Znaleziono odwo┼éanie w lokalizacji ┼Ťcie┼╝ki wyszukiwania ÔÇ×{RawFileName}ÔÇŁ.
             To odwo┼éanie nie ma parametru CopyLocal, poniewa┼╝ co najmniej jeden element ┼║r├│d┼éowy ma parametr Private ustawiony na warto┼Ť─ç false, a ┼╝aden z element├│w ┼║r├│d┼éowych nie ma parametru Private ustawionego na warto┼Ť─ç true.
         Odwo┼éanie podstawowe ÔÇ×System.IO.FileSystem, Version=8.0.0.0, Culture=neutral, PublicKeyToken=b03f5f7f11d50a3aÔÇŁ.
             Rozpoznana ┼Ťcie┼╝ka pliku: ÔÇ×C:\Program Files\dotnet\packs\Microsoft.NETCore.App.Ref\8.0.1\ref\net8.0\System.IO.FileSystem.dllÔÇŁ.
             Znaleziono odwo┼éanie w lokalizacji ┼Ťcie┼╝ki wyszukiwania ÔÇ×{RawFileName}ÔÇŁ.
             To odwo┼éanie nie ma parametru CopyLocal, poniewa┼╝ co najmniej jeden element ┼║r├│d┼éowy ma parametr Private ustawiony na warto┼Ť─ç false, a ┼╝aden z element├│w ┼║r├│d┼éowych nie ma parametru Private ustawionego na warto┼Ť─ç true.
         Odwo┼éanie podstawowe ÔÇ×System.IO.IsolatedStorage, Version=8.0.0.0, Culture=neutral, PublicKeyToken=b03f5f7f11d50a3aÔÇŁ.
             Rozpoznana ┼Ťcie┼╝ka pliku: ÔÇ×C:\Program Files\dotnet\packs\Microsoft.NETCore.App.Ref\8.0.1\ref\net8.0\System.IO.IsolatedStorage.dllÔÇŁ.
             Znaleziono odwo┼éanie w lokalizacji ┼Ťcie┼╝ki wyszukiwania ÔÇ×{RawFileName}ÔÇŁ.
             To odwo┼éanie nie ma parametru CopyLocal, poniewa┼╝ co najmniej jeden element ┼║r├│d┼éowy ma parametr Private ustawiony na warto┼Ť─ç false, a ┼╝aden z element├│w ┼║r├│d┼éowych nie ma parametru Private ustawionego na warto┼Ť─ç true.
         Odwo┼éanie podstawowe ÔÇ×System.IO.MemoryMappedFiles, Version=8.0.0.0, Culture=neutral, PublicKeyToken=b03f5f7f11d50a3aÔÇŁ.
             Rozpoznana ┼Ťcie┼╝ka pliku: ÔÇ×C:\Program Files\dotnet\packs\Microsoft.NETCore.App.Ref\8.0.1\ref\net8.0\System.IO.MemoryMappedFiles.dllÔÇŁ.
             Znaleziono odwo┼éanie w lokalizacji ┼Ťcie┼╝ki wyszukiwania ÔÇ×{RawFileName}ÔÇŁ.
             To odwo┼éanie nie ma parametru CopyLocal, poniewa┼╝ co najmniej jeden element ┼║r├│d┼éowy ma parametr Private ustawiony na warto┼Ť─ç false, a ┼╝aden z element├│w ┼║r├│d┼éowych nie ma parametru Private ustawionego na warto┼Ť─ç true.
         Odwo┼éanie podstawowe ÔÇ×System.IO.Pipes.AccessControl, Version=8.0.0.0, Culture=neutral, PublicKeyToken=b03f5f7f11d50a3aÔÇŁ.
             Rozpoznana ┼Ťcie┼╝ka pliku: ÔÇ×C:\Program Files\dotnet\packs\Microsoft.NETCore.App.Ref\8.0.1\ref\net8.0\System.IO.Pipes.AccessControl.dllÔÇŁ.
             Znaleziono odwo┼éanie w lokalizacji ┼Ťcie┼╝ki wyszukiwania ÔÇ×{RawFileName}ÔÇŁ.
             To odwo┼éanie nie ma parametru CopyLocal, poniewa┼╝ co najmniej jeden element ┼║r├│d┼éowy ma parametr Private ustawiony na warto┼Ť─ç false, a ┼╝aden z element├│w ┼║r├│d┼éowych nie ma parametru Private ustawionego na warto┼Ť─ç true.
         Odwo┼éanie podstawowe ÔÇ×System.IO.Pipes, Version=8.0.0.0, Culture=neutral, PublicKeyToken=b03f5f7f11d50a3aÔÇŁ.
             Rozpoznana ┼Ťcie┼╝ka pliku: ÔÇ×C:\Program Files\dotnet\packs\Microsoft.NETCore.App.Ref\8.0.1\ref\net8.0\System.IO.Pipes.dllÔÇŁ.
             Znaleziono odwo┼éanie w lokalizacji ┼Ťcie┼╝ki wyszukiwania ÔÇ×{RawFileName}ÔÇŁ.
             To odwo┼éanie nie ma parametru CopyLocal, poniewa┼╝ co najmniej jeden element ┼║r├│d┼éowy ma parametr Private ustawiony na warto┼Ť─ç false, a ┼╝aden z element├│w ┼║r├│d┼éowych nie ma parametru Private ustawionego na warto┼Ť─ç true.
         Odwo┼éanie podstawowe ÔÇ×System.IO.UnmanagedMemoryStream, Version=8.0.0.0, Culture=neutral, PublicKeyToken=b03f5f7f11d50a3aÔÇŁ.
             Rozpoznana ┼Ťcie┼╝ka pliku: ÔÇ×C:\Program Files\dotnet\packs\Microsoft.NETCore.App.Ref\8.0.1\ref\net8.0\System.IO.UnmanagedMemoryStream.dllÔÇŁ.
             Znaleziono odwo┼éanie w lokalizacji ┼Ťcie┼╝ki wyszukiwania ÔÇ×{RawFileName}ÔÇŁ.
             To odwo┼éanie nie ma parametru CopyLocal, poniewa┼╝ co najmniej jeden element ┼║r├│d┼éowy ma parametr Private ustawiony na warto┼Ť─ç false, a ┼╝aden z element├│w ┼║r├│d┼éowych nie ma parametru Private ustawionego na warto┼Ť─ç true.
         Odwo┼éanie podstawowe ÔÇ×System.IO, Version=8.0.0.0, Culture=neutral, PublicKeyToken=b03f5f7f11d50a3aÔÇŁ.
             Rozpoznana ┼Ťcie┼╝ka pliku: ÔÇ×C:\Program Files\dotnet\packs\Microsoft.NETCore.App.Ref\8.0.1\ref\net8.0\System.IO.dllÔÇŁ.
             Znaleziono odwo┼éanie w lokalizacji ┼Ťcie┼╝ki wyszukiwania ÔÇ×{RawFileName}ÔÇŁ.
             To odwo┼éanie nie ma parametru CopyLocal, poniewa┼╝ co najmniej jeden element ┼║r├│d┼éowy ma parametr Private ustawiony na warto┼Ť─ç false, a ┼╝aden z element├│w ┼║r├│d┼éowych nie ma parametru Private ustawionego na warto┼Ť─ç true.
         Odwo┼éanie podstawowe ÔÇ×System.Linq.Expressions, Version=8.0.0.0, Culture=neutral, PublicKeyToken=b03f5f7f11d50a3aÔÇŁ.
             Rozpoznana ┼Ťcie┼╝ka pliku: ÔÇ×C:\Program Files\dotnet\packs\Microsoft.NETCore.App.Ref\8.0.1\ref\net8.0\System.Linq.Expressions.dllÔÇŁ.
             Znaleziono odwo┼éanie w lokalizacji ┼Ťcie┼╝ki wyszukiwania ÔÇ×{RawFileName}ÔÇŁ.
             To odwo┼éanie nie ma parametru CopyLocal, poniewa┼╝ co najmniej jeden element ┼║r├│d┼éowy ma parametr Private ustawiony na warto┼Ť─ç false, a ┼╝aden z element├│w ┼║r├│d┼éowych nie ma parametru Private ustawionego na warto┼Ť─ç true.
         Odwo┼éanie podstawowe ÔÇ×System.Linq.Parallel, Version=8.0.0.0, Culture=neutral, PublicKeyToken=b03f5f7f11d50a3aÔÇŁ.
             Rozpoznana ┼Ťcie┼╝ka pliku: ÔÇ×C:\Program Files\dotnet\packs\Microsoft.NETCore.App.Ref\8.0.1\ref\net8.0\System.Linq.Parallel.dllÔÇŁ.
             Znaleziono odwo┼éanie w lokalizacji ┼Ťcie┼╝ki wyszukiwania ÔÇ×{RawFileName}ÔÇŁ.
             To odwo┼éanie nie ma parametru CopyLocal, poniewa┼╝ co najmniej jeden element ┼║r├│d┼éowy ma parametr Private ustawiony na warto┼Ť─ç false, a ┼╝aden z element├│w ┼║r├│d┼éowych nie ma parametru Private ustawionego na warto┼Ť─ç true.
         Odwo┼éanie podstawowe ÔÇ×System.Linq.Queryable, Version=8.0.0.0, Culture=neutral, PublicKeyToken=b03f5f7f11d50a3aÔÇŁ.
             Rozpoznana ┼Ťcie┼╝ka pliku: ÔÇ×C:\Program Files\dotnet\packs\Microsoft.NETCore.App.Ref\8.0.1\ref\net8.0\System.Linq.Queryable.dllÔÇŁ.
             Znaleziono odwo┼éanie w lokalizacji ┼Ťcie┼╝ki wyszukiwania ÔÇ×{RawFileName}ÔÇŁ.
             To odwo┼éanie nie ma parametru CopyLocal, poniewa┼╝ co najmniej jeden element ┼║r├│d┼éowy ma parametr Private ustawiony na warto┼Ť─ç false, a ┼╝aden z element├│w ┼║r├│d┼éowych nie ma parametru Private ustawionego na warto┼Ť─ç true.
         Odwo┼éanie podstawowe ÔÇ×System.Linq, Version=8.0.0.0, Culture=neutral, PublicKeyToken=b03f5f7f11d50a3aÔÇŁ.
             Rozpoznana ┼Ťcie┼╝ka pliku: ÔÇ×C:\Program Files\dotnet\packs\Microsoft.NETCore.App.Ref\8.0.1\ref\net8.0\System.Linq.dllÔÇŁ.
             Znaleziono odwo┼éanie w lokalizacji ┼Ťcie┼╝ki wyszukiwania ÔÇ×{RawFileName}ÔÇŁ.
             To odwo┼éanie nie ma parametru CopyLocal, poniewa┼╝ co najmniej jeden element ┼║r├│d┼éowy ma parametr Private ustawiony na warto┼Ť─ç false, a ┼╝aden z element├│w ┼║r├│d┼éowych nie ma parametru Private ustawionego na warto┼Ť─ç true.
         Odwo┼éanie podstawowe ÔÇ×System.Memory, Version=8.0.0.0, Culture=neutral, PublicKeyToken=cc7b13ffcd2ddd51ÔÇŁ.
             Rozpoznana ┼Ťcie┼╝ka pliku: ÔÇ×C:\Program Files\dotnet\packs\Microsoft.NETCore.App.Ref\8.0.1\ref\net8.0\System.Memory.dllÔÇŁ.
             Znaleziono odwo┼éanie w lokalizacji ┼Ťcie┼╝ki wyszukiwania ÔÇ×{RawFileName}ÔÇŁ.
             To odwo┼éanie nie ma parametru CopyLocal, poniewa┼╝ co najmniej jeden element ┼║r├│d┼éowy ma parametr Private ustawiony na warto┼Ť─ç false, a ┼╝aden z element├│w ┼║r├│d┼éowych nie ma parametru Private ustawionego na warto┼Ť─ç true.
         Odwo┼éanie podstawowe ÔÇ×System.Net.Http.Json, Version=8.0.0.0, Culture=neutral, PublicKeyToken=cc7b13ffcd2ddd51ÔÇŁ.
             Rozpoznana ┼Ťcie┼╝ka pliku: ÔÇ×C:\Program Files\dotnet\packs\Microsoft.NETCore.App.Ref\8.0.1\ref\net8.0\System.Net.Http.Json.dllÔÇŁ.
             Znaleziono odwo┼éanie w lokalizacji ┼Ťcie┼╝ki wyszukiwania ÔÇ×{RawFileName}ÔÇŁ.
             To odwo┼éanie nie ma parametru CopyLocal, poniewa┼╝ co najmniej jeden element ┼║r├│d┼éowy ma parametr Private ustawiony na warto┼Ť─ç false, a ┼╝aden z element├│w ┼║r├│d┼éowych nie ma parametru Private ustawionego na warto┼Ť─ç true.
         Odwo┼éanie podstawowe ÔÇ×System.Net.Http, Version=8.0.0.0, Culture=neutral, PublicKeyToken=b03f5f7f11d50a3aÔÇŁ.
             Rozpoznana ┼Ťcie┼╝ka pliku: ÔÇ×C:\Program Files\dotnet\packs\Microsoft.NETCore.App.Ref\8.0.1\ref\net8.0\System.Net.Http.dllÔÇŁ.
             Znaleziono odwo┼éanie w lokalizacji ┼Ťcie┼╝ki wyszukiwania ÔÇ×{RawFileName}ÔÇŁ.
             To odwo┼éanie nie ma parametru CopyLocal, poniewa┼╝ co najmniej jeden element ┼║r├│d┼éowy ma parametr Private ustawiony na warto┼Ť─ç false, a ┼╝aden z element├│w ┼║r├│d┼éowych nie ma parametru Private ustawionego na warto┼Ť─ç true.
         Odwo┼éanie podstawowe ÔÇ×System.Net.HttpListener, Version=8.0.0.0, Culture=neutral, PublicKeyToken=cc7b13ffcd2ddd51ÔÇŁ.
             Rozpoznana ┼Ťcie┼╝ka pliku: ÔÇ×C:\Program Files\dotnet\packs\Microsoft.NETCore.App.Ref\8.0.1\ref\net8.0\System.Net.HttpListener.dllÔÇŁ.
             Znaleziono odwo┼éanie w lokalizacji ┼Ťcie┼╝ki wyszukiwania ÔÇ×{RawFileName}ÔÇŁ.
             To odwo┼éanie nie ma parametru CopyLocal, poniewa┼╝ co najmniej jeden element ┼║r├│d┼éowy ma parametr Private ustawiony na warto┼Ť─ç false, a ┼╝aden z element├│w ┼║r├│d┼éowych nie ma parametru Private ustawionego na warto┼Ť─ç true.
         Odwo┼éanie podstawowe ÔÇ×System.Net.Mail, Version=8.0.0.0, Culture=neutral, PublicKeyToken=cc7b13ffcd2ddd51ÔÇŁ.
             Rozpoznana ┼Ťcie┼╝ka pliku: ÔÇ×C:\Program Files\dotnet\packs\Microsoft.NETCore.App.Ref\8.0.1\ref\net8.0\System.Net.Mail.dllÔÇŁ.
             Znaleziono odwo┼éanie w lokalizacji ┼Ťcie┼╝ki wyszukiwania ÔÇ×{RawFileName}ÔÇŁ.
             To odwo┼éanie nie ma parametru CopyLocal, poniewa┼╝ co najmniej jeden element ┼║r├│d┼éowy ma parametr Private ustawiony na warto┼Ť─ç false, a ┼╝aden z element├│w ┼║r├│d┼éowych nie ma parametru Private ustawionego na warto┼Ť─ç true.
         Odwo┼éanie podstawowe ÔÇ×System.Net.NameResolution, Version=8.0.0.0, Culture=neutral, PublicKeyToken=b03f5f7f11d50a3aÔÇŁ.
             Rozpoznana ┼Ťcie┼╝ka pliku: ÔÇ×C:\Program Files\dotnet\packs\Microsoft.NETCore.App.Ref\8.0.1\ref\net8.0\System.Net.NameResolution.dllÔÇŁ.
             Znaleziono odwo┼éanie w lokalizacji ┼Ťcie┼╝ki wyszukiwania ÔÇ×{RawFileName}ÔÇŁ.
             To odwo┼éanie nie ma parametru CopyLocal, poniewa┼╝ co najmniej jeden element ┼║r├│d┼éowy ma parametr Private ustawiony na warto┼Ť─ç false, a ┼╝aden z element├│w ┼║r├│d┼éowych nie ma parametru Private ustawionego na warto┼Ť─ç true.
         Odwo┼éanie podstawowe ÔÇ×System.Net.NetworkInformation, Version=8.0.0.0, Culture=neutral, PublicKeyToken=b03f5f7f11d50a3aÔÇŁ.
             Rozpoznana ┼Ťcie┼╝ka pliku: ÔÇ×C:\Program Files\dotnet\packs\Microsoft.NETCore.App.Ref\8.0.1\ref\net8.0\System.Net.NetworkInformation.dllÔÇŁ.
             Znaleziono odwo┼éanie w lokalizacji ┼Ťcie┼╝ki wyszukiwania ÔÇ×{RawFileName}ÔÇŁ.
             To odwo┼éanie nie ma parametru CopyLocal, poniewa┼╝ co najmniej jeden element ┼║r├│d┼éowy ma parametr Private ustawiony na warto┼Ť─ç false, a ┼╝aden z element├│w ┼║r├│d┼éowych nie ma parametru Private ustawionego na warto┼Ť─ç true.
         Odwo┼éanie podstawowe ÔÇ×System.Net.Ping, Version=8.0.0.0, Culture=neutral, PublicKeyToken=b03f5f7f11d50a3aÔÇŁ.
             Rozpoznana ┼Ťcie┼╝ka pliku: ÔÇ×C:\Program Files\dotnet\packs\Microsoft.NETCore.App.Ref\8.0.1\ref\net8.0\System.Net.Ping.dllÔÇŁ.
             Znaleziono odwo┼éanie w lokalizacji ┼Ťcie┼╝ki wyszukiwania ÔÇ×{RawFileName}ÔÇŁ.
             To odwo┼éanie nie ma parametru CopyLocal, poniewa┼╝ co najmniej jeden element ┼║r├│d┼éowy ma parametr Private ustawiony na warto┼Ť─ç false, a ┼╝aden z element├│w ┼║r├│d┼éowych nie ma parametru Private ustawionego na warto┼Ť─ç true.
         Odwo┼éanie podstawowe ÔÇ×System.Net.Primitives, Version=8.0.0.0, Culture=neutral, PublicKeyToken=b03f5f7f11d50a3aÔÇŁ.
             Rozpoznana ┼Ťcie┼╝ka pliku: ÔÇ×C:\Program Files\dotnet\packs\Microsoft.NETCore.App.Ref\8.0.1\ref\net8.0\System.Net.Primitives.dllÔÇŁ.
             Znaleziono odwo┼éanie w lokalizacji ┼Ťcie┼╝ki wyszukiwania ÔÇ×{RawFileName}ÔÇŁ.
             To odwo┼éanie nie ma parametru CopyLocal, poniewa┼╝ co najmniej jeden element ┼║r├│d┼éowy ma parametr Private ustawiony na warto┼Ť─ç false, a ┼╝aden z element├│w ┼║r├│d┼éowych nie ma parametru Private ustawionego na warto┼Ť─ç true.
         Odwo┼éanie podstawowe ÔÇ×System.Net.Quic, Version=8.0.0.0, Culture=neutral, PublicKeyToken=b03f5f7f11d50a3aÔÇŁ.
             Rozpoznana ┼Ťcie┼╝ka pliku: ÔÇ×C:\Program Files\dotnet\packs\Microsoft.NETCore.App.Ref\8.0.1\ref\net8.0\System.Net.Quic.dllÔÇŁ.
             Znaleziono odwo┼éanie w lokalizacji ┼Ťcie┼╝ki wyszukiwania ÔÇ×{RawFileName}ÔÇŁ.
             To odwo┼éanie nie ma parametru CopyLocal, poniewa┼╝ co najmniej jeden element ┼║r├│d┼éowy ma parametr Private ustawiony na warto┼Ť─ç false, a ┼╝aden z element├│w ┼║r├│d┼éowych nie ma parametru Private ustawionego na warto┼Ť─ç true.
         Odwo┼éanie podstawowe ÔÇ×System.Net.Requests, Version=8.0.0.0, Culture=neutral, PublicKeyToken=b03f5f7f11d50a3aÔÇŁ.
             Rozpoznana ┼Ťcie┼╝ka pliku: ÔÇ×C:\Program Files\dotnet\packs\Microsoft.NETCore.App.Ref\8.0.1\ref\net8.0\System.Net.Requests.dllÔÇŁ.
             Znaleziono odwo┼éanie w lokalizacji ┼Ťcie┼╝ki wyszukiwania ÔÇ×{RawFileName}ÔÇŁ.
             To odwo┼éanie nie ma parametru CopyLocal, poniewa┼╝ co najmniej jeden element ┼║r├│d┼éowy ma parametr Private ustawiony na warto┼Ť─ç false, a ┼╝aden z element├│w ┼║r├│d┼éowych nie ma parametru Private ustawionego na warto┼Ť─ç true.
         Odwo┼éanie podstawowe ÔÇ×System.Net.Security, Version=8.0.0.0, Culture=neutral, PublicKeyToken=b03f5f7f11d50a3aÔÇŁ.
             Rozpoznana ┼Ťcie┼╝ka pliku: ÔÇ×C:\Program Files\dotnet\packs\Microsoft.NETCore.App.Ref\8.0.1\ref\net8.0\System.Net.Security.dllÔÇŁ.
             Znaleziono odwo┼éanie w lokalizacji ┼Ťcie┼╝ki wyszukiwania ÔÇ×{RawFileName}ÔÇŁ.
             To odwo┼éanie nie ma parametru CopyLocal, poniewa┼╝ co najmniej jeden element ┼║r├│d┼éowy ma parametr Private ustawiony na warto┼Ť─ç false, a ┼╝aden z element├│w ┼║r├│d┼éowych nie ma parametru Private ustawionego na warto┼Ť─ç true.
         Odwo┼éanie podstawowe ÔÇ×System.Net.ServicePoint, Version=8.0.0.0, Culture=neutral, PublicKeyToken=cc7b13ffcd2ddd51ÔÇŁ.
             Rozpoznana ┼Ťcie┼╝ka pliku: ÔÇ×C:\Program Files\dotnet\packs\Microsoft.NETCore.App.Ref\8.0.1\ref\net8.0\System.Net.ServicePoint.dllÔÇŁ.
             Znaleziono odwo┼éanie w lokalizacji ┼Ťcie┼╝ki wyszukiwania ÔÇ×{RawFileName}ÔÇŁ.
             To odwo┼éanie nie ma parametru CopyLocal, poniewa┼╝ co najmniej jeden element ┼║r├│d┼éowy ma parametr Private ustawiony na warto┼Ť─ç false, a ┼╝aden z element├│w ┼║r├│d┼éowych nie ma parametru Private ustawionego na warto┼Ť─ç true.
         Odwo┼éanie podstawowe ÔÇ×System.Net.Sockets, Version=8.0.0.0, Culture=neutral, PublicKeyToken=b03f5f7f11d50a3aÔÇŁ.
             Rozpoznana ┼Ťcie┼╝ka pliku: ÔÇ×C:\Program Files\dotnet\packs\Microsoft.NETCore.App.Ref\8.0.1\ref\net8.0\System.Net.Sockets.dllÔÇŁ.
             Znaleziono odwo┼éanie w lokalizacji ┼Ťcie┼╝ki wyszukiwania ÔÇ×{RawFileName}ÔÇŁ.
             To odwo┼éanie nie ma parametru CopyLocal, poniewa┼╝ co najmniej jeden element ┼║r├│d┼éowy ma parametr Private ustawiony na warto┼Ť─ç false, a ┼╝aden z element├│w ┼║r├│d┼éowych nie ma parametru Private ustawionego na warto┼Ť─ç true.
         Odwo┼éanie podstawowe ÔÇ×System.Net.WebClient, Version=8.0.0.0, Culture=neutral, PublicKeyToken=cc7b13ffcd2ddd51ÔÇŁ.
             Rozpoznana ┼Ťcie┼╝ka pliku: ÔÇ×C:\Program Files\dotnet\packs\Microsoft.NETCore.App.Ref\8.0.1\ref\net8.0\System.Net.WebClient.dllÔÇŁ.
             Znaleziono odwo┼éanie w lokalizacji ┼Ťcie┼╝ki wyszukiwania ÔÇ×{RawFileName}ÔÇŁ.
             To odwo┼éanie nie ma parametru CopyLocal, poniewa┼╝ co najmniej jeden element ┼║r├│d┼éowy ma parametr Private ustawiony na warto┼Ť─ç false, a ┼╝aden z element├│w ┼║r├│d┼éowych nie ma parametru Private ustawionego na warto┼Ť─ç true.
         Odwo┼éanie podstawowe ÔÇ×System.Net.WebHeaderCollection, Version=8.0.0.0, Culture=neutral, PublicKeyToken=b03f5f7f11d50a3aÔÇŁ.
             Rozpoznana ┼Ťcie┼╝ka pliku: ÔÇ×C:\Program Files\dotnet\packs\Microsoft.NETCore.App.Ref\8.0.1\ref\net8.0\System.Net.WebHeaderCollection.dllÔÇŁ.
             Znaleziono odwo┼éanie w lokalizacji ┼Ťcie┼╝ki wyszukiwania ÔÇ×{RawFileName}ÔÇŁ.
             To odwo┼éanie nie ma parametru CopyLocal, poniewa┼╝ co najmniej jeden element ┼║r├│d┼éowy ma parametr Private ustawiony na warto┼Ť─ç false, a ┼╝aden z element├│w ┼║r├│d┼éowych nie ma parametru Private ustawionego na warto┼Ť─ç true.
         Odwo┼éanie podstawowe ÔÇ×System.Net.WebProxy, Version=8.0.0.0, Culture=neutral, PublicKeyToken=cc7b13ffcd2ddd51ÔÇŁ.
             Rozpoznana ┼Ťcie┼╝ka pliku: ÔÇ×C:\Program Files\dotnet\packs\Microsoft.NETCore.App.Ref\8.0.1\ref\net8.0\System.Net.WebProxy.dllÔÇŁ.
             Znaleziono odwo┼éanie w lokalizacji ┼Ťcie┼╝ki wyszukiwania ÔÇ×{RawFileName}ÔÇŁ.
             To odwo┼éanie nie ma parametru CopyLocal, poniewa┼╝ co najmniej jeden element ┼║r├│d┼éowy ma parametr Private ustawiony na warto┼Ť─ç false, a ┼╝aden z element├│w ┼║r├│d┼éowych nie ma parametru Private ustawionego na warto┼Ť─ç true.
         Odwo┼éanie podstawowe ÔÇ×System.Net.WebSockets.Client, Version=8.0.0.0, Culture=neutral, PublicKeyToken=b03f5f7f11d50a3aÔÇŁ.
             Rozpoznana ┼Ťcie┼╝ka pliku: ÔÇ×C:\Program Files\dotnet\packs\Microsoft.NETCore.App.Ref\8.0.1\ref\net8.0\System.Net.WebSockets.Client.dllÔÇŁ.
             Znaleziono odwo┼éanie w lokalizacji ┼Ťcie┼╝ki wyszukiwania ÔÇ×{RawFileName}ÔÇŁ.
             To odwo┼éanie nie ma parametru CopyLocal, poniewa┼╝ co najmniej jeden element ┼║r├│d┼éowy ma parametr Private ustawiony na warto┼Ť─ç false, a ┼╝aden z element├│w ┼║r├│d┼éowych nie ma parametru Private ustawionego na warto┼Ť─ç true.
         Odwo┼éanie podstawowe ÔÇ×System.Net.WebSockets, Version=8.0.0.0, Culture=neutral, PublicKeyToken=b03f5f7f11d50a3aÔÇŁ.
             Rozpoznana ┼Ťcie┼╝ka pliku: ÔÇ×C:\Program Files\dotnet\packs\Microsoft.NETCore.App.Ref\8.0.1\ref\net8.0\System.Net.WebSockets.dllÔÇŁ.
             Znaleziono odwo┼éanie w lokalizacji ┼Ťcie┼╝ki wyszukiwania ÔÇ×{RawFileName}ÔÇŁ.
             To odwo┼éanie nie ma parametru CopyLocal, poniewa┼╝ co najmniej jeden element ┼║r├│d┼éowy ma parametr Private ustawiony na warto┼Ť─ç false, a ┼╝aden z element├│w ┼║r├│d┼éowych nie ma parametru Private ustawionego na warto┼Ť─ç true.
         Odwo┼éanie podstawowe ÔÇ×System.Net, Version=4.0.0.0, Culture=neutral, PublicKeyToken=b03f5f7f11d50a3aÔÇŁ.
             Rozpoznana ┼Ťcie┼╝ka pliku: ÔÇ×C:\Program Files\dotnet\packs\Microsoft.NETCore.App.Ref\8.0.1\ref\net8.0\System.Net.dllÔÇŁ.
             Znaleziono odwo┼éanie w lokalizacji ┼Ťcie┼╝ki wyszukiwania ÔÇ×{RawFileName}ÔÇŁ.
             To odwo┼éanie nie ma parametru CopyLocal, poniewa┼╝ co najmniej jeden element ┼║r├│d┼éowy ma parametr Private ustawiony na warto┼Ť─ç false, a ┼╝aden z element├│w ┼║r├│d┼éowych nie ma parametru Private ustawionego na warto┼Ť─ç true.
         Odwo┼éanie podstawowe ÔÇ×System.Numerics.Vectors, Version=8.0.0.0, Culture=neutral, PublicKeyToken=b03f5f7f11d50a3aÔÇŁ.
             Rozpoznana ┼Ťcie┼╝ka pliku: ÔÇ×C:\Program Files\dotnet\packs\Microsoft.NETCore.App.Ref\8.0.1\ref\net8.0\System.Numerics.Vectors.dllÔÇŁ.
             Znaleziono odwo┼éanie w lokalizacji ┼Ťcie┼╝ki wyszukiwania ÔÇ×{RawFileName}ÔÇŁ.
             To odwo┼éanie nie ma parametru CopyLocal, poniewa┼╝ co najmniej jeden element ┼║r├│d┼éowy ma parametr Private ustawiony na warto┼Ť─ç false, a ┼╝aden z element├│w ┼║r├│d┼éowych nie ma parametru Private ustawionego na warto┼Ť─ç true.
         Odwo┼éanie podstawowe ÔÇ×System.Numerics, Version=4.0.0.0, Culture=neutral, PublicKeyToken=b77a5c561934e089ÔÇŁ.
             Rozpoznana ┼Ťcie┼╝ka pliku: ÔÇ×C:\Program Files\dotnet\packs\Microsoft.NETCore.App.Ref\8.0.1\ref\net8.0\System.Numerics.dllÔÇŁ.
             Znaleziono odwo┼éanie w lokalizacji ┼Ťcie┼╝ki wyszukiwania ÔÇ×{RawFileName}ÔÇŁ.
             To odwo┼éanie nie ma parametru CopyLocal, poniewa┼╝ co najmniej jeden element ┼║r├│d┼éowy ma parametr Private ustawiony na warto┼Ť─ç false, a ┼╝aden z element├│w ┼║r├│d┼éowych nie ma parametru Private ustawionego na warto┼Ť─ç true.
         Odwo┼éanie podstawowe ÔÇ×System.ObjectModel, Version=8.0.0.0, Culture=neutral, PublicKeyToken=b03f5f7f11d50a3aÔÇŁ.
             Rozpoznana ┼Ťcie┼╝ka pliku: ÔÇ×C:\Program Files\dotnet\packs\Microsoft.NETCore.App.Ref\8.0.1\ref\net8.0\System.ObjectModel.dllÔÇŁ.
             Znaleziono odwo┼éanie w lokalizacji ┼Ťcie┼╝ki wyszukiwania ÔÇ×{RawFileName}ÔÇŁ.
             To odwo┼éanie nie ma parametru CopyLocal, poniewa┼╝ co najmniej jeden element ┼║r├│d┼éowy ma parametr Private ustawiony na warto┼Ť─ç false, a ┼╝aden z element├│w ┼║r├│d┼éowych nie ma parametru Private ustawionego na warto┼Ť─ç true.
         Odwo┼éanie podstawowe ÔÇ×System.Reflection.DispatchProxy, Version=8.0.0.0, Culture=neutral, PublicKeyToken=b03f5f7f11d50a3aÔÇŁ.
             Rozpoznana ┼Ťcie┼╝ka pliku: ÔÇ×C:\Program Files\dotnet\packs\Microsoft.NETCore.App.Ref\8.0.1\ref\net8.0\System.Reflection.DispatchProxy.dllÔÇŁ.
             Znaleziono odwo┼éanie w lokalizacji ┼Ťcie┼╝ki wyszukiwania ÔÇ×{RawFileName}ÔÇŁ.
             To odwo┼éanie nie ma parametru CopyLocal, poniewa┼╝ co najmniej jeden element ┼║r├│d┼éowy ma parametr Private ustawiony na warto┼Ť─ç false, a ┼╝aden z element├│w ┼║r├│d┼éowych nie ma parametru Private ustawionego na warto┼Ť─ç true.
         Odwo┼éanie podstawowe ÔÇ×System.Reflection.Emit.ILGeneration, Version=8.0.0.0, Culture=neutral, PublicKeyToken=b03f5f7f11d50a3aÔÇŁ.
             Rozpoznana ┼Ťcie┼╝ka pliku: ÔÇ×C:\Program Files\dotnet\packs\Microsoft.NETCore.App.Ref\8.0.1\ref\net8.0\System.Reflection.Emit.ILGeneration.dllÔÇŁ.
             Znaleziono odwo┼éanie w lokalizacji ┼Ťcie┼╝ki wyszukiwania ÔÇ×{RawFileName}ÔÇŁ.
             To odwo┼éanie nie ma parametru CopyLocal, poniewa┼╝ co najmniej jeden element ┼║r├│d┼éowy ma parametr Private ustawiony na warto┼Ť─ç false, a ┼╝aden z element├│w ┼║r├│d┼éowych nie ma parametru Private ustawionego na warto┼Ť─ç true.
         Odwo┼éanie podstawowe ÔÇ×System.Reflection.Emit.Lightweight, Version=8.0.0.0, Culture=neutral, PublicKeyToken=b03f5f7f11d50a3aÔÇŁ.
             Rozpoznana ┼Ťcie┼╝ka pliku: ÔÇ×C:\Program Files\dotnet\packs\Microsoft.NETCore.App.Ref\8.0.1\ref\net8.0\System.Reflection.Emit.Lightweight.dllÔÇŁ.
             Znaleziono odwo┼éanie w lokalizacji ┼Ťcie┼╝ki wyszukiwania ÔÇ×{RawFileName}ÔÇŁ.
             To odwo┼éanie nie ma parametru CopyLocal, poniewa┼╝ co najmniej jeden element ┼║r├│d┼éowy ma parametr Private ustawiony na warto┼Ť─ç false, a ┼╝aden z element├│w ┼║r├│d┼éowych nie ma parametru Private ustawionego na warto┼Ť─ç true.
         Odwo┼éanie podstawowe ÔÇ×System.Reflection.Emit, Version=8.0.0.0, Culture=neutral, PublicKeyToken=b03f5f7f11d50a3aÔÇŁ.
             Rozpoznana ┼Ťcie┼╝ka pliku: ÔÇ×C:\Program Files\dotnet\packs\Microsoft.NETCore.App.Ref\8.0.1\ref\net8.0\System.Reflection.Emit.dllÔÇŁ.
             Znaleziono odwo┼éanie w lokalizacji ┼Ťcie┼╝ki wyszukiwania ÔÇ×{RawFileName}ÔÇŁ.
             To odwo┼éanie nie ma parametru CopyLocal, poniewa┼╝ co najmniej jeden element ┼║r├│d┼éowy ma parametr Private ustawiony na warto┼Ť─ç false, a ┼╝aden z element├│w ┼║r├│d┼éowych nie ma parametru Private ustawionego na warto┼Ť─ç true.
         Odwo┼éanie podstawowe ÔÇ×System.Reflection.Extensions, Version=8.0.0.0, Culture=neutral, PublicKeyToken=b03f5f7f11d50a3aÔÇŁ.
             Rozpoznana ┼Ťcie┼╝ka pliku: ÔÇ×C:\Program Files\dotnet\packs\Microsoft.NETCore.App.Ref\8.0.1\ref\net8.0\System.Reflection.Extensions.dllÔÇŁ.
             Znaleziono odwo┼éanie w lokalizacji ┼Ťcie┼╝ki wyszukiwania ÔÇ×{RawFileName}ÔÇŁ.
             To odwo┼éanie nie ma parametru CopyLocal, poniewa┼╝ co najmniej jeden element ┼║r├│d┼éowy ma parametr Private ustawiony na warto┼Ť─ç false, a ┼╝aden z element├│w ┼║r├│d┼éowych nie ma parametru Private ustawionego na warto┼Ť─ç true.
         Odwo┼éanie podstawowe ÔÇ×System.Reflection.Metadata, Version=8.0.0.0, Culture=neutral, PublicKeyToken=b03f5f7f11d50a3aÔÇŁ.
             Rozpoznana ┼Ťcie┼╝ka pliku: ÔÇ×C:\Program Files\dotnet\packs\Microsoft.NETCore.App.Ref\8.0.1\ref\net8.0\System.Reflection.Metadata.dllÔÇŁ.
             Znaleziono odwo┼éanie w lokalizacji ┼Ťcie┼╝ki wyszukiwania ÔÇ×{RawFileName}ÔÇŁ.
             To odwo┼éanie nie ma parametru CopyLocal, poniewa┼╝ co najmniej jeden element ┼║r├│d┼éowy ma parametr Private ustawiony na warto┼Ť─ç false, a ┼╝aden z element├│w ┼║r├│d┼éowych nie ma parametru Private ustawionego na warto┼Ť─ç true.
         Odwo┼éanie podstawowe ÔÇ×System.Reflection.Primitives, Version=8.0.0.0, Culture=neutral, PublicKeyToken=b03f5f7f11d50a3aÔÇŁ.
             Rozpoznana ┼Ťcie┼╝ka pliku: ÔÇ×C:\Program Files\dotnet\packs\Microsoft.NETCore.App.Ref\8.0.1\ref\net8.0\System.Reflection.Primitives.dllÔÇŁ.
             Znaleziono odwo┼éanie w lokalizacji ┼Ťcie┼╝ki wyszukiwania ÔÇ×{RawFileName}ÔÇŁ.
             To odwo┼éanie nie ma parametru CopyLocal, poniewa┼╝ co najmniej jeden element ┼║r├│d┼éowy ma parametr Private ustawiony na warto┼Ť─ç false, a ┼╝aden z element├│w ┼║r├│d┼éowych nie ma parametru Private ustawionego na warto┼Ť─ç true.
         Odwo┼éanie podstawowe ÔÇ×System.Reflection.TypeExtensions, Version=8.0.0.0, Culture=neutral, PublicKeyToken=b03f5f7f11d50a3aÔÇŁ.
             Rozpoznana ┼Ťcie┼╝ka pliku: ÔÇ×C:\Program Files\dotnet\packs\Microsoft.NETCore.App.Ref\8.0.1\ref\net8.0\System.Reflection.TypeExtensions.dllÔÇŁ.
             Znaleziono odwo┼éanie w lokalizacji ┼Ťcie┼╝ki wyszukiwania ÔÇ×{RawFileName}ÔÇŁ.
             To odwo┼éanie nie ma parametru CopyLocal, poniewa┼╝ co najmniej jeden element ┼║r├│d┼éowy ma parametr Private ustawiony na warto┼Ť─ç false, a ┼╝aden z element├│w ┼║r├│d┼éowych nie ma parametru Private ustawionego na warto┼Ť─ç true.
         Odwo┼éanie podstawowe ÔÇ×System.Reflection, Version=8.0.0.0, Culture=neutral, PublicKeyToken=b03f5f7f11d50a3aÔÇŁ.
             Rozpoznana ┼Ťcie┼╝ka pliku: ÔÇ×C:\Program Files\dotnet\packs\Microsoft.NETCore.App.Ref\8.0.1\ref\net8.0\System.Reflection.dllÔÇŁ.
             Znaleziono odwo┼éanie w lokalizacji ┼Ťcie┼╝ki wyszukiwania ÔÇ×{RawFileName}ÔÇŁ.
             To odwo┼éanie nie ma parametru CopyLocal, poniewa┼╝ co najmniej jeden element ┼║r├│d┼éowy ma parametr Private ustawiony na warto┼Ť─ç false, a ┼╝aden z element├│w ┼║r├│d┼éowych nie ma parametru Private ustawionego na warto┼Ť─ç true.
         Odwo┼éanie podstawowe ÔÇ×System.Resources.Reader, Version=8.0.0.0, Culture=neutral, PublicKeyToken=b03f5f7f11d50a3aÔÇŁ.
             Rozpoznana ┼Ťcie┼╝ka pliku: ÔÇ×C:\Program Files\dotnet\packs\Microsoft.NETCore.App.Ref\8.0.1\ref\net8.0\System.Resources.Reader.dllÔÇŁ.
             Znaleziono odwo┼éanie w lokalizacji ┼Ťcie┼╝ki wyszukiwania ÔÇ×{RawFileName}ÔÇŁ.
             To odwo┼éanie nie ma parametru CopyLocal, poniewa┼╝ co najmniej jeden element ┼║r├│d┼éowy ma parametr Private ustawiony na warto┼Ť─ç false, a ┼╝aden z element├│w ┼║r├│d┼éowych nie ma parametru Private ustawionego na warto┼Ť─ç true.
         Odwo┼éanie podstawowe ÔÇ×System.Resources.ResourceManager, Version=8.0.0.0, Culture=neutral, PublicKeyToken=b03f5f7f11d50a3aÔÇŁ.
             Rozpoznana ┼Ťcie┼╝ka pliku: ÔÇ×C:\Program Files\dotnet\packs\Microsoft.NETCore.App.Ref\8.0.1\ref\net8.0\System.Resources.ResourceManager.dllÔÇŁ.
             Znaleziono odwo┼éanie w lokalizacji ┼Ťcie┼╝ki wyszukiwania ÔÇ×{RawFileName}ÔÇŁ.
             To odwo┼éanie nie ma parametru CopyLocal, poniewa┼╝ co najmniej jeden element ┼║r├│d┼éowy ma parametr Private ustawiony na warto┼Ť─ç false, a ┼╝aden z element├│w ┼║r├│d┼éowych nie ma parametru Private ustawionego na warto┼Ť─ç true.
         Odwo┼éanie podstawowe ÔÇ×System.Resources.Writer, Version=8.0.0.0, Culture=neutral, PublicKeyToken=b03f5f7f11d50a3aÔÇŁ.
             Rozpoznana ┼Ťcie┼╝ka pliku: ÔÇ×C:\Program Files\dotnet\packs\Microsoft.NETCore.App.Ref\8.0.1\ref\net8.0\System.Resources.Writer.dllÔÇŁ.
             Znaleziono odwo┼éanie w lokalizacji ┼Ťcie┼╝ki wyszukiwania ÔÇ×{RawFileName}ÔÇŁ.
             To odwo┼éanie nie ma parametru CopyLocal, poniewa┼╝ co najmniej jeden element ┼║r├│d┼éowy ma parametr Private ustawiony na warto┼Ť─ç false, a ┼╝aden z element├│w ┼║r├│d┼éowych nie ma parametru Private ustawionego na warto┼Ť─ç true.
         Odwo┼éanie podstawowe ÔÇ×System.Runtime.CompilerServices.Unsafe, Version=8.0.0.0, Culture=neutral, PublicKeyToken=b03f5f7f11d50a3aÔÇŁ.
             Rozpoznana ┼Ťcie┼╝ka pliku: ÔÇ×C:\Program Files\dotnet\packs\Microsoft.NETCore.App.Ref\8.0.1\ref\net8.0\System.Runtime.CompilerServices.Unsafe.dllÔÇŁ.
             Znaleziono odwo┼éanie w lokalizacji ┼Ťcie┼╝ki wyszukiwania ÔÇ×{RawFileName}ÔÇŁ.
             To odwo┼éanie nie ma parametru CopyLocal, poniewa┼╝ co najmniej jeden element ┼║r├│d┼éowy ma parametr Private ustawiony na warto┼Ť─ç false, a ┼╝aden z element├│w ┼║r├│d┼éowych nie ma parametru Private ustawionego na warto┼Ť─ç true.
         Odwo┼éanie podstawowe ÔÇ×System.Runtime.CompilerServices.VisualC, Version=8.0.0.0, Culture=neutral, PublicKeyToken=b03f5f7f11d50a3aÔÇŁ.
             Rozpoznana ┼Ťcie┼╝ka pliku: ÔÇ×C:\Program Files\dotnet\packs\Microsoft.NETCore.App.Ref\8.0.1\ref\net8.0\System.Runtime.CompilerServices.VisualC.dllÔÇŁ.
             Znaleziono odwo┼éanie w lokalizacji ┼Ťcie┼╝ki wyszukiwania ÔÇ×{RawFileName}ÔÇŁ.
             To odwo┼éanie nie ma parametru CopyLocal, poniewa┼╝ co najmniej jeden element ┼║r├│d┼éowy ma parametr Private ustawiony na warto┼Ť─ç false, a ┼╝aden z element├│w ┼║r├│d┼éowych nie ma parametru Private ustawionego na warto┼Ť─ç true.
         Odwo┼éanie podstawowe ÔÇ×System.Runtime.Extensions, Version=8.0.0.0, Culture=neutral, PublicKeyToken=b03f5f7f11d50a3aÔÇŁ.
             Rozpoznana ┼Ťcie┼╝ka pliku: ÔÇ×C:\Program Files\dotnet\packs\Microsoft.NETCore.App.Ref\8.0.1\ref\net8.0\System.Runtime.Extensions.dllÔÇŁ.
             Znaleziono odwo┼éanie w lokalizacji ┼Ťcie┼╝ki wyszukiwania ÔÇ×{RawFileName}ÔÇŁ.
             To odwo┼éanie nie ma parametru CopyLocal, poniewa┼╝ co najmniej jeden element ┼║r├│d┼éowy ma parametr Private ustawiony na warto┼Ť─ç false, a ┼╝aden z element├│w ┼║r├│d┼éowych nie ma parametru Private ustawionego na warto┼Ť─ç true.
         Odwo┼éanie podstawowe ÔÇ×System.Runtime.Handles, Version=8.0.0.0, Culture=neutral, PublicKeyToken=b03f5f7f11d50a3aÔÇŁ.
             Rozpoznana ┼Ťcie┼╝ka pliku: ÔÇ×C:\Program Files\dotnet\packs\Microsoft.NETCore.App.Ref\8.0.1\ref\net8.0\System.Runtime.Handles.dllÔÇŁ.
             Znaleziono odwo┼éanie w lokalizacji ┼Ťcie┼╝ki wyszukiwania ÔÇ×{RawFileName}ÔÇŁ.
             To odwo┼éanie nie ma parametru CopyLocal, poniewa┼╝ co najmniej jeden element ┼║r├│d┼éowy ma parametr Private ustawiony na warto┼Ť─ç false, a ┼╝aden z element├│w ┼║r├│d┼éowych nie ma parametru Private ustawionego na warto┼Ť─ç true.
         Odwo┼éanie podstawowe ÔÇ×System.Runtime.InteropServices.JavaScript, Version=8.0.0.0, Culture=neutral, PublicKeyToken=b03f5f7f11d50a3aÔÇŁ.
             Rozpoznana ┼Ťcie┼╝ka pliku: ÔÇ×C:\Program Files\dotnet\packs\Microsoft.NETCore.App.Ref\8.0.1\ref\net8.0\System.Runtime.InteropServices.JavaScript.dllÔÇŁ.
             Znaleziono odwo┼éanie w lokalizacji ┼Ťcie┼╝ki wyszukiwania ÔÇ×{RawFileName}ÔÇŁ.
             To odwo┼éanie nie ma parametru CopyLocal, poniewa┼╝ co najmniej jeden element ┼║r├│d┼éowy ma parametr Private ustawiony na warto┼Ť─ç false, a ┼╝aden z element├│w ┼║r├│d┼éowych nie ma parametru Private ustawionego na warto┼Ť─ç true.
         Odwo┼éanie podstawowe ÔÇ×System.Runtime.InteropServices.RuntimeInformation, Version=8.0.0.0, Culture=neutral, PublicKeyToken=b03f5f7f11d50a3aÔÇŁ.
             Rozpoznana ┼Ťcie┼╝ka pliku: ÔÇ×C:\Program Files\dotnet\packs\Microsoft.NETCore.App.Ref\8.0.1\ref\net8.0\System.Runtime.InteropServices.RuntimeInformation.dllÔÇŁ.
             Znaleziono odwo┼éanie w lokalizacji ┼Ťcie┼╝ki wyszukiwania ÔÇ×{RawFileName}ÔÇŁ.
             To odwo┼éanie nie ma parametru CopyLocal, poniewa┼╝ co najmniej jeden element ┼║r├│d┼éowy ma parametr Private ustawiony na warto┼Ť─ç false, a ┼╝aden z element├│w ┼║r├│d┼éowych nie ma parametru Private ustawionego na warto┼Ť─ç true.
         Odwo┼éanie podstawowe ÔÇ×System.Runtime.InteropServices, Version=8.0.0.0, Culture=neutral, PublicKeyToken=b03f5f7f11d50a3aÔÇŁ.
             Rozpoznana ┼Ťcie┼╝ka pliku: ÔÇ×C:\Program Files\dotnet\packs\Microsoft.NETCore.App.Ref\8.0.1\ref\net8.0\System.Runtime.InteropServices.dllÔÇŁ.
             Znaleziono odwo┼éanie w lokalizacji ┼Ťcie┼╝ki wyszukiwania ÔÇ×{RawFileName}ÔÇŁ.
             To odwo┼éanie nie ma parametru CopyLocal, poniewa┼╝ co najmniej jeden element ┼║r├│d┼éowy ma parametr Private ustawiony na warto┼Ť─ç false, a ┼╝aden z element├│w ┼║r├│d┼éowych nie ma parametru Private ustawionego na warto┼Ť─ç true.
         Odwo┼éanie podstawowe ÔÇ×System.Runtime.Intrinsics, Version=8.0.0.0, Culture=neutral, PublicKeyToken=cc7b13ffcd2ddd51ÔÇŁ.
             Rozpoznana ┼Ťcie┼╝ka pliku: ÔÇ×C:\Program Files\dotnet\packs\Microsoft.NETCore.App.Ref\8.0.1\ref\net8.0\System.Runtime.Intrinsics.dllÔÇŁ.
             Znaleziono odwo┼éanie w lokalizacji ┼Ťcie┼╝ki wyszukiwania ÔÇ×{RawFileName}ÔÇŁ.
             To odwo┼éanie nie ma parametru CopyLocal, poniewa┼╝ co najmniej jeden element ┼║r├│d┼éowy ma parametr Private ustawiony na warto┼Ť─ç false, a ┼╝aden z element├│w ┼║r├│d┼éowych nie ma parametru Private ustawionego na warto┼Ť─ç true.
         Odwo┼éanie podstawowe ÔÇ×System.Runtime.Loader, Version=8.0.0.0, Culture=neutral, PublicKeyToken=b03f5f7f11d50a3aÔÇŁ.
             Rozpoznana ┼Ťcie┼╝ka pliku: ÔÇ×C:\Program Files\dotnet\packs\Microsoft.NETCore.App.Ref\8.0.1\ref\net8.0\System.Runtime.Loader.dllÔÇŁ.
             Znaleziono odwo┼éanie w lokalizacji ┼Ťcie┼╝ki wyszukiwania ÔÇ×{RawFileName}ÔÇŁ.
             To odwo┼éanie nie ma parametru CopyLocal, poniewa┼╝ co najmniej jeden element ┼║r├│d┼éowy ma parametr Private ustawiony na warto┼Ť─ç false, a ┼╝aden z element├│w ┼║r├│d┼éowych nie ma parametru Private ustawionego na warto┼Ť─ç true.
         Odwo┼éanie podstawowe ÔÇ×System.Runtime.Numerics, Version=8.0.0.0, Culture=neutral, PublicKeyToken=b03f5f7f11d50a3aÔÇŁ.
             Rozpoznana ┼Ťcie┼╝ka pliku: ÔÇ×C:\Program Files\dotnet\packs\Microsoft.NETCore.App.Ref\8.0.1\ref\net8.0\System.Runtime.Numerics.dllÔÇŁ.
             Znaleziono odwo┼éanie w lokalizacji ┼Ťcie┼╝ki wyszukiwania ÔÇ×{RawFileName}ÔÇŁ.
             To odwo┼éanie nie ma parametru CopyLocal, poniewa┼╝ co najmniej jeden element ┼║r├│d┼éowy ma parametr Private ustawiony na warto┼Ť─ç false, a ┼╝aden z element├│w ┼║r├│d┼éowych nie ma parametru Private ustawionego na warto┼Ť─ç true.
         Odwo┼éanie podstawowe ÔÇ×System.Runtime.Serialization.Formatters, Version=8.0.0.0, Culture=neutral, PublicKeyToken=b03f5f7f11d50a3aÔÇŁ.
             Rozpoznana ┼Ťcie┼╝ka pliku: ÔÇ×C:\Program Files\dotnet\packs\Microsoft.NETCore.App.Ref\8.0.1\ref\net8.0\System.Runtime.Serialization.Formatters.dllÔÇŁ.
             Znaleziono odwo┼éanie w lokalizacji ┼Ťcie┼╝ki wyszukiwania ÔÇ×{RawFileName}ÔÇŁ.
             To odwo┼éanie nie ma parametru CopyLocal, poniewa┼╝ co najmniej jeden element ┼║r├│d┼éowy ma parametr Private ustawiony na warto┼Ť─ç false, a ┼╝aden z element├│w ┼║r├│d┼éowych nie ma parametru Private ustawionego na warto┼Ť─ç true.
         Odwo┼éanie podstawowe ÔÇ×System.Runtime.Serialization.Json, Version=8.0.0.0, Culture=neutral, PublicKeyToken=b03f5f7f11d50a3aÔÇŁ.
             Rozpoznana ┼Ťcie┼╝ka pliku: ÔÇ×C:\Program Files\dotnet\packs\Microsoft.NETCore.App.Ref\8.0.1\ref\net8.0\System.Runtime.Serialization.Json.dllÔÇŁ.
             Znaleziono odwo┼éanie w lokalizacji ┼Ťcie┼╝ki wyszukiwania ÔÇ×{RawFileName}ÔÇŁ.
             To odwo┼éanie nie ma parametru CopyLocal, poniewa┼╝ co najmniej jeden element ┼║r├│d┼éowy ma parametr Private ustawiony na warto┼Ť─ç false, a ┼╝aden z element├│w ┼║r├│d┼éowych nie ma parametru Private ustawionego na warto┼Ť─ç true.
         Odwo┼éanie podstawowe ÔÇ×System.Runtime.Serialization.Primitives, Version=8.0.0.0, Culture=neutral, PublicKeyToken=b03f5f7f11d50a3aÔÇŁ.
             Rozpoznana ┼Ťcie┼╝ka pliku: ÔÇ×C:\Program Files\dotnet\packs\Microsoft.NETCore.App.Ref\8.0.1\ref\net8.0\System.Runtime.Serialization.Primitives.dllÔÇŁ.
             Znaleziono odwo┼éanie w lokalizacji ┼Ťcie┼╝ki wyszukiwania ÔÇ×{RawFileName}ÔÇŁ.
             To odwo┼éanie nie ma parametru CopyLocal, poniewa┼╝ co najmniej jeden element ┼║r├│d┼éowy ma parametr Private ustawiony na warto┼Ť─ç false, a ┼╝aden z element├│w ┼║r├│d┼éowych nie ma parametru Private ustawionego na warto┼Ť─ç true.
         Odwo┼éanie podstawowe ÔÇ×System.Runtime.Serialization.Xml, Version=8.0.0.0, Culture=neutral, PublicKeyToken=b03f5f7f11d50a3aÔÇŁ.
             Rozpoznana ┼Ťcie┼╝ka pliku: ÔÇ×C:\Program Files\dotnet\packs\Microsoft.NETCore.App.Ref\8.0.1\ref\net8.0\System.Runtime.Serialization.Xml.dllÔÇŁ.
             Znaleziono odwo┼éanie w lokalizacji ┼Ťcie┼╝ki wyszukiwania ÔÇ×{RawFileName}ÔÇŁ.
             To odwo┼éanie nie ma parametru CopyLocal, poniewa┼╝ co najmniej jeden element ┼║r├│d┼éowy ma parametr Private ustawiony na warto┼Ť─ç false, a ┼╝aden z element├│w ┼║r├│d┼éowych nie ma parametru Private ustawionego na warto┼Ť─ç true.
         Odwo┼éanie podstawowe ÔÇ×System.Runtime.Serialization, Version=4.0.0.0, Culture=neutral, PublicKeyToken=b77a5c561934e089ÔÇŁ.
             Rozpoznana ┼Ťcie┼╝ka pliku: ÔÇ×C:\Program Files\dotnet\packs\Microsoft.NETCore.App.Ref\8.0.1\ref\net8.0\System.Runtime.Serialization.dllÔÇŁ.
             Znaleziono odwo┼éanie w lokalizacji ┼Ťcie┼╝ki wyszukiwania ÔÇ×{RawFileName}ÔÇŁ.
             To odwo┼éanie nie ma parametru CopyLocal, poniewa┼╝ co najmniej jeden element ┼║r├│d┼éowy ma parametr Private ustawiony na warto┼Ť─ç false, a ┼╝aden z element├│w ┼║r├│d┼éowych nie ma parametru Private ustawionego na warto┼Ť─ç true.
         Odwo┼éanie podstawowe ÔÇ×System.Runtime, Version=8.0.0.0, Culture=neutral, PublicKeyToken=b03f5f7f11d50a3aÔÇŁ.
             Rozpoznana ┼Ťcie┼╝ka pliku: ÔÇ×C:\Program Files\dotnet\packs\Microsoft.NETCore.App.Ref\8.0.1\ref\net8.0\System.Runtime.dllÔÇŁ.
             Znaleziono odwo┼éanie w lokalizacji ┼Ťcie┼╝ki wyszukiwania ÔÇ×{RawFileName}ÔÇŁ.
             To odwo┼éanie nie ma parametru CopyLocal, poniewa┼╝ co najmniej jeden element ┼║r├│d┼éowy ma parametr Private ustawiony na warto┼Ť─ç false, a ┼╝aden z element├│w ┼║r├│d┼éowych nie ma parametru Private ustawionego na warto┼Ť─ç true.
         Odwo┼éanie podstawowe ÔÇ×System.Security.AccessControl, Version=8.0.0.0, Culture=neutral, PublicKeyToken=b03f5f7f11d50a3aÔÇŁ.
             Rozpoznana ┼Ťcie┼╝ka pliku: ÔÇ×C:\Program Files\dotnet\packs\Microsoft.NETCore.App.Ref\8.0.1\ref\net8.0\System.Security.AccessControl.dllÔÇŁ.
             Znaleziono odwo┼éanie w lokalizacji ┼Ťcie┼╝ki wyszukiwania ÔÇ×{RawFileName}ÔÇŁ.
             To odwo┼éanie nie ma parametru CopyLocal, poniewa┼╝ co najmniej jeden element ┼║r├│d┼éowy ma parametr Private ustawiony na warto┼Ť─ç false, a ┼╝aden z element├│w ┼║r├│d┼éowych nie ma parametru Private ustawionego na warto┼Ť─ç true.
         Odwo┼éanie podstawowe ÔÇ×System.Security.Claims, Version=8.0.0.0, Culture=neutral, PublicKeyToken=b03f5f7f11d50a3aÔÇŁ.
             Rozpoznana ┼Ťcie┼╝ka pliku: ÔÇ×C:\Program Files\dotnet\packs\Microsoft.NETCore.App.Ref\8.0.1\ref\net8.0\System.Security.Claims.dllÔÇŁ.
             Znaleziono odwo┼éanie w lokalizacji ┼Ťcie┼╝ki wyszukiwania ÔÇ×{RawFileName}ÔÇŁ.
             To odwo┼éanie nie ma parametru CopyLocal, poniewa┼╝ co najmniej jeden element ┼║r├│d┼éowy ma parametr Private ustawiony na warto┼Ť─ç false, a ┼╝aden z element├│w ┼║r├│d┼éowych nie ma parametru Private ustawionego na warto┼Ť─ç true.
         Odwo┼éanie podstawowe ÔÇ×System.Security.Cryptography.Algorithms, Version=8.0.0.0, Culture=neutral, PublicKeyToken=b03f5f7f11d50a3aÔÇŁ.
             Rozpoznana ┼Ťcie┼╝ka pliku: ÔÇ×C:\Program Files\dotnet\packs\Microsoft.NETCore.App.Ref\8.0.1\ref\net8.0\System.Security.Cryptography.Algorithms.dllÔÇŁ.
             Znaleziono odwo┼éanie w lokalizacji ┼Ťcie┼╝ki wyszukiwania ÔÇ×{RawFileName}ÔÇŁ.
             To odwo┼éanie nie ma parametru CopyLocal, poniewa┼╝ co najmniej jeden element ┼║r├│d┼éowy ma parametr Private ustawiony na warto┼Ť─ç false, a ┼╝aden z element├│w ┼║r├│d┼éowych nie ma parametru Private ustawionego na warto┼Ť─ç true.
         Odwo┼éanie podstawowe ÔÇ×System.Security.Cryptography.Cng, Version=8.0.0.0, Culture=neutral, PublicKeyToken=b03f5f7f11d50a3aÔÇŁ.
             Rozpoznana ┼Ťcie┼╝ka pliku: ÔÇ×C:\Program Files\dotnet\packs\Microsoft.NETCore.App.Ref\8.0.1\ref\net8.0\System.Security.Cryptography.Cng.dllÔÇŁ.
             Znaleziono odwo┼éanie w lokalizacji ┼Ťcie┼╝ki wyszukiwania ÔÇ×{RawFileName}ÔÇŁ.
             To odwo┼éanie nie ma parametru CopyLocal, poniewa┼╝ co najmniej jeden element ┼║r├│d┼éowy ma parametr Private ustawiony na warto┼Ť─ç false, a ┼╝aden z element├│w ┼║r├│d┼éowych nie ma parametru Private ustawionego na warto┼Ť─ç true.
         Odwo┼éanie podstawowe ÔÇ×System.Security.Cryptography.Csp, Version=8.0.0.0, Culture=neutral, PublicKeyToken=b03f5f7f11d50a3aÔÇŁ.
             Rozpoznana ┼Ťcie┼╝ka pliku: ÔÇ×C:\Program Files\dotnet\packs\Microsoft.NETCore.App.Ref\8.0.1\ref\net8.0\System.Security.Cryptography.Csp.dllÔÇŁ.
             Znaleziono odwo┼éanie w lokalizacji ┼Ťcie┼╝ki wyszukiwania ÔÇ×{RawFileName}ÔÇŁ.
             To odwo┼éanie nie ma parametru CopyLocal, poniewa┼╝ co najmniej jeden element ┼║r├│d┼éowy ma parametr Private ustawiony na warto┼Ť─ç false, a ┼╝aden z element├│w ┼║r├│d┼éowych nie ma parametru Private ustawionego na warto┼Ť─ç true.
         Odwo┼éanie podstawowe ÔÇ×System.Security.Cryptography.Encoding, Version=8.0.0.0, Culture=neutral, PublicKeyToken=b03f5f7f11d50a3aÔÇŁ.
             Rozpoznana ┼Ťcie┼╝ka pliku: ÔÇ×C:\Program Files\dotnet\packs\Microsoft.NETCore.App.Ref\8.0.1\ref\net8.0\System.Security.Cryptography.Encoding.dllÔÇŁ.
             Znaleziono odwo┼éanie w lokalizacji ┼Ťcie┼╝ki wyszukiwania ÔÇ×{RawFileName}ÔÇŁ.
             To odwo┼éanie nie ma parametru CopyLocal, poniewa┼╝ co najmniej jeden element ┼║r├│d┼éowy ma parametr Private ustawiony na warto┼Ť─ç false, a ┼╝aden z element├│w ┼║r├│d┼éowych nie ma parametru Private ustawionego na warto┼Ť─ç true.
         Odwo┼éanie podstawowe ÔÇ×System.Security.Cryptography.OpenSsl, Version=8.0.0.0, Culture=neutral, PublicKeyToken=b03f5f7f11d50a3aÔÇŁ.
             Rozpoznana ┼Ťcie┼╝ka pliku: ÔÇ×C:\Program Files\dotnet\packs\Microsoft.NETCore.App.Ref\8.0.1\ref\net8.0\System.Security.Cryptography.OpenSsl.dllÔÇŁ.
             Znaleziono odwo┼éanie w lokalizacji ┼Ťcie┼╝ki wyszukiwania ÔÇ×{RawFileName}ÔÇŁ.
             To odwo┼éanie nie ma parametru CopyLocal, poniewa┼╝ co najmniej jeden element ┼║r├│d┼éowy ma parametr Private ustawiony na warto┼Ť─ç false, a ┼╝aden z element├│w ┼║r├│d┼éowych nie ma parametru Private ustawionego na warto┼Ť─ç true.
         Odwo┼éanie podstawowe ÔÇ×System.Security.Cryptography.Primitives, Version=8.0.0.0, Culture=neutral, PublicKeyToken=b03f5f7f11d50a3aÔÇŁ.
             Rozpoznana ┼Ťcie┼╝ka pliku: ÔÇ×C:\Program Files\dotnet\packs\Microsoft.NETCore.App.Ref\8.0.1\ref\net8.0\System.Security.Cryptography.Primitives.dllÔÇŁ.
             Znaleziono odwo┼éanie w lokalizacji ┼Ťcie┼╝ki wyszukiwania ÔÇ×{RawFileName}ÔÇŁ.
             To odwo┼éanie nie ma parametru CopyLocal, poniewa┼╝ co najmniej jeden element ┼║r├│d┼éowy ma parametr Private ustawiony na warto┼Ť─ç false, a ┼╝aden z element├│w ┼║r├│d┼éowych nie ma parametru Private ustawionego na warto┼Ť─ç true.
         Odwo┼éanie podstawowe ÔÇ×System.Security.Cryptography.X509Certificates, Version=8.0.0.0, Culture=neutral, PublicKeyToken=b03f5f7f11d50a3aÔÇŁ.
             Rozpoznana ┼Ťcie┼╝ka pliku: ÔÇ×C:\Program Files\dotnet\packs\Microsoft.NETCore.App.Ref\8.0.1\ref\net8.0\System.Security.Cryptography.X509Certificates.dllÔÇŁ.
             Znaleziono odwo┼éanie w lokalizacji ┼Ťcie┼╝ki wyszukiwania ÔÇ×{RawFileName}ÔÇŁ.
             To odwo┼éanie nie ma parametru CopyLocal, poniewa┼╝ co najmniej jeden element ┼║r├│d┼éowy ma parametr Private ustawiony na warto┼Ť─ç false, a ┼╝aden z element├│w ┼║r├│d┼éowych nie ma parametru Private ustawionego na warto┼Ť─ç true.
         Odwo┼éanie podstawowe ÔÇ×System.Security.Cryptography, Version=8.0.0.0, Culture=neutral, PublicKeyToken=b03f5f7f11d50a3aÔÇŁ.
             Rozpoznana ┼Ťcie┼╝ka pliku: ÔÇ×C:\Program Files\dotnet\packs\Microsoft.NETCore.App.Ref\8.0.1\ref\net8.0\System.Security.Cryptography.dllÔÇŁ.
             Znaleziono odwo┼éanie w lokalizacji ┼Ťcie┼╝ki wyszukiwania ÔÇ×{RawFileName}ÔÇŁ.
             To odwo┼éanie nie ma parametru CopyLocal, poniewa┼╝ co najmniej jeden element ┼║r├│d┼éowy ma parametr Private ustawiony na warto┼Ť─ç false, a ┼╝aden z element├│w ┼║r├│d┼éowych nie ma parametru Private ustawionego na warto┼Ť─ç true.
         Odwo┼éanie podstawowe ÔÇ×System.Security.Principal.Windows, Version=8.0.0.0, Culture=neutral, PublicKeyToken=b03f5f7f11d50a3aÔÇŁ.
             Rozpoznana ┼Ťcie┼╝ka pliku: ÔÇ×C:\Program Files\dotnet\packs\Microsoft.NETCore.App.Ref\8.0.1\ref\net8.0\System.Security.Principal.Windows.dllÔÇŁ.
             Znaleziono odwo┼éanie w lokalizacji ┼Ťcie┼╝ki wyszukiwania ÔÇ×{RawFileName}ÔÇŁ.
             To odwo┼éanie nie ma parametru CopyLocal, poniewa┼╝ co najmniej jeden element ┼║r├│d┼éowy ma parametr Private ustawiony na warto┼Ť─ç false, a ┼╝aden z element├│w ┼║r├│d┼éowych nie ma parametru Private ustawionego na warto┼Ť─ç true.
         Odwo┼éanie podstawowe ÔÇ×System.Security.Principal, Version=8.0.0.0, Culture=neutral, PublicKeyToken=b03f5f7f11d50a3aÔÇŁ.
             Rozpoznana ┼Ťcie┼╝ka pliku: ÔÇ×C:\Program Files\dotnet\packs\Microsoft.NETCore.App.Ref\8.0.1\ref\net8.0\System.Security.Principal.dllÔÇŁ.
             Znaleziono odwo┼éanie w lokalizacji ┼Ťcie┼╝ki wyszukiwania ÔÇ×{RawFileName}ÔÇŁ.
             To odwo┼éanie nie ma parametru CopyLocal, poniewa┼╝ co najmniej jeden element ┼║r├│d┼éowy ma parametr Private ustawiony na warto┼Ť─ç false, a ┼╝aden z element├│w ┼║r├│d┼éowych nie ma parametru Private ustawionego na warto┼Ť─ç true.
         Odwo┼éanie podstawowe ÔÇ×System.Security.SecureString, Version=8.0.0.0, Culture=neutral, PublicKeyToken=b03f5f7f11d50a3aÔÇŁ.
             Rozpoznana ┼Ťcie┼╝ka pliku: ÔÇ×C:\Program Files\dotnet\packs\Microsoft.NETCore.App.Ref\8.0.1\ref\net8.0\System.Security.SecureString.dllÔÇŁ.
             Znaleziono odwo┼éanie w lokalizacji ┼Ťcie┼╝ki wyszukiwania ÔÇ×{RawFileName}ÔÇŁ.
             To odwo┼éanie nie ma parametru CopyLocal, poniewa┼╝ co najmniej jeden element ┼║r├│d┼éowy ma parametr Private ustawiony na warto┼Ť─ç false, a ┼╝aden z element├│w ┼║r├│d┼éowych nie ma parametru Private ustawionego na warto┼Ť─ç true.
         Odwo┼éanie podstawowe ÔÇ×System.Security, Version=4.0.0.0, Culture=neutral, PublicKeyToken=b03f5f7f11d50a3aÔÇŁ.
             Rozpoznana ┼Ťcie┼╝ka pliku: ÔÇ×C:\Program Files\dotnet\packs\Microsoft.NETCore.App.Ref\8.0.1\ref\net8.0\System.Security.dllÔÇŁ.
             Znaleziono odwo┼éanie w lokalizacji ┼Ťcie┼╝ki wyszukiwania ÔÇ×{RawFileName}ÔÇŁ.
             To odwo┼éanie nie ma parametru CopyLocal, poniewa┼╝ co najmniej jeden element ┼║r├│d┼éowy ma parametr Private ustawiony na warto┼Ť─ç false, a ┼╝aden z element├│w ┼║r├│d┼éowych nie ma parametru Private ustawionego na warto┼Ť─ç true.
         Odwo┼éanie podstawowe ÔÇ×System.ServiceModel.Web, Version=4.0.0.0, Culture=neutral, PublicKeyToken=31bf3856ad364e35ÔÇŁ.
             Rozpoznana ┼Ťcie┼╝ka pliku: ÔÇ×C:\Program Files\dotnet\packs\Microsoft.NETCore.App.Ref\8.0.1\ref\net8.0\System.ServiceModel.Web.dllÔÇŁ.
             Znaleziono odwo┼éanie w lokalizacji ┼Ťcie┼╝ki wyszukiwania ÔÇ×{RawFileName}ÔÇŁ.
             To odwo┼éanie nie ma parametru CopyLocal, poniewa┼╝ co najmniej jeden element ┼║r├│d┼éowy ma parametr Private ustawiony na warto┼Ť─ç false, a ┼╝aden z element├│w ┼║r├│d┼éowych nie ma parametru Private ustawionego na warto┼Ť─ç true.
         Odwo┼éanie podstawowe ÔÇ×System.ServiceProcess, Version=4.0.0.0, Culture=neutral, PublicKeyToken=b03f5f7f11d50a3aÔÇŁ.
             Rozpoznana ┼Ťcie┼╝ka pliku: ÔÇ×C:\Program Files\dotnet\packs\Microsoft.NETCore.App.Ref\8.0.1\ref\net8.0\System.ServiceProcess.dllÔÇŁ.
             Znaleziono odwo┼éanie w lokalizacji ┼Ťcie┼╝ki wyszukiwania ÔÇ×{RawFileName}ÔÇŁ.
             To odwo┼éanie nie ma parametru CopyLocal, poniewa┼╝ co najmniej jeden element ┼║r├│d┼éowy ma parametr Private ustawiony na warto┼Ť─ç false, a ┼╝aden z element├│w ┼║r├│d┼éowych nie ma parametru Private ustawionego na warto┼Ť─ç true.
         Odwo┼éanie podstawowe ÔÇ×System.Text.Encoding.CodePages, Version=8.0.0.0, Culture=neutral, PublicKeyToken=b03f5f7f11d50a3aÔÇŁ.
             Rozpoznana ┼Ťcie┼╝ka pliku: ÔÇ×C:\Program Files\dotnet\packs\Microsoft.NETCore.App.Ref\8.0.1\ref\net8.0\System.Text.Encoding.CodePages.dllÔÇŁ.
             Znaleziono odwo┼éanie w lokalizacji ┼Ťcie┼╝ki wyszukiwania ÔÇ×{RawFileName}ÔÇŁ.
             To odwo┼éanie nie ma parametru CopyLocal, poniewa┼╝ co najmniej jeden element ┼║r├│d┼éowy ma parametr Private ustawiony na warto┼Ť─ç false, a ┼╝aden z element├│w ┼║r├│d┼éowych nie ma parametru Private ustawionego na warto┼Ť─ç true.
         Odwo┼éanie podstawowe ÔÇ×System.Text.Encoding.Extensions, Version=8.0.0.0, Culture=neutral, PublicKeyToken=b03f5f7f11d50a3aÔÇŁ.
             Rozpoznana ┼Ťcie┼╝ka pliku: ÔÇ×C:\Program Files\dotnet\packs\Microsoft.NETCore.App.Ref\8.0.1\ref\net8.0\System.Text.Encoding.Extensions.dllÔÇŁ.
             Znaleziono odwo┼éanie w lokalizacji ┼Ťcie┼╝ki wyszukiwania ÔÇ×{RawFileName}ÔÇŁ.
             To odwo┼éanie nie ma parametru CopyLocal, poniewa┼╝ co najmniej jeden element ┼║r├│d┼éowy ma parametr Private ustawiony na warto┼Ť─ç false, a ┼╝aden z element├│w ┼║r├│d┼éowych nie ma parametru Private ustawionego na warto┼Ť─ç true.
         Odwo┼éanie podstawowe ÔÇ×System.Text.Encoding, Version=8.0.0.0, Culture=neutral, PublicKeyToken=b03f5f7f11d50a3aÔÇŁ.
             Rozpoznana ┼Ťcie┼╝ka pliku: ÔÇ×C:\Program Files\dotnet\packs\Microsoft.NETCore.App.Ref\8.0.1\ref\net8.0\System.Text.Encoding.dllÔÇŁ.
             Znaleziono odwo┼éanie w lokalizacji ┼Ťcie┼╝ki wyszukiwania ÔÇ×{RawFileName}ÔÇŁ.
             To odwo┼éanie nie ma parametru CopyLocal, poniewa┼╝ co najmniej jeden element ┼║r├│d┼éowy ma parametr Private ustawiony na warto┼Ť─ç false, a ┼╝aden z element├│w ┼║r├│d┼éowych nie ma parametru Private ustawionego na warto┼Ť─ç true.
         Odwo┼éanie podstawowe ÔÇ×System.Text.Encodings.Web, Version=8.0.0.0, Culture=neutral, PublicKeyToken=cc7b13ffcd2ddd51ÔÇŁ.
             Rozpoznana ┼Ťcie┼╝ka pliku: ÔÇ×C:\Program Files\dotnet\packs\Microsoft.NETCore.App.Ref\8.0.1\ref\net8.0\System.Text.Encodings.Web.dllÔÇŁ.
             Znaleziono odwo┼éanie w lokalizacji ┼Ťcie┼╝ki wyszukiwania ÔÇ×{RawFileName}ÔÇŁ.
             To odwo┼éanie nie ma parametru CopyLocal, poniewa┼╝ co najmniej jeden element ┼║r├│d┼éowy ma parametr Private ustawiony na warto┼Ť─ç false, a ┼╝aden z element├│w ┼║r├│d┼éowych nie ma parametru Private ustawionego na warto┼Ť─ç true.
         Odwo┼éanie podstawowe ÔÇ×System.Text.Json, Version=8.0.0.0, Culture=neutral, PublicKeyToken=cc7b13ffcd2ddd51ÔÇŁ.
             Rozpoznana ┼Ťcie┼╝ka pliku: ÔÇ×C:\Program Files\dotnet\packs\Microsoft.NETCore.App.Ref\8.0.1\ref\net8.0\System.Text.Json.dllÔÇŁ.
             Znaleziono odwo┼éanie w lokalizacji ┼Ťcie┼╝ki wyszukiwania ÔÇ×{RawFileName}ÔÇŁ.
             To odwo┼éanie nie ma parametru CopyLocal, poniewa┼╝ co najmniej jeden element ┼║r├│d┼éowy ma parametr Private ustawiony na warto┼Ť─ç false, a ┼╝aden z element├│w ┼║r├│d┼éowych nie ma parametru Private ustawionego na warto┼Ť─ç true.
         Odwo┼éanie podstawowe ÔÇ×System.Text.RegularExpressions, Version=8.0.0.0, Culture=neutral, PublicKeyToken=b03f5f7f11d50a3aÔÇŁ.
             Rozpoznana ┼Ťcie┼╝ka pliku: ÔÇ×C:\Program Files\dotnet\packs\Microsoft.NETCore.App.Ref\8.0.1\ref\net8.0\System.Text.RegularExpressions.dllÔÇŁ.
             Znaleziono odwo┼éanie w lokalizacji ┼Ťcie┼╝ki wyszukiwania ÔÇ×{RawFileName}ÔÇŁ.
             To odwo┼éanie nie ma parametru CopyLocal, poniewa┼╝ co najmniej jeden element ┼║r├│d┼éowy ma parametr Private ustawiony na warto┼Ť─ç false, a ┼╝aden z element├│w ┼║r├│d┼éowych nie ma parametru Private ustawionego na warto┼Ť─ç true.
         Odwo┼éanie podstawowe ÔÇ×System.Threading.Channels, Version=8.0.0.0, Culture=neutral, PublicKeyToken=cc7b13ffcd2ddd51ÔÇŁ.
             Rozpoznana ┼Ťcie┼╝ka pliku: ÔÇ×C:\Program Files\dotnet\packs\Microsoft.NETCore.App.Ref\8.0.1\ref\net8.0\System.Threading.Channels.dllÔÇŁ.
             Znaleziono odwo┼éanie w lokalizacji ┼Ťcie┼╝ki wyszukiwania ÔÇ×{RawFileName}ÔÇŁ.
             To odwo┼éanie nie ma parametru CopyLocal, poniewa┼╝ co najmniej jeden element ┼║r├│d┼éowy ma parametr Private ustawiony na warto┼Ť─ç false, a ┼╝aden z element├│w ┼║r├│d┼éowych nie ma parametru Private ustawionego na warto┼Ť─ç true.
         Odwo┼éanie podstawowe ÔÇ×System.Threading.Overlapped, Version=8.0.0.0, Culture=neutral, PublicKeyToken=b03f5f7f11d50a3aÔÇŁ.
             Rozpoznana ┼Ťcie┼╝ka pliku: ÔÇ×C:\Program Files\dotnet\packs\Microsoft.NETCore.App.Ref\8.0.1\ref\net8.0\System.Threading.Overlapped.dllÔÇŁ.
             Znaleziono odwo┼éanie w lokalizacji ┼Ťcie┼╝ki wyszukiwania ÔÇ×{RawFileName}ÔÇŁ.
             To odwo┼éanie nie ma parametru CopyLocal, poniewa┼╝ co najmniej jeden element ┼║r├│d┼éowy ma parametr Private ustawiony na warto┼Ť─ç false, a ┼╝aden z element├│w ┼║r├│d┼éowych nie ma parametru Private ustawionego na warto┼Ť─ç true.
         Odwo┼éanie podstawowe ÔÇ×System.Threading.Tasks.Dataflow, Version=8.0.0.0, Culture=neutral, PublicKeyToken=b03f5f7f11d50a3aÔÇŁ.
             Rozpoznana ┼Ťcie┼╝ka pliku: ÔÇ×C:\Program Files\dotnet\packs\Microsoft.NETCore.App.Ref\8.0.1\ref\net8.0\System.Threading.Tasks.Dataflow.dllÔÇŁ.
             Znaleziono odwo┼éanie w lokalizacji ┼Ťcie┼╝ki wyszukiwania ÔÇ×{RawFileName}ÔÇŁ.
             To odwo┼éanie nie ma parametru CopyLocal, poniewa┼╝ co najmniej jeden element ┼║r├│d┼éowy ma parametr Private ustawiony na warto┼Ť─ç false, a ┼╝aden z element├│w ┼║r├│d┼éowych nie ma parametru Private ustawionego na warto┼Ť─ç true.
         Odwo┼éanie podstawowe ÔÇ×System.Threading.Tasks.Extensions, Version=8.0.0.0, Culture=neutral, PublicKeyToken=cc7b13ffcd2ddd51ÔÇŁ.
             Rozpoznana ┼Ťcie┼╝ka pliku: ÔÇ×C:\Program Files\dotnet\packs\Microsoft.NETCore.App.Ref\8.0.1\ref\net8.0\System.Threading.Tasks.Extensions.dllÔÇŁ.
             Znaleziono odwo┼éanie w lokalizacji ┼Ťcie┼╝ki wyszukiwania ÔÇ×{RawFileName}ÔÇŁ.
             To odwo┼éanie nie ma parametru CopyLocal, poniewa┼╝ co najmniej jeden element ┼║r├│d┼éowy ma parametr Private ustawiony na warto┼Ť─ç false, a ┼╝aden z element├│w ┼║r├│d┼éowych nie ma parametru Private ustawionego na warto┼Ť─ç true.
         Odwo┼éanie podstawowe ÔÇ×System.Threading.Tasks.Parallel, Version=8.0.0.0, Culture=neutral, PublicKeyToken=b03f5f7f11d50a3aÔÇŁ.
             Rozpoznana ┼Ťcie┼╝ka pliku: ÔÇ×C:\Program Files\dotnet\packs\Microsoft.NETCore.App.Ref\8.0.1\ref\net8.0\System.Threading.Tasks.Parallel.dllÔÇŁ.
             Znaleziono odwo┼éanie w lokalizacji ┼Ťcie┼╝ki wyszukiwania ÔÇ×{RawFileName}ÔÇŁ.
             To odwo┼éanie nie ma parametru CopyLocal, poniewa┼╝ co najmniej jeden element ┼║r├│d┼éowy ma parametr Private ustawiony na warto┼Ť─ç false, a ┼╝aden z element├│w ┼║r├│d┼éowych nie ma parametru Private ustawionego na warto┼Ť─ç true.
         Odwo┼éanie podstawowe ÔÇ×System.Threading.Tasks, Version=8.0.0.0, Culture=neutral, PublicKeyToken=b03f5f7f11d50a3aÔÇŁ.
             Rozpoznana ┼Ťcie┼╝ka pliku: ÔÇ×C:\Program Files\dotnet\packs\Microsoft.NETCore.App.Ref\8.0.1\ref\net8.0\System.Threading.Tasks.dllÔÇŁ.
             Znaleziono odwo┼éanie w lokalizacji ┼Ťcie┼╝ki wyszukiwania ÔÇ×{RawFileName}ÔÇŁ.
             To odwo┼éanie nie ma parametru CopyLocal, poniewa┼╝ co najmniej jeden element ┼║r├│d┼éowy ma parametr Private ustawiony na warto┼Ť─ç false, a ┼╝aden z element├│w ┼║r├│d┼éowych nie ma parametru Private ustawionego na warto┼Ť─ç true.
         Odwo┼éanie podstawowe ÔÇ×System.Threading.Thread, Version=8.0.0.0, Culture=neutral, PublicKeyToken=b03f5f7f11d50a3aÔÇŁ.
             Rozpoznana ┼Ťcie┼╝ka pliku: ÔÇ×C:\Program Files\dotnet\packs\Microsoft.NETCore.App.Ref\8.0.1\ref\net8.0\System.Threading.Thread.dllÔÇŁ.
             Znaleziono odwo┼éanie w lokalizacji ┼Ťcie┼╝ki wyszukiwania ÔÇ×{RawFileName}ÔÇŁ.
             To odwo┼éanie nie ma parametru CopyLocal, poniewa┼╝ co najmniej jeden element ┼║r├│d┼éowy ma parametr Private ustawiony na warto┼Ť─ç false, a ┼╝aden z element├│w ┼║r├│d┼éowych nie ma parametru Private ustawionego na warto┼Ť─ç true.
         Odwo┼éanie podstawowe ÔÇ×System.Threading.ThreadPool, Version=8.0.0.0, Culture=neutral, PublicKeyToken=b03f5f7f11d50a3aÔÇŁ.
             Rozpoznana ┼Ťcie┼╝ka pliku: ÔÇ×C:\Program Files\dotnet\packs\Microsoft.NETCore.App.Ref\8.0.1\ref\net8.0\System.Threading.ThreadPool.dllÔÇŁ.
             Znaleziono odwo┼éanie w lokalizacji ┼Ťcie┼╝ki wyszukiwania ÔÇ×{RawFileName}ÔÇŁ.
             To odwo┼éanie nie ma parametru CopyLocal, poniewa┼╝ co najmniej jeden element ┼║r├│d┼éowy ma parametr Private ustawiony na warto┼Ť─ç false, a ┼╝aden z element├│w ┼║r├│d┼éowych nie ma parametru Private ustawionego na warto┼Ť─ç true.
         Odwo┼éanie podstawowe ÔÇ×System.Threading.Timer, Version=8.0.0.0, Culture=neutral, PublicKeyToken=b03f5f7f11d50a3aÔÇŁ.
             Rozpoznana ┼Ťcie┼╝ka pliku: ÔÇ×C:\Program Files\dotnet\packs\Microsoft.NETCore.App.Ref\8.0.1\ref\net8.0\System.Threading.Timer.dllÔÇŁ.
             Znaleziono odwo┼éanie w lokalizacji ┼Ťcie┼╝ki wyszukiwania ÔÇ×{RawFileName}ÔÇŁ.
             To odwo┼éanie nie ma parametru CopyLocal, poniewa┼╝ co najmniej jeden element ┼║r├│d┼éowy ma parametr Private ustawiony na warto┼Ť─ç false, a ┼╝aden z element├│w ┼║r├│d┼éowych nie ma parametru Private ustawionego na warto┼Ť─ç true.
         Odwo┼éanie podstawowe ÔÇ×System.Threading, Version=8.0.0.0, Culture=neutral, PublicKeyToken=b03f5f7f11d50a3aÔÇŁ.
             Rozpoznana ┼Ťcie┼╝ka pliku: ÔÇ×C:\Program Files\dotnet\packs\Microsoft.NETCore.App.Ref\8.0.1\ref\net8.0\System.Threading.dllÔÇŁ.
             Znaleziono odwo┼éanie w lokalizacji ┼Ťcie┼╝ki wyszukiwania ÔÇ×{RawFileName}ÔÇŁ.
             To odwo┼éanie nie ma parametru CopyLocal, poniewa┼╝ co najmniej jeden element ┼║r├│d┼éowy ma parametr Private ustawiony na warto┼Ť─ç false, a ┼╝aden z element├│w ┼║r├│d┼éowych nie ma parametru Private ustawionego na warto┼Ť─ç true.
         Odwo┼éanie podstawowe ÔÇ×System.Transactions.Local, Version=8.0.0.0, Culture=neutral, PublicKeyToken=cc7b13ffcd2ddd51ÔÇŁ.
             Rozpoznana ┼Ťcie┼╝ka pliku: ÔÇ×C:\Program Files\dotnet\packs\Microsoft.NETCore.App.Ref\8.0.1\ref\net8.0\System.Transactions.Local.dllÔÇŁ.
             Znaleziono odwo┼éanie w lokalizacji ┼Ťcie┼╝ki wyszukiwania ÔÇ×{RawFileName}ÔÇŁ.
             To odwo┼éanie nie ma parametru CopyLocal, poniewa┼╝ co najmniej jeden element ┼║r├│d┼éowy ma parametr Private ustawiony na warto┼Ť─ç false, a ┼╝aden z element├│w ┼║r├│d┼éowych nie ma parametru Private ustawionego na warto┼Ť─ç true.
         Odwo┼éanie podstawowe ÔÇ×System.Transactions, Version=4.0.0.0, Culture=neutral, PublicKeyToken=b77a5c561934e089ÔÇŁ.
             Rozpoznana ┼Ťcie┼╝ka pliku: ÔÇ×C:\Program Files\dotnet\packs\Microsoft.NETCore.App.Ref\8.0.1\ref\net8.0\System.Transactions.dllÔÇŁ.
             Znaleziono odwo┼éanie w lokalizacji ┼Ťcie┼╝ki wyszukiwania ÔÇ×{RawFileName}ÔÇŁ.
             To odwo┼éanie nie ma parametru CopyLocal, poniewa┼╝ co najmniej jeden element ┼║r├│d┼éowy ma parametr Private ustawiony na warto┼Ť─ç false, a ┼╝aden z element├│w ┼║r├│d┼éowych nie ma parametru Private ustawionego na warto┼Ť─ç true.
         Odwo┼éanie podstawowe ÔÇ×System.ValueTuple, Version=8.0.0.0, Culture=neutral, PublicKeyToken=cc7b13ffcd2ddd51ÔÇŁ.
             Rozpoznana ┼Ťcie┼╝ka pliku: ÔÇ×C:\Program Files\dotnet\packs\Microsoft.NETCore.App.Ref\8.0.1\ref\net8.0\System.ValueTuple.dllÔÇŁ.
             Znaleziono odwo┼éanie w lokalizacji ┼Ťcie┼╝ki wyszukiwania ÔÇ×{RawFileName}ÔÇŁ.
             To odwo┼éanie nie ma parametru CopyLocal, poniewa┼╝ co najmniej jeden element ┼║r├│d┼éowy ma parametr Private ustawiony na warto┼Ť─ç false, a ┼╝aden z element├│w ┼║r├│d┼éowych nie ma parametru Private ustawionego na warto┼Ť─ç true.
         Odwo┼éanie podstawowe ÔÇ×System.Web.HttpUtility, Version=8.0.0.0, Culture=neutral, PublicKeyToken=cc7b13ffcd2ddd51ÔÇŁ.
             Rozpoznana ┼Ťcie┼╝ka pliku: ÔÇ×C:\Program Files\dotnet\packs\Microsoft.NETCore.App.Ref\8.0.1\ref\net8.0\System.Web.HttpUtility.dllÔÇŁ.
             Znaleziono odwo┼éanie w lokalizacji ┼Ťcie┼╝ki wyszukiwania ÔÇ×{RawFileName}ÔÇŁ.
             To odwo┼éanie nie ma parametru CopyLocal, poniewa┼╝ co najmniej jeden element ┼║r├│d┼éowy ma parametr Private ustawiony na warto┼Ť─ç false, a ┼╝aden z element├│w ┼║r├│d┼éowych nie ma parametru Private ustawionego na warto┼Ť─ç true.
         Odwo┼éanie podstawowe ÔÇ×System.Web, Version=4.0.0.0, Culture=neutral, PublicKeyToken=b03f5f7f11d50a3aÔÇŁ.
             Rozpoznana ┼Ťcie┼╝ka pliku: ÔÇ×C:\Program Files\dotnet\packs\Microsoft.NETCore.App.Ref\8.0.1\ref\net8.0\System.Web.dllÔÇŁ.
             Znaleziono odwo┼éanie w lokalizacji ┼Ťcie┼╝ki wyszukiwania ÔÇ×{RawFileName}ÔÇŁ.
             To odwo┼éanie nie ma parametru CopyLocal, poniewa┼╝ co najmniej jeden element ┼║r├│d┼éowy ma parametr Private ustawiony na warto┼Ť─ç false, a ┼╝aden z element├│w ┼║r├│d┼éowych nie ma parametru Private ustawionego na warto┼Ť─ç true.
         Odwo┼éanie podstawowe ÔÇ×System.Windows, Version=4.0.0.0, Culture=neutral, PublicKeyToken=b03f5f7f11d50a3aÔÇŁ.
             Rozpoznana ┼Ťcie┼╝ka pliku: ÔÇ×C:\Program Files\dotnet\packs\Microsoft.NETCore.App.Ref\8.0.1\ref\net8.0\System.Windows.dllÔÇŁ.
             Znaleziono odwo┼éanie w lokalizacji ┼Ťcie┼╝ki wyszukiwania ÔÇ×{RawFileName}ÔÇŁ.
             To odwo┼éanie nie ma parametru CopyLocal, poniewa┼╝ co najmniej jeden element ┼║r├│d┼éowy ma parametr Private ustawiony na warto┼Ť─ç false, a ┼╝aden z element├│w ┼║r├│d┼éowych nie ma parametru Private ustawionego na warto┼Ť─ç true.
         Odwo┼éanie podstawowe ÔÇ×System.Xml.Linq, Version=4.0.0.0, Culture=neutral, PublicKeyToken=b77a5c561934e089ÔÇŁ.
             Rozpoznana ┼Ťcie┼╝ka pliku: ÔÇ×C:\Program Files\dotnet\packs\Microsoft.NETCore.App.Ref\8.0.1\ref\net8.0\System.Xml.Linq.dllÔÇŁ.
             Znaleziono odwo┼éanie w lokalizacji ┼Ťcie┼╝ki wyszukiwania ÔÇ×{RawFileName}ÔÇŁ.
             To odwo┼éanie nie ma parametru CopyLocal, poniewa┼╝ co najmniej jeden element ┼║r├│d┼éowy ma parametr Private ustawiony na warto┼Ť─ç false, a ┼╝aden z element├│w ┼║r├│d┼éowych nie ma parametru Private ustawionego na warto┼Ť─ç true.
         Odwo┼éanie podstawowe ÔÇ×System.Xml.ReaderWriter, Version=8.0.0.0, Culture=neutral, PublicKeyToken=b03f5f7f11d50a3aÔÇŁ.
             Rozpoznana ┼Ťcie┼╝ka pliku: ÔÇ×C:\Program Files\dotnet\packs\Microsoft.NETCore.App.Ref\8.0.1\ref\net8.0\System.Xml.ReaderWriter.dllÔÇŁ.
             Znaleziono odwo┼éanie w lokalizacji ┼Ťcie┼╝ki wyszukiwania ÔÇ×{RawFileName}ÔÇŁ.
             To odwo┼éanie nie ma parametru CopyLocal, poniewa┼╝ co najmniej jeden element ┼║r├│d┼éowy ma parametr Private ustawiony na warto┼Ť─ç false, a ┼╝aden z element├│w ┼║r├│d┼éowych nie ma parametru Private ustawionego na warto┼Ť─ç true.
         Odwo┼éanie podstawowe ÔÇ×System.Xml.Serialization, Version=4.0.0.0, Culture=neutral, PublicKeyToken=b77a5c561934e089ÔÇŁ.
             Rozpoznana ┼Ťcie┼╝ka pliku: ÔÇ×C:\Program Files\dotnet\packs\Microsoft.NETCore.App.Ref\8.0.1\ref\net8.0\System.Xml.Serialization.dllÔÇŁ.
             Znaleziono odwo┼éanie w lokalizacji ┼Ťcie┼╝ki wyszukiwania ÔÇ×{RawFileName}ÔÇŁ.
             To odwo┼éanie nie ma parametru CopyLocal, poniewa┼╝ co najmniej jeden element ┼║r├│d┼éowy ma parametr Private ustawiony na warto┼Ť─ç false, a ┼╝aden z element├│w ┼║r├│d┼éowych nie ma parametru Private ustawionego na warto┼Ť─ç true.
         Odwo┼éanie podstawowe ÔÇ×System.Xml.XDocument, Version=8.0.0.0, Culture=neutral, PublicKeyToken=b03f5f7f11d50a3aÔÇŁ.
             Rozpoznana ┼Ťcie┼╝ka pliku: ÔÇ×C:\Program Files\dotnet\packs\Microsoft.NETCore.App.Ref\8.0.1\ref\net8.0\System.Xml.XDocument.dllÔÇŁ.
             Znaleziono odwo┼éanie w lokalizacji ┼Ťcie┼╝ki wyszukiwania ÔÇ×{RawFileName}ÔÇŁ.
             To odwo┼éanie nie ma parametru CopyLocal, poniewa┼╝ co najmniej jeden element ┼║r├│d┼éowy ma parametr Private ustawiony na warto┼Ť─ç false, a ┼╝aden z element├│w ┼║r├│d┼éowych nie ma parametru Private ustawionego na warto┼Ť─ç true.
         Odwo┼éanie podstawowe ÔÇ×System.Xml.XPath.XDocument, Version=8.0.0.0, Culture=neutral, PublicKeyToken=b03f5f7f11d50a3aÔÇŁ.
             Rozpoznana ┼Ťcie┼╝ka pliku: ÔÇ×C:\Program Files\dotnet\packs\Microsoft.NETCore.App.Ref\8.0.1\ref\net8.0\System.Xml.XPath.XDocument.dllÔÇŁ.
             Znaleziono odwo┼éanie w lokalizacji ┼Ťcie┼╝ki wyszukiwania ÔÇ×{RawFileName}ÔÇŁ.
             To odwo┼éanie nie ma parametru CopyLocal, poniewa┼╝ co najmniej jeden element ┼║r├│d┼éowy ma parametr Private ustawiony na warto┼Ť─ç false, a ┼╝aden z element├│w ┼║r├│d┼éowych nie ma parametru Private ustawionego na warto┼Ť─ç true.
         Odwo┼éanie podstawowe ÔÇ×System.Xml.XPath, Version=8.0.0.0, Culture=neutral, PublicKeyToken=b03f5f7f11d50a3aÔÇŁ.
             Rozpoznana ┼Ťcie┼╝ka pliku: ÔÇ×C:\Program Files\dotnet\packs\Microsoft.NETCore.App.Ref\8.0.1\ref\net8.0\System.Xml.XPath.dllÔÇŁ.
             Znaleziono odwo┼éanie w lokalizacji ┼Ťcie┼╝ki wyszukiwania ÔÇ×{RawFileName}ÔÇŁ.
             To odwo┼éanie nie ma parametru CopyLocal, poniewa┼╝ co najmniej jeden element ┼║r├│d┼éowy ma parametr Private ustawiony na warto┼Ť─ç false, a ┼╝aden z element├│w ┼║r├│d┼éowych nie ma parametru Private ustawionego na warto┼Ť─ç true.
         Odwo┼éanie podstawowe ÔÇ×System.Xml.XmlDocument, Version=8.0.0.0, Culture=neutral, PublicKeyToken=b03f5f7f11d50a3aÔÇŁ.
             Rozpoznana ┼Ťcie┼╝ka pliku: ÔÇ×C:\Program Files\dotnet\packs\Microsoft.NETCore.App.Ref\8.0.1\ref\net8.0\System.Xml.XmlDocument.dllÔÇŁ.
             Znaleziono odwo┼éanie w lokalizacji ┼Ťcie┼╝ki wyszukiwania ÔÇ×{RawFileName}ÔÇŁ.
             To odwo┼éanie nie ma parametru CopyLocal, poniewa┼╝ co najmniej jeden element ┼║r├│d┼éowy ma parametr Private ustawiony na warto┼Ť─ç false, a ┼╝aden z element├│w ┼║r├│d┼éowych nie ma parametru Private ustawionego na warto┼Ť─ç true.
         Odwo┼éanie podstawowe ÔÇ×System.Xml.XmlSerializer, Version=8.0.0.0, Culture=neutral, PublicKeyToken=b03f5f7f11d50a3aÔÇŁ.
             Rozpoznana ┼Ťcie┼╝ka pliku: ÔÇ×C:\Program Files\dotnet\packs\Microsoft.NETCore.App.Ref\8.0.1\ref\net8.0\System.Xml.XmlSerializer.dllÔÇŁ.
             Znaleziono odwo┼éanie w lokalizacji ┼Ťcie┼╝ki wyszukiwania ÔÇ×{RawFileName}ÔÇŁ.
             To odwo┼éanie nie ma parametru CopyLocal, poniewa┼╝ co najmniej jeden element ┼║r├│d┼éowy ma parametr Private ustawiony na warto┼Ť─ç false, a ┼╝aden z element├│w ┼║r├│d┼éowych nie ma parametru Private ustawionego na warto┼Ť─ç true.
         Odwo┼éanie podstawowe ÔÇ×System.Xml, Version=4.0.0.0, Culture=neutral, PublicKeyToken=b77a5c561934e089ÔÇŁ.
             Rozpoznana ┼Ťcie┼╝ka pliku: ÔÇ×C:\Program Files\dotnet\packs\Microsoft.NETCore.App.Ref\8.0.1\ref\net8.0\System.Xml.dllÔÇŁ.
             Znaleziono odwo┼éanie w lokalizacji ┼Ťcie┼╝ki wyszukiwania ÔÇ×{RawFileName}ÔÇŁ.
             To odwo┼éanie nie ma parametru CopyLocal, poniewa┼╝ co najmniej jeden element ┼║r├│d┼éowy ma parametr Private ustawiony na warto┼Ť─ç false, a ┼╝aden z element├│w ┼║r├│d┼éowych nie ma parametru Private ustawionego na warto┼Ť─ç true.
         Odwo┼éanie podstawowe ÔÇ×System, Version=4.0.0.0, Culture=neutral, PublicKeyToken=b77a5c561934e089ÔÇŁ.
             Rozpoznana ┼Ťcie┼╝ka pliku: ÔÇ×C:\Program Files\dotnet\packs\Microsoft.NETCore.App.Ref\8.0.1\ref\net8.0\System.dllÔÇŁ.
             Znaleziono odwo┼éanie w lokalizacji ┼Ťcie┼╝ki wyszukiwania ÔÇ×{RawFileName}ÔÇŁ.
             To odwo┼éanie nie ma parametru CopyLocal, poniewa┼╝ co najmniej jeden element ┼║r├│d┼éowy ma parametr Private ustawiony na warto┼Ť─ç false, a ┼╝aden z element├│w ┼║r├│d┼éowych nie ma parametru Private ustawionego na warto┼Ť─ç true.
         Odwo┼éanie podstawowe ÔÇ×WindowsBase, Version=4.0.0.0, Culture=neutral, PublicKeyToken=31bf3856ad364e35ÔÇŁ.
             Rozpoznana ┼Ťcie┼╝ka pliku: ÔÇ×C:\Program Files\dotnet\packs\Microsoft.NETCore.App.Ref\8.0.1\ref\net8.0\WindowsBase.dllÔÇŁ.
             Znaleziono odwo┼éanie w lokalizacji ┼Ťcie┼╝ki wyszukiwania ÔÇ×{RawFileName}ÔÇŁ.
             To odwo┼éanie nie ma parametru CopyLocal, poniewa┼╝ co najmniej jeden element ┼║r├│d┼éowy ma parametr Private ustawiony na warto┼Ť─ç false, a ┼╝aden z element├│w ┼║r├│d┼éowych nie ma parametru Private ustawionego na warto┼Ť─ç true.
         Odwo┼éanie podstawowe ÔÇ×mscorlib, Version=4.0.0.0, Culture=neutral, PublicKeyToken=b77a5c561934e089ÔÇŁ.
             Rozpoznana ┼Ťcie┼╝ka pliku: ÔÇ×C:\Program Files\dotnet\packs\Microsoft.NETCore.App.Ref\8.0.1\ref\net8.0\mscorlib.dllÔÇŁ.
             Znaleziono odwo┼éanie w lokalizacji ┼Ťcie┼╝ki wyszukiwania ÔÇ×{RawFileName}ÔÇŁ.
             To odwo┼éanie nie ma parametru CopyLocal, poniewa┼╝ co najmniej jeden element ┼║r├│d┼éowy ma parametr Private ustawiony na warto┼Ť─ç false, a ┼╝aden z element├│w ┼║r├│d┼éowych nie ma parametru Private ustawionego na warto┼Ť─ç true.
         Odwo┼éanie podstawowe ÔÇ×netstandard, Version=2.1.0.0, Culture=neutral, PublicKeyToken=cc7b13ffcd2ddd51ÔÇŁ.
             Rozpoznana ┼Ťcie┼╝ka pliku: ÔÇ×C:\Program Files\dotnet\packs\Microsoft.NETCore.App.Ref\8.0.1\ref\net8.0\netstandard.dllÔÇŁ.
             Znaleziono odwo┼éanie w lokalizacji ┼Ťcie┼╝ki wyszukiwania ÔÇ×{RawFileName}ÔÇŁ.
             To odwo┼éanie nie ma parametru CopyLocal, poniewa┼╝ co najmniej jeden element ┼║r├│d┼éowy ma parametr Private ustawiony na warto┼Ť─ç false, a ┼╝aden z element├│w ┼║r├│d┼éowych nie ma parametru Private ustawionego na warto┼Ť─ç true.
         Odwo┼éanie podstawowe ÔÇ×Microsoft.AspNetCore.Antiforgery, Version=8.0.0.0, Culture=neutral, PublicKeyToken=adb9793829ddae60ÔÇŁ.
             Rozpoznana ┼Ťcie┼╝ka pliku: ÔÇ×C:\Program Files\dotnet\packs\Microsoft.AspNetCore.App.Ref\8.0.1\ref\net8.0\Microsoft.AspNetCore.Antiforgery.dllÔÇŁ.
             Znaleziono odwo┼éanie w lokalizacji ┼Ťcie┼╝ki wyszukiwania ÔÇ×{RawFileName}ÔÇŁ.
             To odwo┼éanie nie ma parametru CopyLocal, poniewa┼╝ co najmniej jeden element ┼║r├│d┼éowy ma parametr Private ustawiony na warto┼Ť─ç false, a ┼╝aden z element├│w ┼║r├│d┼éowych nie ma parametru Private ustawionego na warto┼Ť─ç true.
         Odwo┼éanie podstawowe ÔÇ×Microsoft.AspNetCore.Authentication.Abstractions, Version=8.0.0.0, Culture=neutral, PublicKeyToken=adb9793829ddae60ÔÇŁ.
             Rozpoznana ┼Ťcie┼╝ka pliku: ÔÇ×C:\Program Files\dotnet\packs\Microsoft.AspNetCore.App.Ref\8.0.1\ref\net8.0\Microsoft.AspNetCore.Authentication.Abstractions.dllÔÇŁ.
             Znaleziono odwo┼éanie w lokalizacji ┼Ťcie┼╝ki wyszukiwania ÔÇ×{RawFileName}ÔÇŁ.
             To odwo┼éanie nie ma parametru CopyLocal, poniewa┼╝ co najmniej jeden element ┼║r├│d┼éowy ma parametr Private ustawiony na warto┼Ť─ç false, a ┼╝aden z element├│w ┼║r├│d┼éowych nie ma parametru Private ustawionego na warto┼Ť─ç true.
         Odwo┼éanie podstawowe ÔÇ×Microsoft.AspNetCore.Authentication.BearerToken, Version=8.0.0.0, Culture=neutral, PublicKeyToken=adb9793829ddae60ÔÇŁ.
             Rozpoznana ┼Ťcie┼╝ka pliku: ÔÇ×C:\Program Files\dotnet\packs\Microsoft.AspNetCore.App.Ref\8.0.1\ref\net8.0\Microsoft.AspNetCore.Authentication.BearerToken.dllÔÇŁ.
             Znaleziono odwo┼éanie w lokalizacji ┼Ťcie┼╝ki wyszukiwania ÔÇ×{RawFileName}ÔÇŁ.
             To odwo┼éanie nie ma parametru CopyLocal, poniewa┼╝ co najmniej jeden element ┼║r├│d┼éowy ma parametr Private ustawiony na warto┼Ť─ç false, a ┼╝aden z element├│w ┼║r├│d┼éowych nie ma parametru Private ustawionego na warto┼Ť─ç true.
         Odwo┼éanie podstawowe ÔÇ×Microsoft.AspNetCore.Authentication.Cookies, Version=8.0.0.0, Culture=neutral, PublicKeyToken=adb9793829ddae60ÔÇŁ.
             Rozpoznana ┼Ťcie┼╝ka pliku: ÔÇ×C:\Program Files\dotnet\packs\Microsoft.AspNetCore.App.Ref\8.0.1\ref\net8.0\Microsoft.AspNetCore.Authentication.Cookies.dllÔÇŁ.
             Znaleziono odwo┼éanie w lokalizacji ┼Ťcie┼╝ki wyszukiwania ÔÇ×{RawFileName}ÔÇŁ.
             To odwo┼éanie nie ma parametru CopyLocal, poniewa┼╝ co najmniej jeden element ┼║r├│d┼éowy ma parametr Private ustawiony na warto┼Ť─ç false, a ┼╝aden z element├│w ┼║r├│d┼éowych nie ma parametru Private ustawionego na warto┼Ť─ç true.
         Odwo┼éanie podstawowe ÔÇ×Microsoft.AspNetCore.Authentication.Core, Version=8.0.0.0, Culture=neutral, PublicKeyToken=adb9793829ddae60ÔÇŁ.
             Rozpoznana ┼Ťcie┼╝ka pliku: ÔÇ×C:\Program Files\dotnet\packs\Microsoft.AspNetCore.App.Ref\8.0.1\ref\net8.0\Microsoft.AspNetCore.Authentication.Core.dllÔÇŁ.
             Znaleziono odwo┼éanie w lokalizacji ┼Ťcie┼╝ki wyszukiwania ÔÇ×{RawFileName}ÔÇŁ.
             To odwo┼éanie nie ma parametru CopyLocal, poniewa┼╝ co najmniej jeden element ┼║r├│d┼éowy ma parametr Private ustawiony na warto┼Ť─ç false, a ┼╝aden z element├│w ┼║r├│d┼éowych nie ma parametru Private ustawionego na warto┼Ť─ç true.
         Odwo┼éanie podstawowe ÔÇ×Microsoft.AspNetCore.Authentication.OAuth, Version=8.0.0.0, Culture=neutral, PublicKeyToken=adb9793829ddae60ÔÇŁ.
             Rozpoznana ┼Ťcie┼╝ka pliku: ÔÇ×C:\Program Files\dotnet\packs\Microsoft.AspNetCore.App.Ref\8.0.1\ref\net8.0\Microsoft.AspNetCore.Authentication.OAuth.dllÔÇŁ.
             Znaleziono odwo┼éanie w lokalizacji ┼Ťcie┼╝ki wyszukiwania ÔÇ×{RawFileName}ÔÇŁ.
             To odwo┼éanie nie ma parametru CopyLocal, poniewa┼╝ co najmniej jeden element ┼║r├│d┼éowy ma parametr Private ustawiony na warto┼Ť─ç false, a ┼╝aden z element├│w ┼║r├│d┼éowych nie ma parametru Private ustawionego na warto┼Ť─ç true.
         Odwo┼éanie podstawowe ÔÇ×Microsoft.AspNetCore.Authentication, Version=8.0.0.0, Culture=neutral, PublicKeyToken=adb9793829ddae60ÔÇŁ.
             Rozpoznana ┼Ťcie┼╝ka pliku: ÔÇ×C:\Program Files\dotnet\packs\Microsoft.AspNetCore.App.Ref\8.0.1\ref\net8.0\Microsoft.AspNetCore.Authentication.dllÔÇŁ.
             Znaleziono odwo┼éanie w lokalizacji ┼Ťcie┼╝ki wyszukiwania ÔÇ×{RawFileName}ÔÇŁ.
             To odwo┼éanie nie ma parametru CopyLocal, poniewa┼╝ co najmniej jeden element ┼║r├│d┼éowy ma parametr Private ustawiony na warto┼Ť─ç false, a ┼╝aden z element├│w ┼║r├│d┼éowych nie ma parametru Private ustawionego na warto┼Ť─ç true.
         Odwo┼éanie podstawowe ÔÇ×Microsoft.AspNetCore.Authorization.Policy, Version=8.0.0.0, Culture=neutral, PublicKeyToken=adb9793829ddae60ÔÇŁ.
             Rozpoznana ┼Ťcie┼╝ka pliku: ÔÇ×C:\Program Files\dotnet\packs\Microsoft.AspNetCore.App.Ref\8.0.1\ref\net8.0\Microsoft.AspNetCore.Authorization.Policy.dllÔÇŁ.
             Znaleziono odwo┼éanie w lokalizacji ┼Ťcie┼╝ki wyszukiwania ÔÇ×{RawFileName}ÔÇŁ.
             To odwo┼éanie nie ma parametru CopyLocal, poniewa┼╝ co najmniej jeden element ┼║r├│d┼éowy ma parametr Private ustawiony na warto┼Ť─ç false, a ┼╝aden z element├│w ┼║r├│d┼éowych nie ma parametru Private ustawionego na warto┼Ť─ç true.
         Odwo┼éanie podstawowe ÔÇ×Microsoft.AspNetCore.Authorization, Version=8.0.0.0, Culture=neutral, PublicKeyToken=adb9793829ddae60ÔÇŁ.
             Rozpoznana ┼Ťcie┼╝ka pliku: ÔÇ×C:\Program Files\dotnet\packs\Microsoft.AspNetCore.App.Ref\8.0.1\ref\net8.0\Microsoft.AspNetCore.Authorization.dllÔÇŁ.
             Znaleziono odwo┼éanie w lokalizacji ┼Ťcie┼╝ki wyszukiwania ÔÇ×{RawFileName}ÔÇŁ.
             To odwo┼éanie nie ma parametru CopyLocal, poniewa┼╝ co najmniej jeden element ┼║r├│d┼éowy ma parametr Private ustawiony na warto┼Ť─ç false, a ┼╝aden z element├│w ┼║r├│d┼éowych nie ma parametru Private ustawionego na warto┼Ť─ç true.
         Odwo┼éanie podstawowe ÔÇ×Microsoft.AspNetCore.Components.Authorization, Version=8.0.0.0, Culture=neutral, PublicKeyToken=adb9793829ddae60ÔÇŁ.
             Rozpoznana ┼Ťcie┼╝ka pliku: ÔÇ×C:\Program Files\dotnet\packs\Microsoft.AspNetCore.App.Ref\8.0.1\ref\net8.0\Microsoft.AspNetCore.Components.Authorization.dllÔÇŁ.
             Znaleziono odwo┼éanie w lokalizacji ┼Ťcie┼╝ki wyszukiwania ÔÇ×{RawFileName}ÔÇŁ.
             To odwo┼éanie nie ma parametru CopyLocal, poniewa┼╝ co najmniej jeden element ┼║r├│d┼éowy ma parametr Private ustawiony na warto┼Ť─ç false, a ┼╝aden z element├│w ┼║r├│d┼éowych nie ma parametru Private ustawionego na warto┼Ť─ç true.
         Odwo┼éanie podstawowe ÔÇ×Microsoft.AspNetCore.Components.Endpoints, Version=8.0.0.0, Culture=neutral, PublicKeyToken=adb9793829ddae60ÔÇŁ.
             Rozpoznana ┼Ťcie┼╝ka pliku: ÔÇ×C:\Program Files\dotnet\packs\Microsoft.AspNetCore.App.Ref\8.0.1\ref\net8.0\Microsoft.AspNetCore.Components.Endpoints.dllÔÇŁ.
             Znaleziono odwo┼éanie w lokalizacji ┼Ťcie┼╝ki wyszukiwania ÔÇ×{RawFileName}ÔÇŁ.
             To odwo┼éanie nie ma parametru CopyLocal, poniewa┼╝ co najmniej jeden element ┼║r├│d┼éowy ma parametr Private ustawiony na warto┼Ť─ç false, a ┼╝aden z element├│w ┼║r├│d┼éowych nie ma parametru Private ustawionego na warto┼Ť─ç true.
         Odwo┼éanie podstawowe ÔÇ×Microsoft.AspNetCore.Components.Forms, Version=8.0.0.0, Culture=neutral, PublicKeyToken=adb9793829ddae60ÔÇŁ.
             Rozpoznana ┼Ťcie┼╝ka pliku: ÔÇ×C:\Program Files\dotnet\packs\Microsoft.AspNetCore.App.Ref\8.0.1\ref\net8.0\Microsoft.AspNetCore.Components.Forms.dllÔÇŁ.
             Znaleziono odwo┼éanie w lokalizacji ┼Ťcie┼╝ki wyszukiwania ÔÇ×{RawFileName}ÔÇŁ.
             To odwo┼éanie nie ma parametru CopyLocal, poniewa┼╝ co najmniej jeden element ┼║r├│d┼éowy ma parametr Private ustawiony na warto┼Ť─ç false, a ┼╝aden z element├│w ┼║r├│d┼éowych nie ma parametru Private ustawionego na warto┼Ť─ç true.
         Odwo┼éanie podstawowe ÔÇ×Microsoft.AspNetCore.Components.Server, Version=8.0.0.0, Culture=neutral, PublicKeyToken=adb9793829ddae60ÔÇŁ.
             Rozpoznana ┼Ťcie┼╝ka pliku: ÔÇ×C:\Program Files\dotnet\packs\Microsoft.AspNetCore.App.Ref\8.0.1\ref\net8.0\Microsoft.AspNetCore.Components.Server.dllÔÇŁ.
             Znaleziono odwo┼éanie w lokalizacji ┼Ťcie┼╝ki wyszukiwania ÔÇ×{RawFileName}ÔÇŁ.
             To odwo┼éanie nie ma parametru CopyLocal, poniewa┼╝ co najmniej jeden element ┼║r├│d┼éowy ma parametr Private ustawiony na warto┼Ť─ç false, a ┼╝aden z element├│w ┼║r├│d┼éowych nie ma parametru Private ustawionego na warto┼Ť─ç true.
         Odwo┼éanie podstawowe ÔÇ×Microsoft.AspNetCore.Components.Web, Version=8.0.0.0, Culture=neutral, PublicKeyToken=adb9793829ddae60ÔÇŁ.
             Rozpoznana ┼Ťcie┼╝ka pliku: ÔÇ×C:\Program Files\dotnet\packs\Microsoft.AspNetCore.App.Ref\8.0.1\ref\net8.0\Microsoft.AspNetCore.Components.Web.dllÔÇŁ.
             Znaleziono odwo┼éanie w lokalizacji ┼Ťcie┼╝ki wyszukiwania ÔÇ×{RawFileName}ÔÇŁ.
             To odwo┼éanie nie ma parametru CopyLocal, poniewa┼╝ co najmniej jeden element ┼║r├│d┼éowy ma parametr Private ustawiony na warto┼Ť─ç false, a ┼╝aden z element├│w ┼║r├│d┼éowych nie ma parametru Private ustawionego na warto┼Ť─ç true.
         Odwo┼éanie podstawowe ÔÇ×Microsoft.AspNetCore.Components, Version=8.0.0.0, Culture=neutral, PublicKeyToken=adb9793829ddae60ÔÇŁ.
             Rozpoznana ┼Ťcie┼╝ka pliku: ÔÇ×C:\Program Files\dotnet\packs\Microsoft.AspNetCore.App.Ref\8.0.1\ref\net8.0\Microsoft.AspNetCore.Components.dllÔÇŁ.
             Znaleziono odwo┼éanie w lokalizacji ┼Ťcie┼╝ki wyszukiwania ÔÇ×{RawFileName}ÔÇŁ.
             To odwo┼éanie nie ma parametru CopyLocal, poniewa┼╝ co najmniej jeden element ┼║r├│d┼éowy ma parametr Private ustawiony na warto┼Ť─ç false, a ┼╝aden z element├│w ┼║r├│d┼éowych nie ma parametru Private ustawionego na warto┼Ť─ç true.
         Odwo┼éanie podstawowe ÔÇ×Microsoft.AspNetCore.Connections.Abstractions, Version=8.0.0.0, Culture=neutral, PublicKeyToken=adb9793829ddae60ÔÇŁ.
             Rozpoznana ┼Ťcie┼╝ka pliku: ÔÇ×C:\Program Files\dotnet\packs\Microsoft.AspNetCore.App.Ref\8.0.1\ref\net8.0\Microsoft.AspNetCore.Connections.Abstractions.dllÔÇŁ.
             Znaleziono odwo┼éanie w lokalizacji ┼Ťcie┼╝ki wyszukiwania ÔÇ×{RawFileName}ÔÇŁ.
             To odwo┼éanie nie ma parametru CopyLocal, poniewa┼╝ co najmniej jeden element ┼║r├│d┼éowy ma parametr Private ustawiony na warto┼Ť─ç false, a ┼╝aden z element├│w ┼║r├│d┼éowych nie ma parametru Private ustawionego na warto┼Ť─ç true.
         Odwo┼éanie podstawowe ÔÇ×Microsoft.AspNetCore.CookiePolicy, Version=8.0.0.0, Culture=neutral, PublicKeyToken=adb9793829ddae60ÔÇŁ.
             Rozpoznana ┼Ťcie┼╝ka pliku: ÔÇ×C:\Program Files\dotnet\packs\Microsoft.AspNetCore.App.Ref\8.0.1\ref\net8.0\Microsoft.AspNetCore.CookiePolicy.dllÔÇŁ.
             Znaleziono odwo┼éanie w lokalizacji ┼Ťcie┼╝ki wyszukiwania ÔÇ×{RawFileName}ÔÇŁ.
             To odwo┼éanie nie ma parametru CopyLocal, poniewa┼╝ co najmniej jeden element ┼║r├│d┼éowy ma parametr Private ustawiony na warto┼Ť─ç false, a ┼╝aden z element├│w ┼║r├│d┼éowych nie ma parametru Private ustawionego na warto┼Ť─ç true.
         Odwo┼éanie podstawowe ÔÇ×Microsoft.AspNetCore.Cors, Version=8.0.0.0, Culture=neutral, PublicKeyToken=adb9793829ddae60ÔÇŁ.
             Rozpoznana ┼Ťcie┼╝ka pliku: ÔÇ×C:\Program Files\dotnet\packs\Microsoft.AspNetCore.App.Ref\8.0.1\ref\net8.0\Microsoft.AspNetCore.Cors.dllÔÇŁ.
             Znaleziono odwo┼éanie w lokalizacji ┼Ťcie┼╝ki wyszukiwania ÔÇ×{RawFileName}ÔÇŁ.
             To odwo┼éanie nie ma parametru CopyLocal, poniewa┼╝ co najmniej jeden element ┼║r├│d┼éowy ma parametr Private ustawiony na warto┼Ť─ç false, a ┼╝aden z element├│w ┼║r├│d┼éowych nie ma parametru Private ustawionego na warto┼Ť─ç true.
         Odwo┼éanie podstawowe ÔÇ×Microsoft.AspNetCore.Cryptography.Internal, Version=8.0.0.0, Culture=neutral, PublicKeyToken=adb9793829ddae60ÔÇŁ.
             Rozpoznana ┼Ťcie┼╝ka pliku: ÔÇ×C:\Program Files\dotnet\packs\Microsoft.AspNetCore.App.Ref\8.0.1\ref\net8.0\Microsoft.AspNetCore.Cryptography.Internal.dllÔÇŁ.
             Znaleziono odwo┼éanie w lokalizacji ┼Ťcie┼╝ki wyszukiwania ÔÇ×{RawFileName}ÔÇŁ.
             To odwo┼éanie nie ma parametru CopyLocal, poniewa┼╝ co najmniej jeden element ┼║r├│d┼éowy ma parametr Private ustawiony na warto┼Ť─ç false, a ┼╝aden z element├│w ┼║r├│d┼éowych nie ma parametru Private ustawionego na warto┼Ť─ç true.
         Odwo┼éanie podstawowe ÔÇ×Microsoft.AspNetCore.Cryptography.KeyDerivation, Version=8.0.0.0, Culture=neutral, PublicKeyToken=adb9793829ddae60ÔÇŁ.
             Rozpoznana ┼Ťcie┼╝ka pliku: ÔÇ×C:\Program Files\dotnet\packs\Microsoft.AspNetCore.App.Ref\8.0.1\ref\net8.0\Microsoft.AspNetCore.Cryptography.KeyDerivation.dllÔÇŁ.
             Znaleziono odwo┼éanie w lokalizacji ┼Ťcie┼╝ki wyszukiwania ÔÇ×{RawFileName}ÔÇŁ.
             To odwo┼éanie nie ma parametru CopyLocal, poniewa┼╝ co najmniej jeden element ┼║r├│d┼éowy ma parametr Private ustawiony na warto┼Ť─ç false, a ┼╝aden z element├│w ┼║r├│d┼éowych nie ma parametru Private ustawionego na warto┼Ť─ç true.
         Odwo┼éanie podstawowe ÔÇ×Microsoft.AspNetCore.DataProtection.Abstractions, Version=8.0.0.0, Culture=neutral, PublicKeyToken=adb9793829ddae60ÔÇŁ.
             Rozpoznana ┼Ťcie┼╝ka pliku: ÔÇ×C:\Program Files\dotnet\packs\Microsoft.AspNetCore.App.Ref\8.0.1\ref\net8.0\Microsoft.AspNetCore.DataProtection.Abstractions.dllÔÇŁ.
             Znaleziono odwo┼éanie w lokalizacji ┼Ťcie┼╝ki wyszukiwania ÔÇ×{RawFileName}ÔÇŁ.
             To odwo┼éanie nie ma parametru CopyLocal, poniewa┼╝ co najmniej jeden element ┼║r├│d┼éowy ma parametr Private ustawiony na warto┼Ť─ç false, a ┼╝aden z element├│w ┼║r├│d┼éowych nie ma parametru Private ustawionego na warto┼Ť─ç true.
         Odwo┼éanie podstawowe ÔÇ×Microsoft.AspNetCore.DataProtection.Extensions, Version=8.0.0.0, Culture=neutral, PublicKeyToken=adb9793829ddae60ÔÇŁ.
             Rozpoznana ┼Ťcie┼╝ka pliku: ÔÇ×C:\Program Files\dotnet\packs\Microsoft.AspNetCore.App.Ref\8.0.1\ref\net8.0\Microsoft.AspNetCore.DataProtection.Extensions.dllÔÇŁ.
             Znaleziono odwo┼éanie w lokalizacji ┼Ťcie┼╝ki wyszukiwania ÔÇ×{RawFileName}ÔÇŁ.
             To odwo┼éanie nie ma parametru CopyLocal, poniewa┼╝ co najmniej jeden element ┼║r├│d┼éowy ma parametr Private ustawiony na warto┼Ť─ç false, a ┼╝aden z element├│w ┼║r├│d┼éowych nie ma parametru Private ustawionego na warto┼Ť─ç true.
         Odwo┼éanie podstawowe ÔÇ×Microsoft.AspNetCore.DataProtection, Version=8.0.0.0, Culture=neutral, PublicKeyToken=adb9793829ddae60ÔÇŁ.
             Rozpoznana ┼Ťcie┼╝ka pliku: ÔÇ×C:\Program Files\dotnet\packs\Microsoft.AspNetCore.App.Ref\8.0.1\ref\net8.0\Microsoft.AspNetCore.DataProtection.dllÔÇŁ.
             Znaleziono odwo┼éanie w lokalizacji ┼Ťcie┼╝ki wyszukiwania ÔÇ×{RawFileName}ÔÇŁ.
             To odwo┼éanie nie ma parametru CopyLocal, poniewa┼╝ co najmniej jeden element ┼║r├│d┼éowy ma parametr Private ustawiony na warto┼Ť─ç false, a ┼╝aden z element├│w ┼║r├│d┼éowych nie ma parametru Private ustawionego na warto┼Ť─ç true.
         Odwo┼éanie podstawowe ÔÇ×Microsoft.AspNetCore.Diagnostics.Abstractions, Version=8.0.0.0, Culture=neutral, PublicKeyToken=adb9793829ddae60ÔÇŁ.
             Rozpoznana ┼Ťcie┼╝ka pliku: ÔÇ×C:\Program Files\dotnet\packs\Microsoft.AspNetCore.App.Ref\8.0.1\ref\net8.0\Microsoft.AspNetCore.Diagnostics.Abstractions.dllÔÇŁ.
             Znaleziono odwo┼éanie w lokalizacji ┼Ťcie┼╝ki wyszukiwania ÔÇ×{RawFileName}ÔÇŁ.
             To odwo┼éanie nie ma parametru CopyLocal, poniewa┼╝ co najmniej jeden element ┼║r├│d┼éowy ma parametr Private ustawiony na warto┼Ť─ç false, a ┼╝aden z element├│w ┼║r├│d┼éowych nie ma parametru Private ustawionego na warto┼Ť─ç true.
         Odwo┼éanie podstawowe ÔÇ×Microsoft.AspNetCore.Diagnostics.HealthChecks, Version=8.0.0.0, Culture=neutral, PublicKeyToken=adb9793829ddae60ÔÇŁ.
             Rozpoznana ┼Ťcie┼╝ka pliku: ÔÇ×C:\Program Files\dotnet\packs\Microsoft.AspNetCore.App.Ref\8.0.1\ref\net8.0\Microsoft.AspNetCore.Diagnostics.HealthChecks.dllÔÇŁ.
             Znaleziono odwo┼éanie w lokalizacji ┼Ťcie┼╝ki wyszukiwania ÔÇ×{RawFileName}ÔÇŁ.
             To odwo┼éanie nie ma parametru CopyLocal, poniewa┼╝ co najmniej jeden element ┼║r├│d┼éowy ma parametr Private ustawiony na warto┼Ť─ç false, a ┼╝aden z element├│w ┼║r├│d┼éowych nie ma parametru Private ustawionego na warto┼Ť─ç true.
         Odwo┼éanie podstawowe ÔÇ×Microsoft.AspNetCore.Diagnostics, Version=8.0.0.0, Culture=neutral, PublicKeyToken=adb9793829ddae60ÔÇŁ.
             Rozpoznana ┼Ťcie┼╝ka pliku: ÔÇ×C:\Program Files\dotnet\packs\Microsoft.AspNetCore.App.Ref\8.0.1\ref\net8.0\Microsoft.AspNetCore.Diagnostics.dllÔÇŁ.
             Znaleziono odwo┼éanie w lokalizacji ┼Ťcie┼╝ki wyszukiwania ÔÇ×{RawFileName}ÔÇŁ.
             To odwo┼éanie nie ma parametru CopyLocal, poniewa┼╝ co najmniej jeden element ┼║r├│d┼éowy ma parametr Private ustawiony na warto┼Ť─ç false, a ┼╝aden z element├│w ┼║r├│d┼éowych nie ma parametru Private ustawionego na warto┼Ť─ç true.
         Odwo┼éanie podstawowe ÔÇ×Microsoft.AspNetCore.HostFiltering, Version=8.0.0.0, Culture=neutral, PublicKeyToken=adb9793829ddae60ÔÇŁ.
             Rozpoznana ┼Ťcie┼╝ka pliku: ÔÇ×C:\Program Files\dotnet\packs\Microsoft.AspNetCore.App.Ref\8.0.1\ref\net8.0\Microsoft.AspNetCore.HostFiltering.dllÔÇŁ.
             Znaleziono odwo┼éanie w lokalizacji ┼Ťcie┼╝ki wyszukiwania ÔÇ×{RawFileName}ÔÇŁ.
             To odwo┼éanie nie ma parametru CopyLocal, poniewa┼╝ co najmniej jeden element ┼║r├│d┼éowy ma parametr Private ustawiony na warto┼Ť─ç false, a ┼╝aden z element├│w ┼║r├│d┼éowych nie ma parametru Private ustawionego na warto┼Ť─ç true.
         Odwo┼éanie podstawowe ÔÇ×Microsoft.AspNetCore.Hosting.Abstractions, Version=8.0.0.0, Culture=neutral, PublicKeyToken=adb9793829ddae60ÔÇŁ.
             Rozpoznana ┼Ťcie┼╝ka pliku: ÔÇ×C:\Program Files\dotnet\packs\Microsoft.AspNetCore.App.Ref\8.0.1\ref\net8.0\Microsoft.AspNetCore.Hosting.Abstractions.dllÔÇŁ.
             Znaleziono odwo┼éanie w lokalizacji ┼Ťcie┼╝ki wyszukiwania ÔÇ×{RawFileName}ÔÇŁ.
             To odwo┼éanie nie ma parametru CopyLocal, poniewa┼╝ co najmniej jeden element ┼║r├│d┼éowy ma parametr Private ustawiony na warto┼Ť─ç false, a ┼╝aden z element├│w ┼║r├│d┼éowych nie ma parametru Private ustawionego na warto┼Ť─ç true.
         Odwo┼éanie podstawowe ÔÇ×Microsoft.AspNetCore.Hosting.Server.Abstractions, Version=8.0.0.0, Culture=neutral, PublicKeyToken=adb9793829ddae60ÔÇŁ.
             Rozpoznana ┼Ťcie┼╝ka pliku: ÔÇ×C:\Program Files\dotnet\packs\Microsoft.AspNetCore.App.Ref\8.0.1\ref\net8.0\Microsoft.AspNetCore.Hosting.Server.Abstractions.dllÔÇŁ.
             Znaleziono odwo┼éanie w lokalizacji ┼Ťcie┼╝ki wyszukiwania ÔÇ×{RawFileName}ÔÇŁ.
             To odwo┼éanie nie ma parametru CopyLocal, poniewa┼╝ co najmniej jeden element ┼║r├│d┼éowy ma parametr Private ustawiony na warto┼Ť─ç false, a ┼╝aden z element├│w ┼║r├│d┼éowych nie ma parametru Private ustawionego na warto┼Ť─ç true.
         Odwo┼éanie podstawowe ÔÇ×Microsoft.AspNetCore.Hosting, Version=8.0.0.0, Culture=neutral, PublicKeyToken=adb9793829ddae60ÔÇŁ.
             Rozpoznana ┼Ťcie┼╝ka pliku: ÔÇ×C:\Program Files\dotnet\packs\Microsoft.AspNetCore.App.Ref\8.0.1\ref\net8.0\Microsoft.AspNetCore.Hosting.dllÔÇŁ.
             Znaleziono odwo┼éanie w lokalizacji ┼Ťcie┼╝ki wyszukiwania ÔÇ×{RawFileName}ÔÇŁ.
             To odwo┼éanie nie ma parametru CopyLocal, poniewa┼╝ co najmniej jeden element ┼║r├│d┼éowy ma parametr Private ustawiony na warto┼Ť─ç false, a ┼╝aden z element├│w ┼║r├│d┼éowych nie ma parametru Private ustawionego na warto┼Ť─ç true.
         Odwo┼éanie podstawowe ÔÇ×Microsoft.AspNetCore.Html.Abstractions, Version=8.0.0.0, Culture=neutral, PublicKeyToken=adb9793829ddae60ÔÇŁ.
             Rozpoznana ┼Ťcie┼╝ka pliku: ÔÇ×C:\Program Files\dotnet\packs\Microsoft.AspNetCore.App.Ref\8.0.1\ref\net8.0\Microsoft.AspNetCore.Html.Abstractions.dllÔÇŁ.
             Znaleziono odwo┼éanie w lokalizacji ┼Ťcie┼╝ki wyszukiwania ÔÇ×{RawFileName}ÔÇŁ.
             To odwo┼éanie nie ma parametru CopyLocal, poniewa┼╝ co najmniej jeden element ┼║r├│d┼éowy ma parametr Private ustawiony na warto┼Ť─ç false, a ┼╝aden z element├│w ┼║r├│d┼éowych nie ma parametru Private ustawionego na warto┼Ť─ç true.
         Odwo┼éanie podstawowe ÔÇ×Microsoft.AspNetCore.Http.Abstractions, Version=8.0.0.0, Culture=neutral, PublicKeyToken=adb9793829ddae60ÔÇŁ.
             Rozpoznana ┼Ťcie┼╝ka pliku: ÔÇ×C:\Program Files\dotnet\packs\Microsoft.AspNetCore.App.Ref\8.0.1\ref\net8.0\Microsoft.AspNetCore.Http.Abstractions.dllÔÇŁ.
             Znaleziono odwo┼éanie w lokalizacji ┼Ťcie┼╝ki wyszukiwania ÔÇ×{RawFileName}ÔÇŁ.
             To odwo┼éanie nie ma parametru CopyLocal, poniewa┼╝ co najmniej jeden element ┼║r├│d┼éowy ma parametr Private ustawiony na warto┼Ť─ç false, a ┼╝aden z element├│w ┼║r├│d┼éowych nie ma parametru Private ustawionego na warto┼Ť─ç true.
         Odwo┼éanie podstawowe ÔÇ×Microsoft.AspNetCore.Http.Connections.Common, Version=8.0.0.0, Culture=neutral, PublicKeyToken=adb9793829ddae60ÔÇŁ.
             Rozpoznana ┼Ťcie┼╝ka pliku: ÔÇ×C:\Program Files\dotnet\packs\Microsoft.AspNetCore.App.Ref\8.0.1\ref\net8.0\Microsoft.AspNetCore.Http.Connections.Common.dllÔÇŁ.
             Znaleziono odwo┼éanie w lokalizacji ┼Ťcie┼╝ki wyszukiwania ÔÇ×{RawFileName}ÔÇŁ.
             To odwo┼éanie nie ma parametru CopyLocal, poniewa┼╝ co najmniej jeden element ┼║r├│d┼éowy ma parametr Private ustawiony na warto┼Ť─ç false, a ┼╝aden z element├│w ┼║r├│d┼éowych nie ma parametru Private ustawionego na warto┼Ť─ç true.
         Odwo┼éanie podstawowe ÔÇ×Microsoft.AspNetCore.Http.Connections, Version=8.0.0.0, Culture=neutral, PublicKeyToken=adb9793829ddae60ÔÇŁ.
             Rozpoznana ┼Ťcie┼╝ka pliku: ÔÇ×C:\Program Files\dotnet\packs\Microsoft.AspNetCore.App.Ref\8.0.1\ref\net8.0\Microsoft.AspNetCore.Http.Connections.dllÔÇŁ.
             Znaleziono odwo┼éanie w lokalizacji ┼Ťcie┼╝ki wyszukiwania ÔÇ×{RawFileName}ÔÇŁ.
             To odwo┼éanie nie ma parametru CopyLocal, poniewa┼╝ co najmniej jeden element ┼║r├│d┼éowy ma parametr Private ustawiony na warto┼Ť─ç false, a ┼╝aden z element├│w ┼║r├│d┼éowych nie ma parametru Private ustawionego na warto┼Ť─ç true.
         Odwo┼éanie podstawowe ÔÇ×Microsoft.AspNetCore.Http.Extensions, Version=8.0.0.0, Culture=neutral, PublicKeyToken=adb9793829ddae60ÔÇŁ.
             Rozpoznana ┼Ťcie┼╝ka pliku: ÔÇ×C:\Program Files\dotnet\packs\Microsoft.AspNetCore.App.Ref\8.0.1\ref\net8.0\Microsoft.AspNetCore.Http.Extensions.dllÔÇŁ.
             Znaleziono odwo┼éanie w lokalizacji ┼Ťcie┼╝ki wyszukiwania ÔÇ×{RawFileName}ÔÇŁ.
             To odwo┼éanie nie ma parametru CopyLocal, poniewa┼╝ co najmniej jeden element ┼║r├│d┼éowy ma parametr Private ustawiony na warto┼Ť─ç false, a ┼╝aden z element├│w ┼║r├│d┼éowych nie ma parametru Private ustawionego na warto┼Ť─ç true.
         Odwo┼éanie podstawowe ÔÇ×Microsoft.AspNetCore.Http.Features, Version=8.0.0.0, Culture=neutral, PublicKeyToken=adb9793829ddae60ÔÇŁ.
             Rozpoznana ┼Ťcie┼╝ka pliku: ÔÇ×C:\Program Files\dotnet\packs\Microsoft.AspNetCore.App.Ref\8.0.1\ref\net8.0\Microsoft.AspNetCore.Http.Features.dllÔÇŁ.
             Znaleziono odwo┼éanie w lokalizacji ┼Ťcie┼╝ki wyszukiwania ÔÇ×{RawFileName}ÔÇŁ.
             To odwo┼éanie nie ma parametru CopyLocal, poniewa┼╝ co najmniej jeden element ┼║r├│d┼éowy ma parametr Private ustawiony na warto┼Ť─ç false, a ┼╝aden z element├│w ┼║r├│d┼éowych nie ma parametru Private ustawionego na warto┼Ť─ç true.
         Odwo┼éanie podstawowe ÔÇ×Microsoft.AspNetCore.Http.Results, Version=8.0.0.0, Culture=neutral, PublicKeyToken=adb9793829ddae60ÔÇŁ.
             Rozpoznana ┼Ťcie┼╝ka pliku: ÔÇ×C:\Program Files\dotnet\packs\Microsoft.AspNetCore.App.Ref\8.0.1\ref\net8.0\Microsoft.AspNetCore.Http.Results.dllÔÇŁ.
             Znaleziono odwo┼éanie w lokalizacji ┼Ťcie┼╝ki wyszukiwania ÔÇ×{RawFileName}ÔÇŁ.
             To odwo┼éanie nie ma parametru CopyLocal, poniewa┼╝ co najmniej jeden element ┼║r├│d┼éowy ma parametr Private ustawiony na warto┼Ť─ç false, a ┼╝aden z element├│w ┼║r├│d┼éowych nie ma parametru Private ustawionego na warto┼Ť─ç true.
         Odwo┼éanie podstawowe ÔÇ×Microsoft.AspNetCore.Http, Version=8.0.0.0, Culture=neutral, PublicKeyToken=adb9793829ddae60ÔÇŁ.
             Rozpoznana ┼Ťcie┼╝ka pliku: ÔÇ×C:\Program Files\dotnet\packs\Microsoft.AspNetCore.App.Ref\8.0.1\ref\net8.0\Microsoft.AspNetCore.Http.dllÔÇŁ.
             Znaleziono odwo┼éanie w lokalizacji ┼Ťcie┼╝ki wyszukiwania ÔÇ×{RawFileName}ÔÇŁ.
             To odwo┼éanie nie ma parametru CopyLocal, poniewa┼╝ co najmniej jeden element ┼║r├│d┼éowy ma parametr Private ustawiony na warto┼Ť─ç false, a ┼╝aden z element├│w ┼║r├│d┼éowych nie ma parametru Private ustawionego na warto┼Ť─ç true.
         Odwo┼éanie podstawowe ÔÇ×Microsoft.AspNetCore.HttpLogging, Version=8.0.0.0, Culture=neutral, PublicKeyToken=adb9793829ddae60ÔÇŁ.
             Rozpoznana ┼Ťcie┼╝ka pliku: ÔÇ×C:\Program Files\dotnet\packs\Microsoft.AspNetCore.App.Ref\8.0.1\ref\net8.0\Microsoft.AspNetCore.HttpLogging.dllÔÇŁ.
             Znaleziono odwo┼éanie w lokalizacji ┼Ťcie┼╝ki wyszukiwania ÔÇ×{RawFileName}ÔÇŁ.
             To odwo┼éanie nie ma parametru CopyLocal, poniewa┼╝ co najmniej jeden element ┼║r├│d┼éowy ma parametr Private ustawiony na warto┼Ť─ç false, a ┼╝aden z element├│w ┼║r├│d┼éowych nie ma parametru Private ustawionego na warto┼Ť─ç true.
         Odwo┼éanie podstawowe ÔÇ×Microsoft.AspNetCore.HttpOverrides, Version=8.0.0.0, Culture=neutral, PublicKeyToken=adb9793829ddae60ÔÇŁ.
             Rozpoznana ┼Ťcie┼╝ka pliku: ÔÇ×C:\Program Files\dotnet\packs\Microsoft.AspNetCore.App.Ref\8.0.1\ref\net8.0\Microsoft.AspNetCore.HttpOverrides.dllÔÇŁ.
             Znaleziono odwo┼éanie w lokalizacji ┼Ťcie┼╝ki wyszukiwania ÔÇ×{RawFileName}ÔÇŁ.
             To odwo┼éanie nie ma parametru CopyLocal, poniewa┼╝ co najmniej jeden element ┼║r├│d┼éowy ma parametr Private ustawiony na warto┼Ť─ç false, a ┼╝aden z element├│w ┼║r├│d┼éowych nie ma parametru Private ustawionego na warto┼Ť─ç true.
         Odwo┼éanie podstawowe ÔÇ×Microsoft.AspNetCore.HttpsPolicy, Version=8.0.0.0, Culture=neutral, PublicKeyToken=adb9793829ddae60ÔÇŁ.
             Rozpoznana ┼Ťcie┼╝ka pliku: ÔÇ×C:\Program Files\dotnet\packs\Microsoft.AspNetCore.App.Ref\8.0.1\ref\net8.0\Microsoft.AspNetCore.HttpsPolicy.dllÔÇŁ.
             Znaleziono odwo┼éanie w lokalizacji ┼Ťcie┼╝ki wyszukiwania ÔÇ×{RawFileName}ÔÇŁ.
             To odwo┼éanie nie ma parametru CopyLocal, poniewa┼╝ co najmniej jeden element ┼║r├│d┼éowy ma parametr Private ustawiony na warto┼Ť─ç false, a ┼╝aden z element├│w ┼║r├│d┼éowych nie ma parametru Private ustawionego na warto┼Ť─ç true.
         Zunifikowane odwo┼éanie podstawowe ÔÇ×Microsoft.AspNetCore.Identity, Version=8.0.0.0, Culture=neutral, PublicKeyToken=adb9793829ddae60ÔÇŁ.
             U┼╝ywanie tej wersji zamiast wersji oryginalnej w ÔÇ×2.2.0.0ÔÇŁ w ÔÇ×C:\Users\emili\CascadeProjects\PhotoStudioManager\PhotoStudioManager.Infrastructure\bin\Debug\net8.0\PhotoStudioManager.Infrastructure.dllÔÇŁ poniewa┼╝ w┼éa┼Ťciwo┼Ť─ç AutoUnify ma warto┼Ť─ç true.
             Rozpoznana ┼Ťcie┼╝ka pliku: ÔÇ×C:\Program Files\dotnet\packs\Microsoft.AspNetCore.App.Ref\8.0.1\ref\net8.0\Microsoft.AspNetCore.Identity.dllÔÇŁ.
             Znaleziono odwo┼éanie w lokalizacji ┼Ťcie┼╝ki wyszukiwania ÔÇ×{RawFileName}ÔÇŁ.
             To odwo┼éanie nie ma parametru CopyLocal, poniewa┼╝ co najmniej jeden element ┼║r├│d┼éowy ma parametr Private ustawiony na warto┼Ť─ç false, a ┼╝aden z element├│w ┼║r├│d┼éowych nie ma parametru Private ustawionego na warto┼Ť─ç true.
         Odwo┼éanie podstawowe ÔÇ×Microsoft.AspNetCore.Localization.Routing, Version=8.0.0.0, Culture=neutral, PublicKeyToken=adb9793829ddae60ÔÇŁ.
             Rozpoznana ┼Ťcie┼╝ka pliku: ÔÇ×C:\Program Files\dotnet\packs\Microsoft.AspNetCore.App.Ref\8.0.1\ref\net8.0\Microsoft.AspNetCore.Localization.Routing.dllÔÇŁ.
             Znaleziono odwo┼éanie w lokalizacji ┼Ťcie┼╝ki wyszukiwania ÔÇ×{RawFileName}ÔÇŁ.
             To odwo┼éanie nie ma parametru CopyLocal, poniewa┼╝ co najmniej jeden element ┼║r├│d┼éowy ma parametr Private ustawiony na warto┼Ť─ç false, a ┼╝aden z element├│w ┼║r├│d┼éowych nie ma parametru Private ustawionego na warto┼Ť─ç true.
         Odwo┼éanie podstawowe ÔÇ×Microsoft.AspNetCore.Localization, Version=8.0.0.0, Culture=neutral, PublicKeyToken=adb9793829ddae60ÔÇŁ.
             Rozpoznana ┼Ťcie┼╝ka pliku: ÔÇ×C:\Program Files\dotnet\packs\Microsoft.AspNetCore.App.Ref\8.0.1\ref\net8.0\Microsoft.AspNetCore.Localization.dllÔÇŁ.
             Znaleziono odwo┼éanie w lokalizacji ┼Ťcie┼╝ki wyszukiwania ÔÇ×{RawFileName}ÔÇŁ.
             To odwo┼éanie nie ma parametru CopyLocal, poniewa┼╝ co najmniej jeden element ┼║r├│d┼éowy ma parametr Private ustawiony na warto┼Ť─ç false, a ┼╝aden z element├│w ┼║r├│d┼éowych nie ma parametru Private ustawionego na warto┼Ť─ç true.
         Odwo┼éanie podstawowe ÔÇ×Microsoft.AspNetCore.Metadata, Version=8.0.0.0, Culture=neutral, PublicKeyToken=adb9793829ddae60ÔÇŁ.
             Rozpoznana ┼Ťcie┼╝ka pliku: ÔÇ×C:\Program Files\dotnet\packs\Microsoft.AspNetCore.App.Ref\8.0.1\ref\net8.0\Microsoft.AspNetCore.Metadata.dllÔÇŁ.
             Znaleziono odwo┼éanie w lokalizacji ┼Ťcie┼╝ki wyszukiwania ÔÇ×{RawFileName}ÔÇŁ.
             To odwo┼éanie nie ma parametru CopyLocal, poniewa┼╝ co najmniej jeden element ┼║r├│d┼éowy ma parametr Private ustawiony na warto┼Ť─ç false, a ┼╝aden z element├│w ┼║r├│d┼éowych nie ma parametru Private ustawionego na warto┼Ť─ç true.
         Odwo┼éanie podstawowe ÔÇ×Microsoft.AspNetCore.Mvc.Abstractions, Version=8.0.0.0, Culture=neutral, PublicKeyToken=adb9793829ddae60ÔÇŁ.
             Rozpoznana ┼Ťcie┼╝ka pliku: ÔÇ×C:\Program Files\dotnet\packs\Microsoft.AspNetCore.App.Ref\8.0.1\ref\net8.0\Microsoft.AspNetCore.Mvc.Abstractions.dllÔÇŁ.
             Znaleziono odwo┼éanie w lokalizacji ┼Ťcie┼╝ki wyszukiwania ÔÇ×{RawFileName}ÔÇŁ.
             To odwo┼éanie nie ma parametru CopyLocal, poniewa┼╝ co najmniej jeden element ┼║r├│d┼éowy ma parametr Private ustawiony na warto┼Ť─ç false, a ┼╝aden z element├│w ┼║r├│d┼éowych nie ma parametru Private ustawionego na warto┼Ť─ç true.
         Odwo┼éanie podstawowe ÔÇ×Microsoft.AspNetCore.Mvc.ApiExplorer, Version=8.0.0.0, Culture=neutral, PublicKeyToken=adb9793829ddae60ÔÇŁ.
             Rozpoznana ┼Ťcie┼╝ka pliku: ÔÇ×C:\Program Files\dotnet\packs\Microsoft.AspNetCore.App.Ref\8.0.1\ref\net8.0\Microsoft.AspNetCore.Mvc.ApiExplorer.dllÔÇŁ.
             Znaleziono odwo┼éanie w lokalizacji ┼Ťcie┼╝ki wyszukiwania ÔÇ×{RawFileName}ÔÇŁ.
             To odwo┼éanie nie ma parametru CopyLocal, poniewa┼╝ co najmniej jeden element ┼║r├│d┼éowy ma parametr Private ustawiony na warto┼Ť─ç false, a ┼╝aden z element├│w ┼║r├│d┼éowych nie ma parametru Private ustawionego na warto┼Ť─ç true.
         Odwo┼éanie podstawowe ÔÇ×Microsoft.AspNetCore.Mvc.Core, Version=8.0.0.0, Culture=neutral, PublicKeyToken=adb9793829ddae60ÔÇŁ.
             Rozpoznana ┼Ťcie┼╝ka pliku: ÔÇ×C:\Program Files\dotnet\packs\Microsoft.AspNetCore.App.Ref\8.0.1\ref\net8.0\Microsoft.AspNetCore.Mvc.Core.dllÔÇŁ.
             Znaleziono odwo┼éanie w lokalizacji ┼Ťcie┼╝ki wyszukiwania ÔÇ×{RawFileName}ÔÇŁ.
             To odwo┼éanie nie ma parametru CopyLocal, poniewa┼╝ co najmniej jeden element ┼║r├│d┼éowy ma parametr Private ustawiony na warto┼Ť─ç false, a ┼╝aden z element├│w ┼║r├│d┼éowych nie ma parametru Private ustawionego na warto┼Ť─ç true.
         Odwo┼éanie podstawowe ÔÇ×Microsoft.AspNetCore.Mvc.Cors, Version=8.0.0.0, Culture=neutral, PublicKeyToken=adb9793829ddae60ÔÇŁ.
             Rozpoznana ┼Ťcie┼╝ka pliku: ÔÇ×C:\Program Files\dotnet\packs\Microsoft.AspNetCore.App.Ref\8.0.1\ref\net8.0\Microsoft.AspNetCore.Mvc.Cors.dllÔÇŁ.
             Znaleziono odwo┼éanie w lokalizacji ┼Ťcie┼╝ki wyszukiwania ÔÇ×{RawFileName}ÔÇŁ.
             To odwo┼éanie nie ma parametru CopyLocal, poniewa┼╝ co najmniej jeden element ┼║r├│d┼éowy ma parametr Private ustawiony na warto┼Ť─ç false, a ┼╝aden z element├│w ┼║r├│d┼éowych nie ma parametru Private ustawionego na warto┼Ť─ç true.
         Odwo┼éanie podstawowe ÔÇ×Microsoft.AspNetCore.Mvc.DataAnnotations, Version=8.0.0.0, Culture=neutral, PublicKeyToken=adb9793829ddae60ÔÇŁ.
             Rozpoznana ┼Ťcie┼╝ka pliku: ÔÇ×C:\Program Files\dotnet\packs\Microsoft.AspNetCore.App.Ref\8.0.1\ref\net8.0\Microsoft.AspNetCore.Mvc.DataAnnotations.dllÔÇŁ.
             Znaleziono odwo┼éanie w lokalizacji ┼Ťcie┼╝ki wyszukiwania ÔÇ×{RawFileName}ÔÇŁ.
             To odwo┼éanie nie ma parametru CopyLocal, poniewa┼╝ co najmniej jeden element ┼║r├│d┼éowy ma parametr Private ustawiony na warto┼Ť─ç false, a ┼╝aden z element├│w ┼║r├│d┼éowych nie ma parametru Private ustawionego na warto┼Ť─ç true.
         Odwo┼éanie podstawowe ÔÇ×Microsoft.AspNetCore.Mvc.Formatters.Json, Version=8.0.0.0, Culture=neutral, PublicKeyToken=adb9793829ddae60ÔÇŁ.
             Rozpoznana ┼Ťcie┼╝ka pliku: ÔÇ×C:\Program Files\dotnet\packs\Microsoft.AspNetCore.App.Ref\8.0.1\ref\net8.0\Microsoft.AspNetCore.Mvc.Formatters.Json.dllÔÇŁ.
             Znaleziono odwo┼éanie w lokalizacji ┼Ťcie┼╝ki wyszukiwania ÔÇ×{RawFileName}ÔÇŁ.
             To odwo┼éanie nie ma parametru CopyLocal, poniewa┼╝ co najmniej jeden element ┼║r├│d┼éowy ma parametr Private ustawiony na warto┼Ť─ç false, a ┼╝aden z element├│w ┼║r├│d┼éowych nie ma parametru Private ustawionego na warto┼Ť─ç true.
         Odwo┼éanie podstawowe ÔÇ×Microsoft.AspNetCore.Mvc.Formatters.Xml, Version=8.0.0.0, Culture=neutral, PublicKeyToken=adb9793829ddae60ÔÇŁ.
             Rozpoznana ┼Ťcie┼╝ka pliku: ÔÇ×C:\Program Files\dotnet\packs\Microsoft.AspNetCore.App.Ref\8.0.1\ref\net8.0\Microsoft.AspNetCore.Mvc.Formatters.Xml.dllÔÇŁ.
             Znaleziono odwo┼éanie w lokalizacji ┼Ťcie┼╝ki wyszukiwania ÔÇ×{RawFileName}ÔÇŁ.
             To odwo┼éanie nie ma parametru CopyLocal, poniewa┼╝ co najmniej jeden element ┼║r├│d┼éowy ma parametr Private ustawiony na warto┼Ť─ç false, a ┼╝aden z element├│w ┼║r├│d┼éowych nie ma parametru Private ustawionego na warto┼Ť─ç true.
         Odwo┼éanie podstawowe ÔÇ×Microsoft.AspNetCore.Mvc.Localization, Version=8.0.0.0, Culture=neutral, PublicKeyToken=adb9793829ddae60ÔÇŁ.
             Rozpoznana ┼Ťcie┼╝ka pliku: ÔÇ×C:\Program Files\dotnet\packs\Microsoft.AspNetCore.App.Ref\8.0.1\ref\net8.0\Microsoft.AspNetCore.Mvc.Localization.dllÔÇŁ.
             Znaleziono odwo┼éanie w lokalizacji ┼Ťcie┼╝ki wyszukiwania ÔÇ×{RawFileName}ÔÇŁ.
             To odwo┼éanie nie ma parametru CopyLocal, poniewa┼╝ co najmniej jeden element ┼║r├│d┼éowy ma parametr Private ustawiony na warto┼Ť─ç false, a ┼╝aden z element├│w ┼║r├│d┼éowych nie ma parametru Private ustawionego na warto┼Ť─ç true.
         Odwo┼éanie podstawowe ÔÇ×Microsoft.AspNetCore.Mvc.Razor, Version=8.0.0.0, Culture=neutral, PublicKeyToken=adb9793829ddae60ÔÇŁ.
             Rozpoznana ┼Ťcie┼╝ka pliku: ÔÇ×C:\Program Files\dotnet\packs\Microsoft.AspNetCore.App.Ref\8.0.1\ref\net8.0\Microsoft.AspNetCore.Mvc.Razor.dllÔÇŁ.
             Znaleziono odwo┼éanie w lokalizacji ┼Ťcie┼╝ki wyszukiwania ÔÇ×{RawFileName}ÔÇŁ.
             To odwo┼éanie nie ma parametru CopyLocal, poniewa┼╝ co najmniej jeden element ┼║r├│d┼éowy ma parametr Private ustawiony na warto┼Ť─ç false, a ┼╝aden z element├│w ┼║r├│d┼éowych nie ma parametru Private ustawionego na warto┼Ť─ç true.
         Odwo┼éanie podstawowe ÔÇ×Microsoft.AspNetCore.Mvc.RazorPages, Version=8.0.0.0, Culture=neutral, PublicKeyToken=adb9793829ddae60ÔÇŁ.
             Rozpoznana ┼Ťcie┼╝ka pliku: ÔÇ×C:\Program Files\dotnet\packs\Microsoft.AspNetCore.App.Ref\8.0.1\ref\net8.0\Microsoft.AspNetCore.Mvc.RazorPages.dllÔÇŁ.
             Znaleziono odwo┼éanie w lokalizacji ┼Ťcie┼╝ki wyszukiwania ÔÇ×{RawFileName}ÔÇŁ.
             To odwo┼éanie nie ma parametru CopyLocal, poniewa┼╝ co najmniej jeden element ┼║r├│d┼éowy ma parametr Private ustawiony na warto┼Ť─ç false, a ┼╝aden z element├│w ┼║r├│d┼éowych nie ma parametru Private ustawionego na warto┼Ť─ç true.
         Odwo┼éanie podstawowe ÔÇ×Microsoft.AspNetCore.Mvc.TagHelpers, Version=8.0.0.0, Culture=neutral, PublicKeyToken=adb9793829ddae60ÔÇŁ.
             Rozpoznana ┼Ťcie┼╝ka pliku: ÔÇ×C:\Program Files\dotnet\packs\Microsoft.AspNetCore.App.Ref\8.0.1\ref\net8.0\Microsoft.AspNetCore.Mvc.TagHelpers.dllÔÇŁ.
             Znaleziono odwo┼éanie w lokalizacji ┼Ťcie┼╝ki wyszukiwania ÔÇ×{RawFileName}ÔÇŁ.
             To odwo┼éanie nie ma parametru CopyLocal, poniewa┼╝ co najmniej jeden element ┼║r├│d┼éowy ma parametr Private ustawiony na warto┼Ť─ç false, a ┼╝aden z element├│w ┼║r├│d┼éowych nie ma parametru Private ustawionego na warto┼Ť─ç true.
         Odwo┼éanie podstawowe ÔÇ×Microsoft.AspNetCore.Mvc.ViewFeatures, Version=8.0.0.0, Culture=neutral, PublicKeyToken=adb9793829ddae60ÔÇŁ.
             Rozpoznana ┼Ťcie┼╝ka pliku: ÔÇ×C:\Program Files\dotnet\packs\Microsoft.AspNetCore.App.Ref\8.0.1\ref\net8.0\Microsoft.AspNetCore.Mvc.ViewFeatures.dllÔÇŁ.
             Znaleziono odwo┼éanie w lokalizacji ┼Ťcie┼╝ki wyszukiwania ÔÇ×{RawFileName}ÔÇŁ.
             To odwo┼éanie nie ma parametru CopyLocal, poniewa┼╝ co najmniej jeden element ┼║r├│d┼éowy ma parametr Private ustawiony na warto┼Ť─ç false, a ┼╝aden z element├│w ┼║r├│d┼éowych nie ma parametru Private ustawionego na warto┼Ť─ç true.
         Odwo┼éanie podstawowe ÔÇ×Microsoft.AspNetCore.Mvc, Version=8.0.0.0, Culture=neutral, PublicKeyToken=adb9793829ddae60ÔÇŁ.
             Rozpoznana ┼Ťcie┼╝ka pliku: ÔÇ×C:\Program Files\dotnet\packs\Microsoft.AspNetCore.App.Ref\8.0.1\ref\net8.0\Microsoft.AspNetCore.Mvc.dllÔÇŁ.
             Znaleziono odwo┼éanie w lokalizacji ┼Ťcie┼╝ki wyszukiwania ÔÇ×{RawFileName}ÔÇŁ.
             To odwo┼éanie nie ma parametru CopyLocal, poniewa┼╝ co najmniej jeden element ┼║r├│d┼éowy ma parametr Private ustawiony na warto┼Ť─ç false, a ┼╝aden z element├│w ┼║r├│d┼éowych nie ma parametru Private ustawionego na warto┼Ť─ç true.
         Odwo┼éanie podstawowe ÔÇ×Microsoft.AspNetCore.OutputCaching, Version=8.0.0.0, Culture=neutral, PublicKeyToken=adb9793829ddae60ÔÇŁ.
             Rozpoznana ┼Ťcie┼╝ka pliku: ÔÇ×C:\Program Files\dotnet\packs\Microsoft.AspNetCore.App.Ref\8.0.1\ref\net8.0\Microsoft.AspNetCore.OutputCaching.dllÔÇŁ.
             Znaleziono odwo┼éanie w lokalizacji ┼Ťcie┼╝ki wyszukiwania ÔÇ×{RawFileName}ÔÇŁ.
             To odwo┼éanie nie ma parametru CopyLocal, poniewa┼╝ co najmniej jeden element ┼║r├│d┼éowy ma parametr Private ustawiony na warto┼Ť─ç false, a ┼╝aden z element├│w ┼║r├│d┼éowych nie ma parametru Private ustawionego na warto┼Ť─ç true.
         Odwo┼éanie podstawowe ÔÇ×Microsoft.AspNetCore.RateLimiting, Version=8.0.0.0, Culture=neutral, PublicKeyToken=adb9793829ddae60ÔÇŁ.
             Rozpoznana ┼Ťcie┼╝ka pliku: ÔÇ×C:\Program Files\dotnet\packs\Microsoft.AspNetCore.App.Ref\8.0.1\ref\net8.0\Microsoft.AspNetCore.RateLimiting.dllÔÇŁ.
             Znaleziono odwo┼éanie w lokalizacji ┼Ťcie┼╝ki wyszukiwania ÔÇ×{RawFileName}ÔÇŁ.
             To odwo┼éanie nie ma parametru CopyLocal, poniewa┼╝ co najmniej jeden element ┼║r├│d┼éowy ma parametr Private ustawiony na warto┼Ť─ç false, a ┼╝aden z element├│w ┼║r├│d┼éowych nie ma parametru Private ustawionego na warto┼Ť─ç true.
         Odwo┼éanie podstawowe ÔÇ×Microsoft.AspNetCore.Razor.Runtime, Version=8.0.0.0, Culture=neutral, PublicKeyToken=adb9793829ddae60ÔÇŁ.
             Rozpoznana ┼Ťcie┼╝ka pliku: ÔÇ×C:\Program Files\dotnet\packs\Microsoft.AspNetCore.App.Ref\8.0.1\ref\net8.0\Microsoft.AspNetCore.Razor.Runtime.dllÔÇŁ.
             Znaleziono odwo┼éanie w lokalizacji ┼Ťcie┼╝ki wyszukiwania ÔÇ×{RawFileName}ÔÇŁ.
             To odwo┼éanie nie ma parametru CopyLocal, poniewa┼╝ co najmniej jeden element ┼║r├│d┼éowy ma parametr Private ustawiony na warto┼Ť─ç false, a ┼╝aden z element├│w ┼║r├│d┼éowych nie ma parametru Private ustawionego na warto┼Ť─ç true.
         Odwo┼éanie podstawowe ÔÇ×Microsoft.AspNetCore.Razor, Version=8.0.0.0, Culture=neutral, PublicKeyToken=adb9793829ddae60ÔÇŁ.
             Rozpoznana ┼Ťcie┼╝ka pliku: ÔÇ×C:\Program Files\dotnet\packs\Microsoft.AspNetCore.App.Ref\8.0.1\ref\net8.0\Microsoft.AspNetCore.Razor.dllÔÇŁ.
             Znaleziono odwo┼éanie w lokalizacji ┼Ťcie┼╝ki wyszukiwania ÔÇ×{RawFileName}ÔÇŁ.
             To odwo┼éanie nie ma parametru CopyLocal, poniewa┼╝ co najmniej jeden element ┼║r├│d┼éowy ma parametr Private ustawiony na warto┼Ť─ç false, a ┼╝aden z element├│w ┼║r├│d┼éowych nie ma parametru Private ustawionego na warto┼Ť─ç true.
         Odwo┼éanie podstawowe ÔÇ×Microsoft.AspNetCore.RequestDecompression, Version=8.0.0.0, Culture=neutral, PublicKeyToken=adb9793829ddae60ÔÇŁ.
             Rozpoznana ┼Ťcie┼╝ka pliku: ÔÇ×C:\Program Files\dotnet\packs\Microsoft.AspNetCore.App.Ref\8.0.1\ref\net8.0\Microsoft.AspNetCore.RequestDecompression.dllÔÇŁ.
             Znaleziono odwo┼éanie w lokalizacji ┼Ťcie┼╝ki wyszukiwania ÔÇ×{RawFileName}ÔÇŁ.
             To odwo┼éanie nie ma parametru CopyLocal, poniewa┼╝ co najmniej jeden element ┼║r├│d┼éowy ma parametr Private ustawiony na warto┼Ť─ç false, a ┼╝aden z element├│w ┼║r├│d┼éowych nie ma parametru Private ustawionego na warto┼Ť─ç true.
         Odwo┼éanie podstawowe ÔÇ×Microsoft.AspNetCore.ResponseCaching.Abstractions, Version=8.0.0.0, Culture=neutral, PublicKeyToken=adb9793829ddae60ÔÇŁ.
             Rozpoznana ┼Ťcie┼╝ka pliku: ÔÇ×C:\Program Files\dotnet\packs\Microsoft.AspNetCore.App.Ref\8.0.1\ref\net8.0\Microsoft.AspNetCore.ResponseCaching.Abstractions.dllÔÇŁ.
             Znaleziono odwo┼éanie w lokalizacji ┼Ťcie┼╝ki wyszukiwania ÔÇ×{RawFileName}ÔÇŁ.
             To odwo┼éanie nie ma parametru CopyLocal, poniewa┼╝ co najmniej jeden element ┼║r├│d┼éowy ma parametr Private ustawiony na warto┼Ť─ç false, a ┼╝aden z element├│w ┼║r├│d┼éowych nie ma parametru Private ustawionego na warto┼Ť─ç true.
         Odwo┼éanie podstawowe ÔÇ×Microsoft.AspNetCore.ResponseCaching, Version=8.0.0.0, Culture=neutral, PublicKeyToken=adb9793829ddae60ÔÇŁ.
             Rozpoznana ┼Ťcie┼╝ka pliku: ÔÇ×C:\Program Files\dotnet\packs\Microsoft.AspNetCore.App.Ref\8.0.1\ref\net8.0\Microsoft.AspNetCore.ResponseCaching.dllÔÇŁ.
             Znaleziono odwo┼éanie w lokalizacji ┼Ťcie┼╝ki wyszukiwania ÔÇ×{RawFileName}ÔÇŁ.
             To odwo┼éanie nie ma parametru CopyLocal, poniewa┼╝ co najmniej jeden element ┼║r├│d┼éowy ma parametr Private ustawiony na warto┼Ť─ç false, a ┼╝aden z element├│w ┼║r├│d┼éowych nie ma parametru Private ustawionego na warto┼Ť─ç true.
         Odwo┼éanie podstawowe ÔÇ×Microsoft.AspNetCore.ResponseCompression, Version=8.0.0.0, Culture=neutral, PublicKeyToken=adb9793829ddae60ÔÇŁ.
             Rozpoznana ┼Ťcie┼╝ka pliku: ÔÇ×C:\Program Files\dotnet\packs\Microsoft.AspNetCore.App.Ref\8.0.1\ref\net8.0\Microsoft.AspNetCore.ResponseCompression.dllÔÇŁ.
             Znaleziono odwo┼éanie w lokalizacji ┼Ťcie┼╝ki wyszukiwania ÔÇ×{RawFileName}ÔÇŁ.
             To odwo┼éanie nie ma parametru CopyLocal, poniewa┼╝ co najmniej jeden element ┼║r├│d┼éowy ma parametr Private ustawiony na warto┼Ť─ç false, a ┼╝aden z element├│w ┼║r├│d┼éowych nie ma parametru Private ustawionego na warto┼Ť─ç true.
         Odwo┼éanie podstawowe ÔÇ×Microsoft.AspNetCore.Rewrite, Version=8.0.0.0, Culture=neutral, PublicKeyToken=adb9793829ddae60ÔÇŁ.
             Rozpoznana ┼Ťcie┼╝ka pliku: ÔÇ×C:\Program Files\dotnet\packs\Microsoft.AspNetCore.App.Ref\8.0.1\ref\net8.0\Microsoft.AspNetCore.Rewrite.dllÔÇŁ.
             Znaleziono odwo┼éanie w lokalizacji ┼Ťcie┼╝ki wyszukiwania ÔÇ×{RawFileName}ÔÇŁ.
             To odwo┼éanie nie ma parametru CopyLocal, poniewa┼╝ co najmniej jeden element ┼║r├│d┼éowy ma parametr Private ustawiony na warto┼Ť─ç false, a ┼╝aden z element├│w ┼║r├│d┼éowych nie ma parametru Private ustawionego na warto┼Ť─ç true.
         Odwo┼éanie podstawowe ÔÇ×Microsoft.AspNetCore.Routing.Abstractions, Version=8.0.0.0, Culture=neutral, PublicKeyToken=adb9793829ddae60ÔÇŁ.
             Rozpoznana ┼Ťcie┼╝ka pliku: ÔÇ×C:\Program Files\dotnet\packs\Microsoft.AspNetCore.App.Ref\8.0.1\ref\net8.0\Microsoft.AspNetCore.Routing.Abstractions.dllÔÇŁ.
             Znaleziono odwo┼éanie w lokalizacji ┼Ťcie┼╝ki wyszukiwania ÔÇ×{RawFileName}ÔÇŁ.
             To odwo┼éanie nie ma parametru CopyLocal, poniewa┼╝ co najmniej jeden element ┼║r├│d┼éowy ma parametr Private ustawiony na warto┼Ť─ç false, a ┼╝aden z element├│w ┼║r├│d┼éowych nie ma parametru Private ustawionego na warto┼Ť─ç true.
         Odwo┼éanie podstawowe ÔÇ×Microsoft.AspNetCore.Routing, Version=8.0.0.0, Culture=neutral, PublicKeyToken=adb9793829ddae60ÔÇŁ.
             Rozpoznana ┼Ťcie┼╝ka pliku: ÔÇ×C:\Program Files\dotnet\packs\Microsoft.AspNetCore.App.Ref\8.0.1\ref\net8.0\Microsoft.AspNetCore.Routing.dllÔÇŁ.
             Znaleziono odwo┼éanie w lokalizacji ┼Ťcie┼╝ki wyszukiwania ÔÇ×{RawFileName}ÔÇŁ.
             To odwo┼éanie nie ma parametru CopyLocal, poniewa┼╝ co najmniej jeden element ┼║r├│d┼éowy ma parametr Private ustawiony na warto┼Ť─ç false, a ┼╝aden z element├│w ┼║r├│d┼éowych nie ma parametru Private ustawionego na warto┼Ť─ç true.
         Odwo┼éanie podstawowe ÔÇ×Microsoft.AspNetCore.Server.HttpSys, Version=8.0.0.0, Culture=neutral, PublicKeyToken=adb9793829ddae60ÔÇŁ.
             Rozpoznana ┼Ťcie┼╝ka pliku: ÔÇ×C:\Program Files\dotnet\packs\Microsoft.AspNetCore.App.Ref\8.0.1\ref\net8.0\Microsoft.AspNetCore.Server.HttpSys.dllÔÇŁ.
             Znaleziono odwo┼éanie w lokalizacji ┼Ťcie┼╝ki wyszukiwania ÔÇ×{RawFileName}ÔÇŁ.
             To odwo┼éanie nie ma parametru CopyLocal, poniewa┼╝ co najmniej jeden element ┼║r├│d┼éowy ma parametr Private ustawiony na warto┼Ť─ç false, a ┼╝aden z element├│w ┼║r├│d┼éowych nie ma parametru Private ustawionego na warto┼Ť─ç true.
         Odwo┼éanie podstawowe ÔÇ×Microsoft.AspNetCore.Server.IIS, Version=8.0.0.0, Culture=neutral, PublicKeyToken=adb9793829ddae60ÔÇŁ.
             Rozpoznana ┼Ťcie┼╝ka pliku: ÔÇ×C:\Program Files\dotnet\packs\Microsoft.AspNetCore.App.Ref\8.0.1\ref\net8.0\Microsoft.AspNetCore.Server.IIS.dllÔÇŁ.
             Znaleziono odwo┼éanie w lokalizacji ┼Ťcie┼╝ki wyszukiwania ÔÇ×{RawFileName}ÔÇŁ.
             To odwo┼éanie nie ma parametru CopyLocal, poniewa┼╝ co najmniej jeden element ┼║r├│d┼éowy ma parametr Private ustawiony na warto┼Ť─ç false, a ┼╝aden z element├│w ┼║r├│d┼éowych nie ma parametru Private ustawionego na warto┼Ť─ç true.
         Odwo┼éanie podstawowe ÔÇ×Microsoft.AspNetCore.Server.IISIntegration, Version=8.0.0.0, Culture=neutral, PublicKeyToken=adb9793829ddae60ÔÇŁ.
             Rozpoznana ┼Ťcie┼╝ka pliku: ÔÇ×C:\Program Files\dotnet\packs\Microsoft.AspNetCore.App.Ref\8.0.1\ref\net8.0\Microsoft.AspNetCore.Server.IISIntegration.dllÔÇŁ.
             Znaleziono odwo┼éanie w lokalizacji ┼Ťcie┼╝ki wyszukiwania ÔÇ×{RawFileName}ÔÇŁ.
             To odwo┼éanie nie ma parametru CopyLocal, poniewa┼╝ co najmniej jeden element ┼║r├│d┼éowy ma parametr Private ustawiony na warto┼Ť─ç false, a ┼╝aden z element├│w ┼║r├│d┼éowych nie ma parametru Private ustawionego na warto┼Ť─ç true.
         Odwo┼éanie podstawowe ÔÇ×Microsoft.AspNetCore.Server.Kestrel.Core, Version=8.0.0.0, Culture=neutral, PublicKeyToken=adb9793829ddae60ÔÇŁ.
             Rozpoznana ┼Ťcie┼╝ka pliku: ÔÇ×C:\Program Files\dotnet\packs\Microsoft.AspNetCore.App.Ref\8.0.1\ref\net8.0\Microsoft.AspNetCore.Server.Kestrel.Core.dllÔÇŁ.
             Znaleziono odwo┼éanie w lokalizacji ┼Ťcie┼╝ki wyszukiwania ÔÇ×{RawFileName}ÔÇŁ.
             To odwo┼éanie nie ma parametru CopyLocal, poniewa┼╝ co najmniej jeden element ┼║r├│d┼éowy ma parametr Private ustawiony na warto┼Ť─ç false, a ┼╝aden z element├│w ┼║r├│d┼éowych nie ma parametru Private ustawionego na warto┼Ť─ç true.
         Odwo┼éanie podstawowe ÔÇ×Microsoft.AspNetCore.Server.Kestrel.Transport.NamedPipes, Version=8.0.0.0, Culture=neutral, PublicKeyToken=adb9793829ddae60ÔÇŁ.
             Rozpoznana ┼Ťcie┼╝ka pliku: ÔÇ×C:\Program Files\dotnet\packs\Microsoft.AspNetCore.App.Ref\8.0.1\ref\net8.0\Microsoft.AspNetCore.Server.Kestrel.Transport.NamedPipes.dllÔÇŁ.
             Znaleziono odwo┼éanie w lokalizacji ┼Ťcie┼╝ki wyszukiwania ÔÇ×{RawFileName}ÔÇŁ.
             To odwo┼éanie nie ma parametru CopyLocal, poniewa┼╝ co najmniej jeden element ┼║r├│d┼éowy ma parametr Private ustawiony na warto┼Ť─ç false, a ┼╝aden z element├│w ┼║r├│d┼éowych nie ma parametru Private ustawionego na warto┼Ť─ç true.
         Odwo┼éanie podstawowe ÔÇ×Microsoft.AspNetCore.Server.Kestrel.Transport.Quic, Version=8.0.0.0, Culture=neutral, PublicKeyToken=adb9793829ddae60ÔÇŁ.
             Rozpoznana ┼Ťcie┼╝ka pliku: ÔÇ×C:\Program Files\dotnet\packs\Microsoft.AspNetCore.App.Ref\8.0.1\ref\net8.0\Microsoft.AspNetCore.Server.Kestrel.Transport.Quic.dllÔÇŁ.
             Znaleziono odwo┼éanie w lokalizacji ┼Ťcie┼╝ki wyszukiwania ÔÇ×{RawFileName}ÔÇŁ.
             To odwo┼éanie nie ma parametru CopyLocal, poniewa┼╝ co najmniej jeden element ┼║r├│d┼éowy ma parametr Private ustawiony na warto┼Ť─ç false, a ┼╝aden z element├│w ┼║r├│d┼éowych nie ma parametru Private ustawionego na warto┼Ť─ç true.
         Odwo┼éanie podstawowe ÔÇ×Microsoft.AspNetCore.Server.Kestrel.Transport.Sockets, Version=8.0.0.0, Culture=neutral, PublicKeyToken=adb9793829ddae60ÔÇŁ.
             Rozpoznana ┼Ťcie┼╝ka pliku: ÔÇ×C:\Program Files\dotnet\packs\Microsoft.AspNetCore.App.Ref\8.0.1\ref\net8.0\Microsoft.AspNetCore.Server.Kestrel.Transport.Sockets.dllÔÇŁ.
             Znaleziono odwo┼éanie w lokalizacji ┼Ťcie┼╝ki wyszukiwania ÔÇ×{RawFileName}ÔÇŁ.
             To odwo┼éanie nie ma parametru CopyLocal, poniewa┼╝ co najmniej jeden element ┼║r├│d┼éowy ma parametr Private ustawiony na warto┼Ť─ç false, a ┼╝aden z element├│w ┼║r├│d┼éowych nie ma parametru Private ustawionego na warto┼Ť─ç true.
         Odwo┼éanie podstawowe ÔÇ×Microsoft.AspNetCore.Server.Kestrel, Version=8.0.0.0, Culture=neutral, PublicKeyToken=adb9793829ddae60ÔÇŁ.
             Rozpoznana ┼Ťcie┼╝ka pliku: ÔÇ×C:\Program Files\dotnet\packs\Microsoft.AspNetCore.App.Ref\8.0.1\ref\net8.0\Microsoft.AspNetCore.Server.Kestrel.dllÔÇŁ.
             Znaleziono odwo┼éanie w lokalizacji ┼Ťcie┼╝ki wyszukiwania ÔÇ×{RawFileName}ÔÇŁ.
             To odwo┼éanie nie ma parametru CopyLocal, poniewa┼╝ co najmniej jeden element ┼║r├│d┼éowy ma parametr Private ustawiony na warto┼Ť─ç false, a ┼╝aden z element├│w ┼║r├│d┼éowych nie ma parametru Private ustawionego na warto┼Ť─ç true.
         Odwo┼éanie podstawowe ÔÇ×Microsoft.AspNetCore.Session, Version=8.0.0.0, Culture=neutral, PublicKeyToken=adb9793829ddae60ÔÇŁ.
             Rozpoznana ┼Ťcie┼╝ka pliku: ÔÇ×C:\Program Files\dotnet\packs\Microsoft.AspNetCore.App.Ref\8.0.1\ref\net8.0\Microsoft.AspNetCore.Session.dllÔÇŁ.
             Znaleziono odwo┼éanie w lokalizacji ┼Ťcie┼╝ki wyszukiwania ÔÇ×{RawFileName}ÔÇŁ.
             To odwo┼éanie nie ma parametru CopyLocal, poniewa┼╝ co najmniej jeden element ┼║r├│d┼éowy ma parametr Private ustawiony na warto┼Ť─ç false, a ┼╝aden z element├│w ┼║r├│d┼éowych nie ma parametru Private ustawionego na warto┼Ť─ç true.
         Odwo┼éanie podstawowe ÔÇ×Microsoft.AspNetCore.SignalR.Common, Version=8.0.0.0, Culture=neutral, PublicKeyToken=adb9793829ddae60ÔÇŁ.
             Rozpoznana ┼Ťcie┼╝ka pliku: ÔÇ×C:\Program Files\dotnet\packs\Microsoft.AspNetCore.App.Ref\8.0.1\ref\net8.0\Microsoft.AspNetCore.SignalR.Common.dllÔÇŁ.
             Znaleziono odwo┼éanie w lokalizacji ┼Ťcie┼╝ki wyszukiwania ÔÇ×{RawFileName}ÔÇŁ.
             To odwo┼éanie nie ma parametru CopyLocal, poniewa┼╝ co najmniej jeden element ┼║r├│d┼éowy ma parametr Private ustawiony na warto┼Ť─ç false, a ┼╝aden z element├│w ┼║r├│d┼éowych nie ma parametru Private ustawionego na warto┼Ť─ç true.
         Odwo┼éanie podstawowe ÔÇ×Microsoft.AspNetCore.SignalR.Core, Version=8.0.0.0, Culture=neutral, PublicKeyToken=adb9793829ddae60ÔÇŁ.
             Rozpoznana ┼Ťcie┼╝ka pliku: ÔÇ×C:\Program Files\dotnet\packs\Microsoft.AspNetCore.App.Ref\8.0.1\ref\net8.0\Microsoft.AspNetCore.SignalR.Core.dllÔÇŁ.
             Znaleziono odwo┼éanie w lokalizacji ┼Ťcie┼╝ki wyszukiwania ÔÇ×{RawFileName}ÔÇŁ.
             To odwo┼éanie nie ma parametru CopyLocal, poniewa┼╝ co najmniej jeden element ┼║r├│d┼éowy ma parametr Private ustawiony na warto┼Ť─ç false, a ┼╝aden z element├│w ┼║r├│d┼éowych nie ma parametru Private ustawionego na warto┼Ť─ç true.
         Odwo┼éanie podstawowe ÔÇ×Microsoft.AspNetCore.SignalR.Protocols.Json, Version=8.0.0.0, Culture=neutral, PublicKeyToken=adb9793829ddae60ÔÇŁ.
             Rozpoznana ┼Ťcie┼╝ka pliku: ÔÇ×C:\Program Files\dotnet\packs\Microsoft.AspNetCore.App.Ref\8.0.1\ref\net8.0\Microsoft.AspNetCore.SignalR.Protocols.Json.dllÔÇŁ.
             Znaleziono odwo┼éanie w lokalizacji ┼Ťcie┼╝ki wyszukiwania ÔÇ×{RawFileName}ÔÇŁ.
             To odwo┼éanie nie ma parametru CopyLocal, poniewa┼╝ co najmniej jeden element ┼║r├│d┼éowy ma parametr Private ustawiony na warto┼Ť─ç false, a ┼╝aden z element├│w ┼║r├│d┼éowych nie ma parametru Private ustawionego na warto┼Ť─ç true.
         Odwo┼éanie podstawowe ÔÇ×Microsoft.AspNetCore.SignalR, Version=8.0.0.0, Culture=neutral, PublicKeyToken=adb9793829ddae60ÔÇŁ.
             Rozpoznana ┼Ťcie┼╝ka pliku: ÔÇ×C:\Program Files\dotnet\packs\Microsoft.AspNetCore.App.Ref\8.0.1\ref\net8.0\Microsoft.AspNetCore.SignalR.dllÔÇŁ.
             Znaleziono odwo┼éanie w lokalizacji ┼Ťcie┼╝ki wyszukiwania ÔÇ×{RawFileName}ÔÇŁ.
             To odwo┼éanie nie ma parametru CopyLocal, poniewa┼╝ co najmniej jeden element ┼║r├│d┼éowy ma parametr Private ustawiony na warto┼Ť─ç false, a ┼╝aden z element├│w ┼║r├│d┼éowych nie ma parametru Private ustawionego na warto┼Ť─ç true.
         Odwo┼éanie podstawowe ÔÇ×Microsoft.AspNetCore.StaticFiles, Version=8.0.0.0, Culture=neutral, PublicKeyToken=adb9793829ddae60ÔÇŁ.
             Rozpoznana ┼Ťcie┼╝ka pliku: ÔÇ×C:\Program Files\dotnet\packs\Microsoft.AspNetCore.App.Ref\8.0.1\ref\net8.0\Microsoft.AspNetCore.StaticFiles.dllÔÇŁ.
             Znaleziono odwo┼éanie w lokalizacji ┼Ťcie┼╝ki wyszukiwania ÔÇ×{RawFileName}ÔÇŁ.
             To odwo┼éanie nie ma parametru CopyLocal, poniewa┼╝ co najmniej jeden element ┼║r├│d┼éowy ma parametr Private ustawiony na warto┼Ť─ç false, a ┼╝aden z element├│w ┼║r├│d┼éowych nie ma parametru Private ustawionego na warto┼Ť─ç true.
         Odwo┼éanie podstawowe ÔÇ×Microsoft.AspNetCore.WebSockets, Version=8.0.0.0, Culture=neutral, PublicKeyToken=adb9793829ddae60ÔÇŁ.
             Rozpoznana ┼Ťcie┼╝ka pliku: ÔÇ×C:\Program Files\dotnet\packs\Microsoft.AspNetCore.App.Ref\8.0.1\ref\net8.0\Microsoft.AspNetCore.WebSockets.dllÔÇŁ.
             Znaleziono odwo┼éanie w lokalizacji ┼Ťcie┼╝ki wyszukiwania ÔÇ×{RawFileName}ÔÇŁ.
             To odwo┼éanie nie ma parametru CopyLocal, poniewa┼╝ co najmniej jeden element ┼║r├│d┼éowy ma parametr Private ustawiony na warto┼Ť─ç false, a ┼╝aden z element├│w ┼║r├│d┼éowych nie ma parametru Private ustawionego na warto┼Ť─ç true.
         Odwo┼éanie podstawowe ÔÇ×Microsoft.AspNetCore.WebUtilities, Version=8.0.0.0, Culture=neutral, PublicKeyToken=adb9793829ddae60ÔÇŁ.
             Rozpoznana ┼Ťcie┼╝ka pliku: ÔÇ×C:\Program Files\dotnet\packs\Microsoft.AspNetCore.App.Ref\8.0.1\ref\net8.0\Microsoft.AspNetCore.WebUtilities.dllÔÇŁ.
             Znaleziono odwo┼éanie w lokalizacji ┼Ťcie┼╝ki wyszukiwania ÔÇ×{RawFileName}ÔÇŁ.
             To odwo┼éanie nie ma parametru CopyLocal, poniewa┼╝ co najmniej jeden element ┼║r├│d┼éowy ma parametr Private ustawiony na warto┼Ť─ç false, a ┼╝aden z element├│w ┼║r├│d┼éowych nie ma parametru Private ustawionego na warto┼Ť─ç true.
         Odwo┼éanie podstawowe ÔÇ×Microsoft.AspNetCore, Version=8.0.0.0, Culture=neutral, PublicKeyToken=adb9793829ddae60ÔÇŁ.
             Rozpoznana ┼Ťcie┼╝ka pliku: ÔÇ×C:\Program Files\dotnet\packs\Microsoft.AspNetCore.App.Ref\8.0.1\ref\net8.0\Microsoft.AspNetCore.dllÔÇŁ.
             Znaleziono odwo┼éanie w lokalizacji ┼Ťcie┼╝ki wyszukiwania ÔÇ×{RawFileName}ÔÇŁ.
             To odwo┼éanie nie ma parametru CopyLocal, poniewa┼╝ co najmniej jeden element ┼║r├│d┼éowy ma parametr Private ustawiony na warto┼Ť─ç false, a ┼╝aden z element├│w ┼║r├│d┼éowych nie ma parametru Private ustawionego na warto┼Ť─ç true.
         Odwo┼éanie podstawowe ÔÇ×Microsoft.Extensions.Caching.Abstractions, Version=8.0.0.0, Culture=neutral, PublicKeyToken=adb9793829ddae60ÔÇŁ.
             Rozpoznana ┼Ťcie┼╝ka pliku: ÔÇ×C:\Program Files\dotnet\packs\Microsoft.AspNetCore.App.Ref\8.0.1\ref\net8.0\Microsoft.Extensions.Caching.Abstractions.dllÔÇŁ.
             Znaleziono odwo┼éanie w lokalizacji ┼Ťcie┼╝ki wyszukiwania ÔÇ×{RawFileName}ÔÇŁ.
             To odwo┼éanie nie ma parametru CopyLocal, poniewa┼╝ co najmniej jeden element ┼║r├│d┼éowy ma parametr Private ustawiony na warto┼Ť─ç false, a ┼╝aden z element├│w ┼║r├│d┼éowych nie ma parametru Private ustawionego na warto┼Ť─ç true.
         Odwo┼éanie podstawowe ÔÇ×Microsoft.Extensions.Caching.Memory, Version=8.0.0.0, Culture=neutral, PublicKeyToken=adb9793829ddae60ÔÇŁ.
             Rozpoznana ┼Ťcie┼╝ka pliku: ÔÇ×C:\Program Files\dotnet\packs\Microsoft.AspNetCore.App.Ref\8.0.1\ref\net8.0\Microsoft.Extensions.Caching.Memory.dllÔÇŁ.
             Znaleziono odwo┼éanie w lokalizacji ┼Ťcie┼╝ki wyszukiwania ÔÇ×{RawFileName}ÔÇŁ.
             To odwo┼éanie nie ma parametru CopyLocal, poniewa┼╝ co najmniej jeden element ┼║r├│d┼éowy ma parametr Private ustawiony na warto┼Ť─ç false, a ┼╝aden z element├│w ┼║r├│d┼éowych nie ma parametru Private ustawionego na warto┼Ť─ç true.
         Odwo┼éanie podstawowe ÔÇ×Microsoft.Extensions.Configuration.Abstractions, Version=8.0.0.0, Culture=neutral, PublicKeyToken=adb9793829ddae60ÔÇŁ.
             Rozpoznana ┼Ťcie┼╝ka pliku: ÔÇ×C:\Program Files\dotnet\packs\Microsoft.AspNetCore.App.Ref\8.0.1\ref\net8.0\Microsoft.Extensions.Configuration.Abstractions.dllÔÇŁ.
             Znaleziono odwo┼éanie w lokalizacji ┼Ťcie┼╝ki wyszukiwania ÔÇ×{RawFileName}ÔÇŁ.
             To odwo┼éanie nie ma parametru CopyLocal, poniewa┼╝ co najmniej jeden element ┼║r├│d┼éowy ma parametr Private ustawiony na warto┼Ť─ç false, a ┼╝aden z element├│w ┼║r├│d┼éowych nie ma parametru Private ustawionego na warto┼Ť─ç true.
         Odwo┼éanie podstawowe ÔÇ×Microsoft.Extensions.Configuration.Binder, Version=8.0.0.0, Culture=neutral, PublicKeyToken=adb9793829ddae60ÔÇŁ.
             Rozpoznana ┼Ťcie┼╝ka pliku: ÔÇ×C:\Program Files\dotnet\packs\Microsoft.AspNetCore.App.Ref\8.0.1\ref\net8.0\Microsoft.Extensions.Configuration.Binder.dllÔÇŁ.
             Znaleziono odwo┼éanie w lokalizacji ┼Ťcie┼╝ki wyszukiwania ÔÇ×{RawFileName}ÔÇŁ.
             To odwo┼éanie nie ma parametru CopyLocal, poniewa┼╝ co najmniej jeden element ┼║r├│d┼éowy ma parametr Private ustawiony na warto┼Ť─ç false, a ┼╝aden z element├│w ┼║r├│d┼éowych nie ma parametru Private ustawionego na warto┼Ť─ç true.
         Odwo┼éanie podstawowe ÔÇ×Microsoft.Extensions.Configuration.CommandLine, Version=8.0.0.0, Culture=neutral, PublicKeyToken=adb9793829ddae60ÔÇŁ.
             Rozpoznana ┼Ťcie┼╝ka pliku: ÔÇ×C:\Program Files\dotnet\packs\Microsoft.AspNetCore.App.Ref\8.0.1\ref\net8.0\Microsoft.Extensions.Configuration.CommandLine.dllÔÇŁ.
             Znaleziono odwo┼éanie w lokalizacji ┼Ťcie┼╝ki wyszukiwania ÔÇ×{RawFileName}ÔÇŁ.
             To odwo┼éanie nie ma parametru CopyLocal, poniewa┼╝ co najmniej jeden element ┼║r├│d┼éowy ma parametr Private ustawiony na warto┼Ť─ç false, a ┼╝aden z element├│w ┼║r├│d┼éowych nie ma parametru Private ustawionego na warto┼Ť─ç true.
         Odwo┼éanie podstawowe ÔÇ×Microsoft.Extensions.Configuration.EnvironmentVariables, Version=8.0.0.0, Culture=neutral, PublicKeyToken=adb9793829ddae60ÔÇŁ.
             Rozpoznana ┼Ťcie┼╝ka pliku: ÔÇ×C:\Program Files\dotnet\packs\Microsoft.AspNetCore.App.Ref\8.0.1\ref\net8.0\Microsoft.Extensions.Configuration.EnvironmentVariables.dllÔÇŁ.
             Znaleziono odwo┼éanie w lokalizacji ┼Ťcie┼╝ki wyszukiwania ÔÇ×{RawFileName}ÔÇŁ.
             To odwo┼éanie nie ma parametru CopyLocal, poniewa┼╝ co najmniej jeden element ┼║r├│d┼éowy ma parametr Private ustawiony na warto┼Ť─ç false, a ┼╝aden z element├│w ┼║r├│d┼éowych nie ma parametru Private ustawionego na warto┼Ť─ç true.
         Odwo┼éanie podstawowe ÔÇ×Microsoft.Extensions.Configuration.FileExtensions, Version=8.0.0.0, Culture=neutral, PublicKeyToken=adb9793829ddae60ÔÇŁ.
             Rozpoznana ┼Ťcie┼╝ka pliku: ÔÇ×C:\Program Files\dotnet\packs\Microsoft.AspNetCore.App.Ref\8.0.1\ref\net8.0\Microsoft.Extensions.Configuration.FileExtensions.dllÔÇŁ.
             Znaleziono odwo┼éanie w lokalizacji ┼Ťcie┼╝ki wyszukiwania ÔÇ×{RawFileName}ÔÇŁ.
             To odwo┼éanie nie ma parametru CopyLocal, poniewa┼╝ co najmniej jeden element ┼║r├│d┼éowy ma parametr Private ustawiony na warto┼Ť─ç false, a ┼╝aden z element├│w ┼║r├│d┼éowych nie ma parametru Private ustawionego na warto┼Ť─ç true.
         Odwo┼éanie podstawowe ÔÇ×Microsoft.Extensions.Configuration.Ini, Version=8.0.0.0, Culture=neutral, PublicKeyToken=adb9793829ddae60ÔÇŁ.
             Rozpoznana ┼Ťcie┼╝ka pliku: ÔÇ×C:\Program Files\dotnet\packs\Microsoft.AspNetCore.App.Ref\8.0.1\ref\net8.0\Microsoft.Extensions.Configuration.Ini.dllÔÇŁ.
             Znaleziono odwo┼éanie w lokalizacji ┼Ťcie┼╝ki wyszukiwania ÔÇ×{RawFileName}ÔÇŁ.
             To odwo┼éanie nie ma parametru CopyLocal, poniewa┼╝ co najmniej jeden element ┼║r├│d┼éowy ma parametr Private ustawiony na warto┼Ť─ç false, a ┼╝aden z element├│w ┼║r├│d┼éowych nie ma parametru Private ustawionego na warto┼Ť─ç true.
         Odwo┼éanie podstawowe ÔÇ×Microsoft.Extensions.Configuration.Json, Version=8.0.0.0, Culture=neutral, PublicKeyToken=adb9793829ddae60ÔÇŁ.
             Rozpoznana ┼Ťcie┼╝ka pliku: ÔÇ×C:\Program Files\dotnet\packs\Microsoft.AspNetCore.App.Ref\8.0.1\ref\net8.0\Microsoft.Extensions.Configuration.Json.dllÔÇŁ.
             Znaleziono odwo┼éanie w lokalizacji ┼Ťcie┼╝ki wyszukiwania ÔÇ×{RawFileName}ÔÇŁ.
             To odwo┼éanie nie ma parametru CopyLocal, poniewa┼╝ co najmniej jeden element ┼║r├│d┼éowy ma parametr Private ustawiony na warto┼Ť─ç false, a ┼╝aden z element├│w ┼║r├│d┼éowych nie ma parametru Private ustawionego na warto┼Ť─ç true.
         Odwo┼éanie podstawowe ÔÇ×Microsoft.Extensions.Configuration.KeyPerFile, Version=8.0.0.0, Culture=neutral, PublicKeyToken=adb9793829ddae60ÔÇŁ.
             Rozpoznana ┼Ťcie┼╝ka pliku: ÔÇ×C:\Program Files\dotnet\packs\Microsoft.AspNetCore.App.Ref\8.0.1\ref\net8.0\Microsoft.Extensions.Configuration.KeyPerFile.dllÔÇŁ.
             Znaleziono odwo┼éanie w lokalizacji ┼Ťcie┼╝ki wyszukiwania ÔÇ×{RawFileName}ÔÇŁ.
             To odwo┼éanie nie ma parametru CopyLocal, poniewa┼╝ co najmniej jeden element ┼║r├│d┼éowy ma parametr Private ustawiony na warto┼Ť─ç false, a ┼╝aden z element├│w ┼║r├│d┼éowych nie ma parametru Private ustawionego na warto┼Ť─ç true.
         Odwo┼éanie podstawowe ÔÇ×Microsoft.Extensions.Configuration.UserSecrets, Version=8.0.0.0, Culture=neutral, PublicKeyToken=adb9793829ddae60ÔÇŁ.
             Rozpoznana ┼Ťcie┼╝ka pliku: ÔÇ×C:\Program Files\dotnet\packs\Microsoft.AspNetCore.App.Ref\8.0.1\ref\net8.0\Microsoft.Extensions.Configuration.UserSecrets.dllÔÇŁ.
             Znaleziono odwo┼éanie w lokalizacji ┼Ťcie┼╝ki wyszukiwania ÔÇ×{RawFileName}ÔÇŁ.
             To odwo┼éanie nie ma parametru CopyLocal, poniewa┼╝ co najmniej jeden element ┼║r├│d┼éowy ma parametr Private ustawiony na warto┼Ť─ç false, a ┼╝aden z element├│w ┼║r├│d┼éowych nie ma parametru Private ustawionego na warto┼Ť─ç true.
         Odwo┼éanie podstawowe ÔÇ×Microsoft.Extensions.Configuration.Xml, Version=8.0.0.0, Culture=neutral, PublicKeyToken=adb9793829ddae60ÔÇŁ.
             Rozpoznana ┼Ťcie┼╝ka pliku: ÔÇ×C:\Program Files\dotnet\packs\Microsoft.AspNetCore.App.Ref\8.0.1\ref\net8.0\Microsoft.Extensions.Configuration.Xml.dllÔÇŁ.
             Znaleziono odwo┼éanie w lokalizacji ┼Ťcie┼╝ki wyszukiwania ÔÇ×{RawFileName}ÔÇŁ.
             To odwo┼éanie nie ma parametru CopyLocal, poniewa┼╝ co najmniej jeden element ┼║r├│d┼éowy ma parametr Private ustawiony na warto┼Ť─ç false, a ┼╝aden z element├│w ┼║r├│d┼éowych nie ma parametru Private ustawionego na warto┼Ť─ç true.
         Odwo┼éanie podstawowe ÔÇ×Microsoft.Extensions.Configuration, Version=8.0.0.0, Culture=neutral, PublicKeyToken=adb9793829ddae60ÔÇŁ.
             Rozpoznana ┼Ťcie┼╝ka pliku: ÔÇ×C:\Program Files\dotnet\packs\Microsoft.AspNetCore.App.Ref\8.0.1\ref\net8.0\Microsoft.Extensions.Configuration.dllÔÇŁ.
             Znaleziono odwo┼éanie w lokalizacji ┼Ťcie┼╝ki wyszukiwania ÔÇ×{RawFileName}ÔÇŁ.
             To odwo┼éanie nie ma parametru CopyLocal, poniewa┼╝ co najmniej jeden element ┼║r├│d┼éowy ma parametr Private ustawiony na warto┼Ť─ç false, a ┼╝aden z element├│w ┼║r├│d┼éowych nie ma parametru Private ustawionego na warto┼Ť─ç true.
         Odwo┼éanie podstawowe ÔÇ×Microsoft.Extensions.DependencyInjection.Abstractions, Version=8.0.0.0, Culture=neutral, PublicKeyToken=adb9793829ddae60ÔÇŁ.
             Rozpoznana ┼Ťcie┼╝ka pliku: ÔÇ×C:\Program Files\dotnet\packs\Microsoft.AspNetCore.App.Ref\8.0.1\ref\net8.0\Microsoft.Extensions.DependencyInjection.Abstractions.dllÔÇŁ.
             Znaleziono odwo┼éanie w lokalizacji ┼Ťcie┼╝ki wyszukiwania ÔÇ×{RawFileName}ÔÇŁ.
             To odwo┼éanie nie ma parametru CopyLocal, poniewa┼╝ co najmniej jeden element ┼║r├│d┼éowy ma parametr Private ustawiony na warto┼Ť─ç false, a ┼╝aden z element├│w ┼║r├│d┼éowych nie ma parametru Private ustawionego na warto┼Ť─ç true.
         Odwo┼éanie podstawowe ÔÇ×Microsoft.Extensions.DependencyInjection, Version=8.0.0.0, Culture=neutral, PublicKeyToken=adb9793829ddae60ÔÇŁ.
             Rozpoznana ┼Ťcie┼╝ka pliku: ÔÇ×C:\Program Files\dotnet\packs\Microsoft.AspNetCore.App.Ref\8.0.1\ref\net8.0\Microsoft.Extensions.DependencyInjection.dllÔÇŁ.
             Znaleziono odwo┼éanie w lokalizacji ┼Ťcie┼╝ki wyszukiwania ÔÇ×{RawFileName}ÔÇŁ.
             To odwo┼éanie nie ma parametru CopyLocal, poniewa┼╝ co najmniej jeden element ┼║r├│d┼éowy ma parametr Private ustawiony na warto┼Ť─ç false, a ┼╝aden z element├│w ┼║r├│d┼éowych nie ma parametru Private ustawionego na warto┼Ť─ç true.
         Odwo┼éanie podstawowe ÔÇ×Microsoft.Extensions.Diagnostics.Abstractions, Version=8.0.0.0, Culture=neutral, PublicKeyToken=adb9793829ddae60ÔÇŁ.
             Rozpoznana ┼Ťcie┼╝ka pliku: ÔÇ×C:\Program Files\dotnet\packs\Microsoft.AspNetCore.App.Ref\8.0.1\ref\net8.0\Microsoft.Extensions.Diagnostics.Abstractions.dllÔÇŁ.
             Znaleziono odwo┼éanie w lokalizacji ┼Ťcie┼╝ki wyszukiwania ÔÇ×{RawFileName}ÔÇŁ.
             To odwo┼éanie nie ma parametru CopyLocal, poniewa┼╝ co najmniej jeden element ┼║r├│d┼éowy ma parametr Private ustawiony na warto┼Ť─ç false, a ┼╝aden z element├│w ┼║r├│d┼éowych nie ma parametru Private ustawionego na warto┼Ť─ç true.
         Odwo┼éanie podstawowe ÔÇ×Microsoft.Extensions.Diagnostics.HealthChecks.Abstractions, Version=8.0.0.0, Culture=neutral, PublicKeyToken=adb9793829ddae60ÔÇŁ.
             Rozpoznana ┼Ťcie┼╝ka pliku: ÔÇ×C:\Program Files\dotnet\packs\Microsoft.AspNetCore.App.Ref\8.0.1\ref\net8.0\Microsoft.Extensions.Diagnostics.HealthChecks.Abstractions.dllÔÇŁ.
             Znaleziono odwo┼éanie w lokalizacji ┼Ťcie┼╝ki wyszukiwania ÔÇ×{RawFileName}ÔÇŁ.
             To odwo┼éanie nie ma parametru CopyLocal, poniewa┼╝ co najmniej jeden element ┼║r├│d┼éowy ma parametr Private ustawiony na warto┼Ť─ç false, a ┼╝aden z element├│w ┼║r├│d┼éowych nie ma parametru Private ustawionego na warto┼Ť─ç true.
         Odwo┼éanie podstawowe ÔÇ×Microsoft.Extensions.Diagnostics.HealthChecks, Version=8.0.0.0, Culture=neutral, PublicKeyToken=adb9793829ddae60ÔÇŁ.
             Rozpoznana ┼Ťcie┼╝ka pliku: ÔÇ×C:\Program Files\dotnet\packs\Microsoft.AspNetCore.App.Ref\8.0.1\ref\net8.0\Microsoft.Extensions.Diagnostics.HealthChecks.dllÔÇŁ.
             Znaleziono odwo┼éanie w lokalizacji ┼Ťcie┼╝ki wyszukiwania ÔÇ×{RawFileName}ÔÇŁ.
             To odwo┼éanie nie ma parametru CopyLocal, poniewa┼╝ co najmniej jeden element ┼║r├│d┼éowy ma parametr Private ustawiony na warto┼Ť─ç false, a ┼╝aden z element├│w ┼║r├│d┼éowych nie ma parametru Private ustawionego na warto┼Ť─ç true.
         Odwo┼éanie podstawowe ÔÇ×Microsoft.Extensions.Diagnostics, Version=8.0.0.0, Culture=neutral, PublicKeyToken=adb9793829ddae60ÔÇŁ.
             Rozpoznana ┼Ťcie┼╝ka pliku: ÔÇ×C:\Program Files\dotnet\packs\Microsoft.AspNetCore.App.Ref\8.0.1\ref\net8.0\Microsoft.Extensions.Diagnostics.dllÔÇŁ.
             Znaleziono odwo┼éanie w lokalizacji ┼Ťcie┼╝ki wyszukiwania ÔÇ×{RawFileName}ÔÇŁ.
             To odwo┼éanie nie ma parametru CopyLocal, poniewa┼╝ co najmniej jeden element ┼║r├│d┼éowy ma parametr Private ustawiony na warto┼Ť─ç false, a ┼╝aden z element├│w ┼║r├│d┼éowych nie ma parametru Private ustawionego na warto┼Ť─ç true.
         Odwo┼éanie podstawowe ÔÇ×Microsoft.Extensions.Features, Version=8.0.0.0, Culture=neutral, PublicKeyToken=adb9793829ddae60ÔÇŁ.
             Rozpoznana ┼Ťcie┼╝ka pliku: ÔÇ×C:\Program Files\dotnet\packs\Microsoft.AspNetCore.App.Ref\8.0.1\ref\net8.0\Microsoft.Extensions.Features.dllÔÇŁ.
             Znaleziono odwo┼éanie w lokalizacji ┼Ťcie┼╝ki wyszukiwania ÔÇ×{RawFileName}ÔÇŁ.
             To odwo┼éanie nie ma parametru CopyLocal, poniewa┼╝ co najmniej jeden element ┼║r├│d┼éowy ma parametr Private ustawiony na warto┼Ť─ç false, a ┼╝aden z element├│w ┼║r├│d┼éowych nie ma parametru Private ustawionego na warto┼Ť─ç true.
         Odwo┼éanie podstawowe ÔÇ×Microsoft.Extensions.FileProviders.Abstractions, Version=8.0.0.0, Culture=neutral, PublicKeyToken=adb9793829ddae60ÔÇŁ.
             Rozpoznana ┼Ťcie┼╝ka pliku: ÔÇ×C:\Program Files\dotnet\packs\Microsoft.AspNetCore.App.Ref\8.0.1\ref\net8.0\Microsoft.Extensions.FileProviders.Abstractions.dllÔÇŁ.
             Znaleziono odwo┼éanie w lokalizacji ┼Ťcie┼╝ki wyszukiwania ÔÇ×{RawFileName}ÔÇŁ.
             To odwo┼éanie nie ma parametru CopyLocal, poniewa┼╝ co najmniej jeden element ┼║r├│d┼éowy ma parametr Private ustawiony na warto┼Ť─ç false, a ┼╝aden z element├│w ┼║r├│d┼éowych nie ma parametru Private ustawionego na warto┼Ť─ç true.
         Odwo┼éanie podstawowe ÔÇ×Microsoft.Extensions.FileProviders.Composite, Version=8.0.0.0, Culture=neutral, PublicKeyToken=adb9793829ddae60ÔÇŁ.
             Rozpoznana ┼Ťcie┼╝ka pliku: ÔÇ×C:\Program Files\dotnet\packs\Microsoft.AspNetCore.App.Ref\8.0.1\ref\net8.0\Microsoft.Extensions.FileProviders.Composite.dllÔÇŁ.
             Znaleziono odwo┼éanie w lokalizacji ┼Ťcie┼╝ki wyszukiwania ÔÇ×{RawFileName}ÔÇŁ.
             To odwo┼éanie nie ma parametru CopyLocal, poniewa┼╝ co najmniej jeden element ┼║r├│d┼éowy ma parametr Private ustawiony na warto┼Ť─ç false, a ┼╝aden z element├│w ┼║r├│d┼éowych nie ma parametru Private ustawionego na warto┼Ť─ç true.
         Odwo┼éanie podstawowe ÔÇ×Microsoft.Extensions.FileProviders.Embedded, Version=8.0.0.0, Culture=neutral, PublicKeyToken=adb9793829ddae60ÔÇŁ.
             Rozpoznana ┼Ťcie┼╝ka pliku: ÔÇ×C:\Program Files\dotnet\packs\Microsoft.AspNetCore.App.Ref\8.0.1\ref\net8.0\Microsoft.Extensions.FileProviders.Embedded.dllÔÇŁ.
             Znaleziono odwo┼éanie w lokalizacji ┼Ťcie┼╝ki wyszukiwania ÔÇ×{RawFileName}ÔÇŁ.
             To odwo┼éanie nie ma parametru CopyLocal, poniewa┼╝ co najmniej jeden element ┼║r├│d┼éowy ma parametr Private ustawiony na warto┼Ť─ç false, a ┼╝aden z element├│w ┼║r├│d┼éowych nie ma parametru Private ustawionego na warto┼Ť─ç true.
         Odwo┼éanie podstawowe ÔÇ×Microsoft.Extensions.FileProviders.Physical, Version=8.0.0.0, Culture=neutral, PublicKeyToken=adb9793829ddae60ÔÇŁ.
             Rozpoznana ┼Ťcie┼╝ka pliku: ÔÇ×C:\Program Files\dotnet\packs\Microsoft.AspNetCore.App.Ref\8.0.1\ref\net8.0\Microsoft.Extensions.FileProviders.Physical.dllÔÇŁ.
             Znaleziono odwo┼éanie w lokalizacji ┼Ťcie┼╝ki wyszukiwania ÔÇ×{RawFileName}ÔÇŁ.
             To odwo┼éanie nie ma parametru CopyLocal, poniewa┼╝ co najmniej jeden element ┼║r├│d┼éowy ma parametr Private ustawiony na warto┼Ť─ç false, a ┼╝aden z element├│w ┼║r├│d┼éowych nie ma parametru Private ustawionego na warto┼Ť─ç true.
         Odwo┼éanie podstawowe ÔÇ×Microsoft.Extensions.FileSystemGlobbing, Version=8.0.0.0, Culture=neutral, PublicKeyToken=adb9793829ddae60ÔÇŁ.
             Rozpoznana ┼Ťcie┼╝ka pliku: ÔÇ×C:\Program Files\dotnet\packs\Microsoft.AspNetCore.App.Ref\8.0.1\ref\net8.0\Microsoft.Extensions.FileSystemGlobbing.dllÔÇŁ.
             Znaleziono odwo┼éanie w lokalizacji ┼Ťcie┼╝ki wyszukiwania ÔÇ×{RawFileName}ÔÇŁ.
             To odwo┼éanie nie ma parametru CopyLocal, poniewa┼╝ co najmniej jeden element ┼║r├│d┼éowy ma parametr Private ustawiony na warto┼Ť─ç false, a ┼╝aden z element├│w ┼║r├│d┼éowych nie ma parametru Private ustawionego na warto┼Ť─ç true.
         Odwo┼éanie podstawowe ÔÇ×Microsoft.Extensions.Hosting.Abstractions, Version=8.0.0.0, Culture=neutral, PublicKeyToken=adb9793829ddae60ÔÇŁ.
             Rozpoznana ┼Ťcie┼╝ka pliku: ÔÇ×C:\Program Files\dotnet\packs\Microsoft.AspNetCore.App.Ref\8.0.1\ref\net8.0\Microsoft.Extensions.Hosting.Abstractions.dllÔÇŁ.
             Znaleziono odwo┼éanie w lokalizacji ┼Ťcie┼╝ki wyszukiwania ÔÇ×{RawFileName}ÔÇŁ.
             To odwo┼éanie nie ma parametru CopyLocal, poniewa┼╝ co najmniej jeden element ┼║r├│d┼éowy ma parametr Private ustawiony na warto┼Ť─ç false, a ┼╝aden z element├│w ┼║r├│d┼éowych nie ma parametru Private ustawionego na warto┼Ť─ç true.
         Odwo┼éanie podstawowe ÔÇ×Microsoft.Extensions.Hosting, Version=8.0.0.0, Culture=neutral, PublicKeyToken=adb9793829ddae60ÔÇŁ.
             Rozpoznana ┼Ťcie┼╝ka pliku: ÔÇ×C:\Program Files\dotnet\packs\Microsoft.AspNetCore.App.Ref\8.0.1\ref\net8.0\Microsoft.Extensions.Hosting.dllÔÇŁ.
             Znaleziono odwo┼éanie w lokalizacji ┼Ťcie┼╝ki wyszukiwania ÔÇ×{RawFileName}ÔÇŁ.
             To odwo┼éanie nie ma parametru CopyLocal, poniewa┼╝ co najmniej jeden element ┼║r├│d┼éowy ma parametr Private ustawiony na warto┼Ť─ç false, a ┼╝aden z element├│w ┼║r├│d┼éowych nie ma parametru Private ustawionego na warto┼Ť─ç true.
         Odwo┼éanie podstawowe ÔÇ×Microsoft.Extensions.Http, Version=8.0.0.0, Culture=neutral, PublicKeyToken=adb9793829ddae60ÔÇŁ.
             Rozpoznana ┼Ťcie┼╝ka pliku: ÔÇ×C:\Program Files\dotnet\packs\Microsoft.AspNetCore.App.Ref\8.0.1\ref\net8.0\Microsoft.Extensions.Http.dllÔÇŁ.
             Znaleziono odwo┼éanie w lokalizacji ┼Ťcie┼╝ki wyszukiwania ÔÇ×{RawFileName}ÔÇŁ.
             To odwo┼éanie nie ma parametru CopyLocal, poniewa┼╝ co najmniej jeden element ┼║r├│d┼éowy ma parametr Private ustawiony na warto┼Ť─ç false, a ┼╝aden z element├│w ┼║r├│d┼éowych nie ma parametru Private ustawionego na warto┼Ť─ç true.
         Odwo┼éanie podstawowe ÔÇ×Microsoft.Extensions.Identity.Core, Version=8.0.0.0, Culture=neutral, PublicKeyToken=adb9793829ddae60ÔÇŁ.
             Rozpoznana ┼Ťcie┼╝ka pliku: ÔÇ×C:\Program Files\dotnet\packs\Microsoft.AspNetCore.App.Ref\8.0.1\ref\net8.0\Microsoft.Extensions.Identity.Core.dllÔÇŁ.
             Znaleziono odwo┼éanie w lokalizacji ┼Ťcie┼╝ki wyszukiwania ÔÇ×{RawFileName}ÔÇŁ.
             To odwo┼éanie nie ma parametru CopyLocal, poniewa┼╝ co najmniej jeden element ┼║r├│d┼éowy ma parametr Private ustawiony na warto┼Ť─ç false, a ┼╝aden z element├│w ┼║r├│d┼éowych nie ma parametru Private ustawionego na warto┼Ť─ç true.
         Odwo┼éanie podstawowe ÔÇ×Microsoft.Extensions.Identity.Stores, Version=8.0.0.0, Culture=neutral, PublicKeyToken=adb9793829ddae60ÔÇŁ.
             Rozpoznana ┼Ťcie┼╝ka pliku: ÔÇ×C:\Program Files\dotnet\packs\Microsoft.AspNetCore.App.Ref\8.0.1\ref\net8.0\Microsoft.Extensions.Identity.Stores.dllÔÇŁ.
             Znaleziono odwo┼éanie w lokalizacji ┼Ťcie┼╝ki wyszukiwania ÔÇ×{RawFileName}ÔÇŁ.
             To odwo┼éanie nie ma parametru CopyLocal, poniewa┼╝ co najmniej jeden element ┼║r├│d┼éowy ma parametr Private ustawiony na warto┼Ť─ç false, a ┼╝aden z element├│w ┼║r├│d┼éowych nie ma parametru Private ustawionego na warto┼Ť─ç true.
         Odwo┼éanie podstawowe ÔÇ×Microsoft.Extensions.Localization.Abstractions, Version=8.0.0.0, Culture=neutral, PublicKeyToken=adb9793829ddae60ÔÇŁ.
             Rozpoznana ┼Ťcie┼╝ka pliku: ÔÇ×C:\Program Files\dotnet\packs\Microsoft.AspNetCore.App.Ref\8.0.1\ref\net8.0\Microsoft.Extensions.Localization.Abstractions.dllÔÇŁ.
             Znaleziono odwo┼éanie w lokalizacji ┼Ťcie┼╝ki wyszukiwania ÔÇ×{RawFileName}ÔÇŁ.
             To odwo┼éanie nie ma parametru CopyLocal, poniewa┼╝ co najmniej jeden element ┼║r├│d┼éowy ma parametr Private ustawiony na warto┼Ť─ç false, a ┼╝aden z element├│w ┼║r├│d┼éowych nie ma parametru Private ustawionego na warto┼Ť─ç true.
         Odwo┼éanie podstawowe ÔÇ×Microsoft.Extensions.Localization, Version=8.0.0.0, Culture=neutral, PublicKeyToken=adb9793829ddae60ÔÇŁ.
             Rozpoznana ┼Ťcie┼╝ka pliku: ÔÇ×C:\Program Files\dotnet\packs\Microsoft.AspNetCore.App.Ref\8.0.1\ref\net8.0\Microsoft.Extensions.Localization.dllÔÇŁ.
             Znaleziono odwo┼éanie w lokalizacji ┼Ťcie┼╝ki wyszukiwania ÔÇ×{RawFileName}ÔÇŁ.
             To odwo┼éanie nie ma parametru CopyLocal, poniewa┼╝ co najmniej jeden element ┼║r├│d┼éowy ma parametr Private ustawiony na warto┼Ť─ç false, a ┼╝aden z element├│w ┼║r├│d┼éowych nie ma parametru Private ustawionego na warto┼Ť─ç true.
         Odwo┼éanie podstawowe ÔÇ×Microsoft.Extensions.Logging.Abstractions, Version=8.0.0.0, Culture=neutral, PublicKeyToken=adb9793829ddae60ÔÇŁ.
             Rozpoznana ┼Ťcie┼╝ka pliku: ÔÇ×C:\Program Files\dotnet\packs\Microsoft.AspNetCore.App.Ref\8.0.1\ref\net8.0\Microsoft.Extensions.Logging.Abstractions.dllÔÇŁ.
             Znaleziono odwo┼éanie w lokalizacji ┼Ťcie┼╝ki wyszukiwania ÔÇ×{RawFileName}ÔÇŁ.
             To odwo┼éanie nie ma parametru CopyLocal, poniewa┼╝ co najmniej jeden element ┼║r├│d┼éowy ma parametr Private ustawiony na warto┼Ť─ç false, a ┼╝aden z element├│w ┼║r├│d┼éowych nie ma parametru Private ustawionego na warto┼Ť─ç true.
         Odwo┼éanie podstawowe ÔÇ×Microsoft.Extensions.Logging.Configuration, Version=8.0.0.0, Culture=neutral, PublicKeyToken=adb9793829ddae60ÔÇŁ.
             Rozpoznana ┼Ťcie┼╝ka pliku: ÔÇ×C:\Program Files\dotnet\packs\Microsoft.AspNetCore.App.Ref\8.0.1\ref\net8.0\Microsoft.Extensions.Logging.Configuration.dllÔÇŁ.
             Znaleziono odwo┼éanie w lokalizacji ┼Ťcie┼╝ki wyszukiwania ÔÇ×{RawFileName}ÔÇŁ.
             To odwo┼éanie nie ma parametru CopyLocal, poniewa┼╝ co najmniej jeden element ┼║r├│d┼éowy ma parametr Private ustawiony na warto┼Ť─ç false, a ┼╝aden z element├│w ┼║r├│d┼éowych nie ma parametru Private ustawionego na warto┼Ť─ç true.
         Odwo┼éanie podstawowe ÔÇ×Microsoft.Extensions.Logging.Console, Version=8.0.0.0, Culture=neutral, PublicKeyToken=adb9793829ddae60ÔÇŁ.
             Rozpoznana ┼Ťcie┼╝ka pliku: ÔÇ×C:\Program Files\dotnet\packs\Microsoft.AspNetCore.App.Ref\8.0.1\ref\net8.0\Microsoft.Extensions.Logging.Console.dllÔÇŁ.
             Znaleziono odwo┼éanie w lokalizacji ┼Ťcie┼╝ki wyszukiwania ÔÇ×{RawFileName}ÔÇŁ.
             To odwo┼éanie nie ma parametru CopyLocal, poniewa┼╝ co najmniej jeden element ┼║r├│d┼éowy ma parametr Private ustawiony na warto┼Ť─ç false, a ┼╝aden z element├│w ┼║r├│d┼éowych nie ma parametru Private ustawionego na warto┼Ť─ç true.
         Odwo┼éanie podstawowe ÔÇ×Microsoft.Extensions.Logging.Debug, Version=8.0.0.0, Culture=neutral, PublicKeyToken=adb9793829ddae60ÔÇŁ.
             Rozpoznana ┼Ťcie┼╝ka pliku: ÔÇ×C:\Program Files\dotnet\packs\Microsoft.AspNetCore.App.Ref\8.0.1\ref\net8.0\Microsoft.Extensions.Logging.Debug.dllÔÇŁ.
             Znaleziono odwo┼éanie w lokalizacji ┼Ťcie┼╝ki wyszukiwania ÔÇ×{RawFileName}ÔÇŁ.
             To odwo┼éanie nie ma parametru CopyLocal, poniewa┼╝ co najmniej jeden element ┼║r├│d┼éowy ma parametr Private ustawiony na warto┼Ť─ç false, a ┼╝aden z element├│w ┼║r├│d┼éowych nie ma parametru Private ustawionego na warto┼Ť─ç true.
         Odwo┼éanie podstawowe ÔÇ×Microsoft.Extensions.Logging.EventLog, Version=8.0.0.0, Culture=neutral, PublicKeyToken=adb9793829ddae60ÔÇŁ.
             Rozpoznana ┼Ťcie┼╝ka pliku: ÔÇ×C:\Program Files\dotnet\packs\Microsoft.AspNetCore.App.Ref\8.0.1\ref\net8.0\Microsoft.Extensions.Logging.EventLog.dllÔÇŁ.
             Znaleziono odwo┼éanie w lokalizacji ┼Ťcie┼╝ki wyszukiwania ÔÇ×{RawFileName}ÔÇŁ.
             To odwo┼éanie nie ma parametru CopyLocal, poniewa┼╝ co najmniej jeden element ┼║r├│d┼éowy ma parametr Private ustawiony na warto┼Ť─ç false, a ┼╝aden z element├│w ┼║r├│d┼éowych nie ma parametru Private ustawionego na warto┼Ť─ç true.
         Odwo┼éanie podstawowe ÔÇ×Microsoft.Extensions.Logging.EventSource, Version=8.0.0.0, Culture=neutral, PublicKeyToken=adb9793829ddae60ÔÇŁ.
             Rozpoznana ┼Ťcie┼╝ka pliku: ÔÇ×C:\Program Files\dotnet\packs\Microsoft.AspNetCore.App.Ref\8.0.1\ref\net8.0\Microsoft.Extensions.Logging.EventSource.dllÔÇŁ.
             Znaleziono odwo┼éanie w lokalizacji ┼Ťcie┼╝ki wyszukiwania ÔÇ×{RawFileName}ÔÇŁ.
             To odwo┼éanie nie ma parametru CopyLocal, poniewa┼╝ co najmniej jeden element ┼║r├│d┼éowy ma parametr Private ustawiony na warto┼Ť─ç false, a ┼╝aden z element├│w ┼║r├│d┼éowych nie ma parametru Private ustawionego na warto┼Ť─ç true.
         Odwo┼éanie podstawowe ÔÇ×Microsoft.Extensions.Logging.TraceSource, Version=8.0.0.0, Culture=neutral, PublicKeyToken=adb9793829ddae60ÔÇŁ.
             Rozpoznana ┼Ťcie┼╝ka pliku: ÔÇ×C:\Program Files\dotnet\packs\Microsoft.AspNetCore.App.Ref\8.0.1\ref\net8.0\Microsoft.Extensions.Logging.TraceSource.dllÔÇŁ.
             Znaleziono odwo┼éanie w lokalizacji ┼Ťcie┼╝ki wyszukiwania ÔÇ×{RawFileName}ÔÇŁ.
             To odwo┼éanie nie ma parametru CopyLocal, poniewa┼╝ co najmniej jeden element ┼║r├│d┼éowy ma parametr Private ustawiony na warto┼Ť─ç false, a ┼╝aden z element├│w ┼║r├│d┼éowych nie ma parametru Private ustawionego na warto┼Ť─ç true.
         Odwo┼éanie podstawowe ÔÇ×Microsoft.Extensions.Logging, Version=8.0.0.0, Culture=neutral, PublicKeyToken=adb9793829ddae60ÔÇŁ.
             Rozpoznana ┼Ťcie┼╝ka pliku: ÔÇ×C:\Program Files\dotnet\packs\Microsoft.AspNetCore.App.Ref\8.0.1\ref\net8.0\Microsoft.Extensions.Logging.dllÔÇŁ.
             Znaleziono odwo┼éanie w lokalizacji ┼Ťcie┼╝ki wyszukiwania ÔÇ×{RawFileName}ÔÇŁ.
             To odwo┼éanie nie ma parametru CopyLocal, poniewa┼╝ co najmniej jeden element ┼║r├│d┼éowy ma parametr Private ustawiony na warto┼Ť─ç false, a ┼╝aden z element├│w ┼║r├│d┼éowych nie ma parametru Private ustawionego na warto┼Ť─ç true.
         Odwo┼éanie podstawowe ÔÇ×Microsoft.Extensions.ObjectPool, Version=8.0.0.0, Culture=neutral, PublicKeyToken=adb9793829ddae60ÔÇŁ.
             Rozpoznana ┼Ťcie┼╝ka pliku: ÔÇ×C:\Program Files\dotnet\packs\Microsoft.AspNetCore.App.Ref\8.0.1\ref\net8.0\Microsoft.Extensions.ObjectPool.dllÔÇŁ.
             Znaleziono odwo┼éanie w lokalizacji ┼Ťcie┼╝ki wyszukiwania ÔÇ×{RawFileName}ÔÇŁ.
             To odwo┼éanie nie ma parametru CopyLocal, poniewa┼╝ co najmniej jeden element ┼║r├│d┼éowy ma parametr Private ustawiony na warto┼Ť─ç false, a ┼╝aden z element├│w ┼║r├│d┼éowych nie ma parametru Private ustawionego na warto┼Ť─ç true.
         Odwo┼éanie podstawowe ÔÇ×Microsoft.Extensions.Options.ConfigurationExtensions, Version=8.0.0.0, Culture=neutral, PublicKeyToken=adb9793829ddae60ÔÇŁ.
             Rozpoznana ┼Ťcie┼╝ka pliku: ÔÇ×C:\Program Files\dotnet\packs\Microsoft.AspNetCore.App.Ref\8.0.1\ref\net8.0\Microsoft.Extensions.Options.ConfigurationExtensions.dllÔÇŁ.
             Znaleziono odwo┼éanie w lokalizacji ┼Ťcie┼╝ki wyszukiwania ÔÇ×{RawFileName}ÔÇŁ.
             To odwo┼éanie nie ma parametru CopyLocal, poniewa┼╝ co najmniej jeden element ┼║r├│d┼éowy ma parametr Private ustawiony na warto┼Ť─ç false, a ┼╝aden z element├│w ┼║r├│d┼éowych nie ma parametru Private ustawionego na warto┼Ť─ç true.
         Odwo┼éanie podstawowe ÔÇ×Microsoft.Extensions.Options.DataAnnotations, Version=8.0.0.0, Culture=neutral, PublicKeyToken=adb9793829ddae60ÔÇŁ.
             Rozpoznana ┼Ťcie┼╝ka pliku: ÔÇ×C:\Program Files\dotnet\packs\Microsoft.AspNetCore.App.Ref\8.0.1\ref\net8.0\Microsoft.Extensions.Options.DataAnnotations.dllÔÇŁ.
             Znaleziono odwo┼éanie w lokalizacji ┼Ťcie┼╝ki wyszukiwania ÔÇ×{RawFileName}ÔÇŁ.
             To odwo┼éanie nie ma parametru CopyLocal, poniewa┼╝ co najmniej jeden element ┼║r├│d┼éowy ma parametr Private ustawiony na warto┼Ť─ç false, a ┼╝aden z element├│w ┼║r├│d┼éowych nie ma parametru Private ustawionego na warto┼Ť─ç true.
         Odwo┼éanie podstawowe ÔÇ×Microsoft.Extensions.Options, Version=8.0.0.0, Culture=neutral, PublicKeyToken=adb9793829ddae60ÔÇŁ.
             Rozpoznana ┼Ťcie┼╝ka pliku: ÔÇ×C:\Program Files\dotnet\packs\Microsoft.AspNetCore.App.Ref\8.0.1\ref\net8.0\Microsoft.Extensions.Options.dllÔÇŁ.
             Znaleziono odwo┼éanie w lokalizacji ┼Ťcie┼╝ki wyszukiwania ÔÇ×{RawFileName}ÔÇŁ.
             To odwo┼éanie nie ma parametru CopyLocal, poniewa┼╝ co najmniej jeden element ┼║r├│d┼éowy ma parametr Private ustawiony na warto┼Ť─ç false, a ┼╝aden z element├│w ┼║r├│d┼éowych nie ma parametru Private ustawionego na warto┼Ť─ç true.
         Odwo┼éanie podstawowe ÔÇ×Microsoft.Extensions.Primitives, Version=8.0.0.0, Culture=neutral, PublicKeyToken=adb9793829ddae60ÔÇŁ.
             Rozpoznana ┼Ťcie┼╝ka pliku: ÔÇ×C:\Program Files\dotnet\packs\Microsoft.AspNetCore.App.Ref\8.0.1\ref\net8.0\Microsoft.Extensions.Primitives.dllÔÇŁ.
             Znaleziono odwo┼éanie w lokalizacji ┼Ťcie┼╝ki wyszukiwania ÔÇ×{RawFileName}ÔÇŁ.
             To odwo┼éanie nie ma parametru CopyLocal, poniewa┼╝ co najmniej jeden element ┼║r├│d┼éowy ma parametr Private ustawiony na warto┼Ť─ç false, a ┼╝aden z element├│w ┼║r├│d┼éowych nie ma parametru Private ustawionego na warto┼Ť─ç true.
         Odwo┼éanie podstawowe ÔÇ×Microsoft.Extensions.WebEncoders, Version=8.0.0.0, Culture=neutral, PublicKeyToken=adb9793829ddae60ÔÇŁ.
             Rozpoznana ┼Ťcie┼╝ka pliku: ÔÇ×C:\Program Files\dotnet\packs\Microsoft.AspNetCore.App.Ref\8.0.1\ref\net8.0\Microsoft.Extensions.WebEncoders.dllÔÇŁ.
             Znaleziono odwo┼éanie w lokalizacji ┼Ťcie┼╝ki wyszukiwania ÔÇ×{RawFileName}ÔÇŁ.
             To odwo┼éanie nie ma parametru CopyLocal, poniewa┼╝ co najmniej jeden element ┼║r├│d┼éowy ma parametr Private ustawiony na warto┼Ť─ç false, a ┼╝aden z element├│w ┼║r├│d┼éowych nie ma parametru Private ustawionego na warto┼Ť─ç true.
         Odwo┼éanie podstawowe ÔÇ×Microsoft.JSInterop, Version=8.0.0.0, Culture=neutral, PublicKeyToken=adb9793829ddae60ÔÇŁ.
             Rozpoznana ┼Ťcie┼╝ka pliku: ÔÇ×C:\Program Files\dotnet\packs\Microsoft.AspNetCore.App.Ref\8.0.1\ref\net8.0\Microsoft.JSInterop.dllÔÇŁ.
             Znaleziono odwo┼éanie w lokalizacji ┼Ťcie┼╝ki wyszukiwania ÔÇ×{RawFileName}ÔÇŁ.
             To odwo┼éanie nie ma parametru CopyLocal, poniewa┼╝ co najmniej jeden element ┼║r├│d┼éowy ma parametr Private ustawiony na warto┼Ť─ç false, a ┼╝aden z element├│w ┼║r├│d┼éowych nie ma parametru Private ustawionego na warto┼Ť─ç true.
         Odwo┼éanie podstawowe ÔÇ×Microsoft.Net.Http.Headers, Version=8.0.0.0, Culture=neutral, PublicKeyToken=adb9793829ddae60ÔÇŁ.
             Rozpoznana ┼Ťcie┼╝ka pliku: ÔÇ×C:\Program Files\dotnet\packs\Microsoft.AspNetCore.App.Ref\8.0.1\ref\net8.0\Microsoft.Net.Http.Headers.dllÔÇŁ.
             Znaleziono odwo┼éanie w lokalizacji ┼Ťcie┼╝ki wyszukiwania ÔÇ×{RawFileName}ÔÇŁ.
             To odwo┼éanie nie ma parametru CopyLocal, poniewa┼╝ co najmniej jeden element ┼║r├│d┼éowy ma parametr Private ustawiony na warto┼Ť─ç false, a ┼╝aden z element├│w ┼║r├│d┼éowych nie ma parametru Private ustawionego na warto┼Ť─ç true.
         Odwo┼éanie podstawowe ÔÇ×System.Diagnostics.EventLog, Version=8.0.0.0, Culture=neutral, PublicKeyToken=cc7b13ffcd2ddd51ÔÇŁ.
             Rozpoznana ┼Ťcie┼╝ka pliku: ÔÇ×C:\Program Files\dotnet\packs\Microsoft.AspNetCore.App.Ref\8.0.1\ref\net8.0\System.Diagnostics.EventLog.dllÔÇŁ.
             Znaleziono odwo┼éanie w lokalizacji ┼Ťcie┼╝ki wyszukiwania ÔÇ×{RawFileName}ÔÇŁ.
             To odwo┼éanie nie ma parametru CopyLocal, poniewa┼╝ co najmniej jeden element ┼║r├│d┼éowy ma parametr Private ustawiony na warto┼Ť─ç false, a ┼╝aden z element├│w ┼║r├│d┼éowych nie ma parametru Private ustawionego na warto┼Ť─ç true.
         Odwo┼éanie podstawowe ÔÇ×System.IO.Pipelines, Version=8.0.0.0, Culture=neutral, PublicKeyToken=cc7b13ffcd2ddd51ÔÇŁ.
             Rozpoznana ┼Ťcie┼╝ka pliku: ÔÇ×C:\Program Files\dotnet\packs\Microsoft.AspNetCore.App.Ref\8.0.1\ref\net8.0\System.IO.Pipelines.dllÔÇŁ.
             Znaleziono odwo┼éanie w lokalizacji ┼Ťcie┼╝ki wyszukiwania ÔÇ×{RawFileName}ÔÇŁ.
             To odwo┼éanie nie ma parametru CopyLocal, poniewa┼╝ co najmniej jeden element ┼║r├│d┼éowy ma parametr Private ustawiony na warto┼Ť─ç false, a ┼╝aden z element├│w ┼║r├│d┼éowych nie ma parametru Private ustawionego na warto┼Ť─ç true.
         Odwo┼éanie podstawowe ÔÇ×System.Security.Cryptography.Xml, Version=8.0.0.0, Culture=neutral, PublicKeyToken=cc7b13ffcd2ddd51ÔÇŁ.
             Rozpoznana ┼Ťcie┼╝ka pliku: ÔÇ×C:\Program Files\dotnet\packs\Microsoft.AspNetCore.App.Ref\8.0.1\ref\net8.0\System.Security.Cryptography.Xml.dllÔÇŁ.
             Znaleziono odwo┼éanie w lokalizacji ┼Ťcie┼╝ki wyszukiwania ÔÇ×{RawFileName}ÔÇŁ.
             To odwo┼éanie nie ma parametru CopyLocal, poniewa┼╝ co najmniej jeden element ┼║r├│d┼éowy ma parametr Private ustawiony na warto┼Ť─ç false, a ┼╝aden z element├│w ┼║r├│d┼éowych nie ma parametru Private ustawionego na warto┼Ť─ç true.
         Odwo┼éanie podstawowe ÔÇ×System.Threading.RateLimiting, Version=8.0.0.0, Culture=neutral, PublicKeyToken=cc7b13ffcd2ddd51ÔÇŁ.
             Rozpoznana ┼Ťcie┼╝ka pliku: ÔÇ×C:\Program Files\dotnet\packs\Microsoft.AspNetCore.App.Ref\8.0.1\ref\net8.0\System.Threading.RateLimiting.dllÔÇŁ.
             Znaleziono odwo┼éanie w lokalizacji ┼Ťcie┼╝ki wyszukiwania ÔÇ×{RawFileName}ÔÇŁ.
             To odwo┼éanie nie ma parametru CopyLocal, poniewa┼╝ co najmniej jeden element ┼║r├│d┼éowy ma parametr Private ustawiony na warto┼Ť─ç false, a ┼╝aden z element├│w ┼║r├│d┼éowych nie ma parametru Private ustawionego na warto┼Ť─ç true.
       Wykonywanie zadania ÔÇ×ResolveAssemblyReferenceÔÇŁ zako┼äczone.
   1:7>Wykonano kompilowanie elementu docelowego ÔÇ×ResolveAssemblyReferencesÔÇŁ w projekcie ÔÇ×PhotoStudioManager.API.csprojÔÇŁ.
       Pomini─Öto element docelowy ÔÇ×GenerateBindingRedirectsÔÇŁ z powodu fa┼észywego warunku; ('$(AutoGenerateBindingRedirects)' == 'true' and '$(GenerateBindingRedirectsOutputType)' == 'true' and '@(SuggestedBindingRedirects)' != '' and '$(DesignTimeBuild)' != 'true' and '$(BuildingProject)' == 'true') oszacowano jako ('' == 'true' and 'true' == 'true' and 'Microsoft.IdentityModel.Tokens, Culture=neutral, PublicKeyToken=31bf3856ad364e35;System.IdentityModel.Tokens.Jwt, Culture=neutral, PublicKeyToken=31bf3856ad364e35;Microsoft.AspNetCore.Identity, Culture=neutral, PublicKeyToken=adb9793829ddae60' != '' and '' != 'true' and 'true' == 'true').
       Pomini─Öto element docelowy ÔÇ×GenerateSupportedRuntimeÔÇŁ z powodu fa┼észywego warunku; ('$(GenerateSupportedRuntime)' != 'false' and '$(TargetFrameworkIdentifier)' == '.NETFramework' and '$(HasRuntimeOutput)' == 'true') oszacowano jako ('' != 'false' and '.NETCoreApp' == '.NETFramework' and 'true' == 'true').
       Pomini─Öto element docelowy ÔÇ×GenerateBindingRedirectsUpdateAppConfigÔÇŁ z powodu fa┼észywego warunku; ('$(AutoGenerateBindingRedirects)' == 'true' and '$(GenerateBindingRedirectsOutputType)' == 'true') oszacowano jako ('' == 'true' and 'true' == 'true').
       Pomini─Öto element docelowy ÔÇ×ResolveComReferencesÔÇŁ z powodu fa┼észywego warunku; ('@(COMReference)'!='' or '@(COMFileReference)'!='') oszacowano jako (''!='' or ''!='').
   1:7>Element docelowy ÔÇ×AfterResolveReferencesÔÇŁ w pliku ÔÇ×C:\Program Files\dotnet\sdk\8.0.101\Microsoft.Common.CurrentVersion.targetsÔÇŁ z projektu ÔÇ×C:\Users\emili\CascadeProjects\PhotoStudioManager\PhotoStudioManager.API\PhotoStudioManager.API.csprojÔÇŁ (zale┼╝y od niego element docelowy ÔÇ×ResolveReferencesÔÇŁ):
   1:7>Wykonano kompilowanie elementu docelowego ÔÇ×AfterResolveReferencesÔÇŁ w projekcie ÔÇ×PhotoStudioManager.API.csprojÔÇŁ.
   1:7>Element docelowy ÔÇ×ResolveReferencesÔÇŁ w pliku ÔÇ×C:\Program Files\dotnet\sdk\8.0.101\Microsoft.Common.CurrentVersion.targetsÔÇŁ z projektu ÔÇ×C:\Users\emili\CascadeProjects\PhotoStudioManager\PhotoStudioManager.API\PhotoStudioManager.API.csprojÔÇŁ (zale┼╝y od niego element docelowy ÔÇ×_BlockWinMDsOnUnsupportedTFMsÔÇŁ):
   1:7>Wykonano kompilowanie elementu docelowego ÔÇ×ResolveReferencesÔÇŁ w projekcie ÔÇ×PhotoStudioManager.API.csprojÔÇŁ.
   1:7>Element docelowy ÔÇ×_BlockWinMDsOnUnsupportedTFMsÔÇŁ w pliku ÔÇ×C:\Program Files\dotnet\sdk\8.0.101\Sdks\Microsoft.NET.Sdk\targets\Microsoft.NET.Sdk.targetsÔÇŁ z projektu ÔÇ×C:\Users\emili\CascadeProjects\PhotoStudioManager\PhotoStudioManager.API\PhotoStudioManager.API.csprojÔÇŁ (zale┼╝y od niego element docelowy ÔÇ×CoreBuildÔÇŁ):
       U┼╝ywanie zadania ÔÇ×CheckForUnsupportedWinMDReferencesÔÇŁ z zestawu ÔÇ×C:\Program Files\dotnet\sdk\8.0.101\Sdks\Microsoft.NET.Sdk\targets\..\tools\net8.0\Microsoft.NET.Build.Tasks.dllÔÇŁ.
       Zadanie ÔÇ×CheckForUnsupportedWinMDReferencesÔÇŁ
       Wykonywanie zadania ÔÇ×CheckForUnsupportedWinMDReferencesÔÇŁ zako┼äczone.
       Pomini─Öto zadanie ÔÇ×NETSdkErrorÔÇŁ z powodu fa┼észywego warunku; ('$(OutputType)' == 'winmdobj') oszacowano jako ('Exe' == 'winmdobj').
   1:7>Wykonano kompilowanie elementu docelowego ÔÇ×_BlockWinMDsOnUnsupportedTFMsÔÇŁ w projekcie ÔÇ×PhotoStudioManager.API.csprojÔÇŁ.
       Pomini─Öto element docelowy ÔÇ×ResolveReferencesÔÇŁ. Wcze┼Ťniejsza kompilacja powiod┼éa si─Ö.
       Pomini─Öto element docelowy ÔÇ×ResolvePackageDependenciesForBuildÔÇŁ. Wcze┼Ťniejsza kompilacja powiod┼éa si─Ö.
       Pomini─Öto element docelowy ÔÇ×_HandlePackageFileConflictsÔÇŁ. Wcze┼Ťniejsza kompilacja powiod┼éa si─Ö.
   1:7>Element docelowy ÔÇ×CopyAdditionalFilesÔÇŁ w pliku ÔÇ×C:\Program Files\dotnet\sdk\8.0.101\Roslyn\Microsoft.Managed.Core.targetsÔÇŁ z projektu ÔÇ×C:\Users\emili\CascadeProjects\PhotoStudioManager\PhotoStudioManager.API\PhotoStudioManager.API.csprojÔÇŁ (zale┼╝y od niego element docelowy ÔÇ×AssignTargetPathsÔÇŁ):
   1:7>Wykonano kompilowanie elementu docelowego ÔÇ×CopyAdditionalFilesÔÇŁ w projekcie ÔÇ×PhotoStudioManager.API.csprojÔÇŁ.
       Pomini─Öto element docelowy ÔÇ×ResolvePackageAssetsÔÇŁ. Wcze┼Ťniejsza kompilacja powiod┼éa si─Ö.
       Pomini─Öto element docelowy ÔÇ×ResolveFrameworkReferencesÔÇŁ. Wcze┼Ťniejsza kompilacja powiod┼éa si─Ö.
   1:7>Element docelowy ÔÇ×_GetAppHostPathsÔÇŁ w pliku ÔÇ×C:\Program Files\dotnet\sdk\8.0.101\Sdks\Microsoft.NET.Sdk\targets\Microsoft.NET.Sdk.targetsÔÇŁ z projektu ÔÇ×C:\Users\emili\CascadeProjects\PhotoStudioManager\PhotoStudioManager.API\PhotoStudioManager.API.csprojÔÇŁ (zale┼╝y od niego element docelowy ÔÇ×_ChooseAppHostÔÇŁ):
       Pomini─Öto zadanie ÔÇ×NETSdkErrorÔÇŁ z powodu fa┼észywego warunku; ('@(_NativeRestoredAppHostNETCore->Count())' > 1) oszacowano jako ('0' > 1).
   1:7>Wykonano kompilowanie elementu docelowego ÔÇ×_GetAppHostPathsÔÇŁ w projekcie ÔÇ×PhotoStudioManager.API.csprojÔÇŁ.
   1:7>Element docelowy ÔÇ×_ChooseAppHostÔÇŁ w pliku ÔÇ×C:\Program Files\dotnet\sdk\8.0.101\Sdks\Microsoft.NET.Sdk\targets\Microsoft.NET.Sdk.targetsÔÇŁ z projektu ÔÇ×C:\Users\emili\CascadeProjects\PhotoStudioManager\PhotoStudioManager.API\PhotoStudioManager.API.csprojÔÇŁ (zale┼╝y od niego element docelowy ÔÇ×_ComputeNETCoreBuildOutputFilesÔÇŁ):
   1:7>Wykonano kompilowanie elementu docelowego ÔÇ×_ChooseAppHostÔÇŁ w projekcie ÔÇ×PhotoStudioManager.API.csprojÔÇŁ.
       Pomini─Öto element docelowy ÔÇ×_GetComHostPathsÔÇŁ z powodu fa┼észywego warunku; ('$(EnableComHosting)' == 'true' and '$(_IsExecutable)' != 'true') oszacowano jako ('' == 'true' and 'true' != 'true').
       Pomini─Öto element docelowy ÔÇ×_GetIjwHostPathsÔÇŁ z powodu fa┼észywego warunku; ('$(UseIJWHost)' == 'true') oszacowano jako ('' == 'true').
   1:7>Element docelowy ÔÇ×_ComputeNETCoreBuildOutputFilesÔÇŁ w pliku ÔÇ×C:\Program Files\dotnet\sdk\8.0.101\Sdks\Microsoft.NET.Sdk\targets\Microsoft.NET.Sdk.targetsÔÇŁ z projektu ÔÇ×C:\Users\emili\CascadeProjects\PhotoStudioManager\PhotoStudioManager.API\PhotoStudioManager.API.csprojÔÇŁ (zale┼╝y od niego element docelowy ÔÇ×AssignTargetPathsÔÇŁ):
   1:7>Wykonano kompilowanie elementu docelowego ÔÇ×_ComputeNETCoreBuildOutputFilesÔÇŁ w projekcie ÔÇ×PhotoStudioManager.API.csprojÔÇŁ.
   1:7>Element docelowy ÔÇ×ResolveStaticWebAssetsConfigurationÔÇŁ w pliku ÔÇ×C:\Program Files\dotnet\sdk\8.0.101\Sdks\Microsoft.NET.Sdk.StaticWebAssets\targets\Microsoft.NET.Sdk.StaticWebAssets.targetsÔÇŁ z projektu ÔÇ×C:\Users\emili\CascadeProjects\PhotoStudioManager\PhotoStudioManager.API\PhotoStudioManager.API.csprojÔÇŁ (zale┼╝y od niego element docelowy ÔÇ×ResolveProjectStaticWebAssetsÔÇŁ):
       Pomini─Öto zadanie ÔÇ×MakeDirÔÇŁ z powodu fa┼észywego warunku; (!Exists('$(_StaticWebAssetsManifestBase)')) oszacowano jako (!Exists('obj\Debug\net8.0\')).
       Pomini─Öto zadanie ÔÇ×MakeDirÔÇŁ z powodu fa┼észywego warunku; (!Exists('$(_StaticWebAssetsIntermediateOutputPath)')) oszacowano jako (!Exists('obj\Debug\net8.0\staticwebassets\')).
   1:7>Wykonano kompilowanie elementu docelowego ÔÇ×ResolveStaticWebAssetsConfigurationÔÇŁ w projekcie ÔÇ×PhotoStudioManager.API.csprojÔÇŁ.
   1:7>Element docelowy ÔÇ×ResolveProjectStaticWebAssetsÔÇŁ w pliku ÔÇ×C:\Program Files\dotnet\sdk\8.0.101\Sdks\Microsoft.NET.Sdk.StaticWebAssets\targets\Microsoft.NET.Sdk.StaticWebAssets.targetsÔÇŁ z projektu ÔÇ×C:\Users\emili\CascadeProjects\PhotoStudioManager\PhotoStudioManager.API\PhotoStudioManager.API.csprojÔÇŁ (zale┼╝y od niego element docelowy ÔÇ×AssignTargetPathsÔÇŁ):
       U┼╝ywanie zadania ÔÇ×DiscoverStaticWebAssetsÔÇŁ z zestawu ÔÇ×C:\Program Files\dotnet\sdk\8.0.101\Sdks\Microsoft.NET.Sdk.StaticWebAssets\targets\..\tasks\net8.0\Microsoft.NET.Sdk.StaticWebAssets.Tasks.dllÔÇŁ.
       Zadanie ÔÇ×DiscoverStaticWebAssetsÔÇŁ
         Rejected asset 'appsettings.Development.json' for pattern 'wwwroot/**'
         Rejected asset 'appsettings.json' for pattern 'wwwroot/**'
       Wykonywanie zadania ÔÇ×DiscoverStaticWebAssetsÔÇŁ zako┼äczone.
   1:7>Wykonano kompilowanie elementu docelowego ÔÇ×ResolveProjectStaticWebAssetsÔÇŁ w projekcie ÔÇ×PhotoStudioManager.API.csprojÔÇŁ.
   1:7>Element docelowy ÔÇ×AssignTargetPathsÔÇŁ w pliku ÔÇ×C:\Program Files\dotnet\sdk\8.0.101\Microsoft.Common.CurrentVersion.targetsÔÇŁ z projektu ÔÇ×C:\Users\emili\CascadeProjects\PhotoStudioManager\PhotoStudioManager.API\PhotoStudioManager.API.csprojÔÇŁ (zale┼╝y od niego element docelowy ÔÇ×PrepareResourceNamesÔÇŁ):
       Zadanie ÔÇ×AssignTargetPathÔÇŁ
       Wykonywanie zadania ÔÇ×AssignTargetPathÔÇŁ zako┼äczone.
       Zadanie ÔÇ×AssignTargetPathÔÇŁ
       Wykonywanie zadania ÔÇ×AssignTargetPathÔÇŁ zako┼äczone.
       Zadanie ÔÇ×AssignTargetPathÔÇŁ
       Wykonywanie zadania ÔÇ×AssignTargetPathÔÇŁ zako┼äczone.
       Zadanie ÔÇ×AssignTargetPathÔÇŁ
       Wykonywanie zadania ÔÇ×AssignTargetPathÔÇŁ zako┼äczone.
       Pomini─Öto zadanie ÔÇ×AssignTargetPathÔÇŁ z powodu fa┼észywego warunku; ('@(_DeploymentBaseManifestWithTargetPath)'=='' and '%(None.Extension)'=='.manifest') oszacowano jako (''=='' and '.http'=='.manifest').
       Pomini─Öto zadanie ÔÇ×AssignTargetPathÔÇŁ z powodu fa┼észywego warunku; ('@(_DeploymentBaseManifestWithTargetPath)'=='' and '%(None.Extension)'=='.manifest') oszacowano jako (''=='' and '.json'=='.manifest').
       Pomini─Öto zadanie ÔÇ×AssignTargetPathÔÇŁ z powodu fa┼észywego warunku; ('@(_DeploymentBaseManifestWithTargetPath)'=='' and '%(None.Extension)'=='.manifest') oszacowano jako (''=='' and '.exe'=='.manifest').
   1:7>Wykonano kompilowanie elementu docelowego ÔÇ×AssignTargetPathsÔÇŁ w projekcie ÔÇ×PhotoStudioManager.API.csprojÔÇŁ.
       Pomini─Öto element docelowy ÔÇ×AssignTargetPathsÔÇŁ. Wcze┼Ťniejsza kompilacja powiod┼éa si─Ö.
   1:7>Element docelowy ÔÇ×SplitResourcesByCultureÔÇŁ w pliku ÔÇ×C:\Program Files\dotnet\sdk\8.0.101\Microsoft.Common.CurrentVersion.targetsÔÇŁ z projektu ÔÇ×C:\Users\emili\CascadeProjects\PhotoStudioManager\PhotoStudioManager.API\PhotoStudioManager.API.csprojÔÇŁ (zale┼╝y od niego element docelowy ÔÇ×PrepareResourceNamesÔÇŁ):
       Pomini─Öto zadanie ÔÇ×WarningÔÇŁ z powodu fa┼észywego warunku; ('@(ResxWithNoCulture)'!='') oszacowano jako (''!='').
       Pomini─Öto zadanie ÔÇ×WarningÔÇŁ z powodu fa┼észywego warunku; ('@(ResxWithCulture)'!='') oszacowano jako (''!='').
       Pomini─Öto zadanie ÔÇ×WarningÔÇŁ z powodu fa┼észywego warunku; ('@(NonResxWithCulture)'!='') oszacowano jako (''!='').
       Pomini─Öto zadanie ÔÇ×WarningÔÇŁ z powodu fa┼észywego warunku; ('@(NonResxWithNoCulture)'!='') oszacowano jako (''!='').
       Zadanie ÔÇ×AssignCultureÔÇŁ
       Wykonywanie zadania ÔÇ×AssignCultureÔÇŁ zako┼äczone.
   1:7>Wykonano kompilowanie elementu docelowego ÔÇ×SplitResourcesByCultureÔÇŁ w projekcie ÔÇ×PhotoStudioManager.API.csprojÔÇŁ.
       Pomini─Öto element docelowy ÔÇ×CreateManifestResourceNamesÔÇŁ z powodu fa┼észywego warunku; ('@(EmbeddedResource)' != '') oszacowano jako ('' != '').
   1:7>Element docelowy ÔÇ×CreateCustomManifestResourceNamesÔÇŁ w pliku ÔÇ×C:\Program Files\dotnet\sdk\8.0.101\Microsoft.Common.CurrentVersion.targetsÔÇŁ z projektu ÔÇ×C:\Users\emili\CascadeProjects\PhotoStudioManager\PhotoStudioManager.API\PhotoStudioManager.API.csprojÔÇŁ (zale┼╝y od niego element docelowy ÔÇ×PrepareResourceNamesÔÇŁ):
   1:7>Wykonano kompilowanie elementu docelowego ÔÇ×CreateCustomManifestResourceNamesÔÇŁ w projekcie ÔÇ×PhotoStudioManager.API.csprojÔÇŁ.
   1:7>Element docelowy ÔÇ×PrepareResourceNamesÔÇŁ w pliku ÔÇ×C:\Program Files\dotnet\sdk\8.0.101\Microsoft.Common.CurrentVersion.targetsÔÇŁ z projektu ÔÇ×C:\Users\emili\CascadeProjects\PhotoStudioManager\PhotoStudioManager.API\PhotoStudioManager.API.csprojÔÇŁ (zale┼╝y od niego element docelowy ÔÇ×PrepareResourcesÔÇŁ):
   1:7>Wykonano kompilowanie elementu docelowego ÔÇ×PrepareResourceNamesÔÇŁ w projekcie ÔÇ×PhotoStudioManager.API.csprojÔÇŁ.
       Pomini─Öto element docelowy ÔÇ×ResolveAssemblyReferencesÔÇŁ. Wcze┼Ťniejsza kompilacja powiod┼éa si─Ö.
       Pomini─Öto element docelowy ÔÇ×SplitResourcesByCultureÔÇŁ. Wcze┼Ťniejsza kompilacja powiod┼éa si─Ö.
   1:7>Element docelowy ÔÇ×BeforeResGenÔÇŁ w pliku ÔÇ×C:\Program Files\dotnet\sdk\8.0.101\Microsoft.Common.CurrentVersion.targetsÔÇŁ z projektu ÔÇ×C:\Users\emili\CascadeProjects\PhotoStudioManager\PhotoStudioManager.API\PhotoStudioManager.API.csprojÔÇŁ (zale┼╝y od niego element docelowy ÔÇ×ResGenÔÇŁ):
   1:7>Wykonano kompilowanie elementu docelowego ÔÇ×BeforeResGenÔÇŁ w projekcie ÔÇ×PhotoStudioManager.API.csprojÔÇŁ.
       Pomini─Öto element docelowy ÔÇ×ResolveReferencesÔÇŁ. Wcze┼Ťniejsza kompilacja powiod┼éa si─Ö.
   1:7>Element docelowy ÔÇ×FindReferenceAssembliesForReferencesÔÇŁ w pliku ÔÇ×C:\Program Files\dotnet\sdk\8.0.101\Microsoft.Common.CurrentVersion.targetsÔÇŁ z projektu ÔÇ×C:\Users\emili\CascadeProjects\PhotoStudioManager\PhotoStudioManager.API\PhotoStudioManager.API.csprojÔÇŁ (zale┼╝y od niego element docelowy ÔÇ×CoreResGenÔÇŁ):
   1:7>Wykonano kompilowanie elementu docelowego ÔÇ×FindReferenceAssembliesForReferencesÔÇŁ w projekcie ÔÇ×PhotoStudioManager.API.csprojÔÇŁ.
   1:7>Element docelowy ÔÇ×CoreResGenÔÇŁ w pliku ÔÇ×C:\Program Files\dotnet\sdk\8.0.101\Microsoft.Common.CurrentVersion.targetsÔÇŁ z projektu ÔÇ×C:\Users\emili\CascadeProjects\PhotoStudioManager\PhotoStudioManager.API\PhotoStudioManager.API.csprojÔÇŁ (zale┼╝y od niego element docelowy ÔÇ×ResGenÔÇŁ):
       Pomini─Öto zadanie ÔÇ×GenerateResourceÔÇŁ z powodu fa┼észywego warunku; ('%(EmbeddedResource.Type)' == 'Resx' and '%(EmbeddedResource.GenerateResource)' != 'false' and '$(GenerateResourceMSBuildRuntime)' != 'CLR2') oszacowano jako ('' == 'Resx' and '' != 'false' and 'CurrentRuntime' != 'CLR2').
       Pomini─Öto zadanie ÔÇ×GenerateResourceÔÇŁ z powodu fa┼észywego warunku; ('%(EmbeddedResource.Type)' == 'Resx' and '%(EmbeddedResource.GenerateResource)' != 'false' and '$(GenerateResourceMSBuildRuntime)' == 'CLR2') oszacowano jako ('' == 'Resx' and '' != 'false' and 'CurrentRuntime' == 'CLR2').
   1:7>Wykonano kompilowanie elementu docelowego ÔÇ×CoreResGenÔÇŁ w projekcie ÔÇ×PhotoStudioManager.API.csprojÔÇŁ.
   1:7>Element docelowy ÔÇ×AfterResGenÔÇŁ w pliku ÔÇ×C:\Program Files\dotnet\sdk\8.0.101\Microsoft.Common.CurrentVersion.targetsÔÇŁ z projektu ÔÇ×C:\Users\emili\CascadeProjects\PhotoStudioManager\PhotoStudioManager.API\PhotoStudioManager.API.csprojÔÇŁ (zale┼╝y od niego element docelowy ÔÇ×ResGenÔÇŁ):
   1:7>Wykonano kompilowanie elementu docelowego ÔÇ×AfterResGenÔÇŁ w projekcie ÔÇ×PhotoStudioManager.API.csprojÔÇŁ.
   1:7>Element docelowy ÔÇ×ResGenÔÇŁ w pliku ÔÇ×C:\Program Files\dotnet\sdk\8.0.101\Microsoft.Common.CurrentVersion.targetsÔÇŁ z projektu ÔÇ×C:\Users\emili\CascadeProjects\PhotoStudioManager\PhotoStudioManager.API\PhotoStudioManager.API.csprojÔÇŁ (zale┼╝y od niego element docelowy ÔÇ×PrepareResourcesÔÇŁ):
   1:7>Wykonano kompilowanie elementu docelowego ÔÇ×ResGenÔÇŁ w projekcie ÔÇ×PhotoStudioManager.API.csprojÔÇŁ.
       Pomini─Öto element docelowy ÔÇ×CompileLicxFilesÔÇŁ z powodu fa┼észywego warunku; ('@(_LicxFile)'!='') oszacowano jako (''!='').
   1:7>Element docelowy ÔÇ×PrepareResourcesÔÇŁ w pliku ÔÇ×C:\Program Files\dotnet\sdk\8.0.101\Microsoft.Common.CurrentVersion.targetsÔÇŁ z projektu ÔÇ×C:\Users\emili\CascadeProjects\PhotoStudioManager\PhotoStudioManager.API\PhotoStudioManager.API.csprojÔÇŁ (zale┼╝y od niego element docelowy ÔÇ×CoreBuildÔÇŁ):
   1:7>Wykonano kompilowanie elementu docelowego ÔÇ×PrepareResourcesÔÇŁ w projekcie ÔÇ×PhotoStudioManager.API.csprojÔÇŁ.
       Pomini─Öto element docelowy ÔÇ×ResolveKeySourceÔÇŁ z powodu fa┼észywego warunku; ($(SignManifests) == 'true' or $(SignAssembly) == 'true') oszacowano jako ( == 'true' or false == 'true').
       Pomini─Öto element docelowy ÔÇ×ResolveReferencesÔÇŁ. Wcze┼Ťniejsza kompilacja powiod┼éa si─Ö.
       Pomini─Öto element docelowy ÔÇ×ResolveKeySourceÔÇŁ z powodu fa┼észywego warunku; ($(SignManifests) == 'true' or $(SignAssembly) == 'true') oszacowano jako ( == 'true' or false == 'true').
       Pomini─Öto element docelowy ÔÇ×ResolveComReferencesÔÇŁ z powodu fa┼észywego warunku; ('@(COMReference)'!='' or '@(COMFileReference)'!='') oszacowano jako (''!='' or ''!='').
       Pomini─Öto element docelowy ÔÇ×ResolveNativeReferencesÔÇŁ z powodu fa┼észywego warunku; ('@(NativeReference)'!='') oszacowano jako (''!='').
       Pomini─Öto element docelowy ÔÇ×_SetExternalWin32ManifestPropertiesÔÇŁ z powodu fa┼észywego warunku; ('$(GenerateClickOnceManifests)'=='true' or '@(NativeReference)'!='' or '@(ResolvedIsolatedComModules)'!='') oszacowano jako (''=='true' or ''!='' or ''!='').
   1:7>Element docelowy ÔÇ×_SetEmbeddedWin32ManifestPropertiesÔÇŁ w pliku ÔÇ×C:\Program Files\dotnet\sdk\8.0.101\Microsoft.Common.CurrentVersion.targetsÔÇŁ z projektu ÔÇ×C:\Users\emili\CascadeProjects\PhotoStudioManager\PhotoStudioManager.API\PhotoStudioManager.API.csprojÔÇŁ (zale┼╝y od niego element docelowy ÔÇ×SetWin32ManifestPropertiesÔÇŁ):
       Zadanie ÔÇ×GetFrameworkPathÔÇŁ
       Wykonywanie zadania ÔÇ×GetFrameworkPathÔÇŁ zako┼äczone.
   1:7>Wykonano kompilowanie elementu docelowego ÔÇ×_SetEmbeddedWin32ManifestPropertiesÔÇŁ w projekcie ÔÇ×PhotoStudioManager.API.csprojÔÇŁ.
   1:7>Element docelowy ÔÇ×SetWin32ManifestPropertiesÔÇŁ w pliku ÔÇ×C:\Program Files\dotnet\sdk\8.0.101\Microsoft.Common.CurrentVersion.targetsÔÇŁ z projektu ÔÇ×C:\Users\emili\CascadeProjects\PhotoStudioManager\PhotoStudioManager.API\PhotoStudioManager.API.csprojÔÇŁ (zale┼╝y od niego element docelowy ÔÇ×CompileÔÇŁ):
   1:7>Wykonano kompilowanie elementu docelowego ÔÇ×SetWin32ManifestPropertiesÔÇŁ w projekcie ÔÇ×PhotoStudioManager.API.csprojÔÇŁ.
       Pomini─Öto element docelowy ÔÇ×FindReferenceAssembliesForReferencesÔÇŁ. Wcze┼Ťniejsza kompilacja powiod┼éa si─Ö.
   1:7>Element docelowy ÔÇ×_GenerateCompileInputsÔÇŁ w pliku ÔÇ×C:\Program Files\dotnet\sdk\8.0.101\Microsoft.Common.CurrentVersion.targetsÔÇŁ z projektu ÔÇ×C:\Users\emili\CascadeProjects\PhotoStudioManager\PhotoStudioManager.API\PhotoStudioManager.API.csprojÔÇŁ (zale┼╝y od niego element docelowy ÔÇ×CompileÔÇŁ):
       Pomini─Öto zadanie ÔÇ×WarningÔÇŁ z powodu fa┼észywego warunku; ('@(ManifestResourceWithNoCulture)'!='' and '%(ManifestResourceWithNoCulture.EmittedForCompatibilityOnly)'=='') oszacowano jako (''!='' and ''=='').
       Pomini─Öto zadanie ÔÇ×WarningÔÇŁ z powodu fa┼észywego warunku; ('@(ManifestNonResxWithNoCultureOnDisk)'!='' and '%(ManifestNonResxWithNoCultureOnDisk.EmittedForCompatibilityOnly)'=='') oszacowano jako (''!='' and ''=='').
   1:7>Wykonano kompilowanie elementu docelowego ÔÇ×_GenerateCompileInputsÔÇŁ w projekcie ÔÇ×PhotoStudioManager.API.csprojÔÇŁ.
       Pomini─Öto element docelowy ÔÇ×PrepareForBuildÔÇŁ. Wcze┼Ťniejsza kompilacja powiod┼éa si─Ö.
   1:7>Element docelowy ÔÇ×ResolveRazorConfigurationÔÇŁ w pliku ÔÇ×C:\Program Files\dotnet\sdk\8.0.101\Sdks\Microsoft.NET.Sdk.Razor\targets\Sdk.Razor.CurrentVersion.targetsÔÇŁ z projektu ÔÇ×C:\Users\emili\CascadeProjects\PhotoStudioManager\PhotoStudioManager.API\PhotoStudioManager.API.csprojÔÇŁ (zale┼╝y od niego element docelowy ÔÇ×PrepareForRazorGenerateÔÇŁ):
       Pomini─Öto zadanie ÔÇ×WarningÔÇŁ z powodu fa┼észywego warunku; ('$(_Targeting30OrNewerRazorLangVersion)' == 'true' AND '@(ResolvedRazorConfiguration->Count())' == '0') oszacowano jako ('true' == 'true' AND '1' == '0').
       Pomini─Öto zadanie ÔÇ×WarningÔÇŁ z powodu fa┼észywego warunku; ('$(_Targeting30OrNewerRazorLangVersion)' == 'true' AND '@(ResolvedRazorConfiguration->Count())' > '1') oszacowano jako ('true' == 'true' AND '1' > '1').
       Pomini─Öto zadanie ÔÇ×WarningÔÇŁ z powodu fa┼észywego warunku; ('$(_Targeting30OrNewerRazorLangVersion)' != 'true' AND '$(_TargetingNETCoreApp30OrLater)' == 'true') oszacowano jako ('true' != 'true' AND 'true' == 'true').
       U┼╝ywanie zadania ÔÇ×FindInListÔÇŁ z zestawu ÔÇ×Microsoft.Build.Tasks.Core, Version=15.1.0.0, Culture=neutral, PublicKeyToken=b03f5f7f11d50a3aÔÇŁ.
       Zadanie ÔÇ×FindInListÔÇŁ
         Odnaleziono element ÔÇ×MVC-3.0ÔÇŁ.
       Wykonywanie zadania ÔÇ×FindInListÔÇŁ zako┼äczone.
   1:7>Wykonano kompilowanie elementu docelowego ÔÇ×ResolveRazorConfigurationÔÇŁ w projekcie ÔÇ×PhotoStudioManager.API.csprojÔÇŁ.
       Pomini─Öto element docelowy ÔÇ×ResolveRazorGenerateInputsÔÇŁ. Wcze┼Ťniejsza kompilacja powiod┼éa si─Ö.
       Pomini─Öto element docelowy ÔÇ×AssignRazorGenerateTargetPathsÔÇŁ z powodu fa┼észywego warunku; ('@(RazorGenerate)' != '') oszacowano jako ('' != '').
   1:7>Element docelowy ÔÇ×ResolveScopedCssInputsÔÇŁ w pliku ÔÇ×C:\Program Files\dotnet\sdk\8.0.101\Sdks\Microsoft.NET.Sdk.StaticWebAssets\targets\Microsoft.NET.Sdk.StaticWebAssets.ScopedCss.targetsÔÇŁ z projektu ÔÇ×C:\Users\emili\CascadeProjects\PhotoStudioManager\PhotoStudioManager.API\PhotoStudioManager.API.csprojÔÇŁ (zale┼╝y od niego element docelowy ÔÇ×ComputeCssScopeÔÇŁ):
       U┼╝ywanie zadania ÔÇ×DiscoverDefaultScopedCssItemsÔÇŁ z zestawu ÔÇ×C:\Program Files\dotnet\sdk\8.0.101\Sdks\Microsoft.NET.Sdk.StaticWebAssets\targets\..\tasks\net8.0\Microsoft.NET.Sdk.StaticWebAssets.Tasks.dllÔÇŁ.
       Zadanie ÔÇ×DiscoverDefaultScopedCssItemsÔÇŁ
       Wykonywanie zadania ÔÇ×DiscoverDefaultScopedCssItemsÔÇŁ zako┼äczone.
   1:7>Wykonano kompilowanie elementu docelowego ÔÇ×ResolveScopedCssInputsÔÇŁ w projekcie ÔÇ×PhotoStudioManager.API.csprojÔÇŁ.
   1:7>Element docelowy ÔÇ×ComputeCssScopeÔÇŁ w pliku ÔÇ×C:\Program Files\dotnet\sdk\8.0.101\Sdks\Microsoft.NET.Sdk.StaticWebAssets\targets\Microsoft.NET.Sdk.StaticWebAssets.ScopedCss.targetsÔÇŁ z projektu ÔÇ×C:\Users\emili\CascadeProjects\PhotoStudioManager\PhotoStudioManager.API\PhotoStudioManager.API.csprojÔÇŁ (zale┼╝y od niego element docelowy ÔÇ×ResolveCssScopesÔÇŁ):
       U┼╝ywanie zadania ÔÇ×ComputeCssScopeÔÇŁ z zestawu ÔÇ×C:\Program Files\dotnet\sdk\8.0.101\Sdks\Microsoft.NET.Sdk.StaticWebAssets\targets\..\tasks\net8.0\Microsoft.NET.Sdk.StaticWebAssets.Tasks.dllÔÇŁ.
       Zadanie ÔÇ×ComputeCssScopeÔÇŁ
       Wykonywanie zadania ÔÇ×ComputeCssScopeÔÇŁ zako┼äczone.
   1:7>Wykonano kompilowanie elementu docelowego ÔÇ×ComputeCssScopeÔÇŁ w projekcie ÔÇ×PhotoStudioManager.API.csprojÔÇŁ.
   1:7>Element docelowy ÔÇ×ResolveRazorComponentInputsÔÇŁ w pliku ÔÇ×C:\Program Files\dotnet\sdk\8.0.101\Sdks\Microsoft.NET.Sdk.Razor\targets\Sdk.Razor.CurrentVersion.targetsÔÇŁ z projektu ÔÇ×C:\Users\emili\CascadeProjects\PhotoStudioManager\PhotoStudioManager.API\PhotoStudioManager.API.csprojÔÇŁ (zale┼╝y od niego element docelowy ÔÇ×ResolveCssScopesÔÇŁ):
   1:7>Wykonano kompilowanie elementu docelowego ÔÇ×ResolveRazorComponentInputsÔÇŁ w projekcie ÔÇ×PhotoStudioManager.API.csprojÔÇŁ.
       Pomini─Öto element docelowy ÔÇ×ResolveRazorGenerateInputsÔÇŁ. Wcze┼Ťniejsza kompilacja powiod┼éa si─Ö.
   1:7>Element docelowy ÔÇ×ResolveCssScopesÔÇŁ w pliku ÔÇ×C:\Program Files\dotnet\sdk\8.0.101\Sdks\Microsoft.NET.Sdk.Razor\targets\Sdk.Razor.CurrentVersion.targetsÔÇŁ z projektu ÔÇ×C:\Users\emili\CascadeProjects\PhotoStudioManager\PhotoStudioManager.API\PhotoStudioManager.API.csprojÔÇŁ (zale┼╝y od niego element docelowy ÔÇ×AssignRazorGenerateTargetPathsÔÇŁ):
       U┼╝ywanie zadania ÔÇ×ApplyCssScopesÔÇŁ z zestawu ÔÇ×C:\Program Files\dotnet\sdk\8.0.101\Sdks\Microsoft.NET.Sdk.StaticWebAssets\targets\..\tasks\net8.0\Microsoft.NET.Sdk.StaticWebAssets.Tasks.dllÔÇŁ.
       Zadanie ÔÇ×ApplyCssScopesÔÇŁ
       Wykonywanie zadania ÔÇ×ApplyCssScopesÔÇŁ zako┼äczone.
   1:7>Wykonano kompilowanie elementu docelowego ÔÇ×ResolveCssScopesÔÇŁ w projekcie ÔÇ×PhotoStudioManager.API.csprojÔÇŁ.
   1:7>Element docelowy ÔÇ×_ResolveGeneratedRazorCompileInputsÔÇŁ w pliku ÔÇ×C:\Program Files\dotnet\sdk\8.0.101\Sdks\Microsoft.NET.Sdk.Razor\targets\Sdk.Razor.CurrentVersion.targetsÔÇŁ z projektu ÔÇ×C:\Users\emili\CascadeProjects\PhotoStudioManager\PhotoStudioManager.API\PhotoStudioManager.API.csprojÔÇŁ (zale┼╝y od niego element docelowy ÔÇ×PrepareForRazorGenerateÔÇŁ):
   1:7>Wykonano kompilowanie elementu docelowego ÔÇ×_ResolveGeneratedRazorCompileInputsÔÇŁ w projekcie ÔÇ×PhotoStudioManager.API.csprojÔÇŁ.
       Pomini─Öto element docelowy ÔÇ×_CheckForIncorrectMvcConfigurationÔÇŁ z powodu fa┼észywego warunku; ('@(ResolvedRazorConfiguration)' == 'Default' AND
             ('$(RazorCompileOnBuild)' == 'true' OR '$(RazorCompileOnPublish)' =='true') AND
             '@(RazorGenerate->Count())' != '0' AND
             '$(_Targeting30OrNewerRazorLangVersion)' == 'true' AND
             '$(_IsTargetingRazor2X)' != 'true') oszacowano jako ('MVC-3.0' == 'Default' AND
             ('true' == 'true' OR 'true' =='true') AND
             '0' != '0' AND
             'true' == 'true' AND
             '' != 'true').
   1:7>Element docelowy ÔÇ×PrepareForRazorGenerateÔÇŁ w pliku ÔÇ×C:\Program Files\dotnet\sdk\8.0.101\Sdks\Microsoft.NET.Sdk.Razor\targets\Sdk.Razor.CurrentVersion.targetsÔÇŁ z projektu ÔÇ×C:\Users\emili\CascadeProjects\PhotoStudioManager\PhotoStudioManager.API\PhotoStudioManager.API.csprojÔÇŁ (zale┼╝y od niego element docelowy ÔÇ×_PrepareRazorSourceGeneratorsÔÇŁ):
   1:7>Wykonano kompilowanie elementu docelowego ÔÇ×PrepareForRazorGenerateÔÇŁ w projekcie ÔÇ×PhotoStudioManager.API.csprojÔÇŁ.
       Pomini─Öto element docelowy ÔÇ×ResolveRazorConfigurationÔÇŁ. Wcze┼Ťniejsza kompilacja powiod┼éa si─Ö.
       Pomini─Öto element docelowy ÔÇ×ResolveRazorComponentInputsÔÇŁ. Wcze┼Ťniejsza kompilacja powiod┼éa si─Ö.
       Pomini─Öto element docelowy ÔÇ×_CheckForIncorrectComponentsConfigurationÔÇŁ z powodu fa┼észywego warunku; (('$(RazorCompileOnBuild)' == 'true' OR '$(RazorCompileOnPublish)' =='true') AND
             '@(RazorComponent->Count())' != '0' AND
             '$(_Targeting30OrNewerRazorLangVersion)' != 'true' AND
             '$(_IsTargetingRazor2X)' != 'true') oszacowano jako (('true' == 'true' OR 'true' =='true') AND
             '0' != '0' AND
             'true' != 'true' AND
             '' != 'true').
       Pomini─Öto element docelowy ÔÇ×AssignRazorComponentTargetPathsÔÇŁ z powodu fa┼észywego warunku; ('@(RazorComponent)' != '') oszacowano jako ('' != '').
   1:7>Element docelowy ÔÇ×PrepareForRazorComponentGenerateÔÇŁ w pliku ÔÇ×C:\Program Files\dotnet\sdk\8.0.101\Sdks\Microsoft.NET.Sdk.Razor\targets\Sdk.Razor.CurrentVersion.targetsÔÇŁ z projektu ÔÇ×C:\Users\emili\CascadeProjects\PhotoStudioManager\PhotoStudioManager.API\PhotoStudioManager.API.csprojÔÇŁ (zale┼╝y od niego element docelowy ÔÇ×_PrepareRazorSourceGeneratorsÔÇŁ):
   1:7>Wykonano kompilowanie elementu docelowego ÔÇ×PrepareForRazorComponentGenerateÔÇŁ w projekcie ÔÇ×PhotoStudioManager.API.csprojÔÇŁ.
   1:7>Element docelowy ÔÇ×_PrepareRazorSourceGeneratorsÔÇŁ w pliku ÔÇ×C:\Program Files\dotnet\sdk\8.0.101\Sdks\Microsoft.NET.Sdk.Razor\targets\Microsoft.NET.Sdk.Razor.SourceGenerators.targetsÔÇŁ z projektu ÔÇ×C:\Users\emili\CascadeProjects\PhotoStudioManager\PhotoStudioManager.API\PhotoStudioManager.API.csprojÔÇŁ (zale┼╝y od niego element docelowy ÔÇ×GenerateMSBuildEditorConfigFileShouldRunÔÇŁ):
       U┼╝ywanie zadania ÔÇ×EncodeRazorInputItemÔÇŁ z zestawu ÔÇ×C:\Program Files\dotnet\sdk\8.0.101\Sdks\Microsoft.NET.Sdk.Razor\targets\..\tasks\net8.0\Microsoft.NET.Sdk.Razor.Tasks.dllÔÇŁ.
       Zadanie ÔÇ×EncodeRazorInputItemÔÇŁ
       Wykonywanie zadania ÔÇ×EncodeRazorInputItemÔÇŁ zako┼äczone.
   1:7>Wykonano kompilowanie elementu docelowego ÔÇ×_PrepareRazorSourceGeneratorsÔÇŁ w projekcie ÔÇ×PhotoStudioManager.API.csprojÔÇŁ.
   1:7>Element docelowy ÔÇ×GenerateMSBuildEditorConfigFileShouldRunÔÇŁ w pliku ÔÇ×C:\Program Files\dotnet\sdk\8.0.101\Roslyn\Microsoft.Managed.Core.targetsÔÇŁ z projektu ÔÇ×C:\Users\emili\CascadeProjects\PhotoStudioManager\PhotoStudioManager.API\PhotoStudioManager.API.csprojÔÇŁ (zale┼╝y od niego element docelowy ÔÇ×GenerateMSBuildEditorConfigFileÔÇŁ):
   1:7>Wykonano kompilowanie elementu docelowego ÔÇ×GenerateMSBuildEditorConfigFileShouldRunÔÇŁ w projekcie ÔÇ×PhotoStudioManager.API.csprojÔÇŁ.
   1:7>Element docelowy ÔÇ×GenerateMSBuildEditorConfigFileCoreÔÇŁ w pliku ÔÇ×C:\Program Files\dotnet\sdk\8.0.101\Roslyn\Microsoft.Managed.Core.targetsÔÇŁ z projektu ÔÇ×C:\Users\emili\CascadeProjects\PhotoStudioManager\PhotoStudioManager.API\PhotoStudioManager.API.csprojÔÇŁ (zale┼╝y od niego element docelowy ÔÇ×GenerateMSBuildEditorConfigFileÔÇŁ):
       Uko┼äczono kompilowanie elementu docelowego ÔÇ×GenerateMSBuildEditorConfigFileCoreÔÇŁ.
       Nie okre┼Ťlono plik├│w wej┼Ťciowych.
       U┼╝ywanie zadania ÔÇ×GenerateMSBuildEditorConfigÔÇŁ z zestawu ÔÇ×C:\Program Files\dotnet\sdk\8.0.101\Roslyn\Microsoft.Build.Tasks.CodeAnalysis.dllÔÇŁ.
       Zadanie ÔÇ×GenerateMSBuildEditorConfigÔÇŁ
       Wykonywanie zadania ÔÇ×GenerateMSBuildEditorConfigÔÇŁ zako┼äczone.
   1:7>Wykonano kompilowanie elementu docelowego ÔÇ×GenerateMSBuildEditorConfigFileCoreÔÇŁ w projekcie ÔÇ×PhotoStudioManager.API.csprojÔÇŁ.
   1:7>Element docelowy ÔÇ×GenerateMSBuildEditorConfigFileÔÇŁ w pliku ÔÇ×C:\Program Files\dotnet\sdk\8.0.101\Roslyn\Microsoft.Managed.Core.targetsÔÇŁ z projektu ÔÇ×C:\Users\emili\CascadeProjects\PhotoStudioManager\PhotoStudioManager.API\PhotoStudioManager.API.csprojÔÇŁ (zale┼╝y od niego element docelowy ÔÇ×BeforeCompileÔÇŁ):
   1:7>Wykonano kompilowanie elementu docelowego ÔÇ×GenerateMSBuildEditorConfigFileÔÇŁ w projekcie ÔÇ×PhotoStudioManager.API.csprojÔÇŁ.
       Pomini─Öto element docelowy ÔÇ×PrepareForBuildÔÇŁ. Wcze┼Ťniejsza kompilacja powiod┼éa si─Ö.
       Pomini─Öto element docelowy ÔÇ×GetReferenceAssemblyPathsÔÇŁ. Wcze┼Ťniejsza kompilacja powiod┼éa si─Ö.
   1:7>Element docelowy ÔÇ×_SetTargetFrameworkMonikerAttributeÔÇŁ w pliku ÔÇ×C:\Program Files\dotnet\sdk\8.0.101\Microsoft.CSharp.CurrentVersion.targetsÔÇŁ z projektu ÔÇ×C:\Users\emili\CascadeProjects\PhotoStudioManager\PhotoStudioManager.API\PhotoStudioManager.API.csprojÔÇŁ (zale┼╝y od niego element docelowy ÔÇ×GenerateTargetFrameworkMonikerAttributeÔÇŁ):
   1:7>Wykonano kompilowanie elementu docelowego ÔÇ×_SetTargetFrameworkMonikerAttributeÔÇŁ w projekcie ÔÇ×PhotoStudioManager.API.csprojÔÇŁ.
   1:7>Element docelowy ÔÇ×GenerateTargetFrameworkMonikerAttributeÔÇŁ w pliku ÔÇ×C:\Program Files\dotnet\sdk\8.0.101\Microsoft.Common.CurrentVersion.targetsÔÇŁ z projektu ÔÇ×C:\Users\emili\CascadeProjects\PhotoStudioManager\PhotoStudioManager.API\PhotoStudioManager.API.csprojÔÇŁ (zale┼╝y od niego element docelowy ÔÇ×BeforeCompileÔÇŁ):
       Pomijanie elementu docelowego ÔÇ×GenerateTargetFrameworkMonikerAttributeÔÇŁ, poniewa┼╝ wszystkie pliki wyj┼Ťciowe s─ů aktualne w por├│wnaniu z plikami wej┼Ťciowymi.
       Pliki wej┼Ťciowe: C:\Program Files\dotnet\sdk\8.0.101\Microsoft.Common.targets
       Pliki wyj┼Ťciowe: obj\Debug\net8.0\.NETCoreApp,Version=v8.0.AssemblyAttributes.cs
   1:7>Wykonano kompilowanie elementu docelowego ÔÇ×GenerateTargetFrameworkMonikerAttributeÔÇŁ w projekcie ÔÇ×PhotoStudioManager.API.csprojÔÇŁ.
       Pomini─Öto element docelowy ÔÇ×GenerateAdditionalSourcesÔÇŁ z powodu fa┼észywego warunku; ('@(AssemblyAttributes)' != '' and '$(GenerateAdditionalSources)' == 'true') oszacowano jako ('' != '' and '' == 'true').
       Pomini─Öto element docelowy ÔÇ×PrepareForBuildÔÇŁ. Wcze┼Ťniejsza kompilacja powiod┼éa si─Ö.
   1:7>Element docelowy ÔÇ×GetAssemblyVersionÔÇŁ w pliku ÔÇ×C:\Program Files\dotnet\sdk\8.0.101\Sdks\Microsoft.NET.Sdk\targets\Microsoft.NET.GenerateAssemblyInfo.targetsÔÇŁ z projektu ÔÇ×C:\Users\emili\CascadeProjects\PhotoStudioManager\PhotoStudioManager.API\PhotoStudioManager.API.csprojÔÇŁ (zale┼╝y od niego element docelowy ÔÇ×GetAssemblyAttributesÔÇŁ):
       U┼╝ywanie zadania ÔÇ×GetAssemblyVersionÔÇŁ z zestawu ÔÇ×C:\Program Files\dotnet\sdk\8.0.101\Sdks\Microsoft.NET.Sdk\targets\..\tools\net8.0\Microsoft.NET.Build.Tasks.dllÔÇŁ.
       Zadanie ÔÇ×GetAssemblyVersionÔÇŁ
       Wykonywanie zadania ÔÇ×GetAssemblyVersionÔÇŁ zako┼äczone.
   1:7>Wykonano kompilowanie elementu docelowego ÔÇ×GetAssemblyVersionÔÇŁ w projekcie ÔÇ×PhotoStudioManager.API.csprojÔÇŁ.
       Pomini─Öto element docelowy ÔÇ×GetAssemblyVersionÔÇŁ. Wcze┼Ťniejsza kompilacja powiod┼éa si─Ö.
   1:7>Element docelowy ÔÇ×InitializeSourceControlInformationFromSourceControlManagerÔÇŁ w pliku ÔÇ×C:\Program Files\dotnet\sdk\8.0.101\Sdks\Microsoft.Build.Tasks.Git\build\Microsoft.Build.Tasks.Git.targetsÔÇŁ z projektu ÔÇ×C:\Users\emili\CascadeProjects\PhotoStudioManager\PhotoStudioManager.API\PhotoStudioManager.API.csprojÔÇŁ (zale┼╝y od niego element docelowy ÔÇ×_InitializeSourceControlInformationFromSourceControlManagerÔÇŁ):
       U┼╝ywanie zadania ÔÇ×Microsoft.Build.Tasks.Git.LocateRepositoryÔÇŁ z zestawu ÔÇ×C:\Program Files\dotnet\sdk\8.0.101\Sdks\Microsoft.Build.Tasks.Git\build\..\tools\core\Microsoft.Build.Tasks.Git.dllÔÇŁ.
       Zadanie ÔÇ×Microsoft.Build.Tasks.Git.LocateRepositoryÔÇŁ
       Wykonywanie zadania ÔÇ×Microsoft.Build.Tasks.Git.LocateRepositoryÔÇŁ zako┼äczone.
   1:7>Wykonano kompilowanie elementu docelowego ÔÇ×InitializeSourceControlInformationFromSourceControlManagerÔÇŁ w projekcie ÔÇ×PhotoStudioManager.API.csprojÔÇŁ.
   1:7>Element docelowy ÔÇ×_SourceLinkHasSingleProviderÔÇŁ w pliku ÔÇ×C:\Program Files\dotnet\sdk\8.0.101\Sdks\Microsoft.SourceLink.Common\build\InitializeSourceControlInformation.targetsÔÇŁ z projektu ÔÇ×C:\Users\emili\CascadeProjects\PhotoStudioManager\PhotoStudioManager.API\PhotoStudioManager.API.csprojÔÇŁ (zale┼╝y od niego element docelowy ÔÇ×_InitializeSourceControlInformationFromSourceControlManagerÔÇŁ):
       U┼╝ywanie zadania ÔÇ×Microsoft.SourceLink.Common.SourceLinkHasSingleProviderÔÇŁ z zestawu ÔÇ×C:\Program Files\dotnet\sdk\8.0.101\Sdks\Microsoft.SourceLink.Common\build\..\tools\core\Microsoft.SourceLink.Common.dllÔÇŁ.
       Zadanie ÔÇ×Microsoft.SourceLink.Common.SourceLinkHasSingleProviderÔÇŁ
       Wykonywanie zadania ÔÇ×Microsoft.SourceLink.Common.SourceLinkHasSingleProviderÔÇŁ zako┼äczone.
   1:7>Wykonano kompilowanie elementu docelowego ÔÇ×_SourceLinkHasSingleProviderÔÇŁ w projekcie ÔÇ×PhotoStudioManager.API.csprojÔÇŁ.
   1:7>Element docelowy ÔÇ×TranslateGitHubUrlsInSourceControlInformationÔÇŁ w pliku ÔÇ×C:\Program Files\dotnet\sdk\8.0.101\Sdks\Microsoft.SourceLink.GitHub\build\Microsoft.SourceLink.GitHub.targetsÔÇŁ z projektu ÔÇ×C:\Users\emili\CascadeProjects\PhotoStudioManager\PhotoStudioManager.API\PhotoStudioManager.API.csprojÔÇŁ (zale┼╝y od niego element docelowy ÔÇ×_InitializeSourceControlInformationFromSourceControlManagerÔÇŁ):
       U┼╝ywanie zadania ÔÇ×Microsoft.SourceLink.GitHub.TranslateRepositoryUrlsÔÇŁ z zestawu ÔÇ×C:\Program Files\dotnet\sdk\8.0.101\Sdks\Microsoft.SourceLink.GitHub\build\..\tools\core\Microsoft.SourceLink.GitHub.dllÔÇŁ.
       Zadanie ÔÇ×Microsoft.SourceLink.GitHub.TranslateRepositoryUrlsÔÇŁ
       Wykonywanie zadania ÔÇ×Microsoft.SourceLink.GitHub.TranslateRepositoryUrlsÔÇŁ zako┼äczone.
   1:7>Wykonano kompilowanie elementu docelowego ÔÇ×TranslateGitHubUrlsInSourceControlInformationÔÇŁ w projekcie ÔÇ×PhotoStudioManager.API.csprojÔÇŁ.
   1:7>Element docelowy ÔÇ×TranslateGitLabUrlsInSourceControlInformationÔÇŁ w pliku ÔÇ×C:\Program Files\dotnet\sdk\8.0.101\Sdks\Microsoft.SourceLink.GitLab\build\Microsoft.SourceLink.GitLab.targetsÔÇŁ z projektu ÔÇ×C:\Users\emili\CascadeProjects\PhotoStudioManager\PhotoStudioManager.API\PhotoStudioManager.API.csprojÔÇŁ (zale┼╝y od niego element docelowy ÔÇ×_InitializeSourceControlInformationFromSourceControlManagerÔÇŁ):
       U┼╝ywanie zadania ÔÇ×Microsoft.SourceLink.GitLab.TranslateRepositoryUrlsÔÇŁ z zestawu ÔÇ×C:\Program Files\dotnet\sdk\8.0.101\Sdks\Microsoft.SourceLink.GitLab\build\..\tools\core\Microsoft.SourceLink.GitLab.dllÔÇŁ.
       Zadanie ÔÇ×Microsoft.SourceLink.GitLab.TranslateRepositoryUrlsÔÇŁ
       Wykonywanie zadania ÔÇ×Microsoft.SourceLink.GitLab.TranslateRepositoryUrlsÔÇŁ zako┼äczone.
   1:7>Wykonano kompilowanie elementu docelowego ÔÇ×TranslateGitLabUrlsInSourceControlInformationÔÇŁ w projekcie ÔÇ×PhotoStudioManager.API.csprojÔÇŁ.
   1:7>Element docelowy ÔÇ×TranslateAzureReposGitUrlsInSourceControlInformationÔÇŁ w pliku ÔÇ×C:\Program Files\dotnet\sdk\8.0.101\Sdks\Microsoft.SourceLink.AzureRepos.Git\build\Microsoft.SourceLink.AzureRepos.Git.targetsÔÇŁ z projektu ÔÇ×C:\Users\emili\CascadeProjects\PhotoStudioManager\PhotoStudioManager.API\PhotoStudioManager.API.csprojÔÇŁ (zale┼╝y od niego element docelowy ÔÇ×_InitializeSourceControlInformationFromSourceControlManagerÔÇŁ):
       U┼╝ywanie zadania ÔÇ×Microsoft.SourceLink.AzureRepos.Git.TranslateRepositoryUrlsÔÇŁ z zestawu ÔÇ×C:\Program Files\dotnet\sdk\8.0.101\Sdks\Microsoft.SourceLink.AzureRepos.Git\build\..\tools\core\Microsoft.SourceLink.AzureRepos.Git.dllÔÇŁ.
       Zadanie ÔÇ×Microsoft.SourceLink.AzureRepos.Git.TranslateRepositoryUrlsÔÇŁ
       Wykonywanie zadania ÔÇ×Microsoft.SourceLink.AzureRepos.Git.TranslateRepositoryUrlsÔÇŁ zako┼äczone.
   1:7>Wykonano kompilowanie elementu docelowego ÔÇ×TranslateAzureReposGitUrlsInSourceControlInformationÔÇŁ w projekcie ÔÇ×PhotoStudioManager.API.csprojÔÇŁ.
   1:7>Element docelowy ÔÇ×TranslateBitbucketGitUrlsInSourceControlInformationÔÇŁ w pliku ÔÇ×C:\Program Files\dotnet\sdk\8.0.101\Sdks\Microsoft.SourceLink.Bitbucket.Git\build\Microsoft.SourceLink.Bitbucket.Git.targetsÔÇŁ z projektu ÔÇ×C:\Users\emili\CascadeProjects\PhotoStudioManager\PhotoStudioManager.API\PhotoStudioManager.API.csprojÔÇŁ (zale┼╝y od niego element docelowy ÔÇ×_InitializeSourceControlInformationFromSourceControlManagerÔÇŁ):
       U┼╝ywanie zadania ÔÇ×Microsoft.SourceLink.Bitbucket.Git.TranslateRepositoryUrlsÔÇŁ z zestawu ÔÇ×C:\Program Files\dotnet\sdk\8.0.101\Sdks\Microsoft.SourceLink.Bitbucket.Git\build\..\tools\core\Microsoft.SourceLink.Bitbucket.Git.dllÔÇŁ.
       Zadanie ÔÇ×Microsoft.SourceLink.Bitbucket.Git.TranslateRepositoryUrlsÔÇŁ
       Wykonywanie zadania ÔÇ×Microsoft.SourceLink.Bitbucket.Git.TranslateRepositoryUrlsÔÇŁ zako┼äczone.
   1:7>Wykonano kompilowanie elementu docelowego ÔÇ×TranslateBitbucketGitUrlsInSourceControlInformationÔÇŁ w projekcie ÔÇ×PhotoStudioManager.API.csprojÔÇŁ.
   1:7>Element docelowy ÔÇ×SourceControlManagerPublishTranslatedUrlsÔÇŁ w pliku ÔÇ×C:\Program Files\dotnet\sdk\8.0.101\Sdks\Microsoft.SourceLink.Common\build\InitializeSourceControlInformation.targetsÔÇŁ z projektu ÔÇ×C:\Users\emili\CascadeProjects\PhotoStudioManager\PhotoStudioManager.API\PhotoStudioManager.API.csprojÔÇŁ (zale┼╝y od niego element docelowy ÔÇ×_InitializeSourceControlInformationFromSourceControlManagerÔÇŁ):
   1:7>Wykonano kompilowanie elementu docelowego ÔÇ×SourceControlManagerPublishTranslatedUrlsÔÇŁ w projekcie ÔÇ×PhotoStudioManager.API.csprojÔÇŁ.
   1:7>Element docelowy ÔÇ×_InitializeSourceControlInformationFromSourceControlManagerÔÇŁ w pliku ÔÇ×C:\Program Files\dotnet\sdk\8.0.101\Sdks\Microsoft.SourceLink.Common\build\InitializeSourceControlInformation.targetsÔÇŁ z projektu ÔÇ×C:\Users\emili\CascadeProjects\PhotoStudioManager\PhotoStudioManager.API\PhotoStudioManager.API.csprojÔÇŁ (zale┼╝y od niego element docelowy ÔÇ×InitializeSourceControlInformationÔÇŁ):
   1:7>Wykonano kompilowanie elementu docelowego ÔÇ×_InitializeSourceControlInformationFromSourceControlManagerÔÇŁ w projekcie ÔÇ×PhotoStudioManager.API.csprojÔÇŁ.
   1:7>Element docelowy ÔÇ×InitializeSourceControlInformationÔÇŁ w pliku ÔÇ×C:\Program Files\dotnet\sdk\8.0.101\Microsoft.Common.CurrentVersion.targetsÔÇŁ z projektu ÔÇ×C:\Users\emili\CascadeProjects\PhotoStudioManager\PhotoStudioManager.API\PhotoStudioManager.API.csprojÔÇŁ (zale┼╝y od niego element docelowy ÔÇ×AddSourceRevisionToInformationalVersionÔÇŁ):
   1:7>Wykonano kompilowanie elementu docelowego ÔÇ×InitializeSourceControlInformationÔÇŁ w projekcie ÔÇ×PhotoStudioManager.API.csprojÔÇŁ.
   1:7>Element docelowy ÔÇ×AddSourceRevisionToInformationalVersionÔÇŁ w pliku ÔÇ×C:\Program Files\dotnet\sdk\8.0.101\Sdks\Microsoft.NET.Sdk\targets\Microsoft.NET.GenerateAssemblyInfo.targetsÔÇŁ z projektu ÔÇ×C:\Users\emili\CascadeProjects\PhotoStudioManager\PhotoStudioManager.API\PhotoStudioManager.API.csprojÔÇŁ (zale┼╝y od niego element docelowy ÔÇ×GetAssemblyAttributesÔÇŁ):
   1:7>Wykonano kompilowanie elementu docelowego ÔÇ×AddSourceRevisionToInformationalVersionÔÇŁ w projekcie ÔÇ×PhotoStudioManager.API.csprojÔÇŁ.
       Pomini─Öto element docelowy ÔÇ×_GetUserSecretsAssemblyAttributeÔÇŁ z powodu fa┼észywego warunku; ( '$(UserSecretsId)' != '' AND '$(GenerateUserSecretsAttribute)' != 'false' AND '$(GeneratedUserSecretsAttributeFile)' == '' ) oszacowano jako ( '' != '' AND '' != 'false' AND '' == '' ).
   1:7>Element docelowy ÔÇ×GetAssemblyAttributesÔÇŁ w pliku ÔÇ×C:\Program Files\dotnet\sdk\8.0.101\Sdks\Microsoft.NET.Sdk\targets\Microsoft.NET.GenerateAssemblyInfo.targetsÔÇŁ z projektu ÔÇ×C:\Users\emili\CascadeProjects\PhotoStudioManager\PhotoStudioManager.API\PhotoStudioManager.API.csprojÔÇŁ (zale┼╝y od niego element docelowy ÔÇ×CreateGeneratedAssemblyInfoInputsCacheFileÔÇŁ):
   1:7>Wykonano kompilowanie elementu docelowego ÔÇ×GetAssemblyAttributesÔÇŁ w projekcie ÔÇ×PhotoStudioManager.API.csprojÔÇŁ.
   1:7>Element docelowy ÔÇ×CreateGeneratedAssemblyInfoInputsCacheFileÔÇŁ w pliku ÔÇ×C:\Program Files\dotnet\sdk\8.0.101\Sdks\Microsoft.NET.Sdk\targets\Microsoft.NET.GenerateAssemblyInfo.targetsÔÇŁ z projektu ÔÇ×C:\Users\emili\CascadeProjects\PhotoStudioManager\PhotoStudioManager.API\PhotoStudioManager.API.csprojÔÇŁ (zale┼╝y od niego element docelowy ÔÇ×CoreGenerateAssemblyInfoÔÇŁ):
       Zadanie ÔÇ×HashÔÇŁ
       Wykonywanie zadania ÔÇ×HashÔÇŁ zako┼äczone.
       Zadanie ÔÇ×WriteLinesToFileÔÇŁ
         Pomijanie zapisu w pliku ÔÇ×obj\Debug\net8.0\PhotoStudioManager.API.AssemblyInfoInputs.cacheÔÇŁ, poniewa┼╝ jego zawarto┼Ť─ç nie uleg┼éaby zmianie.
       Wykonywanie zadania ÔÇ×WriteLinesToFileÔÇŁ zako┼äczone.
   1:7>Wykonano kompilowanie elementu docelowego ÔÇ×CreateGeneratedAssemblyInfoInputsCacheFileÔÇŁ w projekcie ÔÇ×PhotoStudioManager.API.csprojÔÇŁ.
   1:7>Element docelowy ÔÇ×CoreGenerateAssemblyInfoÔÇŁ w pliku ÔÇ×C:\Program Files\dotnet\sdk\8.0.101\Sdks\Microsoft.NET.Sdk\targets\Microsoft.NET.GenerateAssemblyInfo.targetsÔÇŁ z projektu ÔÇ×C:\Users\emili\CascadeProjects\PhotoStudioManager\PhotoStudioManager.API\PhotoStudioManager.API.csprojÔÇŁ (zale┼╝y od niego element docelowy ÔÇ×GenerateAssemblyInfoÔÇŁ):
       Pomijanie elementu docelowego ÔÇ×CoreGenerateAssemblyInfoÔÇŁ, poniewa┼╝ wszystkie pliki wyj┼Ťciowe s─ů aktualne w por├│wnaniu z plikami wej┼Ťciowymi.
       Pliki wej┼Ťciowe: obj\Debug\net8.0\PhotoStudioManager.API.AssemblyInfoInputs.cache
       Pliki wyj┼Ťciowe: obj\Debug\net8.0\PhotoStudioManager.API.AssemblyInfo.cs
   1:7>Wykonano kompilowanie elementu docelowego ÔÇ×CoreGenerateAssemblyInfoÔÇŁ w projekcie ÔÇ×PhotoStudioManager.API.csprojÔÇŁ.
   1:7>Element docelowy ÔÇ×GenerateAssemblyInfoÔÇŁ w pliku ÔÇ×C:\Program Files\dotnet\sdk\8.0.101\Sdks\Microsoft.NET.Sdk\targets\Microsoft.NET.GenerateAssemblyInfo.targetsÔÇŁ z projektu ÔÇ×C:\Users\emili\CascadeProjects\PhotoStudioManager\PhotoStudioManager.API\PhotoStudioManager.API.csprojÔÇŁ (zale┼╝y od niego element docelowy ÔÇ×BeforeCompileÔÇŁ):
   1:7>Wykonano kompilowanie elementu docelowego ÔÇ×GenerateAssemblyInfoÔÇŁ w projekcie ÔÇ×PhotoStudioManager.API.csprojÔÇŁ.
   1:7>Element docelowy ÔÇ×BeforeCompileÔÇŁ w pliku ÔÇ×C:\Program Files\dotnet\sdk\8.0.101\Microsoft.Common.CurrentVersion.targetsÔÇŁ z projektu ÔÇ×C:\Users\emili\CascadeProjects\PhotoStudioManager\PhotoStudioManager.API\PhotoStudioManager.API.csprojÔÇŁ (zale┼╝y od niego element docelowy ÔÇ×CompileÔÇŁ):
   1:7>Wykonano kompilowanie elementu docelowego ÔÇ×BeforeCompileÔÇŁ w projekcie ÔÇ×PhotoStudioManager.API.csprojÔÇŁ.
       Pomini─Öto element docelowy ÔÇ×_TimeStampBeforeCompileÔÇŁ z powodu fa┼észywego warunku; ('$(RunPostBuildEvent)'=='OnOutputUpdated' or ('$(RegisterForComInterop)'=='true' and '$(OutputType)'=='library')) oszacowano jako (''=='OnOutputUpdated' or (''=='true' and 'Exe'=='library')).
       Pomini─Öto element docelowy ÔÇ×ResolveAssemblyReferencesÔÇŁ. Wcze┼Ťniejsza kompilacja powiod┼éa si─Ö.
   1:7>Element docelowy ÔÇ×_GenerateCompileDependencyCacheÔÇŁ w pliku ÔÇ×C:\Program Files\dotnet\sdk\8.0.101\Microsoft.Common.CurrentVersion.targetsÔÇŁ z projektu ÔÇ×C:\Users\emili\CascadeProjects\PhotoStudioManager\PhotoStudioManager.API\PhotoStudioManager.API.csprojÔÇŁ (zale┼╝y od niego element docelowy ÔÇ×CompileÔÇŁ):
       Zadanie ÔÇ×HashÔÇŁ
       Wykonywanie zadania ÔÇ×HashÔÇŁ zako┼äczone.
       Zadanie ÔÇ×WriteLinesToFileÔÇŁ
         Pomijanie zapisu w pliku ÔÇ×obj\Debug\net8.0\PhotoStudioManager.API.csproj.CoreCompileInputs.cacheÔÇŁ, poniewa┼╝ jego zawarto┼Ť─ç nie uleg┼éaby zmianie.
       Wykonywanie zadania ÔÇ×WriteLinesToFileÔÇŁ zako┼äczone.
   1:7>Wykonano kompilowanie elementu docelowego ÔÇ×_GenerateCompileDependencyCacheÔÇŁ w projekcie ÔÇ×PhotoStudioManager.API.csprojÔÇŁ.
       Pomini─Öto element docelowy ÔÇ×ResolveAssemblyReferencesÔÇŁ. Wcze┼Ťniejsza kompilacja powiod┼éa si─Ö.
   1:7>Element docelowy ÔÇ×_DiscoverMvcApplicationPartsÔÇŁ w pliku ÔÇ×C:\Program Files\dotnet\sdk\8.0.101\Sdks\Microsoft.NET.Sdk.Razor\targets\Microsoft.NET.Sdk.Razor.MvcApplicationPartsDiscovery.targetsÔÇŁ z projektu ÔÇ×C:\Users\emili\CascadeProjects\PhotoStudioManager\PhotoStudioManager.API\PhotoStudioManager.API.csprojÔÇŁ (zale┼╝y od niego element docelowy ÔÇ×CoreCompileÔÇŁ):
       Pomijanie elementu docelowego ÔÇ×_DiscoverMvcApplicationPartsÔÇŁ, poniewa┼╝ wszystkie pliki wyj┼Ťciowe s─ů aktualne w por├│wnaniu z plikami wej┼Ťciowymi.
       Pliki wej┼Ťciowe: 
           C:\Users\emili\CascadeProjects\PhotoStudioManager\PhotoStudioManager.API\obj\project.assets.json
           C:\Users\emili\CascadeProjects\PhotoStudioManager\PhotoStudioManager.API\obj\PhotoStudioManager.API.csproj.nuget.g.targets
           C:\Program Files\dotnet\sdk\8.0.101\Current\Microsoft.Common.targets\ImportAfter\Microsoft.TestPlatform.ImportAfter.targets
       Pliki wyj┼Ťciowe: obj\Debug\net8.0\PhotoStudioManager.API.MvcApplicationPartsAssemblyInfo.cache
   1:7>Wykonano kompilowanie elementu docelowego ÔÇ×_DiscoverMvcApplicationPartsÔÇŁ w projekcie ÔÇ×PhotoStudioManager.API.csprojÔÇŁ.
       Pomini─Öto element docelowy ÔÇ×_ComputeNonExistentFilePropertyÔÇŁ z powodu fa┼észywego warunku; (('$(BuildingInsideVisualStudio)' == 'true') and ('$(BuildingOutOfProcess)' != 'true') and (('$(BuildingProject)' == 'false') or ('$(UseHostCompilerIfAvailable)' == 'true'))) oszacowano jako (('' == 'true') and ('' != 'true') and (('true' == 'false') or ('true' == 'true'))).
       Pomini─Öto element docelowy ÔÇ×ResolveCodeAnalysisRuleSetÔÇŁ z powodu fa┼észywego warunku; ('$(CodeAnalysisRuleSet)' != '') oszacowano jako ('' != '').
       Pomini─Öto element docelowy ÔÇ×ResolveRazorGenerateInputsÔÇŁ. Wcze┼Ťniejsza kompilacja powiod┼éa si─Ö.
   1:7>Element docelowy ÔÇ×_ResolveMvcAssemblyAttributesÔÇŁ w pliku ÔÇ×C:\Program Files\dotnet\sdk\8.0.101\Sdks\Microsoft.NET.Sdk.Razor\targets\Microsoft.NET.Sdk.Razor.Configuration.targetsÔÇŁ z projektu ÔÇ×C:\Users\emili\CascadeProjects\PhotoStudioManager\PhotoStudioManager.API\PhotoStudioManager.API.csprojÔÇŁ (zale┼╝y od niego element docelowy ÔÇ×_GenerateRazorAssemblyInfoÔÇŁ):
   1:7>Wykonano kompilowanie elementu docelowego ÔÇ×_ResolveMvcAssemblyAttributesÔÇŁ w projekcie ÔÇ×PhotoStudioManager.API.csprojÔÇŁ.
       Pomini─Öto element docelowy ÔÇ×RazorGetAssemblyAttributesÔÇŁ z powodu fa┼észywego warunku; ('$(GenerateRazorHostingAssemblyInfo)'=='true' and '$(RazorDefaultConfiguration)'!='') oszacowano jako (''=='true' and 'MVC-3.0'!='').
       Pomini─Öto element docelowy ÔÇ×PrepareForBuildÔÇŁ. Wcze┼Ťniejsza kompilacja powiod┼éa si─Ö.
       Pomini─Öto element docelowy ÔÇ×_CoreGenerateRazorAssemblyInfoÔÇŁ z powodu fa┼észywego warunku; ('$(GenerateRazorAssemblyInfo)' == 'true' AND '@(_RazorAssemblyAttribute)' != '') oszacowano jako ('' == 'true' AND '' != '').
   1:7>Element docelowy ÔÇ×_GenerateRazorAssemblyInfoÔÇŁ w pliku ÔÇ×C:\Program Files\dotnet\sdk\8.0.101\Sdks\Microsoft.NET.Sdk.Razor\targets\Microsoft.NET.Sdk.Razor.GenerateAssemblyInfo.targetsÔÇŁ z projektu ÔÇ×C:\Users\emili\CascadeProjects\PhotoStudioManager\PhotoStudioManager.API\PhotoStudioManager.API.csprojÔÇŁ (zale┼╝y od niego element docelowy ÔÇ×CoreCompileÔÇŁ):
   1:7>Wykonano kompilowanie elementu docelowego ÔÇ×_GenerateRazorAssemblyInfoÔÇŁ w projekcie ÔÇ×PhotoStudioManager.API.csprojÔÇŁ.
       Pomini─Öto element docelowy ÔÇ×ShimReferencePathsWhenCommonTargetsDoesNotUnderstandReferenceAssembliesÔÇŁ z powodu fa┼észywego warunku; ('@(ReferencePathWithRefAssemblies)' == '') oszacowano jako ('C:\Users\emili\.nuget\packages\azure.core\1.25.0\lib\net5.0\Azure.Core.dll;C:\Users\emili\.nuget\packages\azure.identity\1.7.0\lib\netstandard2.0\Azure.Identity.dll;C:\Program Files\dotnet\packs\Microsoft.AspNetCore.App.Ref\8.0.1\ref\net8.0\Microsoft.AspNetCore.Antiforgery.dll;...' == '').
   1:7>Element docelowy ÔÇ×_BeforeVBCSCoreCompileÔÇŁ w pliku ÔÇ×C:\Program Files\dotnet\sdk\8.0.101\Roslyn\Microsoft.Managed.Core.targetsÔÇŁ z projektu ÔÇ×C:\Users\emili\CascadeProjects\PhotoStudioManager\PhotoStudioManager.API\PhotoStudioManager.API.csprojÔÇŁ (zale┼╝y od niego element docelowy ÔÇ×CoreCompileÔÇŁ):
   1:7>Wykonano kompilowanie elementu docelowego ÔÇ×_BeforeVBCSCoreCompileÔÇŁ w projekcie ÔÇ×PhotoStudioManager.API.csprojÔÇŁ.
       Pomini─Öto element docelowy ÔÇ×AdjustDefaultPlatformTargetForNetFrameworkExeWithNoNativeCopyLocalItemsÔÇŁ z powodu fa┼észywego warunku; ('$(_UsingDefaultPlatformTarget)' == 'true' and
                            '$(_UsingDefaultRuntimeIdentifier)' == 'true') oszacowano jako ('true' == 'true' and
                            '' == 'true').
       Pomini─Öto element docelowy ÔÇ×_DisableDiagnosticTracingÔÇŁ z powodu fa┼észywego warunku; ('$(DisableDiagnosticTracing)' == 'true') oszacowano jako ('' == 'true').
       Pomini─Öto element docelowy ÔÇ×GenerateTargetPlatformDefineConstantsÔÇŁ z powodu fa┼észywego warunku; ( '$(DisableImplicitFrameworkDefines)' != 'true' and '$(TargetPlatformIdentifier)' != '' and '$(TargetFrameworkIdentifier)' == '.NETCoreApp' and $([MSBuild]::VersionGreaterThanOrEquals($(TargetFrameworkVersion), 5.0)) ) oszacowano jako ( '' != 'true' and '' != '' and '.NETCoreApp' == '.NETCoreApp' and True ).
   1:7>Element docelowy ÔÇ×GenerateNETCompatibleDefineConstantsÔÇŁ w pliku ÔÇ×C:\Program Files\dotnet\sdk\8.0.101\Sdks\Microsoft.NET.Sdk\targets\Microsoft.NET.Sdk.BeforeCommon.targetsÔÇŁ z projektu ÔÇ×C:\Users\emili\CascadeProjects\PhotoStudioManager\PhotoStudioManager.API\PhotoStudioManager.API.csprojÔÇŁ (zale┼╝y od niego element docelowy ÔÇ×AddImplicitDefineConstantsÔÇŁ):
   1:7>Wykonano kompilowanie elementu docelowego ÔÇ×GenerateNETCompatibleDefineConstantsÔÇŁ w projekcie ÔÇ×PhotoStudioManager.API.csprojÔÇŁ.
       Pomini─Öto element docelowy ÔÇ×GeneratePlatformCompatibleDefineConstantsÔÇŁ z powodu fa┼észywego warunku; ( '$(DisableImplicitFrameworkDefines)' != 'true' and '$(TargetPlatformIdentifier)' != '' and '$(TargetFrameworkIdentifier)' == '.NETCoreApp' and $([MSBuild]::VersionGreaterThanOrEquals($(TargetFrameworkVersion), 5.0)) ) oszacowano jako ( '' != 'true' and '' != '' and '.NETCoreApp' == '.NETCoreApp' and True ).
       Pomini─Öto element docelowy ÔÇ×_DisableDiagnosticTracingÔÇŁ z powodu fa┼észywego warunku; ('$(DisableDiagnosticTracing)' == 'true') oszacowano jako ('' == 'true').
   1:7>Element docelowy ÔÇ×AddImplicitDefineConstantsÔÇŁ w pliku ÔÇ×C:\Program Files\dotnet\sdk\8.0.101\Sdks\Microsoft.NET.Sdk\targets\Microsoft.NET.Sdk.BeforeCommon.targetsÔÇŁ z projektu ÔÇ×C:\Users\emili\CascadeProjects\PhotoStudioManager\PhotoStudioManager.API\PhotoStudioManager.API.csprojÔÇŁ (zale┼╝y od niego element docelowy ÔÇ×CoreCompileÔÇŁ):
   1:7>Wykonano kompilowanie elementu docelowego ÔÇ×AddImplicitDefineConstantsÔÇŁ w projekcie ÔÇ×PhotoStudioManager.API.csprojÔÇŁ.
       Pomini─Öto element docelowy ÔÇ×ShimReferencePathsWhenCommonTargetsDoesNotUnderstandReferenceAssembliesÔÇŁ z powodu fa┼észywego warunku; ('@(ReferencePathWithRefAssemblies)' == '') oszacowano jako ('C:\Users\emili\.nuget\packages\azure.core\1.25.0\lib\net5.0\Azure.Core.dll;C:\Users\emili\.nuget\packages\azure.identity\1.7.0\lib\netstandard2.0\Azure.Identity.dll;C:\Program Files\dotnet\packs\Microsoft.AspNetCore.App.Ref\8.0.1\ref\net8.0\Microsoft.AspNetCore.Antiforgery.dll;...' == '').
   1:7>Element docelowy ÔÇ×_ComputeSkipAnalyzersÔÇŁ w pliku ÔÇ×C:\Program Files\dotnet\sdk\8.0.101\Roslyn\Microsoft.Managed.Core.targetsÔÇŁ z projektu ÔÇ×C:\Users\emili\CascadeProjects\PhotoStudioManager\PhotoStudioManager.API\PhotoStudioManager.API.csprojÔÇŁ (zale┼╝y od niego element docelowy ÔÇ×CoreCompileÔÇŁ):
       Pomini─Öto zadanie ÔÇ×ShowMessageForImplicitlySkipAnalyzersÔÇŁ z powodu fa┼észywego warunku; ('$(_ImplicitlySkipAnalyzers)' == 'true') oszacowano jako ('' == 'true').
   1:7>Wykonano kompilowanie elementu docelowego ÔÇ×_ComputeSkipAnalyzersÔÇŁ w projekcie ÔÇ×PhotoStudioManager.API.csprojÔÇŁ.
       Pomini─Öto element docelowy ÔÇ×_SetPathMapFromSourceRootsÔÇŁ z powodu fa┼észywego warunku; ('$(DeterministicSourcePaths)' == 'true') oszacowano jako ('' == 'true').
       Pomini─Öto element docelowy ÔÇ×CreateCompilerGeneratedFilesOutputPathÔÇŁ z powodu fa┼észywego warunku; ('$(EmitCompilerGeneratedFiles)' == 'true' and !('$(DesignTimeBuild)' == 'true' OR '$(BuildingProject)' != 'true')) oszacowano jako ('false' == 'true' and !('' == 'true' OR 'true' != 'true')).
       Pomini─Öto element docelowy ÔÇ×BeforeCompileÔÇŁ. Wcze┼Ťniejsza kompilacja powiod┼éa si─Ö.
       Pomini─Öto element docelowy ÔÇ×InitializeSourceControlInformationFromSourceControlManagerÔÇŁ. Wcze┼Ťniejsza kompilacja powiod┼éa si─Ö.
   1:7>Element docelowy ÔÇ×SetEmbeddedFilesFromSourceControlManagerUntrackedFilesÔÇŁ w pliku ÔÇ×C:\Program Files\dotnet\sdk\8.0.101\Sdks\Microsoft.Build.Tasks.Git\build\Microsoft.Build.Tasks.Git.targetsÔÇŁ z projektu ÔÇ×C:\Users\emili\CascadeProjects\PhotoStudioManager\PhotoStudioManager.API\PhotoStudioManager.API.csprojÔÇŁ (zale┼╝y od niego element docelowy ÔÇ×_SetEmbeddedFilesFromSourceControlManagerUntrackedFilesÔÇŁ):
       Pomini─Öto zadanie ÔÇ×Microsoft.Build.Tasks.Git.GetUntrackedFilesÔÇŁ z powodu fa┼észywego warunku; ('$(_GitRepositoryId)' != '') oszacowano jako ('' != '').
   1:7>Wykonano kompilowanie elementu docelowego ÔÇ×SetEmbeddedFilesFromSourceControlManagerUntrackedFilesÔÇŁ w projekcie ÔÇ×PhotoStudioManager.API.csprojÔÇŁ.
   1:7>Element docelowy ÔÇ×_SetEmbeddedFilesFromSourceControlManagerUntrackedFilesÔÇŁ w pliku ÔÇ×C:\Program Files\dotnet\sdk\8.0.101\Sdks\Microsoft.SourceLink.Common\build\Microsoft.SourceLink.Common.targetsÔÇŁ z projektu ÔÇ×C:\Users\emili\CascadeProjects\PhotoStudioManager\PhotoStudioManager.API\PhotoStudioManager.API.csprojÔÇŁ (zale┼╝y od niego element docelowy ÔÇ×CoreCompileÔÇŁ):
   1:7>Wykonano kompilowanie elementu docelowego ÔÇ×_SetEmbeddedFilesFromSourceControlManagerUntrackedFilesÔÇŁ w projekcie ÔÇ×PhotoStudioManager.API.csprojÔÇŁ.
       Pomini─Öto element docelowy ÔÇ×InitializeSourceControlInformationÔÇŁ. Wcze┼Ťniejsza kompilacja powiod┼éa si─Ö.
   1:7>Element docelowy ÔÇ×_SetSourceLinkFilePathÔÇŁ w pliku ÔÇ×C:\Program Files\dotnet\sdk\8.0.101\Sdks\Microsoft.SourceLink.Common\build\Microsoft.SourceLink.Common.targetsÔÇŁ z projektu ÔÇ×C:\Users\emili\CascadeProjects\PhotoStudioManager\PhotoStudioManager.API\PhotoStudioManager.API.csprojÔÇŁ (zale┼╝y od niego element docelowy ÔÇ×_GenerateSourceLinkFileÔÇŁ):
   1:7>Wykonano kompilowanie elementu docelowego ÔÇ×_SetSourceLinkFilePathÔÇŁ w projekcie ÔÇ×PhotoStudioManager.API.csprojÔÇŁ.
       Pomini─Öto element docelowy ÔÇ×InitializeSourceControlInformationÔÇŁ. Wcze┼Ťniejsza kompilacja powiod┼éa si─Ö.
   1:7>Element docelowy ÔÇ×_InitializeSourceRootMappedPathsFromSourceControlÔÇŁ w pliku ÔÇ×C:\Program Files\dotnet\sdk\8.0.101\Roslyn\Microsoft.Managed.Core.targetsÔÇŁ z projektu ÔÇ×C:\Users\emili\CascadeProjects\PhotoStudioManager\PhotoStudioManager.API\PhotoStudioManager.API.csprojÔÇŁ (zale┼╝y od niego element docelowy ÔÇ×InitializeSourceRootMappedPathsÔÇŁ):
   1:7>Wykonano kompilowanie elementu docelowego ÔÇ×_InitializeSourceRootMappedPathsFromSourceControlÔÇŁ w projekcie ÔÇ×PhotoStudioManager.API.csprojÔÇŁ.
   1:7>Element docelowy ÔÇ×InitializeSourceRootMappedPathsÔÇŁ w pliku ÔÇ×C:\Program Files\dotnet\sdk\8.0.101\Roslyn\Microsoft.Managed.Core.targetsÔÇŁ z projektu ÔÇ×C:\Users\emili\CascadeProjects\PhotoStudioManager\PhotoStudioManager.API\PhotoStudioManager.API.csprojÔÇŁ (zale┼╝y od niego element docelowy ÔÇ×_InitializeSourceRootMappedPathsOptÔÇŁ):
       U┼╝ywanie zadania ÔÇ×Microsoft.CodeAnalysis.BuildTasks.MapSourceRootsÔÇŁ z zestawu ÔÇ×C:\Program Files\dotnet\sdk\8.0.101\Roslyn\Microsoft.Build.Tasks.CodeAnalysis.dllÔÇŁ.
       Zadanie ÔÇ×Microsoft.CodeAnalysis.BuildTasks.MapSourceRootsÔÇŁ
       Wykonywanie zadania ÔÇ×Microsoft.CodeAnalysis.BuildTasks.MapSourceRootsÔÇŁ zako┼äczone.
   1:7>Wykonano kompilowanie elementu docelowego ÔÇ×InitializeSourceRootMappedPathsÔÇŁ w projekcie ÔÇ×PhotoStudioManager.API.csprojÔÇŁ.
   1:7>Element docelowy ÔÇ×_InitializeSourceRootMappedPathsOptÔÇŁ w pliku ÔÇ×C:\Program Files\dotnet\sdk\8.0.101\Sdks\Microsoft.SourceLink.Common\build\Microsoft.SourceLink.Common.targetsÔÇŁ z projektu ÔÇ×C:\Users\emili\CascadeProjects\PhotoStudioManager\PhotoStudioManager.API\PhotoStudioManager.API.csprojÔÇŁ (zale┼╝y od niego element docelowy ÔÇ×_GenerateSourceLinkFileÔÇŁ):
   1:7>Wykonano kompilowanie elementu docelowego ÔÇ×_InitializeSourceRootMappedPathsOptÔÇŁ w projekcie ÔÇ×PhotoStudioManager.API.csprojÔÇŁ.
   1:7>Element docelowy ÔÇ×_InitializeGitHubSourceLinkUrlÔÇŁ w pliku ÔÇ×C:\Program Files\dotnet\sdk\8.0.101\Sdks\Microsoft.SourceLink.GitHub\build\Microsoft.SourceLink.GitHub.targetsÔÇŁ z projektu ÔÇ×C:\Users\emili\CascadeProjects\PhotoStudioManager\PhotoStudioManager.API\PhotoStudioManager.API.csprojÔÇŁ (zale┼╝y od niego element docelowy ÔÇ×_GenerateSourceLinkFileÔÇŁ):
       Uko┼äczono kompilowanie elementu docelowego ÔÇ×_InitializeGitHubSourceLinkUrlÔÇŁ.
       Nie okre┼Ťlono plik├│w wej┼Ťciowych.
       U┼╝ywanie zadania ÔÇ×Microsoft.SourceLink.GitHub.GetSourceLinkUrlÔÇŁ z zestawu ÔÇ×C:\Program Files\dotnet\sdk\8.0.101\Sdks\Microsoft.SourceLink.GitHub\build\..\tools\core\Microsoft.SourceLink.GitHub.dllÔÇŁ.
       Zadanie ÔÇ×Microsoft.SourceLink.GitHub.GetSourceLinkUrlÔÇŁ
       Wykonywanie zadania ÔÇ×Microsoft.SourceLink.GitHub.GetSourceLinkUrlÔÇŁ zako┼äczone.
   1:7>Wykonano kompilowanie elementu docelowego ÔÇ×_InitializeGitHubSourceLinkUrlÔÇŁ w projekcie ÔÇ×PhotoStudioManager.API.csprojÔÇŁ.
   1:7>Element docelowy ÔÇ×_InitializeGitHubSourceLinkUrlÔÇŁ w pliku ÔÇ×C:\Program Files\dotnet\sdk\8.0.101\Sdks\Microsoft.SourceLink.GitHub\build\Microsoft.SourceLink.GitHub.targetsÔÇŁ z projektu ÔÇ×C:\Users\emili\CascadeProjects\PhotoStudioManager\PhotoStudioManager.API\PhotoStudioManager.API.csprojÔÇŁ (zale┼╝y od niego element docelowy ÔÇ×_GenerateSourceLinkFileÔÇŁ):
       Uko┼äczono kompilowanie elementu docelowego ÔÇ×_InitializeGitHubSourceLinkUrlÔÇŁ.
       Nie okre┼Ťlono plik├│w wej┼Ťciowych.
       Zadanie ÔÇ×Microsoft.SourceLink.GitHub.GetSourceLinkUrlÔÇŁ
       Wykonywanie zadania ÔÇ×Microsoft.SourceLink.GitHub.GetSourceLinkUrlÔÇŁ zako┼äczone.
   1:7>Wykonano kompilowanie elementu docelowego ÔÇ×_InitializeGitHubSourceLinkUrlÔÇŁ w projekcie ÔÇ×PhotoStudioManager.API.csprojÔÇŁ.
   1:7>Element docelowy ÔÇ×_InitializeGitLabSourceLinkUrlÔÇŁ w pliku ÔÇ×C:\Program Files\dotnet\sdk\8.0.101\Sdks\Microsoft.SourceLink.GitLab\build\Microsoft.SourceLink.GitLab.targetsÔÇŁ z projektu ÔÇ×C:\Users\emili\CascadeProjects\PhotoStudioManager\PhotoStudioManager.API\PhotoStudioManager.API.csprojÔÇŁ (zale┼╝y od niego element docelowy ÔÇ×_GenerateSourceLinkFileÔÇŁ):
       Uko┼äczono kompilowanie elementu docelowego ÔÇ×_InitializeGitLabSourceLinkUrlÔÇŁ.
       Nie okre┼Ťlono plik├│w wej┼Ťciowych.
       U┼╝ywanie zadania ÔÇ×Microsoft.SourceLink.GitLab.GetSourceLinkUrlÔÇŁ z zestawu ÔÇ×C:\Program Files\dotnet\sdk\8.0.101\Sdks\Microsoft.SourceLink.GitLab\build\..\tools\core\Microsoft.SourceLink.GitLab.dllÔÇŁ.
       Zadanie ÔÇ×Microsoft.SourceLink.GitLab.GetSourceLinkUrlÔÇŁ
       Wykonywanie zadania ÔÇ×Microsoft.SourceLink.GitLab.GetSourceLinkUrlÔÇŁ zako┼äczone.
   1:7>Wykonano kompilowanie elementu docelowego ÔÇ×_InitializeGitLabSourceLinkUrlÔÇŁ w projekcie ÔÇ×PhotoStudioManager.API.csprojÔÇŁ.
   1:7>Element docelowy ÔÇ×_InitializeGitLabSourceLinkUrlÔÇŁ w pliku ÔÇ×C:\Program Files\dotnet\sdk\8.0.101\Sdks\Microsoft.SourceLink.GitLab\build\Microsoft.SourceLink.GitLab.targetsÔÇŁ z projektu ÔÇ×C:\Users\emili\CascadeProjects\PhotoStudioManager\PhotoStudioManager.API\PhotoStudioManager.API.csprojÔÇŁ (zale┼╝y od niego element docelowy ÔÇ×_GenerateSourceLinkFileÔÇŁ):
       Uko┼äczono kompilowanie elementu docelowego ÔÇ×_InitializeGitLabSourceLinkUrlÔÇŁ.
       Nie okre┼Ťlono plik├│w wej┼Ťciowych.
       Zadanie ÔÇ×Microsoft.SourceLink.GitLab.GetSourceLinkUrlÔÇŁ
       Wykonywanie zadania ÔÇ×Microsoft.SourceLink.GitLab.GetSourceLinkUrlÔÇŁ zako┼äczone.
   1:7>Wykonano kompilowanie elementu docelowego ÔÇ×_InitializeGitLabSourceLinkUrlÔÇŁ w projekcie ÔÇ×PhotoStudioManager.API.csprojÔÇŁ.
   1:7>Element docelowy ÔÇ×_InitializeAzureReposGitSourceLinkUrlÔÇŁ w pliku ÔÇ×C:\Program Files\dotnet\sdk\8.0.101\Sdks\Microsoft.SourceLink.AzureRepos.Git\build\Microsoft.SourceLink.AzureRepos.Git.targetsÔÇŁ z projektu ÔÇ×C:\Users\emili\CascadeProjects\PhotoStudioManager\PhotoStudioManager.API\PhotoStudioManager.API.csprojÔÇŁ (zale┼╝y od niego element docelowy ÔÇ×_GenerateSourceLinkFileÔÇŁ):
       Uko┼äczono kompilowanie elementu docelowego ÔÇ×_InitializeAzureReposGitSourceLinkUrlÔÇŁ.
       Nie okre┼Ťlono plik├│w wej┼Ťciowych.
       U┼╝ywanie zadania ÔÇ×Microsoft.SourceLink.AzureRepos.Git.GetSourceLinkUrlÔÇŁ z zestawu ÔÇ×C:\Program Files\dotnet\sdk\8.0.101\Sdks\Microsoft.SourceLink.AzureRepos.Git\build\..\tools\core\Microsoft.SourceLink.AzureRepos.Git.dllÔÇŁ.
       Zadanie ÔÇ×Microsoft.SourceLink.AzureRepos.Git.GetSourceLinkUrlÔÇŁ
       Wykonywanie zadania ÔÇ×Microsoft.SourceLink.AzureRepos.Git.GetSourceLinkUrlÔÇŁ zako┼äczone.
   1:7>Wykonano kompilowanie elementu docelowego ÔÇ×_InitializeAzureReposGitSourceLinkUrlÔÇŁ w projekcie ÔÇ×PhotoStudioManager.API.csprojÔÇŁ.
   1:7>Element docelowy ÔÇ×_InitializeAzureReposGitSourceLinkUrlÔÇŁ w pliku ÔÇ×C:\Program Files\dotnet\sdk\8.0.101\Sdks\Microsoft.SourceLink.AzureRepos.Git\build\Microsoft.SourceLink.AzureRepos.Git.targetsÔÇŁ z projektu ÔÇ×C:\Users\emili\CascadeProjects\PhotoStudioManager\PhotoStudioManager.API\PhotoStudioManager.API.csprojÔÇŁ (zale┼╝y od niego element docelowy ÔÇ×_GenerateSourceLinkFileÔÇŁ):
       Uko┼äczono kompilowanie elementu docelowego ÔÇ×_InitializeAzureReposGitSourceLinkUrlÔÇŁ.
       Nie okre┼Ťlono plik├│w wej┼Ťciowych.
       Zadanie ÔÇ×Microsoft.SourceLink.AzureRepos.Git.GetSourceLinkUrlÔÇŁ
       Wykonywanie zadania ÔÇ×Microsoft.SourceLink.AzureRepos.Git.GetSourceLinkUrlÔÇŁ zako┼äczone.
   1:7>Wykonano kompilowanie elementu docelowego ÔÇ×_InitializeAzureReposGitSourceLinkUrlÔÇŁ w projekcie ÔÇ×PhotoStudioManager.API.csprojÔÇŁ.
   1:7>Element docelowy ÔÇ×_InitializeBitbucketGitSourceLinkUrlÔÇŁ w pliku ÔÇ×C:\Program Files\dotnet\sdk\8.0.101\Sdks\Microsoft.SourceLink.Bitbucket.Git\build\Microsoft.SourceLink.Bitbucket.Git.targetsÔÇŁ z projektu ÔÇ×C:\Users\emili\CascadeProjects\PhotoStudioManager\PhotoStudioManager.API\PhotoStudioManager.API.csprojÔÇŁ (zale┼╝y od niego element docelowy ÔÇ×_GenerateSourceLinkFileÔÇŁ):
       Uko┼äczono kompilowanie elementu docelowego ÔÇ×_InitializeBitbucketGitSourceLinkUrlÔÇŁ.
       Nie okre┼Ťlono plik├│w wej┼Ťciowych.
       U┼╝ywanie zadania ÔÇ×Microsoft.SourceLink.Bitbucket.Git.GetSourceLinkUrlÔÇŁ z zestawu ÔÇ×C:\Program Files\dotnet\sdk\8.0.101\Sdks\Microsoft.SourceLink.Bitbucket.Git\build\..\tools\core\Microsoft.SourceLink.Bitbucket.Git.dllÔÇŁ.
       Zadanie ÔÇ×Microsoft.SourceLink.Bitbucket.Git.GetSourceLinkUrlÔÇŁ
       Wykonywanie zadania ÔÇ×Microsoft.SourceLink.Bitbucket.Git.GetSourceLinkUrlÔÇŁ zako┼äczone.
   1:7>Wykonano kompilowanie elementu docelowego ÔÇ×_InitializeBitbucketGitSourceLinkUrlÔÇŁ w projekcie ÔÇ×PhotoStudioManager.API.csprojÔÇŁ.
   1:7>Element docelowy ÔÇ×_InitializeBitbucketGitSourceLinkUrlÔÇŁ w pliku ÔÇ×C:\Program Files\dotnet\sdk\8.0.101\Sdks\Microsoft.SourceLink.Bitbucket.Git\build\Microsoft.SourceLink.Bitbucket.Git.targetsÔÇŁ z projektu ÔÇ×C:\Users\emili\CascadeProjects\PhotoStudioManager\PhotoStudioManager.API\PhotoStudioManager.API.csprojÔÇŁ (zale┼╝y od niego element docelowy ÔÇ×_GenerateSourceLinkFileÔÇŁ):
       Uko┼äczono kompilowanie elementu docelowego ÔÇ×_InitializeBitbucketGitSourceLinkUrlÔÇŁ.
       Nie okre┼Ťlono plik├│w wej┼Ťciowych.
       Zadanie ÔÇ×Microsoft.SourceLink.Bitbucket.Git.GetSourceLinkUrlÔÇŁ
       Wykonywanie zadania ÔÇ×Microsoft.SourceLink.Bitbucket.Git.GetSourceLinkUrlÔÇŁ zako┼äczone.
   1:7>Wykonano kompilowanie elementu docelowego ÔÇ×_InitializeBitbucketGitSourceLinkUrlÔÇŁ w projekcie ÔÇ×PhotoStudioManager.API.csprojÔÇŁ.
   1:7>Element docelowy ÔÇ×_GenerateSourceLinkFileÔÇŁ w pliku ÔÇ×C:\Program Files\dotnet\sdk\8.0.101\Sdks\Microsoft.SourceLink.Common\build\Microsoft.SourceLink.Common.targetsÔÇŁ z projektu ÔÇ×C:\Users\emili\CascadeProjects\PhotoStudioManager\PhotoStudioManager.API\PhotoStudioManager.API.csprojÔÇŁ (zale┼╝y od niego element docelowy ÔÇ×GenerateSourceLinkFileÔÇŁ):
       Uko┼äczono kompilowanie elementu docelowego ÔÇ×_GenerateSourceLinkFileÔÇŁ.
       Nie okre┼Ťlono plik├│w wej┼Ťciowych.
       U┼╝ywanie zadania ÔÇ×Microsoft.SourceLink.Common.GenerateSourceLinkFileÔÇŁ z zestawu ÔÇ×C:\Program Files\dotnet\sdk\8.0.101\Sdks\Microsoft.SourceLink.Common\build\..\tools\core\Microsoft.SourceLink.Common.dllÔÇŁ.
       Zadanie ÔÇ×Microsoft.SourceLink.Common.GenerateSourceLinkFileÔÇŁ
         Source Link jest pusty, plik ÔÇ×obj\Debug\net8.0\PhotoStudioManager.API.sourcelink.jsonÔÇŁ nie istnieje.
       Wykonywanie zadania ÔÇ×Microsoft.SourceLink.Common.GenerateSourceLinkFileÔÇŁ zako┼äczone.
   1:7>Wykonano kompilowanie elementu docelowego ÔÇ×_GenerateSourceLinkFileÔÇŁ w projekcie ÔÇ×PhotoStudioManager.API.csprojÔÇŁ.
   1:7>Element docelowy ÔÇ×GenerateSourceLinkFileÔÇŁ w pliku ÔÇ×C:\Program Files\dotnet\sdk\8.0.101\Sdks\Microsoft.SourceLink.Common\build\Microsoft.SourceLink.Common.targetsÔÇŁ z projektu ÔÇ×C:\Users\emili\CascadeProjects\PhotoStudioManager\PhotoStudioManager.API\PhotoStudioManager.API.csprojÔÇŁ (zale┼╝y od niego element docelowy ÔÇ×CoreCompileÔÇŁ):
   1:7>Wykonano kompilowanie elementu docelowego ÔÇ×GenerateSourceLinkFileÔÇŁ w projekcie ÔÇ×PhotoStudioManager.API.csprojÔÇŁ.
   1:7>Element docelowy ÔÇ×AddGlobalAnalyzerConfigForPackage_MicrosoftCodeAnalysisNetAnalyzersÔÇŁ w pliku ÔÇ×C:\Program Files\dotnet\sdk\8.0.101\Sdks\Microsoft.NET.Sdk\analyzers\build\Microsoft.CodeAnalysis.NetAnalyzers.targetsÔÇŁ z projektu ÔÇ×C:\Users\emili\CascadeProjects\PhotoStudioManager\PhotoStudioManager.API\PhotoStudioManager.API.csprojÔÇŁ (zale┼╝y od niego element docelowy ÔÇ×CoreCompileÔÇŁ):
   1:7>Wykonano kompilowanie elementu docelowego ÔÇ×AddGlobalAnalyzerConfigForPackage_MicrosoftCodeAnalysisNetAnalyzersÔÇŁ w projekcie ÔÇ×PhotoStudioManager.API.csprojÔÇŁ.
       Pomini─Öto element docelowy ÔÇ×AddGlobalAnalyzerConfigForPackage_MicrosoftCodeAnalysisNetAnalyzersDesignÔÇŁ z powodu fa┼észywego warunku; ('$(SkipGlobalAnalyzerConfigForPackage)' != 'true' and ('$(AnalysisLevelDesign)' != '' or '$(AnalysisModeDesign)' != '')) oszacowano jako ('' != 'true' and ('' != '' or '' != '')).
       Pomini─Öto element docelowy ÔÇ×AddGlobalAnalyzerConfigForPackage_MicrosoftCodeAnalysisNetAnalyzersDocumentationÔÇŁ z powodu fa┼észywego warunku; ('$(SkipGlobalAnalyzerConfigForPackage)' != 'true' and ('$(AnalysisLevelDocumentation)' != '' or '$(AnalysisModeDocumentation)' != '')) oszacowano jako ('' != 'true' and ('' != '' or '' != '')).
       Pomini─Öto element docelowy ÔÇ×AddGlobalAnalyzerConfigForPackage_MicrosoftCodeAnalysisNetAnalyzersGlobalizationÔÇŁ z powodu fa┼észywego warunku; ('$(SkipGlobalAnalyzerConfigForPackage)' != 'true' and ('$(AnalysisLevelGlobalization)' != '' or '$(AnalysisModeGlobalization)' != '')) oszacowano jako ('' != 'true' and ('' != '' or '' != '')).
       Pomini─Öto element docelowy ÔÇ×AddGlobalAnalyzerConfigForPackage_MicrosoftCodeAnalysisNetAnalyzersInteroperabilityÔÇŁ z powodu fa┼észywego warunku; ('$(SkipGlobalAnalyzerConfigForPackage)' != 'true' and ('$(AnalysisLevelInteroperability)' != '' or '$(AnalysisModeInteroperability)' != '')) oszacowano jako ('' != 'true' and ('' != '' or '' != '')).
       Pomini─Öto element docelowy ÔÇ×AddGlobalAnalyzerConfigForPackage_MicrosoftCodeAnalysisNetAnalyzersMaintainabilityÔÇŁ z powodu fa┼észywego warunku; ('$(SkipGlobalAnalyzerConfigForPackage)' != 'true' and ('$(AnalysisLevelMaintainability)' != '' or '$(AnalysisModeMaintainability)' != '')) oszacowano jako ('' != 'true' and ('' != '' or '' != '')).
       Pomini─Öto element docelowy ÔÇ×AddGlobalAnalyzerConfigForPackage_MicrosoftCodeAnalysisNetAnalyzersNamingÔÇŁ z powodu fa┼észywego warunku; ('$(SkipGlobalAnalyzerConfigForPackage)' != 'true' and ('$(AnalysisLevelNaming)' != '' or '$(AnalysisModeNaming)' != '')) oszacowano jako ('' != 'true' and ('' != '' or '' != '')).
       Pomini─Öto element docelowy ÔÇ×AddGlobalAnalyzerConfigForPackage_MicrosoftCodeAnalysisNetAnalyzersPerformanceÔÇŁ z powodu fa┼észywego warunku; ('$(SkipGlobalAnalyzerConfigForPackage)' != 'true' and ('$(AnalysisLevelPerformance)' != '' or '$(AnalysisModePerformance)' != '')) oszacowano jako ('' != 'true' and ('' != '' or '' != '')).
       Pomini─Öto element docelowy ÔÇ×AddGlobalAnalyzerConfigForPackage_MicrosoftCodeAnalysisNetAnalyzersReliabilityÔÇŁ z powodu fa┼észywego warunku; ('$(SkipGlobalAnalyzerConfigForPackage)' != 'true' and ('$(AnalysisLevelReliability)' != '' or '$(AnalysisModeReliability)' != '')) oszacowano jako ('' != 'true' and ('' != '' or '' != '')).
       Pomini─Öto element docelowy ÔÇ×AddGlobalAnalyzerConfigForPackage_MicrosoftCodeAnalysisNetAnalyzersSecurityÔÇŁ z powodu fa┼észywego warunku; ('$(SkipGlobalAnalyzerConfigForPackage)' != 'true' and ('$(AnalysisLevelSecurity)' != '' or '$(AnalysisModeSecurity)' != '')) oszacowano jako ('' != 'true' and ('' != '' or '' != '')).
       Pomini─Öto element docelowy ÔÇ×AddGlobalAnalyzerConfigForPackage_MicrosoftCodeAnalysisNetAnalyzersUsageÔÇŁ z powodu fa┼észywego warunku; ('$(SkipGlobalAnalyzerConfigForPackage)' != 'true' and ('$(AnalysisLevelUsage)' != '' or '$(AnalysisModeUsage)' != '')) oszacowano jako ('' != 'true' and ('' != '' or '' != '')).
       Pomini─Öto element docelowy ÔÇ×_CodeAnalysisTreatWarningsAsErrorsÔÇŁ z powodu fa┼észywego warunku; ('$(DesignTimeBuild)' == 'true' OR '$(BuildingProject)' != 'true') oszacowano jako ('' == 'true' OR 'true' != 'true').
   1:7>Element docelowy ÔÇ×_ReportUpgradeNetAnalyzersNuGetWarningÔÇŁ w pliku ÔÇ×C:\Program Files\dotnet\sdk\8.0.101\Sdks\Microsoft.NET.Sdk\analyzers\build\Microsoft.CodeAnalysis.NetAnalyzers.targetsÔÇŁ z projektu ÔÇ×C:\Users\emili\CascadeProjects\PhotoStudioManager\PhotoStudioManager.API\PhotoStudioManager.API.csprojÔÇŁ (zale┼╝y od niego element docelowy ÔÇ×CoreCompileÔÇŁ):
       Pomini─Öto zadanie ÔÇ×WarningÔÇŁ z powodu fa┼észywego warunku; ('$(_NETAnalyzersNuGetAssemblyVersion)' != '' AND
                                '$(_NETAnalyzersSDKAssemblyVersion)' != '' AND
                                 $(_NETAnalyzersNuGetAssemblyVersion) < $(_NETAnalyzersSDKAssemblyVersion)) oszacowano jako ('' != '' AND
                                '8.0.0' != '' AND
                                  < 8.0.0).
   1:7>Wykonano kompilowanie elementu docelowego ÔÇ×_ReportUpgradeNetAnalyzersNuGetWarningÔÇŁ w projekcie ÔÇ×PhotoStudioManager.API.csprojÔÇŁ.
   1:7>Element docelowy ÔÇ×CoreCompileÔÇŁ w pliku ÔÇ×C:\Program Files\dotnet\sdk\8.0.101\Roslyn\Microsoft.CSharp.Core.targetsÔÇŁ z projektu ÔÇ×C:\Users\emili\CascadeProjects\PhotoStudioManager\PhotoStudioManager.API\PhotoStudioManager.API.csprojÔÇŁ (zale┼╝y od niego element docelowy ÔÇ×CompileÔÇŁ):
       Uko┼äczono kompilowanie elementu docelowego ÔÇ×CoreCompileÔÇŁ.
       Plik wej┼Ťciowy ÔÇ×Controllers\CalendarController.csÔÇŁ jest nowszy ni┼╝ plik wyj┼Ťciowy ÔÇ×obj\Debug\net8.0\PhotoStudioManager.API.pdbÔÇŁ.
       U┼╝ywanie zadania ÔÇ×CscÔÇŁ z zestawu ÔÇ×C:\Program Files\dotnet\sdk\8.0.101\Roslyn\Microsoft.Build.Tasks.CodeAnalysis.dllÔÇŁ.
       Zadanie ÔÇ×CscÔÇŁ
         C:\Program Files\dotnet\dotnet.exe exec "C:\Program Files\dotnet\sdk\8.0.101\Roslyn\bincore\csc.dll" /noconfig /unsafe- /checked- /nowarn:1701,1702,1701,1702 /fullpaths /nostdlib+ /errorreport:prompt /warn:8 /define:TRACE;DEBUG;NET;NET8_0;NETCOREAPP;NET5_0_OR_GREATER;NET6_0_OR_GREATER;NET7_0_OR_GREATER;NET8_0_OR_GREATER;NETCOREAPP1_0_OR_GREATER;NETCOREAPP1_1_OR_GREATER;NETCOREAPP2_0_OR_GREATER;NETCOREAPP2_1_OR_GREATER;NETCOREAPP2_2_OR_GREATER;NETCOREAPP3_0_OR_GREATER;NETCOREAPP3_1_OR_GREATER /highentropyva+ /nullable:enable /reference:C:\Users\emili\.nuget\packages\azure.core\1.25.0\lib\net5.0\Azure.Core.dll /reference:C:\Users\emili\.nuget\packages\azure.identity\1.7.0\lib\netstandard2.0\Azure.Identity.dll /reference:"C:\Program Files\dotnet\packs\Microsoft.AspNetCore.App.Ref\8.0.1\ref\net8.0\Microsoft.AspNetCore.Antiforgery.dll" /reference:"C:\Program Files\dotnet\packs\Microsoft.AspNetCore.App.Ref\8.0.1\ref\net8.0\Microsoft.AspNetCore.Authentication.Abstractions.dll" /reference:"C:\Program Files\dotnet\packs\Microsoft.AspNetCore.App.Ref\8.0.1\ref\net8.0\Microsoft.AspNetCore.Authentication.BearerToken.dll" /reference:"C:\Program Files\dotnet\packs\Microsoft.AspNetCore.App.Ref\8.0.1\ref\net8.0\Microsoft.AspNetCore.Authentication.Cookies.dll" /reference:"C:\Program Files\dotnet\packs\Microsoft.AspNetCore.App.Ref\8.0.1\ref\net8.0\Microsoft.AspNetCore.Authentication.Core.dll" /reference:"C:\Program Files\dotnet\packs\Microsoft.AspNetCore.App.Ref\8.0.1\ref\net8.0\Microsoft.AspNetCore.Authentication.dll" /reference:C:\Users\emili\.nuget\packages\microsoft.aspnetcore.authentication.jwtbearer\8.0.1\lib\net8.0\Microsoft.AspNetCore.Authentication.JwtBearer.dll /reference:"C:\Program Files\dotnet\packs\Microsoft.AspNetCore.App.Ref\8.0.1\ref\net8.0\Microsoft.AspNetCore.Authentication.OAuth.dll" /reference:"C:\Program Files\dotnet\packs\Microsoft.AspNetCore.App.Ref\8.0.1\ref\net8.0\Microsoft.AspNetCore.Authorization.dll" /reference:"C:\Program Files\dotnet\packs\Microsoft.AspNetCore.App.Ref\8.0.1\ref\net8.0\Microsoft.AspNetCore.Authorization.Policy.dll" /reference:"C:\Program Files\dotnet\packs\Microsoft.AspNetCore.App.Ref\8.0.1\ref\net8.0\Microsoft.AspNetCore.Components.Authorization.dll" /reference:"C:\Program Files\dotnet\packs\Microsoft.AspNetCore.App.Ref\8.0.1\ref\net8.0\Microsoft.AspNetCore.Components.dll" /reference:"C:\Program Files\dotnet\packs\Microsoft.AspNetCore.App.Ref\8.0.1\ref\net8.0\Microsoft.AspNetCore.Components.Endpoints.dll" /reference:"C:\Program Files\dotnet\packs\Microsoft.AspNetCore.App.Ref\8.0.1\ref\net8.0\Microsoft.AspNetCore.Components.Forms.dll" /reference:"C:\Program Files\dotnet\packs\Microsoft.AspNetCore.App.Ref\8.0.1\ref\net8.0\Microsoft.AspNetCore.Components.Server.dll" /reference:"C:\Program Files\dotnet\packs\Microsoft.AspNetCore.App.Ref\8.0.1\ref\net8.0\Microsoft.AspNetCore.Components.Web.dll" /reference:"C:\Program Files\dotnet\packs\Microsoft.AspNetCore.App.Ref\8.0.1\ref\net8.0\Microsoft.AspNetCore.Connections.Abstractions.dll" /reference:"C:\Program Files\dotnet\packs\Microsoft.AspNetCore.App.Ref\8.0.1\ref\net8.0\Microsoft.AspNetCore.CookiePolicy.dll" /reference:"C:\Program Files\dotnet\packs\Microsoft.AspNetCore.App.Ref\8.0.1\ref\net8.0\Microsoft.AspNetCore.Cors.dll" /reference:"C:\Program Files\dotnet\packs\Microsoft.AspNetCore.App.Ref\8.0.1\ref\net8.0\Microsoft.AspNetCore.Cryptography.Internal.dll" /reference:"C:\Program Files\dotnet\packs\Microsoft.AspNetCore.App.Ref\8.0.1\ref\net8.0\Microsoft.AspNetCore.Cryptography.KeyDerivation.dll" /reference:"C:\Program Files\dotnet\packs\Microsoft.AspNetCore.App.Ref\8.0.1\ref\net8.0\Microsoft.AspNetCore.DataProtection.Abstractions.dll" /reference:"C:\Program Files\dotnet\packs\Microsoft.AspNetCore.App.Ref\8.0.1\ref\net8.0\Microsoft.AspNetCore.DataProtection.dll" /reference:"C:\Program Files\dotnet\packs\Microsoft.AspNetCore.App.Ref\8.0.1\ref\net8.0\Microsoft.AspNetCore.DataProtection.Extensions.dll" /reference:"C:\Program Files\dotnet\packs\Microsoft.AspNetCore.App.Ref\8.0.1\ref\net8.0\Microsoft.AspNetCore.Diagnostics.Abstractions.dll" /reference:"C:\Program Files\dotnet\packs\Microsoft.AspNetCore.App.Ref\8.0.1\ref\net8.0\Microsoft.AspNetCore.Diagnostics.dll" /reference:"C:\Program Files\dotnet\packs\Microsoft.AspNetCore.App.Ref\8.0.1\ref\net8.0\Microsoft.AspNetCore.Diagnostics.HealthChecks.dll" /reference:"C:\Program Files\dotnet\packs\Microsoft.AspNetCore.App.Ref\8.0.1\ref\net8.0\Microsoft.AspNetCore.dll" /reference:"C:\Program Files\dotnet\packs\Microsoft.AspNetCore.App.Ref\8.0.1\ref\net8.0\Microsoft.AspNetCore.HostFiltering.dll" /reference:"C:\Program Files\dotnet\packs\Microsoft.AspNetCore.App.Ref\8.0.1\ref\net8.0\Microsoft.AspNetCore.Hosting.Abstractions.dll" /reference:"C:\Program Files\dotnet\packs\Microsoft.AspNetCore.App.Ref\8.0.1\ref\net8.0\Microsoft.AspNetCore.Hosting.dll" /reference:"C:\Program Files\dotnet\packs\Microsoft.AspNetCore.App.Ref\8.0.1\ref\net8.0\Microsoft.AspNetCore.Hosting.Server.Abstractions.dll" /reference:"C:\Program Files\dotnet\packs\Microsoft.AspNetCore.App.Ref\8.0.1\ref\net8.0\Microsoft.AspNetCore.Html.Abstractions.dll" /reference:"C:\Program Files\dotnet\packs\Microsoft.AspNetCore.App.Ref\8.0.1\ref\net8.0\Microsoft.AspNetCore.Http.Abstractions.dll" /reference:"C:\Program Files\dotnet\packs\Microsoft.AspNetCore.App.Ref\8.0.1\ref\net8.0\Microsoft.AspNetCore.Http.Connections.Common.dll" /reference:"C:\Program Files\dotnet\packs\Microsoft.AspNetCore.App.Ref\8.0.1\ref\net8.0\Microsoft.AspNetCore.Http.Connections.dll" /reference:"C:\Program Files\dotnet\packs\Microsoft.AspNetCore.App.Ref\8.0.1\ref\net8.0\Microsoft.AspNetCore.Http.dll" /reference:"C:\Program Files\dotnet\packs\Microsoft.AspNetCore.App.Ref\8.0.1\ref\net8.0\Microsoft.AspNetCore.Http.Extensions.dll" /reference:"C:\Program Files\dotnet\packs\Microsoft.AspNetCore.App.Ref\8.0.1\ref\net8.0\Microsoft.AspNetCore.Http.Features.dll" /reference:"C:\Program Files\dotnet\packs\Microsoft.AspNetCore.App.Ref\8.0.1\ref\net8.0\Microsoft.AspNetCore.Http.Results.dll" /reference:"C:\Program Files\dotnet\packs\Microsoft.AspNetCore.App.Ref\8.0.1\ref\net8.0\Microsoft.AspNetCore.HttpLogging.dll" /reference:"C:\Program Files\dotnet\packs\Microsoft.AspNetCore.App.Ref\8.0.1\ref\net8.0\Microsoft.AspNetCore.HttpOverrides.dll" /reference:"C:\Program Files\dotnet\packs\Microsoft.AspNetCore.App.Ref\8.0.1\ref\net8.0\Microsoft.AspNetCore.HttpsPolicy.dll" /reference:"C:\Program Files\dotnet\packs\Microsoft.AspNetCore.App.Ref\8.0.1\ref\net8.0\Microsoft.AspNetCore.Identity.dll" /reference:C:\Users\emili\.nuget\packages\microsoft.aspnetcore.identity.entityframeworkcore\8.0.1\lib\net8.0\Microsoft.AspNetCore.Identity.EntityFrameworkCore.dll /reference:"C:\Program Files\dotnet\packs\Microsoft.AspNetCore.App.Ref\8.0.1\ref\net8.0\Microsoft.AspNetCore.Localization.dll" /reference:"C:\Program Files\dotnet\packs\Microsoft.AspNetCore.App.Ref\8.0.1\ref\net8.0\Microsoft.AspNetCore.Localization.Routing.dll" /reference:"C:\Program Files\dotnet\packs\Microsoft.AspNetCore.App.Ref\8.0.1\ref\net8.0\Microsoft.AspNetCore.Metadata.dll" /reference:"C:\Program Files\dotnet\packs\Microsoft.AspNetCore.App.Ref\8.0.1\ref\net8.0\Microsoft.AspNetCore.Mvc.Abstractions.dll" /reference:"C:\Program Files\dotnet\packs\Microsoft.AspNetCore.App.Ref\8.0.1\ref\net8.0\Microsoft.AspNetCore.Mvc.ApiExplorer.dll" /reference:"C:\Program Files\dotnet\packs\Microsoft.AspNetCore.App.Ref\8.0.1\ref\net8.0\Microsoft.AspNetCore.Mvc.Core.dll" /reference:"C:\Program Files\dotnet\packs\Microsoft.AspNetCore.App.Ref\8.0.1\ref\net8.0\Microsoft.AspNetCore.Mvc.Cors.dll" /reference:"C:\Program Files\dotnet\packs\Microsoft.AspNetCore.App.Ref\8.0.1\ref\net8.0\Microsoft.AspNetCore.Mvc.DataAnnotations.dll" /reference:"C:\Program Files\dotnet\packs\Microsoft.AspNetCore.App.Ref\8.0.1\ref\net8.0\Microsoft.AspNetCore.Mvc.dll" /reference:"C:\Program Files\dotnet\packs\Microsoft.AspNetCore.App.Ref\8.0.1\ref\net8.0\Microsoft.AspNetCore.Mvc.Formatters.Json.dll" /reference:"C:\Program Files\dotnet\packs\Microsoft.AspNetCore.App.Ref\8.0.1\ref\net8.0\Microsoft.AspNetCore.Mvc.Formatters.Xml.dll" /reference:"C:\Program Files\dotnet\packs\Microsoft.AspNetCore.App.Ref\8.0.1\ref\net8.0\Microsoft.AspNetCore.Mvc.Localization.dll" /reference:"C:\Program Files\dotnet\packs\Microsoft.AspNetCore.App.Ref\8.0.1\ref\net8.0\Microsoft.AspNetCore.Mvc.Razor.dll" /reference:"C:\Program Files\dotnet\packs\Microsoft.AspNetCore.App.Ref\8.0.1\ref\net8.0\Microsoft.AspNetCore.Mvc.RazorPages.dll" /reference:"C:\Program Files\dotnet\packs\Microsoft.AspNetCore.App.Ref\8.0.1\ref\net8.0\Microsoft.AspNetCore.Mvc.TagHelpers.dll" /reference:"C:\Program Files\dotnet\packs\Microsoft.AspNetCore.App.Ref\8.0.1\ref\net8.0\Microsoft.AspNetCore.Mvc.ViewFeatures.dll" /reference:"C:\Program Files\dotnet\packs\Microsoft.AspNetCore.App.Ref\8.0.1\ref\net8.0\Microsoft.AspNetCore.OutputCaching.dll" /reference:"C:\Program Files\dotnet\packs\Microsoft.AspNetCore.App.Ref\8.0.1\ref\net8.0\Microsoft.AspNetCore.RateLimiting.dll" /reference:"C:\Program Files\dotnet\packs\Microsoft.AspNetCore.App.Ref\8.0.1\ref\net8.0\Microsoft.AspNetCore.Razor.dll" /reference:"C:\Program Files\dotnet\packs\Microsoft.AspNetCore.App.Ref\8.0.1\ref\net8.0\Microsoft.AspNetCore.Razor.Runtime.dll" /reference:"C:\Program Files\dotnet\packs\Microsoft.AspNetCore.App.Ref\8.0.1\ref\net8.0\Microsoft.AspNetCore.RequestDecompression.dll" /reference:"C:\Program Files\dotnet\packs\Microsoft.AspNetCore.App.Ref\8.0.1\ref\net8.0\Microsoft.AspNetCore.ResponseCaching.Abstractions.dll" /reference:"C:\Program Files\dotnet\packs\Microsoft.AspNetCore.App.Ref\8.0.1\ref\net8.0\Microsoft.AspNetCore.ResponseCaching.dll" /reference:"C:\Program Files\dotnet\packs\Microsoft.AspNetCore.App.Ref\8.0.1\ref\net8.0\Microsoft.AspNetCore.ResponseCompression.dll" /reference:"C:\Program Files\dotnet\packs\Microsoft.AspNetCore.App.Ref\8.0.1\ref\net8.0\Microsoft.AspNetCore.Rewrite.dll" /reference:"C:\Program Files\dotnet\packs\Microsoft.AspNetCore.App.Ref\8.0.1\ref\net8.0\Microsoft.AspNetCore.Routing.Abstractions.dll" /reference:"C:\Program Files\dotnet\packs\Microsoft.AspNetCore.App.Ref\8.0.1\ref\net8.0\Microsoft.AspNetCore.Routing.dll" /reference:"C:\Program Files\dotnet\packs\Microsoft.AspNetCore.App.Ref\8.0.1\ref\net8.0\Microsoft.AspNetCore.Server.HttpSys.dll" /reference:"C:\Program Files\dotnet\packs\Microsoft.AspNetCore.App.Ref\8.0.1\ref\net8.0\Microsoft.AspNetCore.Server.IIS.dll" /reference:"C:\Program Files\dotnet\packs\Microsoft.AspNetCore.App.Ref\8.0.1\ref\net8.0\Microsoft.AspNetCore.Server.IISIntegration.dll" /reference:"C:\Program Files\dotnet\packs\Microsoft.AspNetCore.App.Ref\8.0.1\ref\net8.0\Microsoft.AspNetCore.Server.Kestrel.Core.dll" /reference:"C:\Program Files\dotnet\packs\Microsoft.AspNetCore.App.Ref\8.0.1\ref\net8.0\Microsoft.AspNetCore.Server.Kestrel.dll" /reference:"C:\Program Files\dotnet\packs\Microsoft.AspNetCore.App.Ref\8.0.1\ref\net8.0\Microsoft.AspNetCore.Server.Kestrel.Transport.NamedPipes.dll" /reference:"C:\Program Files\dotnet\packs\Microsoft.AspNetCore.App.Ref\8.0.1\ref\net8.0\Microsoft.AspNetCore.Server.Kestrel.Transport.Quic.dll" /reference:"C:\Program Files\dotnet\packs\Microsoft.AspNetCore.App.Ref\8.0.1\ref\net8.0\Microsoft.AspNetCore.Server.Kestrel.Transport.Sockets.dll" /reference:"C:\Program Files\dotnet\packs\Microsoft.AspNetCore.App.Ref\8.0.1\ref\net8.0\Microsoft.AspNetCore.Session.dll" /reference:"C:\Program Files\dotnet\packs\Microsoft.AspNetCore.App.Ref\8.0.1\ref\net8.0\Microsoft.AspNetCore.SignalR.Common.dll" /reference:"C:\Program Files\dotnet\packs\Microsoft.AspNetCore.App.Ref\8.0.1\ref\net8.0\Microsoft.AspNetCore.SignalR.Core.dll" /reference:"C:\Program Files\dotnet\packs\Microsoft.AspNetCore.App.Ref\8.0.1\ref\net8.0\Microsoft.AspNetCore.SignalR.dll" /reference:"C:\Program Files\dotnet\packs\Microsoft.AspNetCore.App.Ref\8.0.1\ref\net8.0\Microsoft.AspNetCore.SignalR.Protocols.Json.dll" /reference:"C:\Program Files\dotnet\packs\Microsoft.AspNetCore.App.Ref\8.0.1\ref\net8.0\Microsoft.AspNetCore.StaticFiles.dll" /reference:"C:\Program Files\dotnet\packs\Microsoft.AspNetCore.App.Ref\8.0.1\ref\net8.0\Microsoft.AspNetCore.WebSockets.dll" /reference:"C:\Program Files\dotnet\packs\Microsoft.AspNetCore.App.Ref\8.0.1\ref\net8.0\Microsoft.AspNetCore.WebUtilities.dll" /reference:C:\Users\emili\.nuget\packages\microsoft.bcl.asyncinterfaces\6.0.0\lib\netstandard2.1\Microsoft.Bcl.AsyncInterfaces.dll /reference:"C:\Program Files\dotnet\packs\Microsoft.NETCore.App.Ref\8.0.1\ref\net8.0\Microsoft.CSharp.dll" /reference:C:\Users\emili\.nuget\packages\microsoft.data.sqlclient\5.1.1\ref\net6.0\Microsoft.Data.SqlClient.dll /reference:C:\Users\emili\.nuget\packages\microsoft.entityframeworkcore.abstractions\8.0.1\lib\net8.0\Microsoft.EntityFrameworkCore.Abstractions.dll /reference:C:\Users\emili\.nuget\packages\microsoft.entityframeworkcore\8.0.1\lib\net8.0\Microsoft.EntityFrameworkCore.dll /reference:C:\Users\emili\.nuget\packages\microsoft.entityframeworkcore.relational\8.0.1\lib\net8.0\Microsoft.EntityFrameworkCore.Relational.dll /reference:C:\Users\emili\.nuget\packages\microsoft.entityframeworkcore.sqlserver\8.0.1\lib\net8.0\Microsoft.EntityFrameworkCore.SqlServer.dll /reference:"C:\Program Files\dotnet\packs\Microsoft.AspNetCore.App.Ref\8.0.1\ref\net8.0\Microsoft.Extensions.Caching.Abstractions.dll" /reference:"C:\Program Files\dotnet\packs\Microsoft.AspNetCore.App.Ref\8.0.1\ref\net8.0\Microsoft.Extensions.Caching.Memory.dll" /reference:"C:\Program Files\dotnet\packs\Microsoft.AspNetCore.App.Ref\8.0.1\ref\net8.0\Microsoft.Extensions.Configuration.Abstractions.dll" /reference:"C:\Program Files\dotnet\packs\Microsoft.AspNetCore.App.Ref\8.0.1\ref\net8.0\Microsoft.Extensions.Configuration.Binder.dll" /reference:"C:\Program Files\dotnet\packs\Microsoft.AspNetCore.App.Ref\8.0.1\ref\net8.0\Microsoft.Extensions.Configuration.CommandLine.dll" /reference:"C:\Program Files\dotnet\packs\Microsoft.AspNetCore.App.Ref\8.0.1\ref\net8.0\Microsoft.Extensions.Configuration.dll" /reference:"C:\Program Files\dotnet\packs\Microsoft.AspNetCore.App.Ref\8.0.1\ref\net8.0\Microsoft.Extensions.Configuration.EnvironmentVariables.dll" /reference:"C:\Program Files\dotnet\packs\Microsoft.AspNetCore.App.Ref\8.0.1\ref\net8.0\Microsoft.Extensions.Configuration.FileExtensions.dll" /reference:"C:\Program Files\dotnet\packs\Microsoft.AspNetCore.App.Ref\8.0.1\ref\net8.0\Microsoft.Extensions.Configuration.Ini.dll" /reference:"C:\Program Files\dotnet\packs\Microsoft.AspNetCore.App.Ref\8.0.1\ref\net8.0\Microsoft.Extensions.Configuration.Json.dll" /reference:"C:\Program Files\dotnet\packs\Microsoft.AspNetCore.App.Ref\8.0.1\ref\net8.0\Microsoft.Extensions.Configuration.KeyPerFile.dll" /reference:"C:\Program Files\dotnet\packs\Microsoft.AspNetCore.App.Ref\8.0.1\ref\net8.0\Microsoft.Extensions.Configuration.UserSecrets.dll" /reference:"C:\Program Files\dotnet\packs\Microsoft.AspNetCore.App.Ref\8.0.1\ref\net8.0\Microsoft.Extensions.Configuration.Xml.dll" /reference:"C:\Program Files\dotnet\packs\Microsoft.AspNetCore.App.Ref\8.0.1\ref\net8.0\Microsoft.Extensions.DependencyInjection.Abstractions.dll" /reference:"C:\Program Files\dotnet\packs\Microsoft.AspNetCore.App.Ref\8.0.1\ref\net8.0\Microsoft.Extensions.DependencyInjection.dll" /reference:"C:\Program Files\dotnet\packs\Microsoft.AspNetCore.App.Ref\8.0.1\ref\net8.0\Microsoft.Extensions.Diagnostics.Abstractions.dll" /reference:"C:\Program Files\dotnet\packs\Microsoft.AspNetCore.App.Ref\8.0.1\ref\net8.0\Microsoft.Extensions.Diagnostics.dll" /reference:"C:\Program Files\dotnet\packs\Microsoft.AspNetCore.App.Ref\8.0.1\ref\net8.0\Microsoft.Extensions.Diagnostics.HealthChecks.Abstractions.dll" /reference:"C:\Program Files\dotnet\packs\Microsoft.AspNetCore.App.Ref\8.0.1\ref\net8.0\Microsoft.Extensions.Diagnostics.HealthChecks.dll" /reference:"C:\Program Files\dotnet\packs\Microsoft.AspNetCore.App.Ref\8.0.1\ref\net8.0\Microsoft.Extensions.Features.dll" /reference:"C:\Program Files\dotnet\packs\Microsoft.AspNetCore.App.Ref\8.0.1\ref\net8.0\Microsoft.Extensions.FileProviders.Abstractions.dll" /reference:"C:\Program Files\dotnet\packs\Microsoft.AspNetCore.App.Ref\8.0.1\ref\net8.0\Microsoft.Extensions.FileProviders.Composite.dll" /reference:"C:\Program Files\dotnet\packs\Microsoft.AspNetCore.App.Ref\8.0.1\ref\net8.0\Microsoft.Extensions.FileProviders.Embedded.dll" /reference:"C:\Program Files\dotnet\packs\Microsoft.AspNetCore.App.Ref\8.0.1\ref\net8.0\Microsoft.Extensions.FileProviders.Physical.dll" /reference:"C:\Program Files\dotnet\packs\Microsoft.AspNetCore.App.Ref\8.0.1\ref\net8.0\Microsoft.Extensions.FileSystemGlobbing.dll" /reference:"C:\Program Files\dotnet\packs\Microsoft.AspNetCore.App.Ref\8.0.1\ref\net8.0\Microsoft.Extensions.Hosting.Abstractions.dll" /reference:"C:\Program Files\dotnet\packs\Microsoft.AspNetCore.App.Ref\8.0.1\ref\net8.0\Microsoft.Extensions.Hosting.dll" /reference:"C:\Program Files\dotnet\packs\Microsoft.AspNetCore.App.Ref\8.0.1\ref\net8.0\Microsoft.Extensions.Http.dll" /reference:"C:\Program Files\dotnet\packs\Microsoft.AspNetCore.App.Ref\8.0.1\ref\net8.0\Microsoft.Extensions.Identity.Core.dll" /reference:"C:\Program Files\dotnet\packs\Microsoft.AspNetCore.App.Ref\8.0.1\ref\net8.0\Microsoft.Extensions.Identity.Stores.dll" /reference:"C:\Program Files\dotnet\packs\Microsoft.AspNetCore.App.Ref\8.0.1\ref\net8.0\Microsoft.Extensions.Localization.Abstractions.dll" /reference:"C:\Program Files\dotnet\packs\Microsoft.AspNetCore.App.Ref\8.0.1\ref\net8.0\Microsoft.Extensions.Localization.dll" /reference:"C:\Program Files\dotnet\packs\Microsoft.AspNetCore.App.Ref\8.0.1\ref\net8.0\Microsoft.Extensions.Logging.Abstractions.dll" /reference:"C:\Program Files\dotnet\packs\Microsoft.AspNetCore.App.Ref\8.0.1\ref\net8.0\Microsoft.Extensions.Logging.Configuration.dll" /reference:"C:\Program Files\dotnet\packs\Microsoft.AspNetCore.App.Ref\8.0.1\ref\net8.0\Microsoft.Extensions.Logging.Console.dll" /reference:"C:\Program Files\dotnet\packs\Microsoft.AspNetCore.App.Ref\8.0.1\ref\net8.0\Microsoft.Extensions.Logging.Debug.dll" /reference:"C:\Program Files\dotnet\packs\Microsoft.AspNetCore.App.Ref\8.0.1\ref\net8.0\Microsoft.Extensions.Logging.dll" /reference:"C:\Program Files\dotnet\packs\Microsoft.AspNetCore.App.Ref\8.0.1\ref\net8.0\Microsoft.Extensions.Logging.EventLog.dll" /reference:"C:\Program Files\dotnet\packs\Microsoft.AspNetCore.App.Ref\8.0.1\ref\net8.0\Microsoft.Extensions.Logging.EventSource.dll" /reference:"C:\Program Files\dotnet\packs\Microsoft.AspNetCore.App.Ref\8.0.1\ref\net8.0\Microsoft.Extensions.Logging.TraceSource.dll" /reference:"C:\Program Files\dotnet\packs\Microsoft.AspNetCore.App.Ref\8.0.1\ref\net8.0\Microsoft.Extensions.ObjectPool.dll" /reference:"C:\Program Files\dotnet\packs\Microsoft.AspNetCore.App.Ref\8.0.1\ref\net8.0\Microsoft.Extensions.Options.ConfigurationExtensions.dll" /reference:"C:\Program Files\dotnet\packs\Microsoft.AspNetCore.App.Ref\8.0.1\ref\net8.0\Microsoft.Extensions.Options.DataAnnotations.dll" /reference:"C:\Program Files\dotnet\packs\Microsoft.AspNetCore.App.Ref\8.0.1\ref\net8.0\Microsoft.Extensions.Options.dll" /reference:"C:\Program Files\dotnet\packs\Microsoft.AspNetCore.App.Ref\8.0.1\ref\net8.0\Microsoft.Extensions.Primitives.dll" /reference:"C:\Program Files\dotnet\packs\Microsoft.AspNetCore.App.Ref\8.0.1\ref\net8.0\Microsoft.Extensions.WebEncoders.dll" /reference:C:\Users\emili\.nuget\packages\microsoft.identity.client\4.47.2\lib\netcoreapp2.1\Microsoft.Identity.Client.dll /reference:C:\Users\emili\.nuget\packages\microsoft.identity.client.extensions.msal\2.19.3\lib\netcoreapp2.1\Microsoft.Identity.Client.Extensions.Msal.dll /reference:C:\Users\emili\.nuget\packages\microsoft.identitymodel.abstractions\7.1.2\lib\net8.0\Microsoft.IdentityModel.Abstractions.dll /reference:C:\Users\emili\.nuget\packages\microsoft.identitymodel.jsonwebtokens\7.1.2\lib\net8.0\Microsoft.IdentityModel.JsonWebTokens.dll /reference:C:\Users\emili\.nuget\packages\microsoft.identitymodel.logging\7.1.2\lib\net8.0\Microsoft.IdentityModel.Logging.dll /reference:C:\Users\emili\.nuget\packages\microsoft.identitymodel.protocols\7.1.2\lib\net8.0\Microsoft.IdentityModel.Protocols.dll /reference:C:\Users\emili\.nuget\packages\microsoft.identitymodel.protocols.openidconnect\7.1.2\lib\net8.0\Microsoft.IdentityModel.Protocols.OpenIdConnect.dll /reference:C:\Users\emili\.nuget\packages\microsoft.identitymodel.tokens\7.1.2\lib\net8.0\Microsoft.IdentityModel.Tokens.dll /reference:"C:\Program Files\dotnet\packs\Microsoft.AspNetCore.App.Ref\8.0.1\ref\net8.0\Microsoft.JSInterop.dll" /reference:"C:\Program Files\dotnet\packs\Microsoft.AspNetCore.App.Ref\8.0.1\ref\net8.0\Microsoft.Net.Http.Headers.dll" /reference:C:\Users\emili\.nuget\packages\microsoft.openapi\1.2.3\lib\netstandard2.0\Microsoft.OpenApi.dll /reference:C:\Users\emili\.nuget\packages\microsoft.sqlserver.server\1.0.0\lib\netstandard2.0\Microsoft.SqlServer.Server.dll /reference:"C:\Program Files\dotnet\packs\Microsoft.NETCore.App.Ref\8.0.1\ref\net8.0\Microsoft.VisualBasic.Core.dll" /reference:"C:\Program Files\dotnet\packs\Microsoft.NETCore.App.Ref\8.0.1\ref\net8.0\Microsoft.VisualBasic.dll" /reference:"C:\Program Files\dotnet\packs\Microsoft.NETCore.App.Ref\8.0.1\ref\net8.0\Microsoft.Win32.Primitives.dll" /reference:"C:\Program Files\dotnet\packs\Microsoft.NETCore.App.Ref\8.0.1\ref\net8.0\Microsoft.Win32.Registry.dll" /reference:C:\Users\emili\.nuget\packages\microsoft.win32.systemevents\6.0.0\lib\net6.0\Microsoft.Win32.SystemEvents.dll /reference:"C:\Program Files\dotnet\packs\Microsoft.NETCore.App.Ref\8.0.1\ref\net8.0\mscorlib.dll" /reference:"C:\Program Files\dotnet\packs\Microsoft.NETCore.App.Ref\8.0.1\ref\net8.0\netstandard.dll" /reference:C:\Users\emili\CascadeProjects\PhotoStudioManager\PhotoStudioManager.Core\obj\Debug\net8.0\ref\PhotoStudioManager.Core.dll /reference:C:\Users\emili\CascadeProjects\PhotoStudioManager\PhotoStudioManager.Infrastructure\obj\Debug\net8.0\ref\PhotoStudioManager.Infrastructure.dll /reference:C:\Users\emili\.nuget\packages\swashbuckle.aspnetcore.swagger\6.5.0\lib\net7.0\Swashbuckle.AspNetCore.Swagger.dll /reference:C:\Users\emili\.nuget\packages\swashbuckle.aspnetcore.swaggergen\6.5.0\lib\net7.0\Swashbuckle.AspNetCore.SwaggerGen.dll /reference:C:\Users\emili\.nuget\packages\swashbuckle.aspnetcore.swaggerui\6.5.0\lib\net7.0\Swashbuckle.AspNetCore.SwaggerUI.dll /reference:"C:\Program Files\dotnet\packs\Microsoft.NETCore.App.Ref\8.0.1\ref\net8.0\System.AppContext.dll" /reference:"C:\Program Files\dotnet\packs\Microsoft.NETCore.App.Ref\8.0.1\ref\net8.0\System.Buffers.dll" /reference:"C:\Program Files\dotnet\packs\Microsoft.NETCore.App.Ref\8.0.1\ref\net8.0\System.Collections.Concurrent.dll" /reference:"C:\Program Files\dotnet\packs\Microsoft.NETCore.App.Ref\8.0.1\ref\net8.0\System.Collections.dll" /reference:"C:\Program Files\dotnet\packs\Microsoft.NETCore.App.Ref\8.0.1\ref\net8.0\System.Collections.Immutable.dll" /reference:"C:\Program Files\dotnet\packs\Microsoft.NETCore.App.Ref\8.0.1\ref\net8.0\System.Collections.NonGeneric.dll" /reference:"C:\Program Files\dotnet\packs\Microsoft.NETCore.App.Ref\8.0.1\ref\net8.0\System.Collections.Specialized.dll" /reference:"C:\Program Files\dotnet\packs\Microsoft.NETCore.App.Ref\8.0.1\ref\net8.0\System.ComponentModel.Annotations.dll" /reference:"C:\Program Files\dotnet\packs\Microsoft.NETCore.App.Ref\8.0.1\ref\net8.0\System.ComponentModel.DataAnnotations.dll" /reference:"C:\Program Files\dotnet\packs\Microsoft.NETCore.App.Ref\8.0.1\ref\net8.0\System.ComponentModel.dll" /reference:"C:\Program Files\dotnet\packs\Microsoft.NETCore.App.Ref\8.0.1\ref\net8.0\System.ComponentModel.EventBasedAsync.dll" /reference:"C:\Program Files\dotnet\packs\Microsoft.NETCore.App.Ref\8.0.1\ref\net8.0\System.ComponentModel.Primitives.dll" /reference:"C:\Program Files\dotnet\packs\Microsoft.NETCore.App.Ref\8.0.1\ref\net8.0\System.ComponentModel.TypeConverter.dll" /reference:"C:\Program Files\dotnet\packs\Microsoft.NETCore.App.Ref\8.0.1\ref\net8.0\System.Configuration.dll" /reference:"C:\Program Files\dotnet\packs\Microsoft.NETCore.App.Ref\8.0.1\ref\net8.0\System.Console.dll" /reference:"C:\Program Files\dotnet\packs\Microsoft.NETCore.App.Ref\8.0.1\ref\net8.0\System.Core.dll" /reference:"C:\Program Files\dotnet\packs\Microsoft.NETCore.App.Ref\8.0.1\ref\net8.0\System.Data.Common.dll" /reference:"C:\Program Files\dotnet\packs\Microsoft.NETCore.App.Ref\8.0.1\ref\net8.0\System.Data.DataSetExtensions.dll" /reference:"C:\Program Files\dotnet\packs\Microsoft.NETCore.App.Ref\8.0.1\ref\net8.0\System.Data.dll" /reference:"C:\Program Files\dotnet\packs\Microsoft.NETCore.App.Ref\8.0.1\ref\net8.0\System.Diagnostics.Contracts.dll" /reference:"C:\Program Files\dotnet\packs\Microsoft.NETCore.App.Ref\8.0.1\ref\net8.0\System.Diagnostics.Debug.dll" /reference:"C:\Program Files\dotnet\packs\Microsoft.NETCore.App.Ref\8.0.1\ref\net8.0\System.Diagnostics.DiagnosticSource.dll" /reference:"C:\Program Files\dotnet\packs\Microsoft.AspNetCore.App.Ref\8.0.1\ref\net8.0\System.Diagnostics.EventLog.dll" /reference:"C:\Program Files\dotnet\packs\Microsoft.NETCore.App.Ref\8.0.1\ref\net8.0\System.Diagnostics.FileVersionInfo.dll" /reference:"C:\Program Files\dotnet\packs\Microsoft.NETCore.App.Ref\8.0.1\ref\net8.0\System.Diagnostics.Process.dll" /reference:"C:\Program Files\dotnet\packs\Microsoft.NETCore.App.Ref\8.0.1\ref\net8.0\System.Diagnostics.StackTrace.dll" /reference:"C:\Program Files\dotnet\packs\Microsoft.NETCore.App.Ref\8.0.1\ref\net8.0\System.Diagnostics.TextWriterTraceListener.dll" /reference:"C:\Program Files\dotnet\packs\Microsoft.NETCore.App.Ref\8.0.1\ref\net8.0\System.Diagnostics.Tools.dll" /reference:"C:\Program Files\dotnet\packs\Microsoft.NETCore.App.Ref\8.0.1\ref\net8.0\System.Diagnostics.TraceSource.dll" /reference:"C:\Program Files\dotnet\packs\Microsoft.NETCore.App.Ref\8.0.1\ref\net8.0\System.Diagnostics.Tracing.dll" /reference:"C:\Program Files\dotnet\packs\Microsoft.NETCore.App.Ref\8.0.1\ref\net8.0\System.dll" /reference:C:\Users\emili\.nuget\packages\system.drawing.common\6.0.0\lib\net6.0\System.Drawing.Common.dll /reference:"C:\Program Files\dotnet\packs\Microsoft.NETCore.App.Ref\8.0.1\ref\net8.0\System.Drawing.dll" /reference:"C:\Program Files\dotnet\packs\Microsoft.NETCore.App.Ref\8.0.1\ref\net8.0\System.Drawing.Primitives.dll" /reference:"C:\Program Files\dotnet\packs\Microsoft.NETCore.App.Ref\8.0.1\ref\net8.0\System.Dynamic.Runtime.dll" /reference:"C:\Program Files\dotnet\packs\Microsoft.NETCore.App.Ref\8.0.1\ref\net8.0\System.Formats.Asn1.dll" /reference:"C:\Program Files\dotnet\packs\Microsoft.NETCore.App.Ref\8.0.1\ref\net8.0\System.Formats.Tar.dll" /reference:"C:\Program Files\dotnet\packs\Microsoft.NETCore.App.Ref\8.0.1\ref\net8.0\System.Globalization.Calendars.dll" /reference:"C:\Program Files\dotnet\packs\Microsoft.NETCore.App.Ref\8.0.1\ref\net8.0\System.Globalization.dll" /reference:"C:\Program Files\dotnet\packs\Microsoft.NETCore.App.Ref\8.0.1\ref\net8.0\System.Globalization.Extensions.dll" /reference:C:\Users\emili\.nuget\packages\system.identitymodel.tokens.jwt\7.1.2\lib\net8.0\System.IdentityModel.Tokens.Jwt.dll /reference:"C:\Program Files\dotnet\packs\Microsoft.NETCore.App.Ref\8.0.1\ref\net8.0\System.IO.Compression.Brotli.dll" /reference:"C:\Program Files\dotnet\packs\Microsoft.NETCore.App.Ref\8.0.1\ref\net8.0\System.IO.Compression.dll" /reference:"C:\Program Files\dotnet\packs\Microsoft.NETCore.App.Ref\8.0.1\ref\net8.0\System.IO.Compression.FileSystem.dll" /reference:"C:\Program Files\dotnet\packs\Microsoft.NETCore.App.Ref\8.0.1\ref\net8.0\System.IO.Compression.ZipFile.dll" /reference:"C:\Program Files\dotnet\packs\Microsoft.NETCore.App.Ref\8.0.1\ref\net8.0\System.IO.dll" /reference:"C:\Program Files\dotnet\packs\Microsoft.NETCore.App.Ref\8.0.1\ref\net8.0\System.IO.FileSystem.AccessControl.dll" /reference:"C:\Program Files\dotnet\packs\Microsoft.NETCore.App.Ref\8.0.1\ref\net8.0\System.IO.FileSystem.dll" /reference:"C:\Program Files\dotnet\packs\Microsoft.NETCore.App.Ref\8.0.1\ref\net8.0\System.IO.FileSystem.DriveInfo.dll" /reference:"C:\Program Files\dotnet\packs\Microsoft.NETCore.App.Ref\8.0.1\ref\net8.0\System.IO.FileSystem.Primitives.dll" /reference:"C:\Program Files\dotnet\packs\Microsoft.NETCore.App.Ref\8.0.1\ref\net8.0\System.IO.FileSystem.Watcher.dll" /reference:"C:\Program Files\dotnet\packs\Microsoft.NETCore.App.Ref\8.0.1\ref\net8.0\System.IO.IsolatedStorage.dll" /reference:"C:\Program Files\dotnet\packs\Microsoft.NETCore.App.Ref\8.0.1\ref\net8.0\System.IO.MemoryMappedFiles.dll" /reference:"C:\Program Files\dotnet\packs\Microsoft.AspNetCore.App.Ref\8.0.1\ref\net8.0\System.IO.Pipelines.dll" /reference:"C:\Program Files\dotnet\packs\Microsoft.NETCore.App.Ref\8.0.1\ref\net8.0\System.IO.Pipes.AccessControl.dll" /reference:"C:\Program Files\dotnet\packs\Microsoft.NETCore.App.Ref\8.0.1\ref\net8.0\System.IO.Pipes.dll" /reference:"C:\Program Files\dotnet\packs\Microsoft.NETCore.App.Ref\8.0.1\ref\net8.0\System.IO.UnmanagedMemoryStream.dll" /reference:"C:\Program Files\dotnet\packs\Microsoft.NETCore.App.Ref\8.0.1\ref\net8.0\System.Linq.dll" /reference:"C:\Program Files\dotnet\packs\Microsoft.NETCore.App.Ref\8.0.1\ref\net8.0\System.Linq.Expressions.dll" /reference:"C:\Program Files\dotnet\packs\Microsoft.NETCore.App.Ref\8.0.1\ref\net8.0\System.Linq.Parallel.dll" /reference:"C:\Program Files\dotnet\packs\Microsoft.NETCore.App.Ref\8.0.1\ref\net8.0\System.Linq.Queryable.dll" /reference:C:\Users\emili\.nuget\packages\system.memory.data\1.0.2\lib\netstandard2.0\System.Memory.Data.dll /reference:"C:\Program Files\dotnet\packs\Microsoft.NETCore.App.Ref\8.0.1\ref\net8.0\System.Memory.dll" /reference:"C:\Program Files\dotnet\packs\Microsoft.NETCore.App.Ref\8.0.1\ref\net8.0\System.Net.dll" /reference:"C:\Program Files\dotnet\packs\Microsoft.NETCore.App.Ref\8.0.1\ref\net8.0\System.Net.Http.dll" /reference:"C:\Program Files\dotnet\packs\Microsoft.NETCore.App.Ref\8.0.1\ref\net8.0\System.Net.Http.Json.dll" /reference:"C:\Program Files\dotnet\packs\Microsoft.NETCore.App.Ref\8.0.1\ref\net8.0\System.Net.HttpListener.dll" /reference:"C:\Program Files\dotnet\packs\Microsoft.NETCore.App.Ref\8.0.1\ref\net8.0\System.Net.Mail.dll" /reference:"C:\Program Files\dotnet\packs\Microsoft.NETCore.App.Ref\8.0.1\ref\net8.0\System.Net.NameResolution.dll" /reference:"C:\Program Files\dotnet\packs\Microsoft.NETCore.App.Ref\8.0.1\ref\net8.0\System.Net.NetworkInformation.dll" /reference:"C:\Program Files\dotnet\packs\Microsoft.NETCore.App.Ref\8.0.1\ref\net8.0\System.Net.Ping.dll" /reference:"C:\Program Files\dotnet\packs\Microsoft.NETCore.App.Ref\8.0.1\ref\net8.0\System.Net.Primitives.dll" /reference:"C:\Program Files\dotnet\packs\Microsoft.NETCore.App.Ref\8.0.1\ref\net8.0\System.Net.Quic.dll" /reference:"C:\Program Files\dotnet\packs\Microsoft.NETCore.App.Ref\8.0.1\ref\net8.0\System.Net.Requests.dll" /reference:"C:\Program Files\dotnet\packs\Microsoft.NETCore.App.Ref\8.0.1\ref\net8.0\System.Net.Security.dll" /reference:"C:\Program Files\dotnet\packs\Microsoft.NETCore.App.Ref\8.0.1\ref\net8.0\System.Net.ServicePoint.dll" /reference:"C:\Program Files\dotnet\packs\Microsoft.NETCore.App.Ref\8.0.1\ref\net8.0\System.Net.Sockets.dll" /reference:"C:\Program Files\dotnet\packs\Microsoft.NETCore.App.Ref\8.0.1\ref\net8.0\System.Net.WebClient.dll" /reference:"C:\Program Files\dotnet\packs\Microsoft.NETCore.App.Ref\8.0.1\ref\net8.0\System.Net.WebHeaderCollection.dll" /reference:"C:\Program Files\dotnet\packs\Microsoft.NETCore.App.Ref\8.0.1\ref\net8.0\System.Net.WebProxy.dll" /reference:"C:\Program Files\dotnet\packs\Microsoft.NETCore.App.Ref\8.0.1\ref\net8.0\System.Net.WebSockets.Client.dll" /reference:"C:\Program Files\dotnet\packs\Microsoft.NETCore.App.Ref\8.0.1\ref\net8.0\System.Net.WebSockets.dll" /reference:"C:\Program Files\dotnet\packs\Microsoft.NETCore.App.Ref\8.0.1\ref\net8.0\System.Numerics.dll" /reference:"C:\Program Files\dotnet\packs\Microsoft.NETCore.App.Ref\8.0.1\ref\net8.0\System.Numerics.Vectors.dll" /reference:"C:\Program Files\dotnet\packs\Microsoft.NETCore.App.Ref\8.0.1\ref\net8.0\System.ObjectModel.dll" /reference:"C:\Program Files\dotnet\packs\Microsoft.NETCore.App.Ref\8.0.1\ref\net8.0\System.Reflection.DispatchProxy.dll" /reference:"C:\Program Files\dotnet\packs\Microsoft.NETCore.App.Ref\8.0.1\ref\net8.0\System.Reflection.dll" /reference:"C:\Program Files\dotnet\packs\Microsoft.NETCore.App.Ref\8.0.1\ref\net8.0\System.Reflection.Emit.dll" /reference:"C:\Program Files\dotnet\packs\Microsoft.NETCore.App.Ref\8.0.1\ref\net8.0\System.Reflection.Emit.ILGeneration.dll" /reference:"C:\Program Files\dotnet\packs\Microsoft.NETCore.App.Ref\8.0.1\ref\net8.0\System.Reflection.Emit.Lightweight.dll" /reference:"C:\Program Files\dotnet\packs\Microsoft.NETCore.App.Ref\8.0.1\ref\net8.0\System.Reflection.Extensions.dll" /reference:"C:\Program Files\dotnet\packs\Microsoft.NETCore.App.Ref\8.0.1\ref\net8.0\System.Reflection.Metadata.dll" /reference:"C:\Program Files\dotnet\packs\Microsoft.NETCore.App.Ref\8.0.1\ref\net8.0\System.Reflection.Primitives.dll" /reference:"C:\Program Files\dotnet\packs\Microsoft.NETCore.App.Ref\8.0.1\ref\net8.0\System.Reflection.TypeExtensions.dll" /reference:"C:\Program Files\dotnet\packs\Microsoft.NETCore.App.Ref\8.0.1\ref\net8.0\System.Resources.Reader.dll" /reference:"C:\Program Files\dotnet\packs\Microsoft.NETCore.App.Ref\8.0.1\ref\net8.0\System.Resources.ResourceManager.dll" /reference:"C:\Program Files\dotnet\packs\Microsoft.NETCore.App.Ref\8.0.1\ref\net8.0\System.Resources.Writer.dll" /reference:"C:\Program Files\dotnet\packs\Microsoft.NETCore.App.Ref\8.0.1\ref\net8.0\System.Runtime.CompilerServices.Unsafe.dll" /reference:"C:\Program Files\dotnet\packs\Microsoft.NETCore.App.Ref\8.0.1\ref\net8.0\System.Runtime.CompilerServices.VisualC.dll" /reference:"C:\Program Files\dotnet\packs\Microsoft.NETCore.App.Ref\8.0.1\ref\net8.0\System.Runtime.dll" /reference:"C:\Program Files\dotnet\packs\Microsoft.NETCore.App.Ref\8.0.1\ref\net8.0\System.Runtime.Extensions.dll" /reference:"C:\Program Files\dotnet\packs\Microsoft.NETCore.App.Ref\8.0.1\ref\net8.0\System.Runtime.Handles.dll" /reference:"C:\Program Files\dotnet\packs\Microsoft.NETCore.App.Ref\8.0.1\ref\net8.0\System.Runtime.InteropServices.dll" /reference:"C:\Program Files\dotnet\packs\Microsoft.NETCore.App.Ref\8.0.1\ref\net8.0\System.Runtime.InteropServices.JavaScript.dll" /reference:"C:\Program Files\dotnet\packs\Microsoft.NETCore.App.Ref\8.0.1\ref\net8.0\System.Runtime.InteropServices.RuntimeInformation.dll" /reference:"C:\Program Files\dotnet\packs\Microsoft.NETCore.App.Ref\8.0.1\ref\net8.0\System.Runtime.Intrinsics.dll" /reference:"C:\Program Files\dotnet\packs\Microsoft.NETCore.App.Ref\8.0.1\ref\net8.0\System.Runtime.Loader.dll" /reference:"C:\Program Files\dotnet\packs\Microsoft.NETCore.App.Ref\8.0.1\ref\net8.0\System.Runtime.Numerics.dll" /reference:"C:\Program Files\dotnet\packs\Microsoft.NETCore.App.Ref\8.0.1\ref\net8.0\System.Runtime.Serialization.dll" /reference:"C:\Program Files\dotnet\packs\Microsoft.NETCore.App.Ref\8.0.1\ref\net8.0\System.Runtime.Serialization.Formatters.dll" /reference:"C:\Program Files\dotnet\packs\Microsoft.NETCore.App.Ref\8.0.1\ref\net8.0\System.Runtime.Serialization.Json.dll" /reference:"C:\Program Files\dotnet\packs\Microsoft.NETCore.App.Ref\8.0.1\ref\net8.0\System.Runtime.Serialization.Primitives.dll" /reference:"C:\Program Files\dotnet\packs\Microsoft.NETCore.App.Ref\8.0.1\ref\net8.0\System.Runtime.Serialization.Xml.dll" /reference:"C:\Program Files\dotnet\packs\Microsoft.NETCore.App.Ref\8.0.1\ref\net8.0\System.Security.AccessControl.dll" /reference:"C:\Program Files\dotnet\packs\Microsoft.NETCore.App.Ref\8.0.1\ref\net8.0\System.Security.Claims.dll" /reference:"C:\Program Files\dotnet\packs\Microsoft.NETCore.App.Ref\8.0.1\ref\net8.0\System.Security.Cryptography.Algorithms.dll" /reference:"C:\Program Files\dotnet\packs\Microsoft.NETCore.App.Ref\8.0.1\ref\net8.0\System.Security.Cryptography.Cng.dll" /reference:"C:\Program Files\dotnet\packs\Microsoft.NETCore.App.Ref\8.0.1\ref\net8.0\System.Security.Cryptography.Csp.dll" /reference:"C:\Program Files\dotnet\packs\Microsoft.NETCore.App.Ref\8.0.1\ref\net8.0\System.Security.Cryptography.dll" /reference:"C:\Program Files\dotnet\packs\Microsoft.NETCore.App.Ref\8.0.1\ref\net8.0\System.Security.Cryptography.Encoding.dll" /reference:"C:\Program Files\dotnet\packs\Microsoft.NETCore.App.Ref\8.0.1\ref\net8.0\System.Security.Cryptography.OpenSsl.dll" /reference:"C:\Program Files\dotnet\packs\Microsoft.NETCore.App.Ref\8.0.1\ref\net8.0\System.Security.Cryptography.Primitives.dll" /reference:C:\Users\emili\.nuget\packages\system.security.cryptography.protecteddata\6.0.0\lib\net6.0\System.Security.Cryptography.ProtectedData.dll /reference:"C:\Program Files\dotnet\packs\Microsoft.NETCore.App.Ref\8.0.1\ref\net8.0\System.Security.Cryptography.X509Certificates.dll" /reference:"C:\Program Files\dotnet\packs\Microsoft.AspNetCore.App.Ref\8.0.1\ref\net8.0\System.Security.Cryptography.Xml.dll" /reference:"C:\Program Files\dotnet\packs\Microsoft.NETCore.App.Ref\8.0.1\ref\net8.0\System.Security.dll" /reference:C:\Users\emili\.nuget\packages\system.security.permissions\6.0.0\lib\net6.0\System.Security.Permissions.dll /reference:"C:\Program Files\dotnet\packs\Microsoft.NETCore.App.Ref\8.0.1\ref\net8.0\System.Security.Principal.dll" /reference:"C:\Program Files\dotnet\packs\Microsoft.NETCore.App.Ref\8.0.1\ref\net8.0\System.Security.Principal.Windows.dll" /reference:"C:\Program Files\dotnet\packs\Microsoft.NETCore.App.Ref\8.0.1\ref\net8.0\System.Security.SecureString.dll" /reference:"C:\Program Files\dotnet\packs\Microsoft.NETCore.App.Ref\8.0.1\ref\net8.0\System.ServiceModel.Web.dll" /reference:"C:\Program Files\dotnet\packs\Microsoft.NETCore.App.Ref\8.0.1\ref\net8.0\System.ServiceProcess.dll" /reference:"C:\Program Files\dotnet\packs\Microsoft.NETCore.App.Ref\8.0.1\ref\net8.0\System.Text.Encoding.CodePages.dll" /reference:"C:\Program Files\dotnet\packs\Microsoft.NETCore.App.Ref\8.0.1\ref\net8.0\System.Text.Encoding.dll" /reference:"C:\Program Files\dotnet\packs\Microsoft.NETCore.App.Ref\8.0.1\ref\net8.0\System.Text.Encoding.Extensions.dll" /reference:"C:\Program Files\dotnet\packs\Microsoft.NETCore.App.Ref\8.0.1\ref\net8.0\System.Text.Encodings.Web.dll" /reference:"C:\Program Files\dotnet\packs\Microsoft.NETCore.App.Ref\8.0.1\ref\net8.0\System.Text.Json.dll" /reference:"C:\Program Files\dotnet\packs\Microsoft.NETCore.App.Ref\8.0.1\ref\net8.0\System.Text.RegularExpressions.dll" /reference:"C:\Program Files\dotnet\packs\Microsoft.NETCore.App.Ref\8.0.1\ref\net8.0\System.Threading.Channels.dll" /reference:"C:\Program Files\dotnet\packs\Microsoft.NETCore.App.Ref\8.0.1\ref\net8.0\System.Threading.dll" /reference:"C:\Program Files\dotnet\packs\Microsoft.NETCore.App.Ref\8.0.1\ref\net8.0\System.Threading.Overlapped.dll" /reference:"C:\Program Files\dotnet\packs\Microsoft.AspNetCore.App.Ref\8.0.1\ref\net8.0\System.Threading.RateLimiting.dll" /reference:"C:\Program Files\dotnet\packs\Microsoft.NETCore.App.Ref\8.0.1\ref\net8.0\System.Threading.Tasks.Dataflow.dll" /reference:"C:\Program Files\dotnet\packs\Microsoft.NETCore.App.Ref\8.0.1\ref\net8.0\System.Threading.Tasks.dll" /reference:"C:\Program Files\dotnet\packs\Microsoft.NETCore.App.Ref\8.0.1\ref\net8.0\System.Threading.Tasks.Extensions.dll" /reference:"C:\Program Files\dotnet\packs\Microsoft.NETCore.App.Ref\8.0.1\ref\net8.0\System.Threading.Tasks.Parallel.dll" /reference:"C:\Program Files\dotnet\packs\Microsoft.NETCore.App.Ref\8.0.1\ref\net8.0\System.Threading.Thread.dll" /reference:"C:\Program Files\dotnet\packs\Microsoft.NETCore.App.Ref\8.0.1\ref\net8.0\System.Threading.ThreadPool.dll" /reference:"C:\Program Files\dotnet\packs\Microsoft.NETCore.App.Ref\8.0.1\ref\net8.0\System.Threading.Timer.dll" /reference:"C:\Program Files\dotnet\packs\Microsoft.NETCore.App.Ref\8.0.1\ref\net8.0\System.Transactions.dll" /reference:"C:\Program Files\dotnet\packs\Microsoft.NETCore.App.Ref\8.0.1\ref\net8.0\System.Transactions.Local.dll" /reference:"C:\Program Files\dotnet\packs\Microsoft.NETCore.App.Ref\8.0.1\ref\net8.0\System.ValueTuple.dll" /reference:"C:\Program Files\dotnet\packs\Microsoft.NETCore.App.Ref\8.0.1\ref\net8.0\System.Web.dll" /reference:"C:\Program Files\dotnet\packs\Microsoft.NETCore.App.Ref\8.0.1\ref\net8.0\System.Web.HttpUtility.dll" /reference:"C:\Program Files\dotnet\packs\Microsoft.NETCore.App.Ref\8.0.1\ref\net8.0\System.Windows.dll" /reference:C:\Users\emili\.nuget\packages\system.windows.extensions\6.0.0\lib\net6.0\System.Windows.Extensions.dll /reference:"C:\Program Files\dotnet\packs\Microsoft.NETCore.App.Ref\8.0.1\ref\net8.0\System.Xml.dll" /reference:"C:\Program Files\dotnet\packs\Microsoft.NETCore.App.Ref\8.0.1\ref\net8.0\System.Xml.Linq.dll" /reference:"C:\Program Files\dotnet\packs\Microsoft.NETCore.App.Ref\8.0.1\ref\net8.0\System.Xml.ReaderWriter.dll" /reference:"C:\Program Files\dotnet\packs\Microsoft.NETCore.App.Ref\8.0.1\ref\net8.0\System.Xml.Serialization.dll" /reference:"C:\Program Files\dotnet\packs\Microsoft.NETCore.App.Ref\8.0.1\ref\net8.0\System.Xml.XDocument.dll" /reference:"C:\Program Files\dotnet\packs\Microsoft.NETCore.App.Ref\8.0.1\ref\net8.0\System.Xml.XmlDocument.dll" /reference:"C:\Program Files\dotnet\packs\Microsoft.NETCore.App.Ref\8.0.1\ref\net8.0\System.Xml.XmlSerializer.dll" /reference:"C:\Program Files\dotnet\packs\Microsoft.NETCore.App.Ref\8.0.1\ref\net8.0\System.Xml.XPath.dll" /reference:"C:\Program Files\dotnet\packs\Microsoft.NETCore.App.Ref\8.0.1\ref\net8.0\System.Xml.XPath.XDocument.dll" /reference:"C:\Program Files\dotnet\packs\Microsoft.NETCore.App.Ref\8.0.1\ref\net8.0\WindowsBase.dll" /debug+ /debug:portable /filealign:512 /optimize- /out:obj\Debug\net8.0\PhotoStudioManager.API.dll /refout:obj\Debug\net8.0\refint\PhotoStudioManager.API.dll /target:exe /warnaserror- /utf8output /deterministic+ /langversion:12.0 /analyzerconfig:obj\Debug\net8.0\PhotoStudioManager.API.GeneratedMSBuildEditorConfig.editorconfig /analyzerconfig:"C:\Program Files\dotnet\sdk\8.0.101\Sdks\Microsoft.NET.Sdk\analyzers\build\config\analysislevel_8_default.globalconfig" /analyzer:"C:\Program Files\dotnet\sdk\8.0.101\Sdks\Microsoft.NET.Sdk.Web\analyzers\cs\Microsoft.AspNetCore.Analyzers.dll" /analyzer:"C:\Program Files\dotnet\sdk\8.0.101\Sdks\Microsoft.NET.Sdk.Web\analyzers\cs\Microsoft.AspNetCore.Mvc.Analyzers.dll" /analyzer:"C:\Program Files\dotnet\sdk\8.0.101\Sdks\Microsoft.NET.Sdk\targets\..\analyzers\Microsoft.CodeAnalysis.CSharp.NetAnalyzers.dll" /analyzer:"C:\Program Files\dotnet\sdk\8.0.101\Sdks\Microsoft.NET.Sdk\targets\..\analyzers\Microsoft.CodeAnalysis.NetAnalyzers.dll" /analyzer:C:\Users\emili\.nuget\packages\microsoft.codeanalysis.analyzers\3.3.3\analyzers\dotnet\cs\Microsoft.CodeAnalysis.Analyzers.dll /analyzer:C:\Users\emili\.nuget\packages\microsoft.codeanalysis.analyzers\3.3.3\analyzers\dotnet\cs\Microsoft.CodeAnalysis.CSharp.Analyzers.dll /analyzer:C:\Users\emili\.nuget\packages\microsoft.entityframeworkcore.analyzers\8.0.1\analyzers\dotnet\cs\Microsoft.EntityFrameworkCore.Analyzers.dll /analyzer:"C:\Program Files\dotnet\packs\Microsoft.NETCore.App.Ref\8.0.1\analyzers/dotnet/cs/Microsoft.Interop.ComInterfaceGenerator.dll" /analyzer:"C:\Program Files\dotnet\packs\Microsoft.NETCore.App.Ref\8.0.1\analyzers/dotnet/cs/Microsoft.Interop.JavaScript.JSImportGenerator.dll" /analyzer:"C:\Program Files\dotnet\packs\Microsoft.NETCore.App.Ref\8.0.1\analyzers/dotnet/cs/Microsoft.Interop.LibraryImportGenerator.dll" /analyzer:"C:\Program Files\dotnet\packs\Microsoft.NETCore.App.Ref\8.0.1\analyzers/dotnet/cs/Microsoft.Interop.SourceGeneration.dll" /analyzer:"C:\Program Files\dotnet\packs\Microsoft.NETCore.App.Ref\8.0.1\analyzers/dotnet/cs/System.Text.Json.SourceGeneration.dll" /analyzer:"C:\Program Files\dotnet\packs\Microsoft.NETCore.App.Ref\8.0.1\analyzers/dotnet/cs/System.Text.RegularExpressions.Generator.dll" /analyzer:"C:\Program Files\dotnet\packs\Microsoft.AspNetCore.App.Ref\8.0.1\analyzers/dotnet/cs/Microsoft.AspNetCore.App.Analyzers.dll" /analyzer:"C:\Program Files\dotnet\packs\Microsoft.AspNetCore.App.Ref\8.0.1\analyzers/dotnet/cs/Microsoft.AspNetCore.App.CodeFixes.dll" /analyzer:"C:\Program Files\dotnet\packs\Microsoft.AspNetCore.App.Ref\8.0.1\analyzers/dotnet/cs/Microsoft.AspNetCore.Components.Analyzers.dll" /analyzer:"C:\Program Files\dotnet\packs\Microsoft.AspNetCore.App.Ref\8.0.1\analyzers/dotnet/roslyn4.4/cs/Microsoft.Extensions.Logging.Generators.dll" /analyzer:"C:\Program Files\dotnet\packs\Microsoft.AspNetCore.App.Ref\8.0.1\analyzers/dotnet/roslyn4.4/cs/Microsoft.Extensions.Options.SourceGeneration.dll" /analyzer:"C:\Program Files\dotnet\sdk\8.0.101\Sdks\Microsoft.NET.Sdk.Razor\targets\..\source-generators\Microsoft.AspNetCore.Mvc.Razor.Extensions.dll" /analyzer:"C:\Program Files\dotnet\sdk\8.0.101\Sdks\Microsoft.NET.Sdk.Razor\targets\..\source-generators\Microsoft.AspNetCore.Razor.Language.dll" /analyzer:"C:\Program Files\dotnet\sdk\8.0.101\Sdks\Microsoft.NET.Sdk.Razor\targets\..\source-generators\Microsoft.AspNetCore.Razor.Utilities.Shared.dll" /analyzer:"C:\Program Files\dotnet\sdk\8.0.101\Sdks\Microsoft.NET.Sdk.Razor\targets\..\source-generators\Microsoft.CodeAnalysis.ExternalAccess.RazorCompiler.dll" /analyzer:"C:\Program Files\dotnet\sdk\8.0.101\Sdks\Microsoft.NET.Sdk.Razor\targets\..\source-generators\Microsoft.CodeAnalysis.Razor.dll" /analyzer:"C:\Program Files\dotnet\sdk\8.0.101\Sdks\Microsoft.NET.Sdk.Razor\targets\..\source-generators\Microsoft.Extensions.ObjectPool.dll" /analyzer:"C:\Program Files\dotnet\sdk\8.0.101\Sdks\Microsoft.NET.Sdk.Razor\targets\..\source-generators\Microsoft.NET.Sdk.Razor.SourceGenerators.dll" /analyzer:"C:\Program Files\dotnet\sdk\8.0.101\Sdks\Microsoft.NET.Sdk.Razor\targets\..\source-generators\System.Collections.Immutable.dll" Controllers\AuthController.cs Controllers\CalendarController.cs Controllers\EquipmentController.cs Controllers\PaymentsController.cs Controllers\PhotographersController.cs Controllers\SessionsController.cs Program.cs obj\Debug\net8.0\PhotoStudioManager.API.GlobalUsings.g.cs "obj\Debug\net8.0\.NETCoreApp,Version=v8.0.AssemblyAttributes.cs" obj\Debug\net8.0\PhotoStudioManager.API.AssemblyInfo.cs obj\Debug\net8.0\PhotoStudioManager.API.MvcApplicationPartsAssemblyInfo.cs /warnaserror+:NU1605,SYSLIB0011
         Kompilator Microsoft (R) Visual C# w wersji 4.8.0-7.23572.1 (7b75981c)
         Copyright (C) Microsoft Corporation. Wszelkie prawa zastrze┼╝one.
   1:7>C:\Users\emili\CascadeProjects\PhotoStudioManager\PhotoStudioManager.API\Controllers\AuthController.cs(2,26): error CS0234: Typ lub przestrze┼ä nazw ÔÇ×ApplicationÔÇŁ nie wyst─Öpuje w przestrzeni nazw ÔÇ×PhotoStudioManagerÔÇŁ (czy nie brakuje odwo┼éania do zestawu?) [C:\Users\emili\CascadeProjects\PhotoStudioManager\PhotoStudioManager.API\PhotoStudioManager.API.csproj]
   1:7>C:\Users\emili\CascadeProjects\PhotoStudioManager\PhotoStudioManager.API\Controllers\AuthController.cs(3,26): error CS0234: Typ lub przestrze┼ä nazw ÔÇ×ApplicationÔÇŁ nie wyst─Öpuje w przestrzeni nazw ÔÇ×PhotoStudioManagerÔÇŁ (czy nie brakuje odwo┼éania do zestawu?) [C:\Users\emili\CascadeProjects\PhotoStudioManager\PhotoStudioManager.API\PhotoStudioManager.API.csproj]
   1:7>C:\Users\emili\CascadeProjects\PhotoStudioManager\PhotoStudioManager.API\Controllers\AuthController.cs(19,60): error CS0246: Nie mo┼╝na znale┼║─ç nazwy typu lub przestrzeni nazw ÔÇ×LoginDtoÔÇŁ (brak dyrektywy using lub odwo┼éania do zestawu?) [C:\Users\emili\CascadeProjects\PhotoStudioManager\PhotoStudioManager.API\PhotoStudioManager.API.csproj]
   1:7>C:\Users\emili\CascadeProjects\PhotoStudioManager\PhotoStudioManager.API\Controllers\AuthController.cs(19,36): error CS0246: Nie mo┼╝na znale┼║─ç nazwy typu lub przestrzeni nazw ÔÇ×AuthResponseDtoÔÇŁ (brak dyrektywy using lub odwo┼éania do zestawu?) [C:\Users\emili\CascadeProjects\PhotoStudioManager\PhotoStudioManager.API\PhotoStudioManager.API.csproj]
   1:7>C:\Users\emili\CascadeProjects\PhotoStudioManager\PhotoStudioManager.API\Controllers\PaymentsController.cs(16,22): error CS0246: Nie mo┼╝na znale┼║─ç nazwy typu lub przestrzeni nazw ÔÇ×IEmailServiceÔÇŁ (brak dyrektywy using lub odwo┼éania do zestawu?) [C:\Users\emili\CascadeProjects\PhotoStudioManager\PhotoStudioManager.API\PhotoStudioManager.API.csproj]
   1:7>C:\Users\emili\CascadeProjects\PhotoStudioManager\PhotoStudioManager.API\Controllers\PaymentsController.cs(18,61): error CS0246: Nie mo┼╝na znale┼║─ç nazwy typu lub przestrzeni nazw ÔÇ×IEmailServiceÔÇŁ (brak dyrektywy using lub odwo┼éania do zestawu?) [C:\Users\emili\CascadeProjects\PhotoStudioManager\PhotoStudioManager.API\PhotoStudioManager.API.csproj]
   1:7>C:\Users\emili\CascadeProjects\PhotoStudioManager\PhotoStudioManager.API\Controllers\AuthController.cs(33,63): error CS0246: Nie mo┼╝na znale┼║─ç nazwy typu lub przestrzeni nazw ÔÇ×RegisterDtoÔÇŁ (brak dyrektywy using lub odwo┼éania do zestawu?) [C:\Users\emili\CascadeProjects\PhotoStudioManager\PhotoStudioManager.API\PhotoStudioManager.API.csproj]
   1:7>C:\Users\emili\CascadeProjects\PhotoStudioManager\PhotoStudioManager.API\Controllers\AuthController.cs(33,36): error CS0246: Nie mo┼╝na znale┼║─ç nazwy typu lub przestrzeni nazw ÔÇ×AuthResponseDtoÔÇŁ (brak dyrektywy using lub odwo┼éania do zestawu?) [C:\Users\emili\CascadeProjects\PhotoStudioManager\PhotoStudioManager.API\PhotoStudioManager.API.csproj]
   1:7>C:\Users\emili\CascadeProjects\PhotoStudioManager\PhotoStudioManager.API\Controllers\AuthController.cs(11,22): error CS0246: Nie mo┼╝na znale┼║─ç nazwy typu lub przestrzeni nazw ÔÇ×IAuthServiceÔÇŁ (brak dyrektywy using lub odwo┼éania do zestawu?) [C:\Users\emili\CascadeProjects\PhotoStudioManager\PhotoStudioManager.API\PhotoStudioManager.API.csproj]
   1:7>C:\Users\emili\CascadeProjects\PhotoStudioManager\PhotoStudioManager.API\Controllers\AuthController.cs(13,27): error CS0246: Nie mo┼╝na znale┼║─ç nazwy typu lub przestrzeni nazw ÔÇ×IAuthServiceÔÇŁ (brak dyrektywy using lub odwo┼éania do zestawu?) [C:\Users\emili\CascadeProjects\PhotoStudioManager\PhotoStudioManager.API\PhotoStudioManager.API.csproj]
         CompilerServer: server - server processed compilation - c8d7e782-b6b4-467c-9fc6-1ca63496bd8e
       Wykonywanie zadania ÔÇ×CscÔÇŁ zako┼äczone ÔÇö NIEPOWODZENIE.
   1:7>Wykonano kompilowanie elementu docelowego ÔÇ×CoreCompileÔÇŁ w projekcie ÔÇ×PhotoStudioManager.API.csprojÔÇŁ ÔÇö NIEPOWODZENIE.
   1:7>Element docelowy ÔÇ×_CheckForCompileOutputsÔÇŁ w pliku ÔÇ×C:\Program Files\dotnet\sdk\8.0.101\Microsoft.Common.CurrentVersion.targetsÔÇŁ z projektu ÔÇ×C:\Users\emili\CascadeProjects\PhotoStudioManager\PhotoStudioManager.API\PhotoStudioManager.API.csprojÔÇŁ (zale┼╝y od niego element docelowy ÔÇ×_CleanGetCurrentAndPriorFileWritesÔÇŁ):
   1:7>Wykonano kompilowanie elementu docelowego ÔÇ×_CheckForCompileOutputsÔÇŁ w projekcie ÔÇ×PhotoStudioManager.API.csprojÔÇŁ.
       Pomini─Öto element docelowy ÔÇ×_SGenCheckForOutputsÔÇŁ z powodu fa┼észywego warunku; ('$(_SGenGenerateSerializationAssembliesConfig)' == 'On' or ('@(WebReferenceUrl)'!='' and '$(_SGenGenerateSerializationAssembliesConfig)' == 'Auto')) oszacowano jako ('Off' == 'On' or (''!='' and 'Off' == 'Auto')).
   1:7>Element docelowy ÔÇ×_CleanGetCurrentAndPriorFileWritesÔÇŁ w pliku ÔÇ×C:\Program Files\dotnet\sdk\8.0.101\Microsoft.Common.CurrentVersion.targetsÔÇŁ z projektu ÔÇ×C:\Users\emili\CascadeProjects\PhotoStudioManager\PhotoStudioManager.API\PhotoStudioManager.API.csprojÔÇŁ (zale┼╝y od niego element docelowy ÔÇ×_CleanRecordFileWritesÔÇŁ):
       Zadanie ÔÇ×ReadLinesFromFileÔÇŁ
       Wykonywanie zadania ÔÇ×ReadLinesFromFileÔÇŁ zako┼äczone.
       Zadanie ÔÇ×ConvertToAbsolutePathÔÇŁ
       Wykonywanie zadania ÔÇ×ConvertToAbsolutePathÔÇŁ zako┼äczone.
       Zadanie ÔÇ×FindUnderPathÔÇŁ
         ┼Ücie┼╝ka por├│wnania: ÔÇ×C:\Users\emili\CascadeProjects\PhotoStudioManager\PhotoStudioManager.APIÔÇŁ.
       Wykonywanie zadania ÔÇ×FindUnderPathÔÇŁ zako┼äczone.
       Zadanie ÔÇ×FindUnderPathÔÇŁ
         ┼Ücie┼╝ka por├│wnania: ÔÇ×bin\Debug\net8.0\ÔÇŁ.
       Wykonywanie zadania ÔÇ×FindUnderPathÔÇŁ zako┼äczone.
       Zadanie ÔÇ×FindUnderPathÔÇŁ
         ┼Ücie┼╝ka por├│wnania: ÔÇ×obj\Debug\net8.0\ÔÇŁ.
       Wykonywanie zadania ÔÇ×FindUnderPathÔÇŁ zako┼äczone.
       Zadanie ÔÇ×RemoveDuplicatesÔÇŁ
       Wykonywanie zadania ÔÇ×RemoveDuplicatesÔÇŁ zako┼äczone.
   1:7>Wykonano kompilowanie elementu docelowego ÔÇ×_CleanGetCurrentAndPriorFileWritesÔÇŁ w projekcie ÔÇ×PhotoStudioManager.API.csprojÔÇŁ.
   1:7>Element docelowy ÔÇ×_CleanRecordFileWritesÔÇŁ w pliku ÔÇ×C:\Program Files\dotnet\sdk\8.0.101\Microsoft.Common.CurrentVersion.targetsÔÇŁ z projektu ÔÇ×C:\Users\emili\CascadeProjects\PhotoStudioManager\PhotoStudioManager.API\PhotoStudioManager.API.csprojÔÇŁ (zale┼╝y od niego element docelowy ÔÇ×CoreBuildÔÇŁ):
       Zadanie ÔÇ×RemoveDuplicatesÔÇŁ
       Wykonywanie zadania ÔÇ×RemoveDuplicatesÔÇŁ zako┼äczone.
       Zadanie ÔÇ×MakeDirÔÇŁ
       Wykonywanie zadania ÔÇ×MakeDirÔÇŁ zako┼äczone.
       Zadanie ÔÇ×WriteLinesToFileÔÇŁ
         Pomijanie zapisu w pliku ÔÇ×obj\Debug\net8.0\PhotoStudioManager.API.csproj.FileListAbsolute.txtÔÇŁ, poniewa┼╝ jego zawarto┼Ť─ç nie uleg┼éaby zmianie.
       Wykonywanie zadania ÔÇ×WriteLinesToFileÔÇŁ zako┼äczone.
   1:7>Wykonano kompilowanie elementu docelowego ÔÇ×_CleanRecordFileWritesÔÇŁ w projekcie ÔÇ×PhotoStudioManager.API.csprojÔÇŁ.
   1:7>Kompilowanie projektu ÔÇ×C:\Users\emili\CascadeProjects\PhotoStudioManager\PhotoStudioManager.API\PhotoStudioManager.API.csprojÔÇŁ wykonane (domy┼Ťlne elementy docelowe) ÔÇö NIEPOWODZENIE.

Kompilacja NIE POWIOD┼üA SI─ś.

       ÔÇ×C:\Users\emili\CascadeProjects\PhotoStudioManager\PhotoStudioManager.API\PhotoStudioManager.API.csprojÔÇŁ (domy┼Ťlny element docelowy) (1:7)->
       (element docelowy CoreCompile) -> 
         C:\Users\emili\CascadeProjects\PhotoStudioManager\PhotoStudioManager.API\Controllers\AuthController.cs(2,26): error CS0234: Typ lub przestrze┼ä nazw ÔÇ×ApplicationÔÇŁ nie wyst─Öpuje w przestrzeni nazw ÔÇ×PhotoStudioManagerÔÇŁ (czy nie brakuje odwo┼éania do zestawu?) [C:\Users\emili\CascadeProjects\PhotoStudioManager\PhotoStudioManager.API\PhotoStudioManager.API.csproj]
         C:\Users\emili\CascadeProjects\PhotoStudioManager\PhotoStudioManager.API\Controllers\AuthController.cs(3,26): error CS0234: Typ lub przestrze┼ä nazw ÔÇ×ApplicationÔÇŁ nie wyst─Öpuje w przestrzeni nazw ÔÇ×PhotoStudioManagerÔÇŁ (czy nie brakuje odwo┼éania do zestawu?) [C:\Users\emili\CascadeProjects\PhotoStudioManager\PhotoStudioManager.API\PhotoStudioManager.API.csproj]
         C:\Users\emili\CascadeProjects\PhotoStudioManager\PhotoStudioManager.API\Controllers\AuthController.cs(19,60): error CS0246: Nie mo┼╝na znale┼║─ç nazwy typu lub przestrzeni nazw ÔÇ×LoginDtoÔÇŁ (brak dyrektywy using lub odwo┼éania do zestawu?) [C:\Users\emili\CascadeProjects\PhotoStudioManager\PhotoStudioManager.API\PhotoStudioManager.API.csproj]
         C:\Users\emili\CascadeProjects\PhotoStudioManager\PhotoStudioManager.API\Controllers\AuthController.cs(19,36): error CS0246: Nie mo┼╝na znale┼║─ç nazwy typu lub przestrzeni nazw ÔÇ×AuthResponseDtoÔÇŁ (brak dyrektywy using lub odwo┼éania do zestawu?) [C:\Users\emili\CascadeProjects\PhotoStudioManager\PhotoStudioManager.API\PhotoStudioManager.API.csproj]
         C:\Users\emili\CascadeProjects\PhotoStudioManager\PhotoStudioManager.API\Controllers\PaymentsController.cs(16,22): error CS0246: Nie mo┼╝na znale┼║─ç nazwy typu lub przestrzeni nazw ÔÇ×IEmailServiceÔÇŁ (brak dyrektywy using lub odwo┼éania do zestawu?) [C:\Users\emili\CascadeProjects\PhotoStudioManager\PhotoStudioManager.API\PhotoStudioManager.API.csproj]
         C:\Users\emili\CascadeProjects\PhotoStudioManager\PhotoStudioManager.API\Controllers\PaymentsController.cs(18,61): error CS0246: Nie mo┼╝na znale┼║─ç nazwy typu lub przestrzeni nazw ÔÇ×IEmailServiceÔÇŁ (brak dyrektywy using lub odwo┼éania do zestawu?) [C:\Users\emili\CascadeProjects\PhotoStudioManager\PhotoStudioManager.API\PhotoStudioManager.API.csproj]
         C:\Users\emili\CascadeProjects\PhotoStudioManager\PhotoStudioManager.API\Controllers\AuthController.cs(33,63): error CS0246: Nie mo┼╝na znale┼║─ç nazwy typu lub przestrzeni nazw ÔÇ×RegisterDtoÔÇŁ (brak dyrektywy using lub odwo┼éania do zestawu?) [C:\Users\emili\CascadeProjects\PhotoStudioManager\PhotoStudioManager.API\PhotoStudioManager.API.csproj]
         C:\Users\emili\CascadeProjects\PhotoStudioManager\PhotoStudioManager.API\Controllers\AuthController.cs(33,36): error CS0246: Nie mo┼╝na znale┼║─ç nazwy typu lub przestrzeni nazw ÔÇ×AuthResponseDtoÔÇŁ (brak dyrektywy using lub odwo┼éania do zestawu?) [C:\Users\emili\CascadeProjects\PhotoStudioManager\PhotoStudioManager.API\PhotoStudioManager.API.csproj]
         C:\Users\emili\CascadeProjects\PhotoStudioManager\PhotoStudioManager.API\Controllers\AuthController.cs(11,22): error CS0246: Nie mo┼╝na znale┼║─ç nazwy typu lub przestrzeni nazw ÔÇ×IAuthServiceÔÇŁ (brak dyrektywy using lub odwo┼éania do zestawu?) [C:\Users\emili\CascadeProjects\PhotoStudioManager\PhotoStudioManager.API\PhotoStudioManager.API.csproj]
         C:\Users\emili\CascadeProjects\PhotoStudioManager\PhotoStudioManager.API\Controllers\AuthController.cs(13,27): error CS0246: Nie mo┼╝na znale┼║─ç nazwy typu lub przestrzeni nazw ÔÇ×IAuthServiceÔÇŁ (brak dyrektywy using lub odwo┼éania do zestawu?) [C:\Users\emili\CascadeProjects\PhotoStudioManager\PhotoStudioManager.API\PhotoStudioManager.API.csproj]

    Ostrze┼╝enia: 0
    Liczba b┼é─Öd├│w: 10

Czas, kt├│ry up┼éyn─ů┼é: 00:00:03.39
